#  E (eV)   dos(E)     Int dos(E) EFermi =   -4.219 eV
 -14.219  0.4719E+00  0.9438E-02
 -14.199  0.4548E+00  0.1853E-01
 -14.179  0.4313E+00  0.2716E-01
 -14.159  0.4036E+00  0.3523E-01
 -14.139  0.3744E+00  0.4272E-01
 -14.119  0.3455E+00  0.4963E-01
 -14.099  0.3187E+00  0.5600E-01
 -14.079  0.2951E+00  0.6190E-01
 -14.059  0.2754E+00  0.6741E-01
 -14.039  0.2606E+00  0.7262E-01
 -14.019  0.2512E+00  0.7765E-01
 -13.999  0.2480E+00  0.8261E-01
 -13.979  0.2518E+00  0.8764E-01
 -13.959  0.2629E+00  0.9290E-01
 -13.939  0.2812E+00  0.9852E-01
 -13.919  0.3060E+00  0.1046E+00
 -13.899  0.3359E+00  0.1114E+00
 -13.879  0.3685E+00  0.1187E+00
 -13.859  0.4014E+00  0.1268E+00
 -13.839  0.4320E+00  0.1354E+00
 -13.819  0.4576E+00  0.1446E+00
 -13.799  0.4765E+00  0.1541E+00
 -13.779  0.4871E+00  0.1638E+00
 -13.759  0.4889E+00  0.1736E+00
 -13.739  0.4821E+00  0.1832E+00
 -13.719  0.4674E+00  0.1926E+00
 -13.699  0.4461E+00  0.2015E+00
 -13.679  0.4201E+00  0.2099E+00
 -13.659  0.3919E+00  0.2178E+00
 -13.639  0.3641E+00  0.2250E+00
 -13.619  0.3396E+00  0.2318E+00
 -13.599  0.3212E+00  0.2382E+00
 -13.579  0.3111E+00  0.2445E+00
 -13.559  0.3108E+00  0.2507E+00
 -13.539  0.3203E+00  0.2571E+00
 -13.519  0.3383E+00  0.2639E+00
 -13.499  0.3620E+00  0.2711E+00
 -13.479  0.3875E+00  0.2788E+00
 -13.459  0.4105E+00  0.2871E+00
 -13.439  0.4269E+00  0.2956E+00
 -13.419  0.4338E+00  0.3043E+00
 -13.399  0.4297E+00  0.3129E+00
 -13.379  0.4150E+00  0.3212E+00
 -13.359  0.3921E+00  0.3290E+00
 -13.339  0.3646E+00  0.3363E+00
 -13.319  0.3366E+00  0.3430E+00
 -13.299  0.3124E+00  0.3493E+00
 -13.279  0.2954E+00  0.3552E+00
 -13.259  0.2876E+00  0.3609E+00
 -13.239  0.2898E+00  0.3667E+00
 -13.219  0.3013E+00  0.3728E+00
 -13.199  0.3206E+00  0.3792E+00
 -13.179  0.3456E+00  0.3861E+00
 -13.159  0.3743E+00  0.3936E+00
 -13.139  0.4047E+00  0.4017E+00
 -13.119  0.4352E+00  0.4104E+00
 -13.099  0.4642E+00  0.4197E+00
 -13.079  0.4902E+00  0.4295E+00
 -13.059  0.5115E+00  0.4397E+00
 -13.039  0.5263E+00  0.4502E+00
 -13.019  0.5327E+00  0.4609E+00
 -12.999  0.5294E+00  0.4715E+00
 -12.979  0.5160E+00  0.4818E+00
 -12.959  0.4933E+00  0.4916E+00
 -12.939  0.4630E+00  0.5009E+00
 -12.919  0.4281E+00  0.5095E+00
 -12.899  0.3920E+00  0.5173E+00
 -12.879  0.3579E+00  0.5245E+00
 -12.859  0.3284E+00  0.5310E+00
 -12.839  0.3052E+00  0.5371E+00
 -12.819  0.2891E+00  0.5429E+00
 -12.799  0.2801E+00  0.5485E+00
 -12.779  0.2777E+00  0.5541E+00
 -12.759  0.2816E+00  0.5597E+00
 -12.739  0.2916E+00  0.5655E+00
 -12.719  0.3075E+00  0.5717E+00
 -12.699  0.3295E+00  0.5783E+00
 -12.679  0.3570E+00  0.5854E+00
 -12.659  0.3895E+00  0.5932E+00
 -12.639  0.4251E+00  0.6017E+00
 -12.619  0.4614E+00  0.6109E+00
 -12.599  0.4954E+00  0.6208E+00
 -12.579  0.5237E+00  0.6313E+00
 -12.559  0.5432E+00  0.6422E+00
 -12.539  0.5516E+00  0.6532E+00
 -12.519  0.5481E+00  0.6642E+00
 -12.499  0.5328E+00  0.6748E+00
 -12.479  0.5076E+00  0.6850E+00
 -12.459  0.4754E+00  0.6945E+00
 -12.439  0.4397E+00  0.7033E+00
 -12.419  0.4041E+00  0.7114E+00
 -12.399  0.3721E+00  0.7188E+00
 -12.379  0.3467E+00  0.7257E+00
 -12.359  0.3299E+00  0.7323E+00
 -12.339  0.3232E+00  0.7388E+00
 -12.319  0.3270E+00  0.7453E+00
 -12.299  0.3411E+00  0.7522E+00
 -12.279  0.3641E+00  0.7595E+00
 -12.259  0.3940E+00  0.7673E+00
 -12.239  0.4278E+00  0.7759E+00
 -12.219  0.4617E+00  0.7851E+00
 -12.199  0.4919E+00  0.7950E+00
 -12.179  0.5146E+00  0.8053E+00
 -12.159  0.5270E+00  0.8158E+00
 -12.139  0.5279E+00  0.8264E+00
 -12.119  0.5177E+00  0.8367E+00
 -12.099  0.4987E+00  0.8467E+00
 -12.079  0.4749E+00  0.8562E+00
 -12.059  0.4509E+00  0.8652E+00
 -12.039  0.4314E+00  0.8738E+00
 -12.019  0.4203E+00  0.8822E+00
 -11.999  0.4203E+00  0.8906E+00
 -11.979  0.4320E+00  0.8993E+00
 -11.959  0.4544E+00  0.9084E+00
 -11.939  0.4851E+00  0.9181E+00
 -11.919  0.5210E+00  0.9285E+00
 -11.899  0.5589E+00  0.9397E+00
 -11.879  0.5961E+00  0.9516E+00
 -11.859  0.6309E+00  0.9642E+00
 -11.839  0.6623E+00  0.9774E+00
 -11.819  0.6901E+00  0.9913E+00
 -11.799  0.7145E+00  0.1006E+01
 -11.779  0.7355E+00  0.1020E+01
 -11.759  0.7527E+00  0.1035E+01
 -11.739  0.7651E+00  0.1051E+01
 -11.719  0.7719E+00  0.1066E+01
 -11.699  0.7722E+00  0.1081E+01
 -11.679  0.7660E+00  0.1097E+01
 -11.659  0.7544E+00  0.1112E+01
 -11.639  0.7393E+00  0.1127E+01
 -11.619  0.7235E+00  0.1141E+01
 -11.599  0.7099E+00  0.1155E+01
 -11.579  0.7010E+00  0.1169E+01
 -11.559  0.6983E+00  0.1183E+01
 -11.539  0.7020E+00  0.1197E+01
 -11.519  0.7111E+00  0.1212E+01
 -11.499  0.7237E+00  0.1226E+01
 -11.479  0.7378E+00  0.1241E+01
 -11.459  0.7517E+00  0.1256E+01
 -11.439  0.7643E+00  0.1271E+01
 -11.419  0.7757E+00  0.1287E+01
 -11.399  0.7868E+00  0.1302E+01
 -11.379  0.7985E+00  0.1318E+01
 -11.359  0.8116E+00  0.1335E+01
 -11.339  0.8262E+00  0.1351E+01
 -11.319  0.8412E+00  0.1368E+01
 -11.299  0.8545E+00  0.1385E+01
 -11.279  0.8635E+00  0.1402E+01
 -11.259  0.8660E+00  0.1420E+01
 -11.239  0.8605E+00  0.1437E+01
 -11.219  0.8470E+00  0.1454E+01
 -11.199  0.8272E+00  0.1470E+01
 -11.179  0.8040E+00  0.1486E+01
 -11.159  0.7814E+00  0.1502E+01
 -11.139  0.7633E+00  0.1517E+01
 -11.119  0.7530E+00  0.1532E+01
 -11.099  0.7525E+00  0.1547E+01
 -11.079  0.7625E+00  0.1563E+01
 -11.059  0.7823E+00  0.1578E+01
 -11.039  0.8099E+00  0.1595E+01
 -11.019  0.8426E+00  0.1611E+01
 -10.999  0.8772E+00  0.1629E+01
 -10.979  0.9108E+00  0.1647E+01
 -10.959  0.9409E+00  0.1666E+01
 -10.939  0.9659E+00  0.1685E+01
 -10.919  0.9855E+00  0.1705E+01
 -10.899  0.1000E+01  0.1725E+01
 -10.879  0.1011E+01  0.1745E+01
 -10.859  0.1021E+01  0.1766E+01
 -10.839  0.1030E+01  0.1786E+01
 -10.819  0.1042E+01  0.1807E+01
 -10.799  0.1055E+01  0.1828E+01
 -10.779  0.1069E+01  0.1850E+01
 -10.759  0.1084E+01  0.1871E+01
 -10.739  0.1098E+01  0.1893E+01
 -10.719  0.1109E+01  0.1915E+01
 -10.699  0.1115E+01  0.1938E+01
 -10.679  0.1116E+01  0.1960E+01
 -10.659  0.1110E+01  0.1982E+01
 -10.639  0.1097E+01  0.2004E+01
 -10.619  0.1077E+01  0.2026E+01
 -10.599  0.1051E+01  0.2047E+01
 -10.579  0.1022E+01  0.2067E+01
 -10.559  0.9913E+00  0.2087E+01
 -10.539  0.9627E+00  0.2106E+01
 -10.519  0.9390E+00  0.2125E+01
 -10.499  0.9225E+00  0.2143E+01
 -10.479  0.9137E+00  0.2162E+01
 -10.459  0.9121E+00  0.2180E+01
 -10.439  0.9155E+00  0.2198E+01
 -10.419  0.9207E+00  0.2217E+01
 -10.399  0.9245E+00  0.2235E+01
 -10.379  0.9241E+00  0.2254E+01
 -10.359  0.9177E+00  0.2272E+01
 -10.339  0.9047E+00  0.2290E+01
 -10.319  0.8859E+00  0.2308E+01
 -10.299  0.8627E+00  0.2325E+01
 -10.279  0.8375E+00  0.2342E+01
 -10.259  0.8126E+00  0.2358E+01
 -10.239  0.7902E+00  0.2374E+01
 -10.219  0.7721E+00  0.2389E+01
 -10.199  0.7598E+00  0.2404E+01
 -10.179  0.7538E+00  0.2420E+01
 -10.159  0.7545E+00  0.2435E+01
 -10.139  0.7613E+00  0.2450E+01
 -10.119  0.7733E+00  0.2465E+01
 -10.099  0.7891E+00  0.2481E+01
 -10.079  0.8064E+00  0.2497E+01
 -10.059  0.8227E+00  0.2514E+01
 -10.039  0.8349E+00  0.2530E+01
 -10.019  0.8402E+00  0.2547E+01
  -9.999  0.8361E+00  0.2564E+01
  -9.979  0.8215E+00  0.2580E+01
  -9.959  0.7964E+00  0.2596E+01
  -9.939  0.7626E+00  0.2612E+01
  -9.919  0.7236E+00  0.2626E+01
  -9.899  0.6833E+00  0.2640E+01
  -9.879  0.6461E+00  0.2653E+01
  -9.859  0.6158E+00  0.2665E+01
  -9.839  0.5951E+00  0.2677E+01
  -9.819  0.5853E+00  0.2689E+01
  -9.799  0.5865E+00  0.2700E+01
  -9.779  0.5974E+00  0.2712E+01
  -9.759  0.6163E+00  0.2725E+01
  -9.739  0.6409E+00  0.2737E+01
  -9.719  0.6689E+00  0.2751E+01
  -9.699  0.6978E+00  0.2765E+01
  -9.679  0.7257E+00  0.2779E+01
  -9.659  0.7507E+00  0.2794E+01
  -9.639  0.7714E+00  0.2810E+01
  -9.619  0.7866E+00  0.2825E+01
  -9.599  0.7958E+00  0.2841E+01
  -9.579  0.7986E+00  0.2857E+01
  -9.559  0.7954E+00  0.2873E+01
  -9.539  0.7865E+00  0.2889E+01
  -9.519  0.7724E+00  0.2904E+01
  -9.499  0.7537E+00  0.2919E+01
  -9.479  0.7308E+00  0.2934E+01
  -9.459  0.7041E+00  0.2948E+01
  -9.439  0.6737E+00  0.2962E+01
  -9.419  0.6403E+00  0.2974E+01
  -9.399  0.6046E+00  0.2986E+01
  -9.379  0.5682E+00  0.2998E+01
  -9.359  0.5333E+00  0.3009E+01
  -9.339  0.5026E+00  0.3019E+01
  -9.319  0.4793E+00  0.3028E+01
  -9.299  0.4664E+00  0.3037E+01
  -9.279  0.4662E+00  0.3047E+01
  -9.259  0.4802E+00  0.3056E+01
  -9.239  0.5083E+00  0.3067E+01
  -9.219  0.5488E+00  0.3078E+01
  -9.199  0.5987E+00  0.3090E+01
  -9.179  0.6533E+00  0.3103E+01
  -9.159  0.7076E+00  0.3117E+01
  -9.139  0.7563E+00  0.3132E+01
  -9.119  0.7945E+00  0.3148E+01
  -9.099  0.8186E+00  0.3164E+01
  -9.079  0.8265E+00  0.3181E+01
  -9.059  0.8176E+00  0.3197E+01
  -9.039  0.7933E+00  0.3213E+01
  -9.019  0.7561E+00  0.3228E+01
  -8.999  0.7096E+00  0.3242E+01
  -8.979  0.6582E+00  0.3255E+01
  -8.959  0.6060E+00  0.3267E+01
  -8.939  0.5571E+00  0.3279E+01
  -8.919  0.5150E+00  0.3289E+01
  -8.899  0.4820E+00  0.3299E+01
  -8.879  0.4595E+00  0.3308E+01
  -8.859  0.4479E+00  0.3317E+01
  -8.839  0.4469E+00  0.3326E+01
  -8.819  0.4553E+00  0.3335E+01
  -8.799  0.4720E+00  0.3344E+01
  -8.779  0.4953E+00  0.3354E+01
  -8.759  0.5237E+00  0.3365E+01
  -8.739  0.5556E+00  0.3376E+01
  -8.719  0.5890E+00  0.3387E+01
  -8.699  0.6219E+00  0.3400E+01
  -8.679  0.6521E+00  0.3413E+01
  -8.659  0.6775E+00  0.3426E+01
  -8.639  0.6960E+00  0.3440E+01
  -8.619  0.7060E+00  0.3455E+01
  -8.599  0.7065E+00  0.3469E+01
  -8.579  0.6978E+00  0.3483E+01
  -8.559  0.6808E+00  0.3496E+01
  -8.539  0.6575E+00  0.3509E+01
  -8.519  0.6307E+00  0.3522E+01
  -8.499  0.6033E+00  0.3534E+01
  -8.479  0.5782E+00  0.3546E+01
  -8.459  0.5577E+00  0.3557E+01
  -8.439  0.5431E+00  0.3568E+01
  -8.419  0.5347E+00  0.3578E+01
  -8.399  0.5319E+00  0.3589E+01
  -8.379  0.5330E+00  0.3600E+01
  -8.359  0.5360E+00  0.3610E+01
  -8.339  0.5388E+00  0.3621E+01
  -8.319  0.5394E+00  0.3632E+01
  -8.299  0.5366E+00  0.3643E+01
  -8.279  0.5301E+00  0.3653E+01
  -8.259  0.5206E+00  0.3664E+01
  -8.239  0.5096E+00  0.3674E+01
  -8.219  0.4997E+00  0.3684E+01
  -8.199  0.4936E+00  0.3694E+01
  -8.179  0.4941E+00  0.3704E+01
  -8.159  0.5030E+00  0.3714E+01
  -8.139  0.5214E+00  0.3724E+01
  -8.119  0.5487E+00  0.3735E+01
  -8.099  0.5829E+00  0.3747E+01
  -8.079  0.6205E+00  0.3759E+01
  -8.059  0.6573E+00  0.3772E+01
  -8.039  0.6883E+00  0.3786E+01
  -8.019  0.7090E+00  0.3800E+01
  -7.999  0.7162E+00  0.3815E+01
  -7.979  0.7080E+00  0.3829E+01
  -7.959  0.6850E+00  0.3842E+01
  -7.939  0.6494E+00  0.3855E+01
  -7.919  0.6056E+00  0.3868E+01
  -7.899  0.5584E+00  0.3879E+01
  -7.879  0.5132E+00  0.3889E+01
  -7.859  0.4746E+00  0.3898E+01
  -7.839  0.4457E+00  0.3907E+01
  -7.819  0.4283E+00  0.3916E+01
  -7.799  0.4224E+00  0.3924E+01
  -7.779  0.4268E+00  0.3933E+01
  -7.759  0.4391E+00  0.3942E+01
  -7.739  0.4569E+00  0.3951E+01
  -7.719  0.4774E+00  0.3960E+01
  -7.699  0.4985E+00  0.3970E+01
  -7.679  0.5186E+00  0.3981E+01
  -7.659  0.5370E+00  0.3991E+01
  -7.639  0.5535E+00  0.4003E+01
  -7.619  0.5685E+00  0.4014E+01
  -7.599  0.5827E+00  0.4026E+01
  -7.579  0.5967E+00  0.4037E+01
  -7.559  0.6105E+00  0.4050E+01
  -7.539  0.6239E+00  0.4062E+01
  -7.519  0.6357E+00  0.4075E+01
  -7.499  0.6446E+00  0.4088E+01
  -7.479  0.6490E+00  0.4101E+01
  -7.459  0.6474E+00  0.4114E+01
  -7.439  0.6387E+00  0.4126E+01
  -7.419  0.6226E+00  0.4139E+01
  -7.399  0.5995E+00  0.4151E+01
  -7.379  0.5703E+00  0.4162E+01
  -7.359  0.5369E+00  0.4173E+01
  -7.339  0.5010E+00  0.4183E+01
  -7.319  0.4647E+00  0.4192E+01
  -7.299  0.4297E+00  0.4201E+01
  -7.279  0.3974E+00  0.4209E+01
  -7.259  0.3685E+00  0.4216E+01
  -7.239  0.3435E+00  0.4223E+01
  -7.219  0.3229E+00  0.4230E+01
  -7.199  0.3068E+00  0.4236E+01
  -7.179  0.2955E+00  0.4242E+01
  -7.159  0.2894E+00  0.4247E+01
  -7.139  0.2890E+00  0.4253E+01
  -7.119  0.2950E+00  0.4259E+01
  -7.099  0.3078E+00  0.4265E+01
  -7.079  0.3275E+00  0.4272E+01
  -7.059  0.3536E+00  0.4279E+01
  -7.039  0.3850E+00  0.4287E+01
  -7.019  0.4196E+00  0.4295E+01
  -6.999  0.4547E+00  0.4304E+01
  -6.979  0.4875E+00  0.4314E+01
  -6.959  0.5150E+00  0.4324E+01
  -6.939  0.5350E+00  0.4335E+01
  -6.919  0.5464E+00  0.4346E+01
  -6.899  0.5490E+00  0.4357E+01
  -6.879  0.5440E+00  0.4368E+01
  -6.859  0.5332E+00  0.4378E+01
  -6.839  0.5190E+00  0.4389E+01
  -6.819  0.5034E+00  0.4399E+01
  -6.799  0.4880E+00  0.4409E+01
  -6.779  0.4739E+00  0.4418E+01
  -6.759  0.4613E+00  0.4427E+01
  -6.739  0.4499E+00  0.4436E+01
  -6.719  0.4389E+00  0.4445E+01
  -6.699  0.4279E+00  0.4454E+01
  -6.679  0.4163E+00  0.4462E+01
  -6.659  0.4043E+00  0.4470E+01
  -6.639  0.3927E+00  0.4478E+01
  -6.619  0.3833E+00  0.4485E+01
  -6.599  0.3782E+00  0.4493E+01
  -6.579  0.3802E+00  0.4501E+01
  -6.559  0.3915E+00  0.4508E+01
  -6.539  0.4137E+00  0.4517E+01
  -6.519  0.4469E+00  0.4526E+01
  -6.499  0.4891E+00  0.4535E+01
  -6.479  0.5364E+00  0.4546E+01
  -6.459  0.5829E+00  0.4558E+01
  -6.439  0.6221E+00  0.4570E+01
  -6.419  0.6477E+00  0.4583E+01
  -6.399  0.6547E+00  0.4596E+01
  -6.379  0.6408E+00  0.4609E+01
  -6.359  0.6065E+00  0.4621E+01
  -6.339  0.5549E+00  0.4632E+01
  -6.319  0.4916E+00  0.4642E+01
  -6.299  0.4227E+00  0.4651E+01
  -6.279  0.3547E+00  0.4658E+01
  -6.259  0.2925E+00  0.4664E+01
  -6.239  0.2398E+00  0.4668E+01
  -6.219  0.1984E+00  0.4672E+01
  -6.199  0.1687E+00  0.4676E+01
  -6.179  0.1499E+00  0.4679E+01
  -6.159  0.1407E+00  0.4682E+01
  -6.139  0.1395E+00  0.4684E+01
  -6.119  0.1447E+00  0.4687E+01
  -6.099  0.1549E+00  0.4690E+01
  -6.079  0.1687E+00  0.4694E+01
  -6.059  0.1851E+00  0.4697E+01
  -6.039  0.2035E+00  0.4701E+01
  -6.019  0.2232E+00  0.4706E+01
  -5.999  0.2439E+00  0.4711E+01
  -5.979  0.2649E+00  0.4716E+01
  -5.959  0.2857E+00  0.4722E+01
  -5.939  0.3051E+00  0.4728E+01
  -5.919  0.3219E+00  0.4734E+01
  -5.899  0.3345E+00  0.4741E+01
  -5.879  0.3415E+00  0.4748E+01
  -5.859  0.3415E+00  0.4755E+01
  -5.839  0.3339E+00  0.4761E+01
  -5.819  0.3187E+00  0.4768E+01
  -5.799  0.2968E+00  0.4774E+01
  -5.779  0.2695E+00  0.4779E+01
  -5.759  0.2387E+00  0.4784E+01
  -5.739  0.2067E+00  0.4788E+01
  -5.719  0.1755E+00  0.4792E+01
  -5.699  0.1470E+00  0.4794E+01
  -5.679  0.1228E+00  0.4797E+01
  -5.659  0.1041E+00  0.4799E+01
  -5.639  0.9140E-01  0.4801E+01
  -5.619  0.8492E-01  0.4803E+01
  -5.599  0.8427E-01  0.4804E+01
  -5.579  0.8861E-01  0.4806E+01
  -5.559  0.9671E-01  0.4808E+01
  -5.539  0.1072E+00  0.4810E+01
  -5.519  0.1185E+00  0.4812E+01
  -5.499  0.1297E+00  0.4815E+01
  -5.479  0.1397E+00  0.4818E+01
  -5.459  0.1485E+00  0.4821E+01
  -5.439  0.1560E+00  0.4824E+01
  -5.419  0.1626E+00  0.4827E+01
  -5.399  0.1686E+00  0.4831E+01
  -5.379  0.1741E+00  0.4834E+01
  -5.359  0.1789E+00  0.4838E+01
  -5.339  0.1822E+00  0.4841E+01
  -5.319  0.1833E+00  0.4845E+01
  -5.299  0.1812E+00  0.4849E+01
  -5.279  0.1757E+00  0.4852E+01
  -5.259  0.1666E+00  0.4855E+01
  -5.239  0.1548E+00  0.4858E+01
  -5.219  0.1411E+00  0.4861E+01
  -5.199  0.1270E+00  0.4864E+01
  -5.179  0.1136E+00  0.4866E+01
  -5.159  0.1019E+00  0.4868E+01
  -5.139  0.9212E-01  0.4870E+01
  -5.119  0.8431E-01  0.4872E+01
  -5.099  0.7799E-01  0.4873E+01
  -5.079  0.7252E-01  0.4875E+01
  -5.059  0.6730E-01  0.4876E+01
  -5.039  0.6199E-01  0.4877E+01
  -5.019  0.5658E-01  0.4878E+01
  -4.999  0.5141E-01  0.4879E+01
  -4.979  0.4713E-01  0.4880E+01
  -4.959  0.4452E-01  0.4881E+01
  -4.939  0.4433E-01  0.4882E+01
  -4.919  0.4709E-01  0.4883E+01
  -4.899  0.5298E-01  0.4884E+01
  -4.879  0.6170E-01  0.4885E+01
  -4.859  0.7249E-01  0.4887E+01
  -4.839  0.8415E-01  0.4889E+01
  -4.819  0.9520E-01  0.4890E+01
  -4.799  0.1041E+00  0.4893E+01
  -4.779  0.1096E+00  0.4895E+01
  -4.759  0.1109E+00  0.4897E+01
  -4.739  0.1075E+00  0.4899E+01
  -4.719  0.9989E-01  0.4901E+01
  -4.699  0.8893E-01  0.4903E+01
  -4.679  0.7585E-01  0.4904E+01
  -4.659  0.6196E-01  0.4906E+01
  -4.639  0.4847E-01  0.4907E+01
  -4.619  0.3632E-01  0.4907E+01
  -4.599  0.2608E-01  0.4908E+01
  -4.579  0.1794E-01  0.4908E+01
  -4.559  0.1186E-01  0.4908E+01
  -4.539  0.7577E-02  0.4909E+01
  -4.519  0.4771E-02  0.4909E+01
  -4.499  0.3127E-02  0.4909E+01
  -4.479  0.2393E-02  0.4909E+01
  -4.459  0.2403E-02  0.4909E+01
  -4.439  0.3085E-02  0.4909E+01
  -4.419  0.4436E-02  0.4909E+01
  -4.399  0.6492E-02  0.4909E+01
  -4.379  0.9286E-02  0.4909E+01
  -4.359  0.1280E-01  0.4910E+01
  -4.339  0.1694E-01  0.4910E+01
  -4.319  0.2148E-01  0.4910E+01
  -4.299  0.2609E-01  0.4911E+01
  -4.279  0.3035E-01  0.4911E+01
  -4.259  0.3381E-01  0.4912E+01
  -4.239  0.3607E-01  0.4913E+01
  -4.219  0.3686E-01  0.4914E+01
  -4.199  0.3607E-01  0.4914E+01
  -4.179  0.3381E-01  0.4915E+01
  -4.159  0.3035E-01  0.4916E+01
  -4.139  0.2609E-01  0.4916E+01
  -4.119  0.2148E-01  0.4917E+01
  -4.099  0.1694E-01  0.4917E+01
  -4.079  0.1281E-01  0.4917E+01
  -4.059  0.9306E-02  0.4917E+01
  -4.039  0.6536E-02  0.4917E+01
  -4.019  0.4525E-02  0.4918E+01
  -3.999  0.3257E-02  0.4918E+01
  -3.979  0.2717E-02  0.4918E+01
  -3.959  0.2939E-02  0.4918E+01
  -3.939  0.4032E-02  0.4918E+01
  -3.919  0.6198E-02  0.4918E+01
  -3.899  0.9716E-02  0.4918E+01
  -3.879  0.1491E-01  0.4918E+01
  -3.859  0.2206E-01  0.4919E+01
  -3.839  0.3133E-01  0.4919E+01
  -3.819  0.4264E-01  0.4920E+01
  -3.799  0.5561E-01  0.4921E+01
  -3.779  0.6947E-01  0.4923E+01
  -3.759  0.8313E-01  0.4924E+01
  -3.739  0.9532E-01  0.4926E+01
  -3.719  0.1048E+00  0.4928E+01
  -3.699  0.1104E+00  0.4931E+01
  -3.679  0.1117E+00  0.4933E+01
  -3.659  0.1087E+00  0.4935E+01
  -3.639  0.1021E+00  0.4937E+01
  -3.619  0.9310E-01  0.4939E+01
  -3.599  0.8305E-01  0.4941E+01
  -3.579  0.7346E-01  0.4942E+01
  -3.559  0.6554E-01  0.4943E+01
  -3.539  0.6003E-01  0.4945E+01
  -3.519  0.5717E-01  0.4946E+01
  -3.499  0.5669E-01  0.4947E+01
  -3.479  0.5798E-01  0.4948E+01
  -3.459  0.6029E-01  0.4949E+01
  -3.439  0.6298E-01  0.4951E+01
  -3.419  0.6570E-01  0.4952E+01
  -3.399  0.6849E-01  0.4953E+01
  -3.379  0.7187E-01  0.4955E+01
  -3.359  0.7666E-01  0.4956E+01
  -3.339  0.8383E-01  0.4958E+01
  -3.319  0.9422E-01  0.4960E+01
  -3.299  0.1083E+00  0.4962E+01
  -3.279  0.1259E+00  0.4964E+01
  -3.259  0.1464E+00  0.4967E+01
  -3.239  0.1683E+00  0.4971E+01
  -3.219  0.1900E+00  0.4975E+01
  -3.199  0.2095E+00  0.4979E+01
  -3.179  0.2252E+00  0.4983E+01
  -3.159  0.2356E+00  0.4988E+01
  -3.139  0.2402E+00  0.4993E+01
  -3.119  0.2386E+00  0.4998E+01
  -3.099  0.2316E+00  0.5002E+01
  -3.079  0.2199E+00  0.5007E+01
  -3.059  0.2049E+00  0.5011E+01
  -3.039  0.1880E+00  0.5014E+01
  -3.019  0.1706E+00  0.5018E+01
  -2.999  0.1540E+00  0.5021E+01
  -2.979  0.1394E+00  0.5024E+01
  -2.959  0.1275E+00  0.5026E+01
  -2.939  0.1194E+00  0.5029E+01
  -2.919  0.1159E+00  0.5031E+01
  -2.899  0.1182E+00  0.5033E+01
  -2.879  0.1274E+00  0.5036E+01
  -2.859  0.1450E+00  0.5039E+01
  -2.839  0.1720E+00  0.5042E+01
  -2.819  0.2089E+00  0.5046E+01
  -2.799  0.2554E+00  0.5051E+01
  -2.779  0.3098E+00  0.5058E+01
  -2.759  0.3693E+00  0.5065E+01
  -2.739  0.4299E+00  0.5074E+01
  -2.719  0.4876E+00  0.5083E+01
  -2.699  0.5381E+00  0.5094E+01
  -2.679  0.5785E+00  0.5106E+01
  -2.659  0.6068E+00  0.5118E+01
  -2.639  0.6230E+00  0.5130E+01
  -2.619  0.6281E+00  0.5143E+01
  -2.599  0.6241E+00  0.5155E+01
  -2.579  0.6135E+00  0.5168E+01
  -2.559  0.5985E+00  0.5180E+01
  -2.539  0.5811E+00  0.5191E+01
  -2.519  0.5627E+00  0.5203E+01
  -2.499  0.5441E+00  0.5213E+01
  -2.479  0.5261E+00  0.5224E+01
  -2.459  0.5090E+00  0.5234E+01
  -2.439  0.4931E+00  0.5244E+01
  -2.419  0.4784E+00  0.5254E+01
  -2.399  0.4649E+00  0.5263E+01
  -2.379  0.4523E+00  0.5272E+01
  -2.359  0.4403E+00  0.5281E+01
  -2.339  0.4291E+00  0.5289E+01
  -2.319  0.4190E+00  0.5298E+01
  -2.299  0.4109E+00  0.5306E+01
  -2.279  0.4060E+00  0.5314E+01
  -2.259  0.4054E+00  0.5322E+01
  -2.239  0.4098E+00  0.5330E+01
  -2.219  0.4192E+00  0.5339E+01
  -2.199  0.4325E+00  0.5347E+01
  -2.179  0.4474E+00  0.5356E+01
  -2.159  0.4613E+00  0.5365E+01
  -2.139  0.4714E+00  0.5375E+01
  -2.119  0.4752E+00  0.5384E+01
  -2.099  0.4711E+00  0.5394E+01
  -2.079  0.4590E+00  0.5403E+01
  -2.059  0.4397E+00  0.5412E+01
  -2.039  0.4152E+00  0.5420E+01
  -2.019  0.3880E+00  0.5428E+01
  -1.999  0.3609E+00  0.5435E+01
  -1.979  0.3363E+00  0.5442E+01
  -1.959  0.3159E+00  0.5448E+01
  -1.939  0.3008E+00  0.5454E+01
  -1.919  0.2909E+00  0.5460E+01
  -1.899  0.2856E+00  0.5466E+01
  -1.879  0.2838E+00  0.5471E+01
  -1.859  0.2839E+00  0.5477E+01
  -1.839  0.2845E+00  0.5483E+01
  -1.819  0.2842E+00  0.5488E+01
  -1.799  0.2821E+00  0.5494E+01
  -1.779  0.2776E+00  0.5500E+01
  -1.759  0.2708E+00  0.5505E+01
  -1.739  0.2621E+00  0.5510E+01
  -1.719  0.2525E+00  0.5515E+01
  -1.699  0.2435E+00  0.5520E+01
  -1.679  0.2368E+00  0.5525E+01
  -1.659  0.2342E+00  0.5530E+01
  -1.639  0.2374E+00  0.5534E+01
  -1.619  0.2473E+00  0.5539E+01
  -1.599  0.2643E+00  0.5545E+01
  -1.579  0.2877E+00  0.5550E+01
  -1.559  0.3154E+00  0.5557E+01
  -1.539  0.3446E+00  0.5564E+01
  -1.519  0.3718E+00  0.5571E+01
  -1.499  0.3934E+00  0.5579E+01
  -1.479  0.4065E+00  0.5587E+01
  -1.459  0.4091E+00  0.5595E+01
  -1.439  0.4005E+00  0.5603E+01
  -1.419  0.3814E+00  0.5611E+01
  -1.399  0.3541E+00  0.5618E+01
  -1.379  0.3215E+00  0.5624E+01
  -1.359  0.2872E+00  0.5630E+01
  -1.339  0.2546E+00  0.5635E+01
  -1.319  0.2267E+00  0.5640E+01
  -1.299  0.2054E+00  0.5644E+01
  -1.279  0.1917E+00  0.5648E+01
  -1.259  0.1857E+00  0.5651E+01
  -1.239  0.1867E+00  0.5655E+01
  -1.219  0.1938E+00  0.5659E+01
  -1.199  0.2059E+00  0.5663E+01
  -1.179  0.2217E+00  0.5667E+01
  -1.159  0.2406E+00  0.5672E+01
  -1.139  0.2616E+00  0.5678E+01
  -1.119  0.2841E+00  0.5683E+01
  -1.099  0.3072E+00  0.5689E+01
  -1.079  0.3298E+00  0.5696E+01
  -1.059  0.3511E+00  0.5703E+01
  -1.039  0.3698E+00  0.5710E+01
  -1.019  0.3852E+00  0.5718E+01
  -0.999  0.3969E+00  0.5726E+01
  -0.979  0.4049E+00  0.5734E+01
  -0.959  0.4100E+00  0.5742E+01
  -0.939  0.4136E+00  0.5751E+01
  -0.919  0.4174E+00  0.5759E+01
  -0.899  0.4230E+00  0.5767E+01
  -0.879  0.4322E+00  0.5776E+01
  -0.859  0.4458E+00  0.5785E+01
  -0.839  0.4638E+00  0.5794E+01
  -0.819  0.4851E+00  0.5804E+01
  -0.799  0.5077E+00  0.5814E+01
  -0.779  0.5293E+00  0.5825E+01
  -0.759  0.5471E+00  0.5836E+01
  -0.739  0.5590E+00  0.5847E+01
  -0.719  0.5636E+00  0.5858E+01
  -0.699  0.5602E+00  0.5869E+01
  -0.679  0.5491E+00  0.5880E+01
  -0.659  0.5313E+00  0.5891E+01
  -0.639  0.5082E+00  0.5901E+01
  -0.619  0.4819E+00  0.5911E+01
  -0.599  0.4543E+00  0.5920E+01
  -0.579  0.4280E+00  0.5928E+01
  -0.559  0.4052E+00  0.5936E+01
  -0.539  0.3881E+00  0.5944E+01
  -0.519  0.3788E+00  0.5952E+01
  -0.499  0.3785E+00  0.5959E+01
  -0.479  0.3876E+00  0.5967E+01
  -0.459  0.4056E+00  0.5975E+01
  -0.439  0.4312E+00  0.5984E+01
  -0.419  0.4621E+00  0.5993E+01
  -0.399  0.4962E+00  0.6003E+01
  -0.379  0.5311E+00  0.6014E+01
  -0.359  0.5648E+00  0.6025E+01
  -0.339  0.5959E+00  0.6037E+01
  -0.319  0.6237E+00  0.6049E+01
  -0.299  0.6476E+00  0.6062E+01
  -0.279  0.6678E+00  0.6076E+01
  -0.259  0.6843E+00  0.6089E+01
  -0.239  0.6975E+00  0.6103E+01
  -0.219  0.7075E+00  0.6117E+01
  -0.199  0.7144E+00  0.6132E+01
  -0.179  0.7185E+00  0.6146E+01
  -0.159  0.7199E+00  0.6160E+01
  -0.139  0.7191E+00  0.6175E+01
  -0.119  0.7166E+00  0.6189E+01
  -0.099  0.7130E+00  0.6203E+01
  -0.079  0.7087E+00  0.6218E+01
  -0.059  0.7042E+00  0.6232E+01
  -0.039  0.7001E+00  0.6246E+01
  -0.019  0.6964E+00  0.6260E+01
   0.001  0.6934E+00  0.6273E+01
   0.021  0.6913E+00  0.6287E+01
   0.041  0.6902E+00  0.6301E+01
   0.061  0.6905E+00  0.6315E+01
   0.081  0.6929E+00  0.6329E+01
   0.101  0.6981E+00  0.6343E+01
   0.121  0.7070E+00  0.6357E+01
   0.141  0.7203E+00  0.6371E+01
   0.161  0.7383E+00  0.6386E+01
   0.181  0.7607E+00  0.6401E+01
   0.201  0.7865E+00  0.6417E+01
   0.221  0.8137E+00  0.6433E+01
   0.241  0.8402E+00  0.6450E+01
   0.261  0.8635E+00  0.6467E+01
   0.281  0.8815E+00  0.6485E+01
   0.301  0.8927E+00  0.6503E+01
   0.321  0.8967E+00  0.6521E+01
   0.341  0.8942E+00  0.6539E+01
   0.361  0.8869E+00  0.6556E+01
   0.381  0.8771E+00  0.6574E+01
   0.401  0.8678E+00  0.6591E+01
   0.421  0.8618E+00  0.6609E+01
   0.441  0.8620E+00  0.6626E+01
   0.461  0.8704E+00  0.6643E+01
   0.481  0.8884E+00  0.6661E+01
   0.501  0.9163E+00  0.6679E+01
   0.521  0.9535E+00  0.6698E+01
   0.541  0.9984E+00  0.6718E+01
   0.561  0.1048E+01  0.6739E+01
   0.581  0.1099E+01  0.6761E+01
   0.601  0.1148E+01  0.6784E+01
   0.621  0.1191E+01  0.6808E+01
   0.641  0.1224E+01  0.6833E+01
   0.661  0.1243E+01  0.6857E+01
   0.681  0.1247E+01  0.6882E+01
   0.701  0.1236E+01  0.6907E+01
   0.721  0.1210E+01  0.6931E+01
   0.741  0.1174E+01  0.6955E+01
   0.761  0.1131E+01  0.6977E+01
   0.781  0.1085E+01  0.6999E+01
   0.801  0.1042E+01  0.7020E+01
   0.821  0.1005E+01  0.7040E+01
   0.841  0.9771E+00  0.7060E+01
   0.861  0.9589E+00  0.7079E+01
   0.881  0.9502E+00  0.7098E+01
   0.901  0.9493E+00  0.7117E+01
   0.921  0.9539E+00  0.7136E+01
   0.941  0.9619E+00  0.7155E+01
   0.961  0.9713E+00  0.7174E+01
   0.981  0.9815E+00  0.7194E+01
   1.001  0.9922E+00  0.7214E+01
   1.021  0.1005E+01  0.7234E+01
   1.041  0.1019E+01  0.7254E+01
   1.061  0.1038E+01  0.7275E+01
   1.081  0.1059E+01  0.7296E+01
   1.101  0.1083E+01  0.7318E+01
   1.121  0.1107E+01  0.7340E+01
   1.141  0.1127E+01  0.7363E+01
   1.161  0.1142E+01  0.7386E+01
   1.181  0.1149E+01  0.7408E+01
   1.201  0.1146E+01  0.7431E+01
   1.221  0.1135E+01  0.7454E+01
   1.241  0.1118E+01  0.7476E+01
   1.261  0.1097E+01  0.7498E+01
   1.281  0.1078E+01  0.7520E+01
   1.301  0.1062E+01  0.7541E+01
   1.321  0.1054E+01  0.7562E+01
   1.341  0.1053E+01  0.7583E+01
   1.361  0.1060E+01  0.7605E+01
   1.381  0.1073E+01  0.7626E+01
   1.401  0.1091E+01  0.7648E+01
   1.421  0.1111E+01  0.7670E+01
   1.441  0.1131E+01  0.7693E+01
   1.461  0.1150E+01  0.7716E+01
   1.481  0.1167E+01  0.7739E+01
   1.501  0.1180E+01  0.7763E+01
   1.521  0.1189E+01  0.7786E+01
   1.541  0.1195E+01  0.7810E+01
   1.561  0.1197E+01  0.7834E+01
   1.581  0.1195E+01  0.7858E+01
   1.601  0.1189E+01  0.7882E+01
   1.621  0.1181E+01  0.7906E+01
   1.641  0.1172E+01  0.7929E+01
   1.661  0.1163E+01  0.7952E+01
   1.681  0.1158E+01  0.7975E+01
   1.701  0.1159E+01  0.7999E+01
   1.721  0.1169E+01  0.8022E+01
   1.741  0.1190E+01  0.8046E+01
   1.761  0.1220E+01  0.8070E+01
   1.781  0.1258E+01  0.8095E+01
   1.801  0.1300E+01  0.8121E+01
   1.821  0.1343E+01  0.8148E+01
   1.841  0.1382E+01  0.8176E+01
   1.861  0.1412E+01  0.8204E+01
   1.881  0.1431E+01  0.8233E+01
   1.901  0.1437E+01  0.8261E+01
   1.921  0.1431E+01  0.8290E+01
   1.941  0.1412E+01  0.8318E+01
   1.961  0.1384E+01  0.8346E+01
   1.981  0.1348E+01  0.8373E+01
   2.001  0.1308E+01  0.8399E+01
   2.021  0.1267E+01  0.8424E+01
   2.041  0.1231E+01  0.8449E+01
   2.061  0.1202E+01  0.8473E+01
   2.081  0.1186E+01  0.8497E+01
   2.101  0.1186E+01  0.8520E+01
   2.121  0.1204E+01  0.8545E+01
   2.141  0.1239E+01  0.8569E+01
   2.161  0.1289E+01  0.8595E+01
   2.181  0.1350E+01  0.8622E+01
   2.201  0.1414E+01  0.8650E+01
   2.221  0.1475E+01  0.8680E+01
   2.241  0.1528E+01  0.8710E+01
   2.261  0.1570E+01  0.8742E+01
   2.281  0.1596E+01  0.8774E+01
   2.301  0.1608E+01  0.8806E+01
   2.321  0.1608E+01  0.8838E+01
   2.341  0.1597E+01  0.8870E+01
   2.361  0.1580E+01  0.8902E+01
   2.381  0.1561E+01  0.8933E+01
   2.401  0.1543E+01  0.8964E+01
   2.421  0.1527E+01  0.8994E+01
   2.441  0.1515E+01  0.9025E+01
   2.461  0.1505E+01  0.9055E+01
   2.481  0.1497E+01  0.9085E+01
   2.501  0.1488E+01  0.9114E+01
   2.521  0.1475E+01  0.9144E+01
   2.541  0.1456E+01  0.9173E+01
   2.561  0.1430E+01  0.9202E+01
   2.581  0.1398E+01  0.9230E+01
   2.601  0.1362E+01  0.9257E+01
   2.621  0.1323E+01  0.9283E+01
   2.641  0.1285E+01  0.9309E+01
   2.661  0.1253E+01  0.9334E+01
   2.681  0.1230E+01  0.9359E+01
   2.701  0.1221E+01  0.9383E+01
   2.721  0.1230E+01  0.9408E+01
   2.741  0.1259E+01  0.9433E+01
   2.761  0.1310E+01  0.9459E+01
   2.781  0.1380E+01  0.9487E+01
   2.801  0.1465E+01  0.9516E+01
   2.821  0.1558E+01  0.9547E+01
   2.841  0.1649E+01  0.9580E+01
   2.861  0.1729E+01  0.9615E+01
   2.881  0.1789E+01  0.9650E+01
   2.901  0.1825E+01  0.9687E+01
   2.921  0.1832E+01  0.9724E+01
   2.941  0.1812E+01  0.9760E+01
   2.961  0.1770E+01  0.9795E+01
   2.981  0.1713E+01  0.9829E+01
   3.001  0.1650E+01  0.9862E+01
   3.021  0.1588E+01  0.9894E+01
   3.041  0.1534E+01  0.9925E+01
   3.061  0.1490E+01  0.9955E+01
   3.081  0.1459E+01  0.9984E+01
   3.101  0.1439E+01  0.1001E+02
   3.121  0.1428E+01  0.1004E+02
   3.141  0.1425E+01  0.1007E+02
   3.161  0.1427E+01  0.1010E+02
   3.181  0.1436E+01  0.1013E+02
   3.201  0.1453E+01  0.1016E+02
   3.221  0.1480E+01  0.1019E+02
   3.241  0.1519E+01  0.1022E+02
   3.261  0.1571E+01  0.1025E+02
   3.281  0.1638E+01  0.1028E+02
   3.301  0.1716E+01  0.1031E+02
   3.321  0.1802E+01  0.1035E+02
   3.341  0.1890E+01  0.1039E+02
   3.361  0.1975E+01  0.1043E+02
   3.381  0.2051E+01  0.1047E+02
   3.401  0.2113E+01  0.1051E+02
   3.421  0.2158E+01  0.1055E+02
   3.441  0.2186E+01  0.1060E+02
   3.461  0.2198E+01  0.1064E+02
   3.481  0.2196E+01  0.1069E+02
   3.501  0.2186E+01  0.1073E+02
   3.521  0.2171E+01  0.1077E+02
   3.541  0.2156E+01  0.1082E+02
   3.561  0.2146E+01  0.1086E+02
   3.581  0.2143E+01  0.1090E+02
   3.601  0.2149E+01  0.1094E+02
   3.621  0.2166E+01  0.1099E+02
   3.641  0.2193E+01  0.1103E+02
   3.661  0.2229E+01  0.1108E+02
   3.681  0.2270E+01  0.1112E+02
   3.701  0.2314E+01  0.1117E+02
   3.721  0.2354E+01  0.1122E+02
   3.741  0.2388E+01  0.1126E+02
   3.761  0.2410E+01  0.1131E+02
   3.781  0.2417E+01  0.1136E+02
   3.801  0.2407E+01  0.1141E+02
   3.821  0.2380E+01  0.1146E+02
   3.841  0.2339E+01  0.1150E+02
   3.861  0.2287E+01  0.1155E+02
   3.881  0.2228E+01  0.1159E+02
   3.901  0.2169E+01  0.1164E+02
   3.921  0.2113E+01  0.1168E+02
   3.941  0.2067E+01  0.1172E+02
   3.961  0.2033E+01  0.1176E+02
   3.981  0.2015E+01  0.1180E+02
   4.001  0.2016E+01  0.1184E+02
   4.021  0.2040E+01  0.1188E+02
   4.041  0.2088E+01  0.1192E+02
   4.061  0.2163E+01  0.1197E+02
   4.081  0.2264E+01  0.1201E+02
   4.101  0.2389E+01  0.1206E+02
   4.121  0.2533E+01  0.1211E+02
   4.141  0.2688E+01  0.1216E+02
   4.161  0.2843E+01  0.1222E+02
   4.181  0.2987E+01  0.1228E+02
   4.201  0.3112E+01  0.1234E+02
   4.221  0.3207E+01  0.1241E+02
   4.241  0.3269E+01  0.1247E+02
   4.261  0.3297E+01  0.1254E+02
   4.281  0.3293E+01  0.1260E+02
   4.301  0.3263E+01  0.1267E+02
   4.321  0.3211E+01  0.1273E+02
   4.341  0.3144E+01  0.1280E+02
   4.361  0.3067E+01  0.1286E+02
   4.381  0.2981E+01  0.1292E+02
   4.401  0.2888E+01  0.1298E+02
   4.421  0.2786E+01  0.1303E+02
   4.441  0.2676E+01  0.1308E+02
   4.461  0.2558E+01  0.1314E+02
   4.481  0.2433E+01  0.1318E+02
   4.501  0.2305E+01  0.1323E+02
   4.521  0.2177E+01  0.1327E+02
   4.541  0.2054E+01  0.1332E+02
   4.561  0.1941E+01  0.1335E+02
   4.581  0.1844E+01  0.1339E+02
   4.601  0.1765E+01  0.1343E+02
   4.621  0.1709E+01  0.1346E+02
   4.641  0.1677E+01  0.1349E+02
   4.661  0.1668E+01  0.1353E+02
   4.681  0.1681E+01  0.1356E+02
   4.701  0.1713E+01  0.1360E+02
   4.721  0.1761E+01  0.1363E+02
   4.741  0.1818E+01  0.1367E+02
   4.761  0.1882E+01  0.1370E+02
   4.781  0.1947E+01  0.1374E+02
   4.801  0.2010E+01  0.1378E+02
   4.821  0.2067E+01  0.1382E+02
   4.841  0.2117E+01  0.1387E+02
   4.861  0.2157E+01  0.1391E+02
   4.881  0.2187E+01  0.1395E+02
   4.901  0.2206E+01  0.1400E+02
   4.921  0.2213E+01  0.1404E+02
   4.941  0.2207E+01  0.1409E+02
   4.961  0.2187E+01  0.1413E+02
   4.981  0.2154E+01  0.1417E+02
   5.001  0.2108E+01  0.1422E+02
   5.021  0.2051E+01  0.1426E+02
   5.041  0.1985E+01  0.1430E+02
   5.061  0.1914E+01  0.1433E+02
   5.081  0.1841E+01  0.1437E+02
   5.101  0.1771E+01  0.1441E+02
   5.121  0.1706E+01  0.1444E+02
   5.141  0.1649E+01  0.1447E+02
   5.161  0.1601E+01  0.1451E+02
   5.181  0.1564E+01  0.1454E+02
   5.201  0.1538E+01  0.1457E+02
   5.221  0.1522E+01  0.1460E+02
   5.241  0.1516E+01  0.1463E+02
   5.261  0.1519E+01  0.1466E+02
   5.281  0.1529E+01  0.1469E+02
   5.301  0.1546E+01  0.1472E+02
   5.321  0.1567E+01  0.1475E+02
   5.341  0.1592E+01  0.1478E+02
   5.361  0.1618E+01  0.1482E+02
   5.381  0.1643E+01  0.1485E+02
   5.401  0.1665E+01  0.1488E+02
   5.421  0.1682E+01  0.1492E+02
   5.441  0.1689E+01  0.1495E+02
   5.461  0.1687E+01  0.1498E+02
   5.481  0.1673E+01  0.1502E+02
   5.501  0.1648E+01  0.1505E+02
   5.521  0.1613E+01  0.1508E+02
   5.541  0.1574E+01  0.1511E+02
   5.561  0.1533E+01  0.1514E+02
   5.581  0.1497E+01  0.1517E+02
   5.601  0.1471E+01  0.1520E+02
   5.621  0.1459E+01  0.1523E+02
   5.641  0.1466E+01  0.1526E+02
   5.661  0.1493E+01  0.1529E+02
   5.681  0.1540E+01  0.1532E+02
   5.701  0.1604E+01  0.1535E+02
   5.721  0.1680E+01  0.1539E+02
   5.741  0.1759E+01  0.1542E+02
   5.761  0.1834E+01  0.1546E+02
   5.781  0.1895E+01  0.1550E+02
