#  E (eV)   dos(E)     Int dos(E) EFermi =   -1.001 eV
 -11.001  0.9390E+00  0.1878E-01
 -10.981  0.9237E+00  0.3725E-01
 -10.961  0.8931E+00  0.5512E-01
 -10.941  0.8505E+00  0.7213E-01
 -10.921  0.8002E+00  0.8813E-01
 -10.901  0.7465E+00  0.1031E+00
 -10.881  0.6934E+00  0.1169E+00
 -10.861  0.6438E+00  0.1298E+00
 -10.841  0.6002E+00  0.1418E+00
 -10.821  0.5641E+00  0.1531E+00
 -10.801  0.5370E+00  0.1638E+00
 -10.781  0.5200E+00  0.1742E+00
 -10.761  0.5143E+00  0.1845E+00
 -10.741  0.5212E+00  0.1949E+00
 -10.721  0.5412E+00  0.2058E+00
 -10.701  0.5742E+00  0.2172E+00
 -10.681  0.6190E+00  0.2296E+00
 -10.661  0.6731E+00  0.2431E+00
 -10.641  0.7328E+00  0.2577E+00
 -10.621  0.7936E+00  0.2736E+00
 -10.601  0.8508E+00  0.2906E+00
 -10.581  0.8995E+00  0.3086E+00
 -10.561  0.9360E+00  0.3273E+00
 -10.541  0.9575E+00  0.3465E+00
 -10.521  0.9626E+00  0.3657E+00
 -10.501  0.9513E+00  0.3848E+00
 -10.481  0.9249E+00  0.4033E+00
 -10.461  0.8861E+00  0.4210E+00
 -10.441  0.8385E+00  0.4378E+00
 -10.421  0.7867E+00  0.4535E+00
 -10.401  0.7359E+00  0.4682E+00
 -10.381  0.6915E+00  0.4820E+00
 -10.361  0.6583E+00  0.4952E+00
 -10.341  0.6404E+00  0.5080E+00
 -10.321  0.6398E+00  0.5208E+00
 -10.301  0.6563E+00  0.5339E+00
 -10.281  0.6871E+00  0.5477E+00
 -10.261  0.7273E+00  0.5622E+00
 -10.241  0.7700E+00  0.5776E+00
 -10.221  0.8080E+00  0.5938E+00
 -10.201  0.8345E+00  0.6105E+00
 -10.181  0.8446E+00  0.6274E+00
 -10.161  0.8361E+00  0.6441E+00
 -10.141  0.8099E+00  0.6603E+00
 -10.121  0.7699E+00  0.6757E+00
 -10.101  0.7224E+00  0.6901E+00
 -10.081  0.6746E+00  0.7036E+00
 -10.061  0.6337E+00  0.7163E+00
 -10.041  0.6055E+00  0.7284E+00
 -10.021  0.5938E+00  0.7403E+00
 -10.001  0.5999E+00  0.7523E+00
  -9.981  0.6228E+00  0.7647E+00
  -9.961  0.6598E+00  0.7779E+00
  -9.941  0.7072E+00  0.7921E+00
  -9.921  0.7612E+00  0.8073E+00
  -9.901  0.8180E+00  0.8237E+00
  -9.881  0.8743E+00  0.8411E+00
  -9.861  0.9271E+00  0.8597E+00
  -9.841  0.9735E+00  0.8792E+00
  -9.821  0.1010E+01  0.8994E+00
  -9.801  0.1035E+01  0.9201E+00
  -9.781  0.1043E+01  0.9409E+00
  -9.761  0.1035E+01  0.9616E+00
  -9.741  0.1009E+01  0.9818E+00
  -9.721  0.9661E+00  0.1001E+01
  -9.701  0.9107E+00  0.1019E+01
  -9.681  0.8473E+00  0.1036E+01
  -9.661  0.7815E+00  0.1052E+01
  -9.641  0.7190E+00  0.1066E+01
  -9.621  0.6643E+00  0.1080E+01
  -9.601  0.6208E+00  0.1092E+01
  -9.581  0.5902E+00  0.1104E+01
  -9.561  0.5729E+00  0.1115E+01
  -9.541  0.5688E+00  0.1127E+01
  -9.521  0.5773E+00  0.1138E+01
  -9.501  0.5979E+00  0.1150E+01
  -9.481  0.6302E+00  0.1163E+01
  -9.461  0.6737E+00  0.1176E+01
  -9.441  0.7273E+00  0.1191E+01
  -9.421  0.7891E+00  0.1207E+01
  -9.401  0.8559E+00  0.1224E+01
  -9.381  0.9231E+00  0.1242E+01
  -9.361  0.9857E+00  0.1262E+01
  -9.341  0.1038E+01  0.1283E+01
  -9.321  0.1075E+01  0.1304E+01
  -9.301  0.1093E+01  0.1326E+01
  -9.281  0.1092E+01  0.1348E+01
  -9.261  0.1071E+01  0.1369E+01
  -9.241  0.1035E+01  0.1390E+01
  -9.221  0.9888E+00  0.1410E+01
  -9.201  0.9383E+00  0.1428E+01
  -9.181  0.8901E+00  0.1446E+01
  -9.161  0.8501E+00  0.1463E+01
  -9.141  0.8233E+00  0.1480E+01
  -9.121  0.8131E+00  0.1496E+01
  -9.101  0.8213E+00  0.1512E+01
  -9.081  0.8483E+00  0.1529E+01
  -9.061  0.8927E+00  0.1547E+01
  -9.041  0.9516E+00  0.1566E+01
  -9.021  0.1020E+01  0.1587E+01
  -9.001  0.1093E+01  0.1609E+01
  -8.981  0.1163E+01  0.1632E+01
  -8.961  0.1223E+01  0.1656E+01
  -8.941  0.1266E+01  0.1682E+01
  -8.921  0.1289E+01  0.1707E+01
  -8.901  0.1289E+01  0.1733E+01
  -8.881  0.1268E+01  0.1759E+01
  -8.861  0.1230E+01  0.1783E+01
  -8.841  0.1182E+01  0.1807E+01
  -8.821  0.1133E+01  0.1829E+01
  -8.801  0.1089E+01  0.1851E+01
  -8.781  0.1056E+01  0.1872E+01
  -8.761  0.1039E+01  0.1893E+01
  -8.741  0.1036E+01  0.1914E+01
  -8.721  0.1047E+01  0.1935E+01
  -8.701  0.1069E+01  0.1956E+01
  -8.681  0.1096E+01  0.1978E+01
  -8.661  0.1126E+01  0.2001E+01
  -8.641  0.1156E+01  0.2024E+01
  -8.621  0.1185E+01  0.2047E+01
  -8.601  0.1213E+01  0.2072E+01
  -8.581  0.1239E+01  0.2096E+01
  -8.561  0.1263E+01  0.2122E+01
  -8.541  0.1283E+01  0.2147E+01
  -8.521  0.1299E+01  0.2173E+01
  -8.501  0.1306E+01  0.2199E+01
  -8.481  0.1304E+01  0.2226E+01
  -8.461  0.1292E+01  0.2251E+01
  -8.441  0.1269E+01  0.2277E+01
  -8.421  0.1240E+01  0.2302E+01
  -8.401  0.1208E+01  0.2326E+01
  -8.381  0.1179E+01  0.2349E+01
  -8.361  0.1158E+01  0.2372E+01
  -8.341  0.1149E+01  0.2395E+01
  -8.321  0.1155E+01  0.2419E+01
  -8.301  0.1176E+01  0.2442E+01
  -8.281  0.1208E+01  0.2466E+01
  -8.261  0.1249E+01  0.2491E+01
  -8.241  0.1293E+01  0.2517E+01
  -8.221  0.1337E+01  0.2544E+01
  -8.201  0.1379E+01  0.2571E+01
  -8.181  0.1416E+01  0.2600E+01
  -8.161  0.1449E+01  0.2629E+01
  -8.141  0.1481E+01  0.2658E+01
  -8.121  0.1514E+01  0.2689E+01
  -8.101  0.1548E+01  0.2720E+01
  -8.081  0.1586E+01  0.2751E+01
  -8.061  0.1623E+01  0.2784E+01
  -8.041  0.1658E+01  0.2817E+01
  -8.021  0.1686E+01  0.2851E+01
  -8.001  0.1703E+01  0.2885E+01
  -7.981  0.1704E+01  0.2919E+01
  -7.961  0.1691E+01  0.2953E+01
  -7.941  0.1663E+01  0.2986E+01
  -7.921  0.1627E+01  0.3018E+01
  -7.901  0.1588E+01  0.3050E+01
  -7.881  0.1553E+01  0.3081E+01
  -7.861  0.1529E+01  0.3112E+01
  -7.841  0.1522E+01  0.3142E+01
  -7.821  0.1534E+01  0.3173E+01
  -7.801  0.1565E+01  0.3204E+01
  -7.781  0.1614E+01  0.3236E+01
  -7.761  0.1678E+01  0.3270E+01
  -7.741  0.1750E+01  0.3305E+01
  -7.721  0.1827E+01  0.3342E+01
  -7.701  0.1902E+01  0.3380E+01
  -7.681  0.1973E+01  0.3419E+01
  -7.661  0.2036E+01  0.3460E+01
  -7.641  0.2088E+01  0.3502E+01
  -7.621  0.2129E+01  0.3544E+01
  -7.601  0.2157E+01  0.3587E+01
  -7.581  0.2172E+01  0.3631E+01
  -7.561  0.2177E+01  0.3674E+01
  -7.541  0.2174E+01  0.3718E+01
  -7.521  0.2165E+01  0.3761E+01
  -7.501  0.2153E+01  0.3804E+01
  -7.481  0.2142E+01  0.3847E+01
  -7.461  0.2133E+01  0.3890E+01
  -7.441  0.2126E+01  0.3932E+01
  -7.421  0.2121E+01  0.3975E+01
  -7.401  0.2116E+01  0.4017E+01
  -7.381  0.2106E+01  0.4059E+01
  -7.361  0.2091E+01  0.4101E+01
  -7.341  0.2070E+01  0.4142E+01
  -7.321  0.2042E+01  0.4183E+01
  -7.301  0.2010E+01  0.4223E+01
  -7.281  0.1977E+01  0.4263E+01
  -7.261  0.1944E+01  0.4302E+01
  -7.241  0.1914E+01  0.4340E+01
  -7.221  0.1886E+01  0.4378E+01
  -7.201  0.1860E+01  0.4415E+01
  -7.181  0.1835E+01  0.4452E+01
  -7.161  0.1810E+01  0.4488E+01
  -7.141  0.1784E+01  0.4523E+01
  -7.121  0.1757E+01  0.4559E+01
  -7.101  0.1729E+01  0.4593E+01
  -7.081  0.1702E+01  0.4627E+01
  -7.061  0.1675E+01  0.4661E+01
  -7.041  0.1648E+01  0.4694E+01
  -7.021  0.1624E+01  0.4726E+01
  -7.001  0.1601E+01  0.4758E+01
  -6.981  0.1582E+01  0.4790E+01
  -6.961  0.1567E+01  0.4821E+01
  -6.941  0.1559E+01  0.4852E+01
  -6.921  0.1558E+01  0.4883E+01
  -6.901  0.1565E+01  0.4915E+01
  -6.881  0.1578E+01  0.4946E+01
  -6.861  0.1596E+01  0.4978E+01
  -6.841  0.1615E+01  0.5011E+01
  -6.821  0.1631E+01  0.5043E+01
  -6.801  0.1641E+01  0.5076E+01
  -6.781  0.1639E+01  0.5109E+01
  -6.761  0.1624E+01  0.5141E+01
  -6.741  0.1594E+01  0.5173E+01
  -6.721  0.1551E+01  0.5204E+01
  -6.701  0.1496E+01  0.5234E+01
  -6.681  0.1436E+01  0.5263E+01
  -6.661  0.1376E+01  0.5290E+01
  -6.641  0.1321E+01  0.5317E+01
  -6.621  0.1277E+01  0.5342E+01
  -6.601  0.1248E+01  0.5367E+01
  -6.581  0.1234E+01  0.5392E+01
  -6.561  0.1234E+01  0.5417E+01
  -6.541  0.1247E+01  0.5442E+01
  -6.521  0.1268E+01  0.5467E+01
  -6.501  0.1296E+01  0.5493E+01
  -6.481  0.1328E+01  0.5519E+01
  -6.461  0.1362E+01  0.5547E+01
  -6.441  0.1398E+01  0.5575E+01
  -6.421  0.1434E+01  0.5603E+01
  -6.401  0.1470E+01  0.5633E+01
  -6.381  0.1505E+01  0.5663E+01
  -6.361  0.1536E+01  0.5693E+01
  -6.341  0.1560E+01  0.5725E+01
  -6.321  0.1576E+01  0.5756E+01
  -6.301  0.1579E+01  0.5788E+01
  -6.281  0.1568E+01  0.5819E+01
  -6.261  0.1542E+01  0.5850E+01
  -6.241  0.1502E+01  0.5880E+01
  -6.221  0.1448E+01  0.5909E+01
  -6.201  0.1383E+01  0.5937E+01
  -6.181  0.1311E+01  0.5963E+01
  -6.161  0.1235E+01  0.5988E+01
  -6.141  0.1159E+01  0.6011E+01
  -6.121  0.1090E+01  0.6033E+01
  -6.101  0.1033E+01  0.6053E+01
  -6.081  0.9919E+00  0.6073E+01
  -6.061  0.9714E+00  0.6092E+01
  -6.041  0.9732E+00  0.6112E+01
  -6.021  0.9971E+00  0.6132E+01
  -6.001  0.1041E+01  0.6153E+01
  -5.981  0.1102E+01  0.6175E+01
  -5.961  0.1174E+01  0.6198E+01
  -5.941  0.1253E+01  0.6223E+01
  -5.921  0.1333E+01  0.6250E+01
  -5.901  0.1409E+01  0.6278E+01
  -5.881  0.1477E+01  0.6308E+01
  -5.861  0.1531E+01  0.6338E+01
  -5.841  0.1567E+01  0.6370E+01
  -5.821  0.1581E+01  0.6401E+01
  -5.801  0.1569E+01  0.6433E+01
  -5.781  0.1532E+01  0.6463E+01
  -5.761  0.1471E+01  0.6493E+01
  -5.741  0.1389E+01  0.6520E+01
  -5.721  0.1294E+01  0.6546E+01
  -5.701  0.1194E+01  0.6570E+01
  -5.681  0.1099E+01  0.6592E+01
  -5.661  0.1018E+01  0.6613E+01
  -5.641  0.9563E+00  0.6632E+01
  -5.621  0.9202E+00  0.6650E+01
  -5.601  0.9115E+00  0.6668E+01
  -5.581  0.9295E+00  0.6687E+01
  -5.561  0.9708E+00  0.6706E+01
  -5.541  0.1030E+01  0.6727E+01
  -5.521  0.1099E+01  0.6749E+01
  -5.501  0.1169E+01  0.6772E+01
  -5.481  0.1234E+01  0.6797E+01
  -5.461  0.1284E+01  0.6823E+01
  -5.441  0.1316E+01  0.6849E+01
  -5.421  0.1328E+01  0.6876E+01
  -5.401  0.1321E+01  0.6902E+01
  -5.381  0.1297E+01  0.6928E+01
  -5.361  0.1265E+01  0.6953E+01
  -5.341  0.1228E+01  0.6978E+01
  -5.321  0.1194E+01  0.7002E+01
  -5.301  0.1167E+01  0.7025E+01
  -5.281  0.1148E+01  0.7048E+01
  -5.261  0.1139E+01  0.7071E+01
  -5.241  0.1139E+01  0.7093E+01
  -5.221  0.1146E+01  0.7116E+01
  -5.201  0.1157E+01  0.7140E+01
  -5.181  0.1170E+01  0.7163E+01
  -5.161  0.1181E+01  0.7187E+01
  -5.141  0.1189E+01  0.7210E+01
  -5.121  0.1193E+01  0.7234E+01
  -5.101  0.1190E+01  0.7258E+01
  -5.081  0.1182E+01  0.7282E+01
  -5.061  0.1169E+01  0.7305E+01
  -5.041  0.1151E+01  0.7328E+01
  -5.021  0.1129E+01  0.7351E+01
  -5.001  0.1106E+01  0.7373E+01
  -4.981  0.1082E+01  0.7394E+01
  -4.961  0.1060E+01  0.7416E+01
  -4.941  0.1040E+01  0.7436E+01
  -4.921  0.1027E+01  0.7457E+01
  -4.901  0.1022E+01  0.7477E+01
  -4.881  0.1027E+01  0.7498E+01
  -4.861  0.1044E+01  0.7519E+01
  -4.841  0.1071E+01  0.7540E+01
  -4.821  0.1107E+01  0.7562E+01
  -4.801  0.1147E+01  0.7585E+01
  -4.781  0.1185E+01  0.7609E+01
  -4.761  0.1216E+01  0.7633E+01
  -4.741  0.1233E+01  0.7658E+01
  -4.721  0.1234E+01  0.7683E+01
  -4.701  0.1219E+01  0.7707E+01
  -4.681  0.1190E+01  0.7731E+01
  -4.661  0.1152E+01  0.7754E+01
  -4.641  0.1113E+01  0.7776E+01
  -4.621  0.1077E+01  0.7798E+01
  -4.601  0.1052E+01  0.7819E+01
  -4.581  0.1041E+01  0.7840E+01
  -4.561  0.1044E+01  0.7860E+01
  -4.541  0.1062E+01  0.7882E+01
  -4.521  0.1089E+01  0.7903E+01
  -4.501  0.1121E+01  0.7926E+01
  -4.481  0.1153E+01  0.7949E+01
  -4.461  0.1180E+01  0.7973E+01
  -4.441  0.1196E+01  0.7996E+01
  -4.421  0.1200E+01  0.8020E+01
  -4.401  0.1191E+01  0.8044E+01
  -4.381  0.1169E+01  0.8068E+01
  -4.361  0.1138E+01  0.8090E+01
  -4.341  0.1101E+01  0.8112E+01
  -4.321  0.1064E+01  0.8134E+01
  -4.301  0.1030E+01  0.8154E+01
  -4.281  0.1004E+01  0.8174E+01
  -4.261  0.9870E+00  0.8194E+01
  -4.241  0.9797E+00  0.8214E+01
  -4.221  0.9813E+00  0.8233E+01
  -4.201  0.9895E+00  0.8253E+01
  -4.181  0.1002E+01  0.8273E+01
  -4.161  0.1014E+01  0.8293E+01
  -4.141  0.1025E+01  0.8314E+01
  -4.121  0.1032E+01  0.8335E+01
  -4.101  0.1033E+01  0.8355E+01
  -4.081  0.1029E+01  0.8376E+01
  -4.061  0.1019E+01  0.8396E+01
  -4.041  0.1005E+01  0.8416E+01
  -4.021  0.9883E+00  0.8436E+01
  -4.001  0.9704E+00  0.8456E+01
  -3.981  0.9526E+00  0.8475E+01
  -3.961  0.9358E+00  0.8493E+01
  -3.941  0.9201E+00  0.8512E+01
  -3.921  0.9049E+00  0.8530E+01
  -3.901  0.8892E+00  0.8548E+01
  -3.881  0.8720E+00  0.8565E+01
  -3.861  0.8523E+00  0.8582E+01
  -3.841  0.8298E+00  0.8599E+01
  -3.821  0.8048E+00  0.8615E+01
  -3.801  0.7781E+00  0.8630E+01
  -3.781  0.7512E+00  0.8645E+01
  -3.761  0.7259E+00  0.8660E+01
  -3.741  0.7038E+00  0.8674E+01
  -3.721  0.6866E+00  0.8688E+01
  -3.701  0.6755E+00  0.8701E+01
  -3.681  0.6714E+00  0.8715E+01
  -3.661  0.6752E+00  0.8728E+01
  -3.641  0.6877E+00  0.8742E+01
  -3.621  0.7095E+00  0.8756E+01
  -3.601  0.7410E+00  0.8771E+01
  -3.581  0.7822E+00  0.8787E+01
  -3.561  0.8323E+00  0.8803E+01
  -3.541  0.8894E+00  0.8821E+01
  -3.521  0.9505E+00  0.8840E+01
  -3.501  0.1012E+01  0.8860E+01
  -3.481  0.1068E+01  0.8882E+01
  -3.461  0.1115E+01  0.8904E+01
  -3.441  0.1149E+01  0.8927E+01
  -3.421  0.1168E+01  0.8950E+01
  -3.401  0.1171E+01  0.8974E+01
  -3.381  0.1157E+01  0.8997E+01
  -3.361  0.1131E+01  0.9019E+01
  -3.341  0.1093E+01  0.9041E+01
  -3.321  0.1048E+01  0.9062E+01
  -3.301  0.9983E+00  0.9082E+01
  -3.281  0.9448E+00  0.9101E+01
  -3.261  0.8891E+00  0.9119E+01
  -3.241  0.8321E+00  0.9135E+01
  -3.221  0.7746E+00  0.9151E+01
  -3.201  0.7184E+00  0.9165E+01
  -3.181  0.6657E+00  0.9179E+01
  -3.161  0.6195E+00  0.9191E+01
  -3.141  0.5831E+00  0.9203E+01
  -3.121  0.5597E+00  0.9214E+01
  -3.101  0.5516E+00  0.9225E+01
  -3.081  0.5600E+00  0.9236E+01
  -3.061  0.5845E+00  0.9248E+01
  -3.041  0.6234E+00  0.9260E+01
  -3.021  0.6732E+00  0.9274E+01
  -3.001  0.7295E+00  0.9288E+01
  -2.981  0.7868E+00  0.9304E+01
  -2.961  0.8394E+00  0.9321E+01
  -2.941  0.8812E+00  0.9339E+01
  -2.921  0.9072E+00  0.9357E+01
  -2.901  0.9135E+00  0.9375E+01
  -2.881  0.8982E+00  0.9393E+01
  -2.861  0.8614E+00  0.9410E+01
  -2.841  0.8059E+00  0.9426E+01
  -2.821  0.7363E+00  0.9441E+01
  -2.801  0.6583E+00  0.9454E+01
  -2.781  0.5782E+00  0.9466E+01
  -2.761  0.5018E+00  0.9476E+01
  -2.741  0.4333E+00  0.9484E+01
  -2.721  0.3756E+00  0.9492E+01
  -2.701  0.3297E+00  0.9498E+01
  -2.681  0.2954E+00  0.9504E+01
  -2.661  0.2716E+00  0.9510E+01
  -2.641  0.2572E+00  0.9515E+01
  -2.621  0.2511E+00  0.9520E+01
  -2.601  0.2524E+00  0.9525E+01
  -2.581  0.2608E+00  0.9530E+01
  -2.561  0.2758E+00  0.9536E+01
  -2.541  0.2969E+00  0.9542E+01
  -2.521  0.3234E+00  0.9548E+01
  -2.501  0.3538E+00  0.9555E+01
  -2.481  0.3869E+00  0.9563E+01
  -2.461  0.4207E+00  0.9571E+01
  -2.441  0.4532E+00  0.9580E+01
  -2.421  0.4822E+00  0.9590E+01
  -2.401  0.5051E+00  0.9600E+01
  -2.381  0.5197E+00  0.9611E+01
  -2.361  0.5239E+00  0.9621E+01
  -2.341  0.5161E+00  0.9631E+01
  -2.321  0.4960E+00  0.9641E+01
  -2.301  0.4647E+00  0.9651E+01
  -2.281  0.4246E+00  0.9659E+01
  -2.261  0.3793E+00  0.9667E+01
  -2.241  0.3329E+00  0.9673E+01
  -2.221  0.2897E+00  0.9679E+01
  -2.201  0.2529E+00  0.9684E+01
  -2.181  0.2247E+00  0.9689E+01
  -2.161  0.2055E+00  0.9693E+01
  -2.141  0.1945E+00  0.9697E+01
  -2.121  0.1897E+00  0.9701E+01
  -2.101  0.1884E+00  0.9704E+01
  -2.081  0.1884E+00  0.9708E+01
  -2.061  0.1876E+00  0.9712E+01
  -2.041  0.1854E+00  0.9716E+01
  -2.021  0.1821E+00  0.9719E+01
  -2.001  0.1786E+00  0.9723E+01
  -1.981  0.1766E+00  0.9726E+01
  -1.961  0.1778E+00  0.9730E+01
  -1.941  0.1833E+00  0.9733E+01
  -1.921  0.1936E+00  0.9737E+01
  -1.901  0.2083E+00  0.9742E+01
  -1.881  0.2261E+00  0.9746E+01
  -1.861  0.2448E+00  0.9751E+01
  -1.841  0.2623E+00  0.9756E+01
  -1.821  0.2762E+00  0.9762E+01
  -1.801  0.2844E+00  0.9767E+01
  -1.781  0.2855E+00  0.9773E+01
  -1.761  0.2787E+00  0.9779E+01
  -1.741  0.2643E+00  0.9784E+01
  -1.721  0.2431E+00  0.9789E+01
  -1.701  0.2168E+00  0.9793E+01
  -1.681  0.1874E+00  0.9797E+01
  -1.661  0.1571E+00  0.9800E+01
  -1.641  0.1279E+00  0.9803E+01
  -1.621  0.1017E+00  0.9805E+01
  -1.601  0.7979E-01  0.9806E+01
  -1.581  0.6321E-01  0.9808E+01
  -1.561  0.5242E-01  0.9809E+01
  -1.541  0.4754E-01  0.9810E+01
  -1.521  0.4832E-01  0.9810E+01
  -1.501  0.5419E-01  0.9812E+01
  -1.481  0.6423E-01  0.9813E+01
  -1.461  0.7719E-01  0.9814E+01
  -1.441  0.9150E-01  0.9816E+01
  -1.421  0.1054E+00  0.9818E+01
  -1.401  0.1171E+00  0.9821E+01
  -1.381  0.1251E+00  0.9823E+01
  -1.361  0.1282E+00  0.9826E+01
  -1.341  0.1260E+00  0.9828E+01
  -1.321  0.1188E+00  0.9831E+01
  -1.301  0.1075E+00  0.9833E+01
  -1.281  0.9331E-01  0.9835E+01
  -1.261  0.7793E-01  0.9836E+01
  -1.241  0.6285E-01  0.9837E+01
  -1.221  0.4935E-01  0.9838E+01
  -1.201  0.3834E-01  0.9839E+01
  -1.181  0.3028E-01  0.9840E+01
  -1.161  0.2528E-01  0.9840E+01
  -1.141  0.2311E-01  0.9841E+01
  -1.121  0.2331E-01  0.9841E+01
  -1.101  0.2526E-01  0.9842E+01
  -1.081  0.2824E-01  0.9842E+01
  -1.061  0.3152E-01  0.9843E+01
  -1.041  0.3443E-01  0.9844E+01
  -1.021  0.3639E-01  0.9844E+01
  -1.001  0.3704E-01  0.9845E+01
  -0.981  0.3621E-01  0.9846E+01
  -0.961  0.3398E-01  0.9847E+01
  -0.941  0.3066E-01  0.9847E+01
  -0.921  0.2668E-01  0.9848E+01
  -0.901  0.2258E-01  0.9848E+01
  -0.881  0.1892E-01  0.9848E+01
  -0.861  0.1623E-01  0.9849E+01
  -0.841  0.1496E-01  0.9849E+01
  -0.821  0.1554E-01  0.9849E+01
  -0.801  0.1831E-01  0.9850E+01
  -0.781  0.2353E-01  0.9850E+01
  -0.761  0.3134E-01  0.9851E+01
  -0.741  0.4170E-01  0.9852E+01
  -0.721  0.5433E-01  0.9853E+01
  -0.701  0.6861E-01  0.9854E+01
  -0.681  0.8360E-01  0.9856E+01
  -0.661  0.9808E-01  0.9858E+01
  -0.641  0.1107E+00  0.9860E+01
  -0.621  0.1201E+00  0.9862E+01
  -0.601  0.1253E+00  0.9865E+01
  -0.581  0.1259E+00  0.9867E+01
  -0.561  0.1219E+00  0.9870E+01
  -0.541  0.1143E+00  0.9872E+01
  -0.521  0.1044E+00  0.9874E+01
  -0.501  0.9402E-01  0.9876E+01
  -0.481  0.8513E-01  0.9878E+01
  -0.461  0.7942E-01  0.9879E+01
  -0.441  0.7819E-01  0.9881E+01
  -0.421  0.8213E-01  0.9883E+01
  -0.401  0.9128E-01  0.9884E+01
  -0.381  0.1050E+00  0.9887E+01
  -0.361  0.1222E+00  0.9889E+01
  -0.341  0.1413E+00  0.9892E+01
  -0.321  0.1610E+00  0.9895E+01
  -0.301  0.1798E+00  0.9899E+01
  -0.281  0.1969E+00  0.9903E+01
  -0.261  0.2118E+00  0.9907E+01
  -0.241  0.2246E+00  0.9911E+01
  -0.221  0.2355E+00  0.9916E+01
  -0.201  0.2448E+00  0.9921E+01
  -0.181  0.2526E+00  0.9926E+01
  -0.161  0.2586E+00  0.9931E+01
  -0.141  0.2623E+00  0.9936E+01
  -0.121  0.2632E+00  0.9942E+01
  -0.101  0.2608E+00  0.9947E+01
  -0.081  0.2552E+00  0.9952E+01
  -0.061  0.2472E+00  0.9957E+01
  -0.041  0.2381E+00  0.9962E+01
  -0.021  0.2300E+00  0.9966E+01
  -0.001  0.2248E+00  0.9971E+01
   0.019  0.2246E+00  0.9975E+01
   0.039  0.2306E+00  0.9980E+01
   0.059  0.2432E+00  0.9985E+01
   0.079  0.2621E+00  0.9990E+01
   0.099  0.2859E+00  0.9996E+01
   0.119  0.3127E+00  0.1000E+02
   0.139  0.3403E+00  0.1001E+02
   0.159  0.3666E+00  0.1002E+02
   0.179  0.3902E+00  0.1002E+02
   0.199  0.4103E+00  0.1003E+02
   0.219  0.4274E+00  0.1004E+02
   0.239  0.4427E+00  0.1005E+02
   0.259  0.4586E+00  0.1006E+02
   0.279  0.4774E+00  0.1007E+02
   0.299  0.5013E+00  0.1008E+02
   0.319  0.5314E+00  0.1009E+02
   0.339  0.5674E+00  0.1010E+02
   0.359  0.6076E+00  0.1011E+02
   0.379  0.6492E+00  0.1013E+02
   0.399  0.6889E+00  0.1014E+02
   0.419  0.7239E+00  0.1015E+02
   0.439  0.7525E+00  0.1017E+02
   0.459  0.7746E+00  0.1018E+02
   0.479  0.7918E+00  0.1020E+02
   0.499  0.8067E+00  0.1022E+02
   0.519  0.8224E+00  0.1023E+02
   0.539  0.8415E+00  0.1025E+02
   0.559  0.8655E+00  0.1027E+02
   0.579  0.8941E+00  0.1028E+02
   0.599  0.9258E+00  0.1030E+02
   0.619  0.9574E+00  0.1032E+02
   0.639  0.9853E+00  0.1034E+02
   0.659  0.1006E+01  0.1036E+02
   0.679  0.1017E+01  0.1038E+02
   0.699  0.1018E+01  0.1040E+02
   0.719  0.1009E+01  0.1042E+02
   0.739  0.9925E+00  0.1044E+02
   0.759  0.9735E+00  0.1046E+02
   0.779  0.9556E+00  0.1048E+02
   0.799  0.9425E+00  0.1050E+02
   0.819  0.9361E+00  0.1052E+02
   0.839  0.9364E+00  0.1054E+02
   0.859  0.9413E+00  0.1056E+02
   0.879  0.9476E+00  0.1058E+02
   0.899  0.9517E+00  0.1059E+02
   0.919  0.9506E+00  0.1061E+02
   0.939  0.9428E+00  0.1063E+02
   0.959  0.9281E+00  0.1065E+02
   0.979  0.9080E+00  0.1067E+02
   0.999  0.8849E+00  0.1069E+02
   1.019  0.8610E+00  0.1070E+02
   1.039  0.8385E+00  0.1072E+02
   1.059  0.8185E+00  0.1074E+02
   1.079  0.8014E+00  0.1075E+02
   1.099  0.7866E+00  0.1077E+02
   1.119  0.7738E+00  0.1078E+02
   1.139  0.7622E+00  0.1080E+02
   1.159  0.7518E+00  0.1081E+02
   1.179  0.7427E+00  0.1083E+02
   1.199  0.7349E+00  0.1084E+02
   1.219  0.7285E+00  0.1086E+02
   1.239  0.7232E+00  0.1087E+02
   1.259  0.7180E+00  0.1089E+02
   1.279  0.7118E+00  0.1090E+02
   1.299  0.7031E+00  0.1092E+02
   1.319  0.6910E+00  0.1093E+02
   1.339  0.6755E+00  0.1094E+02
   1.359  0.6573E+00  0.1096E+02
   1.379  0.6383E+00  0.1097E+02
   1.399  0.6208E+00  0.1098E+02
   1.419  0.6071E+00  0.1099E+02
   1.439  0.5990E+00  0.1101E+02
   1.459  0.5968E+00  0.1102E+02
   1.479  0.5999E+00  0.1103E+02
   1.499  0.6062E+00  0.1104E+02
   1.519  0.6135E+00  0.1105E+02
   1.539  0.6196E+00  0.1107E+02
   1.559  0.6227E+00  0.1108E+02
   1.579  0.6219E+00  0.1109E+02
   1.599  0.6171E+00  0.1110E+02
   1.619  0.6088E+00  0.1112E+02
   1.639  0.5976E+00  0.1113E+02
   1.659  0.5842E+00  0.1114E+02
   1.679  0.5694E+00  0.1115E+02
   1.699  0.5540E+00  0.1116E+02
   1.719  0.5393E+00  0.1117E+02
   1.739  0.5267E+00  0.1118E+02
   1.759  0.5180E+00  0.1119E+02
   1.779  0.5148E+00  0.1120E+02
   1.799  0.5182E+00  0.1121E+02
   1.819  0.5286E+00  0.1122E+02
   1.839  0.5451E+00  0.1124E+02
   1.859  0.5656E+00  0.1125E+02
   1.879  0.5874E+00  0.1126E+02
   1.899  0.6071E+00  0.1127E+02
   1.919  0.6212E+00  0.1128E+02
   1.939  0.6273E+00  0.1130E+02
   1.959  0.6235E+00  0.1131E+02
   1.979  0.6096E+00  0.1132E+02
   1.999  0.5864E+00  0.1133E+02
   2.019  0.5557E+00  0.1134E+02
   2.039  0.5203E+00  0.1135E+02
   2.059  0.4836E+00  0.1136E+02
   2.079  0.4489E+00  0.1137E+02
   2.099  0.4197E+00  0.1138E+02
   2.119  0.3992E+00  0.1139E+02
   2.139  0.3898E+00  0.1140E+02
   2.159  0.3929E+00  0.1140E+02
   2.179  0.4089E+00  0.1141E+02
   2.199  0.4367E+00  0.1142E+02
   2.219  0.4742E+00  0.1143E+02
   2.239  0.5181E+00  0.1144E+02
   2.259  0.5647E+00  0.1145E+02
   2.279  0.6101E+00  0.1146E+02
   2.299  0.6511E+00  0.1148E+02
   2.319  0.6847E+00  0.1149E+02
   2.339  0.7091E+00  0.1151E+02
   2.359  0.7235E+00  0.1152E+02
   2.379  0.7280E+00  0.1153E+02
   2.399  0.7236E+00  0.1155E+02
   2.419  0.7121E+00  0.1156E+02
   2.439  0.6962E+00  0.1158E+02
   2.459  0.6788E+00  0.1159E+02
   2.479  0.6633E+00  0.1160E+02
   2.499  0.6527E+00  0.1162E+02
   2.519  0.6491E+00  0.1163E+02
   2.539  0.6538E+00  0.1164E+02
   2.559  0.6669E+00  0.1166E+02
   2.579  0.6875E+00  0.1167E+02
   2.599  0.7138E+00  0.1168E+02
   2.619  0.7438E+00  0.1170E+02
   2.639  0.7757E+00  0.1172E+02
   2.659  0.8076E+00  0.1173E+02
   2.679  0.8381E+00  0.1175E+02
   2.699  0.8659E+00  0.1177E+02
   2.719  0.8898E+00  0.1178E+02
   2.739  0.9086E+00  0.1180E+02
   2.759  0.9211E+00  0.1182E+02
   2.779  0.9267E+00  0.1184E+02
   2.799  0.9253E+00  0.1186E+02
   2.819  0.9178E+00  0.1188E+02
   2.839  0.9060E+00  0.1189E+02
   2.859  0.8924E+00  0.1191E+02
   2.879  0.8800E+00  0.1193E+02
   2.899  0.8717E+00  0.1195E+02
   2.919  0.8701E+00  0.1196E+02
   2.939  0.8766E+00  0.1198E+02
   2.959  0.8915E+00  0.1200E+02
   2.979  0.9136E+00  0.1202E+02
   2.999  0.9409E+00  0.1204E+02
   3.019  0.9708E+00  0.1206E+02
   3.039  0.1001E+01  0.1208E+02
   3.059  0.1029E+01  0.1210E+02
   3.079  0.1054E+01  0.1212E+02
   3.099  0.1076E+01  0.1214E+02
   3.119  0.1096E+01  0.1216E+02
   3.139  0.1115E+01  0.1218E+02
   3.159  0.1134E+01  0.1221E+02
   3.179  0.1153E+01  0.1223E+02
   3.199  0.1171E+01  0.1225E+02
   3.219  0.1186E+01  0.1228E+02
   3.239  0.1196E+01  0.1230E+02
   3.259  0.1199E+01  0.1232E+02
   3.279  0.1193E+01  0.1235E+02
   3.299  0.1177E+01  0.1237E+02
   3.319  0.1152E+01  0.1239E+02
   3.339  0.1120E+01  0.1242E+02
   3.359  0.1083E+01  0.1244E+02
   3.379  0.1043E+01  0.1246E+02
   3.399  0.1002E+01  0.1248E+02
   3.419  0.9643E+00  0.1250E+02
   3.439  0.9308E+00  0.1252E+02
   3.459  0.9045E+00  0.1253E+02
   3.479  0.8880E+00  0.1255E+02
   3.499  0.8835E+00  0.1257E+02
   3.519  0.8933E+00  0.1259E+02
   3.539  0.9182E+00  0.1261E+02
   3.559  0.9581E+00  0.1263E+02
   3.579  0.1011E+01  0.1265E+02
   3.599  0.1073E+01  0.1267E+02
   3.619  0.1138E+01  0.1269E+02
   3.639  0.1201E+01  0.1271E+02
   3.659  0.1254E+01  0.1274E+02
   3.679  0.1292E+01  0.1277E+02
   3.699  0.1311E+01  0.1279E+02
   3.719  0.1310E+01  0.1282E+02
   3.739  0.1290E+01  0.1284E+02
   3.759  0.1255E+01  0.1287E+02
   3.779  0.1210E+01  0.1289E+02
   3.799  0.1162E+01  0.1292E+02
   3.819  0.1118E+01  0.1294E+02
   3.839  0.1083E+01  0.1296E+02
   3.859  0.1062E+01  0.1298E+02
   3.879  0.1059E+01  0.1300E+02
   3.899  0.1075E+01  0.1302E+02
   3.919  0.1109E+01  0.1305E+02
   3.939  0.1159E+01  0.1307E+02
   3.959  0.1218E+01  0.1309E+02
   3.979  0.1282E+01  0.1312E+02
   3.999  0.1344E+01  0.1315E+02
   4.019  0.1396E+01  0.1317E+02
   4.039  0.1433E+01  0.1320E+02
   4.059  0.1452E+01  0.1323E+02
   4.079  0.1451E+01  0.1326E+02
   4.099  0.1431E+01  0.1329E+02
   4.119  0.1395E+01  0.1332E+02
   4.139  0.1348E+01  0.1334E+02
   4.159  0.1295E+01  0.1337E+02
   4.179  0.1243E+01  0.1339E+02
   4.199  0.1197E+01  0.1342E+02
   4.219  0.1163E+01  0.1344E+02
   4.239  0.1144E+01  0.1346E+02
   4.259  0.1143E+01  0.1349E+02
   4.279  0.1160E+01  0.1351E+02
   4.299  0.1192E+01  0.1353E+02
   4.319  0.1237E+01  0.1356E+02
   4.339  0.1290E+01  0.1359E+02
   4.359  0.1345E+01  0.1361E+02
   4.379  0.1399E+01  0.1364E+02
   4.399  0.1447E+01  0.1367E+02
   4.419  0.1489E+01  0.1370E+02
   4.439  0.1523E+01  0.1373E+02
   4.459  0.1549E+01  0.1376E+02
   4.479  0.1568E+01  0.1379E+02
   4.499  0.1580E+01  0.1382E+02
   4.519  0.1585E+01  0.1386E+02
   4.539  0.1584E+01  0.1389E+02
   4.559  0.1576E+01  0.1392E+02
   4.579  0.1564E+01  0.1395E+02
   4.599  0.1547E+01  0.1398E+02
   4.619  0.1529E+01  0.1401E+02
   4.639  0.1510E+01  0.1404E+02
   4.659  0.1493E+01  0.1407E+02
   4.679  0.1479E+01  0.1410E+02
   4.699  0.1467E+01  0.1413E+02
   4.719  0.1457E+01  0.1416E+02
   4.739  0.1448E+01  0.1419E+02
   4.759  0.1439E+01  0.1422E+02
   4.779  0.1430E+01  0.1425E+02
   4.799  0.1422E+01  0.1427E+02
   4.819  0.1417E+01  0.1430E+02
   4.839  0.1414E+01  0.1433E+02
   4.859  0.1417E+01  0.1436E+02
   4.879  0.1424E+01  0.1439E+02
   4.899  0.1434E+01  0.1442E+02
   4.919  0.1447E+01  0.1445E+02
   4.939  0.1460E+01  0.1447E+02
   4.959  0.1471E+01  0.1450E+02
   4.979  0.1477E+01  0.1453E+02
   4.999  0.1477E+01  0.1456E+02
   5.019  0.1469E+01  0.1459E+02
   5.039  0.1455E+01  0.1462E+02
   5.059  0.1435E+01  0.1465E+02
   5.079  0.1411E+01  0.1468E+02
   5.099  0.1387E+01  0.1471E+02
   5.119  0.1366E+01  0.1473E+02
   5.139  0.1350E+01  0.1476E+02
   5.159  0.1342E+01  0.1479E+02
   5.179  0.1343E+01  0.1481E+02
   5.199  0.1352E+01  0.1484E+02
   5.219  0.1366E+01  0.1487E+02
   5.239  0.1383E+01  0.1490E+02
   5.259  0.1399E+01  0.1492E+02
   5.279  0.1410E+01  0.1495E+02
   5.299  0.1413E+01  0.1498E+02
   5.319  0.1408E+01  0.1501E+02
   5.339  0.1394E+01  0.1504E+02
   5.359  0.1375E+01  0.1506E+02
   5.379  0.1356E+01  0.1509E+02
   5.399  0.1343E+01  0.1512E+02
   5.419  0.1339E+01  0.1514E+02
   5.439  0.1350E+01  0.1517E+02
   5.459  0.1375E+01  0.1520E+02
   5.479  0.1414E+01  0.1523E+02
   5.499  0.1463E+01  0.1526E+02
   5.519  0.1514E+01  0.1529E+02
   5.539  0.1562E+01  0.1532E+02
   5.559  0.1598E+01  0.1535E+02
   5.579  0.1618E+01  0.1538E+02
   5.599  0.1619E+01  0.1541E+02
   5.619  0.1601E+01  0.1545E+02
   5.639  0.1567E+01  0.1548E+02
   5.659  0.1523E+01  0.1551E+02
   5.679  0.1476E+01  0.1554E+02
   5.699  0.1431E+01  0.1557E+02
   5.719  0.1397E+01  0.1559E+02
   5.739  0.1378E+01  0.1562E+02
   5.759  0.1376E+01  0.1565E+02
   5.779  0.1393E+01  0.1568E+02
   5.799  0.1426E+01  0.1571E+02
   5.819  0.1474E+01  0.1574E+02
   5.839  0.1532E+01  0.1577E+02
   5.859  0.1596E+01  0.1580E+02
   5.879  0.1663E+01  0.1583E+02
   5.899  0.1728E+01  0.1587E+02
   5.919  0.1790E+01  0.1590E+02
   5.939  0.1846E+01  0.1594E+02
   5.959  0.1893E+01  0.1598E+02
   5.979  0.1930E+01  0.1602E+02
   5.999  0.1957E+01  0.1605E+02
   6.019  0.1971E+01  0.1609E+02
   6.039  0.1976E+01  0.1613E+02
   6.059  0.1970E+01  0.1617E+02
   6.079  0.1958E+01  0.1621E+02
   6.099  0.1942E+01  0.1625E+02
   6.119  0.1925E+01  0.1629E+02
   6.139  0.1910E+01  0.1633E+02
   6.159  0.1899E+01  0.1637E+02
   6.179  0.1894E+01  0.1640E+02
   6.199  0.1894E+01  0.1644E+02
   6.219  0.1899E+01  0.1648E+02
   6.239  0.1907E+01  0.1652E+02
   6.259  0.1917E+01  0.1656E+02
   6.279  0.1928E+01  0.1659E+02
   6.299  0.1942E+01  0.1663E+02
   6.319  0.1961E+01  0.1667E+02
   6.339  0.1990E+01  0.1671E+02
   6.359  0.2032E+01  0.1675E+02
   6.379  0.2090E+01  0.1679E+02
   6.399  0.2166E+01  0.1684E+02
   6.419  0.2256E+01  0.1688E+02
   6.439  0.2355E+01  0.1693E+02
   6.459  0.2456E+01  0.1698E+02
   6.479  0.2550E+01  0.1703E+02
   6.499  0.2630E+01  0.1708E+02
   6.519  0.2691E+01  0.1714E+02
   6.539  0.2730E+01  0.1719E+02
   6.559  0.2750E+01  0.1725E+02
   6.579  0.2755E+01  0.1730E+02
   6.599  0.2750E+01  0.1736E+02
   6.619  0.2742E+01  0.1741E+02
   6.639  0.2737E+01  0.1747E+02
   6.659  0.2740E+01  0.1752E+02
   6.679  0.2751E+01  0.1758E+02
   6.699  0.2771E+01  0.1763E+02
   6.719  0.2799E+01  0.1769E+02
   6.739  0.2832E+01  0.1774E+02
   6.759  0.2867E+01  0.1780E+02
   6.779  0.2900E+01  0.1786E+02
   6.799  0.2929E+01  0.1792E+02
   6.819  0.2951E+01  0.1798E+02
   6.839  0.2966E+01  0.1804E+02
   6.859  0.2974E+01  0.1810E+02
   6.879  0.2978E+01  0.1816E+02
   6.899  0.2982E+01  0.1821E+02
   6.919  0.2993E+01  0.1827E+02
   6.939  0.3014E+01  0.1833E+02
   6.959  0.3048E+01  0.1840E+02
   6.979  0.3097E+01  0.1846E+02
   6.999  0.3156E+01  0.1852E+02
   7.019  0.3220E+01  0.1859E+02
   7.039  0.3282E+01  0.1865E+02
   7.059  0.3331E+01  0.1872E+02
   7.079  0.3360E+01  0.1878E+02
   7.099  0.3364E+01  0.1885E+02
   7.119  0.3338E+01  0.1892E+02
   7.139  0.3283E+01  0.1898E+02
   7.159  0.3206E+01  0.1905E+02
   7.179  0.3112E+01  0.1911E+02
   7.199  0.3012E+01  0.1917E+02
   7.219  0.2917E+01  0.1923E+02
   7.239  0.2838E+01  0.1929E+02
   7.259  0.2785E+01  0.1934E+02
   7.279  0.2769E+01  0.1940E+02
   7.299  0.2795E+01  0.1945E+02
   7.319  0.2870E+01  0.1951E+02
   7.339  0.2994E+01  0.1957E+02
   7.359  0.3165E+01  0.1963E+02
   7.379  0.3376E+01  0.1970E+02
   7.399  0.3616E+01  0.1977E+02
   7.419  0.3869E+01  0.1985E+02
   7.439  0.4118E+01  0.1993E+02
   7.459  0.4345E+01  0.2002E+02
   7.479  0.4531E+01  0.2011E+02
   7.499  0.4665E+01  0.2020E+02
   7.519  0.4736E+01  0.2030E+02
   7.539  0.4741E+01  0.2039E+02
   7.559  0.4685E+01  0.2049E+02
   7.579  0.4575E+01  0.2058E+02
   7.599  0.4426E+01  0.2067E+02
   7.619  0.4253E+01  0.2075E+02
   7.639  0.4071E+01  0.2083E+02
   7.659  0.3896E+01  0.2091E+02
   7.679  0.3741E+01  0.2099E+02
   7.699  0.3615E+01  0.2106E+02
   7.719  0.3523E+01  0.2113E+02
   7.739  0.3466E+01  0.2120E+02
   7.759  0.3439E+01  0.2127E+02
   7.779  0.3435E+01  0.2134E+02
   7.799  0.3441E+01  0.2140E+02
   7.819  0.3445E+01  0.2147E+02
   7.839  0.3435E+01  0.2154E+02
   7.859  0.3403E+01  0.2161E+02
   7.879  0.3345E+01  0.2168E+02
   7.899  0.3264E+01  0.2174E+02
   7.919  0.3169E+01  0.2181E+02
   7.939  0.3070E+01  0.2187E+02
   7.959  0.2982E+01  0.2193E+02
   7.979  0.2914E+01  0.2199E+02
   7.999  0.2875E+01  0.2204E+02
   8.019  0.2865E+01  0.2210E+02
   8.039  0.2883E+01  0.2216E+02
   8.059  0.2920E+01  0.2222E+02
   8.079  0.2967E+01  0.2228E+02
   8.099  0.3016E+01  0.2234E+02
   8.119  0.3060E+01  0.2240E+02
   8.139  0.3096E+01  0.2246E+02
   8.159  0.3125E+01  0.2252E+02
   8.179  0.3150E+01  0.2258E+02
   8.199  0.3175E+01  0.2265E+02
   8.219  0.3206E+01  0.2271E+02
   8.239  0.3244E+01  0.2278E+02
   8.259  0.3289E+01  0.2284E+02
   8.279  0.3336E+01  0.2291E+02
   8.299  0.3381E+01  0.2298E+02
   8.319  0.3417E+01  0.2305E+02
   8.339  0.3438E+01  0.2311E+02
   8.359  0.3441E+01  0.2318E+02
   8.379  0.3421E+01  0.2325E+02
   8.399  0.3379E+01  0.2332E+02
   8.419  0.3316E+01  0.2339E+02
   8.439  0.3237E+01  0.2345E+02
   8.459  0.3147E+01  0.2351E+02
   8.479  0.3054E+01  0.2357E+02
   8.499  0.2966E+01  0.2363E+02
   8.519  0.2893E+01  0.2369E+02
   8.539  0.2841E+01  0.2375E+02
   8.559  0.2817E+01  0.2380E+02
   8.579  0.2823E+01  0.2386E+02
   8.599  0.2857E+01  0.2392E+02
   8.619  0.2914E+01  0.2398E+02
   8.639  0.2986E+01  0.2404E+02
   8.659  0.3061E+01  0.2410E+02
   8.679  0.3128E+01  0.2416E+02
   8.699  0.3177E+01  0.2422E+02
   8.719  0.3198E+01  0.2429E+02
   8.739  0.3188E+01  0.2435E+02
   8.759  0.3144E+01  0.2441E+02
   8.779  0.3069E+01  0.2448E+02
   8.799  0.2970E+01  0.2453E+02
   8.819  0.2858E+01  0.2459E+02
   8.839  0.2746E+01  0.2465E+02
   8.859  0.2648E+01  0.2470E+02
   8.879  0.2577E+01  0.2475E+02
   8.899  0.2547E+01  0.2480E+02
   8.919  0.2562E+01  0.2485E+02
   8.939  0.2626E+01  0.2491E+02
   8.959  0.2731E+01  0.2496E+02
   8.979  0.2867E+01  0.2502E+02
   8.999  0.3019E+01  0.2508E+02
