#  E (eV)   dos(E)     Int dos(E) EFermi =   -2.856 eV
 -17.856  0.3464E+00  0.3464E-02
 -17.846  0.3468E+00  0.6932E-02
 -17.836  0.3473E+00  0.1040E-01
 -17.826  0.3477E+00  0.1388E-01
 -17.816  0.3482E+00  0.1736E-01
 -17.806  0.3487E+00  0.2085E-01
 -17.796  0.3492E+00  0.2434E-01
 -17.786  0.3497E+00  0.2784E-01
 -17.776  0.3502E+00  0.3134E-01
 -17.766  0.3507E+00  0.3485E-01
 -17.756  0.3513E+00  0.3836E-01
 -17.746  0.3518E+00  0.4188E-01
 -17.736  0.3524E+00  0.4540E-01
 -17.726  0.3530E+00  0.4893E-01
 -17.716  0.3536E+00  0.5247E-01
 -17.706  0.3543E+00  0.5601E-01
 -17.696  0.3549E+00  0.5956E-01
 -17.686  0.3556E+00  0.6312E-01
 -17.676  0.3563E+00  0.6668E-01
 -17.666  0.3571E+00  0.7025E-01
 -17.656  0.3579E+00  0.7383E-01
 -17.646  0.3587E+00  0.7742E-01
 -17.636  0.3595E+00  0.8101E-01
 -17.626  0.3604E+00  0.8462E-01
 -17.616  0.3613E+00  0.8823E-01
 -17.606  0.3623E+00  0.9185E-01
 -17.596  0.3633E+00  0.9549E-01
 -17.586  0.3644E+00  0.9913E-01
 -17.576  0.3655E+00  0.1028E+00
 -17.566  0.3666E+00  0.1065E+00
 -17.556  0.3678E+00  0.1101E+00
 -17.546  0.3691E+00  0.1138E+00
 -17.536  0.3704E+00  0.1175E+00
 -17.526  0.3718E+00  0.1212E+00
 -17.516  0.3732E+00  0.1250E+00
 -17.506  0.3748E+00  0.1287E+00
 -17.496  0.3763E+00  0.1325E+00
 -17.486  0.3780E+00  0.1363E+00
 -17.476  0.3798E+00  0.1401E+00
 -17.466  0.3816E+00  0.1439E+00
 -17.456  0.3835E+00  0.1477E+00
 -17.446  0.3855E+00  0.1516E+00
 -17.436  0.3875E+00  0.1554E+00
 -17.426  0.3897E+00  0.1593E+00
 -17.416  0.3919E+00  0.1633E+00
 -17.406  0.3942E+00  0.1672E+00
 -17.396  0.3965E+00  0.1712E+00
 -17.386  0.3988E+00  0.1752E+00
 -17.376  0.4012E+00  0.1792E+00
 -17.366  0.4036E+00  0.1832E+00
 -17.356  0.4060E+00  0.1873E+00
 -17.346  0.4084E+00  0.1913E+00
 -17.336  0.4107E+00  0.1955E+00
 -17.326  0.4130E+00  0.1996E+00
 -17.316  0.4152E+00  0.2037E+00
 -17.306  0.4172E+00  0.2079E+00
 -17.296  0.4192E+00  0.2121E+00
 -17.286  0.4210E+00  0.2163E+00
 -17.276  0.4226E+00  0.2205E+00
 -17.266  0.4240E+00  0.2248E+00
 -17.256  0.4252E+00  0.2290E+00
 -17.246  0.4262E+00  0.2333E+00
 -17.236  0.4268E+00  0.2376E+00
 -17.226  0.4272E+00  0.2418E+00
 -17.216  0.4273E+00  0.2461E+00
 -17.206  0.4271E+00  0.2504E+00
 -17.196  0.4265E+00  0.2546E+00
 -17.186  0.4256E+00  0.2589E+00
 -17.176  0.4243E+00  0.2631E+00
 -17.166  0.4226E+00  0.2674E+00
 -17.156  0.4206E+00  0.2716E+00
 -17.146  0.4183E+00  0.2758E+00
 -17.136  0.4156E+00  0.2799E+00
 -17.126  0.4125E+00  0.2840E+00
 -17.116  0.4091E+00  0.2881E+00
 -17.106  0.4054E+00  0.2922E+00
 -17.096  0.4014E+00  0.2962E+00
 -17.086  0.3972E+00  0.3002E+00
 -17.076  0.3927E+00  0.3041E+00
 -17.066  0.3879E+00  0.3080E+00
 -17.056  0.3830E+00  0.3118E+00
 -17.046  0.3779E+00  0.3156E+00
 -17.036  0.3727E+00  0.3193E+00
 -17.026  0.3673E+00  0.3230E+00
 -17.016  0.3619E+00  0.3266E+00
 -17.006  0.3564E+00  0.3302E+00
 -16.996  0.3509E+00  0.3337E+00
 -16.986  0.3454E+00  0.3371E+00
 -16.976  0.3399E+00  0.3405E+00
 -16.966  0.3344E+00  0.3439E+00
 -16.956  0.3290E+00  0.3472E+00
 -16.946  0.3237E+00  0.3504E+00
 -16.936  0.3184E+00  0.3536E+00
 -16.926  0.3132E+00  0.3567E+00
 -16.916  0.3081E+00  0.3598E+00
 -16.906  0.3032E+00  0.3628E+00
 -16.896  0.2983E+00  0.3658E+00
 -16.886  0.2935E+00  0.3687E+00
 -16.876  0.2889E+00  0.3716E+00
 -16.866  0.2844E+00  0.3745E+00
 -16.856  0.2799E+00  0.3773E+00
 -16.846  0.2756E+00  0.3800E+00
 -16.836  0.2715E+00  0.3827E+00
 -16.826  0.2674E+00  0.3854E+00
 -16.816  0.2634E+00  0.3881E+00
 -16.806  0.2596E+00  0.3907E+00
 -16.796  0.2558E+00  0.3932E+00
 -16.786  0.2522E+00  0.3957E+00
 -16.776  0.2487E+00  0.3982E+00
 -16.766  0.2452E+00  0.4007E+00
 -16.756  0.2419E+00  0.4031E+00
 -16.746  0.2386E+00  0.4055E+00
 -16.736  0.2354E+00  0.4078E+00
 -16.726  0.2323E+00  0.4102E+00
 -16.716  0.2293E+00  0.4124E+00
 -16.706  0.2263E+00  0.4147E+00
 -16.696  0.2234E+00  0.4169E+00
 -16.686  0.2205E+00  0.4191E+00
 -16.676  0.2178E+00  0.4213E+00
 -16.666  0.2150E+00  0.4235E+00
 -16.656  0.2123E+00  0.4256E+00
 -16.646  0.2097E+00  0.4277E+00
 -16.636  0.2071E+00  0.4298E+00
 -16.626  0.2045E+00  0.4318E+00
 -16.616  0.2020E+00  0.4338E+00
 -16.606  0.1995E+00  0.4358E+00
 -16.596  0.1971E+00  0.4378E+00
 -16.586  0.1947E+00  0.4397E+00
 -16.576  0.1924E+00  0.4417E+00
 -16.566  0.1901E+00  0.4436E+00
 -16.556  0.1879E+00  0.4455E+00
 -16.546  0.1858E+00  0.4473E+00
 -16.536  0.1837E+00  0.4491E+00
 -16.526  0.1816E+00  0.4510E+00
 -16.516  0.1797E+00  0.4528E+00
 -16.506  0.1778E+00  0.4545E+00
 -16.496  0.1759E+00  0.4563E+00
 -16.486  0.1742E+00  0.4580E+00
 -16.476  0.1726E+00  0.4598E+00
 -16.466  0.1711E+00  0.4615E+00
 -16.456  0.1696E+00  0.4632E+00
 -16.446  0.1684E+00  0.4649E+00
 -16.436  0.1672E+00  0.4665E+00
 -16.426  0.1662E+00  0.4682E+00
 -16.416  0.1653E+00  0.4698E+00
 -16.406  0.1646E+00  0.4715E+00
 -16.396  0.1641E+00  0.4731E+00
 -16.386  0.1638E+00  0.4748E+00
 -16.376  0.1637E+00  0.4764E+00
 -16.366  0.1639E+00  0.4780E+00
 -16.356  0.1643E+00  0.4797E+00
 -16.346  0.1649E+00  0.4813E+00
 -16.336  0.1659E+00  0.4830E+00
 -16.326  0.1671E+00  0.4847E+00
 -16.316  0.1686E+00  0.4864E+00
 -16.306  0.1704E+00  0.4881E+00
 -16.296  0.1725E+00  0.4898E+00
 -16.286  0.1749E+00  0.4915E+00
 -16.276  0.1776E+00  0.4933E+00
 -16.266  0.1805E+00  0.4951E+00
 -16.256  0.1838E+00  0.4969E+00
 -16.246  0.1874E+00  0.4988E+00
 -16.236  0.1912E+00  0.5007E+00
 -16.226  0.1953E+00  0.5027E+00
 -16.216  0.1996E+00  0.5047E+00
 -16.206  0.2042E+00  0.5067E+00
 -16.196  0.2089E+00  0.5088E+00
 -16.186  0.2138E+00  0.5110E+00
 -16.176  0.2188E+00  0.5131E+00
 -16.166  0.2239E+00  0.5154E+00
 -16.156  0.2291E+00  0.5177E+00
 -16.146  0.2343E+00  0.5200E+00
 -16.136  0.2396E+00  0.5224E+00
 -16.126  0.2448E+00  0.5249E+00
 -16.116  0.2500E+00  0.5274E+00
 -16.106  0.2551E+00  0.5299E+00
 -16.096  0.2602E+00  0.5325E+00
 -16.086  0.2651E+00  0.5352E+00
 -16.076  0.2698E+00  0.5379E+00
 -16.066  0.2744E+00  0.5406E+00
 -16.056  0.2789E+00  0.5434E+00
 -16.046  0.2831E+00  0.5462E+00
 -16.036  0.2871E+00  0.5491E+00
 -16.026  0.2909E+00  0.5520E+00
 -16.016  0.2944E+00  0.5549E+00
 -16.006  0.2978E+00  0.5579E+00
 -15.996  0.3009E+00  0.5609E+00
 -15.986  0.3037E+00  0.5640E+00
 -15.976  0.3064E+00  0.5670E+00
 -15.966  0.3088E+00  0.5701E+00
 -15.956  0.3110E+00  0.5732E+00
 -15.946  0.3130E+00  0.5764E+00
 -15.936  0.3149E+00  0.5795E+00
 -15.926  0.3165E+00  0.5827E+00
 -15.916  0.3180E+00  0.5859E+00
 -15.906  0.3193E+00  0.5890E+00
 -15.896  0.3205E+00  0.5923E+00
 -15.886  0.3215E+00  0.5955E+00
 -15.876  0.3224E+00  0.5987E+00
 -15.866  0.3233E+00  0.6019E+00
 -15.856  0.3240E+00  0.6052E+00
 -15.846  0.3246E+00  0.6084E+00
 -15.836  0.3252E+00  0.6117E+00
 -15.826  0.3257E+00  0.6149E+00
 -15.816  0.3262E+00  0.6182E+00
 -15.806  0.3266E+00  0.6214E+00
 -15.796  0.3270E+00  0.6247E+00
 -15.786  0.3273E+00  0.6280E+00
 -15.776  0.3277E+00  0.6313E+00
 -15.766  0.3280E+00  0.6345E+00
 -15.756  0.3283E+00  0.6378E+00
 -15.746  0.3286E+00  0.6411E+00
 -15.736  0.3290E+00  0.6444E+00
 -15.726  0.3293E+00  0.6477E+00
 -15.716  0.3297E+00  0.6510E+00
 -15.706  0.3302E+00  0.6543E+00
 -15.696  0.3306E+00  0.6576E+00
 -15.686  0.3311E+00  0.6609E+00
 -15.676  0.3317E+00  0.6642E+00
 -15.666  0.3323E+00  0.6676E+00
 -15.656  0.3330E+00  0.6709E+00
 -15.646  0.3338E+00  0.6742E+00
 -15.636  0.3347E+00  0.6776E+00
 -15.626  0.3357E+00  0.6809E+00
 -15.616  0.3368E+00  0.6843E+00
 -15.606  0.3380E+00  0.6877E+00
 -15.596  0.3393E+00  0.6911E+00
 -15.586  0.3407E+00  0.6945E+00
 -15.576  0.3423E+00  0.6979E+00
 -15.566  0.3441E+00  0.7013E+00
 -15.556  0.3460E+00  0.7048E+00
 -15.546  0.3480E+00  0.7083E+00
 -15.536  0.3502E+00  0.7118E+00
 -15.526  0.3525E+00  0.7153E+00
 -15.516  0.3550E+00  0.7189E+00
 -15.506  0.3577E+00  0.7224E+00
 -15.496  0.3605E+00  0.7260E+00
 -15.486  0.3635E+00  0.7297E+00
 -15.476  0.3666E+00  0.7333E+00
 -15.466  0.3698E+00  0.7370E+00
 -15.456  0.3732E+00  0.7408E+00
 -15.446  0.3766E+00  0.7445E+00
 -15.436  0.3802E+00  0.7483E+00
 -15.426  0.3838E+00  0.7522E+00
 -15.416  0.3875E+00  0.7561E+00
 -15.406  0.3911E+00  0.7600E+00
 -15.396  0.3948E+00  0.7639E+00
 -15.386  0.3985E+00  0.7679E+00
 -15.376  0.4021E+00  0.7719E+00
 -15.366  0.4057E+00  0.7760E+00
 -15.356  0.4091E+00  0.7801E+00
 -15.346  0.4125E+00  0.7842E+00
 -15.336  0.4156E+00  0.7883E+00
 -15.326  0.4186E+00  0.7925E+00
 -15.316  0.4214E+00  0.7967E+00
 -15.306  0.4240E+00  0.8010E+00
 -15.296  0.4263E+00  0.8052E+00
 -15.286  0.4284E+00  0.8095E+00
 -15.276  0.4302E+00  0.8138E+00
 -15.266  0.4317E+00  0.8182E+00
 -15.256  0.4329E+00  0.8225E+00
 -15.246  0.4339E+00  0.8268E+00
 -15.236  0.4345E+00  0.8312E+00
 -15.226  0.4349E+00  0.8355E+00
 -15.216  0.4349E+00  0.8399E+00
 -15.206  0.4347E+00  0.8442E+00
 -15.196  0.4342E+00  0.8486E+00
 -15.186  0.4334E+00  0.8529E+00
 -15.176  0.4324E+00  0.8572E+00
 -15.166  0.4312E+00  0.8615E+00
 -15.156  0.4297E+00  0.8658E+00
 -15.146  0.4281E+00  0.8701E+00
 -15.136  0.4263E+00  0.8744E+00
 -15.126  0.4243E+00  0.8786E+00
 -15.116  0.4222E+00  0.8828E+00
 -15.106  0.4200E+00  0.8870E+00
 -15.096  0.4177E+00  0.8912E+00
 -15.086  0.4154E+00  0.8954E+00
 -15.076  0.4130E+00  0.8995E+00
 -15.066  0.4105E+00  0.9036E+00
 -15.056  0.4081E+00  0.9077E+00
 -15.046  0.4056E+00  0.9117E+00
 -15.036  0.4031E+00  0.9158E+00
 -15.026  0.4007E+00  0.9198E+00
 -15.016  0.3983E+00  0.9238E+00
 -15.006  0.3959E+00  0.9277E+00
 -14.996  0.3936E+00  0.9316E+00
 -14.986  0.3913E+00  0.9356E+00
 -14.976  0.3891E+00  0.9395E+00
 -14.966  0.3869E+00  0.9433E+00
 -14.956  0.3848E+00  0.9472E+00
 -14.946  0.3828E+00  0.9510E+00
 -14.936  0.3808E+00  0.9548E+00
 -14.926  0.3789E+00  0.9586E+00
 -14.916  0.3770E+00  0.9624E+00
 -14.906  0.3752E+00  0.9661E+00
 -14.896  0.3734E+00  0.9698E+00
 -14.886  0.3717E+00  0.9736E+00
 -14.876  0.3701E+00  0.9773E+00
 -14.866  0.3685E+00  0.9810E+00
 -14.856  0.3669E+00  0.9846E+00
 -14.846  0.3654E+00  0.9883E+00
 -14.836  0.3640E+00  0.9919E+00
 -14.826  0.3625E+00  0.9955E+00
 -14.816  0.3611E+00  0.9992E+00
 -14.806  0.3598E+00  0.1003E+01
 -14.796  0.3585E+00  0.1006E+01
 -14.786  0.3572E+00  0.1010E+01
 -14.776  0.3559E+00  0.1013E+01
 -14.766  0.3547E+00  0.1017E+01
 -14.756  0.3535E+00  0.1021E+01
 -14.746  0.3523E+00  0.1024E+01
 -14.736  0.3512E+00  0.1028E+01
 -14.726  0.3500E+00  0.1031E+01
 -14.716  0.3489E+00  0.1035E+01
 -14.706  0.3478E+00  0.1038E+01
 -14.696  0.3467E+00  0.1042E+01
 -14.686  0.3457E+00  0.1045E+01
 -14.676  0.3446E+00  0.1048E+01
 -14.666  0.3436E+00  0.1052E+01
 -14.656  0.3426E+00  0.1055E+01
 -14.646  0.3416E+00  0.1059E+01
 -14.636  0.3406E+00  0.1062E+01
 -14.626  0.3396E+00  0.1065E+01
 -14.616  0.3387E+00  0.1069E+01
 -14.606  0.3377E+00  0.1072E+01
 -14.596  0.3368E+00  0.1076E+01
 -14.586  0.3358E+00  0.1079E+01
 -14.576  0.3349E+00  0.1082E+01
 -14.566  0.3340E+00  0.1086E+01
 -14.556  0.3331E+00  0.1089E+01
 -14.546  0.3322E+00  0.1092E+01
 -14.536  0.3314E+00  0.1096E+01
 -14.526  0.3305E+00  0.1099E+01
 -14.516  0.3296E+00  0.1102E+01
 -14.506  0.3288E+00  0.1106E+01
 -14.496  0.3279E+00  0.1109E+01
 -14.486  0.3271E+00  0.1112E+01
 -14.476  0.3263E+00  0.1115E+01
 -14.466  0.3254E+00  0.1119E+01
 -14.456  0.3246E+00  0.1122E+01
 -14.446  0.3238E+00  0.1125E+01
 -14.436  0.3230E+00  0.1128E+01
 -14.426  0.3222E+00  0.1132E+01
 -14.416  0.3214E+00  0.1135E+01
 -14.406  0.3207E+00  0.1138E+01
 -14.396  0.3199E+00  0.1141E+01
 -14.386  0.3191E+00  0.1144E+01
 -14.376  0.3184E+00  0.1148E+01
 -14.366  0.3176E+00  0.1151E+01
 -14.356  0.3168E+00  0.1154E+01
 -14.346  0.3161E+00  0.1157E+01
 -14.336  0.3154E+00  0.1160E+01
 -14.326  0.3146E+00  0.1163E+01
 -14.316  0.3139E+00  0.1166E+01
 -14.306  0.3132E+00  0.1170E+01
 -14.296  0.3125E+00  0.1173E+01
 -14.286  0.3117E+00  0.1176E+01
 -14.276  0.3110E+00  0.1179E+01
 -14.266  0.3103E+00  0.1182E+01
 -14.256  0.3096E+00  0.1185E+01
 -14.246  0.3089E+00  0.1188E+01
 -14.236  0.3082E+00  0.1191E+01
 -14.226  0.3075E+00  0.1194E+01
 -14.216  0.3069E+00  0.1197E+01
 -14.206  0.3062E+00  0.1201E+01
 -14.196  0.3055E+00  0.1204E+01
 -14.186  0.3048E+00  0.1207E+01
 -14.176  0.3042E+00  0.1210E+01
 -14.166  0.3035E+00  0.1213E+01
 -14.156  0.3028E+00  0.1216E+01
 -14.146  0.3022E+00  0.1219E+01
 -14.136  0.3015E+00  0.1222E+01
 -14.126  0.3009E+00  0.1225E+01
 -14.116  0.3002E+00  0.1228E+01
 -14.106  0.2996E+00  0.1231E+01
 -14.096  0.2989E+00  0.1234E+01
 -14.086  0.2983E+00  0.1237E+01
 -14.076  0.2977E+00  0.1240E+01
 -14.066  0.2970E+00  0.1243E+01
 -14.056  0.2964E+00  0.1246E+01
 -14.046  0.2958E+00  0.1249E+01
 -14.036  0.2952E+00  0.1252E+01
 -14.026  0.2946E+00  0.1255E+01
 -14.016  0.2939E+00  0.1257E+01
 -14.006  0.2933E+00  0.1260E+01
 -13.996  0.2927E+00  0.1263E+01
 -13.986  0.2921E+00  0.1266E+01
 -13.976  0.2915E+00  0.1269E+01
 -13.966  0.2909E+00  0.1272E+01
 -13.956  0.2904E+00  0.1275E+01
 -13.946  0.2898E+00  0.1278E+01
 -13.936  0.2892E+00  0.1281E+01
 -13.926  0.2886E+00  0.1284E+01
 -13.916  0.2881E+00  0.1287E+01
 -13.906  0.2875E+00  0.1289E+01
 -13.896  0.2870E+00  0.1292E+01
 -13.886  0.2864E+00  0.1295E+01
 -13.876  0.2859E+00  0.1298E+01
 -13.866  0.2854E+00  0.1301E+01
 -13.856  0.2849E+00  0.1304E+01
 -13.846  0.2845E+00  0.1307E+01
 -13.836  0.2840E+00  0.1309E+01
 -13.826  0.2836E+00  0.1312E+01
 -13.816  0.2832E+00  0.1315E+01
 -13.806  0.2829E+00  0.1318E+01
 -13.796  0.2825E+00  0.1321E+01
 -13.786  0.2822E+00  0.1324E+01
 -13.776  0.2820E+00  0.1326E+01
 -13.766  0.2818E+00  0.1329E+01
 -13.756  0.2817E+00  0.1332E+01
 -13.746  0.2816E+00  0.1335E+01
 -13.736  0.2816E+00  0.1338E+01
 -13.726  0.2817E+00  0.1340E+01
 -13.716  0.2819E+00  0.1343E+01
 -13.706  0.2821E+00  0.1346E+01
 -13.696  0.2824E+00  0.1349E+01
 -13.686  0.2829E+00  0.1352E+01
 -13.676  0.2834E+00  0.1355E+01
 -13.666  0.2840E+00  0.1357E+01
 -13.656  0.2848E+00  0.1360E+01
 -13.646  0.2857E+00  0.1363E+01
 -13.636  0.2866E+00  0.1366E+01
 -13.626  0.2877E+00  0.1369E+01
 -13.616  0.2890E+00  0.1372E+01
 -13.606  0.2903E+00  0.1375E+01
 -13.596  0.2917E+00  0.1378E+01
 -13.586  0.2933E+00  0.1380E+01
 -13.576  0.2950E+00  0.1383E+01
 -13.566  0.2968E+00  0.1386E+01
 -13.556  0.2986E+00  0.1389E+01
 -13.546  0.3006E+00  0.1392E+01
 -13.536  0.3026E+00  0.1395E+01
 -13.526  0.3048E+00  0.1398E+01
 -13.516  0.3069E+00  0.1402E+01
 -13.506  0.3092E+00  0.1405E+01
 -13.496  0.3114E+00  0.1408E+01
 -13.486  0.3137E+00  0.1411E+01
 -13.476  0.3160E+00  0.1414E+01
 -13.466  0.3183E+00  0.1417E+01
 -13.456  0.3206E+00  0.1420E+01
 -13.446  0.3229E+00  0.1424E+01
 -13.436  0.3251E+00  0.1427E+01
 -13.426  0.3273E+00  0.1430E+01
 -13.416  0.3294E+00  0.1433E+01
 -13.406  0.3315E+00  0.1437E+01
 -13.396  0.3335E+00  0.1440E+01
 -13.386  0.3354E+00  0.1443E+01
 -13.376  0.3372E+00  0.1447E+01
 -13.366  0.3390E+00  0.1450E+01
 -13.356  0.3406E+00  0.1454E+01
 -13.346  0.3422E+00  0.1457E+01
 -13.336  0.3437E+00  0.1461E+01
 -13.326  0.3450E+00  0.1464E+01
 -13.316  0.3463E+00  0.1467E+01
 -13.306  0.3475E+00  0.1471E+01
 -13.296  0.3486E+00  0.1474E+01
 -13.286  0.3496E+00  0.1478E+01
 -13.276  0.3506E+00  0.1481E+01
 -13.266  0.3514E+00  0.1485E+01
 -13.256  0.3522E+00  0.1488E+01
 -13.246  0.3529E+00  0.1492E+01
 -13.236  0.3536E+00  0.1495E+01
 -13.226  0.3542E+00  0.1499E+01
 -13.216  0.3547E+00  0.1503E+01
 -13.206  0.3552E+00  0.1506E+01
 -13.196  0.3557E+00  0.1510E+01
 -13.186  0.3561E+00  0.1513E+01
 -13.176  0.3565E+00  0.1517E+01
 -13.166  0.3569E+00  0.1520E+01
 -13.156  0.3572E+00  0.1524E+01
 -13.146  0.3575E+00  0.1528E+01
 -13.136  0.3578E+00  0.1531E+01
 -13.126  0.3581E+00  0.1535E+01
 -13.116  0.3583E+00  0.1538E+01
 -13.106  0.3586E+00  0.1542E+01
 -13.096  0.3588E+00  0.1545E+01
 -13.086  0.3590E+00  0.1549E+01
 -13.076  0.3592E+00  0.1553E+01
 -13.066  0.3595E+00  0.1556E+01
 -13.056  0.3597E+00  0.1560E+01
 -13.046  0.3599E+00  0.1563E+01
 -13.036  0.3601E+00  0.1567E+01
 -13.026  0.3603E+00  0.1571E+01
 -13.016  0.3605E+00  0.1574E+01
 -13.006  0.3607E+00  0.1578E+01
 -12.996  0.3609E+00  0.1581E+01
 -12.986  0.3611E+00  0.1585E+01
 -12.976  0.3613E+00  0.1589E+01
 -12.966  0.3615E+00  0.1592E+01
 -12.956  0.3617E+00  0.1596E+01
 -12.946  0.3619E+00  0.1600E+01
 -12.936  0.3621E+00  0.1603E+01
 -12.926  0.3623E+00  0.1607E+01
 -12.916  0.3624E+00  0.1610E+01
 -12.906  0.3626E+00  0.1614E+01
 -12.896  0.3628E+00  0.1618E+01
 -12.886  0.3630E+00  0.1621E+01
 -12.876  0.3632E+00  0.1625E+01
 -12.866  0.3634E+00  0.1629E+01
 -12.856  0.3636E+00  0.1632E+01
 -12.846  0.3638E+00  0.1636E+01
 -12.836  0.3640E+00  0.1639E+01
 -12.826  0.3642E+00  0.1643E+01
 -12.816  0.3644E+00  0.1647E+01
 -12.806  0.3646E+00  0.1650E+01
 -12.796  0.3649E+00  0.1654E+01
 -12.786  0.3651E+00  0.1658E+01
 -12.776  0.3653E+00  0.1661E+01
 -12.766  0.3655E+00  0.1665E+01
 -12.756  0.3657E+00  0.1669E+01
 -12.746  0.3660E+00  0.1672E+01
 -12.736  0.3662E+00  0.1676E+01
 -12.726  0.3664E+00  0.1680E+01
 -12.716  0.3666E+00  0.1683E+01
 -12.706  0.3668E+00  0.1687E+01
 -12.696  0.3670E+00  0.1691E+01
 -12.686  0.3672E+00  0.1694E+01
 -12.676  0.3674E+00  0.1698E+01
 -12.666  0.3676E+00  0.1702E+01
 -12.656  0.3679E+00  0.1705E+01
 -12.646  0.3681E+00  0.1709E+01
 -12.636  0.3683E+00  0.1713E+01
 -12.626  0.3685E+00  0.1716E+01
 -12.616  0.3687E+00  0.1720E+01
 -12.606  0.3689E+00  0.1724E+01
 -12.596  0.3691E+00  0.1727E+01
 -12.586  0.3694E+00  0.1731E+01
 -12.576  0.3696E+00  0.1735E+01
 -12.566  0.3699E+00  0.1739E+01
 -12.556  0.3701E+00  0.1742E+01
 -12.546  0.3704E+00  0.1746E+01
 -12.536  0.3706E+00  0.1750E+01
 -12.526  0.3709E+00  0.1753E+01
 -12.516  0.3711E+00  0.1757E+01
 -12.506  0.3714E+00  0.1761E+01
 -12.496  0.3716E+00  0.1765E+01
 -12.486  0.3719E+00  0.1768E+01
 -12.476  0.3721E+00  0.1772E+01
 -12.466  0.3723E+00  0.1776E+01
 -12.456  0.3726E+00  0.1779E+01
 -12.446  0.3728E+00  0.1783E+01
 -12.436  0.3730E+00  0.1787E+01
 -12.426  0.3732E+00  0.1791E+01
 -12.416  0.3735E+00  0.1794E+01
 -12.406  0.3737E+00  0.1798E+01
 -12.396  0.3739E+00  0.1802E+01
 -12.386  0.3742E+00  0.1806E+01
 -12.376  0.3744E+00  0.1809E+01
 -12.366  0.3746E+00  0.1813E+01
 -12.356  0.3749E+00  0.1817E+01
 -12.346  0.3751E+00  0.1821E+01
 -12.336  0.3754E+00  0.1824E+01
 -12.326  0.3757E+00  0.1828E+01
 -12.316  0.3760E+00  0.1832E+01
 -12.306  0.3762E+00  0.1836E+01
 -12.296  0.3765E+00  0.1839E+01
 -12.286  0.3768E+00  0.1843E+01
 -12.276  0.3771E+00  0.1847E+01
 -12.266  0.3774E+00  0.1851E+01
 -12.256  0.3777E+00  0.1854E+01
 -12.246  0.3780E+00  0.1858E+01
 -12.236  0.3782E+00  0.1862E+01
 -12.226  0.3785E+00  0.1866E+01
 -12.216  0.3788E+00  0.1870E+01
 -12.206  0.3790E+00  0.1873E+01
 -12.196  0.3793E+00  0.1877E+01
 -12.186  0.3796E+00  0.1881E+01
 -12.176  0.3798E+00  0.1885E+01
 -12.166  0.3801E+00  0.1889E+01
 -12.156  0.3803E+00  0.1892E+01
 -12.146  0.3806E+00  0.1896E+01
 -12.136  0.3808E+00  0.1900E+01
 -12.126  0.3811E+00  0.1904E+01
 -12.116  0.3814E+00  0.1908E+01
 -12.106  0.3816E+00  0.1911E+01
 -12.096  0.3819E+00  0.1915E+01
 -12.086  0.3822E+00  0.1919E+01
 -12.076  0.3825E+00  0.1923E+01
 -12.066  0.3828E+00  0.1927E+01
 -12.056  0.3832E+00  0.1931E+01
 -12.046  0.3835E+00  0.1934E+01
 -12.036  0.3838E+00  0.1938E+01
 -12.026  0.3842E+00  0.1942E+01
 -12.016  0.3845E+00  0.1946E+01
 -12.006  0.3848E+00  0.1950E+01
 -11.996  0.3851E+00  0.1954E+01
 -11.986  0.3855E+00  0.1957E+01
 -11.976  0.3858E+00  0.1961E+01
 -11.966  0.3861E+00  0.1965E+01
 -11.956  0.3864E+00  0.1969E+01
 -11.946  0.3867E+00  0.1973E+01
 -11.936  0.3870E+00  0.1977E+01
 -11.926  0.3873E+00  0.1981E+01
 -11.916  0.3876E+00  0.1985E+01
 -11.906  0.3878E+00  0.1988E+01
 -11.896  0.3881E+00  0.1992E+01
 -11.886  0.3884E+00  0.1996E+01
 -11.876  0.3887E+00  0.2000E+01
 -11.866  0.3890E+00  0.2004E+01
 -11.856  0.3894E+00  0.2008E+01
 -11.846  0.3897E+00  0.2012E+01
 -11.836  0.3900E+00  0.2016E+01
 -11.826  0.3904E+00  0.2020E+01
 -11.816  0.3907E+00  0.2023E+01
 -11.806  0.3911E+00  0.2027E+01
 -11.796  0.3915E+00  0.2031E+01
 -11.786  0.3918E+00  0.2035E+01
 -11.776  0.3922E+00  0.2039E+01
 -11.766  0.3926E+00  0.2043E+01
 -11.756  0.3930E+00  0.2047E+01
 -11.746  0.3933E+00  0.2051E+01
 -11.736  0.3937E+00  0.2055E+01
 -11.726  0.3941E+00  0.2059E+01
 -11.716  0.3944E+00  0.2063E+01
 -11.706  0.3948E+00  0.2067E+01
 -11.696  0.3951E+00  0.2071E+01
 -11.686  0.3955E+00  0.2075E+01
 -11.676  0.3958E+00  0.2079E+01
 -11.666  0.3962E+00  0.2082E+01
 -11.656  0.3965E+00  0.2086E+01
 -11.646  0.3968E+00  0.2090E+01
 -11.636  0.3972E+00  0.2094E+01
 -11.626  0.3975E+00  0.2098E+01
 -11.616  0.3979E+00  0.2102E+01
 -11.606  0.3983E+00  0.2106E+01
 -11.596  0.3986E+00  0.2110E+01
 -11.586  0.3990E+00  0.2114E+01
 -11.576  0.3994E+00  0.2118E+01
 -11.566  0.3998E+00  0.2122E+01
 -11.556  0.4002E+00  0.2126E+01
 -11.546  0.4006E+00  0.2130E+01
 -11.536  0.4011E+00  0.2134E+01
 -11.526  0.4015E+00  0.2138E+01
 -11.516  0.4019E+00  0.2142E+01
 -11.506  0.4024E+00  0.2146E+01
 -11.496  0.4028E+00  0.2150E+01
 -11.486  0.4032E+00  0.2154E+01
 -11.476  0.4037E+00  0.2158E+01
 -11.466  0.4041E+00  0.2163E+01
 -11.456  0.4045E+00  0.2167E+01
 -11.446  0.4049E+00  0.2171E+01
 -11.436  0.4053E+00  0.2175E+01
 -11.426  0.4057E+00  0.2179E+01
 -11.416  0.4062E+00  0.2183E+01
 -11.406  0.4066E+00  0.2187E+01
 -11.396  0.4070E+00  0.2191E+01
 -11.386  0.4074E+00  0.2195E+01
 -11.376  0.4078E+00  0.2199E+01
 -11.366  0.4082E+00  0.2203E+01
 -11.356  0.4086E+00  0.2207E+01
 -11.346  0.4091E+00  0.2211E+01
 -11.336  0.4095E+00  0.2215E+01
 -11.326  0.4100E+00  0.2220E+01
 -11.316  0.4104E+00  0.2224E+01
 -11.306  0.4109E+00  0.2228E+01
 -11.296  0.4114E+00  0.2232E+01
 -11.286  0.4119E+00  0.2236E+01
 -11.276  0.4124E+00  0.2240E+01
 -11.266  0.4129E+00  0.2244E+01
 -11.256  0.4134E+00  0.2248E+01
 -11.246  0.4139E+00  0.2252E+01
 -11.236  0.4144E+00  0.2257E+01
 -11.226  0.4149E+00  0.2261E+01
 -11.216  0.4154E+00  0.2265E+01
 -11.206  0.4159E+00  0.2269E+01
 -11.196  0.4164E+00  0.2273E+01
 -11.186  0.4169E+00  0.2277E+01
 -11.176  0.4174E+00  0.2282E+01
 -11.166  0.4179E+00  0.2286E+01
 -11.156  0.4184E+00  0.2290E+01
 -11.146  0.4189E+00  0.2294E+01
 -11.136  0.4194E+00  0.2298E+01
 -11.126  0.4199E+00  0.2303E+01
 -11.116  0.4204E+00  0.2307E+01
 -11.106  0.4209E+00  0.2311E+01
 -11.096  0.4214E+00  0.2315E+01
 -11.086  0.4220E+00  0.2319E+01
 -11.076  0.4225E+00  0.2324E+01
 -11.066  0.4231E+00  0.2328E+01
 -11.056  0.4237E+00  0.2332E+01
 -11.046  0.4243E+00  0.2336E+01
 -11.036  0.4249E+00  0.2341E+01
 -11.026  0.4255E+00  0.2345E+01
 -11.016  0.4261E+00  0.2349E+01
 -11.006  0.4268E+00  0.2353E+01
 -10.996  0.4274E+00  0.2358E+01
 -10.986  0.4281E+00  0.2362E+01
 -10.976  0.4288E+00  0.2366E+01
 -10.966  0.4295E+00  0.2370E+01
 -10.956  0.4302E+00  0.2375E+01
 -10.946  0.4309E+00  0.2379E+01
 -10.936  0.4317E+00  0.2383E+01
 -10.926  0.4325E+00  0.2388E+01
 -10.916  0.4334E+00  0.2392E+01
 -10.906  0.4343E+00  0.2396E+01
 -10.896  0.4353E+00  0.2401E+01
 -10.886  0.4363E+00  0.2405E+01
 -10.876  0.4374E+00  0.2410E+01
 -10.866  0.4387E+00  0.2414E+01
 -10.856  0.4400E+00  0.2418E+01
 -10.846  0.4415E+00  0.2423E+01
 -10.836  0.4431E+00  0.2427E+01
 -10.826  0.4449E+00  0.2432E+01
 -10.816  0.4468E+00  0.2436E+01
 -10.806  0.4489E+00  0.2441E+01
 -10.796  0.4512E+00  0.2445E+01
 -10.786  0.4538E+00  0.2450E+01
 -10.776  0.4565E+00  0.2454E+01
 -10.766  0.4595E+00  0.2459E+01
 -10.756  0.4628E+00  0.2463E+01
 -10.746  0.4663E+00  0.2468E+01
 -10.736  0.4701E+00  0.2473E+01
 -10.726  0.4742E+00  0.2477E+01
 -10.716  0.4786E+00  0.2482E+01
 -10.706  0.4833E+00  0.2487E+01
 -10.696  0.4883E+00  0.2492E+01
 -10.686  0.4936E+00  0.2497E+01
 -10.676  0.4992E+00  0.2502E+01
 -10.666  0.5051E+00  0.2507E+01
 -10.656  0.5114E+00  0.2512E+01
 -10.646  0.5179E+00  0.2517E+01
 -10.636  0.5247E+00  0.2523E+01
 -10.626  0.5317E+00  0.2528E+01
 -10.616  0.5390E+00  0.2533E+01
 -10.606  0.5465E+00  0.2539E+01
 -10.596  0.5541E+00  0.2544E+01
 -10.586  0.5620E+00  0.2550E+01
 -10.576  0.5699E+00  0.2556E+01
 -10.566  0.5779E+00  0.2561E+01
 -10.556  0.5860E+00  0.2567E+01
 -10.546  0.5940E+00  0.2573E+01
 -10.536  0.6021E+00  0.2579E+01
 -10.526  0.6100E+00  0.2585E+01
 -10.516  0.6179E+00  0.2591E+01
 -10.506  0.6257E+00  0.2598E+01
 -10.496  0.6333E+00  0.2604E+01
 -10.486  0.6407E+00  0.2610E+01
 -10.476  0.6479E+00  0.2617E+01
 -10.466  0.6548E+00  0.2623E+01
 -10.456  0.6615E+00  0.2630E+01
 -10.446  0.6680E+00  0.2637E+01
 -10.436  0.6741E+00  0.2643E+01
 -10.426  0.6800E+00  0.2650E+01
 -10.416  0.6855E+00  0.2657E+01
 -10.406  0.6908E+00  0.2664E+01
 -10.396  0.6958E+00  0.2671E+01
 -10.386  0.7005E+00  0.2678E+01
 -10.376  0.7049E+00  0.2685E+01
 -10.366  0.7090E+00  0.2692E+01
 -10.356  0.7129E+00  0.2699E+01
 -10.346  0.7165E+00  0.2706E+01
 -10.336  0.7199E+00  0.2714E+01
 -10.326  0.7230E+00  0.2721E+01
 -10.316  0.7260E+00  0.2728E+01
 -10.306  0.7288E+00  0.2735E+01
 -10.296  0.7314E+00  0.2743E+01
 -10.286  0.7338E+00  0.2750E+01
 -10.276  0.7362E+00  0.2757E+01
 -10.266  0.7384E+00  0.2765E+01
 -10.256  0.7404E+00  0.2772E+01
 -10.246  0.7424E+00  0.2780E+01
 -10.236  0.7443E+00  0.2787E+01
 -10.226  0.7462E+00  0.2795E+01
 -10.216  0.7479E+00  0.2802E+01
 -10.206  0.7497E+00  0.2810E+01
 -10.196  0.7513E+00  0.2817E+01
 -10.186  0.7530E+00  0.2825E+01
 -10.176  0.7546E+00  0.2832E+01
 -10.166  0.7562E+00  0.2840E+01
 -10.156  0.7578E+00  0.2847E+01
 -10.146  0.7594E+00  0.2855E+01
 -10.136  0.7610E+00  0.2862E+01
 -10.126  0.7625E+00  0.2870E+01
 -10.116  0.7641E+00  0.2878E+01
 -10.106  0.7657E+00  0.2885E+01
 -10.096  0.7673E+00  0.2893E+01
 -10.086  0.7690E+00  0.2901E+01
 -10.076  0.7706E+00  0.2908E+01
 -10.066  0.7723E+00  0.2916E+01
 -10.056  0.7740E+00  0.2924E+01
 -10.046  0.7757E+00  0.2932E+01
 -10.036  0.7775E+00  0.2939E+01
 -10.026  0.7793E+00  0.2947E+01
 -10.016  0.7811E+00  0.2955E+01
 -10.006  0.7830E+00  0.2963E+01
  -9.996  0.7849E+00  0.2971E+01
  -9.986  0.7868E+00  0.2979E+01
  -9.976  0.7887E+00  0.2986E+01
  -9.966  0.7907E+00  0.2994E+01
  -9.956  0.7928E+00  0.3002E+01
  -9.946  0.7948E+00  0.3010E+01
  -9.936  0.7969E+00  0.3018E+01
  -9.926  0.7991E+00  0.3026E+01
  -9.916  0.8012E+00  0.3034E+01
  -9.906  0.8035E+00  0.3042E+01
  -9.896  0.8057E+00  0.3050E+01
  -9.886  0.8081E+00  0.3058E+01
  -9.876  0.8104E+00  0.3067E+01
  -9.866  0.8129E+00  0.3075E+01
  -9.856  0.8154E+00  0.3083E+01
  -9.846  0.8179E+00  0.3091E+01
  -9.836  0.8205E+00  0.3099E+01
  -9.826  0.8232E+00  0.3107E+01
  -9.816  0.8260E+00  0.3116E+01
  -9.806  0.8289E+00  0.3124E+01
  -9.796  0.8318E+00  0.3132E+01
  -9.786  0.8349E+00  0.3141E+01
  -9.776  0.8380E+00  0.3149E+01
  -9.766  0.8413E+00  0.3157E+01
  -9.756  0.8446E+00  0.3166E+01
  -9.746  0.8481E+00  0.3174E+01
  -9.736  0.8517E+00  0.3183E+01
  -9.726  0.8554E+00  0.3191E+01
  -9.716  0.8592E+00  0.3200E+01
  -9.706  0.8632E+00  0.3209E+01
  -9.696  0.8673E+00  0.3217E+01
  -9.686  0.8716E+00  0.3226E+01
  -9.676  0.8760E+00  0.3235E+01
  -9.666  0.8806E+00  0.3244E+01
  -9.656  0.8854E+00  0.3252E+01
  -9.646  0.8903E+00  0.3261E+01
  -9.636  0.8955E+00  0.3270E+01
  -9.626  0.9008E+00  0.3279E+01
  -9.616  0.9063E+00  0.3288E+01
  -9.606  0.9120E+00  0.3298E+01
  -9.596  0.9179E+00  0.3307E+01
  -9.586  0.9240E+00  0.3316E+01
  -9.576  0.9303E+00  0.3325E+01
  -9.566  0.9368E+00  0.3335E+01
  -9.556  0.9434E+00  0.3344E+01
  -9.546  0.9501E+00  0.3354E+01
  -9.536  0.9570E+00  0.3363E+01
  -9.526  0.9640E+00  0.3373E+01
  -9.516  0.9711E+00  0.3382E+01
  -9.506  0.9782E+00  0.3392E+01
  -9.496  0.9853E+00  0.3402E+01
  -9.486  0.9924E+00  0.3412E+01
  -9.476  0.9994E+00  0.3422E+01
  -9.466  0.1006E+01  0.3432E+01
  -9.456  0.1013E+01  0.3442E+01
  -9.446  0.1020E+01  0.3452E+01
  -9.436  0.1026E+01  0.3463E+01
  -9.426  0.1032E+01  0.3473E+01
  -9.416  0.1037E+01  0.3483E+01
  -9.406  0.1043E+01  0.3494E+01
  -9.396  0.1047E+01  0.3504E+01
  -9.386  0.1052E+01  0.3515E+01
  -9.376  0.1055E+01  0.3525E+01
  -9.366  0.1058E+01  0.3536E+01
  -9.356  0.1061E+01  0.3547E+01
  -9.346  0.1063E+01  0.3557E+01
  -9.336  0.1064E+01  0.3568E+01
  -9.326  0.1064E+01  0.3578E+01
  -9.316  0.1064E+01  0.3589E+01
  -9.306  0.1063E+01  0.3600E+01
  -9.296  0.1062E+01  0.3610E+01
  -9.286  0.1060E+01  0.3621E+01
  -9.276  0.1057E+01  0.3631E+01
  -9.266  0.1054E+01  0.3642E+01
  -9.256  0.1050E+01  0.3653E+01
  -9.246  0.1045E+01  0.3663E+01
  -9.236  0.1040E+01  0.3673E+01
  -9.226  0.1034E+01  0.3684E+01
  -9.216  0.1028E+01  0.3694E+01
  -9.206  0.1022E+01  0.3704E+01
  -9.196  0.1015E+01  0.3714E+01
  -9.186  0.1008E+01  0.3724E+01
  -9.176  0.1001E+01  0.3734E+01
  -9.166  0.9935E+00  0.3744E+01
  -9.156  0.9859E+00  0.3754E+01
  -9.146  0.9783E+00  0.3764E+01
  -9.136  0.9706E+00  0.3774E+01
  -9.126  0.9628E+00  0.3783E+01
  -9.116  0.9552E+00  0.3793E+01
  -9.106  0.9475E+00  0.3802E+01
  -9.096  0.9400E+00  0.3812E+01
  -9.086  0.9326E+00  0.3821E+01
  -9.076  0.9253E+00  0.3830E+01
  -9.066  0.9182E+00  0.3840E+01
  -9.056  0.9113E+00  0.3849E+01
  -9.046  0.9045E+00  0.3858E+01
  -9.036  0.8980E+00  0.3867E+01
  -9.026  0.8916E+00  0.3876E+01
  -9.016  0.8855E+00  0.3884E+01
  -9.006  0.8795E+00  0.3893E+01
  -8.996  0.8738E+00  0.3902E+01
  -8.986  0.8682E+00  0.3911E+01
  -8.976  0.8628E+00  0.3919E+01
  -8.966  0.8576E+00  0.3928E+01
  -8.956  0.8526E+00  0.3936E+01
  -8.946  0.8477E+00  0.3945E+01
  -8.936  0.8431E+00  0.3953E+01
  -8.926  0.8385E+00  0.3962E+01
  -8.916  0.8341E+00  0.3970E+01
  -8.906  0.8299E+00  0.3978E+01
  -8.896  0.8257E+00  0.3987E+01
  -8.886  0.8217E+00  0.3995E+01
  -8.876  0.8179E+00  0.4003E+01
  -8.866  0.8141E+00  0.4011E+01
  -8.856  0.8104E+00  0.4019E+01
  -8.846  0.8069E+00  0.4027E+01
  -8.836  0.8034E+00  0.4035E+01
  -8.826  0.8001E+00  0.4043E+01
  -8.816  0.7968E+00  0.4051E+01
  -8.806  0.7936E+00  0.4059E+01
  -8.796  0.7905E+00  0.4067E+01
  -8.786  0.7875E+00  0.4075E+01
  -8.776  0.7845E+00  0.4083E+01
  -8.766  0.7816E+00  0.4091E+01
  -8.756  0.7788E+00  0.4098E+01
  -8.746  0.7760E+00  0.4106E+01
  -8.736  0.7733E+00  0.4114E+01
  -8.726  0.7706E+00  0.4122E+01
  -8.716  0.7680E+00  0.4129E+01
  -8.706  0.7654E+00  0.4137E+01
  -8.696  0.7629E+00  0.4145E+01
  -8.686  0.7604E+00  0.4152E+01
  -8.676  0.7580E+00  0.4160E+01
  -8.666  0.7556E+00  0.4167E+01
  -8.656  0.7532E+00  0.4175E+01
  -8.646  0.7509E+00  0.4182E+01
  -8.636  0.7486E+00  0.4190E+01
  -8.626  0.7463E+00  0.4197E+01
  -8.616  0.7441E+00  0.4205E+01
  -8.606  0.7419E+00  0.4212E+01
  -8.596  0.7397E+00  0.4220E+01
  -8.586  0.7376E+00  0.4227E+01
  -8.576  0.7355E+00  0.4234E+01
  -8.566  0.7335E+00  0.4242E+01
  -8.556  0.7315E+00  0.4249E+01
  -8.546  0.7295E+00  0.4256E+01
  -8.536  0.7275E+00  0.4264E+01
  -8.526  0.7256E+00  0.4271E+01
  -8.516  0.7237E+00  0.4278E+01
  -8.506  0.7218E+00  0.4285E+01
  -8.496  0.7200E+00  0.4292E+01
  -8.486  0.7181E+00  0.4300E+01
  -8.476  0.7163E+00  0.4307E+01
  -8.466  0.7145E+00  0.4314E+01
  -8.456  0.7128E+00  0.4321E+01
  -8.446  0.7110E+00  0.4328E+01
  -8.436  0.7093E+00  0.4335E+01
  -8.426  0.7076E+00  0.4342E+01
  -8.416  0.7059E+00  0.4349E+01
  -8.406  0.7042E+00  0.4356E+01
  -8.396  0.7026E+00  0.4364E+01
  -8.386  0.7009E+00  0.4371E+01
  -8.376  0.6993E+00  0.4378E+01
  -8.366  0.6977E+00  0.4384E+01
  -8.356  0.6961E+00  0.4391E+01
  -8.346  0.6945E+00  0.4398E+01
  -8.336  0.6930E+00  0.4405E+01
  -8.326  0.6914E+00  0.4412E+01
  -8.316  0.6899E+00  0.4419E+01
  -8.306  0.6884E+00  0.4426E+01
  -8.296  0.6870E+00  0.4433E+01
  -8.286  0.6855E+00  0.4440E+01
  -8.276  0.6841E+00  0.4447E+01
  -8.266  0.6827E+00  0.4453E+01
  -8.256  0.6813E+00  0.4460E+01
  -8.246  0.6799E+00  0.4467E+01
  -8.236  0.6785E+00  0.4474E+01
  -8.226  0.6771E+00  0.4481E+01
  -8.216  0.6758E+00  0.4487E+01
  -8.206  0.6744E+00  0.4494E+01
  -8.196  0.6731E+00  0.4501E+01
  -8.186  0.6718E+00  0.4508E+01
  -8.176  0.6704E+00  0.4514E+01
  -8.166  0.6691E+00  0.4521E+01
  -8.156  0.6678E+00  0.4528E+01
  -8.146  0.6665E+00  0.4534E+01
  -8.136  0.6653E+00  0.4541E+01
  -8.126  0.6640E+00  0.4548E+01
  -8.116  0.6628E+00  0.4554E+01
  -8.106  0.6615E+00  0.4561E+01
  -8.096  0.6603E+00  0.4567E+01
  -8.086  0.6591E+00  0.4574E+01
  -8.076  0.6579E+00  0.4581E+01
  -8.066  0.6567E+00  0.4587E+01
  -8.056  0.6555E+00  0.4594E+01
  -8.046  0.6544E+00  0.4600E+01
  -8.036  0.6532E+00  0.4607E+01
  -8.026  0.6521E+00  0.4613E+01
  -8.016  0.6510E+00  0.4620E+01
  -8.006  0.6499E+00  0.4626E+01
  -7.996  0.6488E+00  0.4633E+01
  -7.986  0.6477E+00  0.4639E+01
  -7.976  0.6466E+00  0.4646E+01
  -7.966  0.6455E+00  0.4652E+01
  -7.956  0.6444E+00  0.4659E+01
  -7.946  0.6433E+00  0.4665E+01
  -7.936  0.6423E+00  0.4671E+01
  -7.926  0.6412E+00  0.4678E+01
  -7.916  0.6402E+00  0.4684E+01
  -7.906  0.6391E+00  0.4691E+01
  -7.896  0.6381E+00  0.4697E+01
  -7.886  0.6371E+00  0.4703E+01
  -7.876  0.6360E+00  0.4710E+01
  -7.866  0.6350E+00  0.4716E+01
  -7.856  0.6340E+00  0.4722E+01
  -7.846  0.6330E+00  0.4729E+01
  -7.836  0.6321E+00  0.4735E+01
  -7.826  0.6311E+00  0.4741E+01
  -7.816  0.6301E+00  0.4748E+01
  -7.806  0.6292E+00  0.4754E+01
  -7.796  0.6283E+00  0.4760E+01
  -7.786  0.6273E+00  0.4767E+01
  -7.776  0.6264E+00  0.4773E+01
  -7.766  0.6255E+00  0.4779E+01
  -7.756  0.6246E+00  0.4785E+01
  -7.746  0.6237E+00  0.4792E+01
  -7.736  0.6228E+00  0.4798E+01
  -7.726  0.6219E+00  0.4804E+01
  -7.716  0.6210E+00  0.4810E+01
  -7.706  0.6201E+00  0.4816E+01
  -7.696  0.6192E+00  0.4823E+01
  -7.686  0.6184E+00  0.4829E+01
  -7.676  0.6175E+00  0.4835E+01
  -7.666  0.6166E+00  0.4841E+01
  -7.656  0.6158E+00  0.4847E+01
  -7.646  0.6149E+00  0.4853E+01
  -7.636  0.6141E+00  0.4860E+01
  -7.626  0.6133E+00  0.4866E+01
  -7.616  0.6124E+00  0.4872E+01
  -7.606  0.6116E+00  0.4878E+01
  -7.596  0.6108E+00  0.4884E+01
  -7.586  0.6100E+00  0.4890E+01
  -7.576  0.6092E+00  0.4896E+01
  -7.566  0.6084E+00  0.4902E+01
  -7.556  0.6076E+00  0.4908E+01
  -7.546  0.6069E+00  0.4915E+01
  -7.536  0.6061E+00  0.4921E+01
  -7.526  0.6053E+00  0.4927E+01
  -7.516  0.6046E+00  0.4933E+01
  -7.506  0.6038E+00  0.4939E+01
  -7.496  0.6031E+00  0.4945E+01
  -7.486  0.6024E+00  0.4951E+01
  -7.476  0.6016E+00  0.4957E+01
  -7.466  0.6009E+00  0.4963E+01
  -7.456  0.6001E+00  0.4969E+01
  -7.446  0.5994E+00  0.4975E+01
  -7.436  0.5987E+00  0.4981E+01
  -7.426  0.5980E+00  0.4987E+01
  -7.416  0.5973E+00  0.4993E+01
  -7.406  0.5966E+00  0.4999E+01
  -7.396  0.5959E+00  0.5005E+01
  -7.386  0.5952E+00  0.5011E+01
  -7.376  0.5945E+00  0.5017E+01
  -7.366  0.5938E+00  0.5023E+01
  -7.356  0.5932E+00  0.5028E+01
  -7.346  0.5925E+00  0.5034E+01
  -7.336  0.5918E+00  0.5040E+01
  -7.326  0.5912E+00  0.5046E+01
  -7.316  0.5906E+00  0.5052E+01
  -7.306  0.5899E+00  0.5058E+01
  -7.296  0.5893E+00  0.5064E+01
  -7.286  0.5887E+00  0.5070E+01
  -7.276  0.5880E+00  0.5076E+01
  -7.266  0.5874E+00  0.5082E+01
  -7.256  0.5868E+00  0.5087E+01
  -7.246  0.5862E+00  0.5093E+01
  -7.236  0.5856E+00  0.5099E+01
  -7.226  0.5850E+00  0.5105E+01
  -7.216  0.5844E+00  0.5111E+01
  -7.206  0.5838E+00  0.5117E+01
  -7.196  0.5832E+00  0.5122E+01
  -7.186  0.5826E+00  0.5128E+01
  -7.176  0.5820E+00  0.5134E+01
  -7.166  0.5814E+00  0.5140E+01
  -7.156  0.5809E+00  0.5146E+01
  -7.146  0.5803E+00  0.5152E+01
  -7.136  0.5798E+00  0.5157E+01
  -7.126  0.5792E+00  0.5163E+01
  -7.116  0.5787E+00  0.5169E+01
  -7.106  0.5781E+00  0.5175E+01
  -7.096  0.5776E+00  0.5180E+01
  -7.086  0.5771E+00  0.5186E+01
  -7.076  0.5766E+00  0.5192E+01
  -7.066  0.5760E+00  0.5198E+01
  -7.056  0.5755E+00  0.5204E+01
  -7.046  0.5750E+00  0.5209E+01
  -7.036  0.5745E+00  0.5215E+01
  -7.026  0.5740E+00  0.5221E+01
  -7.016  0.5735E+00  0.5227E+01
  -7.006  0.5730E+00  0.5232E+01
  -6.996  0.5725E+00  0.5238E+01
  -6.986  0.5720E+00  0.5244E+01
  -6.976  0.5715E+00  0.5249E+01
  -6.966  0.5711E+00  0.5255E+01
  -6.956  0.5706E+00  0.5261E+01
  -6.946  0.5701E+00  0.5267E+01
  -6.936  0.5697E+00  0.5272E+01
  -6.926  0.5692E+00  0.5278E+01
  -6.916  0.5688E+00  0.5284E+01
  -6.906  0.5684E+00  0.5289E+01
  -6.896  0.5679E+00  0.5295E+01
  -6.886  0.5675E+00  0.5301E+01
  -6.876  0.5671E+00  0.5306E+01
  -6.866  0.5667E+00  0.5312E+01
  -6.856  0.5663E+00  0.5318E+01
  -6.846  0.5659E+00  0.5323E+01
  -6.836  0.5655E+00  0.5329E+01
  -6.826  0.5651E+00  0.5335E+01
  -6.816  0.5647E+00  0.5340E+01
  -6.806  0.5643E+00  0.5346E+01
  -6.796  0.5639E+00  0.5352E+01
  -6.786  0.5635E+00  0.5357E+01
  -6.776  0.5631E+00  0.5363E+01
  -6.766  0.5628E+00  0.5368E+01
  -6.756  0.5624E+00  0.5374E+01
  -6.746  0.5620E+00  0.5380E+01
  -6.736  0.5617E+00  0.5385E+01
  -6.726  0.5613E+00  0.5391E+01
  -6.716  0.5610E+00  0.5397E+01
  -6.706  0.5607E+00  0.5402E+01
  -6.696  0.5604E+00  0.5408E+01
  -6.686  0.5600E+00  0.5413E+01
  -6.676  0.5597E+00  0.5419E+01
  -6.666  0.5594E+00  0.5425E+01
  -6.656  0.5591E+00  0.5430E+01
  -6.646  0.5588E+00  0.5436E+01
  -6.636  0.5585E+00  0.5441E+01
  -6.626  0.5583E+00  0.5447E+01
  -6.616  0.5580E+00  0.5452E+01
  -6.606  0.5577E+00  0.5458E+01
  -6.596  0.5574E+00  0.5464E+01
  -6.586  0.5572E+00  0.5469E+01
  -6.576  0.5569E+00  0.5475E+01
  -6.566  0.5566E+00  0.5480E+01
  -6.556  0.5564E+00  0.5486E+01
  -6.546  0.5561E+00  0.5491E+01
  -6.536  0.5559E+00  0.5497E+01
  -6.526  0.5557E+00  0.5503E+01
  -6.516  0.5554E+00  0.5508E+01
  -6.506  0.5552E+00  0.5514E+01
  -6.496  0.5550E+00  0.5519E+01
  -6.486  0.5548E+00  0.5525E+01
  -6.476  0.5547E+00  0.5530E+01
  -6.466  0.5545E+00  0.5536E+01
  -6.456  0.5543E+00  0.5541E+01
  -6.446  0.5542E+00  0.5547E+01
  -6.436  0.5540E+00  0.5552E+01
  -6.426  0.5538E+00  0.5558E+01
  -6.416  0.5537E+00  0.5564E+01
  -6.406  0.5535E+00  0.5569E+01
  -6.396  0.5534E+00  0.5575E+01
  -6.386  0.5533E+00  0.5580E+01
  -6.376  0.5531E+00  0.5586E+01
  -6.366  0.5530E+00  0.5591E+01
  -6.356  0.5528E+00  0.5597E+01
  -6.346  0.5527E+00  0.5602E+01
  -6.336  0.5525E+00  0.5608E+01
  -6.326  0.5524E+00  0.5613E+01
  -6.316  0.5522E+00  0.5619E+01
  -6.306  0.5521E+00  0.5624E+01
  -6.296  0.5519E+00  0.5630E+01
  -6.286  0.5517E+00  0.5635E+01
  -6.276  0.5516E+00  0.5641E+01
  -6.266  0.5513E+00  0.5646E+01
  -6.256  0.5511E+00  0.5652E+01
  -6.246  0.5508E+00  0.5657E+01
  -6.236  0.5505E+00  0.5663E+01
  -6.226  0.5502E+00  0.5668E+01
  -6.216  0.5497E+00  0.5674E+01
  -6.206  0.5492E+00  0.5679E+01
  -6.196  0.5487E+00  0.5685E+01
  -6.186  0.5480E+00  0.5690E+01
  -6.176  0.5472E+00  0.5696E+01
  -6.166  0.5464E+00  0.5701E+01
  -6.156  0.5453E+00  0.5707E+01
  -6.146  0.5442E+00  0.5712E+01
  -6.136  0.5429E+00  0.5718E+01
  -6.126  0.5414E+00  0.5723E+01
  -6.116  0.5398E+00  0.5728E+01
  -6.106  0.5380E+00  0.5734E+01
  -6.096  0.5360E+00  0.5739E+01
  -6.086  0.5338E+00  0.5745E+01
  -6.076  0.5313E+00  0.5750E+01
  -6.066  0.5287E+00  0.5755E+01
  -6.056  0.5258E+00  0.5760E+01
  -6.046  0.5228E+00  0.5766E+01
  -6.036  0.5194E+00  0.5771E+01
  -6.026  0.5159E+00  0.5776E+01
  -6.016  0.5121E+00  0.5781E+01
  -6.006  0.5082E+00  0.5786E+01
  -5.996  0.5040E+00  0.5791E+01
  -5.986  0.4996E+00  0.5796E+01
  -5.976  0.4950E+00  0.5801E+01
  -5.966  0.4903E+00  0.5806E+01
  -5.956  0.4854E+00  0.5811E+01
  -5.946  0.4805E+00  0.5816E+01
  -5.936  0.4754E+00  0.5820E+01
  -5.926  0.4702E+00  0.5825E+01
  -5.916  0.4651E+00  0.5830E+01
  -5.906  0.4599E+00  0.5834E+01
  -5.896  0.4547E+00  0.5839E+01
  -5.886  0.4496E+00  0.5843E+01
  -5.876  0.4446E+00  0.5848E+01
  -5.866  0.4397E+00  0.5852E+01
  -5.856  0.4349E+00  0.5857E+01
  -5.846  0.4303E+00  0.5861E+01
  -5.836  0.4259E+00  0.5865E+01
  -5.826  0.4218E+00  0.5869E+01
  -5.816  0.4179E+00  0.5874E+01
  -5.806  0.4142E+00  0.5878E+01
  -5.796  0.4109E+00  0.5882E+01
  -5.786  0.4078E+00  0.5886E+01
  -5.776  0.4050E+00  0.5890E+01
  -5.766  0.4025E+00  0.5894E+01
  -5.756  0.4004E+00  0.5898E+01
  -5.746  0.3985E+00  0.5902E+01
  -5.736  0.3969E+00  0.5906E+01
  -5.726  0.3957E+00  0.5910E+01
  -5.716  0.3947E+00  0.5914E+01
  -5.706  0.3941E+00  0.5918E+01
  -5.696  0.3937E+00  0.5922E+01
  -5.686  0.3936E+00  0.5926E+01
  -5.676  0.3938E+00  0.5930E+01
  -5.666  0.3942E+00  0.5934E+01
  -5.656  0.3949E+00  0.5938E+01
  -5.646  0.3959E+00  0.5941E+01
  -5.636  0.3971E+00  0.5945E+01
  -5.626  0.3985E+00  0.5949E+01
  -5.616  0.4002E+00  0.5953E+01
  -5.606  0.4021E+00  0.5957E+01
  -5.596  0.4042E+00  0.5962E+01
  -5.586  0.4065E+00  0.5966E+01
  -5.576  0.4091E+00  0.5970E+01
  -5.566  0.4118E+00  0.5974E+01
  -5.556  0.4147E+00  0.5978E+01
  -5.546  0.4178E+00  0.5982E+01
  -5.536  0.4211E+00  0.5986E+01
  -5.526  0.4246E+00  0.5991E+01
  -5.516  0.4282E+00  0.5995E+01
  -5.506  0.4320E+00  0.5999E+01
  -5.496  0.4359E+00  0.6004E+01
  -5.486  0.4399E+00  0.6008E+01
  -5.476  0.4441E+00  0.6012E+01
  -5.466  0.4483E+00  0.6017E+01
  -5.456  0.4527E+00  0.6021E+01
  -5.446  0.4571E+00  0.6026E+01
  -5.436  0.4615E+00  0.6031E+01
  -5.426  0.4660E+00  0.6035E+01
  -5.416  0.4705E+00  0.6040E+01
  -5.406  0.4749E+00  0.6045E+01
  -5.396  0.4793E+00  0.6049E+01
  -5.386  0.4836E+00  0.6054E+01
  -5.376  0.4878E+00  0.6059E+01
  -5.366  0.4918E+00  0.6064E+01
  -5.356  0.4956E+00  0.6069E+01
  -5.346  0.4992E+00  0.6074E+01
  -5.336  0.5025E+00  0.6079E+01
  -5.326  0.5055E+00  0.6084E+01
  -5.316  0.5081E+00  0.6089E+01
  -5.306  0.5104E+00  0.6094E+01
  -5.296  0.5123E+00  0.6099E+01
  -5.286  0.5137E+00  0.6105E+01
  -5.276  0.5146E+00  0.6110E+01
  -5.266  0.5151E+00  0.6115E+01
  -5.256  0.5151E+00  0.6120E+01
  -5.246  0.5145E+00  0.6125E+01
  -5.236  0.5135E+00  0.6130E+01
  -5.226  0.5119E+00  0.6135E+01
  -5.216  0.5098E+00  0.6141E+01
  -5.206  0.5072E+00  0.6146E+01
  -5.196  0.5042E+00  0.6151E+01
  -5.186  0.5007E+00  0.6156E+01
  -5.176  0.4967E+00  0.6161E+01
  -5.166  0.4924E+00  0.6166E+01
  -5.156  0.4876E+00  0.6170E+01
  -5.146  0.4826E+00  0.6175E+01
  -5.136  0.4772E+00  0.6180E+01
  -5.126  0.4716E+00  0.6185E+01
  -5.116  0.4657E+00  0.6189E+01
  -5.106  0.4596E+00  0.6194E+01
  -5.096  0.4534E+00  0.6199E+01
  -5.086  0.4471E+00  0.6203E+01
  -5.076  0.4407E+00  0.6207E+01
  -5.066  0.4342E+00  0.6212E+01
  -5.056  0.4277E+00  0.6216E+01
  -5.046  0.4212E+00  0.6220E+01
  -5.036  0.4147E+00  0.6224E+01
  -5.026  0.4082E+00  0.6228E+01
  -5.016  0.4019E+00  0.6232E+01
  -5.006  0.3956E+00  0.6236E+01
  -4.996  0.3894E+00  0.6240E+01
  -4.986  0.3834E+00  0.6244E+01
  -4.976  0.3775E+00  0.6248E+01
  -4.966  0.3717E+00  0.6252E+01
  -4.956  0.3661E+00  0.6255E+01
  -4.946  0.3606E+00  0.6259E+01
  -4.936  0.3553E+00  0.6262E+01
  -4.926  0.3502E+00  0.6266E+01
  -4.916  0.3452E+00  0.6269E+01
  -4.906  0.3404E+00  0.6273E+01
  -4.896  0.3358E+00  0.6276E+01
  -4.886  0.3312E+00  0.6279E+01
  -4.876  0.3269E+00  0.6283E+01
  -4.866  0.3226E+00  0.6286E+01
  -4.856  0.3185E+00  0.6289E+01
  -4.846  0.3145E+00  0.6292E+01
  -4.836  0.3107E+00  0.6295E+01
  -4.826  0.3069E+00  0.6298E+01
  -4.816  0.3033E+00  0.6302E+01
  -4.806  0.2997E+00  0.6305E+01
  -4.796  0.2962E+00  0.6307E+01
  -4.786  0.2928E+00  0.6310E+01
  -4.776  0.2895E+00  0.6313E+01
  -4.766  0.2862E+00  0.6316E+01
  -4.756  0.2830E+00  0.6319E+01
  -4.746  0.2799E+00  0.6322E+01
  -4.736  0.2769E+00  0.6325E+01
  -4.726  0.2739E+00  0.6327E+01
  -4.716  0.2710E+00  0.6330E+01
  -4.706  0.2681E+00  0.6333E+01
  -4.696  0.2653E+00  0.6335E+01
  -4.686  0.2626E+00  0.6338E+01
  -4.676  0.2599E+00  0.6341E+01
  -4.666  0.2573E+00  0.6343E+01
  -4.656  0.2547E+00  0.6346E+01
  -4.646  0.2522E+00  0.6348E+01
  -4.636  0.2497E+00  0.6351E+01
  -4.626  0.2472E+00  0.6353E+01
  -4.616  0.2448E+00  0.6356E+01
  -4.606  0.2424E+00  0.6358E+01
  -4.596  0.2400E+00  0.6360E+01
  -4.586  0.2377E+00  0.6363E+01
  -4.576  0.2354E+00  0.6365E+01
  -4.566  0.2331E+00  0.6368E+01
  -4.556  0.2309E+00  0.6370E+01
  -4.546  0.2287E+00  0.6372E+01
  -4.536  0.2265E+00  0.6374E+01
  -4.526  0.2243E+00  0.6377E+01
  -4.516  0.2221E+00  0.6379E+01
  -4.506  0.2200E+00  0.6381E+01
  -4.496  0.2179E+00  0.6383E+01
  -4.486  0.2158E+00  0.6385E+01
  -4.476  0.2138E+00  0.6388E+01
  -4.466  0.2117E+00  0.6390E+01
  -4.456  0.2097E+00  0.6392E+01
  -4.446  0.2078E+00  0.6394E+01
  -4.436  0.2058E+00  0.6396E+01
  -4.426  0.2039E+00  0.6398E+01
  -4.416  0.2020E+00  0.6400E+01
  -4.406  0.2001E+00  0.6402E+01
  -4.396  0.1983E+00  0.6404E+01
  -4.386  0.1964E+00  0.6406E+01
  -4.376  0.1946E+00  0.6408E+01
  -4.366  0.1928E+00  0.6410E+01
  -4.356  0.1910E+00  0.6412E+01
  -4.346  0.1892E+00  0.6414E+01
  -4.336  0.1874E+00  0.6415E+01
  -4.326  0.1856E+00  0.6417E+01
  -4.316  0.1839E+00  0.6419E+01
  -4.306  0.1821E+00  0.6421E+01
  -4.296  0.1804E+00  0.6423E+01
  -4.286  0.1787E+00  0.6425E+01
  -4.276  0.1770E+00  0.6426E+01
  -4.266  0.1753E+00  0.6428E+01
  -4.256  0.1736E+00  0.6430E+01
  -4.246  0.1720E+00  0.6432E+01
  -4.236  0.1703E+00  0.6433E+01
  -4.226  0.1687E+00  0.6435E+01
  -4.216  0.1671E+00  0.6437E+01
  -4.206  0.1655E+00  0.6438E+01
  -4.196  0.1639E+00  0.6440E+01
  -4.186  0.1623E+00  0.6441E+01
  -4.176  0.1608E+00  0.6443E+01
  -4.166  0.1592E+00  0.6445E+01
  -4.156  0.1577E+00  0.6446E+01
  -4.146  0.1562E+00  0.6448E+01
  -4.136  0.1547E+00  0.6449E+01
  -4.126  0.1531E+00  0.6451E+01
  -4.116  0.1516E+00  0.6452E+01
  -4.106  0.1501E+00  0.6454E+01
  -4.096  0.1486E+00  0.6455E+01
  -4.086  0.1472E+00  0.6457E+01
  -4.076  0.1457E+00  0.6458E+01
  -4.066  0.1442E+00  0.6460E+01
  -4.056  0.1427E+00  0.6461E+01
  -4.046  0.1413E+00  0.6463E+01
  -4.036  0.1398E+00  0.6464E+01
  -4.026  0.1384E+00  0.6465E+01
  -4.016  0.1370E+00  0.6467E+01
  -4.006  0.1356E+00  0.6468E+01
  -3.996  0.1342E+00  0.6469E+01
  -3.986  0.1328E+00  0.6471E+01
  -3.976  0.1314E+00  0.6472E+01
  -3.966  0.1300E+00  0.6473E+01
  -3.956  0.1286E+00  0.6475E+01
  -3.946  0.1273E+00  0.6476E+01
  -3.936  0.1259E+00  0.6477E+01
  -3.926  0.1246E+00  0.6478E+01
  -3.916  0.1232E+00  0.6480E+01
  -3.906  0.1219E+00  0.6481E+01
  -3.896  0.1206E+00  0.6482E+01
  -3.886  0.1192E+00  0.6483E+01
  -3.876  0.1179E+00  0.6485E+01
  -3.866  0.1166E+00  0.6486E+01
  -3.856  0.1153E+00  0.6487E+01
  -3.846  0.1140E+00  0.6488E+01
  -3.836  0.1127E+00  0.6489E+01
  -3.826  0.1114E+00  0.6490E+01
  -3.816  0.1101E+00  0.6491E+01
  -3.806  0.1088E+00  0.6492E+01
  -3.796  0.1075E+00  0.6493E+01
  -3.786  0.1062E+00  0.6495E+01
  -3.776  0.1050E+00  0.6496E+01
  -3.766  0.1037E+00  0.6497E+01
  -3.756  0.1024E+00  0.6498E+01
  -3.746  0.1012E+00  0.6499E+01
  -3.736  0.9994E-01  0.6500E+01
  -3.726  0.9871E-01  0.6501E+01
  -3.716  0.9747E-01  0.6502E+01
  -3.706  0.9624E-01  0.6503E+01
  -3.696  0.9501E-01  0.6504E+01
  -3.686  0.9379E-01  0.6504E+01
  -3.676  0.9257E-01  0.6505E+01
  -3.666  0.9135E-01  0.6506E+01
  -3.656  0.9014E-01  0.6507E+01
  -3.646  0.8893E-01  0.6508E+01
  -3.636  0.8772E-01  0.6509E+01
  -3.626  0.8651E-01  0.6510E+01
  -3.616  0.8531E-01  0.6511E+01
  -3.606  0.8411E-01  0.6512E+01
  -3.596  0.8292E-01  0.6512E+01
  -3.586  0.8172E-01  0.6513E+01
  -3.576  0.8054E-01  0.6514E+01
  -3.566  0.7935E-01  0.6515E+01
  -3.556  0.7818E-01  0.6516E+01
  -3.546  0.7700E-01  0.6516E+01
  -3.536  0.7583E-01  0.6517E+01
  -3.526  0.7466E-01  0.6518E+01
  -3.516  0.7350E-01  0.6519E+01
  -3.506  0.7234E-01  0.6519E+01
  -3.496  0.7118E-01  0.6520E+01
  -3.486  0.7003E-01  0.6521E+01
  -3.476  0.6887E-01  0.6521E+01
  -3.466  0.6772E-01  0.6522E+01
  -3.456  0.6658E-01  0.6523E+01
  -3.446  0.6543E-01  0.6523E+01
  -3.436  0.6428E-01  0.6524E+01
  -3.426  0.6314E-01  0.6525E+01
  -3.416  0.6200E-01  0.6525E+01
  -3.406  0.6086E-01  0.6526E+01
  -3.396  0.5972E-01  0.6526E+01
  -3.386  0.5859E-01  0.6527E+01
  -3.376  0.5746E-01  0.6528E+01
  -3.366  0.5632E-01  0.6528E+01
  -3.356  0.5520E-01  0.6529E+01
  -3.346  0.5407E-01  0.6529E+01
  -3.336  0.5295E-01  0.6530E+01
  -3.326  0.5183E-01  0.6530E+01
  -3.316  0.5071E-01  0.6531E+01
  -3.306  0.4959E-01  0.6531E+01
  -3.296  0.4848E-01  0.6532E+01
  -3.286  0.4736E-01  0.6532E+01
  -3.276  0.4625E-01  0.6533E+01
  -3.266  0.4515E-01  0.6533E+01
  -3.256  0.4404E-01  0.6534E+01
  -3.246  0.4294E-01  0.6534E+01
  -3.236  0.4184E-01  0.6535E+01
  -3.226  0.4074E-01  0.6535E+01
  -3.216  0.3964E-01  0.6535E+01
  -3.206  0.3855E-01  0.6536E+01
  -3.196  0.3746E-01  0.6536E+01
  -3.186  0.3637E-01  0.6536E+01
  -3.176  0.3529E-01  0.6537E+01
  -3.166  0.3422E-01  0.6537E+01
  -3.156  0.3315E-01  0.6537E+01
  -3.146  0.3209E-01  0.6538E+01
  -3.136  0.3103E-01  0.6538E+01
  -3.126  0.2999E-01  0.6538E+01
  -3.116  0.2896E-01  0.6539E+01
  -3.106  0.2794E-01  0.6539E+01
  -3.096  0.2693E-01  0.6539E+01
  -3.086  0.2594E-01  0.6540E+01
  -3.076  0.2497E-01  0.6540E+01
  -3.066  0.2401E-01  0.6540E+01
  -3.056  0.2308E-01  0.6540E+01
  -3.046  0.2216E-01  0.6540E+01
  -3.036  0.2128E-01  0.6541E+01
  -3.026  0.2042E-01  0.6541E+01
  -3.016  0.1959E-01  0.6541E+01
  -3.006  0.1880E-01  0.6541E+01
  -2.996  0.1804E-01  0.6541E+01
  -2.986  0.1732E-01  0.6542E+01
  -2.976  0.1663E-01  0.6542E+01
  -2.966  0.1600E-01  0.6542E+01
  -2.956  0.1541E-01  0.6542E+01
  -2.946  0.1486E-01  0.6542E+01
  -2.936  0.1437E-01  0.6542E+01
  -2.926  0.1394E-01  0.6543E+01
  -2.916  0.1355E-01  0.6543E+01
  -2.906  0.1323E-01  0.6543E+01
  -2.896  0.1296E-01  0.6543E+01
  -2.886  0.1276E-01  0.6543E+01
  -2.876  0.1262E-01  0.6543E+01
  -2.866  0.1253E-01  0.6543E+01
  -2.856  0.1252E-01  0.6543E+01
  -2.846  0.1256E-01  0.6544E+01
  -2.836  0.1267E-01  0.6544E+01
  -2.826  0.1284E-01  0.6544E+01
  -2.816  0.1307E-01  0.6544E+01
  -2.806  0.1336E-01  0.6544E+01
  -2.796  0.1372E-01  0.6544E+01
  -2.786  0.1413E-01  0.6544E+01
  -2.776  0.1460E-01  0.6544E+01
  -2.766  0.1512E-01  0.6545E+01
  -2.756  0.1570E-01  0.6545E+01
  -2.746  0.1632E-01  0.6545E+01
  -2.736  0.1700E-01  0.6545E+01
  -2.726  0.1772E-01  0.6545E+01
  -2.716  0.1848E-01  0.6545E+01
  -2.706  0.1928E-01  0.6546E+01
  -2.696  0.2012E-01  0.6546E+01
  -2.686  0.2100E-01  0.6546E+01
  -2.676  0.2191E-01  0.6546E+01
  -2.666  0.2285E-01  0.6547E+01
  -2.656  0.2382E-01  0.6547E+01
  -2.646  0.2481E-01  0.6547E+01
  -2.636  0.2583E-01  0.6547E+01
  -2.626  0.2687E-01  0.6548E+01
  -2.616  0.2793E-01  0.6548E+01
  -2.606  0.2901E-01  0.6548E+01
  -2.596  0.3011E-01  0.6548E+01
  -2.586  0.3122E-01  0.6549E+01
  -2.576  0.3234E-01  0.6549E+01
  -2.566  0.3348E-01  0.6549E+01
  -2.556  0.3463E-01  0.6550E+01
  -2.546  0.3579E-01  0.6550E+01
  -2.536  0.3696E-01  0.6550E+01
  -2.526  0.3814E-01  0.6551E+01
  -2.516  0.3933E-01  0.6551E+01
  -2.506  0.4053E-01  0.6552E+01
  -2.496  0.4173E-01  0.6552E+01
  -2.486  0.4294E-01  0.6552E+01
  -2.476  0.4416E-01  0.6553E+01
  -2.466  0.4538E-01  0.6553E+01
  -2.456  0.4662E-01  0.6554E+01
  -2.446  0.4785E-01  0.6554E+01
  -2.436  0.4910E-01  0.6555E+01
  -2.426  0.5035E-01  0.6555E+01
  -2.416  0.5161E-01  0.6556E+01
  -2.406  0.5287E-01  0.6556E+01
  -2.396  0.5415E-01  0.6557E+01
  -2.386  0.5543E-01  0.6557E+01
  -2.376  0.5671E-01  0.6558E+01
  -2.366  0.5801E-01  0.6559E+01
  -2.356  0.5931E-01  0.6559E+01
  -2.346  0.6062E-01  0.6560E+01
  -2.336  0.6194E-01  0.6560E+01
  -2.326  0.6326E-01  0.6561E+01
  -2.316  0.6460E-01  0.6562E+01
  -2.306  0.6594E-01  0.6562E+01
  -2.296  0.6729E-01  0.6563E+01
  -2.286  0.6865E-01  0.6564E+01
  -2.276  0.7001E-01  0.6564E+01
  -2.266  0.7139E-01  0.6565E+01
  -2.256  0.7277E-01  0.6566E+01
  -2.246  0.7417E-01  0.6567E+01
  -2.236  0.7557E-01  0.6567E+01
  -2.226  0.7698E-01  0.6568E+01
  -2.216  0.7841E-01  0.6569E+01
  -2.206  0.7984E-01  0.6570E+01
  -2.196  0.8129E-01  0.6571E+01
  -2.186  0.8275E-01  0.6571E+01
  -2.176  0.8422E-01  0.6572E+01
  -2.166  0.8570E-01  0.6573E+01
  -2.156  0.8720E-01  0.6574E+01
  -2.146  0.8871E-01  0.6575E+01
  -2.136  0.9023E-01  0.6576E+01
  -2.126  0.9177E-01  0.6577E+01
  -2.116  0.9332E-01  0.6578E+01
  -2.106  0.9489E-01  0.6579E+01
  -2.096  0.9647E-01  0.6579E+01
  -2.086  0.9806E-01  0.6580E+01
  -2.076  0.9967E-01  0.6581E+01
  -2.066  0.1013E+00  0.6582E+01
  -2.056  0.1029E+00  0.6584E+01
  -2.046  0.1046E+00  0.6585E+01
  -2.036  0.1063E+00  0.6586E+01
  -2.026  0.1080E+00  0.6587E+01
  -2.016  0.1097E+00  0.6588E+01
  -2.006  0.1114E+00  0.6589E+01
  -1.996  0.1132E+00  0.6590E+01
  -1.986  0.1149E+00  0.6591E+01
  -1.976  0.1167E+00  0.6592E+01
  -1.966  0.1186E+00  0.6594E+01
  -1.956  0.1204E+00  0.6595E+01
  -1.946  0.1223E+00  0.6596E+01
  -1.936  0.1242E+00  0.6597E+01
  -1.926  0.1261E+00  0.6598E+01
  -1.916  0.1281E+00  0.6600E+01
  -1.906  0.1300E+00  0.6601E+01
  -1.896  0.1320E+00  0.6602E+01
  -1.886  0.1341E+00  0.6604E+01
  -1.876  0.1362E+00  0.6605E+01
  -1.866  0.1383E+00  0.6606E+01
  -1.856  0.1404E+00  0.6608E+01
  -1.846  0.1426E+00  0.6609E+01
  -1.836  0.1448E+00  0.6611E+01
  -1.826  0.1470E+00  0.6612E+01
  -1.816  0.1493E+00  0.6614E+01
  -1.806  0.1517E+00  0.6615E+01
  -1.796  0.1540E+00  0.6617E+01
  -1.786  0.1564E+00  0.6618E+01
  -1.776  0.1589E+00  0.6620E+01
  -1.766  0.1614E+00  0.6622E+01
  -1.756  0.1640E+00  0.6623E+01
  -1.746  0.1667E+00  0.6625E+01
  -1.736  0.1694E+00  0.6627E+01
  -1.726  0.1722E+00  0.6628E+01
  -1.716  0.1750E+00  0.6630E+01
  -1.706  0.1779E+00  0.6632E+01
  -1.696  0.1810E+00  0.6634E+01
  -1.686  0.1840E+00  0.6635E+01
  -1.676  0.1872E+00  0.6637E+01
  -1.666  0.1905E+00  0.6639E+01
  -1.656  0.1939E+00  0.6641E+01
  -1.646  0.1974E+00  0.6643E+01
  -1.636  0.2010E+00  0.6645E+01
  -1.626  0.2048E+00  0.6647E+01
  -1.616  0.2087E+00  0.6649E+01
  -1.606  0.2127E+00  0.6651E+01
  -1.596  0.2169E+00  0.6654E+01
  -1.586  0.2213E+00  0.6656E+01
  -1.576  0.2258E+00  0.6658E+01
  -1.566  0.2305E+00  0.6660E+01
  -1.556  0.2355E+00  0.6663E+01
  -1.546  0.2407E+00  0.6665E+01
  -1.536  0.2461E+00  0.6668E+01
  -1.526  0.2518E+00  0.6670E+01
  -1.516  0.2578E+00  0.6673E+01
  -1.506  0.2640E+00  0.6675E+01
  -1.496  0.2705E+00  0.6678E+01
  -1.486  0.2774E+00  0.6681E+01
  -1.476  0.2845E+00  0.6684E+01
  -1.466  0.2920E+00  0.6687E+01
  -1.456  0.2998E+00  0.6690E+01
  -1.446  0.3080E+00  0.6693E+01
  -1.436  0.3165E+00  0.6696E+01
  -1.426  0.3253E+00  0.6699E+01
  -1.416  0.3344E+00  0.6702E+01
  -1.406  0.3438E+00  0.6706E+01
  -1.396  0.3535E+00  0.6709E+01
  -1.386  0.3635E+00  0.6713E+01
  -1.376  0.3737E+00  0.6717E+01
  -1.366  0.3841E+00  0.6721E+01
  -1.356  0.3946E+00  0.6725E+01
  -1.346  0.4053E+00  0.6729E+01
  -1.336  0.4161E+00  0.6733E+01
  -1.326  0.4269E+00  0.6737E+01
  -1.316  0.4377E+00  0.6741E+01
  -1.306  0.4483E+00  0.6746E+01
  -1.296  0.4588E+00  0.6750E+01
  -1.286  0.4691E+00  0.6755E+01
  -1.276  0.4791E+00  0.6760E+01
  -1.266  0.4888E+00  0.6765E+01
  -1.256  0.4980E+00  0.6770E+01
  -1.246  0.5067E+00  0.6775E+01
  -1.236  0.5149E+00  0.6780E+01
  -1.226  0.5224E+00  0.6785E+01
  -1.216  0.5293E+00  0.6791E+01
  -1.206  0.5355E+00  0.6796E+01
  -1.196  0.5410E+00  0.6801E+01
  -1.186  0.5456E+00  0.6807E+01
  -1.176  0.5494E+00  0.6812E+01
  -1.166  0.5524E+00  0.6818E+01
  -1.156  0.5546E+00  0.6823E+01
  -1.146  0.5560E+00  0.6829E+01
  -1.136  0.5565E+00  0.6834E+01
  -1.126  0.5562E+00  0.6840E+01
  -1.116  0.5552E+00  0.6846E+01
  -1.106  0.5534E+00  0.6851E+01
  -1.096  0.5510E+00  0.6857E+01
  -1.086  0.5479E+00  0.6862E+01
  -1.076  0.5442E+00  0.6868E+01
  -1.066  0.5400E+00  0.6873E+01
  -1.056  0.5353E+00  0.6878E+01
  -1.046  0.5302E+00  0.6884E+01
  -1.036  0.5247E+00  0.6889E+01
  -1.026  0.5189E+00  0.6894E+01
  -1.016  0.5129E+00  0.6899E+01
  -1.006  0.5067E+00  0.6904E+01
  -0.996  0.5003E+00  0.6909E+01
  -0.986  0.4939E+00  0.6914E+01
  -0.976  0.4874E+00  0.6919E+01
  -0.966  0.4809E+00  0.6924E+01
  -0.956  0.4745E+00  0.6929E+01
  -0.946  0.4681E+00  0.6933E+01
  -0.936  0.4618E+00  0.6938E+01
  -0.926  0.4557E+00  0.6942E+01
  -0.916  0.4496E+00  0.6947E+01
  -0.906  0.4438E+00  0.6951E+01
  -0.896  0.4381E+00  0.6956E+01
  -0.886  0.4325E+00  0.6960E+01
  -0.876  0.4272E+00  0.6964E+01
  -0.866  0.4221E+00  0.6969E+01
  -0.856  0.4171E+00  0.6973E+01
  -0.846  0.4124E+00  0.6977E+01
  -0.836  0.4078E+00  0.6981E+01
  -0.826  0.4035E+00  0.6985E+01
  -0.816  0.3993E+00  0.6989E+01
  -0.806  0.3953E+00  0.6993E+01
  -0.796  0.3915E+00  0.6997E+01
  -0.786  0.3878E+00  0.7001E+01
  -0.776  0.3844E+00  0.7005E+01
  -0.766  0.3810E+00  0.7008E+01
  -0.756  0.3778E+00  0.7012E+01
  -0.746  0.3747E+00  0.7016E+01
  -0.736  0.3718E+00  0.7020E+01
  -0.726  0.3689E+00  0.7023E+01
  -0.716  0.3662E+00  0.7027E+01
  -0.706  0.3636E+00  0.7031E+01
  -0.696  0.3610E+00  0.7034E+01
  -0.686  0.3586E+00  0.7038E+01
  -0.676  0.3562E+00  0.7041E+01
  -0.666  0.3539E+00  0.7045E+01
  -0.656  0.3516E+00  0.7048E+01
  -0.646  0.3495E+00  0.7052E+01
  -0.636  0.3474E+00  0.7055E+01
  -0.626  0.3454E+00  0.7059E+01
  -0.616  0.3434E+00  0.7062E+01
  -0.606  0.3416E+00  0.7066E+01
  -0.596  0.3398E+00  0.7069E+01
  -0.586  0.3381E+00  0.7072E+01
  -0.576  0.3366E+00  0.7076E+01
  -0.566  0.3351E+00  0.7079E+01
  -0.556  0.3337E+00  0.7083E+01
  -0.546  0.3324E+00  0.7086E+01
  -0.536  0.3313E+00  0.7089E+01
  -0.526  0.3302E+00  0.7092E+01
  -0.516  0.3293E+00  0.7096E+01
  -0.506  0.3286E+00  0.7099E+01
  -0.496  0.3280E+00  0.7102E+01
  -0.486  0.3275E+00  0.7106E+01
  -0.476  0.3272E+00  0.7109E+01
  -0.466  0.3271E+00  0.7112E+01
  -0.456  0.3272E+00  0.7115E+01
  -0.446  0.3275E+00  0.7119E+01
  -0.436  0.3280E+00  0.7122E+01
  -0.426  0.3287E+00  0.7125E+01
  -0.416  0.3296E+00  0.7129E+01
  -0.406  0.3308E+00  0.7132E+01
  -0.396  0.3323E+00  0.7135E+01
  -0.386  0.3340E+00  0.7139E+01
  -0.376  0.3361E+00  0.7142E+01
  -0.366  0.3383E+00  0.7145E+01
  -0.356  0.3409E+00  0.7149E+01
  -0.346  0.3438E+00  0.7152E+01
  -0.336  0.3470E+00  0.7156E+01
  -0.326  0.3504E+00  0.7159E+01
  -0.316  0.3542E+00  0.7163E+01
  -0.306  0.3582E+00  0.7166E+01
  -0.296  0.3624E+00  0.7170E+01
  -0.286  0.3669E+00  0.7173E+01
  -0.276  0.3716E+00  0.7177E+01
  -0.266  0.3765E+00  0.7181E+01
  -0.256  0.3816E+00  0.7185E+01
  -0.246  0.3868E+00  0.7189E+01
  -0.236  0.3920E+00  0.7193E+01
  -0.226  0.3974E+00  0.7197E+01
  -0.216  0.4028E+00  0.7201E+01
  -0.206  0.4082E+00  0.7205E+01
  -0.196  0.4136E+00  0.7209E+01
  -0.186  0.4189E+00  0.7213E+01
  -0.176  0.4241E+00  0.7217E+01
  -0.166  0.4293E+00  0.7222E+01
  -0.156  0.4343E+00  0.7226E+01
  -0.146  0.4392E+00  0.7230E+01
  -0.136  0.4439E+00  0.7235E+01
  -0.126  0.4484E+00  0.7239E+01
  -0.116  0.4528E+00  0.7244E+01
  -0.106  0.4570E+00  0.7248E+01
  -0.096  0.4610E+00  0.7253E+01
  -0.086  0.4649E+00  0.7258E+01
  -0.076  0.4686E+00  0.7262E+01
  -0.066  0.4721E+00  0.7267E+01
  -0.056  0.4756E+00  0.7272E+01
  -0.046  0.4789E+00  0.7276E+01
  -0.036  0.4821E+00  0.7281E+01
  -0.026  0.4853E+00  0.7286E+01
  -0.016  0.4884E+00  0.7291E+01
  -0.006  0.4914E+00  0.7296E+01
   0.004  0.4945E+00  0.7301E+01
   0.014  0.4976E+00  0.7306E+01
   0.024  0.5008E+00  0.7311E+01
   0.034  0.5040E+00  0.7316E+01
   0.044  0.5073E+00  0.7321E+01
   0.054  0.5107E+00  0.7326E+01
   0.064  0.5142E+00  0.7331E+01
   0.074  0.5179E+00  0.7336E+01
   0.084  0.5217E+00  0.7342E+01
   0.094  0.5257E+00  0.7347E+01
   0.104  0.5299E+00  0.7352E+01
   0.114  0.5342E+00  0.7358E+01
   0.124  0.5388E+00  0.7363E+01
   0.134  0.5435E+00  0.7368E+01
   0.144  0.5483E+00  0.7374E+01
   0.154  0.5534E+00  0.7379E+01
   0.164  0.5586E+00  0.7385E+01
   0.174  0.5639E+00  0.7391E+01
   0.184  0.5693E+00  0.7396E+01
   0.194  0.5749E+00  0.7402E+01
   0.204  0.5805E+00  0.7408E+01
   0.214  0.5861E+00  0.7414E+01
   0.224  0.5918E+00  0.7420E+01
   0.234  0.5975E+00  0.7426E+01
   0.244  0.6031E+00  0.7432E+01
   0.254  0.6087E+00  0.7438E+01
   0.264  0.6141E+00  0.7444E+01
   0.274  0.6195E+00  0.7450E+01
   0.284  0.6246E+00  0.7456E+01
   0.294  0.6296E+00  0.7463E+01
   0.304  0.6344E+00  0.7469E+01
   0.314  0.6389E+00  0.7475E+01
   0.324  0.6433E+00  0.7482E+01
   0.334  0.6473E+00  0.7488E+01
   0.344  0.6511E+00  0.7495E+01
   0.354  0.6546E+00  0.7501E+01
   0.364  0.6579E+00  0.7508E+01
   0.374  0.6608E+00  0.7514E+01
   0.384  0.6635E+00  0.7521E+01
   0.394  0.6659E+00  0.7528E+01
   0.404  0.6681E+00  0.7534E+01
   0.414  0.6700E+00  0.7541E+01
   0.424  0.6717E+00  0.7548E+01
   0.434  0.6731E+00  0.7555E+01
   0.444  0.6744E+00  0.7561E+01
   0.454  0.6755E+00  0.7568E+01
   0.464  0.6764E+00  0.7575E+01
   0.474  0.6772E+00  0.7582E+01
   0.484  0.6778E+00  0.7588E+01
   0.494  0.6783E+00  0.7595E+01
   0.504  0.6787E+00  0.7602E+01
   0.514  0.6790E+00  0.7609E+01
   0.524  0.6792E+00  0.7616E+01
   0.534  0.6793E+00  0.7622E+01
   0.544  0.6794E+00  0.7629E+01
   0.554  0.6794E+00  0.7636E+01
   0.564  0.6793E+00  0.7643E+01
   0.574  0.6792E+00  0.7650E+01
   0.584  0.6790E+00  0.7656E+01
   0.594  0.6788E+00  0.7663E+01
   0.604  0.6785E+00  0.7670E+01
   0.614  0.6782E+00  0.7677E+01
   0.624  0.6779E+00  0.7683E+01
   0.634  0.6775E+00  0.7690E+01
   0.644  0.6771E+00  0.7697E+01
   0.654  0.6767E+00  0.7704E+01
   0.664  0.6763E+00  0.7711E+01
   0.674  0.6759E+00  0.7717E+01
   0.684  0.6754E+00  0.7724E+01
   0.694  0.6750E+00  0.7731E+01
   0.704  0.6745E+00  0.7738E+01
   0.714  0.6741E+00  0.7744E+01
   0.724  0.6737E+00  0.7751E+01
   0.734  0.6734E+00  0.7758E+01
   0.744  0.6730E+00  0.7764E+01
   0.754  0.6728E+00  0.7771E+01
   0.764  0.6725E+00  0.7778E+01
   0.774  0.6724E+00  0.7785E+01
   0.784  0.6722E+00  0.7791E+01
   0.794  0.6722E+00  0.7798E+01
   0.804  0.6722E+00  0.7805E+01
   0.814  0.6724E+00  0.7812E+01
   0.824  0.6726E+00  0.7818E+01
   0.834  0.6728E+00  0.7825E+01
   0.844  0.6732E+00  0.7832E+01
   0.854  0.6738E+00  0.7838E+01
   0.864  0.6744E+00  0.7845E+01
   0.874  0.6751E+00  0.7852E+01
   0.884  0.6760E+00  0.7859E+01
   0.894  0.6771E+00  0.7866E+01
   0.904  0.6783E+00  0.7872E+01
   0.914  0.6797E+00  0.7879E+01
   0.924  0.6813E+00  0.7886E+01
   0.934  0.6831E+00  0.7893E+01
   0.944  0.6851E+00  0.7900E+01
   0.954  0.6874E+00  0.7906E+01
   0.964  0.6899E+00  0.7913E+01
   0.974  0.6927E+00  0.7920E+01
   0.984  0.6957E+00  0.7927E+01
   0.994  0.6990E+00  0.7934E+01
   1.004  0.7026E+00  0.7941E+01
   1.014  0.7065E+00  0.7948E+01
   1.024  0.7106E+00  0.7955E+01
   1.034  0.7151E+00  0.7963E+01
   1.044  0.7198E+00  0.7970E+01
   1.054  0.7247E+00  0.7977E+01
   1.064  0.7299E+00  0.7984E+01
   1.074  0.7353E+00  0.7992E+01
   1.084  0.7409E+00  0.7999E+01
   1.094  0.7466E+00  0.8007E+01
   1.104  0.7525E+00  0.8014E+01
   1.114  0.7584E+00  0.8022E+01
   1.124  0.7645E+00  0.8029E+01
   1.134  0.7705E+00  0.8037E+01
   1.144  0.7765E+00  0.8045E+01
   1.154  0.7825E+00  0.8053E+01
   1.164  0.7884E+00  0.8060E+01
   1.174  0.7942E+00  0.8068E+01
   1.184  0.7999E+00  0.8076E+01
   1.194  0.8054E+00  0.8084E+01
   1.204  0.8107E+00  0.8093E+01
   1.214  0.8157E+00  0.8101E+01
   1.224  0.8206E+00  0.8109E+01
   1.234  0.8252E+00  0.8117E+01
   1.244  0.8296E+00  0.8125E+01
   1.254  0.8336E+00  0.8134E+01
   1.264  0.8375E+00  0.8142E+01
   1.274  0.8410E+00  0.8151E+01
   1.284  0.8443E+00  0.8159E+01
   1.294  0.8474E+00  0.8168E+01
   1.304  0.8502E+00  0.8176E+01
   1.314  0.8528E+00  0.8185E+01
   1.324  0.8551E+00  0.8193E+01
   1.334  0.8572E+00  0.8202E+01
   1.344  0.8591E+00  0.8210E+01
   1.354  0.8608E+00  0.8219E+01
   1.364  0.8623E+00  0.8228E+01
   1.374  0.8637E+00  0.8236E+01
   1.384  0.8648E+00  0.8245E+01
   1.394  0.8659E+00  0.8253E+01
   1.404  0.8667E+00  0.8262E+01
   1.414  0.8675E+00  0.8271E+01
   1.424  0.8681E+00  0.8279E+01
   1.434  0.8685E+00  0.8288E+01
   1.444  0.8689E+00  0.8297E+01
   1.454  0.8692E+00  0.8306E+01
   1.464  0.8693E+00  0.8314E+01
   1.474  0.8694E+00  0.8323E+01
   1.484  0.8695E+00  0.8332E+01
   1.494  0.8694E+00  0.8340E+01
   1.504  0.8693E+00  0.8349E+01
   1.514  0.8692E+00  0.8358E+01
   1.524  0.8690E+00  0.8366E+01
   1.534  0.8688E+00  0.8375E+01
   1.544  0.8686E+00  0.8384E+01
   1.554  0.8684E+00  0.8392E+01
   1.564  0.8682E+00  0.8401E+01
   1.574  0.8680E+00  0.8410E+01
   1.584  0.8679E+00  0.8418E+01
   1.594  0.8678E+00  0.8427E+01
   1.604  0.8678E+00  0.8436E+01
   1.614  0.8679E+00  0.8445E+01
   1.624  0.8680E+00  0.8453E+01
   1.634  0.8682E+00  0.8462E+01
   1.644  0.8685E+00  0.8471E+01
   1.654  0.8688E+00  0.8479E+01
   1.664  0.8693E+00  0.8488E+01
   1.674  0.8700E+00  0.8497E+01
   1.684  0.8707E+00  0.8505E+01
   1.694  0.8715E+00  0.8514E+01
   1.704  0.8725E+00  0.8523E+01
   1.714  0.8737E+00  0.8532E+01
   1.724  0.8750E+00  0.8540E+01
   1.734  0.8765E+00  0.8549E+01
   1.744  0.8782E+00  0.8558E+01
   1.754  0.8800E+00  0.8567E+01
   1.764  0.8821E+00  0.8575E+01
   1.774  0.8843E+00  0.8584E+01
   1.784  0.8868E+00  0.8593E+01
   1.794  0.8896E+00  0.8602E+01
   1.804  0.8926E+00  0.8611E+01
   1.814  0.8958E+00  0.8620E+01
   1.824  0.8993E+00  0.8629E+01
   1.834  0.9031E+00  0.8638E+01
   1.844  0.9071E+00  0.8647E+01
   1.854  0.9115E+00  0.8656E+01
   1.864  0.9160E+00  0.8665E+01
   1.874  0.9208E+00  0.8675E+01
   1.884  0.9259E+00  0.8684E+01
   1.894  0.9312E+00  0.8693E+01
   1.904  0.9367E+00  0.8702E+01
   1.914  0.9424E+00  0.8712E+01
   1.924  0.9482E+00  0.8721E+01
   1.934  0.9541E+00  0.8731E+01
   1.944  0.9602E+00  0.8741E+01
   1.954  0.9663E+00  0.8750E+01
   1.964  0.9724E+00  0.8760E+01
   1.974  0.9785E+00  0.8770E+01
   1.984  0.9846E+00  0.8780E+01
   1.994  0.9906E+00  0.8789E+01
   2.004  0.9965E+00  0.8799E+01
   2.014  0.1002E+01  0.8809E+01
   2.024  0.1008E+01  0.8820E+01
   2.034  0.1013E+01  0.8830E+01
   2.044  0.1018E+01  0.8840E+01
   2.054  0.1023E+01  0.8850E+01
   2.064  0.1028E+01  0.8860E+01
   2.074  0.1032E+01  0.8871E+01
   2.084  0.1036E+01  0.8881E+01
   2.094  0.1040E+01  0.8891E+01
   2.104  0.1043E+01  0.8902E+01
   2.114  0.1047E+01  0.8912E+01
   2.124  0.1050E+01  0.8923E+01
   2.134  0.1052E+01  0.8933E+01
   2.144  0.1055E+01  0.8944E+01
   2.154  0.1057E+01  0.8954E+01
   2.164  0.1059E+01  0.8965E+01
   2.174  0.1061E+01  0.8976E+01
   2.184  0.1063E+01  0.8986E+01
   2.194  0.1064E+01  0.8997E+01
   2.204  0.1065E+01  0.9008E+01
   2.214  0.1067E+01  0.9018E+01
   2.224  0.1068E+01  0.9029E+01
   2.234  0.1069E+01  0.9040E+01
   2.244  0.1070E+01  0.9050E+01
   2.254  0.1070E+01  0.9061E+01
   2.264  0.1071E+01  0.9072E+01
   2.274  0.1072E+01  0.9082E+01
   2.284  0.1072E+01  0.9093E+01
   2.294  0.1073E+01  0.9104E+01
   2.304  0.1073E+01  0.9115E+01
   2.314  0.1073E+01  0.9125E+01
   2.324  0.1073E+01  0.9136E+01
   2.334  0.1074E+01  0.9147E+01
   2.344  0.1074E+01  0.9158E+01
   2.354  0.1074E+01  0.9168E+01
   2.364  0.1074E+01  0.9179E+01
   2.374  0.1074E+01  0.9190E+01
   2.384  0.1074E+01  0.9201E+01
   2.394  0.1074E+01  0.9211E+01
   2.404  0.1074E+01  0.9222E+01
   2.414  0.1074E+01  0.9233E+01
   2.424  0.1074E+01  0.9243E+01
   2.434  0.1074E+01  0.9254E+01
   2.444  0.1074E+01  0.9265E+01
   2.454  0.1075E+01  0.9276E+01
   2.464  0.1075E+01  0.9286E+01
   2.474  0.1075E+01  0.9297E+01
   2.484  0.1075E+01  0.9308E+01
   2.494  0.1075E+01  0.9319E+01
   2.504  0.1075E+01  0.9329E+01
   2.514  0.1075E+01  0.9340E+01
   2.524  0.1075E+01  0.9351E+01
   2.534  0.1075E+01  0.9362E+01
   2.544  0.1075E+01  0.9372E+01
   2.554  0.1075E+01  0.9383E+01
   2.564  0.1075E+01  0.9394E+01
   2.574  0.1075E+01  0.9405E+01
   2.584  0.1075E+01  0.9415E+01
   2.594  0.1074E+01  0.9426E+01
   2.604  0.1074E+01  0.9437E+01
   2.614  0.1073E+01  0.9448E+01
   2.624  0.1072E+01  0.9458E+01
   2.634  0.1071E+01  0.9469E+01
   2.644  0.1070E+01  0.9480E+01
   2.654  0.1069E+01  0.9491E+01
   2.664  0.1067E+01  0.9501E+01
   2.674  0.1065E+01  0.9512E+01
   2.684  0.1063E+01  0.9522E+01
   2.694  0.1061E+01  0.9533E+01
   2.704  0.1059E+01  0.9544E+01
   2.714  0.1057E+01  0.9554E+01
   2.724  0.1055E+01  0.9565E+01
   2.734  0.1052E+01  0.9575E+01
   2.744  0.1050E+01  0.9586E+01
   2.754  0.1048E+01  0.9596E+01
   2.764  0.1045E+01  0.9607E+01
   2.774  0.1043E+01  0.9617E+01
   2.784  0.1041E+01  0.9628E+01
   2.794  0.1039E+01  0.9638E+01
   2.804  0.1037E+01  0.9648E+01
   2.814  0.1036E+01  0.9659E+01
   2.824  0.1035E+01  0.9669E+01
   2.834  0.1034E+01  0.9679E+01
   2.844  0.1033E+01  0.9690E+01
   2.854  0.1032E+01  0.9700E+01
   2.864  0.1032E+01  0.9710E+01
   2.874  0.1032E+01  0.9721E+01
   2.884  0.1033E+01  0.9731E+01
   2.894  0.1033E+01  0.9741E+01
   2.904  0.1034E+01  0.9752E+01
   2.914  0.1035E+01  0.9762E+01
   2.924  0.1036E+01  0.9772E+01
   2.934  0.1038E+01  0.9783E+01
   2.944  0.1040E+01  0.9793E+01
   2.954  0.1041E+01  0.9804E+01
   2.964  0.1043E+01  0.9814E+01
   2.974  0.1045E+01  0.9824E+01
   2.984  0.1047E+01  0.9835E+01
   2.994  0.1049E+01  0.9845E+01
   3.004  0.1051E+01  0.9856E+01
   3.014  0.1053E+01  0.9866E+01
   3.024  0.1056E+01  0.9877E+01
   3.034  0.1058E+01  0.9888E+01
   3.044  0.1060E+01  0.9898E+01
   3.054  0.1062E+01  0.9909E+01
   3.064  0.1064E+01  0.9919E+01
   3.074  0.1066E+01  0.9930E+01
   3.084  0.1068E+01  0.9941E+01
   3.094  0.1071E+01  0.9952E+01
   3.104  0.1073E+01  0.9962E+01
   3.114  0.1075E+01  0.9973E+01
   3.124  0.1077E+01  0.9984E+01
   3.134  0.1080E+01  0.9995E+01
   3.144  0.1083E+01  0.1001E+02
   3.154  0.1085E+01  0.1002E+02
   3.164  0.1088E+01  0.1003E+02
   3.174  0.1091E+01  0.1004E+02
   3.184  0.1094E+01  0.1005E+02
   3.194  0.1098E+01  0.1006E+02
   3.204  0.1101E+01  0.1007E+02
   3.214  0.1105E+01  0.1008E+02
   3.224  0.1109E+01  0.1009E+02
   3.234  0.1113E+01  0.1010E+02
   3.244  0.1118E+01  0.1012E+02
   3.254  0.1122E+01  0.1013E+02
   3.264  0.1127E+01  0.1014E+02
   3.274  0.1132E+01  0.1015E+02
   3.284  0.1137E+01  0.1016E+02
   3.294  0.1142E+01  0.1017E+02
   3.304  0.1148E+01  0.1018E+02
   3.314  0.1153E+01  0.1020E+02
   3.324  0.1159E+01  0.1021E+02
   3.334  0.1164E+01  0.1022E+02
   3.344  0.1169E+01  0.1023E+02
   3.354  0.1174E+01  0.1024E+02
   3.364  0.1180E+01  0.1025E+02
   3.374  0.1184E+01  0.1027E+02
   3.384  0.1189E+01  0.1028E+02
   3.394  0.1193E+01  0.1029E+02
   3.404  0.1197E+01  0.1030E+02
   3.414  0.1200E+01  0.1031E+02
   3.424  0.1203E+01  0.1033E+02
   3.434  0.1206E+01  0.1034E+02
   3.444  0.1208E+01  0.1035E+02
   3.454  0.1209E+01  0.1036E+02
   3.464  0.1210E+01  0.1037E+02
   3.474  0.1210E+01  0.1039E+02
   3.484  0.1210E+01  0.1040E+02
   3.494  0.1209E+01  0.1041E+02
   3.504  0.1208E+01  0.1042E+02
   3.514  0.1206E+01  0.1043E+02
   3.524  0.1204E+01  0.1045E+02
   3.534  0.1202E+01  0.1046E+02
   3.544  0.1200E+01  0.1047E+02
   3.554  0.1197E+01  0.1048E+02
   3.564  0.1194E+01  0.1049E+02
   3.574  0.1192E+01  0.1051E+02
   3.584  0.1189E+01  0.1052E+02
   3.594  0.1187E+01  0.1053E+02
   3.604  0.1185E+01  0.1054E+02
   3.614  0.1183E+01  0.1055E+02
   3.624  0.1182E+01  0.1057E+02
   3.634  0.1181E+01  0.1058E+02
   3.644  0.1181E+01  0.1059E+02
   3.654  0.1181E+01  0.1060E+02
   3.664  0.1182E+01  0.1061E+02
   3.674  0.1184E+01  0.1062E+02
   3.684  0.1187E+01  0.1064E+02
   3.694  0.1190E+01  0.1065E+02
   3.704  0.1194E+01  0.1066E+02
   3.714  0.1199E+01  0.1067E+02
   3.724  0.1205E+01  0.1068E+02
   3.734  0.1211E+01  0.1070E+02
   3.744  0.1218E+01  0.1071E+02
   3.754  0.1225E+01  0.1072E+02
   3.764  0.1233E+01  0.1073E+02
   3.774  0.1241E+01  0.1075E+02
   3.784  0.1250E+01  0.1076E+02
   3.794  0.1259E+01  0.1077E+02
   3.804  0.1268E+01  0.1078E+02
   3.814  0.1278E+01  0.1080E+02
   3.824  0.1288E+01  0.1081E+02
   3.834  0.1297E+01  0.1082E+02
   3.844  0.1307E+01  0.1083E+02
   3.854  0.1316E+01  0.1085E+02
   3.864  0.1325E+01  0.1086E+02
   3.874  0.1335E+01  0.1087E+02
   3.884  0.1343E+01  0.1089E+02
   3.894  0.1352E+01  0.1090E+02
   3.904  0.1360E+01  0.1092E+02
   3.914  0.1368E+01  0.1093E+02
   3.924  0.1375E+01  0.1094E+02
   3.934  0.1382E+01  0.1096E+02
   3.944  0.1388E+01  0.1097E+02
   3.954  0.1394E+01  0.1098E+02
   3.964  0.1399E+01  0.1100E+02
   3.974  0.1404E+01  0.1101E+02
   3.984  0.1408E+01  0.1103E+02
   3.994  0.1411E+01  0.1104E+02
   4.004  0.1415E+01  0.1105E+02
   4.014  0.1417E+01  0.1107E+02
   4.024  0.1419E+01  0.1108E+02
   4.034  0.1421E+01  0.1110E+02
   4.044  0.1423E+01  0.1111E+02
   4.054  0.1424E+01  0.1113E+02
   4.064  0.1424E+01  0.1114E+02
   4.074  0.1425E+01  0.1115E+02
   4.084  0.1425E+01  0.1117E+02
   4.094  0.1425E+01  0.1118E+02
   4.104  0.1425E+01  0.1120E+02
   4.114  0.1425E+01  0.1121E+02
   4.124  0.1425E+01  0.1123E+02
   4.134  0.1425E+01  0.1124E+02
   4.144  0.1425E+01  0.1125E+02
   4.154  0.1426E+01  0.1127E+02
   4.164  0.1426E+01  0.1128E+02
   4.174  0.1427E+01  0.1130E+02
   4.184  0.1428E+01  0.1131E+02
   4.194  0.1429E+01  0.1133E+02
   4.204  0.1430E+01  0.1134E+02
   4.214  0.1432E+01  0.1135E+02
   4.224  0.1434E+01  0.1137E+02
   4.234  0.1437E+01  0.1138E+02
   4.244  0.1439E+01  0.1140E+02
   4.254  0.1442E+01  0.1141E+02
   4.264  0.1446E+01  0.1143E+02
   4.274  0.1449E+01  0.1144E+02
   4.284  0.1453E+01  0.1145E+02
   4.294  0.1457E+01  0.1147E+02
   4.304  0.1462E+01  0.1148E+02
   4.314  0.1466E+01  0.1150E+02
   4.324  0.1471E+01  0.1151E+02
   4.334  0.1476E+01  0.1153E+02
   4.344  0.1481E+01  0.1154E+02
   4.354  0.1486E+01  0.1156E+02
   4.364  0.1492E+01  0.1157E+02
   4.374  0.1498E+01  0.1159E+02
   4.384  0.1503E+01  0.1160E+02
   4.394  0.1509E+01  0.1162E+02
   4.404  0.1516E+01  0.1163E+02
   4.414  0.1522E+01  0.1165E+02
   4.424  0.1529E+01  0.1166E+02
   4.434  0.1536E+01  0.1168E+02
   4.444  0.1543E+01  0.1169E+02
   4.454  0.1551E+01  0.1171E+02
   4.464  0.1560E+01  0.1173E+02
   4.474  0.1568E+01  0.1174E+02
   4.484  0.1578E+01  0.1176E+02
   4.494  0.1588E+01  0.1177E+02
   4.504  0.1598E+01  0.1179E+02
   4.514  0.1609E+01  0.1180E+02
   4.524  0.1621E+01  0.1182E+02
   4.534  0.1634E+01  0.1184E+02
   4.544  0.1648E+01  0.1185E+02
   4.554  0.1662E+01  0.1187E+02
   4.564  0.1677E+01  0.1189E+02
   4.574  0.1693E+01  0.1190E+02
   4.584  0.1709E+01  0.1192E+02
   4.594  0.1727E+01  0.1194E+02
   4.604  0.1745E+01  0.1196E+02
   4.614  0.1763E+01  0.1197E+02
   4.624  0.1782E+01  0.1199E+02
   4.634  0.1802E+01  0.1201E+02
   4.644  0.1822E+01  0.1203E+02
   4.654  0.1842E+01  0.1205E+02
   4.664  0.1862E+01  0.1206E+02
   4.674  0.1882E+01  0.1208E+02
   4.684  0.1902E+01  0.1210E+02
   4.694  0.1922E+01  0.1212E+02
   4.704  0.1942E+01  0.1214E+02
   4.714  0.1961E+01  0.1216E+02
   4.724  0.1980E+01  0.1218E+02
   4.734  0.1997E+01  0.1220E+02
   4.744  0.2015E+01  0.1222E+02
   4.754  0.2031E+01  0.1224E+02
   4.764  0.2047E+01  0.1226E+02
   4.774  0.2062E+01  0.1228E+02
   4.784  0.2076E+01  0.1230E+02
   4.794  0.2089E+01  0.1232E+02
   4.804  0.2101E+01  0.1234E+02
   4.814  0.2112E+01  0.1237E+02
   4.824  0.2123E+01  0.1239E+02
   4.834  0.2133E+01  0.1241E+02
   4.844  0.2142E+01  0.1243E+02
   4.854  0.2150E+01  0.1245E+02
   4.864  0.2158E+01  0.1247E+02
   4.874  0.2165E+01  0.1249E+02
   4.884  0.2171E+01  0.1252E+02
   4.894  0.2178E+01  0.1254E+02
   4.904  0.2183E+01  0.1256E+02
   4.914  0.2189E+01  0.1258E+02
   4.924  0.2194E+01  0.1260E+02
   4.934  0.2199E+01  0.1263E+02
   4.944  0.2204E+01  0.1265E+02
   4.954  0.2209E+01  0.1267E+02
   4.964  0.2213E+01  0.1269E+02
   4.974  0.2218E+01  0.1271E+02
   4.984  0.2222E+01  0.1274E+02
   4.994  0.2226E+01  0.1276E+02
   5.004  0.2231E+01  0.1278E+02
   5.014  0.2235E+01  0.1280E+02
   5.024  0.2239E+01  0.1283E+02
   5.034  0.2243E+01  0.1285E+02
   5.044  0.2247E+01  0.1287E+02
   5.054  0.2251E+01  0.1289E+02
   5.064  0.2255E+01  0.1292E+02
   5.074  0.2259E+01  0.1294E+02
   5.084  0.2263E+01  0.1296E+02
   5.094  0.2267E+01  0.1298E+02
   5.104  0.2271E+01  0.1301E+02
   5.114  0.2274E+01  0.1303E+02
   5.124  0.2278E+01  0.1305E+02
   5.134  0.2281E+01  0.1307E+02
   5.144  0.2285E+01  0.1310E+02
   5.154  0.2288E+01  0.1312E+02
   5.164  0.2291E+01  0.1314E+02
   5.174  0.2294E+01  0.1317E+02
   5.184  0.2297E+01  0.1319E+02
   5.194  0.2300E+01  0.1321E+02
   5.204  0.2303E+01  0.1324E+02
   5.214  0.2305E+01  0.1326E+02
   5.224  0.2308E+01  0.1328E+02
   5.234  0.2311E+01  0.1330E+02
   5.244  0.2313E+01  0.1333E+02
   5.254  0.2316E+01  0.1335E+02
   5.264  0.2319E+01  0.1337E+02
   5.274  0.2321E+01  0.1340E+02
   5.284  0.2324E+01  0.1342E+02
   5.294  0.2327E+01  0.1344E+02
   5.304  0.2331E+01  0.1347E+02
   5.314  0.2334E+01  0.1349E+02
   5.324  0.2339E+01  0.1351E+02
   5.334  0.2343E+01  0.1354E+02
   5.344  0.2348E+01  0.1356E+02
   5.354  0.2354E+01  0.1358E+02
   5.364  0.2360E+01  0.1361E+02
   5.374  0.2367E+01  0.1363E+02
   5.384  0.2375E+01  0.1366E+02
   5.394  0.2384E+01  0.1368E+02
   5.404  0.2393E+01  0.1370E+02
   5.414  0.2404E+01  0.1373E+02
   5.424  0.2415E+01  0.1375E+02
   5.434  0.2428E+01  0.1378E+02
   5.444  0.2442E+01  0.1380E+02
   5.454  0.2456E+01  0.1382E+02
   5.464  0.2472E+01  0.1385E+02
   5.474  0.2488E+01  0.1387E+02
   5.484  0.2505E+01  0.1390E+02
   5.494  0.2523E+01  0.1392E+02
   5.504  0.2542E+01  0.1395E+02
   5.514  0.2561E+01  0.1398E+02
   5.524  0.2580E+01  0.1400E+02
   5.534  0.2599E+01  0.1403E+02
   5.544  0.2619E+01  0.1405E+02
   5.554  0.2638E+01  0.1408E+02
   5.564  0.2657E+01  0.1411E+02
   5.574  0.2676E+01  0.1413E+02
   5.584  0.2694E+01  0.1416E+02
   5.594  0.2711E+01  0.1419E+02
   5.604  0.2727E+01  0.1421E+02
   5.614  0.2742E+01  0.1424E+02
   5.624  0.2756E+01  0.1427E+02
   5.634  0.2768E+01  0.1430E+02
   5.644  0.2779E+01  0.1432E+02
   5.654  0.2788E+01  0.1435E+02
   5.664  0.2796E+01  0.1438E+02
   5.674  0.2801E+01  0.1441E+02
   5.684  0.2805E+01  0.1444E+02
   5.694  0.2808E+01  0.1446E+02
   5.704  0.2808E+01  0.1449E+02
   5.714  0.2807E+01  0.1452E+02
   5.724  0.2804E+01  0.1455E+02
   5.734  0.2799E+01  0.1458E+02
   5.744  0.2793E+01  0.1460E+02
   5.754  0.2785E+01  0.1463E+02
   5.764  0.2776E+01  0.1466E+02
   5.774  0.2766E+01  0.1469E+02
   5.784  0.2754E+01  0.1472E+02
   5.794  0.2742E+01  0.1474E+02
   5.804  0.2729E+01  0.1477E+02
   5.814  0.2715E+01  0.1480E+02
   5.824  0.2700E+01  0.1482E+02
   5.834  0.2685E+01  0.1485E+02
   5.844  0.2670E+01  0.1488E+02
   5.854  0.2655E+01  0.1490E+02
   5.864  0.2639E+01  0.1493E+02
   5.874  0.2624E+01  0.1496E+02
   5.884  0.2609E+01  0.1498E+02
   5.894  0.2594E+01  0.1501E+02
   5.904  0.2579E+01  0.1504E+02
   5.914  0.2565E+01  0.1506E+02
   5.924  0.2552E+01  0.1509E+02
   5.934  0.2539E+01  0.1511E+02
   5.944  0.2526E+01  0.1514E+02
   5.954  0.2515E+01  0.1516E+02
   5.964  0.2504E+01  0.1519E+02
   5.974  0.2494E+01  0.1521E+02
   5.984  0.2485E+01  0.1524E+02
   5.994  0.2476E+01  0.1526E+02
   6.004  0.2468E+01  0.1529E+02
   6.014  0.2461E+01  0.1531E+02
   6.024  0.2455E+01  0.1534E+02
   6.034  0.2449E+01  0.1536E+02
   6.044  0.2445E+01  0.1538E+02
   6.054  0.2440E+01  0.1541E+02
   6.064  0.2437E+01  0.1543E+02
   6.074  0.2434E+01  0.1546E+02
   6.084  0.2431E+01  0.1548E+02
   6.094  0.2429E+01  0.1551E+02
   6.104  0.2428E+01  0.1553E+02
   6.114  0.2426E+01  0.1555E+02
   6.124  0.2426E+01  0.1558E+02
   6.134  0.2425E+01  0.1560E+02
   6.144  0.2425E+01  0.1563E+02
   6.154  0.2425E+01  0.1565E+02
   6.164  0.2425E+01  0.1568E+02
   6.174  0.2425E+01  0.1570E+02
   6.184  0.2426E+01  0.1572E+02
   6.194  0.2427E+01  0.1575E+02
   6.204  0.2427E+01  0.1577E+02
   6.214  0.2428E+01  0.1580E+02
   6.224  0.2429E+01  0.1582E+02
   6.234  0.2430E+01  0.1585E+02
   6.244  0.2431E+01  0.1587E+02
   6.254  0.2432E+01  0.1589E+02
   6.264  0.2433E+01  0.1592E+02
   6.274  0.2434E+01  0.1594E+02
   6.284  0.2434E+01  0.1597E+02
   6.294  0.2435E+01  0.1599E+02
   6.304  0.2436E+01  0.1602E+02
   6.314  0.2436E+01  0.1604E+02
   6.324  0.2436E+01  0.1606E+02
   6.334  0.2436E+01  0.1609E+02
   6.344  0.2436E+01  0.1611E+02
   6.354  0.2436E+01  0.1614E+02
   6.364  0.2436E+01  0.1616E+02
   6.374  0.2436E+01  0.1619E+02
   6.384  0.2435E+01  0.1621E+02
   6.394  0.2435E+01  0.1624E+02
   6.404  0.2434E+01  0.1626E+02
   6.414  0.2434E+01  0.1628E+02
   6.424  0.2433E+01  0.1631E+02
   6.434  0.2433E+01  0.1633E+02
   6.444  0.2433E+01  0.1636E+02
   6.454  0.2433E+01  0.1638E+02
   6.464  0.2433E+01  0.1641E+02
   6.474  0.2434E+01  0.1643E+02
   6.484  0.2435E+01  0.1645E+02
   6.494  0.2436E+01  0.1648E+02
   6.504  0.2438E+01  0.1650E+02
   6.514  0.2440E+01  0.1653E+02
   6.524  0.2442E+01  0.1655E+02
   6.534  0.2445E+01  0.1658E+02
   6.544  0.2448E+01  0.1660E+02
   6.554  0.2451E+01  0.1663E+02
   6.564  0.2455E+01  0.1665E+02
   6.574  0.2459E+01  0.1667E+02
   6.584  0.2463E+01  0.1670E+02
   6.594  0.2468E+01  0.1672E+02
   6.604  0.2473E+01  0.1675E+02
   6.614  0.2477E+01  0.1677E+02
   6.624  0.2482E+01  0.1680E+02
   6.634  0.2487E+01  0.1682E+02
   6.644  0.2491E+01  0.1685E+02
   6.654  0.2496E+01  0.1687E+02
   6.664  0.2500E+01  0.1690E+02
   6.674  0.2504E+01  0.1692E+02
   6.684  0.2508E+01  0.1695E+02
   6.694  0.2512E+01  0.1697E+02
   6.704  0.2515E+01  0.1700E+02
   6.714  0.2518E+01  0.1702E+02
   6.724  0.2521E+01  0.1705E+02
   6.734  0.2524E+01  0.1707E+02
   6.744  0.2526E+01  0.1710E+02
   6.754  0.2528E+01  0.1712E+02
   6.764  0.2530E+01  0.1715E+02
   6.774  0.2532E+01  0.1718E+02
   6.784  0.2533E+01  0.1720E+02
   6.794  0.2535E+01  0.1723E+02
   6.804  0.2536E+01  0.1725E+02
   6.814  0.2537E+01  0.1728E+02
   6.824  0.2538E+01  0.1730E+02
   6.834  0.2539E+01  0.1733E+02
   6.844  0.2540E+01  0.1735E+02
   6.854  0.2541E+01  0.1738E+02
   6.864  0.2542E+01  0.1740E+02
   6.874  0.2543E+01  0.1743E+02
   6.884  0.2543E+01  0.1745E+02
   6.894  0.2544E+01  0.1748E+02
   6.904  0.2545E+01  0.1751E+02
   6.914  0.2546E+01  0.1753E+02
   6.924  0.2546E+01  0.1756E+02
   6.934  0.2547E+01  0.1758E+02
   6.944  0.2547E+01  0.1761E+02
   6.954  0.2548E+01  0.1763E+02
   6.964  0.2548E+01  0.1766E+02
   6.974  0.2548E+01  0.1768E+02
   6.984  0.2548E+01  0.1771E+02
   6.994  0.2548E+01  0.1773E+02
   7.004  0.2548E+01  0.1776E+02
   7.014  0.2548E+01  0.1779E+02
   7.024  0.2548E+01  0.1781E+02
   7.034  0.2547E+01  0.1784E+02
   7.044  0.2547E+01  0.1786E+02
   7.054  0.2547E+01  0.1789E+02
   7.064  0.2546E+01  0.1791E+02
   7.074  0.2545E+01  0.1794E+02
   7.084  0.2545E+01  0.1796E+02
   7.094  0.2544E+01  0.1799E+02
   7.104  0.2544E+01  0.1801E+02
   7.114  0.2543E+01  0.1804E+02
   7.124  0.2543E+01  0.1807E+02
   7.134  0.2542E+01  0.1809E+02
   7.144  0.2542E+01  0.1812E+02
   7.154  0.2542E+01  0.1814E+02
   7.164  0.2542E+01  0.1817E+02
   7.174  0.2542E+01  0.1819E+02
   7.184  0.2542E+01  0.1822E+02
   7.194  0.2542E+01  0.1824E+02
   7.204  0.2543E+01  0.1827E+02
   7.214  0.2543E+01  0.1829E+02
   7.224  0.2543E+01  0.1832E+02
   7.234  0.2544E+01  0.1835E+02
   7.244  0.2545E+01  0.1837E+02
   7.254  0.2545E+01  0.1840E+02
   7.264  0.2546E+01  0.1842E+02
   7.274  0.2547E+01  0.1845E+02
   7.284  0.2547E+01  0.1847E+02
   7.294  0.2548E+01  0.1850E+02
   7.304  0.2549E+01  0.1852E+02
   7.314  0.2550E+01  0.1855E+02
   7.324  0.2551E+01  0.1857E+02
   7.334  0.2552E+01  0.1860E+02
   7.344  0.2553E+01  0.1863E+02
   7.354  0.2554E+01  0.1865E+02
   7.364  0.2556E+01  0.1868E+02
   7.374  0.2558E+01  0.1870E+02
   7.384  0.2560E+01  0.1873E+02
   7.394  0.2562E+01  0.1875E+02
   7.404  0.2564E+01  0.1878E+02
   7.414  0.2567E+01  0.1880E+02
   7.424  0.2570E+01  0.1883E+02
   7.434  0.2574E+01  0.1886E+02
   7.444  0.2578E+01  0.1888E+02
   7.454  0.2583E+01  0.1891E+02
   7.464  0.2588E+01  0.1893E+02
   7.474  0.2593E+01  0.1896E+02
   7.484  0.2599E+01  0.1899E+02
   7.494  0.2606E+01  0.1901E+02
   7.504  0.2613E+01  0.1904E+02
   7.514  0.2620E+01  0.1906E+02
   7.524  0.2628E+01  0.1909E+02
   7.534  0.2636E+01  0.1912E+02
   7.544  0.2645E+01  0.1914E+02
   7.554  0.2653E+01  0.1917E+02
   7.564  0.2663E+01  0.1920E+02
   7.574  0.2672E+01  0.1922E+02
   7.584  0.2681E+01  0.1925E+02
   7.594  0.2690E+01  0.1928E+02
   7.604  0.2700E+01  0.1930E+02
   7.614  0.2709E+01  0.1933E+02
   7.624  0.2718E+01  0.1936E+02
   7.634  0.2727E+01  0.1939E+02
   7.644  0.2735E+01  0.1941E+02
   7.654  0.2743E+01  0.1944E+02
   7.664  0.2751E+01  0.1947E+02
   7.674  0.2758E+01  0.1950E+02
   7.684  0.2765E+01  0.1952E+02
   7.694  0.2771E+01  0.1955E+02
   7.704  0.2776E+01  0.1958E+02
   7.714  0.2780E+01  0.1961E+02
   7.724  0.2784E+01  0.1963E+02
   7.734  0.2787E+01  0.1966E+02
   7.744  0.2790E+01  0.1969E+02
   7.754  0.2791E+01  0.1972E+02
   7.764  0.2792E+01  0.1975E+02
   7.774  0.2792E+01  0.1977E+02
   7.784  0.2792E+01  0.1980E+02
   7.794  0.2790E+01  0.1983E+02
   7.804  0.2788E+01  0.1986E+02
   7.814  0.2786E+01  0.1988E+02
   7.824  0.2783E+01  0.1991E+02
   7.834  0.2779E+01  0.1994E+02
   7.844  0.2775E+01  0.1997E+02
   7.854  0.2770E+01  0.2000E+02
   7.864  0.2765E+01  0.2002E+02
   7.874  0.2759E+01  0.2005E+02
   7.884  0.2753E+01  0.2008E+02
   7.894  0.2747E+01  0.2011E+02
   7.904  0.2741E+01  0.2013E+02
   7.914  0.2735E+01  0.2016E+02
   7.924  0.2728E+01  0.2019E+02
   7.934  0.2721E+01  0.2022E+02
   7.944  0.2715E+01  0.2024E+02
   7.954  0.2708E+01  0.2027E+02
   7.964  0.2701E+01  0.2030E+02
   7.974  0.2695E+01  0.2032E+02
   7.984  0.2688E+01  0.2035E+02
   7.994  0.2682E+01  0.2038E+02
   8.004  0.2676E+01  0.2040E+02
   8.014  0.2670E+01  0.2043E+02
   8.024  0.2664E+01  0.2046E+02
   8.034  0.2658E+01  0.2048E+02
   8.044  0.2652E+01  0.2051E+02
   8.054  0.2647E+01  0.2054E+02
   8.064  0.2642E+01  0.2056E+02
   8.074  0.2637E+01  0.2059E+02
   8.084  0.2632E+01  0.2062E+02
   8.094  0.2627E+01  0.2064E+02
   8.104  0.2623E+01  0.2067E+02
   8.114  0.2619E+01  0.2069E+02
   8.124  0.2614E+01  0.2072E+02
   8.134  0.2610E+01  0.2075E+02
   8.144  0.2607E+01  0.2077E+02
   8.154  0.2603E+01  0.2080E+02
   8.164  0.2599E+01  0.2083E+02
   8.174  0.2596E+01  0.2085E+02
   8.184  0.2592E+01  0.2088E+02
   8.194  0.2589E+01  0.2090E+02
   8.204  0.2586E+01  0.2093E+02
   8.214  0.2583E+01  0.2095E+02
   8.224  0.2580E+01  0.2098E+02
   8.234  0.2577E+01  0.2101E+02
   8.244  0.2574E+01  0.2103E+02
   8.254  0.2571E+01  0.2106E+02
   8.264  0.2569E+01  0.2108E+02
   8.274  0.2566E+01  0.2111E+02
   8.284  0.2563E+01  0.2113E+02
   8.294  0.2561E+01  0.2116E+02
   8.304  0.2558E+01  0.2119E+02
   8.314  0.2556E+01  0.2121E+02
   8.324  0.2553E+01  0.2124E+02
   8.334  0.2551E+01  0.2126E+02
   8.344  0.2549E+01  0.2129E+02
   8.354  0.2546E+01  0.2131E+02
   8.364  0.2544E+01  0.2134E+02
   8.374  0.2542E+01  0.2136E+02
   8.384  0.2540E+01  0.2139E+02
   8.394  0.2537E+01  0.2141E+02
   8.404  0.2535E+01  0.2144E+02
   8.414  0.2533E+01  0.2147E+02
   8.424  0.2531E+01  0.2149E+02
   8.434  0.2528E+01  0.2152E+02
   8.444  0.2526E+01  0.2154E+02
   8.454  0.2523E+01  0.2157E+02
   8.464  0.2521E+01  0.2159E+02
   8.474  0.2518E+01  0.2162E+02
   8.484  0.2515E+01  0.2164E+02
   8.494  0.2512E+01  0.2167E+02
   8.504  0.2508E+01  0.2169E+02
   8.514  0.2505E+01  0.2172E+02
   8.524  0.2501E+01  0.2174E+02
   8.534  0.2497E+01  0.2177E+02
   8.544  0.2493E+01  0.2179E+02
   8.554  0.2489E+01  0.2182E+02
   8.564  0.2485E+01  0.2184E+02
   8.574  0.2480E+01  0.2187E+02
   8.584  0.2476E+01  0.2189E+02
   8.594  0.2471E+01  0.2192E+02
   8.604  0.2467E+01  0.2194E+02
   8.614  0.2462E+01  0.2197E+02
   8.624  0.2458E+01  0.2199E+02
   8.634  0.2454E+01  0.2201E+02
   8.644  0.2451E+01  0.2204E+02
   8.654  0.2448E+01  0.2206E+02
   8.664  0.2445E+01  0.2209E+02
   8.674  0.2443E+01  0.2211E+02
   8.684  0.2442E+01  0.2214E+02
   8.694  0.2441E+01  0.2216E+02
   8.704  0.2442E+01  0.2219E+02
   8.714  0.2443E+01  0.2221E+02
   8.724  0.2445E+01  0.2223E+02
   8.734  0.2447E+01  0.2226E+02
   8.744  0.2451E+01  0.2228E+02
   8.754  0.2455E+01  0.2231E+02
   8.764  0.2461E+01  0.2233E+02
   8.774  0.2466E+01  0.2236E+02
   8.784  0.2473E+01  0.2238E+02
   8.794  0.2480E+01  0.2241E+02
   8.804  0.2488E+01  0.2243E+02
   8.814  0.2496E+01  0.2246E+02
   8.824  0.2504E+01  0.2248E+02
   8.834  0.2512E+01  0.2251E+02
   8.844  0.2521E+01  0.2253E+02
   8.854  0.2529E+01  0.2256E+02
   8.864  0.2537E+01  0.2258E+02
   8.874  0.2545E+01  0.2261E+02
   8.884  0.2553E+01  0.2263E+02
   8.894  0.2560E+01  0.2266E+02
   8.904  0.2567E+01  0.2269E+02
   8.914  0.2573E+01  0.2271E+02
   8.924  0.2579E+01  0.2274E+02
   8.934  0.2584E+01  0.2276E+02
   8.944  0.2589E+01  0.2279E+02
   8.954  0.2593E+01  0.2281E+02
   8.964  0.2597E+01  0.2284E+02
   8.974  0.2601E+01  0.2287E+02
   8.984  0.2603E+01  0.2289E+02
   8.994  0.2606E+01  0.2292E+02
   9.004  0.2608E+01  0.2294E+02
   9.014  0.2610E+01  0.2297E+02
   9.024  0.2612E+01  0.2300E+02
   9.034  0.2613E+01  0.2302E+02
   9.044  0.2615E+01  0.2305E+02
   9.054  0.2616E+01  0.2308E+02
   9.064  0.2617E+01  0.2310E+02
   9.074  0.2619E+01  0.2313E+02
   9.084  0.2620E+01  0.2315E+02
   9.094  0.2621E+01  0.2318E+02
   9.104  0.2622E+01  0.2321E+02
   9.114  0.2623E+01  0.2323E+02
   9.124  0.2624E+01  0.2326E+02
   9.134  0.2626E+01  0.2328E+02
   9.144  0.2627E+01  0.2331E+02
   9.154  0.2629E+01  0.2334E+02
   9.164  0.2630E+01  0.2336E+02
   9.174  0.2632E+01  0.2339E+02
   9.184  0.2634E+01  0.2342E+02
   9.194  0.2636E+01  0.2344E+02
   9.204  0.2638E+01  0.2347E+02
   9.214  0.2641E+01  0.2350E+02
   9.224  0.2644E+01  0.2352E+02
   9.234  0.2647E+01  0.2355E+02
   9.244  0.2651E+01  0.2358E+02
   9.254  0.2655E+01  0.2360E+02
   9.264  0.2660E+01  0.2363E+02
   9.274  0.2665E+01  0.2365E+02
   9.284  0.2671E+01  0.2368E+02
   9.294  0.2678E+01  0.2371E+02
   9.304  0.2686E+01  0.2374E+02
   9.314  0.2694E+01  0.2376E+02
   9.324  0.2703E+01  0.2379E+02
   9.334  0.2713E+01  0.2382E+02
   9.344  0.2723E+01  0.2384E+02
   9.354  0.2734E+01  0.2387E+02
   9.364  0.2746E+01  0.2390E+02
   9.374  0.2758E+01  0.2393E+02
   9.384  0.2771E+01  0.2395E+02
   9.394  0.2784E+01  0.2398E+02
   9.404  0.2797E+01  0.2401E+02
   9.414  0.2811E+01  0.2404E+02
   9.424  0.2825E+01  0.2407E+02
   9.434  0.2838E+01  0.2409E+02
   9.444  0.2851E+01  0.2412E+02
   9.454  0.2864E+01  0.2415E+02
   9.464  0.2877E+01  0.2418E+02
   9.474  0.2889E+01  0.2421E+02
   9.484  0.2901E+01  0.2424E+02
   9.494  0.2912E+01  0.2427E+02
   9.504  0.2922E+01  0.2430E+02
   9.514  0.2932E+01  0.2433E+02
   9.524  0.2941E+01  0.2436E+02
   9.534  0.2950E+01  0.2438E+02
   9.544  0.2958E+01  0.2441E+02
   9.554  0.2965E+01  0.2444E+02
   9.564  0.2972E+01  0.2447E+02
   9.574  0.2978E+01  0.2450E+02
   9.584  0.2984E+01  0.2453E+02
   9.594  0.2990E+01  0.2456E+02
   9.604  0.2996E+01  0.2459E+02
   9.614  0.3002E+01  0.2462E+02
   9.624  0.3007E+01  0.2465E+02
   9.634  0.3013E+01  0.2468E+02
   9.644  0.3019E+01  0.2471E+02
   9.654  0.3026E+01  0.2474E+02
   9.664  0.3032E+01  0.2477E+02
   9.674  0.3040E+01  0.2480E+02
   9.684  0.3047E+01  0.2483E+02
   9.694  0.3056E+01  0.2487E+02
   9.704  0.3064E+01  0.2490E+02
   9.714  0.3074E+01  0.2493E+02
   9.724  0.3084E+01  0.2496E+02
   9.734  0.3094E+01  0.2499E+02
   9.744  0.3105E+01  0.2502E+02
   9.754  0.3116E+01  0.2505E+02
   9.764  0.3127E+01  0.2508E+02
   9.774  0.3139E+01  0.2511E+02
   9.784  0.3151E+01  0.2514E+02
   9.794  0.3163E+01  0.2518E+02
   9.804  0.3175E+01  0.2521E+02
   9.814  0.3187E+01  0.2524E+02
   9.824  0.3199E+01  0.2527E+02
   9.834  0.3210E+01  0.2530E+02
   9.844  0.3221E+01  0.2534E+02
   9.854  0.3232E+01  0.2537E+02
   9.864  0.3242E+01  0.2540E+02
   9.874  0.3251E+01  0.2543E+02
   9.884  0.3260E+01  0.2547E+02
   9.894  0.3268E+01  0.2550E+02
   9.904  0.3276E+01  0.2553E+02
   9.914  0.3282E+01  0.2556E+02
   9.924  0.3288E+01  0.2560E+02
   9.934  0.3293E+01  0.2563E+02
   9.944  0.3297E+01  0.2566E+02
   9.954  0.3300E+01  0.2570E+02
   9.964  0.3302E+01  0.2573E+02
   9.974  0.3304E+01  0.2576E+02
   9.984  0.3305E+01  0.2580E+02
   9.994  0.3306E+01  0.2583E+02
  10.004  0.3306E+01  0.2586E+02
  10.014  0.3305E+01  0.2589E+02
  10.024  0.3304E+01  0.2593E+02
  10.034  0.3303E+01  0.2596E+02
  10.044  0.3301E+01  0.2599E+02
  10.054  0.3299E+01  0.2603E+02
  10.064  0.3297E+01  0.2606E+02
  10.074  0.3295E+01  0.2609E+02
  10.084  0.3294E+01  0.2613E+02
  10.094  0.3292E+01  0.2616E+02
  10.104  0.3291E+01  0.2619E+02
  10.114  0.3290E+01  0.2622E+02
  10.124  0.3290E+01  0.2626E+02
  10.134  0.3290E+01  0.2629E+02
  10.144  0.3290E+01  0.2632E+02
  10.154  0.3291E+01  0.2636E+02
  10.164  0.3293E+01  0.2639E+02
  10.174  0.3295E+01  0.2642E+02
  10.184  0.3298E+01  0.2645E+02
  10.194  0.3301E+01  0.2649E+02
  10.204  0.3305E+01  0.2652E+02
  10.214  0.3309E+01  0.2655E+02
  10.224  0.3313E+01  0.2659E+02
  10.234  0.3317E+01  0.2662E+02
  10.244  0.3322E+01  0.2665E+02
  10.254  0.3327E+01  0.2669E+02
  10.264  0.3331E+01  0.2672E+02
  10.274  0.3336E+01  0.2675E+02
  10.284  0.3339E+01  0.2679E+02
  10.294  0.3343E+01  0.2682E+02
  10.304  0.3346E+01  0.2685E+02
  10.314  0.3348E+01  0.2689E+02
  10.324  0.3349E+01  0.2692E+02
  10.334  0.3349E+01  0.2695E+02
  10.344  0.3349E+01  0.2699E+02
  10.354  0.3347E+01  0.2702E+02
  10.364  0.3344E+01  0.2705E+02
  10.374  0.3340E+01  0.2709E+02
  10.384  0.3335E+01  0.2712E+02
  10.394  0.3328E+01  0.2715E+02
  10.404  0.3321E+01  0.2719E+02
  10.414  0.3312E+01  0.2722E+02
  10.424  0.3303E+01  0.2725E+02
  10.434  0.3292E+01  0.2729E+02
  10.444  0.3281E+01  0.2732E+02
  10.454  0.3269E+01  0.2735E+02
  10.464  0.3256E+01  0.2738E+02
  10.474  0.3243E+01  0.2742E+02
  10.484  0.3230E+01  0.2745E+02
  10.494  0.3216E+01  0.2748E+02
  10.504  0.3202E+01  0.2751E+02
  10.514  0.3188E+01  0.2755E+02
  10.524  0.3175E+01  0.2758E+02
  10.534  0.3161E+01  0.2761E+02
  10.544  0.3148E+01  0.2764E+02
  10.554  0.3136E+01  0.2767E+02
  10.564  0.3124E+01  0.2770E+02
  10.574  0.3112E+01  0.2773E+02
  10.584  0.3102E+01  0.2777E+02
  10.594  0.3092E+01  0.2780E+02
  10.604  0.3082E+01  0.2783E+02
  10.614  0.3073E+01  0.2786E+02
  10.624  0.3065E+01  0.2789E+02
  10.634  0.3058E+01  0.2792E+02
  10.644  0.3051E+01  0.2795E+02
  10.654  0.3045E+01  0.2798E+02
  10.664  0.3039E+01  0.2801E+02
  10.674  0.3034E+01  0.2804E+02
  10.684  0.3029E+01  0.2807E+02
  10.694  0.3024E+01  0.2810E+02
  10.704  0.3020E+01  0.2813E+02
  10.714  0.3016E+01  0.2816E+02
  10.724  0.3012E+01  0.2819E+02
  10.734  0.3009E+01  0.2822E+02
  10.744  0.3005E+01  0.2825E+02
  10.754  0.3002E+01  0.2828E+02
  10.764  0.2999E+01  0.2831E+02
  10.774  0.2996E+01  0.2834E+02
  10.784  0.2993E+01  0.2837E+02
  10.794  0.2990E+01  0.2840E+02
  10.804  0.2988E+01  0.2843E+02
  10.814  0.2986E+01  0.2846E+02
  10.824  0.2984E+01  0.2849E+02
  10.834  0.2983E+01  0.2852E+02
  10.844  0.2982E+01  0.2855E+02
  10.854  0.2981E+01  0.2858E+02
  10.864  0.2980E+01  0.2861E+02
  10.874  0.2980E+01  0.2864E+02
  10.884  0.2981E+01  0.2867E+02
  10.894  0.2981E+01  0.2870E+02
  10.904  0.2982E+01  0.2873E+02
  10.914  0.2983E+01  0.2876E+02
  10.924  0.2985E+01  0.2879E+02
  10.934  0.2986E+01  0.2882E+02
  10.944  0.2988E+01  0.2885E+02
  10.954  0.2989E+01  0.2888E+02
  10.964  0.2991E+01  0.2891E+02
  10.974  0.2992E+01  0.2894E+02
  10.984  0.2993E+01  0.2897E+02
  10.994  0.2994E+01  0.2900E+02
  11.004  0.2994E+01  0.2903E+02
  11.014  0.2993E+01  0.2906E+02
  11.024  0.2992E+01  0.2909E+02
  11.034  0.2991E+01  0.2912E+02
  11.044  0.2989E+01  0.2915E+02
  11.054  0.2986E+01  0.2918E+02
  11.064  0.2982E+01  0.2921E+02
  11.074  0.2977E+01  0.2924E+02
  11.084  0.2972E+01  0.2927E+02
  11.094  0.2967E+01  0.2930E+02
  11.104  0.2960E+01  0.2933E+02
  11.114  0.2954E+01  0.2936E+02
  11.124  0.2946E+01  0.2939E+02
  11.134  0.2938E+01  0.2942E+02
  11.144  0.2930E+01  0.2944E+02
  11.154  0.2922E+01  0.2947E+02
  11.164  0.2913E+01  0.2950E+02
  11.174  0.2905E+01  0.2953E+02
  11.184  0.2896E+01  0.2956E+02
  11.194  0.2887E+01  0.2959E+02
  11.204  0.2878E+01  0.2962E+02
  11.214  0.2870E+01  0.2965E+02
  11.224  0.2861E+01  0.2968E+02
  11.234  0.2852E+01  0.2970E+02
  11.244  0.2844E+01  0.2973E+02
  11.254  0.2836E+01  0.2976E+02
  11.264  0.2827E+01  0.2979E+02
  11.274  0.2819E+01  0.2982E+02
  11.284  0.2811E+01  0.2985E+02
  11.294  0.2803E+01  0.2987E+02
  11.304  0.2795E+01  0.2990E+02
  11.314  0.2786E+01  0.2993E+02
  11.324  0.2778E+01  0.2996E+02
  11.334  0.2769E+01  0.2999E+02
  11.344  0.2761E+01  0.3001E+02
  11.354  0.2752E+01  0.3004E+02
  11.364  0.2743E+01  0.3007E+02
  11.374  0.2734E+01  0.3009E+02
  11.384  0.2725E+01  0.3012E+02
  11.394  0.2716E+01  0.3015E+02
  11.404  0.2707E+01  0.3018E+02
  11.414  0.2698E+01  0.3020E+02
  11.424  0.2689E+01  0.3023E+02
  11.434  0.2680E+01  0.3026E+02
  11.444  0.2671E+01  0.3028E+02
  11.454  0.2662E+01  0.3031E+02
  11.464  0.2654E+01  0.3034E+02
  11.474  0.2647E+01  0.3036E+02
  11.484  0.2640E+01  0.3039E+02
  11.494  0.2633E+01  0.3042E+02
  11.504  0.2627E+01  0.3044E+02
  11.514  0.2622E+01  0.3047E+02
  11.524  0.2618E+01  0.3049E+02
  11.534  0.2614E+01  0.3052E+02
  11.544  0.2612E+01  0.3055E+02
  11.554  0.2610E+01  0.3057E+02
  11.564  0.2609E+01  0.3060E+02
  11.574  0.2609E+01  0.3063E+02
  11.584  0.2611E+01  0.3065E+02
  11.594  0.2613E+01  0.3068E+02
  11.604  0.2615E+01  0.3070E+02
  11.614  0.2619E+01  0.3073E+02
  11.624  0.2624E+01  0.3076E+02
  11.634  0.2629E+01  0.3078E+02
  11.644  0.2635E+01  0.3081E+02
  11.654  0.2642E+01  0.3084E+02
  11.664  0.2650E+01  0.3086E+02
  11.674  0.2658E+01  0.3089E+02
  11.684  0.2667E+01  0.3091E+02
  11.694  0.2677E+01  0.3094E+02
  11.704  0.2687E+01  0.3097E+02
  11.714  0.2698E+01  0.3100E+02
  11.724  0.2710E+01  0.3102E+02
  11.734  0.2721E+01  0.3105E+02
  11.744  0.2734E+01  0.3108E+02
  11.754  0.2747E+01  0.3110E+02
  11.764  0.2760E+01  0.3113E+02
  11.774  0.2774E+01  0.3116E+02
  11.784  0.2788E+01  0.3119E+02
  11.794  0.2803E+01  0.3122E+02
  11.804  0.2818E+01  0.3124E+02
  11.814  0.2833E+01  0.3127E+02
  11.824  0.2849E+01  0.3130E+02
  11.834  0.2864E+01  0.3133E+02
  11.844  0.2880E+01  0.3136E+02
  11.854  0.2896E+01  0.3139E+02
  11.864  0.2912E+01  0.3142E+02
  11.874  0.2928E+01  0.3145E+02
  11.884  0.2944E+01  0.3148E+02
  11.894  0.2960E+01  0.3150E+02
  11.904  0.2975E+01  0.3153E+02
  11.914  0.2991E+01  0.3156E+02
  11.924  0.3005E+01  0.3159E+02
  11.934  0.3020E+01  0.3162E+02
  11.944  0.3033E+01  0.3166E+02
  11.954  0.3047E+01  0.3169E+02
  11.964  0.3059E+01  0.3172E+02
  11.974  0.3071E+01  0.3175E+02
  11.984  0.3082E+01  0.3178E+02
  11.994  0.3093E+01  0.3181E+02
  12.004  0.3102E+01  0.3184E+02
  12.014  0.3111E+01  0.3187E+02
  12.024  0.3119E+01  0.3190E+02
  12.034  0.3126E+01  0.3193E+02
  12.044  0.3133E+01  0.3196E+02
  12.054  0.3138E+01  0.3200E+02
  12.064  0.3143E+01  0.3203E+02
  12.074  0.3147E+01  0.3206E+02
  12.084  0.3150E+01  0.3209E+02
  12.094  0.3152E+01  0.3212E+02
  12.104  0.3154E+01  0.3215E+02
  12.114  0.3155E+01  0.3218E+02
  12.124  0.3155E+01  0.3222E+02
  12.134  0.3154E+01  0.3225E+02
  12.144  0.3153E+01  0.3228E+02
