#  E (eV)   dos(E)     Int dos(E) EFermi =   -3.475 eV
 -13.475  0.2207E+00  0.2207E-02
 -13.465  0.2342E+00  0.4549E-02
 -13.455  0.2469E+00  0.7018E-02
 -13.445  0.2584E+00  0.9602E-02
 -13.435  0.2685E+00  0.1229E-01
 -13.425  0.2769E+00  0.1506E-01
 -13.415  0.2833E+00  0.1789E-01
 -13.405  0.2874E+00  0.2076E-01
 -13.395  0.2891E+00  0.2366E-01
 -13.385  0.2883E+00  0.2654E-01
 -13.375  0.2848E+00  0.2939E-01
 -13.365  0.2789E+00  0.3217E-01
 -13.355  0.2705E+00  0.3488E-01
 -13.345  0.2599E+00  0.3748E-01
 -13.335  0.2474E+00  0.3995E-01
 -13.325  0.2332E+00  0.4229E-01
 -13.315  0.2178E+00  0.4446E-01
 -13.305  0.2015E+00  0.4648E-01
 -13.295  0.1848E+00  0.4833E-01
 -13.285  0.1679E+00  0.5001E-01
 -13.275  0.1513E+00  0.5152E-01
 -13.265  0.1354E+00  0.5287E-01
 -13.255  0.1203E+00  0.5408E-01
 -13.245  0.1064E+00  0.5514E-01
 -13.235  0.9385E-01  0.5608E-01
 -13.225  0.8276E-01  0.5691E-01
 -13.215  0.7321E-01  0.5764E-01
 -13.205  0.6526E-01  0.5829E-01
 -13.195  0.5886E-01  0.5888E-01
 -13.185  0.5399E-01  0.5942E-01
 -13.175  0.5053E-01  0.5992E-01
 -13.165  0.4839E-01  0.6041E-01
 -13.155  0.4744E-01  0.6088E-01
 -13.145  0.4753E-01  0.6136E-01
 -13.135  0.4851E-01  0.6184E-01
 -13.125  0.5025E-01  0.6235E-01
 -13.115  0.5261E-01  0.6287E-01
 -13.105  0.5546E-01  0.6343E-01
 -13.095  0.5870E-01  0.6401E-01
 -13.085  0.6225E-01  0.6464E-01
 -13.075  0.6603E-01  0.6530E-01
 -13.065  0.7002E-01  0.6600E-01
 -13.055  0.7419E-01  0.6674E-01
 -13.045  0.7856E-01  0.6752E-01
 -13.035  0.8315E-01  0.6836E-01
 -13.025  0.8802E-01  0.6924E-01
 -13.015  0.9322E-01  0.7017E-01
 -13.005  0.9882E-01  0.7116E-01
 -12.995  0.1049E+00  0.7220E-01
 -12.985  0.1114E+00  0.7332E-01
 -12.975  0.1185E+00  0.7450E-01
 -12.965  0.1262E+00  0.7577E-01
 -12.955  0.1344E+00  0.7711E-01
 -12.945  0.1432E+00  0.7854E-01
 -12.935  0.1525E+00  0.8007E-01
 -12.925  0.1621E+00  0.8169E-01
 -12.915  0.1720E+00  0.8341E-01
 -12.905  0.1821E+00  0.8523E-01
 -12.895  0.1922E+00  0.8715E-01
 -12.885  0.2022E+00  0.8917E-01
 -12.875  0.2119E+00  0.9129E-01
 -12.865  0.2212E+00  0.9351E-01
 -12.855  0.2300E+00  0.9581E-01
 -12.845  0.2382E+00  0.9819E-01
 -12.835  0.2457E+00  0.1006E+00
 -12.825  0.2523E+00  0.1032E+00
 -12.815  0.2582E+00  0.1058E+00
 -12.805  0.2633E+00  0.1084E+00
 -12.795  0.2676E+00  0.1111E+00
 -12.785  0.2712E+00  0.1138E+00
 -12.775  0.2741E+00  0.1165E+00
 -12.765  0.2764E+00  0.1193E+00
 -12.755  0.2781E+00  0.1221E+00
 -12.745  0.2794E+00  0.1249E+00
 -12.735  0.2804E+00  0.1277E+00
 -12.725  0.2811E+00  0.1305E+00
 -12.715  0.2815E+00  0.1333E+00
 -12.705  0.2819E+00  0.1361E+00
 -12.695  0.2822E+00  0.1389E+00
 -12.685  0.2825E+00  0.1417E+00
 -12.675  0.2827E+00  0.1446E+00
 -12.665  0.2831E+00  0.1474E+00
 -12.655  0.2834E+00  0.1502E+00
 -12.645  0.2839E+00  0.1531E+00
 -12.635  0.2844E+00  0.1559E+00
 -12.625  0.2851E+00  0.1588E+00
 -12.615  0.2859E+00  0.1616E+00
 -12.605  0.2869E+00  0.1645E+00
 -12.595  0.2881E+00  0.1674E+00
 -12.585  0.2896E+00  0.1703E+00
 -12.575  0.2915E+00  0.1732E+00
 -12.565  0.2938E+00  0.1761E+00
 -12.555  0.2966E+00  0.1791E+00
 -12.545  0.3000E+00  0.1821E+00
 -12.535  0.3041E+00  0.1851E+00
 -12.525  0.3087E+00  0.1882E+00
 -12.515  0.3141E+00  0.1914E+00
 -12.505  0.3200E+00  0.1946E+00
 -12.495  0.3265E+00  0.1978E+00
 -12.485  0.3334E+00  0.2012E+00
 -12.475  0.3405E+00  0.2046E+00
 -12.465  0.3478E+00  0.2080E+00
 -12.455  0.3549E+00  0.2116E+00
 -12.445  0.3617E+00  0.2152E+00
 -12.435  0.3680E+00  0.2189E+00
 -12.425  0.3736E+00  0.2226E+00
 -12.415  0.3783E+00  0.2264E+00
 -12.405  0.3820E+00  0.2302E+00
 -12.395  0.3845E+00  0.2341E+00
 -12.385  0.3859E+00  0.2379E+00
 -12.375  0.3862E+00  0.2418E+00
 -12.365  0.3854E+00  0.2457E+00
 -12.355  0.3837E+00  0.2495E+00
 -12.345  0.3813E+00  0.2533E+00
 -12.335  0.3784E+00  0.2571E+00
 -12.325  0.3753E+00  0.2608E+00
 -12.315  0.3722E+00  0.2646E+00
 -12.305  0.3695E+00  0.2683E+00
 -12.295  0.3675E+00  0.2719E+00
 -12.285  0.3664E+00  0.2756E+00
 -12.275  0.3665E+00  0.2793E+00
 -12.265  0.3680E+00  0.2829E+00
 -12.255  0.3712E+00  0.2867E+00
 -12.245  0.3761E+00  0.2904E+00
 -12.235  0.3827E+00  0.2942E+00
 -12.225  0.3911E+00  0.2982E+00
 -12.215  0.4012E+00  0.3022E+00
 -12.205  0.4129E+00  0.3063E+00
 -12.195  0.4258E+00  0.3106E+00
 -12.185  0.4398E+00  0.3150E+00
 -12.175  0.4546E+00  0.3195E+00
 -12.165  0.4696E+00  0.3242E+00
 -12.155  0.4846E+00  0.3290E+00
 -12.145  0.4991E+00  0.3340E+00
 -12.135  0.5126E+00  0.3392E+00
 -12.125  0.5248E+00  0.3444E+00
 -12.115  0.5352E+00  0.3498E+00
 -12.105  0.5435E+00  0.3552E+00
 -12.095  0.5495E+00  0.3607E+00
 -12.085  0.5528E+00  0.3662E+00
 -12.075  0.5533E+00  0.3717E+00
 -12.065  0.5509E+00  0.3773E+00
 -12.055  0.5458E+00  0.3827E+00
 -12.045  0.5379E+00  0.3881E+00
 -12.035  0.5276E+00  0.3934E+00
 -12.025  0.5150E+00  0.3985E+00
 -12.015  0.5006E+00  0.4035E+00
 -12.005  0.4847E+00  0.4084E+00
 -11.995  0.4679E+00  0.4131E+00
 -11.985  0.4507E+00  0.4176E+00
 -11.975  0.4337E+00  0.4219E+00
 -11.965  0.4172E+00  0.4261E+00
 -11.955  0.4019E+00  0.4301E+00
 -11.945  0.3883E+00  0.4340E+00
 -11.935  0.3766E+00  0.4377E+00
 -11.925  0.3671E+00  0.4414E+00
 -11.915  0.3602E+00  0.4450E+00
 -11.905  0.3559E+00  0.4486E+00
 -11.895  0.3542E+00  0.4521E+00
 -11.885  0.3550E+00  0.4557E+00
 -11.875  0.3581E+00  0.4592E+00
 -11.865  0.3631E+00  0.4629E+00
 -11.855  0.3696E+00  0.4666E+00
 -11.845  0.3774E+00  0.4703E+00
 -11.835  0.3858E+00  0.4742E+00
 -11.825  0.3943E+00  0.4781E+00
 -11.815  0.4027E+00  0.4822E+00
 -11.805  0.4103E+00  0.4863E+00
 -11.795  0.4169E+00  0.4904E+00
 -11.785  0.4222E+00  0.4947E+00
 -11.775  0.4260E+00  0.4989E+00
 -11.765  0.4282E+00  0.5032E+00
 -11.755  0.4288E+00  0.5075E+00
 -11.745  0.4279E+00  0.5118E+00
 -11.735  0.4255E+00  0.5160E+00
 -11.725  0.4220E+00  0.5202E+00
 -11.715  0.4174E+00  0.5244E+00
 -11.705  0.4121E+00  0.5285E+00
 -11.695  0.4063E+00  0.5326E+00
 -11.685  0.4002E+00  0.5366E+00
 -11.675  0.3940E+00  0.5405E+00
 -11.665  0.3878E+00  0.5444E+00
 -11.655  0.3818E+00  0.5482E+00
 -11.645  0.3758E+00  0.5520E+00
 -11.635  0.3700E+00  0.5557E+00
 -11.625  0.3643E+00  0.5593E+00
 -11.615  0.3586E+00  0.5629E+00
 -11.605  0.3528E+00  0.5665E+00
 -11.595  0.3469E+00  0.5699E+00
 -11.585  0.3407E+00  0.5733E+00
 -11.575  0.3343E+00  0.5767E+00
 -11.565  0.3277E+00  0.5800E+00
 -11.555  0.3210E+00  0.5832E+00
 -11.545  0.3142E+00  0.5863E+00
 -11.535  0.3077E+00  0.5894E+00
 -11.525  0.3015E+00  0.5924E+00
 -11.515  0.2959E+00  0.5954E+00
 -11.505  0.2913E+00  0.5983E+00
 -11.495  0.2878E+00  0.6012E+00
 -11.485  0.2857E+00  0.6040E+00
 -11.475  0.2852E+00  0.6069E+00
 -11.465  0.2865E+00  0.6097E+00
 -11.455  0.2896E+00  0.6126E+00
 -11.445  0.2946E+00  0.6156E+00
 -11.435  0.3012E+00  0.6186E+00
 -11.425  0.3095E+00  0.6217E+00
 -11.415  0.3191E+00  0.6249E+00
 -11.405  0.3297E+00  0.6282E+00
 -11.395  0.3410E+00  0.6316E+00
 -11.385  0.3526E+00  0.6351E+00
 -11.375  0.3640E+00  0.6387E+00
 -11.365  0.3747E+00  0.6425E+00
 -11.355  0.3844E+00  0.6463E+00
 -11.345  0.3927E+00  0.6503E+00
 -11.335  0.3992E+00  0.6543E+00
 -11.325  0.4036E+00  0.6583E+00
 -11.315  0.4058E+00  0.6623E+00
 -11.305  0.4056E+00  0.6664E+00
 -11.295  0.4029E+00  0.6704E+00
 -11.285  0.3979E+00  0.6744E+00
 -11.275  0.3906E+00  0.6783E+00
 -11.265  0.3813E+00  0.6821E+00
 -11.255  0.3702E+00  0.6858E+00
 -11.245  0.3578E+00  0.6894E+00
 -11.235  0.3444E+00  0.6929E+00
 -11.225  0.3303E+00  0.6962E+00
 -11.215  0.3161E+00  0.6993E+00
 -11.205  0.3021E+00  0.7023E+00
 -11.195  0.2888E+00  0.7052E+00
 -11.185  0.2765E+00  0.7080E+00
 -11.175  0.2655E+00  0.7106E+00
 -11.165  0.2561E+00  0.7132E+00
 -11.155  0.2484E+00  0.7157E+00
 -11.145  0.2426E+00  0.7181E+00
 -11.135  0.2388E+00  0.7205E+00
 -11.125  0.2370E+00  0.7229E+00
 -11.115  0.2372E+00  0.7252E+00
 -11.105  0.2392E+00  0.7276E+00
 -11.095  0.2429E+00  0.7301E+00
 -11.085  0.2481E+00  0.7325E+00
 -11.075  0.2547E+00  0.7351E+00
 -11.065  0.2624E+00  0.7377E+00
 -11.055  0.2710E+00  0.7404E+00
 -11.045  0.2801E+00  0.7432E+00
 -11.035  0.2896E+00  0.7461E+00
 -11.025  0.2992E+00  0.7491E+00
 -11.015  0.3085E+00  0.7522E+00
 -11.005  0.3174E+00  0.7554E+00
 -10.995  0.3256E+00  0.7586E+00
 -10.985  0.3329E+00  0.7620E+00
 -10.975  0.3390E+00  0.7654E+00
 -10.965  0.3439E+00  0.7688E+00
 -10.955  0.3474E+00  0.7723E+00
 -10.945  0.3495E+00  0.7758E+00
 -10.935  0.3502E+00  0.7793E+00
 -10.925  0.3495E+00  0.7828E+00
 -10.915  0.3475E+00  0.7862E+00
 -10.905  0.3443E+00  0.7897E+00
 -10.895  0.3401E+00  0.7931E+00
 -10.885  0.3350E+00  0.7964E+00
 -10.875  0.3292E+00  0.7997E+00
 -10.865  0.3229E+00  0.8029E+00
 -10.855  0.3164E+00  0.8061E+00
 -10.845  0.3097E+00  0.8092E+00
 -10.835  0.3031E+00  0.8122E+00
 -10.825  0.2966E+00  0.8152E+00
 -10.815  0.2903E+00  0.8181E+00
 -10.805  0.2844E+00  0.8210E+00
 -10.795  0.2789E+00  0.8237E+00
 -10.785  0.2738E+00  0.8265E+00
 -10.775  0.2693E+00  0.8292E+00
 -10.765  0.2652E+00  0.8318E+00
 -10.755  0.2617E+00  0.8344E+00
 -10.745  0.2588E+00  0.8370E+00
 -10.735  0.2566E+00  0.8396E+00
 -10.725  0.2549E+00  0.8421E+00
 -10.715  0.2539E+00  0.8447E+00
 -10.705  0.2535E+00  0.8472E+00
 -10.695  0.2538E+00  0.8498E+00
 -10.685  0.2546E+00  0.8523E+00
 -10.675  0.2560E+00  0.8549E+00
 -10.665  0.2580E+00  0.8574E+00
 -10.655  0.2603E+00  0.8600E+00
 -10.645  0.2629E+00  0.8627E+00
 -10.635  0.2658E+00  0.8653E+00
 -10.625  0.2687E+00  0.8680E+00
 -10.615  0.2716E+00  0.8707E+00
 -10.605  0.2743E+00  0.8735E+00
 -10.595  0.2767E+00  0.8762E+00
 -10.585  0.2788E+00  0.8790E+00
 -10.575  0.2804E+00  0.8818E+00
 -10.565  0.2816E+00  0.8847E+00
 -10.555  0.2822E+00  0.8875E+00
 -10.545  0.2823E+00  0.8903E+00
 -10.535  0.2820E+00  0.8931E+00
 -10.525  0.2813E+00  0.8959E+00
 -10.515  0.2802E+00  0.8987E+00
 -10.505  0.2789E+00  0.9015E+00
 -10.495  0.2775E+00  0.9043E+00
 -10.485  0.2761E+00  0.9071E+00
 -10.475  0.2748E+00  0.9098E+00
 -10.465  0.2738E+00  0.9125E+00
 -10.455  0.2731E+00  0.9153E+00
 -10.445  0.2728E+00  0.9180E+00
 -10.435  0.2730E+00  0.9207E+00
 -10.425  0.2736E+00  0.9235E+00
 -10.415  0.2746E+00  0.9262E+00
 -10.405  0.2759E+00  0.9290E+00
 -10.395  0.2775E+00  0.9318E+00
 -10.385  0.2791E+00  0.9345E+00
 -10.375  0.2807E+00  0.9373E+00
 -10.365  0.2821E+00  0.9402E+00
 -10.355  0.2830E+00  0.9430E+00
 -10.345  0.2834E+00  0.9458E+00
 -10.335  0.2830E+00  0.9487E+00
 -10.325  0.2818E+00  0.9515E+00
 -10.315  0.2797E+00  0.9543E+00
 -10.305  0.2768E+00  0.9570E+00
 -10.295  0.2730E+00  0.9598E+00
 -10.285  0.2685E+00  0.9625E+00
 -10.275  0.2634E+00  0.9651E+00
 -10.265  0.2579E+00  0.9677E+00
 -10.255  0.2523E+00  0.9702E+00
 -10.245  0.2467E+00  0.9727E+00
 -10.235  0.2414E+00  0.9751E+00
 -10.225  0.2367E+00  0.9774E+00
 -10.215  0.2327E+00  0.9798E+00
 -10.205  0.2295E+00  0.9821E+00
 -10.195  0.2274E+00  0.9843E+00
 -10.185  0.2263E+00  0.9866E+00
 -10.175  0.2263E+00  0.9889E+00
 -10.165  0.2273E+00  0.9911E+00
 -10.155  0.2293E+00  0.9934E+00
 -10.145  0.2322E+00  0.9958E+00
 -10.135  0.2358E+00  0.9981E+00
 -10.125  0.2400E+00  0.1001E+01
 -10.115  0.2446E+00  0.1003E+01
 -10.105  0.2495E+00  0.1005E+01
 -10.095  0.2546E+00  0.1008E+01
 -10.085  0.2597E+00  0.1011E+01
 -10.075  0.2646E+00  0.1013E+01
 -10.065  0.2694E+00  0.1016E+01
 -10.055  0.2739E+00  0.1019E+01
 -10.045  0.2780E+00  0.1021E+01
 -10.035  0.2817E+00  0.1024E+01
 -10.025  0.2850E+00  0.1027E+01
 -10.015  0.2877E+00  0.1030E+01
 -10.005  0.2899E+00  0.1033E+01
  -9.995  0.2915E+00  0.1036E+01
  -9.985  0.2925E+00  0.1039E+01
  -9.975  0.2929E+00  0.1042E+01
  -9.965  0.2927E+00  0.1045E+01
  -9.955  0.2920E+00  0.1048E+01
  -9.945  0.2907E+00  0.1050E+01
  -9.935  0.2890E+00  0.1053E+01
  -9.925  0.2871E+00  0.1056E+01
  -9.915  0.2850E+00  0.1059E+01
  -9.905  0.2830E+00  0.1062E+01
  -9.895  0.2812E+00  0.1065E+01
  -9.885  0.2799E+00  0.1067E+01
  -9.875  0.2792E+00  0.1070E+01
  -9.865  0.2793E+00  0.1073E+01
  -9.855  0.2804E+00  0.1076E+01
  -9.845  0.2825E+00  0.1079E+01
  -9.835  0.2858E+00  0.1082E+01
  -9.825  0.2903E+00  0.1084E+01
  -9.815  0.2960E+00  0.1087E+01
  -9.805  0.3027E+00  0.1090E+01
  -9.795  0.3103E+00  0.1094E+01
  -9.785  0.3188E+00  0.1097E+01
  -9.775  0.3277E+00  0.1100E+01
  -9.765  0.3370E+00  0.1103E+01
  -9.755  0.3463E+00  0.1107E+01
  -9.745  0.3555E+00  0.1110E+01
  -9.735  0.3643E+00  0.1114E+01
  -9.725  0.3726E+00  0.1118E+01
  -9.715  0.3800E+00  0.1122E+01
  -9.705  0.3866E+00  0.1125E+01
  -9.695  0.3921E+00  0.1129E+01
  -9.685  0.3966E+00  0.1133E+01
  -9.675  0.4000E+00  0.1137E+01
  -9.665  0.4022E+00  0.1141E+01
  -9.655  0.4034E+00  0.1145E+01
  -9.645  0.4036E+00  0.1149E+01
  -9.635  0.4029E+00  0.1153E+01
  -9.625  0.4013E+00  0.1157E+01
  -9.615  0.3989E+00  0.1161E+01
  -9.605  0.3959E+00  0.1165E+01
  -9.595  0.3924E+00  0.1169E+01
  -9.585  0.3885E+00  0.1173E+01
  -9.575  0.3843E+00  0.1177E+01
  -9.565  0.3801E+00  0.1181E+01
  -9.555  0.3759E+00  0.1185E+01
  -9.545  0.3720E+00  0.1188E+01
  -9.535  0.3686E+00  0.1192E+01
  -9.525  0.3657E+00  0.1196E+01
  -9.515  0.3638E+00  0.1199E+01
  -9.505  0.3628E+00  0.1203E+01
  -9.495  0.3630E+00  0.1207E+01
  -9.485  0.3646E+00  0.1210E+01
  -9.475  0.3677E+00  0.1214E+01
  -9.465  0.3723E+00  0.1218E+01
  -9.455  0.3786E+00  0.1221E+01
  -9.445  0.3866E+00  0.1225E+01
  -9.435  0.3962E+00  0.1229E+01
  -9.425  0.4076E+00  0.1233E+01
  -9.415  0.4205E+00  0.1238E+01
  -9.405  0.4349E+00  0.1242E+01
  -9.395  0.4508E+00  0.1246E+01
  -9.385  0.4679E+00  0.1251E+01
  -9.375  0.4861E+00  0.1256E+01
  -9.365  0.5053E+00  0.1261E+01
  -9.355  0.5252E+00  0.1266E+01
  -9.345  0.5458E+00  0.1272E+01
  -9.335  0.5667E+00  0.1277E+01
  -9.325  0.5878E+00  0.1283E+01
  -9.315  0.6088E+00  0.1289E+01
  -9.305  0.6293E+00  0.1296E+01
  -9.295  0.6492E+00  0.1302E+01
  -9.285  0.6681E+00  0.1309E+01
  -9.275  0.6855E+00  0.1316E+01
  -9.265  0.7013E+00  0.1323E+01
  -9.255  0.7149E+00  0.1330E+01
  -9.245  0.7261E+00  0.1337E+01
  -9.235  0.7346E+00  0.1344E+01
  -9.225  0.7400E+00  0.1352E+01
  -9.215  0.7421E+00  0.1359E+01
  -9.205  0.7409E+00  0.1367E+01
  -9.195  0.7362E+00  0.1374E+01
  -9.185  0.7281E+00  0.1381E+01
  -9.175  0.7167E+00  0.1388E+01
  -9.165  0.7023E+00  0.1395E+01
  -9.155  0.6851E+00  0.1402E+01
  -9.145  0.6654E+00  0.1409E+01
  -9.135  0.6439E+00  0.1415E+01
  -9.125  0.6209E+00  0.1422E+01
  -9.115  0.5971E+00  0.1428E+01
  -9.105  0.5729E+00  0.1433E+01
  -9.095  0.5488E+00  0.1439E+01
  -9.085  0.5255E+00  0.1444E+01
  -9.075  0.5034E+00  0.1449E+01
  -9.065  0.4829E+00  0.1454E+01
  -9.055  0.4646E+00  0.1459E+01
  -9.045  0.4486E+00  0.1463E+01
  -9.035  0.4354E+00  0.1467E+01
  -9.025  0.4252E+00  0.1472E+01
  -9.015  0.4183E+00  0.1476E+01
  -9.005  0.4148E+00  0.1480E+01
  -8.995  0.4149E+00  0.1484E+01
  -8.985  0.4187E+00  0.1488E+01
  -8.975  0.4263E+00  0.1493E+01
  -8.965  0.4375E+00  0.1497E+01
  -8.955  0.4524E+00  0.1501E+01
  -8.945  0.4709E+00  0.1506E+01
  -8.935  0.4926E+00  0.1511E+01
  -8.925  0.5175E+00  0.1516E+01
  -8.915  0.5449E+00  0.1522E+01
  -8.905  0.5745E+00  0.1527E+01
  -8.895  0.6057E+00  0.1534E+01
  -8.885  0.6378E+00  0.1540E+01
  -8.875  0.6701E+00  0.1547E+01
  -8.865  0.7019E+00  0.1554E+01
  -8.855  0.7322E+00  0.1561E+01
  -8.845  0.7604E+00  0.1569E+01
  -8.835  0.7856E+00  0.1576E+01
  -8.825  0.8072E+00  0.1585E+01
  -8.815  0.8245E+00  0.1593E+01
  -8.805  0.8371E+00  0.1601E+01
  -8.795  0.8447E+00  0.1610E+01
  -8.785  0.8471E+00  0.1618E+01
  -8.775  0.8444E+00  0.1626E+01
  -8.765  0.8367E+00  0.1635E+01
  -8.755  0.8245E+00  0.1643E+01
  -8.745  0.8083E+00  0.1651E+01
  -8.735  0.7887E+00  0.1659E+01
  -8.725  0.7663E+00  0.1667E+01
  -8.715  0.7421E+00  0.1674E+01
  -8.705  0.7167E+00  0.1681E+01
  -8.695  0.6909E+00  0.1688E+01
  -8.685  0.6653E+00  0.1695E+01
  -8.675  0.6406E+00  0.1701E+01
  -8.665  0.6171E+00  0.1707E+01
  -8.655  0.5953E+00  0.1713E+01
  -8.645  0.5753E+00  0.1719E+01
  -8.635  0.5573E+00  0.1725E+01
  -8.625  0.5412E+00  0.1730E+01
  -8.615  0.5271E+00  0.1735E+01
  -8.605  0.5147E+00  0.1741E+01
  -8.595  0.5040E+00  0.1746E+01
  -8.585  0.4947E+00  0.1751E+01
  -8.575  0.4867E+00  0.1755E+01
  -8.565  0.4800E+00  0.1760E+01
  -8.555  0.4744E+00  0.1765E+01
  -8.545  0.4700E+00  0.1770E+01
  -8.535  0.4668E+00  0.1774E+01
  -8.525  0.4649E+00  0.1779E+01
  -8.515  0.4645E+00  0.1784E+01
  -8.505  0.4657E+00  0.1788E+01
  -8.495  0.4688E+00  0.1793E+01
  -8.485  0.4740E+00  0.1798E+01
  -8.475  0.4813E+00  0.1803E+01
  -8.465  0.4910E+00  0.1807E+01
  -8.455  0.5030E+00  0.1812E+01
  -8.445  0.5173E+00  0.1818E+01
  -8.435  0.5339E+00  0.1823E+01
  -8.425  0.5525E+00  0.1828E+01
  -8.415  0.5729E+00  0.1834E+01
  -8.405  0.5947E+00  0.1840E+01
  -8.395  0.6174E+00  0.1846E+01
  -8.385  0.6407E+00  0.1853E+01
  -8.375  0.6640E+00  0.1859E+01
  -8.365  0.6868E+00  0.1866E+01
  -8.355  0.7084E+00  0.1873E+01
  -8.345  0.7285E+00  0.1881E+01
  -8.335  0.7465E+00  0.1888E+01
  -8.325  0.7621E+00  0.1896E+01
  -8.315  0.7748E+00  0.1903E+01
  -8.305  0.7845E+00  0.1911E+01
  -8.295  0.7909E+00  0.1919E+01
  -8.285  0.7940E+00  0.1927E+01
  -8.275  0.7939E+00  0.1935E+01
  -8.265  0.7905E+00  0.1943E+01
  -8.255  0.7842E+00  0.1951E+01
  -8.245  0.7752E+00  0.1959E+01
  -8.235  0.7638E+00  0.1966E+01
  -8.225  0.7504E+00  0.1974E+01
  -8.215  0.7353E+00  0.1981E+01
  -8.205  0.7191E+00  0.1988E+01
  -8.195  0.7021E+00  0.1995E+01
  -8.185  0.6848E+00  0.2002E+01
  -8.175  0.6675E+00  0.2009E+01
  -8.165  0.6506E+00  0.2015E+01
  -8.155  0.6346E+00  0.2022E+01
  -8.145  0.6197E+00  0.2028E+01
  -8.135  0.6061E+00  0.2034E+01
  -8.125  0.5941E+00  0.2040E+01
  -8.115  0.5840E+00  0.2046E+01
  -8.105  0.5757E+00  0.2051E+01
  -8.095  0.5695E+00  0.2057E+01
  -8.085  0.5653E+00  0.2063E+01
  -8.075  0.5631E+00  0.2068E+01
  -8.065  0.5630E+00  0.2074E+01
  -8.055  0.5649E+00  0.2080E+01
  -8.045  0.5686E+00  0.2085E+01
  -8.035  0.5741E+00  0.2091E+01
  -8.025  0.5811E+00  0.2097E+01
  -8.015  0.5894E+00  0.2103E+01
  -8.005  0.5988E+00  0.2109E+01
  -7.995  0.6091E+00  0.2115E+01
  -7.985  0.6199E+00  0.2121E+01
  -7.975  0.6309E+00  0.2127E+01
  -7.965  0.6418E+00  0.2134E+01
  -7.955  0.6524E+00  0.2140E+01
  -7.945  0.6621E+00  0.2147E+01
  -7.935  0.6708E+00  0.2154E+01
  -7.925  0.6781E+00  0.2161E+01
  -7.915  0.6837E+00  0.2167E+01
  -7.905  0.6876E+00  0.2174E+01
  -7.895  0.6895E+00  0.2181E+01
  -7.885  0.6894E+00  0.2188E+01
  -7.875  0.6873E+00  0.2195E+01
  -7.865  0.6833E+00  0.2202E+01
  -7.855  0.6776E+00  0.2208E+01
  -7.845  0.6704E+00  0.2215E+01
  -7.835  0.6621E+00  0.2222E+01
  -7.825  0.6530E+00  0.2228E+01
  -7.815  0.6434E+00  0.2235E+01
  -7.805  0.6337E+00  0.2241E+01
  -7.795  0.6244E+00  0.2247E+01
  -7.785  0.6156E+00  0.2254E+01
  -7.775  0.6078E+00  0.2260E+01
  -7.765  0.6011E+00  0.2266E+01
  -7.755  0.5958E+00  0.2272E+01
  -7.745  0.5919E+00  0.2277E+01
  -7.735  0.5895E+00  0.2283E+01
  -7.725  0.5886E+00  0.2289E+01
  -7.715  0.5891E+00  0.2295E+01
  -7.705  0.5910E+00  0.2301E+01
  -7.695  0.5943E+00  0.2307E+01
  -7.685  0.5986E+00  0.2313E+01
  -7.675  0.6041E+00  0.2319E+01
  -7.665  0.6104E+00  0.2325E+01
  -7.655  0.6176E+00  0.2331E+01
  -7.645  0.6256E+00  0.2338E+01
  -7.635  0.6343E+00  0.2344E+01
  -7.625  0.6435E+00  0.2350E+01
  -7.615  0.6534E+00  0.2357E+01
  -7.605  0.6638E+00  0.2364E+01
  -7.595  0.6747E+00  0.2370E+01
  -7.585  0.6861E+00  0.2377E+01
  -7.575  0.6979E+00  0.2384E+01
  -7.565  0.7099E+00  0.2391E+01
  -7.555  0.7221E+00  0.2398E+01
  -7.545  0.7344E+00  0.2406E+01
  -7.535  0.7465E+00  0.2413E+01
  -7.525  0.7583E+00  0.2421E+01
  -7.515  0.7695E+00  0.2429E+01
  -7.505  0.7800E+00  0.2436E+01
  -7.495  0.7895E+00  0.2444E+01
  -7.485  0.7978E+00  0.2452E+01
  -7.475  0.8046E+00  0.2460E+01
  -7.465  0.8097E+00  0.2468E+01
  -7.455  0.8130E+00  0.2476E+01
  -7.445  0.8142E+00  0.2485E+01
  -7.435  0.8133E+00  0.2493E+01
  -7.425  0.8101E+00  0.2501E+01
  -7.415  0.8047E+00  0.2509E+01
  -7.405  0.7969E+00  0.2517E+01
  -7.395  0.7867E+00  0.2525E+01
  -7.385  0.7743E+00  0.2532E+01
  -7.375  0.7597E+00  0.2540E+01
  -7.365  0.7431E+00  0.2547E+01
  -7.355  0.7245E+00  0.2555E+01
  -7.345  0.7042E+00  0.2562E+01
  -7.335  0.6824E+00  0.2569E+01
  -7.325  0.6595E+00  0.2575E+01
  -7.315  0.6357E+00  0.2582E+01
  -7.305  0.6116E+00  0.2588E+01
  -7.295  0.5874E+00  0.2594E+01
  -7.285  0.5638E+00  0.2599E+01
  -7.275  0.5413E+00  0.2605E+01
  -7.265  0.5205E+00  0.2610E+01
  -7.255  0.5019E+00  0.2615E+01
  -7.245  0.4862E+00  0.2620E+01
  -7.235  0.4739E+00  0.2624E+01
  -7.225  0.4655E+00  0.2629E+01
  -7.215  0.4616E+00  0.2634E+01
  -7.205  0.4623E+00  0.2638E+01
  -7.195  0.4681E+00  0.2643E+01
  -7.185  0.4789E+00  0.2648E+01
  -7.175  0.4948E+00  0.2653E+01
  -7.165  0.5154E+00  0.2658E+01
  -7.155  0.5404E+00  0.2663E+01
  -7.145  0.5693E+00  0.2669E+01
  -7.135  0.6014E+00  0.2675E+01
  -7.125  0.6358E+00  0.2681E+01
  -7.115  0.6717E+00  0.2688E+01
  -7.105  0.7080E+00  0.2695E+01
  -7.095  0.7438E+00  0.2703E+01
  -7.085  0.7782E+00  0.2710E+01
  -7.075  0.8102E+00  0.2718E+01
  -7.065  0.8389E+00  0.2727E+01
  -7.055  0.8638E+00  0.2735E+01
  -7.045  0.8843E+00  0.2744E+01
  -7.035  0.8999E+00  0.2753E+01
  -7.025  0.9106E+00  0.2762E+01
  -7.015  0.9163E+00  0.2772E+01
  -7.005  0.9172E+00  0.2781E+01
  -6.995  0.9136E+00  0.2790E+01
  -6.985  0.9059E+00  0.2799E+01
  -6.975  0.8949E+00  0.2808E+01
  -6.965  0.8810E+00  0.2817E+01
  -6.955  0.8649E+00  0.2825E+01
  -6.945  0.8474E+00  0.2834E+01
  -6.935  0.8290E+00  0.2842E+01
  -6.925  0.8103E+00  0.2850E+01
  -6.915  0.7919E+00  0.2858E+01
  -6.905  0.7741E+00  0.2866E+01
  -6.895  0.7574E+00  0.2873E+01
  -6.885  0.7418E+00  0.2881E+01
  -6.875  0.7275E+00  0.2888E+01
  -6.865  0.7146E+00  0.2895E+01
  -6.855  0.7030E+00  0.2902E+01
  -6.845  0.6927E+00  0.2909E+01
  -6.835  0.6835E+00  0.2916E+01
  -6.825  0.6753E+00  0.2923E+01
  -6.815  0.6679E+00  0.2930E+01
  -6.805  0.6613E+00  0.2936E+01
  -6.795  0.6554E+00  0.2943E+01
  -6.785  0.6502E+00  0.2949E+01
  -6.775  0.6456E+00  0.2956E+01
  -6.765  0.6417E+00  0.2962E+01
  -6.755  0.6387E+00  0.2968E+01
  -6.745  0.6367E+00  0.2975E+01
  -6.735  0.6358E+00  0.2981E+01
  -6.725  0.6363E+00  0.2988E+01
  -6.715  0.6384E+00  0.2994E+01
  -6.705  0.6422E+00  0.3000E+01
  -6.695  0.6479E+00  0.3007E+01
  -6.685  0.6556E+00  0.3013E+01
  -6.675  0.6653E+00  0.3020E+01
  -6.665  0.6771E+00  0.3027E+01
  -6.655  0.6907E+00  0.3034E+01
  -6.645  0.7061E+00  0.3041E+01
  -6.635  0.7227E+00  0.3048E+01
  -6.625  0.7405E+00  0.3055E+01
  -6.615  0.7587E+00  0.3063E+01
  -6.605  0.7771E+00  0.3071E+01
  -6.595  0.7950E+00  0.3079E+01
  -6.585  0.8120E+00  0.3087E+01
  -6.575  0.8275E+00  0.3095E+01
  -6.565  0.8412E+00  0.3104E+01
  -6.555  0.8526E+00  0.3112E+01
  -6.545  0.8614E+00  0.3121E+01
  -6.535  0.8675E+00  0.3129E+01
  -6.525  0.8708E+00  0.3138E+01
  -6.515  0.8713E+00  0.3147E+01
  -6.505  0.8692E+00  0.3155E+01
  -6.495  0.8646E+00  0.3164E+01
  -6.485  0.8579E+00  0.3173E+01
  -6.475  0.8495E+00  0.3181E+01
  -6.465  0.8397E+00  0.3190E+01
  -6.455  0.8291E+00  0.3198E+01
  -6.445  0.8181E+00  0.3206E+01
  -6.435  0.8069E+00  0.3214E+01
  -6.425  0.7962E+00  0.3222E+01
  -6.415  0.7861E+00  0.3230E+01
  -6.405  0.7770E+00  0.3238E+01
  -6.395  0.7691E+00  0.3245E+01
  -6.385  0.7626E+00  0.3253E+01
  -6.375  0.7575E+00  0.3261E+01
  -6.365  0.7539E+00  0.3268E+01
  -6.355  0.7518E+00  0.3276E+01
  -6.345  0.7512E+00  0.3283E+01
  -6.335  0.7520E+00  0.3291E+01
  -6.325  0.7542E+00  0.3298E+01
  -6.315  0.7577E+00  0.3306E+01
  -6.305  0.7622E+00  0.3313E+01
  -6.295  0.7679E+00  0.3321E+01
  -6.285  0.7745E+00  0.3329E+01
  -6.275  0.7821E+00  0.3337E+01
  -6.265  0.7904E+00  0.3345E+01
  -6.255  0.7994E+00  0.3353E+01
  -6.245  0.8091E+00  0.3361E+01
  -6.235  0.8192E+00  0.3369E+01
  -6.225  0.8299E+00  0.3377E+01
  -6.215  0.8408E+00  0.3386E+01
  -6.205  0.8520E+00  0.3394E+01
  -6.195  0.8632E+00  0.3403E+01
  -6.185  0.8744E+00  0.3411E+01
  -6.175  0.8853E+00  0.3420E+01
  -6.165  0.8958E+00  0.3429E+01
  -6.155  0.9058E+00  0.3438E+01
  -6.145  0.9152E+00  0.3447E+01
  -6.135  0.9237E+00  0.3457E+01
  -6.125  0.9312E+00  0.3466E+01
  -6.115  0.9378E+00  0.3475E+01
  -6.105  0.9434E+00  0.3485E+01
  -6.095  0.9480E+00  0.3494E+01
  -6.085  0.9516E+00  0.3504E+01
  -6.075  0.9543E+00  0.3513E+01
  -6.065  0.9563E+00  0.3523E+01
  -6.055  0.9577E+00  0.3533E+01
  -6.045  0.9587E+00  0.3542E+01
  -6.035  0.9595E+00  0.3552E+01
  -6.025  0.9603E+00  0.3561E+01
  -6.015  0.9613E+00  0.3571E+01
  -6.005  0.9627E+00  0.3581E+01
  -5.995  0.9646E+00  0.3590E+01
  -5.985  0.9672E+00  0.3600E+01
  -5.975  0.9707E+00  0.3610E+01
  -5.965  0.9750E+00  0.3619E+01
  -5.955  0.9803E+00  0.3629E+01
  -5.945  0.9867E+00  0.3639E+01
  -5.935  0.9941E+00  0.3649E+01
  -5.925  0.1003E+01  0.3659E+01
  -5.915  0.1012E+01  0.3669E+01
  -5.905  0.1023E+01  0.3679E+01
  -5.895  0.1035E+01  0.3690E+01
  -5.885  0.1048E+01  0.3700E+01
  -5.875  0.1063E+01  0.3711E+01
  -5.865  0.1077E+01  0.3722E+01
  -5.855  0.1093E+01  0.3732E+01
  -5.845  0.1109E+01  0.3744E+01
  -5.835  0.1126E+01  0.3755E+01
  -5.825  0.1142E+01  0.3766E+01
  -5.815  0.1158E+01  0.3778E+01
  -5.805  0.1173E+01  0.3790E+01
  -5.795  0.1186E+01  0.3801E+01
  -5.785  0.1198E+01  0.3813E+01
  -5.775  0.1208E+01  0.3825E+01
  -5.765  0.1215E+01  0.3838E+01
  -5.755  0.1219E+01  0.3850E+01
  -5.745  0.1220E+01  0.3862E+01
  -5.735  0.1219E+01  0.3874E+01
  -5.725  0.1215E+01  0.3886E+01
  -5.715  0.1207E+01  0.3898E+01
  -5.705  0.1198E+01  0.3910E+01
  -5.695  0.1186E+01  0.3922E+01
  -5.685  0.1173E+01  0.3934E+01
  -5.675  0.1159E+01  0.3946E+01
  -5.665  0.1144E+01  0.3957E+01
  -5.655  0.1129E+01  0.3968E+01
  -5.645  0.1115E+01  0.3979E+01
  -5.635  0.1102E+01  0.3991E+01
  -5.625  0.1091E+01  0.4001E+01
  -5.615  0.1081E+01  0.4012E+01
  -5.605  0.1073E+01  0.4023E+01
  -5.595  0.1067E+01  0.4034E+01
  -5.585  0.1063E+01  0.4044E+01
  -5.575  0.1061E+01  0.4055E+01
  -5.565  0.1061E+01  0.4065E+01
  -5.555  0.1062E+01  0.4076E+01
  -5.545  0.1065E+01  0.4087E+01
  -5.535  0.1069E+01  0.4097E+01
  -5.525  0.1073E+01  0.4108E+01
  -5.515  0.1078E+01  0.4119E+01
  -5.505  0.1083E+01  0.4130E+01
  -5.495  0.1088E+01  0.4141E+01
  -5.485  0.1093E+01  0.4152E+01
  -5.475  0.1097E+01  0.4163E+01
  -5.465  0.1101E+01  0.4174E+01
  -5.455  0.1105E+01  0.4185E+01
  -5.445  0.1108E+01  0.4196E+01
  -5.435  0.1110E+01  0.4207E+01
  -5.425  0.1113E+01  0.4218E+01
  -5.415  0.1115E+01  0.4229E+01
  -5.405  0.1118E+01  0.4240E+01
  -5.395  0.1120E+01  0.4251E+01
  -5.385  0.1122E+01  0.4263E+01
  -5.375  0.1125E+01  0.4274E+01
  -5.365  0.1127E+01  0.4285E+01
  -5.355  0.1129E+01  0.4296E+01
  -5.345  0.1131E+01  0.4308E+01
  -5.335  0.1132E+01  0.4319E+01
  -5.325  0.1132E+01  0.4330E+01
  -5.315  0.1132E+01  0.4342E+01
  -5.305  0.1130E+01  0.4353E+01
  -5.295  0.1127E+01  0.4364E+01
  -5.285  0.1121E+01  0.4376E+01
  -5.275  0.1114E+01  0.4387E+01
  -5.265  0.1105E+01  0.4398E+01
  -5.255  0.1094E+01  0.4409E+01
  -5.245  0.1081E+01  0.4419E+01
  -5.235  0.1067E+01  0.4430E+01
  -5.225  0.1050E+01  0.4441E+01
  -5.215  0.1033E+01  0.4451E+01
  -5.205  0.1015E+01  0.4461E+01
  -5.195  0.9955E+00  0.4471E+01
  -5.185  0.9762E+00  0.4481E+01
  -5.175  0.9570E+00  0.4490E+01
  -5.165  0.9383E+00  0.4500E+01
  -5.155  0.9202E+00  0.4509E+01
  -5.145  0.9032E+00  0.4518E+01
  -5.135  0.8875E+00  0.4527E+01
  -5.125  0.8733E+00  0.4536E+01
  -5.115  0.8608E+00  0.4544E+01
  -5.105  0.8502E+00  0.4553E+01
  -5.095  0.8415E+00  0.4561E+01
  -5.085  0.8350E+00  0.4570E+01
  -5.075  0.8308E+00  0.4578E+01
  -5.065  0.8288E+00  0.4586E+01
  -5.055  0.8291E+00  0.4594E+01
  -5.045  0.8317E+00  0.4603E+01
  -5.035  0.8366E+00  0.4611E+01
  -5.025  0.8436E+00  0.4620E+01
  -5.015  0.8527E+00  0.4628E+01
  -5.005  0.8637E+00  0.4637E+01
  -4.995  0.8764E+00  0.4645E+01
  -4.985  0.8904E+00  0.4654E+01
  -4.975  0.9056E+00  0.4663E+01
  -4.965  0.9217E+00  0.4673E+01
  -4.955  0.9383E+00  0.4682E+01
  -4.945  0.9552E+00  0.4692E+01
  -4.935  0.9719E+00  0.4701E+01
  -4.925  0.9883E+00  0.4711E+01
  -4.915  0.1004E+01  0.4721E+01
  -4.905  0.1019E+01  0.4731E+01
  -4.895  0.1032E+01  0.4742E+01
  -4.885  0.1045E+01  0.4752E+01
  -4.875  0.1056E+01  0.4763E+01
  -4.865  0.1065E+01  0.4773E+01
  -4.855  0.1072E+01  0.4784E+01
  -4.845  0.1078E+01  0.4795E+01
  -4.835  0.1082E+01  0.4806E+01
  -4.825  0.1084E+01  0.4817E+01
  -4.815  0.1085E+01  0.4827E+01
  -4.805  0.1084E+01  0.4838E+01
  -4.795  0.1081E+01  0.4849E+01
  -4.785  0.1076E+01  0.4860E+01
  -4.775  0.1071E+01  0.4870E+01
  -4.765  0.1064E+01  0.4881E+01
  -4.755  0.1056E+01  0.4892E+01
  -4.745  0.1047E+01  0.4902E+01
  -4.735  0.1036E+01  0.4913E+01
  -4.725  0.1026E+01  0.4923E+01
  -4.715  0.1014E+01  0.4933E+01
  -4.705  0.1002E+01  0.4943E+01
  -4.695  0.9891E+00  0.4953E+01
  -4.685  0.9760E+00  0.4963E+01
  -4.675  0.9626E+00  0.4972E+01
  -4.665  0.9491E+00  0.4982E+01
  -4.655  0.9355E+00  0.4991E+01
  -4.645  0.9218E+00  0.5000E+01
  -4.635  0.9083E+00  0.5009E+01
  -4.625  0.8949E+00  0.5018E+01
  -4.615  0.8819E+00  0.5027E+01
  -4.605  0.8693E+00  0.5036E+01
  -4.595  0.8572E+00  0.5044E+01
  -4.585  0.8457E+00  0.5053E+01
  -4.575  0.8350E+00  0.5061E+01
  -4.565  0.8250E+00  0.5069E+01
  -4.555  0.8158E+00  0.5078E+01
  -4.545  0.8074E+00  0.5086E+01
  -4.535  0.7999E+00  0.5094E+01
  -4.525  0.7934E+00  0.5102E+01
  -4.515  0.7877E+00  0.5109E+01
  -4.505  0.7830E+00  0.5117E+01
  -4.495  0.7793E+00  0.5125E+01
  -4.485  0.7766E+00  0.5133E+01
  -4.475  0.7749E+00  0.5141E+01
  -4.465  0.7744E+00  0.5148E+01
  -4.455  0.7751E+00  0.5156E+01
  -4.445  0.7772E+00  0.5164E+01
  -4.435  0.7808E+00  0.5172E+01
  -4.425  0.7860E+00  0.5180E+01
  -4.415  0.7931E+00  0.5187E+01
  -4.405  0.8021E+00  0.5195E+01
  -4.395  0.8131E+00  0.5204E+01
  -4.385  0.8262E+00  0.5212E+01
  -4.375  0.8413E+00  0.5220E+01
  -4.365  0.8585E+00  0.5229E+01
  -4.355  0.8775E+00  0.5238E+01
  -4.345  0.8980E+00  0.5247E+01
  -4.335  0.9199E+00  0.5256E+01
  -4.325  0.9426E+00  0.5265E+01
  -4.315  0.9658E+00  0.5275E+01
  -4.305  0.9888E+00  0.5285E+01
  -4.295  0.1011E+01  0.5295E+01
  -4.285  0.1032E+01  0.5305E+01
  -4.275  0.1052E+01  0.5316E+01
  -4.265  0.1069E+01  0.5326E+01
  -4.255  0.1083E+01  0.5337E+01
  -4.245  0.1094E+01  0.5348E+01
  -4.235  0.1101E+01  0.5359E+01
  -4.225  0.1105E+01  0.5370E+01
  -4.215  0.1105E+01  0.5381E+01
  -4.205  0.1101E+01  0.5392E+01
  -4.195  0.1094E+01  0.5403E+01
  -4.185  0.1084E+01  0.5414E+01
  -4.175  0.1070E+01  0.5425E+01
  -4.165  0.1054E+01  0.5435E+01
  -4.155  0.1036E+01  0.5446E+01
  -4.145  0.1017E+01  0.5456E+01
  -4.135  0.9972E+00  0.5466E+01
  -4.125  0.9770E+00  0.5476E+01
  -4.115  0.9570E+00  0.5485E+01
  -4.105  0.9378E+00  0.5495E+01
  -4.095  0.9198E+00  0.5504E+01
  -4.085  0.9033E+00  0.5513E+01
  -4.075  0.8887E+00  0.5522E+01
  -4.065  0.8761E+00  0.5530E+01
  -4.055  0.8656E+00  0.5539E+01
  -4.045  0.8575E+00  0.5548E+01
  -4.035  0.8516E+00  0.5556E+01
  -4.025  0.8479E+00  0.5565E+01
  -4.015  0.8463E+00  0.5573E+01
  -4.005  0.8468E+00  0.5582E+01
  -3.995  0.8492E+00  0.5590E+01
  -3.985  0.8532E+00  0.5599E+01
  -3.975  0.8588E+00  0.5607E+01
  -3.965  0.8656E+00  0.5616E+01
  -3.955  0.8733E+00  0.5625E+01
  -3.945  0.8819E+00  0.5633E+01
  -3.935  0.8909E+00  0.5642E+01
  -3.925  0.9001E+00  0.5651E+01
  -3.915  0.9092E+00  0.5660E+01
  -3.905  0.9180E+00  0.5670E+01
  -3.895  0.9261E+00  0.5679E+01
  -3.885  0.9332E+00  0.5688E+01
  -3.875  0.9393E+00  0.5698E+01
  -3.865  0.9440E+00  0.5707E+01
  -3.855  0.9473E+00  0.5717E+01
  -3.845  0.9490E+00  0.5726E+01
  -3.835  0.9492E+00  0.5736E+01
  -3.825  0.9479E+00  0.5745E+01
  -3.815  0.9453E+00  0.5754E+01
  -3.805  0.9415E+00  0.5764E+01
  -3.795  0.9370E+00  0.5773E+01
  -3.785  0.9320E+00  0.5783E+01
  -3.775  0.9270E+00  0.5792E+01
  -3.765  0.9225E+00  0.5801E+01
  -3.755  0.9189E+00  0.5810E+01
  -3.745  0.9168E+00  0.5819E+01
  -3.735  0.9167E+00  0.5829E+01
  -3.725  0.9190E+00  0.5838E+01
  -3.715  0.9240E+00  0.5847E+01
  -3.705  0.9321E+00  0.5856E+01
  -3.695  0.9432E+00  0.5866E+01
  -3.685  0.9575E+00  0.5875E+01
  -3.675  0.9748E+00  0.5885E+01
  -3.665  0.9948E+00  0.5895E+01
  -3.655  0.1017E+01  0.5905E+01
  -3.645  0.1041E+01  0.5916E+01
  -3.635  0.1066E+01  0.5926E+01
  -3.625  0.1090E+01  0.5937E+01
  -3.615  0.1115E+01  0.5948E+01
  -3.605  0.1137E+01  0.5960E+01
  -3.595  0.1157E+01  0.5971E+01
  -3.585  0.1174E+01  0.5983E+01
  -3.575  0.1187E+01  0.5995E+01
  -3.565  0.1195E+01  0.6007E+01
  -3.555  0.1198E+01  0.6019E+01
  -3.545  0.1195E+01  0.6031E+01
  -3.535  0.1187E+01  0.6043E+01
  -3.525  0.1173E+01  0.6054E+01
  -3.515  0.1153E+01  0.6066E+01
  -3.505  0.1128E+01  0.6077E+01
  -3.495  0.1099E+01  0.6088E+01
  -3.485  0.1065E+01  0.6099E+01
  -3.475  0.1028E+01  0.6109E+01
  -3.465  0.9879E+00  0.6119E+01
  -3.455  0.9456E+00  0.6128E+01
  -3.445  0.9020E+00  0.6137E+01
  -3.435  0.8577E+00  0.6146E+01
  -3.425  0.8135E+00  0.6154E+01
  -3.415  0.7701E+00  0.6162E+01
  -3.405  0.7283E+00  0.6169E+01
  -3.395  0.6885E+00  0.6176E+01
  -3.385  0.6513E+00  0.6183E+01
  -3.375  0.6173E+00  0.6189E+01
  -3.365  0.5868E+00  0.6195E+01
  -3.355  0.5603E+00  0.6200E+01
  -3.345  0.5381E+00  0.6206E+01
  -3.335  0.5203E+00  0.6211E+01
  -3.325  0.5072E+00  0.6216E+01
  -3.315  0.4988E+00  0.6221E+01
  -3.305  0.4952E+00  0.6226E+01
  -3.295  0.4962E+00  0.6231E+01
  -3.285  0.5019E+00  0.6236E+01
  -3.275  0.5118E+00  0.6241E+01
  -3.265  0.5257E+00  0.6246E+01
  -3.255  0.5431E+00  0.6252E+01
  -3.245  0.5637E+00  0.6257E+01
  -3.235  0.5870E+00  0.6263E+01
  -3.225  0.6122E+00  0.6269E+01
  -3.215  0.6389E+00  0.6276E+01
  -3.205  0.6665E+00  0.6282E+01
  -3.195  0.6942E+00  0.6289E+01
  -3.185  0.7216E+00  0.6296E+01
  -3.175  0.7481E+00  0.6304E+01
  -3.165  0.7732E+00  0.6312E+01
  -3.155  0.7965E+00  0.6320E+01
  -3.145  0.8176E+00  0.6328E+01
  -3.135  0.8362E+00  0.6336E+01
  -3.125  0.8521E+00  0.6345E+01
  -3.115  0.8652E+00  0.6353E+01
  -3.105  0.8754E+00  0.6362E+01
  -3.095  0.8827E+00  0.6371E+01
  -3.085  0.8873E+00  0.6380E+01
  -3.075  0.8891E+00  0.6389E+01
  -3.065  0.8884E+00  0.6398E+01
  -3.055  0.8854E+00  0.6406E+01
  -3.045  0.8802E+00  0.6415E+01
  -3.035  0.8731E+00  0.6424E+01
  -3.025  0.8643E+00  0.6433E+01
  -3.015  0.8541E+00  0.6441E+01
  -3.005  0.8426E+00  0.6450E+01
  -2.995  0.8302E+00  0.6458E+01
  -2.985  0.8169E+00  0.6466E+01
  -2.975  0.8030E+00  0.6474E+01
  -2.965  0.7887E+00  0.6482E+01
  -2.955  0.7740E+00  0.6490E+01
  -2.945  0.7592E+00  0.6497E+01
  -2.935  0.7442E+00  0.6505E+01
  -2.925  0.7291E+00  0.6512E+01
  -2.915  0.7140E+00  0.6519E+01
  -2.905  0.6988E+00  0.6526E+01
  -2.895  0.6835E+00  0.6533E+01
  -2.885  0.6681E+00  0.6540E+01
  -2.875  0.6526E+00  0.6546E+01
  -2.865  0.6368E+00  0.6552E+01
  -2.855  0.6207E+00  0.6559E+01
  -2.845  0.6044E+00  0.6565E+01
  -2.835  0.5879E+00  0.6571E+01
  -2.825  0.5712E+00  0.6576E+01
  -2.815  0.5545E+00  0.6582E+01
  -2.805  0.5378E+00  0.6587E+01
  -2.795  0.5215E+00  0.6592E+01
  -2.785  0.5057E+00  0.6598E+01
  -2.775  0.4908E+00  0.6602E+01
  -2.765  0.4771E+00  0.6607E+01
  -2.755  0.4649E+00  0.6612E+01
  -2.745  0.4546E+00  0.6616E+01
  -2.735  0.4464E+00  0.6621E+01
  -2.725  0.4408E+00  0.6625E+01
  -2.715  0.4379E+00  0.6630E+01
  -2.705  0.4379E+00  0.6634E+01
  -2.695  0.4409E+00  0.6638E+01
  -2.685  0.4470E+00  0.6643E+01
  -2.675  0.4559E+00  0.6647E+01
  -2.665  0.4677E+00  0.6652E+01
  -2.655  0.4819E+00  0.6657E+01
  -2.645  0.4982E+00  0.6662E+01
  -2.635  0.5162E+00  0.6667E+01
  -2.625  0.5353E+00  0.6672E+01
  -2.615  0.5551E+00  0.6678E+01
  -2.605  0.5750E+00  0.6684E+01
  -2.595  0.5944E+00  0.6690E+01
  -2.585  0.6127E+00  0.6696E+01
  -2.575  0.6294E+00  0.6702E+01
  -2.565  0.6442E+00  0.6709E+01
  -2.555  0.6565E+00  0.6715E+01
  -2.545  0.6660E+00  0.6722E+01
  -2.535  0.6726E+00  0.6729E+01
  -2.525  0.6761E+00  0.6735E+01
  -2.515  0.6764E+00  0.6742E+01
  -2.505  0.6736E+00  0.6749E+01
  -2.495  0.6677E+00  0.6755E+01
  -2.485  0.6590E+00  0.6762E+01
  -2.475  0.6475E+00  0.6769E+01
  -2.465  0.6338E+00  0.6775E+01
  -2.455  0.6179E+00  0.6781E+01
  -2.445  0.6002E+00  0.6787E+01
  -2.435  0.5812E+00  0.6793E+01
  -2.425  0.5610E+00  0.6798E+01
  -2.415  0.5400E+00  0.6804E+01
  -2.405  0.5185E+00  0.6809E+01
  -2.395  0.4967E+00  0.6814E+01
  -2.385  0.4751E+00  0.6819E+01
  -2.375  0.4537E+00  0.6823E+01
  -2.365  0.4329E+00  0.6828E+01
  -2.355  0.4127E+00  0.6832E+01
  -2.345  0.3935E+00  0.6836E+01
  -2.335  0.3753E+00  0.6839E+01
  -2.325  0.3582E+00  0.6843E+01
  -2.315  0.3425E+00  0.6846E+01
  -2.305  0.3281E+00  0.6850E+01
  -2.295  0.3150E+00  0.6853E+01
  -2.285  0.3034E+00  0.6856E+01
  -2.275  0.2932E+00  0.6859E+01
  -2.265  0.2844E+00  0.6862E+01
  -2.255  0.2769E+00  0.6864E+01
  -2.245  0.2705E+00  0.6867E+01
  -2.235  0.2652E+00  0.6870E+01
  -2.225  0.2608E+00  0.6872E+01
  -2.215  0.2571E+00  0.6875E+01
  -2.205  0.2540E+00  0.6878E+01
  -2.195  0.2512E+00  0.6880E+01
  -2.185  0.2485E+00  0.6883E+01
  -2.175  0.2459E+00  0.6885E+01
  -2.165  0.2432E+00  0.6887E+01
  -2.155  0.2403E+00  0.6890E+01
  -2.145  0.2373E+00  0.6892E+01
  -2.135  0.2341E+00  0.6895E+01
  -2.125  0.2308E+00  0.6897E+01
  -2.115  0.2276E+00  0.6899E+01
  -2.105  0.2247E+00  0.6901E+01
  -2.095  0.2224E+00  0.6904E+01
  -2.085  0.2208E+00  0.6906E+01
  -2.075  0.2203E+00  0.6908E+01
  -2.065  0.2211E+00  0.6910E+01
  -2.055  0.2236E+00  0.6912E+01
  -2.045  0.2279E+00  0.6915E+01
  -2.035  0.2342E+00  0.6917E+01
  -2.025  0.2427E+00  0.6920E+01
  -2.015  0.2533E+00  0.6922E+01
  -2.005  0.2660E+00  0.6925E+01
  -1.995  0.2806E+00  0.6928E+01
  -1.985  0.2970E+00  0.6930E+01
  -1.975  0.3147E+00  0.6934E+01
  -1.965  0.3334E+00  0.6937E+01
  -1.955  0.3526E+00  0.6940E+01
  -1.945  0.3718E+00  0.6944E+01
  -1.935  0.3904E+00  0.6948E+01
  -1.925  0.4080E+00  0.6952E+01
  -1.915  0.4239E+00  0.6956E+01
  -1.905  0.4378E+00  0.6961E+01
  -1.895  0.4491E+00  0.6965E+01
  -1.885  0.4575E+00  0.6970E+01
  -1.875  0.4627E+00  0.6975E+01
  -1.865  0.4646E+00  0.6979E+01
  -1.855  0.4632E+00  0.6984E+01
  -1.845  0.4584E+00  0.6988E+01
  -1.835  0.4505E+00  0.6993E+01
  -1.825  0.4397E+00  0.6997E+01
  -1.815  0.4265E+00  0.7002E+01
  -1.805  0.4111E+00  0.7006E+01
  -1.795  0.3941E+00  0.7010E+01
  -1.785  0.3759E+00  0.7013E+01
  -1.775  0.3571E+00  0.7017E+01
  -1.765  0.3381E+00  0.7020E+01
  -1.755  0.3194E+00  0.7023E+01
  -1.745  0.3013E+00  0.7027E+01
  -1.735  0.2841E+00  0.7029E+01
  -1.725  0.2682E+00  0.7032E+01
  -1.715  0.2535E+00  0.7035E+01
  -1.705  0.2404E+00  0.7037E+01
  -1.695  0.2287E+00  0.7039E+01
  -1.685  0.2184E+00  0.7041E+01
  -1.675  0.2095E+00  0.7044E+01
  -1.665  0.2019E+00  0.7046E+01
  -1.655  0.1954E+00  0.7048E+01
  -1.645  0.1900E+00  0.7049E+01
  -1.635  0.1854E+00  0.7051E+01
  -1.625  0.1816E+00  0.7053E+01
  -1.615  0.1785E+00  0.7055E+01
  -1.605  0.1760E+00  0.7057E+01
  -1.595  0.1740E+00  0.7058E+01
  -1.585  0.1726E+00  0.7060E+01
  -1.575  0.1717E+00  0.7062E+01
  -1.565  0.1713E+00  0.7064E+01
  -1.555  0.1714E+00  0.7065E+01
  -1.545  0.1721E+00  0.7067E+01
  -1.535  0.1733E+00  0.7069E+01
  -1.525  0.1750E+00  0.7070E+01
  -1.515  0.1773E+00  0.7072E+01
  -1.505  0.1802E+00  0.7074E+01
  -1.495  0.1836E+00  0.7076E+01
  -1.485  0.1876E+00  0.7078E+01
  -1.475  0.1920E+00  0.7080E+01
  -1.465  0.1970E+00  0.7082E+01
  -1.455  0.2024E+00  0.7084E+01
  -1.445  0.2082E+00  0.7086E+01
  -1.435  0.2144E+00  0.7088E+01
  -1.425  0.2210E+00  0.7090E+01
  -1.415  0.2280E+00  0.7092E+01
  -1.405  0.2354E+00  0.7095E+01
  -1.395  0.2430E+00  0.7097E+01
  -1.385  0.2509E+00  0.7100E+01
  -1.375  0.2591E+00  0.7102E+01
  -1.365  0.2674E+00  0.7105E+01
  -1.355  0.2759E+00  0.7108E+01
  -1.345  0.2844E+00  0.7111E+01
  -1.335  0.2929E+00  0.7113E+01
  -1.325  0.3013E+00  0.7116E+01
  -1.315  0.3094E+00  0.7120E+01
  -1.305  0.3172E+00  0.7123E+01
  -1.295  0.3246E+00  0.7126E+01
  -1.285  0.3315E+00  0.7129E+01
  -1.275  0.3378E+00  0.7133E+01
  -1.265  0.3434E+00  0.7136E+01
  -1.255  0.3483E+00  0.7140E+01
  -1.245  0.3523E+00  0.7143E+01
  -1.235  0.3556E+00  0.7147E+01
  -1.225  0.3579E+00  0.7150E+01
  -1.215  0.3594E+00  0.7154E+01
  -1.205  0.3598E+00  0.7157E+01
  -1.195  0.3593E+00  0.7161E+01
  -1.185  0.3577E+00  0.7165E+01
  -1.175  0.3551E+00  0.7168E+01
  -1.165  0.3514E+00  0.7172E+01
  -1.155  0.3465E+00  0.7175E+01
  -1.145  0.3406E+00  0.7179E+01
  -1.135  0.3336E+00  0.7182E+01
  -1.125  0.3256E+00  0.7185E+01
  -1.115  0.3166E+00  0.7188E+01
  -1.105  0.3068E+00  0.7191E+01
  -1.095  0.2964E+00  0.7194E+01
  -1.085  0.2854E+00  0.7197E+01
  -1.075  0.2741E+00  0.7200E+01
  -1.065  0.2628E+00  0.7203E+01
  -1.055  0.2516E+00  0.7205E+01
  -1.045  0.2408E+00  0.7207E+01
  -1.035  0.2305E+00  0.7210E+01
  -1.025  0.2211E+00  0.7212E+01
  -1.015  0.2127E+00  0.7214E+01
  -1.005  0.2054E+00  0.7216E+01
  -0.995  0.1993E+00  0.7218E+01
  -0.985  0.1945E+00  0.7220E+01
  -0.975  0.1910E+00  0.7222E+01
  -0.965  0.1887E+00  0.7224E+01
  -0.955  0.1878E+00  0.7226E+01
  -0.945  0.1880E+00  0.7228E+01
  -0.935  0.1893E+00  0.7230E+01
  -0.925  0.1916E+00  0.7231E+01
  -0.915  0.1949E+00  0.7233E+01
  -0.905  0.1990E+00  0.7235E+01
  -0.895  0.2039E+00  0.7237E+01
  -0.885  0.2095E+00  0.7240E+01
  -0.875  0.2157E+00  0.7242E+01
  -0.865  0.2225E+00  0.7244E+01
  -0.855  0.2298E+00  0.7246E+01
  -0.845  0.2375E+00  0.7249E+01
  -0.835  0.2455E+00  0.7251E+01
  -0.825  0.2538E+00  0.7254E+01
  -0.815  0.2623E+00  0.7256E+01
  -0.805  0.2709E+00  0.7259E+01
  -0.795  0.2796E+00  0.7262E+01
  -0.785  0.2882E+00  0.7265E+01
  -0.775  0.2966E+00  0.7268E+01
  -0.765  0.3049E+00  0.7271E+01
  -0.755  0.3129E+00  0.7274E+01
  -0.745  0.3206E+00  0.7277E+01
  -0.735  0.3280E+00  0.7280E+01
  -0.725  0.3350E+00  0.7284E+01
  -0.715  0.3418E+00  0.7287E+01
  -0.705  0.3482E+00  0.7290E+01
  -0.695  0.3543E+00  0.7294E+01
  -0.685  0.3601E+00  0.7298E+01
  -0.675  0.3657E+00  0.7301E+01
  -0.665  0.3711E+00  0.7305E+01
  -0.655  0.3763E+00  0.7309E+01
  -0.645  0.3813E+00  0.7313E+01
  -0.635  0.3860E+00  0.7316E+01
  -0.625  0.3905E+00  0.7320E+01
  -0.615  0.3947E+00  0.7324E+01
  -0.605  0.3987E+00  0.7328E+01
  -0.595  0.4022E+00  0.7332E+01
  -0.585  0.4054E+00  0.7336E+01
  -0.575  0.4082E+00  0.7340E+01
  -0.565  0.4105E+00  0.7345E+01
  -0.555  0.4124E+00  0.7349E+01
  -0.545  0.4139E+00  0.7353E+01
  -0.535  0.4151E+00  0.7357E+01
  -0.525  0.4160E+00  0.7361E+01
  -0.515  0.4167E+00  0.7365E+01
  -0.505  0.4174E+00  0.7369E+01
  -0.495  0.4182E+00  0.7374E+01
  -0.485  0.4193E+00  0.7378E+01
  -0.475  0.4208E+00  0.7382E+01
  -0.465  0.4230E+00  0.7386E+01
  -0.455  0.4261E+00  0.7391E+01
  -0.445  0.4303E+00  0.7395E+01
  -0.435  0.4359E+00  0.7399E+01
  -0.425  0.4430E+00  0.7404E+01
  -0.415  0.4519E+00  0.7408E+01
  -0.405  0.4629E+00  0.7413E+01
  -0.395  0.4760E+00  0.7418E+01
  -0.385  0.4914E+00  0.7422E+01
  -0.375  0.5093E+00  0.7428E+01
  -0.365  0.5297E+00  0.7433E+01
  -0.355  0.5526E+00  0.7438E+01
  -0.345  0.5780E+00  0.7444E+01
  -0.335  0.6057E+00  0.7450E+01
  -0.325  0.6355E+00  0.7457E+01
  -0.315  0.6671E+00  0.7463E+01
  -0.305  0.7003E+00  0.7470E+01
  -0.295  0.7344E+00  0.7478E+01
  -0.285  0.7691E+00  0.7485E+01
  -0.275  0.8038E+00  0.7493E+01
  -0.265  0.8380E+00  0.7502E+01
  -0.255  0.8712E+00  0.7510E+01
  -0.245  0.9027E+00  0.7519E+01
  -0.235  0.9321E+00  0.7529E+01
  -0.225  0.9590E+00  0.7538E+01
  -0.215  0.9830E+00  0.7548E+01
  -0.205  0.1004E+01  0.7558E+01
  -0.195  0.1021E+01  0.7568E+01
  -0.185  0.1035E+01  0.7579E+01
  -0.175  0.1045E+01  0.7589E+01
  -0.165  0.1052E+01  0.7600E+01
  -0.155  0.1055E+01  0.7610E+01
  -0.145  0.1055E+01  0.7621E+01
  -0.135  0.1052E+01  0.7631E+01
  -0.125  0.1046E+01  0.7642E+01
  -0.115  0.1037E+01  0.7652E+01
  -0.105  0.1027E+01  0.7662E+01
  -0.095  0.1014E+01  0.7673E+01
  -0.085  0.1000E+01  0.7683E+01
  -0.075  0.9847E+00  0.7692E+01
  -0.065  0.9685E+00  0.7702E+01
  -0.055  0.9517E+00  0.7712E+01
  -0.045  0.9346E+00  0.7721E+01
  -0.035  0.9176E+00  0.7730E+01
  -0.025  0.9009E+00  0.7739E+01
  -0.015  0.8849E+00  0.7748E+01
  -0.005  0.8699E+00  0.7757E+01
   0.005  0.8561E+00  0.7765E+01
   0.015  0.8437E+00  0.7774E+01
   0.025  0.8330E+00  0.7782E+01
   0.035  0.8240E+00  0.7790E+01
   0.045  0.8171E+00  0.7798E+01
   0.055  0.8120E+00  0.7807E+01
   0.065  0.8090E+00  0.7815E+01
   0.075  0.8078E+00  0.7823E+01
   0.085  0.8082E+00  0.7831E+01
   0.095  0.8101E+00  0.7839E+01
   0.105  0.8132E+00  0.7847E+01
   0.115  0.8170E+00  0.7855E+01
   0.125  0.8212E+00  0.7863E+01
   0.135  0.8253E+00  0.7872E+01
   0.145  0.8287E+00  0.7880E+01
   0.155  0.8311E+00  0.7888E+01
   0.165  0.8319E+00  0.7897E+01
   0.175  0.8307E+00  0.7905E+01
   0.185  0.8271E+00  0.7913E+01
   0.195  0.8208E+00  0.7921E+01
   0.205  0.8115E+00  0.7929E+01
   0.215  0.7991E+00  0.7937E+01
   0.225  0.7835E+00  0.7945E+01
   0.235  0.7647E+00  0.7953E+01
   0.245  0.7431E+00  0.7960E+01
   0.255  0.7187E+00  0.7968E+01
   0.265  0.6920E+00  0.7975E+01
   0.275  0.6633E+00  0.7981E+01
   0.285  0.6332E+00  0.7987E+01
   0.295  0.6022E+00  0.7993E+01
   0.305  0.5709E+00  0.7999E+01
   0.315  0.5398E+00  0.8005E+01
   0.325  0.5094E+00  0.8010E+01
   0.335  0.4804E+00  0.8014E+01
   0.345  0.4530E+00  0.8019E+01
   0.355  0.4278E+00  0.8023E+01
   0.365  0.4051E+00  0.8027E+01
   0.375  0.3850E+00  0.8031E+01
   0.385  0.3677E+00  0.8035E+01
   0.395  0.3534E+00  0.8038E+01
   0.405  0.3418E+00  0.8042E+01
   0.415  0.3330E+00  0.8045E+01
   0.425  0.3267E+00  0.8048E+01
   0.435  0.3227E+00  0.8052E+01
   0.445  0.3205E+00  0.8055E+01
   0.455  0.3200E+00  0.8058E+01
   0.465  0.3207E+00  0.8061E+01
   0.475  0.3224E+00  0.8064E+01
   0.485  0.3245E+00  0.8068E+01
   0.495  0.3270E+00  0.8071E+01
   0.505  0.3294E+00  0.8074E+01
   0.515  0.3316E+00  0.8078E+01
   0.525  0.3334E+00  0.8081E+01
   0.535  0.3348E+00  0.8084E+01
   0.545  0.3357E+00  0.8088E+01
   0.555  0.3362E+00  0.8091E+01
   0.565  0.3362E+00  0.8094E+01
   0.575  0.3359E+00  0.8098E+01
   0.585  0.3354E+00  0.8101E+01
   0.595  0.3348E+00  0.8104E+01
   0.605  0.3343E+00  0.8108E+01
   0.615  0.3339E+00  0.8111E+01
   0.625  0.3337E+00  0.8114E+01
   0.635  0.3339E+00  0.8118E+01
   0.645  0.3344E+00  0.8121E+01
   0.655  0.3352E+00  0.8124E+01
   0.665  0.3364E+00  0.8128E+01
   0.675  0.3379E+00  0.8131E+01
   0.685  0.3396E+00  0.8135E+01
   0.695  0.3416E+00  0.8138E+01
   0.705  0.3437E+00  0.8141E+01
   0.715  0.3458E+00  0.8145E+01
   0.725  0.3481E+00  0.8148E+01
   0.735  0.3503E+00  0.8152E+01
   0.745  0.3524E+00  0.8155E+01
   0.755  0.3545E+00  0.8159E+01
   0.765  0.3566E+00  0.8163E+01
   0.775  0.3585E+00  0.8166E+01
   0.785  0.3604E+00  0.8170E+01
   0.795  0.3622E+00  0.8173E+01
   0.805  0.3638E+00  0.8177E+01
   0.815  0.3654E+00  0.8181E+01
   0.825  0.3667E+00  0.8184E+01
   0.835  0.3679E+00  0.8188E+01
   0.845  0.3689E+00  0.8192E+01
   0.855  0.3696E+00  0.8195E+01
   0.865  0.3701E+00  0.8199E+01
   0.875  0.3704E+00  0.8203E+01
   0.885  0.3704E+00  0.8207E+01
   0.895  0.3702E+00  0.8210E+01
   0.905  0.3699E+00  0.8214E+01
   0.915  0.3696E+00  0.8218E+01
   0.925  0.3694E+00  0.8221E+01
   0.935  0.3695E+00  0.8225E+01
   0.945  0.3701E+00  0.8229E+01
   0.955  0.3713E+00  0.8232E+01
   0.965  0.3734E+00  0.8236E+01
   0.975  0.3766E+00  0.8240E+01
   0.985  0.3812E+00  0.8244E+01
   0.995  0.3872E+00  0.8248E+01
   1.005  0.3950E+00  0.8252E+01
   1.015  0.4046E+00  0.8256E+01
   1.025  0.4162E+00  0.8260E+01
   1.035  0.4298E+00  0.8264E+01
   1.045  0.4455E+00  0.8269E+01
   1.055  0.4633E+00  0.8273E+01
   1.065  0.4830E+00  0.8278E+01
   1.075  0.5047E+00  0.8283E+01
   1.085  0.5282E+00  0.8288E+01
   1.095  0.5534E+00  0.8294E+01
   1.105  0.5799E+00  0.8300E+01
   1.115  0.6077E+00  0.8306E+01
   1.125  0.6363E+00  0.8312E+01
   1.135  0.6656E+00  0.8319E+01
   1.145  0.6952E+00  0.8326E+01
   1.155  0.7247E+00  0.8333E+01
   1.165  0.7537E+00  0.8340E+01
   1.175  0.7820E+00  0.8348E+01
   1.185  0.8090E+00  0.8356E+01
   1.195  0.8346E+00  0.8365E+01
   1.205  0.8584E+00  0.8373E+01
   1.215  0.8800E+00  0.8382E+01
   1.225  0.8994E+00  0.8391E+01
   1.235  0.9165E+00  0.8400E+01
   1.245  0.9312E+00  0.8410E+01
   1.255  0.9436E+00  0.8419E+01
   1.265  0.9539E+00  0.8429E+01
   1.275  0.9624E+00  0.8438E+01
   1.285  0.9695E+00  0.8448E+01
   1.295  0.9755E+00  0.8458E+01
   1.305  0.9810E+00  0.8467E+01
   1.315  0.9864E+00  0.8477E+01
   1.325  0.9921E+00  0.8487E+01
   1.335  0.9986E+00  0.8497E+01
   1.345  0.1006E+01  0.8507E+01
   1.355  0.1015E+01  0.8517E+01
   1.365  0.1025E+01  0.8528E+01
   1.375  0.1037E+01  0.8538E+01
   1.385  0.1050E+01  0.8549E+01
   1.395  0.1063E+01  0.8559E+01
   1.405  0.1077E+01  0.8570E+01
   1.415  0.1091E+01  0.8581E+01
   1.425  0.1104E+01  0.8592E+01
   1.435  0.1115E+01  0.8603E+01
   1.445  0.1124E+01  0.8614E+01
   1.455  0.1131E+01  0.8626E+01
   1.465  0.1134E+01  0.8637E+01
   1.475  0.1133E+01  0.8648E+01
   1.485  0.1129E+01  0.8660E+01
   1.495  0.1121E+01  0.8671E+01
   1.505  0.1109E+01  0.8682E+01
   1.515  0.1093E+01  0.8693E+01
   1.525  0.1074E+01  0.8704E+01
   1.535  0.1054E+01  0.8714E+01
   1.545  0.1031E+01  0.8724E+01
   1.555  0.1007E+01  0.8734E+01
   1.565  0.9841E+00  0.8744E+01
   1.575  0.9618E+00  0.8754E+01
   1.585  0.9415E+00  0.8763E+01
   1.595  0.9238E+00  0.8773E+01
   1.605  0.9096E+00  0.8782E+01
   1.615  0.8994E+00  0.8791E+01
   1.625  0.8935E+00  0.8800E+01
   1.635  0.8924E+00  0.8808E+01
   1.645  0.8958E+00  0.8817E+01
   1.655  0.9038E+00  0.8826E+01
   1.665  0.9161E+00  0.8836E+01
   1.675  0.9320E+00  0.8845E+01
   1.685  0.9512E+00  0.8854E+01
   1.695  0.9727E+00  0.8864E+01
   1.705  0.9960E+00  0.8874E+01
   1.715  0.1020E+01  0.8884E+01
   1.725  0.1045E+01  0.8895E+01
   1.735  0.1068E+01  0.8905E+01
   1.745  0.1091E+01  0.8916E+01
   1.755  0.1111E+01  0.8928E+01
   1.765  0.1129E+01  0.8939E+01
   1.775  0.1144E+01  0.8950E+01
   1.785  0.1156E+01  0.8962E+01
   1.795  0.1165E+01  0.8973E+01
   1.805  0.1170E+01  0.8985E+01
   1.815  0.1172E+01  0.8997E+01
   1.825  0.1171E+01  0.9009E+01
   1.835  0.1167E+01  0.9020E+01
   1.845  0.1161E+01  0.9032E+01
   1.855  0.1153E+01  0.9043E+01
   1.865  0.1144E+01  0.9055E+01
   1.875  0.1133E+01  0.9066E+01
   1.885  0.1122E+01  0.9077E+01
   1.895  0.1111E+01  0.9088E+01
   1.905  0.1100E+01  0.9099E+01
   1.915  0.1090E+01  0.9110E+01
   1.925  0.1082E+01  0.9121E+01
   1.935  0.1075E+01  0.9132E+01
   1.945  0.1070E+01  0.9143E+01
   1.955  0.1068E+01  0.9153E+01
   1.965  0.1068E+01  0.9164E+01
   1.975  0.1070E+01  0.9175E+01
   1.985  0.1076E+01  0.9185E+01
   1.995  0.1084E+01  0.9196E+01
   2.005  0.1095E+01  0.9207E+01
   2.015  0.1109E+01  0.9218E+01
   2.025  0.1126E+01  0.9230E+01
   2.035  0.1145E+01  0.9241E+01
   2.045  0.1166E+01  0.9253E+01
   2.055  0.1190E+01  0.9265E+01
   2.065  0.1215E+01  0.9277E+01
   2.075  0.1242E+01  0.9289E+01
   2.085  0.1269E+01  0.9302E+01
   2.095  0.1298E+01  0.9315E+01
   2.105  0.1326E+01  0.9328E+01
   2.115  0.1353E+01  0.9342E+01
   2.125  0.1379E+01  0.9355E+01
   2.135  0.1403E+01  0.9369E+01
   2.145  0.1425E+01  0.9384E+01
   2.155  0.1444E+01  0.9398E+01
   2.165  0.1460E+01  0.9413E+01
   2.175  0.1472E+01  0.9427E+01
   2.185  0.1479E+01  0.9442E+01
   2.195  0.1483E+01  0.9457E+01
   2.205  0.1482E+01  0.9472E+01
   2.215  0.1477E+01  0.9487E+01
   2.225  0.1468E+01  0.9501E+01
   2.235  0.1456E+01  0.9516E+01
   2.245  0.1440E+01  0.9530E+01
   2.255  0.1421E+01  0.9545E+01
   2.265  0.1399E+01  0.9559E+01
   2.275  0.1375E+01  0.9572E+01
   2.285  0.1350E+01  0.9586E+01
   2.295  0.1324E+01  0.9599E+01
   2.305  0.1298E+01  0.9612E+01
   2.315  0.1271E+01  0.9625E+01
   2.325  0.1245E+01  0.9637E+01
   2.335  0.1220E+01  0.9649E+01
   2.345  0.1196E+01  0.9661E+01
   2.355  0.1173E+01  0.9673E+01
   2.365  0.1153E+01  0.9685E+01
   2.375  0.1135E+01  0.9696E+01
   2.385  0.1119E+01  0.9707E+01
   2.395  0.1106E+01  0.9718E+01
   2.405  0.1096E+01  0.9729E+01
   2.415  0.1090E+01  0.9740E+01
   2.425  0.1086E+01  0.9751E+01
   2.435  0.1086E+01  0.9762E+01
   2.445  0.1089E+01  0.9773E+01
   2.455  0.1095E+01  0.9784E+01
   2.465  0.1105E+01  0.9795E+01
   2.475  0.1117E+01  0.9806E+01
   2.485  0.1132E+01  0.9817E+01
   2.495  0.1150E+01  0.9829E+01
   2.505  0.1169E+01  0.9840E+01
   2.515  0.1191E+01  0.9852E+01
   2.525  0.1213E+01  0.9864E+01
   2.535  0.1236E+01  0.9877E+01
   2.545  0.1260E+01  0.9889E+01
   2.555  0.1283E+01  0.9902E+01
   2.565  0.1306E+01  0.9915E+01
   2.575  0.1328E+01  0.9929E+01
   2.585  0.1350E+01  0.9942E+01
   2.595  0.1369E+01  0.9956E+01
   2.605  0.1387E+01  0.9970E+01
   2.615  0.1404E+01  0.9984E+01
   2.625  0.1418E+01  0.9998E+01
   2.635  0.1430E+01  0.1001E+02
   2.645  0.1441E+01  0.1003E+02
   2.655  0.1449E+01  0.1004E+02
   2.665  0.1456E+01  0.1006E+02
   2.675  0.1461E+01  0.1007E+02
   2.685  0.1465E+01  0.1008E+02
   2.695  0.1467E+01  0.1010E+02
   2.705  0.1467E+01  0.1011E+02
   2.715  0.1467E+01  0.1013E+02
   2.725  0.1466E+01  0.1014E+02
   2.735  0.1464E+01  0.1016E+02
   2.745  0.1461E+01  0.1017E+02
   2.755  0.1456E+01  0.1019E+02
   2.765  0.1451E+01  0.1020E+02
   2.775  0.1445E+01  0.1022E+02
   2.785  0.1438E+01  0.1023E+02
   2.795  0.1429E+01  0.1024E+02
   2.805  0.1419E+01  0.1026E+02
   2.815  0.1407E+01  0.1027E+02
   2.825  0.1395E+01  0.1029E+02
   2.835  0.1382E+01  0.1030E+02
   2.845  0.1368E+01  0.1031E+02
   2.855  0.1353E+01  0.1033E+02
   2.865  0.1339E+01  0.1034E+02
   2.875  0.1325E+01  0.1035E+02
   2.885  0.1312E+01  0.1037E+02
   2.895  0.1301E+01  0.1038E+02
   2.905  0.1292E+01  0.1039E+02
   2.915  0.1285E+01  0.1041E+02
   2.925  0.1281E+01  0.1042E+02
   2.935  0.1280E+01  0.1043E+02
   2.945  0.1282E+01  0.1045E+02
   2.955  0.1287E+01  0.1046E+02
   2.965  0.1295E+01  0.1047E+02
   2.975  0.1305E+01  0.1048E+02
   2.985  0.1318E+01  0.1050E+02
   2.995  0.1332E+01  0.1051E+02
   3.005  0.1348E+01  0.1052E+02
   3.015  0.1364E+01  0.1054E+02
   3.025  0.1380E+01  0.1055E+02
   3.035  0.1397E+01  0.1057E+02
   3.045  0.1412E+01  0.1058E+02
   3.055  0.1427E+01  0.1059E+02
   3.065  0.1440E+01  0.1061E+02
   3.075  0.1452E+01  0.1062E+02
   3.085  0.1462E+01  0.1064E+02
   3.095  0.1471E+01  0.1065E+02
   3.105  0.1477E+01  0.1067E+02
   3.115  0.1482E+01  0.1068E+02
   3.125  0.1486E+01  0.1070E+02
   3.135  0.1488E+01  0.1071E+02
   3.145  0.1488E+01  0.1073E+02
   3.155  0.1487E+01  0.1074E+02
   3.165  0.1484E+01  0.1076E+02
   3.175  0.1481E+01  0.1077E+02
   3.185  0.1476E+01  0.1079E+02
   3.195  0.1470E+01  0.1080E+02
   3.205  0.1464E+01  0.1081E+02
   3.215  0.1457E+01  0.1083E+02
   3.225  0.1450E+01  0.1084E+02
   3.235  0.1442E+01  0.1086E+02
   3.245  0.1435E+01  0.1087E+02
   3.255  0.1429E+01  0.1089E+02
   3.265  0.1423E+01  0.1090E+02
   3.275  0.1419E+01  0.1092E+02
   3.285  0.1416E+01  0.1093E+02
   3.295  0.1414E+01  0.1094E+02
   3.305  0.1415E+01  0.1096E+02
   3.315  0.1418E+01  0.1097E+02
   3.325  0.1423E+01  0.1099E+02
   3.335  0.1430E+01  0.1100E+02
   3.345  0.1438E+01  0.1101E+02
   3.355  0.1449E+01  0.1103E+02
   3.365  0.1460E+01  0.1104E+02
   3.375  0.1473E+01  0.1106E+02
   3.385  0.1486E+01  0.1107E+02
   3.395  0.1499E+01  0.1109E+02
   3.405  0.1511E+01  0.1110E+02
   3.415  0.1522E+01  0.1112E+02
   3.425  0.1531E+01  0.1113E+02
   3.435  0.1539E+01  0.1115E+02
   3.445  0.1545E+01  0.1117E+02
   3.455  0.1549E+01  0.1118E+02
   3.465  0.1551E+01  0.1120E+02
   3.475  0.1552E+01  0.1121E+02
   3.485  0.1552E+01  0.1123E+02
   3.495  0.1551E+01  0.1124E+02
   3.505  0.1551E+01  0.1126E+02
   3.515  0.1551E+01  0.1127E+02
   3.525  0.1553E+01  0.1129E+02
   3.535  0.1557E+01  0.1130E+02
   3.545  0.1563E+01  0.1132E+02
   3.555  0.1573E+01  0.1134E+02
   3.565  0.1586E+01  0.1135E+02
   3.575  0.1602E+01  0.1137E+02
   3.585  0.1622E+01  0.1138E+02
   3.595  0.1645E+01  0.1140E+02
   3.605  0.1670E+01  0.1142E+02
   3.615  0.1698E+01  0.1143E+02
   3.625  0.1726E+01  0.1145E+02
   3.635  0.1755E+01  0.1147E+02
   3.645  0.1784E+01  0.1149E+02
   3.655  0.1811E+01  0.1151E+02
   3.665  0.1837E+01  0.1152E+02
   3.675  0.1859E+01  0.1154E+02
   3.685  0.1879E+01  0.1156E+02
   3.695  0.1895E+01  0.1158E+02
   3.705  0.1908E+01  0.1160E+02
   3.715  0.1916E+01  0.1162E+02
   3.725  0.1920E+01  0.1164E+02
   3.735  0.1921E+01  0.1166E+02
   3.745  0.1917E+01  0.1168E+02
   3.755  0.1911E+01  0.1169E+02
   3.765  0.1901E+01  0.1171E+02
   3.775  0.1887E+01  0.1173E+02
   3.785  0.1871E+01  0.1175E+02
   3.795  0.1853E+01  0.1177E+02
   3.805  0.1832E+01  0.1179E+02
   3.815  0.1810E+01  0.1181E+02
   3.825  0.1785E+01  0.1182E+02
   3.835  0.1759E+01  0.1184E+02
   3.845  0.1732E+01  0.1186E+02
   3.855  0.1703E+01  0.1188E+02
   3.865  0.1674E+01  0.1189E+02
   3.875  0.1644E+01  0.1191E+02
   3.885  0.1614E+01  0.1193E+02
   3.895  0.1585E+01  0.1194E+02
   3.905  0.1558E+01  0.1196E+02
   3.915  0.1532E+01  0.1197E+02
   3.925  0.1508E+01  0.1199E+02
   3.935  0.1488E+01  0.1200E+02
   3.945  0.1472E+01  0.1202E+02
   3.955  0.1460E+01  0.1203E+02
   3.965  0.1453E+01  0.1205E+02
   3.975  0.1451E+01  0.1206E+02
   3.985  0.1455E+01  0.1208E+02
   3.995  0.1464E+01  0.1209E+02
   4.005  0.1479E+01  0.1210E+02
   4.015  0.1499E+01  0.1212E+02
   4.025  0.1523E+01  0.1213E+02
   4.035  0.1551E+01  0.1215E+02
   4.045  0.1582E+01  0.1217E+02
   4.055  0.1616E+01  0.1218E+02
   4.065  0.1650E+01  0.1220E+02
   4.075  0.1683E+01  0.1222E+02
   4.085  0.1715E+01  0.1223E+02
   4.095  0.1745E+01  0.1225E+02
   4.105  0.1771E+01  0.1227E+02
   4.115  0.1793E+01  0.1229E+02
   4.125  0.1809E+01  0.1230E+02
   4.135  0.1821E+01  0.1232E+02
   4.145  0.1827E+01  0.1234E+02
   4.155  0.1828E+01  0.1236E+02
   4.165  0.1823E+01  0.1238E+02
   4.175  0.1815E+01  0.1239E+02
   4.185  0.1802E+01  0.1241E+02
   4.195  0.1787E+01  0.1243E+02
   4.205  0.1770E+01  0.1245E+02
   4.215  0.1752E+01  0.1247E+02
   4.225  0.1734E+01  0.1248E+02
   4.235  0.1717E+01  0.1250E+02
   4.245  0.1701E+01  0.1252E+02
   4.255  0.1688E+01  0.1253E+02
   4.265  0.1677E+01  0.1255E+02
   4.275  0.1669E+01  0.1257E+02
   4.285  0.1664E+01  0.1258E+02
   4.295  0.1663E+01  0.1260E+02
   4.305  0.1664E+01  0.1262E+02
   4.315  0.1669E+01  0.1263E+02
   4.325  0.1675E+01  0.1265E+02
   4.335  0.1685E+01  0.1267E+02
   4.345  0.1696E+01  0.1269E+02
   4.355  0.1709E+01  0.1270E+02
   4.365  0.1723E+01  0.1272E+02
   4.375  0.1738E+01  0.1274E+02
   4.385  0.1754E+01  0.1275E+02
   4.395  0.1770E+01  0.1277E+02
   4.405  0.1787E+01  0.1279E+02
   4.415  0.1804E+01  0.1281E+02
   4.425  0.1820E+01  0.1283E+02
   4.435  0.1836E+01  0.1284E+02
   4.445  0.1850E+01  0.1286E+02
   4.455  0.1864E+01  0.1288E+02
   4.465  0.1876E+01  0.1290E+02
   4.475  0.1886E+01  0.1292E+02
   4.485  0.1894E+01  0.1294E+02
   4.495  0.1900E+01  0.1296E+02
   4.505  0.1902E+01  0.1298E+02
   4.515  0.1903E+01  0.1300E+02
   4.525  0.1900E+01  0.1301E+02
   4.535  0.1894E+01  0.1303E+02
   4.545  0.1886E+01  0.1305E+02
   4.555  0.1876E+01  0.1307E+02
   4.565  0.1863E+01  0.1309E+02
   4.575  0.1849E+01  0.1311E+02
   4.585  0.1833E+01  0.1313E+02
   4.595  0.1817E+01  0.1314E+02
   4.605  0.1799E+01  0.1316E+02
   4.615  0.1782E+01  0.1318E+02
   4.625  0.1764E+01  0.1320E+02
   4.635  0.1747E+01  0.1322E+02
   4.645  0.1731E+01  0.1323E+02
   4.655  0.1715E+01  0.1325E+02
   4.665  0.1700E+01  0.1327E+02
   4.675  0.1686E+01  0.1328E+02
   4.685  0.1674E+01  0.1330E+02
   4.695  0.1662E+01  0.1332E+02
   4.705  0.1651E+01  0.1333E+02
   4.715  0.1641E+01  0.1335E+02
   4.725  0.1633E+01  0.1337E+02
   4.735  0.1625E+01  0.1338E+02
   4.745  0.1618E+01  0.1340E+02
   4.755  0.1613E+01  0.1341E+02
   4.765  0.1608E+01  0.1343E+02
   4.775  0.1605E+01  0.1345E+02
   4.785  0.1603E+01  0.1346E+02
   4.795  0.1603E+01  0.1348E+02
   4.805  0.1604E+01  0.1350E+02
   4.815  0.1607E+01  0.1351E+02
   4.825  0.1611E+01  0.1353E+02
   4.835  0.1617E+01  0.1354E+02
   4.845  0.1625E+01  0.1356E+02
   4.855  0.1633E+01  0.1358E+02
   4.865  0.1643E+01  0.1359E+02
   4.875  0.1654E+01  0.1361E+02
   4.885  0.1665E+01  0.1363E+02
   4.895  0.1676E+01  0.1364E+02
   4.905  0.1686E+01  0.1366E+02
   4.915  0.1696E+01  0.1368E+02
   4.925  0.1705E+01  0.1369E+02
   4.935  0.1712E+01  0.1371E+02
   4.945  0.1717E+01  0.1373E+02
   4.955  0.1720E+01  0.1374E+02
   4.965  0.1721E+01  0.1376E+02
   4.975  0.1720E+01  0.1378E+02
   4.985  0.1717E+01  0.1380E+02
   4.995  0.1712E+01  0.1381E+02
   5.005  0.1707E+01  0.1383E+02
   5.015  0.1701E+01  0.1385E+02
   5.025  0.1695E+01  0.1386E+02
   5.035  0.1690E+01  0.1388E+02
   5.045  0.1686E+01  0.1390E+02
   5.055  0.1685E+01  0.1392E+02
   5.065  0.1687E+01  0.1393E+02
   5.075  0.1692E+01  0.1395E+02
   5.085  0.1700E+01  0.1397E+02
   5.095  0.1711E+01  0.1398E+02
   5.105  0.1727E+01  0.1400E+02
   5.115  0.1745E+01  0.1402E+02
   5.125  0.1766E+01  0.1404E+02
   5.135  0.1788E+01  0.1405E+02
   5.145  0.1812E+01  0.1407E+02
   5.155  0.1837E+01  0.1409E+02
   5.165  0.1861E+01  0.1411E+02
   5.175  0.1883E+01  0.1413E+02
   5.185  0.1904E+01  0.1415E+02
   5.195  0.1922E+01  0.1417E+02
   5.205  0.1937E+01  0.1418E+02
   5.215  0.1948E+01  0.1420E+02
   5.225  0.1957E+01  0.1422E+02
   5.235  0.1962E+01  0.1424E+02
   5.245  0.1965E+01  0.1426E+02
   5.255  0.1966E+01  0.1428E+02
   5.265  0.1966E+01  0.1430E+02
   5.275  0.1964E+01  0.1432E+02
   5.285  0.1963E+01  0.1434E+02
   5.295  0.1963E+01  0.1436E+02
   5.305  0.1963E+01  0.1438E+02
   5.315  0.1965E+01  0.1440E+02
   5.325  0.1969E+01  0.1442E+02
   5.335  0.1975E+01  0.1444E+02
   5.345  0.1982E+01  0.1446E+02
   5.355  0.1990E+01  0.1448E+02
   5.365  0.1998E+01  0.1450E+02
   5.375  0.2006E+01  0.1452E+02
   5.385  0.2013E+01  0.1454E+02
   5.395  0.2018E+01  0.1456E+02
   5.405  0.2020E+01  0.1458E+02
   5.415  0.2018E+01  0.1460E+02
   5.425  0.2013E+01  0.1462E+02
   5.435  0.2003E+01  0.1464E+02
   5.445  0.1989E+01  0.1466E+02
   5.455  0.1971E+01  0.1468E+02
   5.465  0.1948E+01  0.1470E+02
   5.475  0.1923E+01  0.1472E+02
   5.485  0.1894E+01  0.1474E+02
   5.495  0.1864E+01  0.1476E+02
   5.505  0.1834E+01  0.1477E+02
   5.515  0.1803E+01  0.1479E+02
   5.525  0.1774E+01  0.1481E+02
   5.535  0.1748E+01  0.1483E+02
   5.545  0.1724E+01  0.1485E+02
   5.555  0.1705E+01  0.1486E+02
   5.565  0.1689E+01  0.1488E+02
   5.575  0.1679E+01  0.1490E+02
   5.585  0.1673E+01  0.1491E+02
   5.595  0.1672E+01  0.1493E+02
   5.605  0.1676E+01  0.1495E+02
   5.615  0.1684E+01  0.1496E+02
   5.625  0.1695E+01  0.1498E+02
   5.635  0.1710E+01  0.1500E+02
   5.645  0.1727E+01  0.1501E+02
   5.655  0.1747E+01  0.1503E+02
   5.665  0.1767E+01  0.1505E+02
   5.675  0.1788E+01  0.1507E+02
   5.685  0.1810E+01  0.1509E+02
   5.695  0.1831E+01  0.1510E+02
   5.705  0.1852E+01  0.1512E+02
   5.715  0.1873E+01  0.1514E+02
   5.725  0.1893E+01  0.1516E+02
   5.735  0.1912E+01  0.1518E+02
   5.745  0.1931E+01  0.1520E+02
   5.755  0.1949E+01  0.1522E+02
   5.765  0.1967E+01  0.1524E+02
   5.775  0.1985E+01  0.1526E+02
   5.785  0.2002E+01  0.1528E+02
   5.795  0.2019E+01  0.1530E+02
   5.805  0.2037E+01  0.1532E+02
   5.815  0.2054E+01  0.1534E+02
   5.825  0.2070E+01  0.1536E+02
   5.835  0.2086E+01  0.1538E+02
   5.845  0.2102E+01  0.1540E+02
   5.855  0.2117E+01  0.1542E+02
   5.865  0.2130E+01  0.1544E+02
   5.875  0.2143E+01  0.1547E+02
   5.885  0.2154E+01  0.1549E+02
   5.895  0.2163E+01  0.1551E+02
   5.905  0.2171E+01  0.1553E+02
   5.915  0.2177E+01  0.1555E+02
   5.925  0.2181E+01  0.1557E+02
   5.935  0.2184E+01  0.1560E+02
   5.945  0.2185E+01  0.1562E+02
   5.955  0.2184E+01  0.1564E+02
   5.965  0.2181E+01  0.1566E+02
   5.975  0.2177E+01  0.1568E+02
   5.985  0.2172E+01  0.1570E+02
   5.995  0.2165E+01  0.1573E+02
   6.005  0.2156E+01  0.1575E+02
   6.015  0.2146E+01  0.1577E+02
   6.025  0.2134E+01  0.1579E+02
   6.035  0.2120E+01  0.1581E+02
   6.045  0.2105E+01  0.1583E+02
   6.055  0.2087E+01  0.1585E+02
   6.065  0.2067E+01  0.1587E+02
   6.075  0.2045E+01  0.1589E+02
   6.085  0.2020E+01  0.1591E+02
   6.095  0.1993E+01  0.1593E+02
   6.105  0.1964E+01  0.1595E+02
   6.115  0.1934E+01  0.1597E+02
   6.125  0.1901E+01  0.1599E+02
   6.135  0.1868E+01  0.1601E+02
   6.145  0.1833E+01  0.1603E+02
   6.155  0.1799E+01  0.1605E+02
   6.165  0.1766E+01  0.1607E+02
   6.175  0.1733E+01  0.1608E+02
   6.185  0.1703E+01  0.1610E+02
   6.195  0.1676E+01  0.1612E+02
   6.205  0.1652E+01  0.1613E+02
   6.215  0.1632E+01  0.1615E+02
   6.225  0.1616E+01  0.1617E+02
   6.235  0.1604E+01  0.1618E+02
   6.245  0.1597E+01  0.1620E+02
   6.255  0.1594E+01  0.1621E+02
   6.265  0.1596E+01  0.1623E+02
   6.275  0.1602E+01  0.1625E+02
   6.285  0.1611E+01  0.1626E+02
   6.295  0.1624E+01  0.1628E+02
   6.305  0.1639E+01  0.1629E+02
   6.315  0.1657E+01  0.1631E+02
   6.325  0.1677E+01  0.1633E+02
   6.335  0.1700E+01  0.1634E+02
   6.345  0.1723E+01  0.1636E+02
   6.355  0.1749E+01  0.1638E+02
   6.365  0.1775E+01  0.1640E+02
   6.375  0.1803E+01  0.1642E+02
   6.385  0.1832E+01  0.1643E+02
   6.395  0.1862E+01  0.1645E+02
   6.405  0.1893E+01  0.1647E+02
   6.415  0.1925E+01  0.1649E+02
   6.425  0.1957E+01  0.1651E+02
   6.435  0.1989E+01  0.1653E+02
   6.445  0.2020E+01  0.1655E+02
   6.455  0.2050E+01  0.1657E+02
   6.465  0.2079E+01  0.1659E+02
   6.475  0.2106E+01  0.1661E+02
   6.485  0.2130E+01  0.1663E+02
   6.495  0.2151E+01  0.1666E+02
   6.505  0.2169E+01  0.1668E+02
   6.515  0.2183E+01  0.1670E+02
   6.525  0.2192E+01  0.1672E+02
