#  E (eV)   dos(E)     Int dos(E) EFermi =  -47.081 eV
 -57.081  0.1418E+00  0.1418E-02
 -57.071  0.1425E+00  0.2843E-02
 -57.061  0.1434E+00  0.4277E-02
 -57.051  0.1446E+00  0.5723E-02
 -57.041  0.1460E+00  0.7183E-02
 -57.031  0.1475E+00  0.8659E-02
 -57.021  0.1492E+00  0.1015E-01
 -57.011  0.1508E+00  0.1166E-01
 -57.001  0.1526E+00  0.1318E-01
 -56.991  0.1543E+00  0.1473E-01
 -56.981  0.1560E+00  0.1629E-01
 -56.971  0.1575E+00  0.1786E-01
 -56.961  0.1589E+00  0.1945E-01
 -56.951  0.1601E+00  0.2105E-01
 -56.941  0.1610E+00  0.2266E-01
 -56.931  0.1616E+00  0.2428E-01
 -56.921  0.1619E+00  0.2590E-01
 -56.911  0.1619E+00  0.2752E-01
 -56.901  0.1615E+00  0.2913E-01
 -56.891  0.1608E+00  0.3074E-01
 -56.881  0.1598E+00  0.3233E-01
 -56.871  0.1585E+00  0.3392E-01
 -56.861  0.1571E+00  0.3549E-01
 -56.851  0.1557E+00  0.3705E-01
 -56.841  0.1543E+00  0.3859E-01
 -56.831  0.1530E+00  0.4012E-01
 -56.821  0.1520E+00  0.4164E-01
 -56.811  0.1513E+00  0.4315E-01
 -56.801  0.1510E+00  0.4466E-01
 -56.791  0.1512E+00  0.4618E-01
 -56.781  0.1519E+00  0.4769E-01
 -56.771  0.1531E+00  0.4922E-01
 -56.761  0.1548E+00  0.5077E-01
 -56.751  0.1569E+00  0.5234E-01
 -56.741  0.1593E+00  0.5393E-01
 -56.731  0.1620E+00  0.5555E-01
 -56.721  0.1648E+00  0.5720E-01
 -56.711  0.1675E+00  0.5888E-01
 -56.701  0.1701E+00  0.6058E-01
 -56.691  0.1723E+00  0.6230E-01
 -56.681  0.1741E+00  0.6404E-01
 -56.671  0.1754E+00  0.6580E-01
 -56.661  0.1760E+00  0.6756E-01
 -56.651  0.1759E+00  0.6932E-01
 -56.641  0.1751E+00  0.7107E-01
 -56.631  0.1736E+00  0.7280E-01
 -56.621  0.1714E+00  0.7452E-01
 -56.611  0.1685E+00  0.7620E-01
 -56.601  0.1651E+00  0.7785E-01
 -56.591  0.1613E+00  0.7947E-01
 -56.581  0.1572E+00  0.8104E-01
 -56.571  0.1529E+00  0.8257E-01
 -56.561  0.1485E+00  0.8405E-01
 -56.551  0.1442E+00  0.8549E-01
 -56.541  0.1400E+00  0.8689E-01
 -56.531  0.1361E+00  0.8825E-01
 -56.521  0.1324E+00  0.8958E-01
 -56.511  0.1291E+00  0.9087E-01
 -56.501  0.1262E+00  0.9213E-01
 -56.491  0.1237E+00  0.9337E-01
 -56.481  0.1215E+00  0.9458E-01
 -56.471  0.1196E+00  0.9578E-01
 -56.461  0.1180E+00  0.9696E-01
 -56.451  0.1167E+00  0.9813E-01
 -56.441  0.1155E+00  0.9928E-01
 -56.431  0.1145E+00  0.1004E+00
 -56.421  0.1136E+00  0.1016E+00
 -56.411  0.1127E+00  0.1027E+00
 -56.401  0.1120E+00  0.1038E+00
 -56.391  0.1112E+00  0.1049E+00
 -56.381  0.1105E+00  0.1060E+00
 -56.371  0.1099E+00  0.1071E+00
 -56.361  0.1094E+00  0.1082E+00
 -56.351  0.1089E+00  0.1093E+00
 -56.341  0.1086E+00  0.1104E+00
 -56.331  0.1085E+00  0.1115E+00
 -56.321  0.1085E+00  0.1126E+00
 -56.311  0.1087E+00  0.1137E+00
 -56.301  0.1091E+00  0.1147E+00
 -56.291  0.1096E+00  0.1158E+00
 -56.281  0.1103E+00  0.1169E+00
 -56.271  0.1111E+00  0.1181E+00
 -56.261  0.1120E+00  0.1192E+00
 -56.251  0.1129E+00  0.1203E+00
 -56.241  0.1138E+00  0.1214E+00
 -56.231  0.1148E+00  0.1226E+00
 -56.221  0.1157E+00  0.1237E+00
 -56.211  0.1165E+00  0.1249E+00
 -56.201  0.1173E+00  0.1261E+00
 -56.191  0.1180E+00  0.1273E+00
 -56.181  0.1187E+00  0.1284E+00
 -56.171  0.1194E+00  0.1296E+00
 -56.161  0.1201E+00  0.1308E+00
 -56.151  0.1209E+00  0.1321E+00
 -56.141  0.1218E+00  0.1333E+00
 -56.131  0.1229E+00  0.1345E+00
 -56.121  0.1241E+00  0.1357E+00
 -56.111  0.1257E+00  0.1370E+00
 -56.101  0.1275E+00  0.1383E+00
 -56.091  0.1296E+00  0.1396E+00
 -56.081  0.1320E+00  0.1409E+00
 -56.071  0.1347E+00  0.1422E+00
 -56.061  0.1378E+00  0.1436E+00
 -56.051  0.1412E+00  0.1450E+00
 -56.041  0.1448E+00  0.1465E+00
 -56.031  0.1487E+00  0.1480E+00
 -56.021  0.1529E+00  0.1495E+00
 -56.011  0.1572E+00  0.1511E+00
 -56.001  0.1617E+00  0.1527E+00
 -55.991  0.1664E+00  0.1543E+00
 -55.981  0.1711E+00  0.1561E+00
 -55.971  0.1760E+00  0.1578E+00
 -55.961  0.1809E+00  0.1596E+00
 -55.951  0.1859E+00  0.1615E+00
 -55.941  0.1908E+00  0.1634E+00
 -55.931  0.1958E+00  0.1653E+00
 -55.921  0.2007E+00  0.1674E+00
 -55.911  0.2055E+00  0.1694E+00
 -55.901  0.2102E+00  0.1715E+00
 -55.891  0.2147E+00  0.1737E+00
 -55.881  0.2190E+00  0.1758E+00
 -55.871  0.2230E+00  0.1781E+00
 -55.861  0.2267E+00  0.1803E+00
 -55.851  0.2300E+00  0.1826E+00
 -55.841  0.2328E+00  0.1850E+00
 -55.831  0.2352E+00  0.1873E+00
 -55.821  0.2371E+00  0.1897E+00
 -55.811  0.2384E+00  0.1921E+00
 -55.801  0.2393E+00  0.1945E+00
 -55.791  0.2396E+00  0.1969E+00
 -55.781  0.2394E+00  0.1993E+00
 -55.771  0.2388E+00  0.2017E+00
 -55.761  0.2378E+00  0.2040E+00
 -55.751  0.2364E+00  0.2064E+00
 -55.741  0.2347E+00  0.2087E+00
 -55.731  0.2328E+00  0.2111E+00
 -55.721  0.2308E+00  0.2134E+00
 -55.711  0.2287E+00  0.2157E+00
 -55.701  0.2266E+00  0.2179E+00
 -55.691  0.2246E+00  0.2202E+00
 -55.681  0.2226E+00  0.2224E+00
 -55.671  0.2209E+00  0.2246E+00
 -55.661  0.2195E+00  0.2268E+00
 -55.651  0.2183E+00  0.2290E+00
 -55.641  0.2176E+00  0.2312E+00
 -55.631  0.2172E+00  0.2333E+00
 -55.621  0.2174E+00  0.2355E+00
 -55.611  0.2181E+00  0.2377E+00
 -55.601  0.2193E+00  0.2399E+00
 -55.591  0.2212E+00  0.2421E+00
 -55.581  0.2237E+00  0.2443E+00
 -55.571  0.2269E+00  0.2466E+00
 -55.561  0.2307E+00  0.2489E+00
 -55.551  0.2352E+00  0.2513E+00
 -55.541  0.2402E+00  0.2537E+00
 -55.531  0.2458E+00  0.2561E+00
 -55.521  0.2518E+00  0.2586E+00
 -55.511  0.2582E+00  0.2612E+00
 -55.501  0.2648E+00  0.2639E+00
 -55.491  0.2714E+00  0.2666E+00
 -55.481  0.2780E+00  0.2694E+00
 -55.471  0.2843E+00  0.2722E+00
 -55.461  0.2902E+00  0.2751E+00
 -55.451  0.2956E+00  0.2781E+00
 -55.441  0.3004E+00  0.2811E+00
 -55.431  0.3045E+00  0.2841E+00
 -55.421  0.3077E+00  0.2872E+00
 -55.411  0.3101E+00  0.2903E+00
 -55.401  0.3116E+00  0.2934E+00
 -55.391  0.3124E+00  0.2965E+00
 -55.381  0.3124E+00  0.2997E+00
 -55.371  0.3117E+00  0.3028E+00
 -55.361  0.3105E+00  0.3059E+00
 -55.351  0.3089E+00  0.3090E+00
 -55.341  0.3070E+00  0.3120E+00
 -55.331  0.3049E+00  0.3151E+00
 -55.321  0.3029E+00  0.3181E+00
 -55.311  0.3009E+00  0.3211E+00
 -55.301  0.2991E+00  0.3241E+00
 -55.291  0.2977E+00  0.3271E+00
 -55.281  0.2965E+00  0.3301E+00
 -55.271  0.2958E+00  0.3330E+00
 -55.261  0.2954E+00  0.3360E+00
 -55.251  0.2955E+00  0.3389E+00
 -55.241  0.2959E+00  0.3419E+00
 -55.231  0.2968E+00  0.3449E+00
 -55.221  0.2980E+00  0.3478E+00
 -55.211  0.2995E+00  0.3508E+00
 -55.201  0.3013E+00  0.3538E+00
 -55.191  0.3034E+00  0.3569E+00
 -55.181  0.3058E+00  0.3599E+00
 -55.171  0.3084E+00  0.3630E+00
 -55.161  0.3112E+00  0.3661E+00
 -55.151  0.3142E+00  0.3693E+00
 -55.141  0.3173E+00  0.3724E+00
 -55.131  0.3206E+00  0.3756E+00
 -55.121  0.3240E+00  0.3789E+00
 -55.111  0.3275E+00  0.3822E+00
 -55.101  0.3311E+00  0.3855E+00
 -55.091  0.3346E+00  0.3888E+00
 -55.081  0.3380E+00  0.3922E+00
 -55.071  0.3412E+00  0.3956E+00
 -55.061  0.3443E+00  0.3991E+00
 -55.051  0.3470E+00  0.4025E+00
 -55.041  0.3493E+00  0.4060E+00
 -55.031  0.3511E+00  0.4095E+00
 -55.021  0.3525E+00  0.4131E+00
 -55.011  0.3532E+00  0.4166E+00
 -55.001  0.3534E+00  0.4201E+00
 -54.991  0.3530E+00  0.4236E+00
 -54.981  0.3520E+00  0.4272E+00
 -54.971  0.3505E+00  0.4307E+00
 -54.961  0.3485E+00  0.4342E+00
 -54.951  0.3462E+00  0.4376E+00
 -54.941  0.3436E+00  0.4411E+00
 -54.931  0.3410E+00  0.4445E+00
 -54.921  0.3383E+00  0.4478E+00
 -54.911  0.3359E+00  0.4512E+00
 -54.901  0.3337E+00  0.4545E+00
 -54.891  0.3321E+00  0.4579E+00
 -54.881  0.3310E+00  0.4612E+00
 -54.871  0.3305E+00  0.4645E+00
 -54.861  0.3308E+00  0.4678E+00
 -54.851  0.3318E+00  0.4711E+00
 -54.841  0.3334E+00  0.4744E+00
 -54.831  0.3357E+00  0.4778E+00
 -54.821  0.3386E+00  0.4812E+00
 -54.811  0.3418E+00  0.4846E+00
 -54.801  0.3454E+00  0.4881E+00
 -54.791  0.3492E+00  0.4915E+00
 -54.781  0.3530E+00  0.4951E+00
 -54.771  0.3567E+00  0.4986E+00
 -54.761  0.3602E+00  0.5022E+00
 -54.751  0.3634E+00  0.5059E+00
 -54.741  0.3664E+00  0.5095E+00
 -54.731  0.3690E+00  0.5132E+00
 -54.721  0.3713E+00  0.5169E+00
 -54.711  0.3735E+00  0.5207E+00
 -54.701  0.3755E+00  0.5244E+00
 -54.691  0.3774E+00  0.5282E+00
 -54.681  0.3795E+00  0.5320E+00
 -54.671  0.3819E+00  0.5358E+00
 -54.661  0.3846E+00  0.5397E+00
 -54.651  0.3878E+00  0.5435E+00
 -54.641  0.3916E+00  0.5475E+00
 -54.631  0.3961E+00  0.5514E+00
 -54.621  0.4014E+00  0.5554E+00
 -54.611  0.4074E+00  0.5595E+00
 -54.601  0.4142E+00  0.5637E+00
 -54.591  0.4217E+00  0.5679E+00
 -54.581  0.4300E+00  0.5722E+00
 -54.571  0.4389E+00  0.5766E+00
 -54.561  0.4484E+00  0.5810E+00
 -54.551  0.4583E+00  0.5856E+00
 -54.541  0.4686E+00  0.5903E+00
 -54.531  0.4791E+00  0.5951E+00
 -54.521  0.4898E+00  0.6000E+00
 -54.511  0.5004E+00  0.6050E+00
 -54.501  0.5110E+00  0.6101E+00
 -54.491  0.5214E+00  0.6153E+00
 -54.481  0.5314E+00  0.6206E+00
 -54.471  0.5411E+00  0.6261E+00
 -54.461  0.5501E+00  0.6316E+00
 -54.451  0.5586E+00  0.6371E+00
 -54.441  0.5664E+00  0.6428E+00
 -54.431  0.5734E+00  0.6485E+00
 -54.421  0.5796E+00  0.6543E+00
 -54.411  0.5850E+00  0.6602E+00
 -54.401  0.5896E+00  0.6661E+00
 -54.391  0.5933E+00  0.6720E+00
 -54.381  0.5962E+00  0.6780E+00
 -54.371  0.5984E+00  0.6840E+00
 -54.361  0.5999E+00  0.6900E+00
 -54.351  0.6007E+00  0.6960E+00
 -54.341  0.6011E+00  0.7020E+00
 -54.331  0.6010E+00  0.7080E+00
 -54.321  0.6005E+00  0.7140E+00
 -54.311  0.5997E+00  0.7200E+00
 -54.301  0.5988E+00  0.7260E+00
 -54.291  0.5977E+00  0.7320E+00
 -54.281  0.5965E+00  0.7379E+00
 -54.271  0.5953E+00  0.7439E+00
 -54.261  0.5941E+00  0.7498E+00
 -54.251  0.5930E+00  0.7557E+00
 -54.241  0.5919E+00  0.7617E+00
 -54.231  0.5910E+00  0.7676E+00
 -54.221  0.5902E+00  0.7735E+00
 -54.211  0.5896E+00  0.7794E+00
 -54.201  0.5892E+00  0.7853E+00
 -54.191  0.5889E+00  0.7912E+00
 -54.181  0.5889E+00  0.7970E+00
 -54.171  0.5891E+00  0.8029E+00
 -54.161  0.5895E+00  0.8088E+00
 -54.151  0.5901E+00  0.8147E+00
 -54.141  0.5909E+00  0.8206E+00
 -54.131  0.5918E+00  0.8266E+00
 -54.121  0.5929E+00  0.8325E+00
 -54.111  0.5941E+00  0.8384E+00
 -54.101  0.5954E+00  0.8444E+00
 -54.091  0.5966E+00  0.8503E+00
 -54.081  0.5978E+00  0.8563E+00
 -54.071  0.5988E+00  0.8623E+00
 -54.061  0.5997E+00  0.8683E+00
 -54.051  0.6003E+00  0.8743E+00
 -54.041  0.6007E+00  0.8803E+00
 -54.031  0.6006E+00  0.8863E+00
 -54.021  0.6002E+00  0.8923E+00
 -54.011  0.5993E+00  0.8983E+00
 -54.001  0.5981E+00  0.9043E+00
 -53.991  0.5963E+00  0.9103E+00
 -53.981  0.5942E+00  0.9162E+00
 -53.971  0.5918E+00  0.9221E+00
 -53.961  0.5890E+00  0.9280E+00
 -53.951  0.5861E+00  0.9339E+00
 -53.941  0.5830E+00  0.9397E+00
 -53.931  0.5799E+00  0.9455E+00
 -53.921  0.5768E+00  0.9513E+00
 -53.911  0.5740E+00  0.9570E+00
 -53.901  0.5714E+00  0.9627E+00
 -53.891  0.5691E+00  0.9684E+00
 -53.881  0.5673E+00  0.9741E+00
 -53.871  0.5659E+00  0.9797E+00
 -53.861  0.5649E+00  0.9854E+00
 -53.851  0.5643E+00  0.9910E+00
 -53.841  0.5640E+00  0.9967E+00
 -53.831  0.5641E+00  0.1002E+01
 -53.821  0.5643E+00  0.1008E+01
 -53.811  0.5647E+00  0.1014E+01
 -53.801  0.5650E+00  0.1019E+01
 -53.791  0.5652E+00  0.1025E+01
 -53.781  0.5652E+00  0.1031E+01
 -53.771  0.5649E+00  0.1036E+01
 -53.761  0.5642E+00  0.1042E+01
 -53.751  0.5631E+00  0.1047E+01
 -53.741  0.5616E+00  0.1053E+01
 -53.731  0.5597E+00  0.1059E+01
 -53.721  0.5575E+00  0.1064E+01
 -53.711  0.5550E+00  0.1070E+01
 -53.701  0.5523E+00  0.1075E+01
 -53.691  0.5496E+00  0.1081E+01
 -53.681  0.5469E+00  0.1086E+01
 -53.671  0.5444E+00  0.1092E+01
 -53.661  0.5422E+00  0.1097E+01
 -53.651  0.5405E+00  0.1103E+01
 -53.641  0.5393E+00  0.1108E+01
 -53.631  0.5388E+00  0.1113E+01
 -53.621  0.5391E+00  0.1119E+01
 -53.611  0.5401E+00  0.1124E+01
 -53.601  0.5420E+00  0.1130E+01
 -53.591  0.5447E+00  0.1135E+01
 -53.581  0.5481E+00  0.1141E+01
 -53.571  0.5522E+00  0.1146E+01
 -53.561  0.5568E+00  0.1152E+01
 -53.551  0.5619E+00  0.1157E+01
 -53.541  0.5672E+00  0.1163E+01
 -53.531  0.5725E+00  0.1169E+01
 -53.521  0.5777E+00  0.1174E+01
 -53.511  0.5824E+00  0.1180E+01
 -53.501  0.5866E+00  0.1186E+01
 -53.491  0.5900E+00  0.1192E+01
 -53.481  0.5925E+00  0.1198E+01
 -53.471  0.5939E+00  0.1204E+01
 -53.461  0.5942E+00  0.1210E+01
 -53.451  0.5932E+00  0.1216E+01
 -53.441  0.5910E+00  0.1222E+01
 -53.431  0.5877E+00  0.1228E+01
 -53.421  0.5832E+00  0.1233E+01
 -53.411  0.5778E+00  0.1239E+01
 -53.401  0.5716E+00  0.1245E+01
 -53.391  0.5647E+00  0.1250E+01
 -53.381  0.5575E+00  0.1256E+01
 -53.371  0.5501E+00  0.1262E+01
 -53.361  0.5427E+00  0.1267E+01
 -53.351  0.5357E+00  0.1272E+01
 -53.341  0.5292E+00  0.1278E+01
 -53.331  0.5235E+00  0.1283E+01
 -53.321  0.5188E+00  0.1288E+01
 -53.311  0.5152E+00  0.1293E+01
 -53.301  0.5128E+00  0.1298E+01
 -53.291  0.5118E+00  0.1303E+01
 -53.281  0.5123E+00  0.1309E+01
 -53.271  0.5141E+00  0.1314E+01
 -53.261  0.5174E+00  0.1319E+01
 -53.251  0.5218E+00  0.1324E+01
 -53.241  0.5274E+00  0.1329E+01
 -53.231  0.5339E+00  0.1335E+01
 -53.221  0.5410E+00  0.1340E+01
 -53.211  0.5484E+00  0.1346E+01
 -53.201  0.5559E+00  0.1351E+01
 -53.191  0.5631E+00  0.1357E+01
 -53.181  0.5696E+00  0.1363E+01
 -53.171  0.5753E+00  0.1368E+01
 -53.161  0.5797E+00  0.1374E+01
 -53.151  0.5827E+00  0.1380E+01
 -53.141  0.5842E+00  0.1386E+01
 -53.131  0.5840E+00  0.1392E+01
 -53.121  0.5820E+00  0.1397E+01
 -53.111  0.5785E+00  0.1403E+01
 -53.101  0.5734E+00  0.1409E+01
 -53.091  0.5669E+00  0.1415E+01
 -53.081  0.5594E+00  0.1420E+01
 -53.071  0.5510E+00  0.1426E+01
 -53.061  0.5422E+00  0.1431E+01
 -53.051  0.5332E+00  0.1436E+01
 -53.041  0.5245E+00  0.1442E+01
 -53.031  0.5163E+00  0.1447E+01
 -53.021  0.5090E+00  0.1452E+01
 -53.011  0.5028E+00  0.1457E+01
 -53.001  0.4980E+00  0.1462E+01
 -52.991  0.4948E+00  0.1467E+01
 -52.981  0.4934E+00  0.1472E+01
 -52.971  0.4937E+00  0.1477E+01
 -52.961  0.4959E+00  0.1482E+01
 -52.951  0.4998E+00  0.1487E+01
 -52.941  0.5055E+00  0.1492E+01
 -52.931  0.5127E+00  0.1497E+01
 -52.921  0.5214E+00  0.1502E+01
 -52.911  0.5312E+00  0.1507E+01
 -52.901  0.5419E+00  0.1513E+01
 -52.891  0.5533E+00  0.1518E+01
 -52.881  0.5651E+00  0.1524E+01
 -52.871  0.5769E+00  0.1530E+01
 -52.861  0.5884E+00  0.1536E+01
 -52.851  0.5993E+00  0.1542E+01
 -52.841  0.6093E+00  0.1548E+01
 -52.831  0.6181E+00  0.1554E+01
 -52.821  0.6254E+00  0.1560E+01
 -52.811  0.6310E+00  0.1567E+01
 -52.801  0.6347E+00  0.1573E+01
 -52.791  0.6364E+00  0.1579E+01
 -52.781  0.6360E+00  0.1586E+01
 -52.771  0.6335E+00  0.1592E+01
 -52.761  0.6290E+00  0.1598E+01
 -52.751  0.6226E+00  0.1604E+01
 -52.741  0.6144E+00  0.1611E+01
 -52.731  0.6047E+00  0.1617E+01
 -52.721  0.5939E+00  0.1623E+01
 -52.711  0.5823E+00  0.1628E+01
 -52.701  0.5701E+00  0.1634E+01
 -52.691  0.5579E+00  0.1640E+01
 -52.681  0.5460E+00  0.1645E+01
 -52.671  0.5348E+00  0.1650E+01
 -52.661  0.5247E+00  0.1656E+01
 -52.651  0.5160E+00  0.1661E+01
 -52.641  0.5089E+00  0.1666E+01
 -52.631  0.5038E+00  0.1671E+01
 -52.621  0.5008E+00  0.1676E+01
 -52.611  0.5001E+00  0.1681E+01
 -52.601  0.5016E+00  0.1686E+01
 -52.591  0.5055E+00  0.1691E+01
 -52.581  0.5117E+00  0.1696E+01
 -52.571  0.5200E+00  0.1701E+01
 -52.561  0.5304E+00  0.1707E+01
 -52.551  0.5426E+00  0.1712E+01
 -52.541  0.5565E+00  0.1718E+01
 -52.531  0.5717E+00  0.1723E+01
 -52.521  0.5881E+00  0.1729E+01
 -52.511  0.6053E+00  0.1735E+01
 -52.501  0.6232E+00  0.1742E+01
 -52.491  0.6413E+00  0.1748E+01
 -52.481  0.6596E+00  0.1755E+01
 -52.471  0.6776E+00  0.1761E+01
 -52.461  0.6952E+00  0.1768E+01
 -52.451  0.7120E+00  0.1775E+01
 -52.441  0.7279E+00  0.1783E+01
 -52.431  0.7425E+00  0.1790E+01
 -52.421  0.7557E+00  0.1798E+01
 -52.411  0.7673E+00  0.1805E+01
 -52.401  0.7771E+00  0.1813E+01
 -52.391  0.7849E+00  0.1821E+01
 -52.381  0.7908E+00  0.1829E+01
 -52.371  0.7945E+00  0.1837E+01
 -52.361  0.7961E+00  0.1845E+01
 -52.351  0.7957E+00  0.1853E+01
 -52.341  0.7933E+00  0.1861E+01
 -52.331  0.7891E+00  0.1869E+01
 -52.321  0.7833E+00  0.1876E+01
 -52.311  0.7760E+00  0.1884E+01
 -52.301  0.7674E+00  0.1892E+01
 -52.291  0.7580E+00  0.1899E+01
 -52.281  0.7479E+00  0.1907E+01
 -52.271  0.7373E+00  0.1914E+01
 -52.261  0.7266E+00  0.1922E+01
 -52.251  0.7160E+00  0.1929E+01
 -52.241  0.7055E+00  0.1936E+01
 -52.231  0.6954E+00  0.1943E+01
 -52.221  0.6858E+00  0.1950E+01
 -52.211  0.6767E+00  0.1956E+01
 -52.201  0.6680E+00  0.1963E+01
 -52.191  0.6598E+00  0.1970E+01
 -52.181  0.6518E+00  0.1976E+01
 -52.171  0.6440E+00  0.1983E+01
 -52.161  0.6363E+00  0.1989E+01
 -52.151  0.6283E+00  0.1995E+01
 -52.141  0.6199E+00  0.2001E+01
 -52.131  0.6109E+00  0.2008E+01
 -52.121  0.6012E+00  0.2014E+01
 -52.111  0.5906E+00  0.2019E+01
 -52.101  0.5790E+00  0.2025E+01
 -52.091  0.5662E+00  0.2031E+01
 -52.081  0.5523E+00  0.2036E+01
 -52.071  0.5374E+00  0.2042E+01
 -52.061  0.5214E+00  0.2047E+01
 -52.051  0.5045E+00  0.2052E+01
 -52.041  0.4869E+00  0.2057E+01
 -52.031  0.4687E+00  0.2062E+01
 -52.021  0.4503E+00  0.2066E+01
 -52.011  0.4318E+00  0.2070E+01
 -52.001  0.4135E+00  0.2075E+01
 -51.991  0.3956E+00  0.2079E+01
 -51.981  0.3785E+00  0.2082E+01
 -51.971  0.3622E+00  0.2086E+01
 -51.961  0.3470E+00  0.2089E+01
 -51.951  0.3330E+00  0.2093E+01
 -51.941  0.3204E+00  0.2096E+01
 -51.931  0.3091E+00  0.2099E+01
 -51.921  0.2993E+00  0.2102E+01
 -51.911  0.2910E+00  0.2105E+01
 -51.901  0.2840E+00  0.2108E+01
 -51.891  0.2785E+00  0.2111E+01
 -51.881  0.2743E+00  0.2113E+01
 -51.871  0.2713E+00  0.2116E+01
 -51.861  0.2696E+00  0.2119E+01
 -51.851  0.2690E+00  0.2121E+01
 -51.841  0.2695E+00  0.2124E+01
 -51.831  0.2710E+00  0.2127E+01
 -51.821  0.2734E+00  0.2130E+01
 -51.811  0.2768E+00  0.2132E+01
 -51.801  0.2811E+00  0.2135E+01
 -51.791  0.2863E+00  0.2138E+01
 -51.781  0.2922E+00  0.2141E+01
 -51.771  0.2989E+00  0.2144E+01
 -51.761  0.3062E+00  0.2147E+01
 -51.751  0.3142E+00  0.2150E+01
 -51.741  0.3228E+00  0.2153E+01
 -51.731  0.3318E+00  0.2157E+01
 -51.721  0.3413E+00  0.2160E+01
 -51.711  0.3511E+00  0.2164E+01
 -51.701  0.3611E+00  0.2167E+01
 -51.691  0.3712E+00  0.2171E+01
 -51.681  0.3814E+00  0.2175E+01
 -51.671  0.3915E+00  0.2179E+01
 -51.661  0.4015E+00  0.2183E+01
 -51.651  0.4113E+00  0.2187E+01
 -51.641  0.4209E+00  0.2191E+01
 -51.631  0.4302E+00  0.2195E+01
 -51.621  0.4391E+00  0.2200E+01
 -51.611  0.4478E+00  0.2204E+01
 -51.601  0.4562E+00  0.2209E+01
 -51.591  0.4642E+00  0.2213E+01
 -51.581  0.4720E+00  0.2218E+01
 -51.571  0.4795E+00  0.2223E+01
 -51.561  0.4868E+00  0.2228E+01
 -51.551  0.4939E+00  0.2233E+01
 -51.541  0.5009E+00  0.2238E+01
 -51.531  0.5078E+00  0.2243E+01
 -51.521  0.5146E+00  0.2248E+01
 -51.511  0.5213E+00  0.2253E+01
 -51.501  0.5281E+00  0.2258E+01
 -51.491  0.5349E+00  0.2264E+01
 -51.481  0.5418E+00  0.2269E+01
 -51.471  0.5488E+00  0.2275E+01
 -51.461  0.5559E+00  0.2280E+01
 -51.451  0.5632E+00  0.2286E+01
 -51.441  0.5707E+00  0.2292E+01
 -51.431  0.5784E+00  0.2297E+01
 -51.421  0.5865E+00  0.2303E+01
 -51.411  0.5947E+00  0.2309E+01
 -51.401  0.6033E+00  0.2315E+01
 -51.391  0.6122E+00  0.2321E+01
 -51.381  0.6213E+00  0.2327E+01
 -51.371  0.6305E+00  0.2334E+01
 -51.361  0.6399E+00  0.2340E+01
 -51.351  0.6492E+00  0.2347E+01
 -51.341  0.6585E+00  0.2353E+01
 -51.331  0.6674E+00  0.2360E+01
 -51.321  0.6758E+00  0.2367E+01
 -51.311  0.6836E+00  0.2374E+01
 -51.301  0.6907E+00  0.2380E+01
 -51.291  0.6967E+00  0.2387E+01
 -51.281  0.7018E+00  0.2394E+01
 -51.271  0.7056E+00  0.2401E+01
 -51.261  0.7083E+00  0.2409E+01
 -51.251  0.7098E+00  0.2416E+01
 -51.241  0.7102E+00  0.2423E+01
 -51.231  0.7095E+00  0.2430E+01
 -51.221  0.7079E+00  0.2437E+01
 -51.211  0.7057E+00  0.2444E+01
 -51.201  0.7031E+00  0.2451E+01
 -51.191  0.7003E+00  0.2458E+01
 -51.181  0.6977E+00  0.2465E+01
 -51.171  0.6955E+00  0.2472E+01
 -51.161  0.6941E+00  0.2479E+01
 -51.151  0.6937E+00  0.2486E+01
 -51.141  0.6946E+00  0.2493E+01
 -51.131  0.6969E+00  0.2500E+01
 -51.121  0.7007E+00  0.2507E+01
 -51.111  0.7062E+00  0.2514E+01
 -51.101  0.7132E+00  0.2521E+01
 -51.091  0.7217E+00  0.2528E+01
 -51.081  0.7314E+00  0.2535E+01
 -51.071  0.7422E+00  0.2543E+01
 -51.061  0.7537E+00  0.2550E+01
 -51.051  0.7655E+00  0.2558E+01
 -51.041  0.7772E+00  0.2566E+01
 -51.031  0.7884E+00  0.2574E+01
 -51.021  0.7987E+00  0.2582E+01
 -51.011  0.8077E+00  0.2590E+01
 -51.001  0.8150E+00  0.2598E+01
 -50.991  0.8205E+00  0.2606E+01
 -50.981  0.8239E+00  0.2614E+01
 -50.971  0.8251E+00  0.2623E+01
 -50.961  0.8241E+00  0.2631E+01
 -50.951  0.8210E+00  0.2639E+01
 -50.941  0.8160E+00  0.2647E+01
 -50.931  0.8093E+00  0.2655E+01
 -50.921  0.8013E+00  0.2663E+01
 -50.911  0.7922E+00  0.2671E+01
 -50.901  0.7824E+00  0.2679E+01
 -50.891  0.7723E+00  0.2687E+01
 -50.881  0.7622E+00  0.2694E+01
 -50.871  0.7523E+00  0.2702E+01
 -50.861  0.7430E+00  0.2709E+01
 -50.851  0.7344E+00  0.2717E+01
 -50.841  0.7266E+00  0.2724E+01
 -50.831  0.7198E+00  0.2731E+01
 -50.821  0.7140E+00  0.2738E+01
 -50.811  0.7091E+00  0.2745E+01
 -50.801  0.7052E+00  0.2753E+01
 -50.791  0.7022E+00  0.2760E+01
 -50.781  0.7001E+00  0.2767E+01
 -50.771  0.6988E+00  0.2774E+01
 -50.761  0.6982E+00  0.2781E+01
 -50.751  0.6984E+00  0.2788E+01
 -50.741  0.6994E+00  0.2794E+01
 -50.731  0.7010E+00  0.2802E+01
 -50.721  0.7034E+00  0.2809E+01
 -50.711  0.7065E+00  0.2816E+01
 -50.701  0.7102E+00  0.2823E+01
 -50.691  0.7146E+00  0.2830E+01
 -50.681  0.7195E+00  0.2837E+01
 -50.671  0.7249E+00  0.2844E+01
 -50.661  0.7306E+00  0.2852E+01
 -50.651  0.7365E+00  0.2859E+01
 -50.641  0.7424E+00  0.2866E+01
 -50.631  0.7482E+00  0.2874E+01
 -50.621  0.7536E+00  0.2881E+01
 -50.611  0.7585E+00  0.2889E+01
 -50.601  0.7627E+00  0.2897E+01
 -50.591  0.7661E+00  0.2904E+01
 -50.581  0.7685E+00  0.2912E+01
 -50.571  0.7700E+00  0.2920E+01
 -50.561  0.7704E+00  0.2927E+01
 -50.551  0.7698E+00  0.2935E+01
 -50.541  0.7683E+00  0.2943E+01
 -50.531  0.7660E+00  0.2950E+01
 -50.521  0.7629E+00  0.2958E+01
 -50.511  0.7592E+00  0.2966E+01
 -50.501  0.7551E+00  0.2973E+01
 -50.491  0.7508E+00  0.2981E+01
 -50.481  0.7463E+00  0.2988E+01
 -50.471  0.7418E+00  0.2996E+01
 -50.461  0.7374E+00  0.3003E+01
 -50.451  0.7333E+00  0.3010E+01
 -50.441  0.7294E+00  0.3018E+01
 -50.431  0.7258E+00  0.3025E+01
 -50.421  0.7226E+00  0.3032E+01
 -50.411  0.7198E+00  0.3039E+01
 -50.401  0.7172E+00  0.3046E+01
 -50.391  0.7149E+00  0.3054E+01
 -50.381  0.7129E+00  0.3061E+01
 -50.371  0.7111E+00  0.3068E+01
 -50.361  0.7094E+00  0.3075E+01
 -50.351  0.7078E+00  0.3082E+01
 -50.341  0.7063E+00  0.3089E+01
 -50.331  0.7048E+00  0.3096E+01
 -50.321  0.7033E+00  0.3103E+01
 -50.311  0.7019E+00  0.3110E+01
 -50.301  0.7005E+00  0.3117E+01
 -50.291  0.6992E+00  0.3124E+01
 -50.281  0.6979E+00  0.3131E+01
 -50.271  0.6969E+00  0.3138E+01
 -50.261  0.6962E+00  0.3145E+01
 -50.251  0.6958E+00  0.3152E+01
 -50.241  0.6960E+00  0.3159E+01
 -50.231  0.6968E+00  0.3166E+01
 -50.221  0.6983E+00  0.3173E+01
 -50.211  0.7006E+00  0.3180E+01
 -50.201  0.7038E+00  0.3187E+01
 -50.191  0.7081E+00  0.3194E+01
 -50.181  0.7133E+00  0.3201E+01
 -50.171  0.7195E+00  0.3208E+01
 -50.161  0.7267E+00  0.3216E+01
 -50.151  0.7347E+00  0.3223E+01
 -50.141  0.7435E+00  0.3230E+01
 -50.131  0.7528E+00  0.3238E+01
 -50.121  0.7625E+00  0.3246E+01
 -50.111  0.7723E+00  0.3253E+01
 -50.101  0.7820E+00  0.3261E+01
 -50.091  0.7914E+00  0.3269E+01
 -50.081  0.8002E+00  0.3277E+01
 -50.071  0.8082E+00  0.3285E+01
 -50.061  0.8153E+00  0.3293E+01
 -50.051  0.8213E+00  0.3301E+01
 -50.041  0.8260E+00  0.3310E+01
 -50.031  0.8295E+00  0.3318E+01
 -50.021  0.8316E+00  0.3326E+01
 -50.011  0.8325E+00  0.3335E+01
 -50.001  0.8321E+00  0.3343E+01
 -49.991  0.8306E+00  0.3351E+01
 -49.981  0.8281E+00  0.3360E+01
 -49.971  0.8247E+00  0.3368E+01
 -49.961  0.8206E+00  0.3376E+01
 -49.951  0.8159E+00  0.3384E+01
 -49.941  0.8109E+00  0.3392E+01
 -49.931  0.8056E+00  0.3400E+01
 -49.921  0.8001E+00  0.3408E+01
 -49.911  0.7947E+00  0.3416E+01
 -49.901  0.7894E+00  0.3424E+01
 -49.891  0.7842E+00  0.3432E+01
 -49.881  0.7793E+00  0.3440E+01
 -49.871  0.7747E+00  0.3448E+01
 -49.861  0.7704E+00  0.3455E+01
 -49.851  0.7664E+00  0.3463E+01
 -49.841  0.7628E+00  0.3471E+01
 -49.831  0.7595E+00  0.3478E+01
 -49.821  0.7566E+00  0.3486E+01
 -49.811  0.7540E+00  0.3493E+01
 -49.801  0.7518E+00  0.3501E+01
 -49.791  0.7498E+00  0.3508E+01
 -49.781  0.7482E+00  0.3516E+01
 -49.771  0.7469E+00  0.3523E+01
 -49.761  0.7459E+00  0.3531E+01
 -49.751  0.7453E+00  0.3538E+01
 -49.741  0.7449E+00  0.3546E+01
 -49.731  0.7450E+00  0.3553E+01
 -49.721  0.7455E+00  0.3561E+01
 -49.711  0.7464E+00  0.3568E+01
 -49.701  0.7478E+00  0.3575E+01
 -49.691  0.7497E+00  0.3583E+01
 -49.681  0.7522E+00  0.3590E+01
 -49.671  0.7553E+00  0.3598E+01
 -49.661  0.7589E+00  0.3606E+01
 -49.651  0.7632E+00  0.3613E+01
 -49.641  0.7679E+00  0.3621E+01
 -49.631  0.7731E+00  0.3629E+01
 -49.621  0.7787E+00  0.3636E+01
 -49.611  0.7845E+00  0.3644E+01
 -49.601  0.7903E+00  0.3652E+01
 -49.591  0.7960E+00  0.3660E+01
 -49.581  0.8014E+00  0.3668E+01
 -49.571  0.8062E+00  0.3676E+01
 -49.561  0.8102E+00  0.3684E+01
 -49.551  0.8132E+00  0.3692E+01
 -49.541  0.8151E+00  0.3701E+01
 -49.531  0.8156E+00  0.3709E+01
 -49.521  0.8146E+00  0.3717E+01
 -49.511  0.8120E+00  0.3725E+01
 -49.501  0.8078E+00  0.3733E+01
 -49.491  0.8021E+00  0.3741E+01
 -49.481  0.7948E+00  0.3749E+01
 -49.471  0.7862E+00  0.3757E+01
 -49.461  0.7763E+00  0.3765E+01
 -49.451  0.7655E+00  0.3772E+01
 -49.441  0.7540E+00  0.3780E+01
 -49.431  0.7421E+00  0.3787E+01
 -49.421  0.7301E+00  0.3795E+01
 -49.411  0.7185E+00  0.3802E+01
 -49.401  0.7074E+00  0.3809E+01
 -49.391  0.6973E+00  0.3816E+01
 -49.381  0.6884E+00  0.3823E+01
 -49.371  0.6809E+00  0.3830E+01
 -49.361  0.6750E+00  0.3836E+01
 -49.351  0.6708E+00  0.3843E+01
 -49.341  0.6685E+00  0.3850E+01
 -49.331  0.6679E+00  0.3856E+01
 -49.321  0.6689E+00  0.3863E+01
 -49.311  0.6716E+00  0.3870E+01
 -49.301  0.6756E+00  0.3877E+01
 -49.291  0.6808E+00  0.3883E+01
 -49.281  0.6869E+00  0.3890E+01
 -49.271  0.6937E+00  0.3897E+01
 -49.261  0.7008E+00  0.3904E+01
 -49.251  0.7079E+00  0.3911E+01
 -49.241  0.7149E+00  0.3918E+01
 -49.231  0.7214E+00  0.3926E+01
 -49.221  0.7274E+00  0.3933E+01
 -49.211  0.7325E+00  0.3940E+01
 -49.201  0.7367E+00  0.3948E+01
 -49.191  0.7398E+00  0.3955E+01
 -49.181  0.7419E+00  0.3962E+01
 -49.171  0.7428E+00  0.3970E+01
 -49.161  0.7427E+00  0.3977E+01
 -49.151  0.7414E+00  0.3985E+01
 -49.141  0.7390E+00  0.3992E+01
 -49.131  0.7356E+00  0.3999E+01
 -49.121  0.7313E+00  0.4007E+01
 -49.111  0.7261E+00  0.4014E+01
 -49.101  0.7201E+00  0.4021E+01
 -49.091  0.7134E+00  0.4028E+01
 -49.081  0.7061E+00  0.4035E+01
 -49.071  0.6982E+00  0.4042E+01
 -49.061  0.6900E+00  0.4049E+01
 -49.051  0.6814E+00  0.4056E+01
 -49.041  0.6726E+00  0.4063E+01
 -49.031  0.6636E+00  0.4069E+01
 -49.021  0.6547E+00  0.4076E+01
 -49.011  0.6458E+00  0.4082E+01
 -49.001  0.6372E+00  0.4089E+01
 -48.991  0.6288E+00  0.4095E+01
 -48.981  0.6209E+00  0.4101E+01
 -48.971  0.6135E+00  0.4107E+01
 -48.961  0.6066E+00  0.4114E+01
 -48.951  0.6005E+00  0.4120E+01
 -48.941  0.5952E+00  0.4125E+01
 -48.931  0.5908E+00  0.4131E+01
 -48.921  0.5874E+00  0.4137E+01
 -48.911  0.5850E+00  0.4143E+01
 -48.901  0.5839E+00  0.4149E+01
 -48.891  0.5840E+00  0.4155E+01
 -48.881  0.5854E+00  0.4161E+01
 -48.871  0.5882E+00  0.4167E+01
 -48.861  0.5924E+00  0.4172E+01
 -48.851  0.5980E+00  0.4178E+01
 -48.841  0.6050E+00  0.4184E+01
 -48.831  0.6132E+00  0.4191E+01
 -48.821  0.6226E+00  0.4197E+01
 -48.811  0.6330E+00  0.4203E+01
 -48.801  0.6443E+00  0.4210E+01
 -48.791  0.6562E+00  0.4216E+01
 -48.781  0.6685E+00  0.4223E+01
 -48.771  0.6810E+00  0.4230E+01
 -48.761  0.6933E+00  0.4237E+01
 -48.751  0.7053E+00  0.4244E+01
 -48.741  0.7166E+00  0.4251E+01
 -48.731  0.7271E+00  0.4258E+01
 -48.721  0.7364E+00  0.4265E+01
 -48.711  0.7445E+00  0.4273E+01
 -48.701  0.7510E+00  0.4280E+01
 -48.691  0.7559E+00  0.4288E+01
 -48.681  0.7591E+00  0.4296E+01
 -48.671  0.7605E+00  0.4303E+01
 -48.661  0.7600E+00  0.4311E+01
 -48.651  0.7577E+00  0.4318E+01
 -48.641  0.7535E+00  0.4326E+01
 -48.631  0.7475E+00  0.4333E+01
 -48.621  0.7399E+00  0.4341E+01
 -48.611  0.7307E+00  0.4348E+01
 -48.601  0.7200E+00  0.4355E+01
 -48.591  0.7079E+00  0.4362E+01
 -48.581  0.6948E+00  0.4369E+01
 -48.571  0.6807E+00  0.4376E+01
 -48.561  0.6660E+00  0.4383E+01
 -48.551  0.6506E+00  0.4389E+01
 -48.541  0.6351E+00  0.4396E+01
 -48.531  0.6194E+00  0.4402E+01
 -48.521  0.6040E+00  0.4408E+01
 -48.511  0.5890E+00  0.4414E+01
 -48.501  0.5746E+00  0.4419E+01
 -48.491  0.5610E+00  0.4425E+01
 -48.481  0.5485E+00  0.4431E+01
 -48.471  0.5372E+00  0.4436E+01
 -48.461  0.5272E+00  0.4441E+01
 -48.451  0.5188E+00  0.4446E+01
 -48.441  0.5119E+00  0.4452E+01
 -48.431  0.5067E+00  0.4457E+01
 -48.421  0.5032E+00  0.4462E+01
 -48.411  0.5014E+00  0.4467E+01
 -48.401  0.5014E+00  0.4472E+01
 -48.391  0.5031E+00  0.4477E+01
 -48.381  0.5065E+00  0.4482E+01
 -48.371  0.5117E+00  0.4487E+01
 -48.361  0.5184E+00  0.4492E+01
 -48.351  0.5267E+00  0.4497E+01
 -48.341  0.5365E+00  0.4503E+01
 -48.331  0.5478E+00  0.4508E+01
 -48.321  0.5605E+00  0.4514E+01
 -48.311  0.5746E+00  0.4519E+01
 -48.301  0.5899E+00  0.4525E+01
 -48.291  0.6065E+00  0.4531E+01
 -48.281  0.6242E+00  0.4538E+01
 -48.271  0.6431E+00  0.4544E+01
 -48.261  0.6630E+00  0.4551E+01
 -48.251  0.6838E+00  0.4558E+01
 -48.241  0.7055E+00  0.4565E+01
 -48.231  0.7280E+00  0.4572E+01
 -48.221  0.7512E+00  0.4579E+01
 -48.211  0.7749E+00  0.4587E+01
 -48.201  0.7991E+00  0.4595E+01
 -48.191  0.8236E+00  0.4603E+01
 -48.181  0.8482E+00  0.4612E+01
 -48.171  0.8729E+00  0.4621E+01
 -48.161  0.8975E+00  0.4630E+01
 -48.151  0.9218E+00  0.4639E+01
 -48.141  0.9458E+00  0.4648E+01
 -48.131  0.9694E+00  0.4658E+01
 -48.121  0.9924E+00  0.4668E+01
 -48.111  0.1015E+01  0.4678E+01
 -48.101  0.1037E+01  0.4688E+01
 -48.091  0.1058E+01  0.4699E+01
 -48.081  0.1078E+01  0.4710E+01
 -48.071  0.1098E+01  0.4721E+01
 -48.061  0.1117E+01  0.4732E+01
 -48.051  0.1136E+01  0.4743E+01
 -48.041  0.1153E+01  0.4755E+01
 -48.031  0.1171E+01  0.4767E+01
 -48.021  0.1187E+01  0.4778E+01
 -48.011  0.1203E+01  0.4790E+01
 -48.001  0.1218E+01  0.4803E+01
 -47.991  0.1233E+01  0.4815E+01
 -47.981  0.1246E+01  0.4827E+01
 -47.971  0.1259E+01  0.4840E+01
 -47.961  0.1270E+01  0.4853E+01
 -47.951  0.1280E+01  0.4865E+01
 -47.941  0.1288E+01  0.4878E+01
 -47.931  0.1295E+01  0.4891E+01
 -47.921  0.1300E+01  0.4904E+01
 -47.911  0.1302E+01  0.4917E+01
 -47.901  0.1303E+01  0.4930E+01
 -47.891  0.1301E+01  0.4943E+01
 -47.881  0.1296E+01  0.4956E+01
 -47.871  0.1289E+01  0.4969E+01
 -47.861  0.1280E+01  0.4982E+01
 -47.851  0.1268E+01  0.4995E+01
 -47.841  0.1255E+01  0.5007E+01
 -47.831  0.1239E+01  0.5020E+01
 -47.821  0.1222E+01  0.5032E+01
 -47.811  0.1204E+01  0.5044E+01
 -47.801  0.1185E+01  0.5056E+01
 -47.791  0.1165E+01  0.5067E+01
 -47.781  0.1146E+01  0.5079E+01
 -47.771  0.1126E+01  0.5090E+01
 -47.761  0.1107E+01  0.5101E+01
 -47.751  0.1089E+01  0.5112E+01
 -47.741  0.1072E+01  0.5123E+01
 -47.731  0.1057E+01  0.5133E+01
 -47.721  0.1043E+01  0.5144E+01
 -47.711  0.1030E+01  0.5154E+01
 -47.701  0.1020E+01  0.5164E+01
 -47.691  0.1011E+01  0.5174E+01
 -47.681  0.1004E+01  0.5184E+01
 -47.671  0.9991E+00  0.5194E+01
 -47.661  0.9962E+00  0.5204E+01
 -47.651  0.9954E+00  0.5214E+01
 -47.641  0.9967E+00  0.5224E+01
 -47.631  0.1000E+01  0.5234E+01
 -47.621  0.1006E+01  0.5244E+01
 -47.611  0.1013E+01  0.5255E+01
 -47.601  0.1023E+01  0.5265E+01
 -47.591  0.1035E+01  0.5275E+01
 -47.581  0.1049E+01  0.5286E+01
 -47.571  0.1066E+01  0.5296E+01
 -47.561  0.1084E+01  0.5307E+01
 -47.551  0.1104E+01  0.5318E+01
 -47.541  0.1126E+01  0.5329E+01
 -47.531  0.1149E+01  0.5341E+01
 -47.521  0.1174E+01  0.5353E+01
 -47.511  0.1200E+01  0.5365E+01
 -47.501  0.1226E+01  0.5377E+01
 -47.491  0.1253E+01  0.5389E+01
 -47.481  0.1280E+01  0.5402E+01
 -47.471  0.1307E+01  0.5415E+01
 -47.461  0.1333E+01  0.5429E+01
 -47.451  0.1359E+01  0.5442E+01
 -47.441  0.1384E+01  0.5456E+01
 -47.431  0.1407E+01  0.5470E+01
 -47.421  0.1430E+01  0.5484E+01
 -47.411  0.1451E+01  0.5499E+01
 -47.401  0.1472E+01  0.5514E+01
 -47.391  0.1491E+01  0.5529E+01
 -47.381  0.1509E+01  0.5544E+01
 -47.371  0.1526E+01  0.5559E+01
 -47.361  0.1543E+01  0.5574E+01
 -47.351  0.1559E+01  0.5590E+01
 -47.341  0.1575E+01  0.5606E+01
 -47.331  0.1591E+01  0.5622E+01
 -47.321  0.1607E+01  0.5638E+01
 -47.311  0.1623E+01  0.5654E+01
 -47.301  0.1640E+01  0.5670E+01
 -47.291  0.1656E+01  0.5687E+01
 -47.281  0.1674E+01  0.5704E+01
 -47.271  0.1692E+01  0.5720E+01
 -47.261  0.1711E+01  0.5738E+01
 -47.251  0.1730E+01  0.5755E+01
 -47.241  0.1750E+01  0.5772E+01
 -47.231  0.1771E+01  0.5790E+01
 -47.221  0.1793E+01  0.5808E+01
 -47.211  0.1816E+01  0.5826E+01
 -47.201  0.1839E+01  0.5845E+01
 -47.191  0.1863E+01  0.5863E+01
 -47.181  0.1888E+01  0.5882E+01
 -47.171  0.1914E+01  0.5901E+01
 -47.161  0.1940E+01  0.5921E+01
 -47.151  0.1966E+01  0.5940E+01
 -47.141  0.1992E+01  0.5960E+01
 -47.131  0.2018E+01  0.5980E+01
 -47.121  0.2042E+01  0.6001E+01
 -47.111  0.2065E+01  0.6021E+01
 -47.101  0.2086E+01  0.6042E+01
 -47.091  0.2105E+01  0.6063E+01
 -47.081  0.2121E+01  0.6085E+01
 -47.071  0.2134E+01  0.6106E+01
 -47.061  0.2142E+01  0.6127E+01
 -47.051  0.2147E+01  0.6149E+01
 -47.041  0.2147E+01  0.6170E+01
 -47.031  0.2142E+01  0.6192E+01
 -47.021  0.2132E+01  0.6213E+01
 -47.011  0.2118E+01  0.6234E+01
 -47.001  0.2098E+01  0.6255E+01
 -46.991  0.2074E+01  0.6276E+01
 -46.981  0.2046E+01  0.6296E+01
 -46.971  0.2015E+01  0.6317E+01
 -46.961  0.1980E+01  0.6336E+01
 -46.951  0.1943E+01  0.6356E+01
 -46.941  0.1904E+01  0.6375E+01
 -46.931  0.1863E+01  0.6393E+01
 -46.921  0.1823E+01  0.6412E+01
 -46.911  0.1783E+01  0.6430E+01
 -46.901  0.1745E+01  0.6447E+01
 -46.891  0.1708E+01  0.6464E+01
 -46.881  0.1675E+01  0.6481E+01
 -46.871  0.1644E+01  0.6497E+01
 -46.861  0.1618E+01  0.6513E+01
 -46.851  0.1596E+01  0.6529E+01
 -46.841  0.1579E+01  0.6545E+01
 -46.831  0.1566E+01  0.6561E+01
 -46.821  0.1559E+01  0.6576E+01
 -46.811  0.1557E+01  0.6592E+01
 -46.801  0.1560E+01  0.6608E+01
 -46.791  0.1569E+01  0.6623E+01
 -46.781  0.1581E+01  0.6639E+01
 -46.771  0.1598E+01  0.6655E+01
 -46.761  0.1618E+01  0.6671E+01
 -46.751  0.1642E+01  0.6688E+01
 -46.741  0.1668E+01  0.6704E+01
 -46.731  0.1695E+01  0.6721E+01
 -46.721  0.1724E+01  0.6739E+01
 -46.711  0.1754E+01  0.6756E+01
 -46.701  0.1783E+01  0.6774E+01
 -46.691  0.1812E+01  0.6792E+01
 -46.681  0.1839E+01  0.6810E+01
 -46.671  0.1865E+01  0.6829E+01
 -46.661  0.1889E+01  0.6848E+01
 -46.651  0.1911E+01  0.6867E+01
 -46.641  0.1930E+01  0.6886E+01
 -46.631  0.1947E+01  0.6906E+01
 -46.621  0.1960E+01  0.6925E+01
 -46.611  0.1971E+01  0.6945E+01
 -46.601  0.1979E+01  0.6965E+01
 -46.591  0.1983E+01  0.6985E+01
 -46.581  0.1984E+01  0.7005E+01
 -46.571  0.1982E+01  0.7024E+01
 -46.561  0.1977E+01  0.7044E+01
 -46.551  0.1968E+01  0.7064E+01
 -46.541  0.1955E+01  0.7083E+01
 -46.531  0.1939E+01  0.7103E+01
 -46.521  0.1919E+01  0.7122E+01
 -46.511  0.1895E+01  0.7141E+01
 -46.501  0.1867E+01  0.7160E+01
 -46.491  0.1834E+01  0.7178E+01
 -46.481  0.1797E+01  0.7196E+01
 -46.471  0.1757E+01  0.7214E+01
 -46.461  0.1712E+01  0.7231E+01
 -46.451  0.1663E+01  0.7247E+01
 -46.441  0.1610E+01  0.7263E+01
 -46.431  0.1554E+01  0.7279E+01
 -46.421  0.1496E+01  0.7294E+01
 -46.411  0.1435E+01  0.7308E+01
 -46.401  0.1372E+01  0.7322E+01
 -46.391  0.1307E+01  0.7335E+01
 -46.381  0.1243E+01  0.7347E+01
 -46.371  0.1178E+01  0.7359E+01
 -46.361  0.1114E+01  0.7370E+01
 -46.351  0.1052E+01  0.7381E+01
 -46.341  0.9910E+00  0.7391E+01
 -46.331  0.9328E+00  0.7400E+01
 -46.321  0.8774E+00  0.7409E+01
 -46.311  0.8252E+00  0.7417E+01
 -46.301  0.7764E+00  0.7425E+01
 -46.291  0.7310E+00  0.7432E+01
 -46.281  0.6893E+00  0.7439E+01
 -46.271  0.6510E+00  0.7446E+01
 -46.261  0.6162E+00  0.7452E+01
 -46.251  0.5846E+00  0.7458E+01
 -46.241  0.5561E+00  0.7463E+01
 -46.231  0.5304E+00  0.7468E+01
 -46.221  0.5073E+00  0.7474E+01
 -46.211  0.4866E+00  0.7478E+01
 -46.201  0.4680E+00  0.7483E+01
 -46.191  0.4514E+00  0.7488E+01
 -46.181  0.4365E+00  0.7492E+01
 -46.171  0.4232E+00  0.7496E+01
 -46.161  0.4114E+00  0.7500E+01
 -46.151  0.4011E+00  0.7504E+01
 -46.141  0.3920E+00  0.7508E+01
 -46.131  0.3842E+00  0.7512E+01
 -46.121  0.3777E+00  0.7516E+01
 -46.111  0.3723E+00  0.7520E+01
 -46.101  0.3680E+00  0.7523E+01
 -46.091  0.3648E+00  0.7527E+01
 -46.081  0.3626E+00  0.7531E+01
 -46.071  0.3613E+00  0.7534E+01
 -46.061  0.3607E+00  0.7538E+01
 -46.051  0.3608E+00  0.7541E+01
 -46.041  0.3615E+00  0.7545E+01
 -46.031  0.3625E+00  0.7549E+01
 -46.021  0.3639E+00  0.7552E+01
 -46.011  0.3653E+00  0.7556E+01
 -46.001  0.3667E+00  0.7560E+01
 -45.991  0.3681E+00  0.7563E+01
 -45.981  0.3692E+00  0.7567E+01
 -45.971  0.3701E+00  0.7571E+01
 -45.961  0.3707E+00  0.7574E+01
 -45.951  0.3709E+00  0.7578E+01
 -45.941  0.3709E+00  0.7582E+01
 -45.931  0.3705E+00  0.7585E+01
 -45.921  0.3700E+00  0.7589E+01
 -45.911  0.3693E+00  0.7593E+01
 -45.901  0.3685E+00  0.7597E+01
 -45.891  0.3677E+00  0.7600E+01
 -45.881  0.3669E+00  0.7604E+01
 -45.871  0.3663E+00  0.7608E+01
 -45.861  0.3659E+00  0.7611E+01
 -45.851  0.3656E+00  0.7615E+01
 -45.841  0.3656E+00  0.7619E+01
 -45.831  0.3657E+00  0.7622E+01
 -45.821  0.3659E+00  0.7626E+01
 -45.811  0.3663E+00  0.7630E+01
 -45.801  0.3666E+00  0.7633E+01
 -45.791  0.3669E+00  0.7637E+01
 -45.781  0.3670E+00  0.7641E+01
 -45.771  0.3668E+00  0.7644E+01
 -45.761  0.3663E+00  0.7648E+01
 -45.751  0.3654E+00  0.7652E+01
 -45.741  0.3640E+00  0.7655E+01
 -45.731  0.3620E+00  0.7659E+01
 -45.721  0.3595E+00  0.7662E+01
 -45.711  0.3564E+00  0.7666E+01
 -45.701  0.3528E+00  0.7669E+01
 -45.691  0.3487E+00  0.7673E+01
 -45.681  0.3440E+00  0.7676E+01
 -45.671  0.3390E+00  0.7680E+01
 -45.661  0.3337E+00  0.7683E+01
 -45.651  0.3281E+00  0.7686E+01
 -45.641  0.3224E+00  0.7690E+01
 -45.631  0.3167E+00  0.7693E+01
 -45.621  0.3111E+00  0.7696E+01
 -45.611  0.3058E+00  0.7699E+01
 -45.601  0.3007E+00  0.7702E+01
 -45.591  0.2961E+00  0.7705E+01
 -45.581  0.2920E+00  0.7708E+01
 -45.571  0.2884E+00  0.7711E+01
 -45.561  0.2855E+00  0.7714E+01
 -45.551  0.2833E+00  0.7716E+01
 -45.541  0.2818E+00  0.7719E+01
 -45.531  0.2809E+00  0.7722E+01
 -45.521  0.2807E+00  0.7725E+01
 -45.511  0.2809E+00  0.7728E+01
 -45.501  0.2817E+00  0.7730E+01
 -45.491  0.2828E+00  0.7733E+01
 -45.481  0.2842E+00  0.7736E+01
 -45.471  0.2856E+00  0.7739E+01
 -45.461  0.2870E+00  0.7742E+01
 -45.451  0.2881E+00  0.7745E+01
 -45.441  0.2890E+00  0.7748E+01
 -45.431  0.2895E+00  0.7751E+01
 -45.421  0.2895E+00  0.7753E+01
 -45.411  0.2890E+00  0.7756E+01
 -45.401  0.2880E+00  0.7759E+01
 -45.391  0.2866E+00  0.7762E+01
 -45.381  0.2847E+00  0.7765E+01
 -45.371  0.2825E+00  0.7768E+01
 -45.361  0.2801E+00  0.7771E+01
 -45.351  0.2776E+00  0.7773E+01
 -45.341  0.2753E+00  0.7776E+01
 -45.331  0.2733E+00  0.7779E+01
 -45.321  0.2716E+00  0.7782E+01
 -45.311  0.2705E+00  0.7784E+01
 -45.301  0.2699E+00  0.7787E+01
 -45.291  0.2701E+00  0.7790E+01
 -45.281  0.2709E+00  0.7792E+01
 -45.271  0.2723E+00  0.7795E+01
 -45.261  0.2744E+00  0.7798E+01
 -45.251  0.2769E+00  0.7801E+01
 -45.241  0.2798E+00  0.7803E+01
 -45.231  0.2829E+00  0.7806E+01
 -45.221  0.2860E+00  0.7809E+01
 -45.211  0.2890E+00  0.7812E+01
 -45.201  0.2916E+00  0.7815E+01
 -45.191  0.2937E+00  0.7818E+01
 -45.181  0.2953E+00  0.7821E+01
 -45.171  0.2961E+00  0.7824E+01
 -45.161  0.2960E+00  0.7827E+01
 -45.151  0.2951E+00  0.7830E+01
 -45.141  0.2933E+00  0.7833E+01
 -45.131  0.2906E+00  0.7835E+01
 -45.121  0.2870E+00  0.7838E+01
 -45.111  0.2825E+00  0.7841E+01
 -45.101  0.2773E+00  0.7844E+01
 -45.091  0.2714E+00  0.7847E+01
 -45.081  0.2648E+00  0.7849E+01
 -45.071  0.2577E+00  0.7852E+01
 -45.061  0.2501E+00  0.7854E+01
 -45.051  0.2421E+00  0.7857E+01
 -45.041  0.2338E+00  0.7859E+01
 -45.031  0.2252E+00  0.7861E+01
 -45.021  0.2164E+00  0.7864E+01
 -45.011  0.2075E+00  0.7866E+01
 -45.001  0.1985E+00  0.7868E+01
 -44.991  0.1897E+00  0.7870E+01
 -44.981  0.1809E+00  0.7871E+01
 -44.971  0.1724E+00  0.7873E+01
 -44.961  0.1642E+00  0.7875E+01
 -44.951  0.1564E+00  0.7876E+01
 -44.941  0.1491E+00  0.7878E+01
 -44.931  0.1425E+00  0.7879E+01
 -44.921  0.1367E+00  0.7881E+01
 -44.911  0.1316E+00  0.7882E+01
 -44.901  0.1274E+00  0.7883E+01
 -44.891  0.1242E+00  0.7884E+01
 -44.881  0.1219E+00  0.7886E+01
 -44.871  0.1206E+00  0.7887E+01
 -44.861  0.1203E+00  0.7888E+01
 -44.851  0.1209E+00  0.7889E+01
 -44.841  0.1223E+00  0.7890E+01
 -44.831  0.1246E+00  0.7892E+01
 -44.821  0.1275E+00  0.7893E+01
 -44.811  0.1310E+00  0.7894E+01
 -44.801  0.1350E+00  0.7896E+01
 -44.791  0.1392E+00  0.7897E+01
 -44.781  0.1436E+00  0.7898E+01
 -44.771  0.1480E+00  0.7900E+01
 -44.761  0.1523E+00  0.7901E+01
 -44.751  0.1563E+00  0.7903E+01
 -44.741  0.1599E+00  0.7905E+01
 -44.731  0.1631E+00  0.7906E+01
 -44.721  0.1657E+00  0.7908E+01
 -44.711  0.1676E+00  0.7910E+01
 -44.701  0.1688E+00  0.7911E+01
 -44.691  0.1693E+00  0.7913E+01
 -44.681  0.1691E+00  0.7915E+01
 -44.671  0.1681E+00  0.7916E+01
 -44.661  0.1663E+00  0.7918E+01
 -44.651  0.1639E+00  0.7920E+01
 -44.641  0.1608E+00  0.7921E+01
 -44.631  0.1571E+00  0.7923E+01
 -44.621  0.1530E+00  0.7924E+01
 -44.611  0.1484E+00  0.7926E+01
 -44.601  0.1434E+00  0.7927E+01
 -44.591  0.1383E+00  0.7929E+01
 -44.581  0.1329E+00  0.7930E+01
 -44.571  0.1276E+00  0.7931E+01
 -44.561  0.1223E+00  0.7932E+01
 -44.551  0.1171E+00  0.7934E+01
 -44.541  0.1121E+00  0.7935E+01
 -44.531  0.1074E+00  0.7936E+01
 -44.521  0.1031E+00  0.7937E+01
 -44.511  0.9912E-01  0.7938E+01
 -44.501  0.9562E-01  0.7939E+01
 -44.491  0.9260E-01  0.7940E+01
 -44.481  0.9009E-01  0.7941E+01
 -44.471  0.8810E-01  0.7942E+01
 -44.461  0.8664E-01  0.7942E+01
 -44.451  0.8573E-01  0.7943E+01
 -44.441  0.8535E-01  0.7944E+01
 -44.431  0.8550E-01  0.7945E+01
 -44.421  0.8618E-01  0.7946E+01
 -44.411  0.8736E-01  0.7947E+01
 -44.401  0.8903E-01  0.7948E+01
 -44.391  0.9115E-01  0.7948E+01
 -44.381  0.9371E-01  0.7949E+01
 -44.371  0.9666E-01  0.7950E+01
 -44.361  0.9996E-01  0.7951E+01
 -44.351  0.1036E+00  0.7952E+01
 -44.341  0.1074E+00  0.7953E+01
 -44.331  0.1114E+00  0.7955E+01
 -44.321  0.1155E+00  0.7956E+01
 -44.311  0.1196E+00  0.7957E+01
 -44.301  0.1237E+00  0.7958E+01
 -44.291  0.1276E+00  0.7959E+01
 -44.281  0.1312E+00  0.7961E+01
 -44.271  0.1346E+00  0.7962E+01
 -44.261  0.1375E+00  0.7963E+01
 -44.251  0.1399E+00  0.7965E+01
 -44.241  0.1417E+00  0.7966E+01
 -44.231  0.1429E+00  0.7968E+01
 -44.221  0.1434E+00  0.7969E+01
 -44.211  0.1431E+00  0.7971E+01
 -44.201  0.1422E+00  0.7972E+01
 -44.191  0.1404E+00  0.7973E+01
 -44.181  0.1380E+00  0.7975E+01
 -44.171  0.1349E+00  0.7976E+01
 -44.161  0.1311E+00  0.7977E+01
 -44.151  0.1268E+00  0.7979E+01
 -44.141  0.1220E+00  0.7980E+01
 -44.131  0.1168E+00  0.7981E+01
 -44.121  0.1114E+00  0.7982E+01
 -44.111  0.1058E+00  0.7983E+01
 -44.101  0.1003E+00  0.7984E+01
 -44.091  0.9493E-01  0.7985E+01
 -44.081  0.8987E-01  0.7986E+01
 -44.071  0.8526E-01  0.7987E+01
 -44.061  0.8125E-01  0.7988E+01
 -44.051  0.7797E-01  0.7989E+01
 -44.041  0.7556E-01  0.7989E+01
 -44.031  0.7413E-01  0.7990E+01
 -44.021  0.7379E-01  0.7991E+01
 -44.011  0.7464E-01  0.7992E+01
 -44.001  0.7673E-01  0.7992E+01
 -43.991  0.8013E-01  0.7993E+01
 -43.981  0.8486E-01  0.7994E+01
 -43.971  0.9090E-01  0.7995E+01
 -43.961  0.9824E-01  0.7996E+01
 -43.951  0.1068E+00  0.7997E+01
 -43.941  0.1165E+00  0.7998E+01
 -43.931  0.1273E+00  0.7999E+01
 -43.921  0.1390E+00  0.8001E+01
 -43.911  0.1513E+00  0.8002E+01
 -43.901  0.1643E+00  0.8004E+01
 -43.891  0.1776E+00  0.8006E+01
 -43.881  0.1911E+00  0.8008E+01
 -43.871  0.2045E+00  0.8010E+01
 -43.861  0.2177E+00  0.8012E+01
 -43.851  0.2304E+00  0.8014E+01
 -43.841  0.2424E+00  0.8017E+01
 -43.831  0.2537E+00  0.8019E+01
 -43.821  0.2640E+00  0.8022E+01
 -43.811  0.2732E+00  0.8024E+01
 -43.801  0.2813E+00  0.8027E+01
 -43.791  0.2882E+00  0.8030E+01
 -43.781  0.2939E+00  0.8033E+01
 -43.771  0.2983E+00  0.8036E+01
 -43.761  0.3017E+00  0.8039E+01
 -43.751  0.3040E+00  0.8042E+01
 -43.741  0.3053E+00  0.8045E+01
 -43.731  0.3058E+00  0.8048E+01
 -43.721  0.3056E+00  0.8051E+01
 -43.711  0.3050E+00  0.8054E+01
 -43.701  0.3040E+00  0.8057E+01
 -43.691  0.3029E+00  0.8060E+01
 -43.681  0.3018E+00  0.8063E+01
 -43.671  0.3009E+00  0.8066E+01
 -43.661  0.3003E+00  0.8069E+01
 -43.651  0.3002E+00  0.8072E+01
 -43.641  0.3007E+00  0.8075E+01
 -43.631  0.3018E+00  0.8078E+01
 -43.621  0.3037E+00  0.8082E+01
 -43.611  0.3063E+00  0.8085E+01
 -43.601  0.3098E+00  0.8088E+01
 -43.591  0.3140E+00  0.8091E+01
 -43.581  0.3191E+00  0.8094E+01
 -43.571  0.3248E+00  0.8097E+01
 -43.561  0.3314E+00  0.8101E+01
 -43.551  0.3386E+00  0.8104E+01
 -43.541  0.3465E+00  0.8107E+01
 -43.531  0.3550E+00  0.8111E+01
 -43.521  0.3643E+00  0.8115E+01
 -43.511  0.3742E+00  0.8118E+01
 -43.501  0.3849E+00  0.8122E+01
 -43.491  0.3964E+00  0.8126E+01
 -43.481  0.4088E+00  0.8130E+01
 -43.471  0.4222E+00  0.8134E+01
 -43.461  0.4367E+00  0.8139E+01
 -43.451  0.4524E+00  0.8143E+01
 -43.441  0.4695E+00  0.8148E+01
 -43.431  0.4879E+00  0.8153E+01
 -43.421  0.5078E+00  0.8158E+01
 -43.411  0.5292E+00  0.8163E+01
 -43.401  0.5520E+00  0.8169E+01
 -43.391  0.5763E+00  0.8175E+01
 -43.381  0.6018E+00  0.8181E+01
 -43.371  0.6285E+00  0.8187E+01
 -43.361  0.6560E+00  0.8193E+01
 -43.351  0.6841E+00  0.8200E+01
 -43.341  0.7123E+00  0.8207E+01
 -43.331  0.7404E+00  0.8215E+01
 -43.321  0.7678E+00  0.8223E+01
 -43.311  0.7941E+00  0.8230E+01
 -43.301  0.8188E+00  0.8239E+01
 -43.291  0.8415E+00  0.8247E+01
 -43.281  0.8618E+00  0.8256E+01
 -43.271  0.8791E+00  0.8264E+01
 -43.261  0.8933E+00  0.8273E+01
 -43.251  0.9040E+00  0.8282E+01
 -43.241  0.9109E+00  0.8292E+01
 -43.231  0.9142E+00  0.8301E+01
 -43.221  0.9136E+00  0.8310E+01
 -43.211  0.9092E+00  0.8319E+01
 -43.201  0.9013E+00  0.8328E+01
 -43.191  0.8901E+00  0.8337E+01
 -43.181  0.8758E+00  0.8346E+01
 -43.171  0.8588E+00  0.8354E+01
 -43.161  0.8396E+00  0.8363E+01
 -43.151  0.8185E+00  0.8371E+01
 -43.141  0.7961E+00  0.8379E+01
 -43.131  0.7728E+00  0.8386E+01
 -43.121  0.7490E+00  0.8394E+01
 -43.111  0.7250E+00  0.8401E+01
 -43.101  0.7014E+00  0.8408E+01
 -43.091  0.6784E+00  0.8415E+01
 -43.081  0.6562E+00  0.8422E+01
 -43.071  0.6351E+00  0.8428E+01
 -43.061  0.6153E+00  0.8434E+01
 -43.051  0.5969E+00  0.8440E+01
 -43.041  0.5801E+00  0.8446E+01
 -43.031  0.5649E+00  0.8451E+01
 -43.021  0.5513E+00  0.8457E+01
 -43.011  0.5394E+00  0.8462E+01
 -43.001  0.5292E+00  0.8468E+01
 -42.991  0.5208E+00  0.8473E+01
 -42.981  0.5140E+00  0.8478E+01
 -42.971  0.5090E+00  0.8483E+01
 -42.961  0.5056E+00  0.8488E+01
 -42.951  0.5038E+00  0.8493E+01
 -42.941  0.5037E+00  0.8498E+01
 -42.931  0.5050E+00  0.8503E+01
 -42.921  0.5077E+00  0.8508E+01
 -42.911  0.5116E+00  0.8513E+01
 -42.901  0.5168E+00  0.8519E+01
 -42.891  0.5229E+00  0.8524E+01
 -42.881  0.5297E+00  0.8529E+01
 -42.871  0.5372E+00  0.8535E+01
 -42.861  0.5452E+00  0.8540E+01
 -42.851  0.5533E+00  0.8546E+01
 -42.841  0.5615E+00  0.8551E+01
 -42.831  0.5696E+00  0.8557E+01
 -42.821  0.5774E+00  0.8563E+01
 -42.811  0.5849E+00  0.8568E+01
 -42.801  0.5919E+00  0.8574E+01
 -42.791  0.5986E+00  0.8580E+01
 -42.781  0.6048E+00  0.8586E+01
 -42.771  0.6106E+00  0.8593E+01
 -42.761  0.6162E+00  0.8599E+01
 -42.751  0.6215E+00  0.8605E+01
 -42.741  0.6269E+00  0.8611E+01
 -42.731  0.6323E+00  0.8617E+01
 -42.721  0.6380E+00  0.8624E+01
 -42.711  0.6441E+00  0.8630E+01
 -42.701  0.6506E+00  0.8637E+01
 -42.691  0.6576E+00  0.8643E+01
 -42.681  0.6652E+00  0.8650E+01
 -42.671  0.6734E+00  0.8657E+01
 -42.661  0.6820E+00  0.8664E+01
 -42.651  0.6910E+00  0.8671E+01
 -42.641  0.7003E+00  0.8678E+01
 -42.631  0.7095E+00  0.8685E+01
 -42.621  0.7187E+00  0.8692E+01
 -42.611  0.7274E+00  0.8699E+01
 -42.601  0.7354E+00  0.8706E+01
 -42.591  0.7425E+00  0.8714E+01
 -42.581  0.7486E+00  0.8721E+01
 -42.571  0.7533E+00  0.8729E+01
 -42.561  0.7565E+00  0.8736E+01
 -42.551  0.7582E+00  0.8744E+01
 -42.541  0.7583E+00  0.8752E+01
 -42.531  0.7568E+00  0.8759E+01
 -42.521  0.7538E+00  0.8767E+01
 -42.511  0.7495E+00  0.8774E+01
 -42.501  0.7441E+00  0.8782E+01
 -42.491  0.7378E+00  0.8789E+01
 -42.481  0.7310E+00  0.8796E+01
 -42.471  0.7240E+00  0.8804E+01
 -42.461  0.7171E+00  0.8811E+01
 -42.451  0.7108E+00  0.8818E+01
 -42.441  0.7053E+00  0.8825E+01
 -42.431  0.7009E+00  0.8832E+01
 -42.421  0.6979E+00  0.8839E+01
 -42.411  0.6966E+00  0.8846E+01
 -42.401  0.6971E+00  0.8853E+01
 -42.391  0.6994E+00  0.8860E+01
 -42.381  0.7036E+00  0.8867E+01
 -42.371  0.7098E+00  0.8874E+01
 -42.361  0.7177E+00  0.8881E+01
 -42.351  0.7273E+00  0.8888E+01
 -42.341  0.7383E+00  0.8896E+01
 -42.331  0.7506E+00  0.8903E+01
 -42.321  0.7639E+00  0.8911E+01
 -42.311  0.7779E+00  0.8919E+01
 -42.301  0.7923E+00  0.8927E+01
 -42.291  0.8070E+00  0.8935E+01
 -42.281  0.8217E+00  0.8943E+01
 -42.271  0.8362E+00  0.8951E+01
 -42.261  0.8503E+00  0.8960E+01
 -42.251  0.8638E+00  0.8968E+01
 -42.241  0.8767E+00  0.8977E+01
 -42.231  0.8890E+00  0.8986E+01
 -42.221  0.9004E+00  0.8995E+01
 -42.211  0.9111E+00  0.9004E+01
 -42.201  0.9211E+00  0.9013E+01
 -42.191  0.9303E+00  0.9023E+01
 -42.181  0.9388E+00  0.9032E+01
 -42.171  0.9467E+00  0.9042E+01
 -42.161  0.9539E+00  0.9051E+01
 -42.151  0.9605E+00  0.9061E+01
 -42.141  0.9665E+00  0.9070E+01
 -42.131  0.9718E+00  0.9080E+01
 -42.121  0.9764E+00  0.9090E+01
 -42.111  0.9802E+00  0.9100E+01
 -42.101  0.9832E+00  0.9109E+01
 -42.091  0.9853E+00  0.9119E+01
 -42.081  0.9865E+00  0.9129E+01
 -42.071  0.9866E+00  0.9139E+01
 -42.061  0.9856E+00  0.9149E+01
 -42.051  0.9837E+00  0.9159E+01
 -42.041  0.9807E+00  0.9169E+01
 -42.031  0.9768E+00  0.9178E+01
 -42.021  0.9721E+00  0.9188E+01
 -42.011  0.9667E+00  0.9198E+01
 -42.001  0.9609E+00  0.9207E+01
 -41.991  0.9550E+00  0.9217E+01
 -41.981  0.9491E+00  0.9226E+01
 -41.971  0.9434E+00  0.9236E+01
 -41.961  0.9384E+00  0.9245E+01
 -41.951  0.9341E+00  0.9255E+01
 -41.941  0.9307E+00  0.9264E+01
 -41.931  0.9286E+00  0.9273E+01
 -41.921  0.9276E+00  0.9282E+01
 -41.911  0.9279E+00  0.9292E+01
 -41.901  0.9295E+00  0.9301E+01
 -41.891  0.9323E+00  0.9310E+01
 -41.881  0.9362E+00  0.9320E+01
 -41.871  0.9411E+00  0.9329E+01
 -41.861  0.9467E+00  0.9339E+01
 -41.851  0.9528E+00  0.9348E+01
 -41.841  0.9593E+00  0.9358E+01
 -41.831  0.9659E+00  0.9367E+01
 -41.821  0.9723E+00  0.9377E+01
 -41.811  0.9785E+00  0.9387E+01
 -41.801  0.9842E+00  0.9397E+01
 -41.791  0.9894E+00  0.9407E+01
 -41.781  0.9940E+00  0.9417E+01
 -41.771  0.9980E+00  0.9426E+01
 -41.761  0.1001E+01  0.9437E+01
 -41.751  0.1004E+01  0.9447E+01
 -41.741  0.1006E+01  0.9457E+01
 -41.731  0.1009E+01  0.9467E+01
 -41.721  0.1010E+01  0.9477E+01
 -41.711  0.1012E+01  0.9487E+01
 -41.701  0.1014E+01  0.9497E+01
 -41.691  0.1016E+01  0.9507E+01
 -41.681  0.1019E+01  0.9517E+01
 -41.671  0.1021E+01  0.9528E+01
 -41.661  0.1024E+01  0.9538E+01
 -41.651  0.1028E+01  0.9548E+01
 -41.641  0.1032E+01  0.9558E+01
 -41.631  0.1035E+01  0.9569E+01
 -41.621  0.1039E+01  0.9579E+01
 -41.611  0.1043E+01  0.9590E+01
 -41.601  0.1046E+01  0.9600E+01
 -41.591  0.1049E+01  0.9611E+01
 -41.581  0.1050E+01  0.9621E+01
 -41.571  0.1051E+01  0.9632E+01
 -41.561  0.1051E+01  0.9642E+01
 -41.551  0.1050E+01  0.9653E+01
 -41.541  0.1048E+01  0.9663E+01
 -41.531  0.1044E+01  0.9674E+01
 -41.521  0.1040E+01  0.9684E+01
 -41.511  0.1035E+01  0.9694E+01
 -41.501  0.1029E+01  0.9705E+01
 -41.491  0.1022E+01  0.9715E+01
 -41.481  0.1016E+01  0.9725E+01
 -41.471  0.1010E+01  0.9735E+01
 -41.461  0.1005E+01  0.9745E+01
 -41.451  0.1000E+01  0.9755E+01
 -41.441  0.9967E+00  0.9765E+01
 -41.431  0.9944E+00  0.9775E+01
 -41.421  0.9935E+00  0.9785E+01
 -41.411  0.9939E+00  0.9795E+01
 -41.401  0.9958E+00  0.9805E+01
 -41.391  0.9990E+00  0.9815E+01
 -41.381  0.1003E+01  0.9825E+01
 -41.371  0.1009E+01  0.9835E+01
 -41.361  0.1015E+01  0.9845E+01
 -41.351  0.1021E+01  0.9855E+01
 -41.341  0.1028E+01  0.9866E+01
 -41.331  0.1034E+01  0.9876E+01
 -41.321  0.1040E+01  0.9886E+01
 -41.311  0.1045E+01  0.9897E+01
 -41.301  0.1050E+01  0.9907E+01
 -41.291  0.1053E+01  0.9918E+01
 -41.281  0.1055E+01  0.9928E+01
 -41.271  0.1056E+01  0.9939E+01
 -41.261  0.1056E+01  0.9949E+01
 -41.251  0.1055E+01  0.9960E+01
 -41.241  0.1053E+01  0.9971E+01
 -41.231  0.1050E+01  0.9981E+01
 -41.221  0.1047E+01  0.9992E+01
 -41.211  0.1044E+01  0.1000E+02
 -41.201  0.1040E+01  0.1001E+02
 -41.191  0.1036E+01  0.1002E+02
 -41.181  0.1033E+01  0.1003E+02
 -41.171  0.1030E+01  0.1004E+02
 -41.161  0.1028E+01  0.1005E+02
 -41.151  0.1026E+01  0.1006E+02
 -41.141  0.1024E+01  0.1007E+02
 -41.131  0.1023E+01  0.1008E+02
 -41.121  0.1021E+01  0.1009E+02
 -41.111  0.1020E+01  0.1010E+02
 -41.101  0.1019E+01  0.1011E+02
 -41.091  0.1018E+01  0.1013E+02
 -41.081  0.1016E+01  0.1014E+02
 -41.071  0.1013E+01  0.1015E+02
 -41.061  0.1010E+01  0.1016E+02
 -41.051  0.1006E+01  0.1017E+02
 -41.041  0.1001E+01  0.1018E+02
 -41.031  0.9959E+00  0.1019E+02
 -41.021  0.9897E+00  0.1020E+02
 -41.011  0.9827E+00  0.1021E+02
 -41.001  0.9751E+00  0.1022E+02
 -40.991  0.9669E+00  0.1022E+02
 -40.981  0.9582E+00  0.1023E+02
 -40.971  0.9491E+00  0.1024E+02
 -40.961  0.9397E+00  0.1025E+02
 -40.951  0.9301E+00  0.1026E+02
 -40.941  0.9203E+00  0.1027E+02
 -40.931  0.9104E+00  0.1028E+02
 -40.921  0.9005E+00  0.1029E+02
 -40.911  0.8905E+00  0.1030E+02
 -40.901  0.8806E+00  0.1031E+02
 -40.891  0.8707E+00  0.1032E+02
 -40.881  0.8610E+00  0.1032E+02
 -40.871  0.8516E+00  0.1033E+02
 -40.861  0.8425E+00  0.1034E+02
 -40.851  0.8338E+00  0.1035E+02
 -40.841  0.8258E+00  0.1036E+02
 -40.831  0.8185E+00  0.1037E+02
 -40.821  0.8122E+00  0.1037E+02
 -40.811  0.8071E+00  0.1038E+02
 -40.801  0.8033E+00  0.1039E+02
 -40.791  0.8011E+00  0.1040E+02
 -40.781  0.8006E+00  0.1041E+02
 -40.771  0.8020E+00  0.1041E+02
 -40.761  0.8054E+00  0.1042E+02
 -40.751  0.8110E+00  0.1043E+02
 -40.741  0.8187E+00  0.1044E+02
 -40.731  0.8286E+00  0.1045E+02
 -40.721  0.8406E+00  0.1046E+02
 -40.711  0.8547E+00  0.1046E+02
 -40.701  0.8707E+00  0.1047E+02
 -40.691  0.8884E+00  0.1048E+02
 -40.681  0.9076E+00  0.1049E+02
 -40.671  0.9281E+00  0.1050E+02
 -40.661  0.9496E+00  0.1051E+02
 -40.651  0.9718E+00  0.1052E+02
 -40.641  0.9944E+00  0.1053E+02
 -40.631  0.1017E+01  0.1054E+02
 -40.621  0.1040E+01  0.1055E+02
 -40.611  0.1062E+01  0.1056E+02
 -40.601  0.1084E+01  0.1057E+02
 -40.591  0.1106E+01  0.1058E+02
 -40.581  0.1126E+01  0.1059E+02
 -40.571  0.1146E+01  0.1061E+02
 -40.561  0.1165E+01  0.1062E+02
 -40.551  0.1183E+01  0.1063E+02
 -40.541  0.1201E+01  0.1064E+02
 -40.531  0.1217E+01  0.1065E+02
 -40.521  0.1234E+01  0.1067E+02
 -40.511  0.1249E+01  0.1068E+02
 -40.501  0.1265E+01  0.1069E+02
 -40.491  0.1280E+01  0.1070E+02
 -40.481  0.1295E+01  0.1072E+02
 -40.471  0.1310E+01  0.1073E+02
 -40.461  0.1325E+01  0.1074E+02
 -40.451  0.1339E+01  0.1076E+02
 -40.441  0.1353E+01  0.1077E+02
 -40.431  0.1367E+01  0.1078E+02
 -40.421  0.1380E+01  0.1080E+02
 -40.411  0.1392E+01  0.1081E+02
 -40.401  0.1403E+01  0.1082E+02
 -40.391  0.1413E+01  0.1084E+02
 -40.381  0.1422E+01  0.1085E+02
 -40.371  0.1428E+01  0.1087E+02
 -40.361  0.1433E+01  0.1088E+02
 -40.351  0.1435E+01  0.1090E+02
 -40.341  0.1435E+01  0.1091E+02
 -40.331  0.1433E+01  0.1092E+02
 -40.321  0.1428E+01  0.1094E+02
 -40.311  0.1422E+01  0.1095E+02
 -40.301  0.1413E+01  0.1097E+02
 -40.291  0.1401E+01  0.1098E+02
 -40.281  0.1388E+01  0.1100E+02
 -40.271  0.1374E+01  0.1101E+02
 -40.261  0.1358E+01  0.1102E+02
 -40.251  0.1341E+01  0.1104E+02
 -40.241  0.1324E+01  0.1105E+02
 -40.231  0.1306E+01  0.1106E+02
 -40.221  0.1288E+01  0.1108E+02
 -40.211  0.1270E+01  0.1109E+02
 -40.201  0.1253E+01  0.1110E+02
 -40.191  0.1236E+01  0.1111E+02
 -40.181  0.1220E+01  0.1113E+02
 -40.171  0.1205E+01  0.1114E+02
 -40.161  0.1192E+01  0.1115E+02
 -40.151  0.1179E+01  0.1116E+02
 -40.141  0.1168E+01  0.1117E+02
 -40.131  0.1158E+01  0.1118E+02
 -40.121  0.1150E+01  0.1120E+02
 -40.111  0.1143E+01  0.1121E+02
 -40.101  0.1137E+01  0.1122E+02
 -40.091  0.1132E+01  0.1123E+02
 -40.081  0.1128E+01  0.1124E+02
 -40.071  0.1125E+01  0.1125E+02
 -40.061  0.1124E+01  0.1126E+02
 -40.051  0.1123E+01  0.1127E+02
 -40.041  0.1124E+01  0.1129E+02
 -40.031  0.1125E+01  0.1130E+02
 -40.021  0.1126E+01  0.1131E+02
 -40.011  0.1128E+01  0.1132E+02
 -40.001  0.1131E+01  0.1133E+02
 -39.991  0.1134E+01  0.1134E+02
 -39.981  0.1136E+01  0.1135E+02
 -39.971  0.1138E+01  0.1137E+02
 -39.961  0.1140E+01  0.1138E+02
 -39.951  0.1141E+01  0.1139E+02
 -39.941  0.1141E+01  0.1140E+02
 -39.931  0.1140E+01  0.1141E+02
 -39.921  0.1137E+01  0.1142E+02
 -39.911  0.1132E+01  0.1143E+02
 -39.901  0.1126E+01  0.1144E+02
 -39.891  0.1119E+01  0.1146E+02
 -39.881  0.1109E+01  0.1147E+02
 -39.871  0.1098E+01  0.1148E+02
 -39.861  0.1085E+01  0.1149E+02
 -39.851  0.1070E+01  0.1150E+02
 -39.841  0.1054E+01  0.1151E+02
 -39.831  0.1037E+01  0.1152E+02
 -39.821  0.1018E+01  0.1153E+02
 -39.811  0.9992E+00  0.1154E+02
 -39.801  0.9795E+00  0.1155E+02
 -39.791  0.9596E+00  0.1156E+02
 -39.781  0.9395E+00  0.1157E+02
 -39.771  0.9196E+00  0.1158E+02
 -39.761  0.9000E+00  0.1159E+02
 -39.751  0.8808E+00  0.1160E+02
 -39.741  0.8621E+00  0.1161E+02
 -39.731  0.8442E+00  0.1161E+02
 -39.721  0.8269E+00  0.1162E+02
 -39.711  0.8105E+00  0.1163E+02
 -39.701  0.7949E+00  0.1164E+02
 -39.691  0.7801E+00  0.1165E+02
 -39.681  0.7662E+00  0.1165E+02
 -39.671  0.7532E+00  0.1166E+02
 -39.661  0.7411E+00  0.1167E+02
 -39.651  0.7299E+00  0.1168E+02
 -39.641  0.7196E+00  0.1168E+02
 -39.631  0.7102E+00  0.1169E+02
 -39.621  0.7017E+00  0.1170E+02
 -39.611  0.6942E+00  0.1170E+02
 -39.601  0.6876E+00  0.1171E+02
 -39.591  0.6820E+00  0.1172E+02
 -39.581  0.6772E+00  0.1172E+02
 -39.571  0.6732E+00  0.1173E+02
 -39.561  0.6699E+00  0.1174E+02
 -39.551  0.6674E+00  0.1174E+02
 -39.541  0.6655E+00  0.1175E+02
 -39.531  0.6641E+00  0.1176E+02
 -39.521  0.6631E+00  0.1176E+02
 -39.511  0.6626E+00  0.1177E+02
 -39.501  0.6624E+00  0.1178E+02
 -39.491  0.6624E+00  0.1178E+02
 -39.481  0.6628E+00  0.1179E+02
 -39.471  0.6634E+00  0.1180E+02
 -39.461  0.6644E+00  0.1180E+02
 -39.451  0.6657E+00  0.1181E+02
 -39.441  0.6675E+00  0.1182E+02
 -39.431  0.6698E+00  0.1182E+02
 -39.421  0.6727E+00  0.1183E+02
 -39.411  0.6762E+00  0.1184E+02
 -39.401  0.6805E+00  0.1184E+02
 -39.391  0.6856E+00  0.1185E+02
 -39.381  0.6915E+00  0.1186E+02
 -39.371  0.6983E+00  0.1187E+02
 -39.361  0.7059E+00  0.1187E+02
 -39.351  0.7142E+00  0.1188E+02
 -39.341  0.7232E+00  0.1189E+02
 -39.331  0.7328E+00  0.1189E+02
 -39.321  0.7428E+00  0.1190E+02
 -39.311  0.7532E+00  0.1191E+02
 -39.301  0.7636E+00  0.1192E+02
 -39.291  0.7741E+00  0.1192E+02
 -39.281  0.7843E+00  0.1193E+02
 -39.271  0.7942E+00  0.1194E+02
 -39.261  0.8034E+00  0.1195E+02
 -39.251  0.8117E+00  0.1196E+02
 -39.241  0.8191E+00  0.1196E+02
 -39.231  0.8253E+00  0.1197E+02
 -39.221  0.8301E+00  0.1198E+02
 -39.211  0.8334E+00  0.1199E+02
 -39.201  0.8350E+00  0.1200E+02
 -39.191  0.8347E+00  0.1201E+02
 -39.181  0.8325E+00  0.1201E+02
 -39.171  0.8283E+00  0.1202E+02
 -39.161  0.8219E+00  0.1203E+02
 -39.151  0.8134E+00  0.1204E+02
 -39.141  0.8029E+00  0.1205E+02
 -39.131  0.7902E+00  0.1205E+02
 -39.121  0.7756E+00  0.1206E+02
 -39.111  0.7592E+00  0.1207E+02
 -39.101  0.7411E+00  0.1208E+02
 -39.091  0.7214E+00  0.1208E+02
 -39.081  0.7004E+00  0.1209E+02
 -39.071  0.6784E+00  0.1210E+02
 -39.061  0.6555E+00  0.1211E+02
 -39.051  0.6321E+00  0.1211E+02
 -39.041  0.6082E+00  0.1212E+02
 -39.031  0.5843E+00  0.1212E+02
 -39.021  0.5603E+00  0.1213E+02
 -39.011  0.5366E+00  0.1213E+02
 -39.001  0.5134E+00  0.1214E+02
 -38.991  0.4906E+00  0.1214E+02
 -38.981  0.4684E+00  0.1215E+02
 -38.971  0.4470E+00  0.1215E+02
 -38.961  0.4263E+00  0.1216E+02
 -38.951  0.4065E+00  0.1216E+02
 -38.941  0.3875E+00  0.1217E+02
 -38.931  0.3693E+00  0.1217E+02
 -38.921  0.3520E+00  0.1217E+02
 -38.911  0.3355E+00  0.1218E+02
 -38.901  0.3200E+00  0.1218E+02
 -38.891  0.3054E+00  0.1218E+02
 -38.881  0.2918E+00  0.1219E+02
 -38.871  0.2792E+00  0.1219E+02
 -38.861  0.2677E+00  0.1219E+02
 -38.851  0.2575E+00  0.1219E+02
 -38.841  0.2485E+00  0.1220E+02
 -38.831  0.2408E+00  0.1220E+02
 -38.821  0.2347E+00  0.1220E+02
 -38.811  0.2302E+00  0.1220E+02
 -38.801  0.2274E+00  0.1221E+02
 -38.791  0.2264E+00  0.1221E+02
 -38.781  0.2273E+00  0.1221E+02
 -38.771  0.2303E+00  0.1221E+02
 -38.761  0.2353E+00  0.1221E+02
 -38.751  0.2424E+00  0.1222E+02
 -38.741  0.2517E+00  0.1222E+02
 -38.731  0.2631E+00  0.1222E+02
 -38.721  0.2766E+00  0.1222E+02
 -38.711  0.2921E+00  0.1223E+02
 -38.701  0.3094E+00  0.1223E+02
 -38.691  0.3284E+00  0.1223E+02
 -38.681  0.3488E+00  0.1224E+02
 -38.671  0.3703E+00  0.1224E+02
 -38.661  0.3927E+00  0.1225E+02
 -38.651  0.4157E+00  0.1225E+02
 -38.641  0.4388E+00  0.1225E+02
 -38.631  0.4618E+00  0.1226E+02
 -38.621  0.4843E+00  0.1226E+02
 -38.611  0.5060E+00  0.1227E+02
 -38.601  0.5267E+00  0.1227E+02
 -38.591  0.5460E+00  0.1228E+02
 -38.581  0.5639E+00  0.1228E+02
 -38.571  0.5803E+00  0.1229E+02
 -38.561  0.5949E+00  0.1230E+02
 -38.551  0.6080E+00  0.1230E+02
 -38.541  0.6194E+00  0.1231E+02
 -38.531  0.6293E+00  0.1232E+02
 -38.521  0.6379E+00  0.1232E+02
 -38.511  0.6453E+00  0.1233E+02
 -38.501  0.6517E+00  0.1233E+02
 -38.491  0.6572E+00  0.1234E+02
 -38.481  0.6621E+00  0.1235E+02
 -38.471  0.6665E+00  0.1235E+02
 -38.461  0.6706E+00  0.1236E+02
 -38.451  0.6744E+00  0.1237E+02
 -38.441  0.6782E+00  0.1237E+02
 -38.431  0.6818E+00  0.1238E+02
 -38.421  0.6855E+00  0.1239E+02
 -38.411  0.6892E+00  0.1240E+02
 -38.401  0.6929E+00  0.1240E+02
 -38.391  0.6965E+00  0.1241E+02
 -38.381  0.7001E+00  0.1242E+02
 -38.371  0.7036E+00  0.1242E+02
 -38.361  0.7070E+00  0.1243E+02
 -38.351  0.7103E+00  0.1244E+02
 -38.341  0.7133E+00  0.1244E+02
 -38.331  0.7162E+00  0.1245E+02
 -38.321  0.7189E+00  0.1246E+02
 -38.311  0.7215E+00  0.1247E+02
 -38.301  0.7239E+00  0.1247E+02
 -38.291  0.7262E+00  0.1248E+02
 -38.281  0.7284E+00  0.1249E+02
 -38.271  0.7306E+00  0.1249E+02
 -38.261  0.7329E+00  0.1250E+02
 -38.251  0.7353E+00  0.1251E+02
 -38.241  0.7378E+00  0.1252E+02
 -38.231  0.7405E+00  0.1252E+02
 -38.221  0.7434E+00  0.1253E+02
 -38.211  0.7465E+00  0.1254E+02
 -38.201  0.7499E+00  0.1255E+02
 -38.191  0.7534E+00  0.1255E+02
 -38.181  0.7571E+00  0.1256E+02
 -38.171  0.7608E+00  0.1257E+02
 -38.161  0.7646E+00  0.1258E+02
 -38.151  0.7682E+00  0.1258E+02
 -38.141  0.7716E+00  0.1259E+02
 -38.131  0.7748E+00  0.1260E+02
 -38.121  0.7776E+00  0.1261E+02
 -38.111  0.7801E+00  0.1262E+02
 -38.101  0.7820E+00  0.1262E+02
 -38.091  0.7835E+00  0.1263E+02
 -38.081  0.7846E+00  0.1264E+02
 -38.071  0.7853E+00  0.1265E+02
 -38.061  0.7856E+00  0.1266E+02
 -38.051  0.7856E+00  0.1266E+02
 -38.041  0.7856E+00  0.1267E+02
 -38.031  0.7854E+00  0.1268E+02
 -38.021  0.7854E+00  0.1269E+02
 -38.011  0.7856E+00  0.1269E+02
 -38.001  0.7860E+00  0.1270E+02
 -37.991  0.7869E+00  0.1271E+02
 -37.981  0.7882E+00  0.1272E+02
 -37.971  0.7900E+00  0.1273E+02
 -37.961  0.7922E+00  0.1273E+02
 -37.951  0.7949E+00  0.1274E+02
 -37.941  0.7979E+00  0.1275E+02
 -37.931  0.8011E+00  0.1276E+02
 -37.921  0.8043E+00  0.1277E+02
 -37.911  0.8074E+00  0.1277E+02
 -37.901  0.8101E+00  0.1278E+02
 -37.891  0.8124E+00  0.1279E+02
 -37.881  0.8140E+00  0.1280E+02
 -37.871  0.8148E+00  0.1281E+02
 -37.861  0.8146E+00  0.1281E+02
 -37.851  0.8133E+00  0.1282E+02
 -37.841  0.8110E+00  0.1283E+02
 -37.831  0.8076E+00  0.1284E+02
 -37.821  0.8031E+00  0.1285E+02
 -37.811  0.7976E+00  0.1285E+02
 -37.801  0.7914E+00  0.1286E+02
 -37.791  0.7844E+00  0.1287E+02
 -37.781  0.7770E+00  0.1288E+02
 -37.771  0.7693E+00  0.1289E+02
 -37.761  0.7616E+00  0.1289E+02
 -37.751  0.7539E+00  0.1290E+02
 -37.741  0.7464E+00  0.1291E+02
 -37.731  0.7394E+00  0.1292E+02
 -37.721  0.7328E+00  0.1292E+02
 -37.711  0.7268E+00  0.1293E+02
 -37.701  0.7213E+00  0.1294E+02
 -37.691  0.7164E+00  0.1295E+02
 -37.681  0.7118E+00  0.1295E+02
 -37.671  0.7077E+00  0.1296E+02
 -37.661  0.7038E+00  0.1297E+02
 -37.651  0.7000E+00  0.1297E+02
 -37.641  0.6963E+00  0.1298E+02
 -37.631  0.6926E+00  0.1299E+02
 -37.621  0.6887E+00  0.1299E+02
 -37.611  0.6847E+00  0.1300E+02
 -37.601  0.6806E+00  0.1301E+02
 -37.591  0.6763E+00  0.1301E+02
 -37.581  0.6719E+00  0.1302E+02
 -37.571  0.6676E+00  0.1303E+02
 -37.561  0.6633E+00  0.1303E+02
 -37.551  0.6593E+00  0.1304E+02
 -37.541  0.6556E+00  0.1305E+02
 -37.531  0.6524E+00  0.1305E+02
 -37.521  0.6497E+00  0.1306E+02
 -37.511  0.6478E+00  0.1307E+02
 -37.501  0.6466E+00  0.1307E+02
 -37.491  0.6462E+00  0.1308E+02
 -37.481  0.6466E+00  0.1309E+02
 -37.471  0.6478E+00  0.1309E+02
 -37.461  0.6498E+00  0.1310E+02
 -37.451  0.6525E+00  0.1311E+02
 -37.441  0.6560E+00  0.1311E+02
 -37.431  0.6600E+00  0.1312E+02
 -37.421  0.6646E+00  0.1313E+02
 -37.411  0.6698E+00  0.1313E+02
 -37.401  0.6754E+00  0.1314E+02
 -37.391  0.6815E+00  0.1315E+02
 -37.381  0.6880E+00  0.1315E+02
 -37.371  0.6951E+00  0.1316E+02
 -37.361  0.7026E+00  0.1317E+02
 -37.351  0.7108E+00  0.1317E+02
 -37.341  0.7197E+00  0.1318E+02
 -37.331  0.7293E+00  0.1319E+02
 -37.321  0.7398E+00  0.1320E+02
 -37.311  0.7512E+00  0.1320E+02
 -37.301  0.7635E+00  0.1321E+02
 -37.291  0.7768E+00  0.1322E+02
 -37.281  0.7912E+00  0.1323E+02
 -37.271  0.8066E+00  0.1323E+02
 -37.261  0.8229E+00  0.1324E+02
 -37.251  0.8401E+00  0.1325E+02
 -37.241  0.8581E+00  0.1326E+02
 -37.231  0.8769E+00  0.1327E+02
 -37.221  0.8962E+00  0.1328E+02
 -37.211  0.9161E+00  0.1329E+02
 -37.201  0.9365E+00  0.1330E+02
 -37.191  0.9571E+00  0.1331E+02
 -37.181  0.9779E+00  0.1332E+02
 -37.171  0.9988E+00  0.1333E+02
 -37.161  0.1020E+01  0.1334E+02
 -37.151  0.1040E+01  0.1335E+02
 -37.141  0.1061E+01  0.1336E+02
 -37.131  0.1081E+01  0.1337E+02
 -37.121  0.1100E+01  0.1338E+02
 -37.111  0.1119E+01  0.1339E+02
 -37.101  0.1136E+01  0.1340E+02
 -37.091  0.1152E+01  0.1341E+02
 -37.081  0.1167E+01  0.1342E+02
