#  E (eV)   dos(E)     Int dos(E) EFermi =   -0.986 eV
 -10.986  0.9338E+00  0.9338E-02
 -10.976  0.9188E+00  0.1853E-01
 -10.966  0.9001E+00  0.2753E-01
 -10.956  0.8784E+00  0.3631E-01
 -10.946  0.8542E+00  0.4485E-01
 -10.936  0.8281E+00  0.5313E-01
 -10.926  0.8007E+00  0.6114E-01
 -10.916  0.7726E+00  0.6887E-01
 -10.906  0.7443E+00  0.7631E-01
 -10.896  0.7161E+00  0.8347E-01
 -10.886  0.6887E+00  0.9036E-01
 -10.876  0.6622E+00  0.9698E-01
 -10.866  0.6369E+00  0.1033E+00
 -10.856  0.6132E+00  0.1095E+00
 -10.846  0.5913E+00  0.1154E+00
 -10.836  0.5712E+00  0.1211E+00
 -10.826  0.5533E+00  0.1266E+00
 -10.816  0.5377E+00  0.1320E+00
 -10.806  0.5245E+00  0.1373E+00
 -10.796  0.5139E+00  0.1424E+00
 -10.786  0.5062E+00  0.1475E+00
 -10.776  0.5016E+00  0.1525E+00
 -10.766  0.5001E+00  0.1575E+00
 -10.756  0.5021E+00  0.1625E+00
 -10.746  0.5076E+00  0.1676E+00
 -10.736  0.5167E+00  0.1727E+00
 -10.726  0.5294E+00  0.1780E+00
 -10.716  0.5458E+00  0.1835E+00
 -10.706  0.5656E+00  0.1891E+00
 -10.696  0.5886E+00  0.1950E+00
 -10.686  0.6146E+00  0.2012E+00
 -10.676  0.6431E+00  0.2076E+00
 -10.666  0.6736E+00  0.2143E+00
 -10.656  0.7056E+00  0.2214E+00
 -10.646  0.7384E+00  0.2288E+00
 -10.636  0.7714E+00  0.2365E+00
 -10.626  0.8040E+00  0.2445E+00
 -10.616  0.8353E+00  0.2529E+00
 -10.606  0.8649E+00  0.2615E+00
 -10.596  0.8921E+00  0.2705E+00
 -10.586  0.9164E+00  0.2796E+00
 -10.576  0.9372E+00  0.2890E+00
 -10.566  0.9541E+00  0.2985E+00
 -10.556  0.9670E+00  0.3082E+00
 -10.546  0.9754E+00  0.3180E+00
 -10.536  0.9794E+00  0.3278E+00
 -10.526  0.9789E+00  0.3375E+00
 -10.516  0.9740E+00  0.3473E+00
 -10.506  0.9648E+00  0.3569E+00
 -10.496  0.9516E+00  0.3665E+00
 -10.486  0.9347E+00  0.3758E+00
 -10.476  0.9144E+00  0.3849E+00
 -10.466  0.8913E+00  0.3939E+00
 -10.456  0.8660E+00  0.4025E+00
 -10.446  0.8389E+00  0.4109E+00
 -10.436  0.8107E+00  0.4190E+00
 -10.426  0.7822E+00  0.4268E+00
 -10.416  0.7540E+00  0.4344E+00
 -10.406  0.7268E+00  0.4416E+00
 -10.396  0.7015E+00  0.4487E+00
 -10.386  0.6786E+00  0.4554E+00
 -10.376  0.6589E+00  0.4620E+00
 -10.366  0.6429E+00  0.4685E+00
 -10.356  0.6310E+00  0.4748E+00
 -10.346  0.6238E+00  0.4810E+00
 -10.336  0.6213E+00  0.4872E+00
 -10.326  0.6237E+00  0.4935E+00
 -10.316  0.6309E+00  0.4998E+00
 -10.306  0.6424E+00  0.5062E+00
 -10.296  0.6580E+00  0.5128E+00
 -10.286  0.6770E+00  0.5195E+00
 -10.276  0.6986E+00  0.5265E+00
 -10.266  0.7219E+00  0.5337E+00
 -10.256  0.7459E+00  0.5412E+00
 -10.246  0.7697E+00  0.5489E+00
 -10.236  0.7922E+00  0.5568E+00
 -10.226  0.8124E+00  0.5650E+00
 -10.216  0.8294E+00  0.5732E+00
 -10.206  0.8425E+00  0.5817E+00
 -10.196  0.8510E+00  0.5902E+00
 -10.186  0.8546E+00  0.5987E+00
 -10.176  0.8531E+00  0.6073E+00
 -10.166  0.8465E+00  0.6157E+00
 -10.156  0.8350E+00  0.6241E+00
 -10.146  0.8190E+00  0.6323E+00
 -10.136  0.7993E+00  0.6403E+00
 -10.126  0.7767E+00  0.6480E+00
 -10.116  0.7519E+00  0.6555E+00
 -10.106  0.7261E+00  0.6628E+00
 -10.096  0.7002E+00  0.6698E+00
 -10.086  0.6753E+00  0.6766E+00
 -10.076  0.6523E+00  0.6831E+00
 -10.066  0.6320E+00  0.6894E+00
 -10.056  0.6151E+00  0.6955E+00
 -10.046  0.6023E+00  0.7016E+00
 -10.036  0.5938E+00  0.7075E+00
 -10.026  0.5900E+00  0.7134E+00
 -10.016  0.5909E+00  0.7193E+00
 -10.006  0.5964E+00  0.7253E+00
  -9.996  0.6062E+00  0.7313E+00
  -9.986  0.6200E+00  0.7375E+00
  -9.976  0.6374E+00  0.7439E+00
  -9.966  0.6579E+00  0.7505E+00
  -9.956  0.6810E+00  0.7573E+00
  -9.946  0.7061E+00  0.7644E+00
  -9.936  0.7328E+00  0.7717E+00
  -9.926  0.7606E+00  0.7793E+00
  -9.916  0.7891E+00  0.7872E+00
  -9.906  0.8179E+00  0.7954E+00
  -9.896  0.8465E+00  0.8038E+00
  -9.886  0.8746E+00  0.8126E+00
  -9.876  0.9020E+00  0.8216E+00
  -9.866  0.9282E+00  0.8309E+00
  -9.856  0.9528E+00  0.8404E+00
  -9.846  0.9756E+00  0.8502E+00
  -9.836  0.9961E+00  0.8601E+00
  -9.826  0.1014E+01  0.8703E+00
  -9.816  0.1029E+01  0.8806E+00
  -9.806  0.1040E+01  0.8910E+00
  -9.796  0.1047E+01  0.9014E+00
  -9.786  0.1050E+01  0.9119E+00
  -9.776  0.1049E+01  0.9224E+00
  -9.766  0.1042E+01  0.9328E+00
  -9.756  0.1032E+01  0.9431E+00
  -9.746  0.1016E+01  0.9533E+00
  -9.736  0.9964E+00  0.9633E+00
  -9.726  0.9727E+00  0.9730E+00
  -9.716  0.9455E+00  0.9825E+00
  -9.706  0.9154E+00  0.9916E+00
  -9.696  0.8832E+00  0.1000E+01
  -9.686  0.8496E+00  0.1009E+01
  -9.676  0.8154E+00  0.1017E+01
  -9.666  0.7813E+00  0.1025E+01
  -9.656  0.7481E+00  0.1032E+01
  -9.646  0.7165E+00  0.1040E+01
  -9.636  0.6869E+00  0.1046E+01
  -9.626  0.6599E+00  0.1053E+01
  -9.616  0.6358E+00  0.1059E+01
  -9.606  0.6149E+00  0.1066E+01
  -9.596  0.5973E+00  0.1071E+01
  -9.586  0.5830E+00  0.1077E+01
  -9.576  0.5722E+00  0.1083E+01
  -9.566  0.5647E+00  0.1089E+01
  -9.556  0.5605E+00  0.1094E+01
  -9.546  0.5595E+00  0.1100E+01
  -9.536  0.5617E+00  0.1106E+01
  -9.526  0.5670E+00  0.1111E+01
  -9.516  0.5753E+00  0.1117E+01
  -9.506  0.5868E+00  0.1123E+01
  -9.496  0.6014E+00  0.1129E+01
  -9.486  0.6190E+00  0.1135E+01
  -9.476  0.6397E+00  0.1141E+01
  -9.466  0.6634E+00  0.1148E+01
  -9.456  0.6900E+00  0.1155E+01
  -9.446  0.7192E+00  0.1162E+01
  -9.436  0.7507E+00  0.1170E+01
  -9.426  0.7843E+00  0.1177E+01
  -9.416  0.8194E+00  0.1186E+01
  -9.406  0.8554E+00  0.1194E+01
  -9.396  0.8917E+00  0.1203E+01
  -9.386  0.9275E+00  0.1212E+01
  -9.376  0.9621E+00  0.1222E+01
  -9.366  0.9945E+00  0.1232E+01
  -9.356  0.1024E+01  0.1242E+01
  -9.346  0.1050E+01  0.1253E+01
  -9.336  0.1071E+01  0.1263E+01
  -9.326  0.1088E+01  0.1274E+01
  -9.316  0.1099E+01  0.1285E+01
  -9.306  0.1104E+01  0.1296E+01
  -9.296  0.1103E+01  0.1307E+01
  -9.286  0.1096E+01  0.1318E+01
  -9.276  0.1084E+01  0.1329E+01
  -9.266  0.1066E+01  0.1340E+01
  -9.256  0.1044E+01  0.1350E+01
  -9.246  0.1017E+01  0.1360E+01
  -9.236  0.9871E+00  0.1370E+01
  -9.226  0.9550E+00  0.1380E+01
  -9.216  0.9213E+00  0.1389E+01
  -9.206  0.8872E+00  0.1398E+01
  -9.196  0.8537E+00  0.1406E+01
  -9.186  0.8216E+00  0.1415E+01
  -9.176  0.7918E+00  0.1423E+01
  -9.166  0.7652E+00  0.1430E+01
  -9.156  0.7424E+00  0.1438E+01
  -9.146  0.7241E+00  0.1445E+01
  -9.136  0.7109E+00  0.1452E+01
  -9.126  0.7030E+00  0.1459E+01
  -9.116  0.7009E+00  0.1466E+01
  -9.106  0.7045E+00  0.1473E+01
  -9.096  0.7141E+00  0.1480E+01
  -9.086  0.7294E+00  0.1488E+01
  -9.076  0.7504E+00  0.1495E+01
  -9.066  0.7765E+00  0.1503E+01
  -9.056  0.8074E+00  0.1511E+01
  -9.046  0.8425E+00  0.1519E+01
  -9.036  0.8810E+00  0.1528E+01
  -9.026  0.9221E+00  0.1537E+01
  -9.016  0.9649E+00  0.1547E+01
  -9.006  0.1008E+01  0.1557E+01
  -8.996  0.1052E+01  0.1568E+01
  -8.986  0.1094E+01  0.1579E+01
  -8.976  0.1133E+01  0.1590E+01
  -8.966  0.1169E+01  0.1602E+01
  -8.956  0.1201E+01  0.1614E+01
  -8.946  0.1227E+01  0.1626E+01
  -8.936  0.1248E+01  0.1638E+01
  -8.926  0.1263E+01  0.1651E+01
  -8.916  0.1271E+01  0.1664E+01
  -8.906  0.1274E+01  0.1676E+01
  -8.896  0.1270E+01  0.1689E+01
  -8.886  0.1261E+01  0.1702E+01
  -8.876  0.1246E+01  0.1714E+01
  -8.866  0.1228E+01  0.1726E+01
  -8.856  0.1207E+01  0.1739E+01
  -8.846  0.1184E+01  0.1750E+01
  -8.836  0.1159E+01  0.1762E+01
  -8.826  0.1135E+01  0.1773E+01
  -8.816  0.1112E+01  0.1784E+01
  -8.806  0.1091E+01  0.1795E+01
  -8.796  0.1073E+01  0.1806E+01
  -8.786  0.1059E+01  0.1817E+01
  -8.776  0.1048E+01  0.1827E+01
  -8.766  0.1042E+01  0.1838E+01
  -8.756  0.1039E+01  0.1848E+01
  -8.746  0.1041E+01  0.1858E+01
  -8.736  0.1047E+01  0.1869E+01
  -8.726  0.1055E+01  0.1879E+01
  -8.716  0.1066E+01  0.1890E+01
  -8.706  0.1079E+01  0.1901E+01
  -8.696  0.1094E+01  0.1912E+01
  -8.686  0.1109E+01  0.1923E+01
  -8.676  0.1125E+01  0.1934E+01
  -8.666  0.1140E+01  0.1946E+01
  -8.656  0.1154E+01  0.1957E+01
  -8.646  0.1167E+01  0.1969E+01
  -8.636  0.1179E+01  0.1981E+01
  -8.626  0.1190E+01  0.1992E+01
  -8.616  0.1200E+01  0.2004E+01
  -8.606  0.1209E+01  0.2017E+01
  -8.596  0.1218E+01  0.2029E+01
  -8.586  0.1226E+01  0.2041E+01
  -8.576  0.1234E+01  0.2053E+01
  -8.566  0.1241E+01  0.2066E+01
  -8.556  0.1249E+01  0.2078E+01
  -8.546  0.1257E+01  0.2091E+01
  -8.536  0.1265E+01  0.2103E+01
  -8.526  0.1273E+01  0.2116E+01
  -8.516  0.1280E+01  0.2129E+01
  -8.506  0.1286E+01  0.2142E+01
  -8.496  0.1292E+01  0.2155E+01
  -8.486  0.1295E+01  0.2168E+01
  -8.476  0.1297E+01  0.2181E+01
  -8.466  0.1297E+01  0.2194E+01
  -8.456  0.1295E+01  0.2207E+01
  -8.446  0.1290E+01  0.2219E+01
  -8.436  0.1283E+01  0.2232E+01
  -8.426  0.1275E+01  0.2245E+01
  -8.416  0.1264E+01  0.2258E+01
  -8.406  0.1253E+01  0.2270E+01
  -8.396  0.1242E+01  0.2283E+01
  -8.386  0.1230E+01  0.2295E+01
  -8.376  0.1220E+01  0.2307E+01
  -8.366  0.1211E+01  0.2319E+01
  -8.356  0.1205E+01  0.2331E+01
  -8.346  0.1202E+01  0.2343E+01
  -8.336  0.1203E+01  0.2355E+01
  -8.326  0.1207E+01  0.2367E+01
  -8.316  0.1216E+01  0.2380E+01
  -8.306  0.1228E+01  0.2392E+01
  -8.296  0.1244E+01  0.2404E+01
  -8.286  0.1264E+01  0.2417E+01
  -8.276  0.1287E+01  0.2430E+01
  -8.266  0.1312E+01  0.2443E+01
  -8.256  0.1340E+01  0.2456E+01
  -8.246  0.1368E+01  0.2470E+01
  -8.236  0.1397E+01  0.2484E+01
  -8.226  0.1426E+01  0.2498E+01
  -8.216  0.1453E+01  0.2513E+01
  -8.206  0.1480E+01  0.2528E+01
  -8.196  0.1505E+01  0.2543E+01
  -8.186  0.1528E+01  0.2558E+01
  -8.176  0.1549E+01  0.2573E+01
  -8.166  0.1568E+01  0.2589E+01
  -8.156  0.1585E+01  0.2605E+01
  -8.146  0.1600E+01  0.2621E+01
  -8.136  0.1613E+01  0.2637E+01
  -8.126  0.1625E+01  0.2653E+01
  -8.116  0.1636E+01  0.2670E+01
  -8.106  0.1646E+01  0.2686E+01
  -8.096  0.1654E+01  0.2703E+01
  -8.086  0.1662E+01  0.2719E+01
  -8.076  0.1669E+01  0.2736E+01
  -8.066  0.1674E+01  0.2753E+01
  -8.056  0.1678E+01  0.2769E+01
  -8.046  0.1681E+01  0.2786E+01
  -8.036  0.1683E+01  0.2803E+01
  -8.026  0.1682E+01  0.2820E+01
  -8.016  0.1680E+01  0.2837E+01
  -8.006  0.1676E+01  0.2853E+01
  -7.996  0.1670E+01  0.2870E+01
  -7.986  0.1662E+01  0.2887E+01
  -7.976  0.1653E+01  0.2903E+01
  -7.966  0.1642E+01  0.2920E+01
  -7.956  0.1631E+01  0.2936E+01
  -7.946  0.1619E+01  0.2952E+01
  -7.936  0.1607E+01  0.2968E+01
  -7.926  0.1595E+01  0.2984E+01
  -7.916  0.1584E+01  0.3000E+01
  -7.906  0.1575E+01  0.3016E+01
  -7.896  0.1567E+01  0.3032E+01
  -7.886  0.1561E+01  0.3047E+01
  -7.876  0.1558E+01  0.3063E+01
  -7.866  0.1558E+01  0.3078E+01
  -7.856  0.1560E+01  0.3094E+01
  -7.846  0.1566E+01  0.3110E+01
  -7.836  0.1575E+01  0.3125E+01
  -7.826  0.1588E+01  0.3141E+01
  -7.816  0.1604E+01  0.3157E+01
  -7.806  0.1623E+01  0.3173E+01
  -7.796  0.1645E+01  0.3190E+01
  -7.786  0.1670E+01  0.3207E+01
  -7.776  0.1698E+01  0.3224E+01
  -7.766  0.1727E+01  0.3241E+01
  -7.756  0.1758E+01  0.3258E+01
  -7.746  0.1789E+01  0.3276E+01
  -7.736  0.1821E+01  0.3295E+01
  -7.726  0.1853E+01  0.3313E+01
  -7.716  0.1884E+01  0.3332E+01
  -7.706  0.1913E+01  0.3351E+01
  -7.696  0.1941E+01  0.3370E+01
  -7.686  0.1966E+01  0.3390E+01
  -7.676  0.1989E+01  0.3410E+01
  -7.666  0.2009E+01  0.3430E+01
  -7.656  0.2027E+01  0.3450E+01
  -7.646  0.2043E+01  0.3471E+01
  -7.636  0.2057E+01  0.3491E+01
  -7.626  0.2069E+01  0.3512E+01
  -7.616  0.2079E+01  0.3533E+01
  -7.606  0.2088E+01  0.3554E+01
  -7.596  0.2097E+01  0.3575E+01
  -7.586  0.2106E+01  0.3596E+01
  -7.576  0.2115E+01  0.3617E+01
  -7.566  0.2124E+01  0.3638E+01
  -7.556  0.2134E+01  0.3659E+01
  -7.546  0.2144E+01  0.3681E+01
  -7.536  0.2155E+01  0.3702E+01
  -7.526  0.2166E+01  0.3724E+01
  -7.516  0.2178E+01  0.3746E+01
  -7.506  0.2189E+01  0.3768E+01
  -7.496  0.2200E+01  0.3790E+01
  -7.486  0.2211E+01  0.3812E+01
  -7.476  0.2220E+01  0.3834E+01
  -7.466  0.2227E+01  0.3856E+01
  -7.456  0.2232E+01  0.3879E+01
  -7.446  0.2234E+01  0.3901E+01
  -7.436  0.2233E+01  0.3923E+01
  -7.426  0.2229E+01  0.3946E+01
  -7.416  0.2220E+01  0.3968E+01
  -7.406  0.2207E+01  0.3990E+01
  -7.396  0.2190E+01  0.4012E+01
  -7.386  0.2170E+01  0.4034E+01
  -7.376  0.2145E+01  0.4055E+01
  -7.366  0.2118E+01  0.4076E+01
  -7.356  0.2087E+01  0.4097E+01
  -7.346  0.2055E+01  0.4118E+01
  -7.336  0.2021E+01  0.4138E+01
  -7.326  0.1987E+01  0.4158E+01
  -7.316  0.1953E+01  0.4177E+01
  -7.306  0.1921E+01  0.4196E+01
  -7.296  0.1891E+01  0.4215E+01
  -7.286  0.1863E+01  0.4234E+01
  -7.276  0.1839E+01  0.4252E+01
  -7.266  0.1818E+01  0.4271E+01
  -7.256  0.1802E+01  0.4289E+01
  -7.246  0.1789E+01  0.4306E+01
  -7.236  0.1780E+01  0.4324E+01
  -7.226  0.1775E+01  0.4342E+01
  -7.216  0.1772E+01  0.4360E+01
  -7.206  0.1773E+01  0.4377E+01
  -7.196  0.1775E+01  0.4395E+01
  -7.186  0.1779E+01  0.4413E+01
  -7.176  0.1783E+01  0.4431E+01
  -7.166  0.1788E+01  0.4449E+01
  -7.156  0.1792E+01  0.4467E+01
  -7.146  0.1796E+01  0.4485E+01
  -7.136  0.1797E+01  0.4503E+01
  -7.126  0.1797E+01  0.4520E+01
  -7.116  0.1795E+01  0.4538E+01
  -7.106  0.1791E+01  0.4556E+01
  -7.096  0.1784E+01  0.4574E+01
  -7.086  0.1775E+01  0.4592E+01
  -7.076  0.1764E+01  0.4610E+01
  -7.066  0.1750E+01  0.4627E+01
  -7.056  0.1735E+01  0.4644E+01
  -7.046  0.1718E+01  0.4662E+01
  -7.036  0.1700E+01  0.4679E+01
  -7.026  0.1681E+01  0.4695E+01
  -7.016  0.1662E+01  0.4712E+01
  -7.006  0.1642E+01  0.4728E+01
  -6.996  0.1623E+01  0.4745E+01
  -6.986  0.1604E+01  0.4761E+01
  -6.976  0.1586E+01  0.4777E+01
  -6.966  0.1570E+01  0.4792E+01
  -6.956  0.1556E+01  0.4808E+01
  -6.946  0.1543E+01  0.4823E+01
  -6.936  0.1533E+01  0.4839E+01
  -6.926  0.1526E+01  0.4854E+01
  -6.916  0.1522E+01  0.4869E+01
  -6.906  0.1520E+01  0.4884E+01
  -6.896  0.1522E+01  0.4900E+01
  -6.886  0.1526E+01  0.4915E+01
  -6.876  0.1533E+01  0.4930E+01
  -6.866  0.1542E+01  0.4946E+01
  -6.856  0.1552E+01  0.4961E+01
  -6.846  0.1564E+01  0.4977E+01
  -6.836  0.1577E+01  0.4992E+01
  -6.826  0.1589E+01  0.5008E+01
  -6.816  0.1600E+01  0.5024E+01
  -6.806  0.1609E+01  0.5040E+01
  -6.796  0.1615E+01  0.5057E+01
  -6.786  0.1619E+01  0.5073E+01
  -6.776  0.1618E+01  0.5089E+01
  -6.766  0.1612E+01  0.5105E+01
  -6.756  0.1602E+01  0.5121E+01
  -6.746  0.1588E+01  0.5137E+01
  -6.736  0.1568E+01  0.5153E+01
  -6.726  0.1545E+01  0.5168E+01
  -6.716  0.1517E+01  0.5183E+01
  -6.706  0.1487E+01  0.5198E+01
  -6.696  0.1455E+01  0.5213E+01
  -6.686  0.1422E+01  0.5227E+01
  -6.676  0.1389E+01  0.5241E+01
  -6.666  0.1358E+01  0.5254E+01
  -6.656  0.1328E+01  0.5268E+01
  -6.646  0.1302E+01  0.5281E+01
  -6.636  0.1279E+01  0.5293E+01
  -6.626  0.1261E+01  0.5306E+01
  -6.616  0.1248E+01  0.5319E+01
  -6.606  0.1240E+01  0.5331E+01
  -6.596  0.1237E+01  0.5343E+01
  -6.586  0.1240E+01  0.5356E+01
  -6.576  0.1246E+01  0.5368E+01
  -6.566  0.1257E+01  0.5381E+01
  -6.556  0.1270E+01  0.5393E+01
  -6.546  0.1287E+01  0.5406E+01
  -6.536  0.1306E+01  0.5419E+01
  -6.526  0.1325E+01  0.5433E+01
  -6.516  0.1346E+01  0.5446E+01
  -6.506  0.1366E+01  0.5460E+01
  -6.496  0.1386E+01  0.5474E+01
  -6.486  0.1404E+01  0.5488E+01
  -6.476  0.1421E+01  0.5502E+01
  -6.466  0.1436E+01  0.5516E+01
  -6.456  0.1449E+01  0.5531E+01
  -6.446  0.1460E+01  0.5545E+01
  -6.436  0.1469E+01  0.5560E+01
  -6.426  0.1476E+01  0.5575E+01
  -6.416  0.1481E+01  0.5590E+01
  -6.406  0.1484E+01  0.5604E+01
  -6.396  0.1486E+01  0.5619E+01
  -6.386  0.1486E+01  0.5634E+01
  -6.376  0.1485E+01  0.5649E+01
  -6.366  0.1483E+01  0.5664E+01
  -6.356  0.1481E+01  0.5679E+01
  -6.346  0.1478E+01  0.5693E+01
  -6.336  0.1474E+01  0.5708E+01
  -6.326  0.1470E+01  0.5723E+01
  -6.316  0.1465E+01  0.5738E+01
  -6.306  0.1461E+01  0.5752E+01
  -6.296  0.1455E+01  0.5767E+01
  -6.286  0.1449E+01  0.5781E+01
  -6.276  0.1442E+01  0.5796E+01
  -6.266  0.1433E+01  0.5810E+01
  -6.256  0.1424E+01  0.5824E+01
  -6.246  0.1412E+01  0.5838E+01
  -6.236  0.1399E+01  0.5852E+01
  -6.226  0.1384E+01  0.5866E+01
  -6.216  0.1366E+01  0.5880E+01
  -6.206  0.1347E+01  0.5893E+01
  -6.196  0.1325E+01  0.5906E+01
  -6.186  0.1302E+01  0.5920E+01
  -6.176  0.1277E+01  0.5932E+01
  -6.166  0.1251E+01  0.5945E+01
  -6.156  0.1225E+01  0.5957E+01
  -6.146  0.1199E+01  0.5969E+01
  -6.136  0.1174E+01  0.5981E+01
  -6.126  0.1151E+01  0.5992E+01
  -6.116  0.1130E+01  0.6004E+01
  -6.106  0.1111E+01  0.6015E+01
  -6.096  0.1096E+01  0.6026E+01
  -6.086  0.1085E+01  0.6037E+01
  -6.076  0.1078E+01  0.6047E+01
  -6.066  0.1075E+01  0.6058E+01
  -6.056  0.1076E+01  0.6069E+01
  -6.046  0.1083E+01  0.6080E+01
  -6.036  0.1093E+01  0.6091E+01
  -6.026  0.1107E+01  0.6102E+01
  -6.016  0.1124E+01  0.6113E+01
  -6.006  0.1145E+01  0.6124E+01
  -5.996  0.1168E+01  0.6136E+01
  -5.986  0.1193E+01  0.6148E+01
  -5.976  0.1219E+01  0.6160E+01
  -5.966  0.1245E+01  0.6173E+01
  -5.956  0.1272E+01  0.6185E+01
  -5.946  0.1298E+01  0.6198E+01
  -5.936  0.1324E+01  0.6212E+01
  -5.926  0.1347E+01  0.6225E+01
  -5.916  0.1368E+01  0.6239E+01
  -5.906  0.1387E+01  0.6253E+01
  -5.896  0.1403E+01  0.6267E+01
  -5.886  0.1416E+01  0.6281E+01
  -5.876  0.1426E+01  0.6295E+01
  -5.866  0.1432E+01  0.6309E+01
  -5.856  0.1434E+01  0.6324E+01
  -5.846  0.1433E+01  0.6338E+01
  -5.836  0.1427E+01  0.6352E+01
  -5.826  0.1419E+01  0.6366E+01
  -5.816  0.1406E+01  0.6381E+01
  -5.806  0.1390E+01  0.6394E+01
  -5.796  0.1371E+01  0.6408E+01
  -5.786  0.1350E+01  0.6422E+01
  -5.776  0.1326E+01  0.6435E+01
  -5.766  0.1300E+01  0.6448E+01
  -5.756  0.1274E+01  0.6461E+01
  -5.746  0.1246E+01  0.6473E+01
  -5.736  0.1219E+01  0.6485E+01
  -5.726  0.1192E+01  0.6497E+01
  -5.716  0.1166E+01  0.6509E+01
  -5.706  0.1142E+01  0.6520E+01
  -5.696  0.1120E+01  0.6531E+01
  -5.686  0.1102E+01  0.6542E+01
  -5.676  0.1086E+01  0.6553E+01
  -5.666  0.1074E+01  0.6564E+01
  -5.656  0.1066E+01  0.6575E+01
  -5.646  0.1062E+01  0.6585E+01
  -5.636  0.1062E+01  0.6596E+01
  -5.626  0.1067E+01  0.6607E+01
  -5.616  0.1074E+01  0.6617E+01
  -5.606  0.1086E+01  0.6628E+01
  -5.596  0.1100E+01  0.6639E+01
  -5.586  0.1117E+01  0.6650E+01
  -5.576  0.1136E+01  0.6662E+01
  -5.566  0.1157E+01  0.6673E+01
  -5.556  0.1178E+01  0.6685E+01
  -5.546  0.1200E+01  0.6697E+01
  -5.536  0.1221E+01  0.6709E+01
  -5.526  0.1241E+01  0.6722E+01
  -5.516  0.1259E+01  0.6734E+01
  -5.506  0.1275E+01  0.6747E+01
  -5.496  0.1288E+01  0.6760E+01
  -5.486  0.1297E+01  0.6773E+01
  -5.476  0.1303E+01  0.6786E+01
  -5.466  0.1306E+01  0.6799E+01
  -5.456  0.1304E+01  0.6812E+01
  -5.446  0.1298E+01  0.6825E+01
  -5.436  0.1289E+01  0.6838E+01
  -5.426  0.1277E+01  0.6851E+01
  -5.416  0.1261E+01  0.6863E+01
  -5.406  0.1243E+01  0.6876E+01
  -5.396  0.1222E+01  0.6888E+01
  -5.386  0.1200E+01  0.6900E+01
  -5.376  0.1177E+01  0.6912E+01
  -5.366  0.1154E+01  0.6923E+01
  -5.356  0.1131E+01  0.6935E+01
  -5.346  0.1109E+01  0.6946E+01
  -5.336  0.1088E+01  0.6957E+01
  -5.326  0.1069E+01  0.6967E+01
  -5.316  0.1052E+01  0.6978E+01
  -5.306  0.1037E+01  0.6988E+01
  -5.296  0.1025E+01  0.6998E+01
  -5.286  0.1016E+01  0.7009E+01
  -5.276  0.1010E+01  0.7019E+01
  -5.266  0.1007E+01  0.7029E+01
  -5.256  0.1008E+01  0.7039E+01
  -5.246  0.1012E+01  0.7049E+01
  -5.236  0.1019E+01  0.7059E+01
  -5.226  0.1030E+01  0.7069E+01
  -5.216  0.1044E+01  0.7080E+01
  -5.206  0.1061E+01  0.7090E+01
  -5.196  0.1081E+01  0.7101E+01
  -5.186  0.1104E+01  0.7112E+01
  -5.176  0.1129E+01  0.7124E+01
  -5.166  0.1155E+01  0.7135E+01
  -5.156  0.1183E+01  0.7147E+01
  -5.146  0.1211E+01  0.7159E+01
  -5.136  0.1240E+01  0.7171E+01
  -5.126  0.1267E+01  0.7184E+01
  -5.116  0.1292E+01  0.7197E+01
  -5.106  0.1315E+01  0.7210E+01
  -5.096  0.1335E+01  0.7224E+01
  -5.086  0.1351E+01  0.7237E+01
  -5.076  0.1361E+01  0.7251E+01
  -5.066  0.1367E+01  0.7264E+01
  -5.056  0.1367E+01  0.7278E+01
  -5.046  0.1361E+01  0.7292E+01
  -5.036  0.1349E+01  0.7305E+01
  -5.026  0.1332E+01  0.7318E+01
  -5.016  0.1309E+01  0.7332E+01
  -5.006  0.1282E+01  0.7344E+01
  -4.996  0.1251E+01  0.7357E+01
  -4.986  0.1217E+01  0.7369E+01
  -4.976  0.1181E+01  0.7381E+01
  -4.966  0.1145E+01  0.7392E+01
  -4.956  0.1109E+01  0.7403E+01
  -4.946  0.1074E+01  0.7414E+01
  -4.936  0.1042E+01  0.7425E+01
  -4.926  0.1013E+01  0.7435E+01
  -4.916  0.9876E+00  0.7445E+01
  -4.906  0.9672E+00  0.7454E+01
  -4.896  0.9518E+00  0.7464E+01
  -4.886  0.9417E+00  0.7473E+01
  -4.876  0.9369E+00  0.7483E+01
  -4.866  0.9372E+00  0.7492E+01
  -4.856  0.9423E+00  0.7501E+01
  -4.846  0.9517E+00  0.7511E+01
  -4.836  0.9648E+00  0.7521E+01
  -4.826  0.9808E+00  0.7530E+01
  -4.816  0.9991E+00  0.7540E+01
  -4.806  0.1019E+01  0.7550E+01
  -4.796  0.1039E+01  0.7561E+01
  -4.786  0.1058E+01  0.7571E+01
  -4.776  0.1076E+01  0.7582E+01
  -4.766  0.1093E+01  0.7593E+01
  -4.756  0.1107E+01  0.7604E+01
  -4.746  0.1117E+01  0.7615E+01
  -4.736  0.1125E+01  0.7627E+01
  -4.726  0.1130E+01  0.7638E+01
  -4.716  0.1131E+01  0.7649E+01
  -4.706  0.1129E+01  0.7661E+01
  -4.696  0.1124E+01  0.7672E+01
  -4.686  0.1118E+01  0.7683E+01
  -4.676  0.1110E+01  0.7694E+01
  -4.666  0.1102E+01  0.7705E+01
  -4.656  0.1094E+01  0.7716E+01
  -4.646  0.1087E+01  0.7727E+01
  -4.636  0.1082E+01  0.7738E+01
  -4.626  0.1080E+01  0.7748E+01
  -4.616  0.1080E+01  0.7759E+01
  -4.606  0.1084E+01  0.7770E+01
  -4.596  0.1092E+01  0.7781E+01
  -4.586  0.1103E+01  0.7792E+01
  -4.576  0.1118E+01  0.7803E+01
  -4.566  0.1136E+01  0.7815E+01
  -4.556  0.1156E+01  0.7826E+01
  -4.546  0.1178E+01  0.7838E+01
  -4.536  0.1200E+01  0.7850E+01
  -4.526  0.1223E+01  0.7862E+01
  -4.516  0.1245E+01  0.7875E+01
  -4.506  0.1265E+01  0.7887E+01
  -4.496  0.1282E+01  0.7900E+01
  -4.486  0.1296E+01  0.7913E+01
  -4.476  0.1305E+01  0.7926E+01
  -4.466  0.1309E+01  0.7939E+01
  -4.456  0.1309E+01  0.7952E+01
  -4.446  0.1303E+01  0.7965E+01
  -4.436  0.1293E+01  0.7978E+01
  -4.426  0.1277E+01  0.7991E+01
  -4.416  0.1257E+01  0.8004E+01
  -4.406  0.1234E+01  0.8016E+01
  -4.396  0.1208E+01  0.8028E+01
  -4.386  0.1179E+01  0.8040E+01
  -4.376  0.1149E+01  0.8051E+01
  -4.366  0.1118E+01  0.8062E+01
  -4.356  0.1088E+01  0.8073E+01
  -4.346  0.1059E+01  0.8084E+01
  -4.336  0.1032E+01  0.8094E+01
  -4.326  0.1006E+01  0.8104E+01
  -4.316  0.9833E+00  0.8114E+01
  -4.306  0.9632E+00  0.8124E+01
  -4.296  0.9461E+00  0.8133E+01
  -4.286  0.9318E+00  0.8143E+01
  -4.276  0.9204E+00  0.8152E+01
  -4.266  0.9116E+00  0.8161E+01
  -4.256  0.9053E+00  0.8170E+01
  -4.246  0.9012E+00  0.8179E+01
  -4.236  0.8991E+00  0.8188E+01
  -4.226  0.8987E+00  0.8197E+01
  -4.216  0.8997E+00  0.8206E+01
  -4.206  0.9019E+00  0.8215E+01
  -4.196  0.9052E+00  0.8224E+01
  -4.186  0.9094E+00  0.8233E+01
  -4.176  0.9143E+00  0.8242E+01
  -4.166  0.9200E+00  0.8251E+01
  -4.156  0.9262E+00  0.8261E+01
  -4.146  0.9331E+00  0.8270E+01
  -4.136  0.9405E+00  0.8279E+01
  -4.126  0.9485E+00  0.8289E+01
  -4.116  0.9570E+00  0.8299E+01
  -4.106  0.9659E+00  0.8308E+01
  -4.096  0.9754E+00  0.8318E+01
  -4.086  0.9852E+00  0.8328E+01
  -4.076  0.9953E+00  0.8338E+01
  -4.066  0.1006E+01  0.8348E+01
  -4.056  0.1016E+01  0.8358E+01
  -4.046  0.1026E+01  0.8368E+01
  -4.036  0.1035E+01  0.8379E+01
  -4.026  0.1044E+01  0.8389E+01
  -4.016  0.1051E+01  0.8399E+01
  -4.006  0.1057E+01  0.8410E+01
  -3.996  0.1061E+01  0.8421E+01
  -3.986  0.1063E+01  0.8431E+01
  -3.976  0.1063E+01  0.8442E+01
  -3.966  0.1060E+01  0.8453E+01
  -3.956  0.1054E+01  0.8463E+01
  -3.946  0.1045E+01  0.8474E+01
  -3.936  0.1034E+01  0.8484E+01
  -3.926  0.1020E+01  0.8494E+01
  -3.916  0.1003E+01  0.8504E+01
  -3.906  0.9836E+00  0.8514E+01
  -3.896  0.9624E+00  0.8524E+01
  -3.886  0.9396E+00  0.8533E+01
  -3.876  0.9156E+00  0.8542E+01
  -3.866  0.8910E+00  0.8551E+01
  -3.856  0.8661E+00  0.8560E+01
  -3.846  0.8415E+00  0.8568E+01
  -3.836  0.8174E+00  0.8576E+01
  -3.826  0.7944E+00  0.8584E+01
  -3.816  0.7727E+00  0.8592E+01
  -3.806  0.7525E+00  0.8599E+01
  -3.796  0.7339E+00  0.8607E+01
  -3.786  0.7171E+00  0.8614E+01
  -3.776  0.7021E+00  0.8621E+01
  -3.766  0.6887E+00  0.8628E+01
  -3.756  0.6770E+00  0.8635E+01
  -3.746  0.6667E+00  0.8641E+01
  -3.736  0.6577E+00  0.8648E+01
  -3.726  0.6500E+00  0.8654E+01
  -3.716  0.6434E+00  0.8661E+01
  -3.706  0.6378E+00  0.8667E+01
  -3.696  0.6332E+00  0.8674E+01
  -3.686  0.6296E+00  0.8680E+01
  -3.676  0.6270E+00  0.8686E+01
  -3.666  0.6257E+00  0.8692E+01
  -3.656  0.6257E+00  0.8699E+01
  -3.646  0.6274E+00  0.8705E+01
  -3.636  0.6309E+00  0.8711E+01
  -3.626  0.6366E+00  0.8718E+01
  -3.616  0.6447E+00  0.8724E+01
  -3.606  0.6556E+00  0.8731E+01
  -3.596  0.6696E+00  0.8737E+01
  -3.586  0.6870E+00  0.8744E+01
  -3.576  0.7078E+00  0.8751E+01
  -3.566  0.7324E+00  0.8759E+01
  -3.556  0.7607E+00  0.8766E+01
  -3.546  0.7928E+00  0.8774E+01
  -3.536  0.8284E+00  0.8782E+01
  -3.526  0.8673E+00  0.8791E+01
  -3.516  0.9092E+00  0.8800E+01
  -3.506  0.9534E+00  0.8810E+01
  -3.496  0.9993E+00  0.8820E+01
  -3.486  0.1046E+01  0.8830E+01
  -3.476  0.1093E+01  0.8841E+01
  -3.466  0.1139E+01  0.8852E+01
  -3.456  0.1184E+01  0.8864E+01
  -3.446  0.1225E+01  0.8877E+01
  -3.436  0.1263E+01  0.8889E+01
  -3.426  0.1296E+01  0.8902E+01
  -3.416  0.1324E+01  0.8915E+01
  -3.406  0.1345E+01  0.8929E+01
  -3.396  0.1359E+01  0.8942E+01
  -3.386  0.1366E+01  0.8956E+01
  -3.376  0.1365E+01  0.8970E+01
  -3.366  0.1357E+01  0.8983E+01
  -3.356  0.1341E+01  0.8997E+01
  -3.346  0.1319E+01  0.9010E+01
  -3.336  0.1289E+01  0.9023E+01
  -3.326  0.1253E+01  0.9035E+01
  -3.316  0.1212E+01  0.9047E+01
  -3.306  0.1166E+01  0.9059E+01
  -3.296  0.1117E+01  0.9070E+01
  -3.286  0.1065E+01  0.9081E+01
  -3.276  0.1011E+01  0.9091E+01
  -3.266  0.9558E+00  0.9101E+01
  -3.256  0.9010E+00  0.9110E+01
  -3.246  0.8471E+00  0.9118E+01
  -3.236  0.7948E+00  0.9126E+01
  -3.226  0.7448E+00  0.9133E+01
  -3.216  0.6978E+00  0.9140E+01
  -3.206  0.6543E+00  0.9147E+01
  -3.196  0.6147E+00  0.9153E+01
  -3.186  0.5795E+00  0.9159E+01
  -3.176  0.5489E+00  0.9164E+01
  -3.166  0.5230E+00  0.9170E+01
  -3.156  0.5021E+00  0.9175E+01
  -3.146  0.4863E+00  0.9180E+01
  -3.136  0.4755E+00  0.9184E+01
  -3.126  0.4697E+00  0.9189E+01
  -3.116  0.4688E+00  0.9194E+01
  -3.106  0.4728E+00  0.9198E+01
  -3.096  0.4813E+00  0.9203E+01
  -3.086  0.4943E+00  0.9208E+01
  -3.076  0.5115E+00  0.9213E+01
  -3.066  0.5324E+00  0.9219E+01
  -3.056  0.5567E+00  0.9224E+01
  -3.046  0.5840E+00  0.9230E+01
  -3.036  0.6137E+00  0.9236E+01
  -3.026  0.6452E+00  0.9243E+01
  -3.016  0.6780E+00  0.9249E+01
  -3.006  0.7114E+00  0.9256E+01
  -2.996  0.7446E+00  0.9264E+01
  -2.986  0.7768E+00  0.9272E+01
  -2.976  0.8073E+00  0.9280E+01
  -2.966  0.8354E+00  0.9288E+01
  -2.956  0.8604E+00  0.9297E+01
  -2.946  0.8815E+00  0.9306E+01
  -2.936  0.8981E+00  0.9314E+01
  -2.926  0.9099E+00  0.9324E+01
  -2.916  0.9163E+00  0.9333E+01
  -2.906  0.9172E+00  0.9342E+01
  -2.896  0.9124E+00  0.9351E+01
  -2.886  0.9019E+00  0.9360E+01
  -2.876  0.8860E+00  0.9369E+01
  -2.866  0.8651E+00  0.9378E+01
  -2.856  0.8395E+00  0.9386E+01
  -2.846  0.8098E+00  0.9394E+01
  -2.836  0.7767E+00  0.9402E+01
  -2.826  0.7410E+00  0.9409E+01
  -2.816  0.7034E+00  0.9416E+01
  -2.806  0.6647E+00  0.9423E+01
  -2.796  0.6257E+00  0.9429E+01
  -2.786  0.5870E+00  0.9435E+01
  -2.776  0.5494E+00  0.9441E+01
  -2.766  0.5134E+00  0.9446E+01
  -2.756  0.4795E+00  0.9450E+01
  -2.746  0.4480E+00  0.9455E+01
  -2.736  0.4192E+00  0.9459E+01
  -2.726  0.3931E+00  0.9463E+01
  -2.716  0.3699E+00  0.9467E+01
  -2.706  0.3495E+00  0.9470E+01
  -2.696  0.3318E+00  0.9474E+01
  -2.686  0.3167E+00  0.9477E+01
  -2.676  0.3039E+00  0.9480E+01
  -2.666  0.2933E+00  0.9483E+01
  -2.656  0.2847E+00  0.9486E+01
  -2.646  0.2779E+00  0.9488E+01
  -2.636  0.2728E+00  0.9491E+01
  -2.626  0.2693E+00  0.9494E+01
  -2.616  0.2674E+00  0.9496E+01
  -2.606  0.2670E+00  0.9499E+01
  -2.596  0.2681E+00  0.9502E+01
  -2.586  0.2707E+00  0.9505E+01
  -2.576  0.2750E+00  0.9507E+01
  -2.566  0.2808E+00  0.9510E+01
  -2.556  0.2881E+00  0.9513E+01
  -2.546  0.2971E+00  0.9516E+01
  -2.536  0.3076E+00  0.9519E+01
  -2.526  0.3195E+00  0.9522E+01
  -2.516  0.3327E+00  0.9526E+01
  -2.506  0.3470E+00  0.9529E+01
  -2.496  0.3622E+00  0.9533E+01
  -2.486  0.3779E+00  0.9536E+01
  -2.476  0.3939E+00  0.9540E+01
  -2.466  0.4098E+00  0.9544E+01
  -2.456  0.4251E+00  0.9549E+01
  -2.446  0.4396E+00  0.9553E+01
  -2.436  0.4529E+00  0.9558E+01
  -2.426  0.4646E+00  0.9562E+01
  -2.416  0.4744E+00  0.9567E+01
  -2.406  0.4820E+00  0.9572E+01
  -2.396  0.4873E+00  0.9577E+01
  -2.386  0.4901E+00  0.9582E+01
  -2.376  0.4904E+00  0.9586E+01
  -2.366  0.4882E+00  0.9591E+01
  -2.356  0.4836E+00  0.9596E+01
  -2.346  0.4767E+00  0.9601E+01
  -2.336  0.4677E+00  0.9606E+01
  -2.326  0.4568E+00  0.9610E+01
  -2.316  0.4444E+00  0.9615E+01
  -2.306  0.4308E+00  0.9619E+01
  -2.296  0.4162E+00  0.9623E+01
  -2.286  0.4009E+00  0.9627E+01
  -2.276  0.3852E+00  0.9631E+01
  -2.266  0.3695E+00  0.9635E+01
  -2.256  0.3538E+00  0.9638E+01
  -2.246  0.3385E+00  0.9642E+01
  -2.236  0.3238E+00  0.9645E+01
  -2.226  0.3096E+00  0.9648E+01
  -2.216  0.2963E+00  0.9651E+01
  -2.206  0.2838E+00  0.9654E+01
  -2.196  0.2722E+00  0.9656E+01
  -2.186  0.2614E+00  0.9659E+01
  -2.176  0.2516E+00  0.9662E+01
  -2.166  0.2427E+00  0.9664E+01
  -2.156  0.2345E+00  0.9666E+01
  -2.146  0.2273E+00  0.9669E+01
  -2.136  0.2207E+00  0.9671E+01
  -2.126  0.2149E+00  0.9673E+01
  -2.116  0.2097E+00  0.9675E+01
  -2.106  0.2052E+00  0.9677E+01
  -2.096  0.2013E+00  0.9679E+01
  -2.086  0.1980E+00  0.9681E+01
  -2.076  0.1953E+00  0.9683E+01
  -2.066  0.1932E+00  0.9685E+01
  -2.056  0.1916E+00  0.9687E+01
  -2.046  0.1907E+00  0.9689E+01
  -2.036  0.1904E+00  0.9691E+01
  -2.026  0.1906E+00  0.9693E+01
  -2.016  0.1915E+00  0.9695E+01
  -2.006  0.1928E+00  0.9697E+01
  -1.996  0.1946E+00  0.9698E+01
  -1.986  0.1969E+00  0.9700E+01
  -1.976  0.1995E+00  0.9702E+01
  -1.966  0.2023E+00  0.9704E+01
  -1.956  0.2053E+00  0.9706E+01
  -1.946  0.2084E+00  0.9709E+01
  -1.936  0.2114E+00  0.9711E+01
  -1.926  0.2143E+00  0.9713E+01
  -1.916  0.2170E+00  0.9715E+01
  -1.906  0.2195E+00  0.9717E+01
  -1.896  0.2218E+00  0.9719E+01
  -1.886  0.2237E+00  0.9722E+01
  -1.876  0.2254E+00  0.9724E+01
  -1.866  0.2268E+00  0.9726E+01
  -1.856  0.2280E+00  0.9728E+01
  -1.846  0.2291E+00  0.9731E+01
  -1.836  0.2299E+00  0.9733E+01
  -1.826  0.2307E+00  0.9735E+01
  -1.816  0.2313E+00  0.9738E+01
  -1.806  0.2318E+00  0.9740E+01
  -1.796  0.2320E+00  0.9742E+01
  -1.786  0.2321E+00  0.9745E+01
  -1.776  0.2318E+00  0.9747E+01
  -1.766  0.2310E+00  0.9749E+01
  -1.756  0.2297E+00  0.9752E+01
  -1.746  0.2277E+00  0.9754E+01
  -1.736  0.2250E+00  0.9756E+01
  -1.726  0.2213E+00  0.9758E+01
  -1.716  0.2166E+00  0.9760E+01
  -1.706  0.2109E+00  0.9763E+01
  -1.696  0.2042E+00  0.9765E+01
  -1.686  0.1965E+00  0.9767E+01
  -1.676  0.1878E+00  0.9768E+01
  -1.666  0.1783E+00  0.9770E+01
  -1.656  0.1681E+00  0.9772E+01
  -1.646  0.1575E+00  0.9773E+01
  -1.636  0.1466E+00  0.9775E+01
  -1.626  0.1356E+00  0.9776E+01
  -1.616  0.1249E+00  0.9778E+01
  -1.606  0.1147E+00  0.9779E+01
  -1.596  0.1052E+00  0.9780E+01
  -1.586  0.9653E-01  0.9781E+01
  -1.576  0.8897E-01  0.9782E+01
  -1.566  0.8264E-01  0.9782E+01
  -1.556  0.7763E-01  0.9783E+01
  -1.546  0.7402E-01  0.9784E+01
  -1.536  0.7181E-01  0.9785E+01
  -1.526  0.7099E-01  0.9785E+01
  -1.516  0.7147E-01  0.9786E+01
  -1.506  0.7316E-01  0.9787E+01
  -1.496  0.7590E-01  0.9788E+01
  -1.486  0.7951E-01  0.9788E+01
  -1.476  0.8379E-01  0.9789E+01
  -1.466  0.8853E-01  0.9790E+01
  -1.456  0.9349E-01  0.9791E+01
  -1.446  0.9844E-01  0.9792E+01
  -1.436  0.1032E+00  0.9793E+01
  -1.426  0.1074E+00  0.9794E+01
  -1.416  0.1111E+00  0.9795E+01
  -1.406  0.1140E+00  0.9796E+01
  -1.396  0.1159E+00  0.9798E+01
  -1.386  0.1169E+00  0.9799E+01
  -1.376  0.1169E+00  0.9800E+01
  -1.366  0.1158E+00  0.9801E+01
  -1.356  0.1138E+00  0.9802E+01
  -1.346  0.1108E+00  0.9803E+01
  -1.336  0.1070E+00  0.9804E+01
  -1.326  0.1025E+00  0.9805E+01
  -1.316  0.9736E-01  0.9806E+01
  -1.306  0.9183E-01  0.9807E+01
  -1.296  0.8600E-01  0.9808E+01
  -1.286  0.8002E-01  0.9809E+01
  -1.276  0.7402E-01  0.9810E+01
  -1.266  0.6810E-01  0.9810E+01
  -1.256  0.6237E-01  0.9811E+01
  -1.246  0.5691E-01  0.9812E+01
  -1.236  0.5179E-01  0.9812E+01
  -1.226  0.4706E-01  0.9813E+01
  -1.216  0.4276E-01  0.9813E+01
  -1.206  0.3891E-01  0.9813E+01
  -1.196  0.3553E-01  0.9814E+01
  -1.186  0.3263E-01  0.9814E+01
  -1.176  0.3021E-01  0.9814E+01
  -1.166  0.2827E-01  0.9815E+01
  -1.156  0.2680E-01  0.9815E+01
  -1.146  0.2578E-01  0.9815E+01
  -1.136  0.2520E-01  0.9815E+01
  -1.126  0.2502E-01  0.9816E+01
  -1.116  0.2523E-01  0.9816E+01
  -1.106  0.2578E-01  0.9816E+01
  -1.096  0.2662E-01  0.9816E+01
  -1.086  0.2771E-01  0.9817E+01
  -1.076  0.2897E-01  0.9817E+01
  -1.066  0.3036E-01  0.9817E+01
  -1.056  0.3179E-01  0.9818E+01
  -1.046  0.3321E-01  0.9818E+01
  -1.036  0.3454E-01  0.9818E+01
  -1.026  0.3572E-01  0.9819E+01
  -1.016  0.3669E-01  0.9819E+01
  -1.006  0.3741E-01  0.9819E+01
  -0.996  0.3783E-01  0.9820E+01
  -0.986  0.3794E-01  0.9820E+01
  -0.976  0.3773E-01  0.9821E+01
  -0.966  0.3719E-01  0.9821E+01
  -0.956  0.3636E-01  0.9821E+01
  -0.946  0.3527E-01  0.9822E+01
  -0.936  0.3396E-01  0.9822E+01
  -0.926  0.3248E-01  0.9822E+01
  -0.916  0.3089E-01  0.9823E+01
  -0.906  0.2926E-01  0.9823E+01
  -0.896  0.2764E-01  0.9823E+01
  -0.886  0.2611E-01  0.9823E+01
  -0.876  0.2471E-01  0.9824E+01
  -0.866  0.2350E-01  0.9824E+01
  -0.856  0.2252E-01  0.9824E+01
  -0.846  0.2179E-01  0.9824E+01
  -0.836  0.2136E-01  0.9825E+01
  -0.826  0.2122E-01  0.9825E+01
  -0.816  0.2140E-01  0.9825E+01
  -0.806  0.2190E-01  0.9825E+01
  -0.796  0.2273E-01  0.9825E+01
  -0.786  0.2387E-01  0.9826E+01
  -0.776  0.2535E-01  0.9826E+01
  -0.766  0.2716E-01  0.9826E+01
  -0.756  0.2930E-01  0.9826E+01
  -0.746  0.3180E-01  0.9827E+01
  -0.736  0.3465E-01  0.9827E+01
  -0.726  0.3788E-01  0.9828E+01
  -0.716  0.4149E-01  0.9828E+01
  -0.706  0.4549E-01  0.9828E+01
  -0.696  0.4988E-01  0.9829E+01
  -0.686  0.5465E-01  0.9829E+01
  -0.676  0.5979E-01  0.9830E+01
  -0.666  0.6524E-01  0.9831E+01
  -0.656  0.7095E-01  0.9831E+01
  -0.646  0.7684E-01  0.9832E+01
  -0.636  0.8283E-01  0.9833E+01
  -0.626  0.8880E-01  0.9834E+01
  -0.616  0.9463E-01  0.9835E+01
  -0.606  0.1002E+00  0.9836E+01
  -0.596  0.1054E+00  0.9837E+01
  -0.586  0.1101E+00  0.9838E+01
  -0.576  0.1142E+00  0.9839E+01
  -0.566  0.1176E+00  0.9840E+01
  -0.556  0.1202E+00  0.9842E+01
  -0.546  0.1222E+00  0.9843E+01
  -0.536  0.1234E+00  0.9844E+01
  -0.526  0.1240E+00  0.9845E+01
  -0.516  0.1240E+00  0.9846E+01
  -0.506  0.1236E+00  0.9848E+01
  -0.496  0.1228E+00  0.9849E+01
  -0.486  0.1219E+00  0.9850E+01
  -0.476  0.1211E+00  0.9851E+01
  -0.466  0.1204E+00  0.9853E+01
  -0.456  0.1200E+00  0.9854E+01
  -0.446  0.1201E+00  0.9855E+01
  -0.436  0.1206E+00  0.9856E+01
  -0.426  0.1218E+00  0.9857E+01
  -0.416  0.1235E+00  0.9859E+01
  -0.406  0.1258E+00  0.9860E+01
  -0.396  0.1287E+00  0.9861E+01
  -0.386  0.1319E+00  0.9862E+01
  -0.376  0.1355E+00  0.9864E+01
  -0.366  0.1393E+00  0.9865E+01
  -0.356  0.1432E+00  0.9867E+01
  -0.346  0.1471E+00  0.9868E+01
  -0.336  0.1508E+00  0.9870E+01
  -0.326  0.1544E+00  0.9871E+01
  -0.316  0.1578E+00  0.9873E+01
  -0.306  0.1609E+00  0.9874E+01
  -0.296  0.1638E+00  0.9876E+01
  -0.286  0.1664E+00  0.9878E+01
  -0.276  0.1689E+00  0.9879E+01
  -0.266  0.1713E+00  0.9881E+01
  -0.256  0.1737E+00  0.9883E+01
  -0.246  0.1763E+00  0.9885E+01
  -0.236  0.1789E+00  0.9886E+01
  -0.226  0.1819E+00  0.9888E+01
  -0.216  0.1851E+00  0.9890E+01
  -0.206  0.1887E+00  0.9892E+01
  -0.196  0.1926E+00  0.9894E+01
  -0.186  0.1969E+00  0.9896E+01
  -0.176  0.2014E+00  0.9898E+01
  -0.166  0.2062E+00  0.9900E+01
  -0.156  0.2111E+00  0.9902E+01
  -0.146  0.2161E+00  0.9904E+01
  -0.136  0.2210E+00  0.9906E+01
  -0.126  0.2257E+00  0.9909E+01
  -0.116  0.2301E+00  0.9911E+01
  -0.106  0.2341E+00  0.9913E+01
  -0.096  0.2377E+00  0.9916E+01
  -0.086  0.2409E+00  0.9918E+01
  -0.076  0.2435E+00  0.9920E+01
  -0.066  0.2457E+00  0.9923E+01
  -0.056  0.2476E+00  0.9925E+01
  -0.046  0.2492E+00  0.9928E+01
  -0.036  0.2507E+00  0.9930E+01
  -0.026  0.2522E+00  0.9933E+01
  -0.016  0.2541E+00  0.9935E+01
  -0.006  0.2564E+00  0.9938E+01
   0.004  0.2594E+00  0.9941E+01
   0.014  0.2632E+00  0.9943E+01
   0.024  0.2681E+00  0.9946E+01
   0.034  0.2741E+00  0.9949E+01
   0.044  0.2812E+00  0.9951E+01
   0.054  0.2895E+00  0.9954E+01
   0.064  0.2989E+00  0.9957E+01
   0.074  0.3092E+00  0.9960E+01
   0.084  0.3203E+00  0.9964E+01
   0.094  0.3318E+00  0.9967E+01
   0.104  0.3435E+00  0.9970E+01
   0.114  0.3551E+00  0.9974E+01
   0.124  0.3661E+00  0.9978E+01
   0.134  0.3763E+00  0.9981E+01
   0.144  0.3854E+00  0.9985E+01
   0.154  0.3930E+00  0.9989E+01
   0.164  0.3991E+00  0.9993E+01
   0.174  0.4034E+00  0.9997E+01
   0.184  0.4059E+00  0.1000E+02
   0.194  0.4066E+00  0.1001E+02
   0.204  0.4057E+00  0.1001E+02
   0.214  0.4034E+00  0.1001E+02
   0.224  0.3999E+00  0.1002E+02
   0.234  0.3957E+00  0.1002E+02
   0.244  0.3912E+00  0.1003E+02
   0.254  0.3867E+00  0.1003E+02
   0.264  0.3829E+00  0.1003E+02
   0.274  0.3801E+00  0.1004E+02
   0.284  0.3789E+00  0.1004E+02
   0.294  0.3797E+00  0.1004E+02
   0.304  0.3828E+00  0.1005E+02
   0.314  0.3886E+00  0.1005E+02
   0.324  0.3973E+00  0.1006E+02
   0.334  0.4089E+00  0.1006E+02
   0.344  0.4235E+00  0.1006E+02
   0.354  0.4410E+00  0.1007E+02
   0.364  0.4613E+00  0.1007E+02
   0.374  0.4840E+00  0.1008E+02
   0.384  0.5087E+00  0.1008E+02
   0.394  0.5351E+00  0.1009E+02
   0.404  0.5627E+00  0.1009E+02
   0.414  0.5911E+00  0.1010E+02
   0.424  0.6197E+00  0.1011E+02
   0.434  0.6482E+00  0.1011E+02
   0.444  0.6762E+00  0.1012E+02
   0.454  0.7034E+00  0.1013E+02
   0.464  0.7297E+00  0.1013E+02
   0.474  0.7548E+00  0.1014E+02
   0.484  0.7788E+00  0.1015E+02
   0.494  0.8017E+00  0.1016E+02
   0.504  0.8237E+00  0.1017E+02
   0.514  0.8448E+00  0.1017E+02
   0.524  0.8652E+00  0.1018E+02
   0.534  0.8851E+00  0.1019E+02
   0.544  0.9046E+00  0.1020E+02
   0.554  0.9238E+00  0.1021E+02
   0.564  0.9427E+00  0.1022E+02
   0.574  0.9611E+00  0.1023E+02
   0.584  0.9791E+00  0.1024E+02
   0.594  0.9962E+00  0.1025E+02
   0.604  0.1012E+01  0.1026E+02
   0.614  0.1027E+01  0.1027E+02
   0.624  0.1040E+01  0.1028E+02
   0.634  0.1051E+01  0.1029E+02
   0.644  0.1060E+01  0.1030E+02
   0.654  0.1066E+01  0.1031E+02
   0.664  0.1070E+01  0.1032E+02
   0.674  0.1070E+01  0.1033E+02
   0.684  0.1068E+01  0.1034E+02
   0.694  0.1063E+01  0.1035E+02
   0.704  0.1056E+01  0.1036E+02
   0.714  0.1046E+01  0.1037E+02
   0.724  0.1034E+01  0.1039E+02
   0.734  0.1022E+01  0.1040E+02
   0.744  0.1008E+01  0.1041E+02
   0.754  0.9934E+00  0.1042E+02
   0.764  0.9793E+00  0.1043E+02
   0.774  0.9656E+00  0.1043E+02
   0.784  0.9529E+00  0.1044E+02
   0.794  0.9416E+00  0.1045E+02
   0.804  0.9319E+00  0.1046E+02
   0.814  0.9240E+00  0.1047E+02
   0.824  0.9181E+00  0.1048E+02
   0.834  0.9141E+00  0.1049E+02
   0.844  0.9120E+00  0.1050E+02
   0.854  0.9118E+00  0.1051E+02
   0.864  0.9130E+00  0.1052E+02
   0.874  0.9155E+00  0.1053E+02
   0.884  0.9189E+00  0.1054E+02
   0.894  0.9229E+00  0.1055E+02
   0.904  0.9270E+00  0.1055E+02
   0.914  0.9310E+00  0.1056E+02
   0.924  0.9346E+00  0.1057E+02
   0.934  0.9373E+00  0.1058E+02
   0.944  0.9390E+00  0.1059E+02
   0.954  0.9394E+00  0.1060E+02
   0.964  0.9384E+00  0.1061E+02
   0.974  0.9359E+00  0.1062E+02
   0.984  0.9319E+00  0.1063E+02
   0.994  0.9263E+00  0.1064E+02
   1.004  0.9193E+00  0.1065E+02
   1.014  0.9110E+00  0.1066E+02
   1.024  0.9014E+00  0.1067E+02
   1.034  0.8909E+00  0.1068E+02
   1.044  0.8796E+00  0.1068E+02
   1.054  0.8677E+00  0.1069E+02
   1.064  0.8555E+00  0.1070E+02
   1.074  0.8434E+00  0.1071E+02
   1.084  0.8315E+00  0.1072E+02
   1.094  0.8202E+00  0.1073E+02
   1.104  0.8097E+00  0.1073E+02
   1.114  0.8002E+00  0.1074E+02
   1.124  0.7920E+00  0.1075E+02
   1.134  0.7851E+00  0.1076E+02
   1.144  0.7798E+00  0.1077E+02
   1.154  0.7759E+00  0.1077E+02
   1.164  0.7735E+00  0.1078E+02
   1.174  0.7724E+00  0.1079E+02
   1.184  0.7724E+00  0.1080E+02
   1.194  0.7733E+00  0.1080E+02
   1.204  0.7747E+00  0.1081E+02
   1.214  0.7761E+00  0.1082E+02
   1.224  0.7773E+00  0.1083E+02
   1.234  0.7778E+00  0.1084E+02
   1.244  0.7772E+00  0.1084E+02
   1.254  0.7750E+00  0.1085E+02
   1.264  0.7711E+00  0.1086E+02
   1.274  0.7650E+00  0.1087E+02
   1.284  0.7568E+00  0.1087E+02
   1.294  0.7462E+00  0.1088E+02
   1.304  0.7334E+00  0.1089E+02
   1.314  0.7184E+00  0.1090E+02
   1.324  0.7016E+00  0.1090E+02
   1.334  0.6831E+00  0.1091E+02
   1.344  0.6634E+00  0.1092E+02
   1.354  0.6429E+00  0.1092E+02
   1.364  0.6222E+00  0.1093E+02
   1.374  0.6016E+00  0.1094E+02
   1.384  0.5818E+00  0.1094E+02
   1.394  0.5632E+00  0.1095E+02
   1.404  0.5463E+00  0.1095E+02
   1.414  0.5316E+00  0.1096E+02
   1.424  0.5193E+00  0.1096E+02
   1.434  0.5098E+00  0.1097E+02
   1.444  0.5032E+00  0.1097E+02
   1.454  0.4999E+00  0.1098E+02
   1.464  0.4997E+00  0.1098E+02
   1.474  0.5027E+00  0.1099E+02
   1.484  0.5087E+00  0.1099E+02
   1.494  0.5175E+00  0.1100E+02
   1.504  0.5288E+00  0.1100E+02
   1.514  0.5423E+00  0.1101E+02
   1.524  0.5574E+00  0.1101E+02
   1.534  0.5737E+00  0.1102E+02
   1.544  0.5906E+00  0.1103E+02
   1.554  0.6075E+00  0.1103E+02
   1.564  0.6239E+00  0.1104E+02
   1.574  0.6392E+00  0.1104E+02
   1.584  0.6529E+00  0.1105E+02
   1.594  0.6645E+00  0.1106E+02
   1.604  0.6735E+00  0.1106E+02
   1.614  0.6796E+00  0.1107E+02
   1.624  0.6826E+00  0.1108E+02
   1.634  0.6824E+00  0.1109E+02
   1.644  0.6790E+00  0.1109E+02
   1.654  0.6725E+00  0.1110E+02
   1.664  0.6631E+00  0.1111E+02
   1.674  0.6511E+00  0.1111E+02
   1.684  0.6371E+00  0.1112E+02
   1.694  0.6215E+00  0.1112E+02
   1.704  0.6049E+00  0.1113E+02
   1.714  0.5879E+00  0.1114E+02
   1.724  0.5711E+00  0.1114E+02
   1.734  0.5552E+00  0.1115E+02
   1.744  0.5407E+00  0.1115E+02
   1.754  0.5281E+00  0.1116E+02
   1.764  0.5180E+00  0.1116E+02
   1.774  0.5107E+00  0.1117E+02
   1.784  0.5063E+00  0.1117E+02
   1.794  0.5052E+00  0.1118E+02
   1.804  0.5071E+00  0.1118E+02
   1.814  0.5121E+00  0.1119E+02
   1.824  0.5199E+00  0.1119E+02
   1.834  0.5302E+00  0.1120E+02
   1.844  0.5424E+00  0.1120E+02
   1.854  0.5561E+00  0.1121E+02
   1.864  0.5706E+00  0.1122E+02
   1.874  0.5854E+00  0.1122E+02
   1.884  0.5999E+00  0.1123E+02
   1.894  0.6133E+00  0.1123E+02
   1.904  0.6251E+00  0.1124E+02
   1.914  0.6349E+00  0.1125E+02
   1.924  0.6421E+00  0.1125E+02
   1.934  0.6463E+00  0.1126E+02
   1.944  0.6474E+00  0.1127E+02
   1.954  0.6453E+00  0.1127E+02
   1.964  0.6397E+00  0.1128E+02
   1.974  0.6310E+00  0.1129E+02
   1.984  0.6192E+00  0.1129E+02
   1.994  0.6047E+00  0.1130E+02
   2.004  0.5878E+00  0.1130E+02
   2.014  0.5690E+00  0.1131E+02
   2.024  0.5488E+00  0.1131E+02
   2.034  0.5277E+00  0.1132E+02
   2.044  0.5063E+00  0.1132E+02
   2.054  0.4850E+00  0.1133E+02
   2.064  0.4643E+00  0.1133E+02
   2.074  0.4446E+00  0.1134E+02
   2.084  0.4263E+00  0.1134E+02
   2.094  0.4098E+00  0.1135E+02
   2.104  0.3951E+00  0.1135E+02
   2.114  0.3825E+00  0.1135E+02
   2.124  0.3722E+00  0.1136E+02
   2.134  0.3641E+00  0.1136E+02
   2.144  0.3583E+00  0.1137E+02
   2.154  0.3549E+00  0.1137E+02
   2.164  0.3538E+00  0.1137E+02
   2.174  0.3551E+00  0.1138E+02
   2.184  0.3587E+00  0.1138E+02
   2.194  0.3648E+00  0.1138E+02
   2.204  0.3734E+00  0.1139E+02
   2.214  0.3844E+00  0.1139E+02
   2.224  0.3980E+00  0.1140E+02
   2.234  0.4142E+00  0.1140E+02
   2.244  0.4329E+00  0.1140E+02
   2.254  0.4539E+00  0.1141E+02
   2.264  0.4772E+00  0.1141E+02
   2.274  0.5024E+00  0.1142E+02
   2.284  0.5293E+00  0.1142E+02
   2.294  0.5573E+00  0.1143E+02
   2.304  0.5860E+00  0.1143E+02
   2.314  0.6148E+00  0.1144E+02
   2.324  0.6429E+00  0.1145E+02
   2.334  0.6698E+00  0.1145E+02
   2.344  0.6949E+00  0.1146E+02
   2.354  0.7174E+00  0.1147E+02
   2.364  0.7368E+00  0.1148E+02
   2.374  0.7526E+00  0.1148E+02
   2.384  0.7646E+00  0.1149E+02
   2.394  0.7725E+00  0.1150E+02
   2.404  0.7762E+00  0.1151E+02
   2.414  0.7758E+00  0.1151E+02
   2.424  0.7716E+00  0.1152E+02
   2.434  0.7639E+00  0.1153E+02
   2.444  0.7532E+00  0.1154E+02
   2.454  0.7401E+00  0.1154E+02
   2.464  0.7253E+00  0.1155E+02
   2.474  0.7094E+00  0.1156E+02
   2.484  0.6931E+00  0.1157E+02
   2.494  0.6771E+00  0.1157E+02
   2.504  0.6620E+00  0.1158E+02
   2.514  0.6483E+00  0.1159E+02
   2.524  0.6365E+00  0.1159E+02
   2.534  0.6269E+00  0.1160E+02
   2.544  0.6197E+00  0.1160E+02
   2.554  0.6149E+00  0.1161E+02
   2.564  0.6126E+00  0.1162E+02
   2.574  0.6128E+00  0.1162E+02
   2.584  0.6151E+00  0.1163E+02
   2.594  0.6193E+00  0.1163E+02
   2.604  0.6252E+00  0.1164E+02
   2.614  0.6325E+00  0.1165E+02
   2.624  0.6408E+00  0.1165E+02
   2.634  0.6499E+00  0.1166E+02
   2.644  0.6596E+00  0.1167E+02
   2.654  0.6695E+00  0.1167E+02
   2.664  0.6796E+00  0.1168E+02
   2.674  0.6897E+00  0.1169E+02
   2.684  0.6998E+00  0.1169E+02
   2.694  0.7099E+00  0.1170E+02
   2.704  0.7199E+00  0.1171E+02
   2.714  0.7300E+00  0.1172E+02
   2.724  0.7400E+00  0.1172E+02
   2.734  0.7501E+00  0.1173E+02
   2.744  0.7602E+00  0.1174E+02
   2.754  0.7702E+00  0.1175E+02
   2.764  0.7801E+00  0.1175E+02
   2.774  0.7898E+00  0.1176E+02
   2.784  0.7992E+00  0.1177E+02
   2.794  0.8080E+00  0.1178E+02
   2.804  0.8161E+00  0.1179E+02
   2.814  0.8234E+00  0.1179E+02
   2.824  0.8297E+00  0.1180E+02
   2.834  0.8348E+00  0.1181E+02
   2.844  0.8386E+00  0.1182E+02
   2.854  0.8412E+00  0.1183E+02
   2.864  0.8426E+00  0.1184E+02
   2.874  0.8427E+00  0.1184E+02
   2.884  0.8417E+00  0.1185E+02
   2.894  0.8399E+00  0.1186E+02
   2.904  0.8372E+00  0.1187E+02
   2.914  0.8341E+00  0.1188E+02
   2.924  0.8307E+00  0.1189E+02
   2.934  0.8273E+00  0.1189E+02
   2.944  0.8240E+00  0.1190E+02
   2.954  0.8212E+00  0.1191E+02
   2.964  0.8189E+00  0.1192E+02
   2.974  0.8174E+00  0.1193E+02
   2.984  0.8169E+00  0.1194E+02
   2.994  0.8173E+00  0.1194E+02
   3.004  0.8189E+00  0.1195E+02
   3.014  0.8216E+00  0.1196E+02
   3.024  0.8256E+00  0.1197E+02
   3.034  0.8308E+00  0.1198E+02
   3.044  0.8372E+00  0.1199E+02
   3.054  0.8448E+00  0.1199E+02
   3.064  0.8536E+00  0.1200E+02
   3.074  0.8634E+00  0.1201E+02
   3.084  0.8743E+00  0.1202E+02
   3.094  0.8860E+00  0.1203E+02
   3.104  0.8984E+00  0.1204E+02
   3.114  0.9113E+00  0.1205E+02
   3.124  0.9245E+00  0.1206E+02
   3.134  0.9377E+00  0.1207E+02
   3.144  0.9507E+00  0.1207E+02
   3.154  0.9632E+00  0.1208E+02
   3.164  0.9749E+00  0.1209E+02
   3.174  0.9855E+00  0.1210E+02
   3.184  0.9947E+00  0.1211E+02
   3.194  0.1002E+01  0.1212E+02
   3.204  0.1008E+01  0.1213E+02
   3.214  0.1012E+01  0.1214E+02
   3.224  0.1013E+01  0.1215E+02
   3.234  0.1012E+01  0.1216E+02
   3.244  0.1009E+01  0.1217E+02
   3.254  0.1004E+01  0.1218E+02
   3.264  0.9965E+00  0.1219E+02
   3.274  0.9873E+00  0.1220E+02
   3.284  0.9767E+00  0.1221E+02
   3.294  0.9648E+00  0.1222E+02
   3.304  0.9520E+00  0.1223E+02
   3.314  0.9388E+00  0.1224E+02
   3.324  0.9255E+00  0.1225E+02
   3.334  0.9126E+00  0.1226E+02
   3.344  0.9004E+00  0.1227E+02
   3.354  0.8893E+00  0.1228E+02
   3.364  0.8797E+00  0.1229E+02
   3.374  0.8717E+00  0.1230E+02
   3.384  0.8656E+00  0.1231E+02
   3.394  0.8614E+00  0.1231E+02
   3.404  0.8592E+00  0.1232E+02
   3.414  0.8589E+00  0.1233E+02
   3.424  0.8604E+00  0.1234E+02
   3.434  0.8633E+00  0.1235E+02
   3.444  0.8675E+00  0.1236E+02
   3.454  0.8726E+00  0.1237E+02
   3.464  0.8784E+00  0.1237E+02
   3.474  0.8844E+00  0.1238E+02
   3.484  0.8904E+00  0.1239E+02
   3.494  0.8962E+00  0.1240E+02
   3.504  0.9016E+00  0.1241E+02
   3.514  0.9066E+00  0.1242E+02
   3.524  0.9113E+00  0.1243E+02
   3.534  0.9158E+00  0.1244E+02
   3.544  0.9203E+00  0.1245E+02
   3.554  0.9251E+00  0.1246E+02
   3.564  0.9306E+00  0.1247E+02
   3.574  0.9373E+00  0.1247E+02
   3.584  0.9454E+00  0.1248E+02
   3.594  0.9554E+00  0.1249E+02
   3.604  0.9674E+00  0.1250E+02
   3.614  0.9816E+00  0.1251E+02
   3.624  0.9982E+00  0.1252E+02
   3.634  0.1017E+01  0.1253E+02
   3.644  0.1038E+01  0.1254E+02
   3.654  0.1060E+01  0.1255E+02
   3.664  0.1083E+01  0.1257E+02
   3.674  0.1107E+01  0.1258E+02
   3.684  0.1131E+01  0.1259E+02
   3.694  0.1154E+01  0.1260E+02
   3.704  0.1176E+01  0.1261E+02
   3.714  0.1195E+01  0.1262E+02
   3.724  0.1211E+01  0.1263E+02
   3.734  0.1224E+01  0.1265E+02
   3.744  0.1234E+01  0.1266E+02
   3.754  0.1239E+01  0.1267E+02
   3.764  0.1240E+01  0.1268E+02
   3.774  0.1236E+01  0.1270E+02
   3.784  0.1229E+01  0.1271E+02
   3.794  0.1217E+01  0.1272E+02
   3.804  0.1201E+01  0.1273E+02
   3.814  0.1183E+01  0.1274E+02
   3.824  0.1161E+01  0.1276E+02
   3.834  0.1138E+01  0.1277E+02
   3.844  0.1113E+01  0.1278E+02
   3.854  0.1087E+01  0.1279E+02
   3.864  0.1061E+01  0.1280E+02
   3.874  0.1035E+01  0.1281E+02
   3.884  0.1011E+01  0.1282E+02
   3.894  0.9884E+00  0.1283E+02
   3.904  0.9682E+00  0.1284E+02
   3.914  0.9510E+00  0.1285E+02
   3.924  0.9372E+00  0.1286E+02
   3.934  0.9272E+00  0.1287E+02
   3.944  0.9214E+00  0.1288E+02
   3.954  0.9201E+00  0.1289E+02
   3.964  0.9233E+00  0.1290E+02
   3.974  0.9311E+00  0.1291E+02
   3.984  0.9433E+00  0.1291E+02
   3.994  0.9596E+00  0.1292E+02
   4.004  0.9797E+00  0.1293E+02
   4.014  0.1003E+01  0.1294E+02
   4.024  0.1029E+01  0.1295E+02
   4.034  0.1057E+01  0.1297E+02
   4.044  0.1086E+01  0.1298E+02
   4.054  0.1115E+01  0.1299E+02
   4.064  0.1143E+01  0.1300E+02
   4.074  0.1170E+01  0.1301E+02
   4.084  0.1194E+01  0.1302E+02
   4.094  0.1216E+01  0.1303E+02
   4.104  0.1234E+01  0.1305E+02
   4.114  0.1247E+01  0.1306E+02
   4.124  0.1256E+01  0.1307E+02
   4.134  0.1261E+01  0.1308E+02
   4.144  0.1261E+01  0.1310E+02
   4.154  0.1257E+01  0.1311E+02
   4.164  0.1248E+01  0.1312E+02
   4.174  0.1236E+01  0.1313E+02
   4.184  0.1221E+01  0.1315E+02
   4.194  0.1204E+01  0.1316E+02
   4.204  0.1184E+01  0.1317E+02
   4.214  0.1164E+01  0.1318E+02
   4.224  0.1143E+01  0.1319E+02
   4.234  0.1123E+01  0.1320E+02
   4.244  0.1104E+01  0.1322E+02
   4.254  0.1087E+01  0.1323E+02
   4.264  0.1071E+01  0.1324E+02
   4.274  0.1059E+01  0.1325E+02
   4.284  0.1049E+01  0.1326E+02
   4.294  0.1043E+01  0.1327E+02
   4.304  0.1039E+01  0.1328E+02
   4.314  0.1039E+01  0.1329E+02
   4.324  0.1043E+01  0.1330E+02
   4.334  0.1049E+01  0.1331E+02
   4.344  0.1059E+01  0.1332E+02
   4.354  0.1071E+01  0.1333E+02
   4.364  0.1085E+01  0.1334E+02
   4.374  0.1102E+01  0.1335E+02
   4.384  0.1121E+01  0.1337E+02
   4.394  0.1141E+01  0.1338E+02
   4.404  0.1163E+01  0.1339E+02
   4.414  0.1187E+01  0.1340E+02
   4.424  0.1211E+01  0.1341E+02
   4.434  0.1237E+01  0.1342E+02
   4.444  0.1264E+01  0.1344E+02
   4.454  0.1292E+01  0.1345E+02
   4.464  0.1320E+01  0.1346E+02
   4.474  0.1349E+01  0.1348E+02
   4.484  0.1379E+01  0.1349E+02
   4.494  0.1409E+01  0.1350E+02
   4.504  0.1438E+01  0.1352E+02
   4.514  0.1467E+01  0.1353E+02
   4.524  0.1496E+01  0.1355E+02
   4.534  0.1523E+01  0.1356E+02
   4.544  0.1547E+01  0.1358E+02
   4.554  0.1570E+01  0.1360E+02
   4.564  0.1590E+01  0.1361E+02
   4.574  0.1607E+01  0.1363E+02
   4.584  0.1620E+01  0.1364E+02
   4.594  0.1629E+01  0.1366E+02
   4.604  0.1635E+01  0.1368E+02
   4.614  0.1636E+01  0.1369E+02
   4.624  0.1634E+01  0.1371E+02
   4.634  0.1628E+01  0.1372E+02
   4.644  0.1619E+01  0.1374E+02
   4.654  0.1607E+01  0.1376E+02
   4.664  0.1592E+01  0.1377E+02
   4.674  0.1575E+01  0.1379E+02
   4.684  0.1556E+01  0.1380E+02
   4.694  0.1537E+01  0.1382E+02
   4.704  0.1516E+01  0.1383E+02
   4.714  0.1495E+01  0.1385E+02
   4.724  0.1474E+01  0.1386E+02
   4.734  0.1453E+01  0.1388E+02
   4.744  0.1432E+01  0.1389E+02
   4.754  0.1413E+01  0.1391E+02
   4.764  0.1394E+01  0.1392E+02
   4.774  0.1376E+01  0.1394E+02
   4.784  0.1360E+01  0.1395E+02
   4.794  0.1346E+01  0.1396E+02
   4.804  0.1333E+01  0.1398E+02
   4.814  0.1323E+01  0.1399E+02
   4.824  0.1315E+01  0.1400E+02
   4.834  0.1309E+01  0.1402E+02
   4.844  0.1307E+01  0.1403E+02
   4.854  0.1307E+01  0.1404E+02
   4.864  0.1310E+01  0.1405E+02
   4.874  0.1317E+01  0.1407E+02
   4.884  0.1326E+01  0.1408E+02
   4.894  0.1338E+01  0.1409E+02
   4.904  0.1352E+01  0.1411E+02
   4.914  0.1367E+01  0.1412E+02
   4.924  0.1384E+01  0.1414E+02
   4.934  0.1402E+01  0.1415E+02
   4.944  0.1419E+01  0.1416E+02
   4.954  0.1436E+01  0.1418E+02
   4.964  0.1451E+01  0.1419E+02
   4.974  0.1465E+01  0.1421E+02
   4.984  0.1477E+01  0.1422E+02
   4.994  0.1487E+01  0.1424E+02
   5.004  0.1495E+01  0.1425E+02
   5.014  0.1500E+01  0.1427E+02
   5.024  0.1503E+01  0.1428E+02
   5.034  0.1505E+01  0.1430E+02
   5.044  0.1505E+01  0.1431E+02
   5.054  0.1505E+01  0.1433E+02
   5.064  0.1504E+01  0.1434E+02
   5.074  0.1503E+01  0.1436E+02
   5.084  0.1502E+01  0.1437E+02
   5.094  0.1502E+01  0.1439E+02
   5.104  0.1502E+01  0.1440E+02
   5.114  0.1504E+01  0.1442E+02
   5.124  0.1506E+01  0.1443E+02
   5.134  0.1508E+01  0.1445E+02
   5.144  0.1511E+01  0.1446E+02
   5.154  0.1513E+01  0.1448E+02
   5.164  0.1515E+01  0.1449E+02
   5.174  0.1515E+01  0.1451E+02
   5.184  0.1514E+01  0.1452E+02
   5.194  0.1510E+01  0.1454E+02
   5.204  0.1504E+01  0.1455E+02
   5.214  0.1495E+01  0.1457E+02
   5.224  0.1484E+01  0.1458E+02
   5.234  0.1469E+01  0.1460E+02
   5.244  0.1451E+01  0.1461E+02
   5.254  0.1431E+01  0.1463E+02
   5.264  0.1409E+01  0.1464E+02
   5.274  0.1385E+01  0.1465E+02
   5.284  0.1360E+01  0.1467E+02
   5.294  0.1335E+01  0.1468E+02
   5.304  0.1311E+01  0.1469E+02
   5.314  0.1288E+01  0.1471E+02
   5.324  0.1267E+01  0.1472E+02
   5.334  0.1248E+01  0.1473E+02
   5.344  0.1234E+01  0.1474E+02
   5.354  0.1223E+01  0.1476E+02
   5.364  0.1216E+01  0.1477E+02
   5.374  0.1214E+01  0.1478E+02
   5.384  0.1217E+01  0.1479E+02
   5.394  0.1224E+01  0.1481E+02
   5.404  0.1236E+01  0.1482E+02
   5.414  0.1252E+01  0.1483E+02
   5.424  0.1272E+01  0.1484E+02
   5.434  0.1295E+01  0.1486E+02
   5.444  0.1320E+01  0.1487E+02
   5.454  0.1348E+01  0.1488E+02
   5.464  0.1376E+01  0.1490E+02
   5.474  0.1404E+01  0.1491E+02
   5.484  0.1433E+01  0.1492E+02
   5.494  0.1460E+01  0.1494E+02
   5.504  0.1485E+01  0.1495E+02
   5.514  0.1508E+01  0.1497E+02
   5.524  0.1529E+01  0.1498E+02
   5.534  0.1547E+01  0.1500E+02
   5.544  0.1561E+01  0.1502E+02
   5.554  0.1572E+01  0.1503E+02
   5.564  0.1579E+01  0.1505E+02
   5.574  0.1583E+01  0.1506E+02
   5.584  0.1584E+01  0.1508E+02
   5.594  0.1581E+01  0.1509E+02
   5.604  0.1576E+01  0.1511E+02
   5.614  0.1567E+01  0.1513E+02
   5.624  0.1557E+01  0.1514E+02
   5.634  0.1544E+01  0.1516E+02
   5.644  0.1530E+01  0.1517E+02
   5.654  0.1514E+01  0.1519E+02
   5.664  0.1498E+01  0.1520E+02
   5.674  0.1482E+01  0.1522E+02
   5.684  0.1465E+01  0.1523E+02
   5.694  0.1450E+01  0.1525E+02
   5.704  0.1435E+01  0.1526E+02
   5.714  0.1421E+01  0.1527E+02
   5.724  0.1410E+01  0.1529E+02
   5.734  0.1400E+01  0.1530E+02
   5.744  0.1392E+01  0.1532E+02
   5.754  0.1385E+01  0.1533E+02
   5.764  0.1382E+01  0.1534E+02
   5.774  0.1380E+01  0.1536E+02
   5.784  0.1380E+01  0.1537E+02
   5.794  0.1382E+01  0.1539E+02
   5.804  0.1386E+01  0.1540E+02
   5.814  0.1391E+01  0.1541E+02
   5.824  0.1398E+01  0.1543E+02
   5.834  0.1407E+01  0.1544E+02
   5.844  0.1416E+01  0.1546E+02
   5.854  0.1427E+01  0.1547E+02
   5.864  0.1439E+01  0.1548E+02
   5.874  0.1451E+01  0.1550E+02
   5.884  0.1464E+01  0.1551E+02
   5.894  0.1478E+01  0.1553E+02
   5.904  0.1493E+01  0.1554E+02
   5.914  0.1509E+01  0.1556E+02
   5.924  0.1525E+01  0.1557E+02
   5.934  0.1542E+01  0.1559E+02
   5.944  0.1560E+01  0.1560E+02
   5.954  0.1578E+01  0.1562E+02
   5.964  0.1596E+01  0.1564E+02
   5.974  0.1615E+01  0.1565E+02
   5.984  0.1634E+01  0.1567E+02
   5.994  0.1653E+01  0.1569E+02
   6.004  0.1671E+01  0.1570E+02
   6.014  0.1689E+01  0.1572E+02
   6.024  0.1706E+01  0.1574E+02
   6.034  0.1723E+01  0.1575E+02
   6.044  0.1738E+01  0.1577E+02
   6.054  0.1753E+01  0.1579E+02
   6.064  0.1766E+01  0.1581E+02
   6.074  0.1779E+01  0.1582E+02
   6.084  0.1791E+01  0.1584E+02
   6.094  0.1802E+01  0.1586E+02
   6.104  0.1814E+01  0.1588E+02
   6.114  0.1825E+01  0.1590E+02
   6.124  0.1837E+01  0.1591E+02
   6.134  0.1850E+01  0.1593E+02
   6.144  0.1864E+01  0.1595E+02
   6.154  0.1878E+01  0.1597E+02
   6.164  0.1893E+01  0.1599E+02
   6.174  0.1910E+01  0.1601E+02
   6.184  0.1926E+01  0.1603E+02
   6.194  0.1943E+01  0.1605E+02
   6.204  0.1959E+01  0.1607E+02
   6.214  0.1975E+01  0.1609E+02
   6.224  0.1989E+01  0.1611E+02
   6.234  0.2001E+01  0.1613E+02
   6.244  0.2010E+01  0.1615E+02
   6.254  0.2017E+01  0.1617E+02
   6.264  0.2019E+01  0.1619E+02
   6.274  0.2018E+01  0.1621E+02
   6.284  0.2013E+01  0.1623E+02
   6.294  0.2004E+01  0.1625E+02
   6.304  0.1992E+01  0.1627E+02
   6.314  0.1977E+01  0.1629E+02
   6.324  0.1959E+01  0.1631E+02
   6.334  0.1940E+01  0.1633E+02
   6.344  0.1919E+01  0.1635E+02
   6.354  0.1899E+01  0.1636E+02
   6.364  0.1879E+01  0.1638E+02
   6.374  0.1862E+01  0.1640E+02
   6.384  0.1847E+01  0.1642E+02
   6.394  0.1836E+01  0.1644E+02
   6.404  0.1828E+01  0.1646E+02
   6.414  0.1826E+01  0.1647E+02
   6.424  0.1828E+01  0.1649E+02
   6.434  0.1836E+01  0.1651E+02
   6.444  0.1848E+01  0.1653E+02
   6.454  0.1866E+01  0.1655E+02
   6.464  0.1889E+01  0.1657E+02
   6.474  0.1917E+01  0.1659E+02
   6.484  0.1949E+01  0.1661E+02
   6.494  0.1985E+01  0.1663E+02
   6.504  0.2024E+01  0.1665E+02
   6.514  0.2066E+01  0.1667E+02
   6.524  0.2111E+01  0.1669E+02
   6.534  0.2158E+01  0.1671E+02
   6.544  0.2207E+01  0.1673E+02
   6.554  0.2257E+01  0.1675E+02
   6.564  0.2309E+01  0.1678E+02
   6.574  0.2361E+01  0.1680E+02
   6.584  0.2414E+01  0.1683E+02
   6.594  0.2467E+01  0.1685E+02
   6.604  0.2520E+01  0.1688E+02
   6.614  0.2574E+01  0.1690E+02
   6.624  0.2626E+01  0.1693E+02
   6.634  0.2678E+01  0.1695E+02
   6.644  0.2729E+01  0.1698E+02
   6.654  0.2779E+01  0.1701E+02
   6.664  0.2826E+01  0.1704E+02
   6.674  0.2871E+01  0.1707E+02
   6.684  0.2914E+01  0.1710E+02
   6.694  0.2953E+01  0.1712E+02
   6.704  0.2989E+01  0.1715E+02
   6.714  0.3020E+01  0.1718E+02
   6.724  0.3048E+01  0.1722E+02
   6.734  0.3072E+01  0.1725E+02
   6.744  0.3092E+01  0.1728E+02
   6.754  0.3107E+01  0.1731E+02
   6.764  0.3119E+01  0.1734E+02
   6.774  0.3127E+01  0.1737E+02
   6.784  0.3131E+01  0.1740E+02
   6.794  0.3133E+01  0.1743E+02
   6.804  0.3132E+01  0.1746E+02
   6.814  0.3130E+01  0.1750E+02
   6.824  0.3125E+01  0.1753E+02
   6.834  0.3120E+01  0.1756E+02
   6.844  0.3113E+01  0.1759E+02
   6.854  0.3106E+01  0.1762E+02
   6.864  0.3098E+01  0.1765E+02
   6.874  0.3090E+01  0.1768E+02
   6.884  0.3082E+01  0.1771E+02
   6.894  0.3073E+01  0.1774E+02
   6.904  0.3064E+01  0.1777E+02
   6.914  0.3055E+01  0.1780E+02
   6.924  0.3047E+01  0.1784E+02
   6.934  0.3038E+01  0.1787E+02
   6.944  0.3030E+01  0.1790E+02
   6.954  0.3022E+01  0.1793E+02
   6.964  0.3016E+01  0.1796E+02
   6.974  0.3010E+01  0.1799E+02
   6.984  0.3006E+01  0.1802E+02
   6.994  0.3003E+01  0.1805E+02
   7.004  0.3002E+01  0.1808E+02
   7.014  0.3003E+01  0.1811E+02
   7.024  0.3006E+01  0.1814E+02
   7.034  0.3010E+01  0.1817E+02
   7.044  0.3016E+01  0.1820E+02
   7.054  0.3022E+01  0.1823E+02
   7.064  0.3029E+01  0.1826E+02
   7.074  0.3036E+01  0.1829E+02
   7.084  0.3042E+01  0.1832E+02
   7.094  0.3047E+01  0.1835E+02
   7.104  0.3050E+01  0.1838E+02
   7.114  0.3050E+01  0.1841E+02
   7.124  0.3046E+01  0.1844E+02
   7.134  0.3040E+01  0.1847E+02
   7.144  0.3029E+01  0.1850E+02
   7.154  0.3016E+01  0.1853E+02
   7.164  0.2998E+01  0.1856E+02
   7.174  0.2978E+01  0.1859E+02
   7.184  0.2954E+01  0.1862E+02
   7.194  0.2929E+01  0.1865E+02
   7.204  0.2903E+01  0.1868E+02
   7.214  0.2875E+01  0.1871E+02
   7.224  0.2848E+01  0.1874E+02
   7.234  0.2823E+01  0.1876E+02
   7.244  0.2799E+01  0.1879E+02
   7.254  0.2778E+01  0.1882E+02
   7.264  0.2761E+01  0.1885E+02
   7.274  0.2748E+01  0.1887E+02
   7.284  0.2741E+01  0.1890E+02
   7.294  0.2740E+01  0.1893E+02
   7.304  0.2746E+01  0.1896E+02
   7.314  0.2759E+01  0.1898E+02
   7.324  0.2782E+01  0.1901E+02
   7.334  0.2813E+01  0.1904E+02
   7.344  0.2854E+01  0.1907E+02
   7.354  0.2905E+01  0.1910E+02
   7.364  0.2967E+01  0.1913E+02
   7.374  0.3040E+01  0.1916E+02
   7.384  0.3124E+01  0.1919E+02
   7.394  0.3219E+01  0.1922E+02
   7.404  0.3323E+01  0.1926E+02
   7.414  0.3437E+01  0.1929E+02
   7.424  0.3559E+01  0.1933E+02
   7.434  0.3687E+01  0.1936E+02
   7.444  0.3821E+01  0.1940E+02
   7.454  0.3956E+01  0.1944E+02
   7.464  0.4092E+01  0.1948E+02
   7.474  0.4226E+01  0.1952E+02
   7.484  0.4354E+01  0.1957E+02
   7.494  0.4475E+01  0.1961E+02
   7.504  0.4586E+01  0.1966E+02
   7.514  0.4685E+01  0.1970E+02
   7.524  0.4769E+01  0.1975E+02
   7.534  0.4837E+01  0.1980E+02
   7.544  0.4888E+01  0.1985E+02
   7.554  0.4920E+01  0.1990E+02
   7.564  0.4934E+01  0.1995E+02
   7.574  0.4929E+01  0.2000E+02
   7.584  0.4906E+01  0.2005E+02
   7.594  0.4865E+01  0.2009E+02
   7.604  0.4809E+01  0.2014E+02
   7.614  0.4740E+01  0.2019E+02
   7.624  0.4658E+01  0.2024E+02
   7.634  0.4567E+01  0.2028E+02
   7.644  0.4468E+01  0.2033E+02
   7.654  0.4364E+01  0.2037E+02
   7.664  0.4258E+01  0.2041E+02
   7.674  0.4151E+01  0.2045E+02
   7.684  0.4046E+01  0.2049E+02
   7.694  0.3944E+01  0.2053E+02
   7.704  0.3847E+01  0.2057E+02
   7.714  0.3757E+01  0.2061E+02
   7.724  0.3673E+01  0.2065E+02
   7.734  0.3598E+01  0.2068E+02
   7.744  0.3530E+01  0.2072E+02
   7.754  0.3471E+01  0.2075E+02
   7.764  0.3420E+01  0.2079E+02
   7.774  0.3375E+01  0.2082E+02
   7.784  0.3338E+01  0.2085E+02
   7.794  0.3306E+01  0.2089E+02
   7.804  0.3279E+01  0.2092E+02
   7.814  0.3255E+01  0.2095E+02
   7.824  0.3235E+01  0.2099E+02
   7.834  0.3215E+01  0.2102E+02
   7.844  0.3197E+01  0.2105E+02
   7.854  0.3179E+01  0.2108E+02
   7.864  0.3159E+01  0.2111E+02
   7.874  0.3138E+01  0.2114E+02
   7.884  0.3116E+01  0.2118E+02
   7.894  0.3092E+01  0.2121E+02
   7.904  0.3066E+01  0.2124E+02
   7.914  0.3038E+01  0.2127E+02
   7.924  0.3010E+01  0.2130E+02
   7.934  0.2982E+01  0.2133E+02
   7.944  0.2954E+01  0.2136E+02
   7.954  0.2928E+01  0.2139E+02
   7.964  0.2904E+01  0.2142E+02
   7.974  0.2883E+01  0.2144E+02
   7.984  0.2868E+01  0.2147E+02
   7.994  0.2857E+01  0.2150E+02
   8.004  0.2853E+01  0.2153E+02
   8.014  0.2855E+01  0.2156E+02
   8.024  0.2865E+01  0.2159E+02
   8.034  0.2881E+01  0.2162E+02
   8.044  0.2905E+01  0.2164E+02
   8.054  0.2936E+01  0.2167E+02
   8.064  0.2973E+01  0.2170E+02
   8.074  0.3016E+01  0.2173E+02
   8.084  0.3063E+01  0.2176E+02
   8.094  0.3114E+01  0.2180E+02
   8.104  0.3167E+01  0.2183E+02
   8.114  0.3221E+01  0.2186E+02
   8.124  0.3276E+01  0.2189E+02
   8.134  0.3329E+01  0.2193E+02
   8.144  0.3379E+01  0.2196E+02
   8.154  0.3426E+01  0.2199E+02
   8.164  0.3468E+01  0.2203E+02
   8.174  0.3505E+01  0.2206E+02
   8.184  0.3536E+01  0.2210E+02
   8.194  0.3561E+01  0.2213E+02
   8.204  0.3580E+01  0.2217E+02
   8.214  0.3592E+01  0.2221E+02
   8.224  0.3598E+01  0.2224E+02
   8.234  0.3597E+01  0.2228E+02
   8.244  0.3591E+01  0.2231E+02
   8.254  0.3581E+01  0.2235E+02
   8.264  0.3565E+01  0.2239E+02
   8.274  0.3547E+01  0.2242E+02
   8.284  0.3525E+01  0.2246E+02
   8.294  0.3500E+01  0.2249E+02
   8.304  0.3473E+01  0.2253E+02
   8.314  0.3445E+01  0.2256E+02
   8.324  0.3416E+01  0.2259E+02
   8.334  0.3385E+01  0.2263E+02
   8.344  0.3353E+01  0.2266E+02
   8.354  0.3321E+01  0.2270E+02
   8.364  0.3287E+01  0.2273E+02
   8.374  0.3252E+01  0.2276E+02
   8.384  0.3216E+01  0.2279E+02
   8.394  0.3179E+01  0.2282E+02
   8.404  0.3140E+01  0.2286E+02
   8.414  0.3100E+01  0.2289E+02
   8.424  0.3058E+01  0.2292E+02
   8.434  0.3016E+01  0.2295E+02
   8.444  0.2973E+01  0.2298E+02
   8.454  0.2930E+01  0.2301E+02
   8.464  0.2888E+01  0.2304E+02
   8.474  0.2846E+01  0.2306E+02
   8.484  0.2806E+01  0.2309E+02
   8.494  0.2767E+01  0.2312E+02
   8.504  0.2732E+01  0.2315E+02
   8.514  0.2700E+01  0.2317E+02
   8.524  0.2671E+01  0.2320E+02
   8.534  0.2647E+01  0.2323E+02
   8.544  0.2627E+01  0.2325E+02
   8.554  0.2611E+01  0.2328E+02
   8.564  0.2601E+01  0.2331E+02
   8.574  0.2595E+01  0.2333E+02
   8.584  0.2595E+01  0.2336E+02
   8.594  0.2600E+01  0.2338E+02
   8.604  0.2610E+01  0.2341E+02
   8.614  0.2624E+01  0.2344E+02
   8.624  0.2644E+01  0.2346E+02
   8.634  0.2668E+01  0.2349E+02
   8.644  0.2697E+01  0.2352E+02
   8.654  0.2729E+01  0.2354E+02
   8.664  0.2765E+01  0.2357E+02
   8.674  0.2805E+01  0.2360E+02
   8.684  0.2847E+01  0.2363E+02
   8.694  0.2890E+01  0.2366E+02
   8.704  0.2935E+01  0.2369E+02
   8.714  0.2980E+01  0.2372E+02
   8.724  0.3024E+01  0.2375E+02
   8.734  0.3066E+01  0.2378E+02
   8.744  0.3105E+01  0.2381E+02
   8.754  0.3141E+01  0.2384E+02
   8.764  0.3171E+01  0.2387E+02
   8.774  0.3196E+01  0.2390E+02
   8.784  0.3214E+01  0.2393E+02
   8.794  0.3225E+01  0.2397E+02
   8.804  0.3229E+01  0.2400E+02
   8.814  0.3225E+01  0.2403E+02
   8.824  0.3214E+01  0.2406E+02
   8.834  0.3196E+01  0.2410E+02
   8.844  0.3172E+01  0.2413E+02
   8.854  0.3143E+01  0.2416E+02
   8.864  0.3109E+01  0.2419E+02
   8.874  0.3072E+01  0.2422E+02
   8.884  0.3033E+01  0.2425E+02
   8.894  0.2993E+01  0.2428E+02
   8.904  0.2953E+01  0.2431E+02
   8.914  0.2915E+01  0.2434E+02
   8.924  0.2879E+01  0.2437E+02
   8.934  0.2847E+01  0.2440E+02
   8.944  0.2819E+01  0.2442E+02
   8.954  0.2795E+01  0.2445E+02
   8.964  0.2777E+01  0.2448E+02
   8.974  0.2765E+01  0.2451E+02
   8.984  0.2759E+01  0.2454E+02
   8.994  0.2758E+01  0.2456E+02
   9.004  0.2764E+01  0.2459E+02
   9.014  0.2775E+01  0.2462E+02
