#  E (eV)   dos(E)     Int dos(E) EFermi =   -4.222 eV
 -14.222  0.9461E+00  0.1892E-01
 -14.202  0.9137E+00  0.3720E-01
 -14.182  0.8679E+00  0.5455E-01
 -14.162  0.8134E+00  0.7082E-01
 -14.142  0.7551E+00  0.8592E-01
 -14.122  0.6972E+00  0.9987E-01
 -14.102  0.6431E+00  0.1127E+00
 -14.082  0.5951E+00  0.1246E+00
 -14.062  0.5550E+00  0.1357E+00
 -14.042  0.5242E+00  0.1462E+00
 -14.022  0.5042E+00  0.1563E+00
 -14.002  0.4965E+00  0.1662E+00
 -13.982  0.5024E+00  0.1763E+00
 -13.962  0.5230E+00  0.1867E+00
 -13.942  0.5580E+00  0.1979E+00
 -13.922  0.6063E+00  0.2100E+00
 -13.902  0.6649E+00  0.2233E+00
 -13.882  0.7297E+00  0.2379E+00
 -13.862  0.7956E+00  0.2538E+00
 -13.842  0.8574E+00  0.2710E+00
 -13.822  0.9099E+00  0.2892E+00
 -13.802  0.9491E+00  0.3082E+00
 -13.782  0.9723E+00  0.3276E+00
 -13.762  0.9779E+00  0.3472E+00
 -13.742  0.9661E+00  0.3665E+00
 -13.722  0.9383E+00  0.3852E+00
 -13.702  0.8971E+00  0.4032E+00
 -13.682  0.8461E+00  0.4201E+00
 -13.662  0.7900E+00  0.4359E+00
 -13.642  0.7341E+00  0.4506E+00
 -13.622  0.6843E+00  0.4643E+00
 -13.602  0.6460E+00  0.4772E+00
 -13.582  0.6239E+00  0.4897E+00
 -13.562  0.6211E+00  0.5021E+00
 -13.542  0.6381E+00  0.5149E+00
 -13.522  0.6723E+00  0.5283E+00
 -13.502  0.7186E+00  0.5427E+00
 -13.482  0.7694E+00  0.5581E+00
 -13.462  0.8161E+00  0.5744E+00
 -13.442  0.8507E+00  0.5914E+00
 -13.422  0.8666E+00  0.6087E+00
 -13.402  0.8608E+00  0.6260E+00
 -13.382  0.8338E+00  0.6426E+00
 -13.362  0.7896E+00  0.6584E+00
 -13.342  0.7352E+00  0.6731E+00
 -13.322  0.6791E+00  0.6867E+00
 -13.302  0.6297E+00  0.6993E+00
 -13.282  0.5939E+00  0.7112E+00
 -13.262  0.5763E+00  0.7227E+00
 -13.242  0.5786E+00  0.7343E+00
 -13.222  0.5997E+00  0.7463E+00
 -13.202  0.6367E+00  0.7590E+00
 -13.182  0.6856E+00  0.7727E+00
 -13.162  0.7423E+00  0.7876E+00
 -13.142  0.8028E+00  0.8036E+00
 -13.122  0.8638E+00  0.8209E+00
 -13.102  0.9222E+00  0.8393E+00
 -13.082  0.9750E+00  0.8588E+00
 -13.062  0.1019E+01  0.8792E+00
 -13.042  0.1050E+01  0.9002E+00
 -13.022  0.1064E+01  0.9215E+00
 -13.002  0.1060E+01  0.9427E+00
 -12.982  0.1036E+01  0.9634E+00
 -12.962  0.9919E+00  0.9832E+00
 -12.942  0.9328E+00  0.1002E+01
 -12.922  0.8639E+00  0.1019E+01
 -12.902  0.7917E+00  0.1035E+01
 -12.882  0.7229E+00  0.1049E+01
 -12.862  0.6628E+00  0.1063E+01
 -12.842  0.6151E+00  0.1075E+01
 -12.822  0.5813E+00  0.1087E+01
 -12.802  0.5617E+00  0.1098E+01
 -12.782  0.5556E+00  0.1109E+01
 -12.762  0.5621E+00  0.1120E+01
 -12.742  0.5808E+00  0.1132E+01
 -12.722  0.6113E+00  0.1144E+01
 -12.702  0.6538E+00  0.1157E+01
 -12.682  0.7078E+00  0.1171E+01
 -12.662  0.7716E+00  0.1187E+01
 -12.642  0.8423E+00  0.1204E+01
 -12.622  0.9149E+00  0.1222E+01
 -12.602  0.9835E+00  0.1242E+01
 -12.582  0.1042E+01  0.1262E+01
 -12.562  0.1083E+01  0.1284E+01
 -12.542  0.1102E+01  0.1306E+01
 -12.522  0.1098E+01  0.1328E+01
 -12.502  0.1070E+01  0.1349E+01
 -12.482  0.1021E+01  0.1370E+01
 -12.462  0.9582E+00  0.1389E+01
 -12.442  0.8872E+00  0.1407E+01
 -12.422  0.8158E+00  0.1423E+01
 -12.402  0.7509E+00  0.1438E+01
 -12.382  0.6984E+00  0.1452E+01
 -12.362  0.6630E+00  0.1465E+01
 -12.342  0.6474E+00  0.1478E+01
 -12.322  0.6531E+00  0.1491E+01
 -12.302  0.6796E+00  0.1505E+01
 -12.282  0.7248E+00  0.1519E+01
 -12.262  0.7848E+00  0.1535E+01
 -12.242  0.8541E+00  0.1552E+01
 -12.222  0.9257E+00  0.1571E+01
 -12.202  0.9922E+00  0.1591E+01
 -12.182  0.1046E+01  0.1611E+01
 -12.162  0.1083E+01  0.1633E+01
 -12.142  0.1098E+01  0.1655E+01
 -12.122  0.1093E+01  0.1677E+01
 -12.102  0.1070E+01  0.1698E+01
 -12.082  0.1038E+01  0.1719E+01
 -12.062  0.1002E+01  0.1739E+01
 -12.042  0.9724E+00  0.1759E+01
 -12.022  0.9541E+00  0.1778E+01
 -12.002  0.9516E+00  0.1797E+01
 -11.982  0.9655E+00  0.1816E+01
 -11.962  0.9940E+00  0.1836E+01
 -11.942  0.1033E+01  0.1857E+01
 -11.922  0.1078E+01  0.1878E+01
 -11.902  0.1123E+01  0.1901E+01
 -11.882  0.1167E+01  0.1924E+01
 -11.862  0.1207E+01  0.1948E+01
 -11.842  0.1245E+01  0.1973E+01
 -11.822  0.1280E+01  0.1999E+01
 -11.802  0.1316E+01  0.2025E+01
 -11.782  0.1352E+01  0.2052E+01
 -11.762  0.1388E+01  0.2080E+01
 -11.742  0.1421E+01  0.2108E+01
 -11.722  0.1447E+01  0.2137E+01
 -11.702  0.1464E+01  0.2166E+01
 -11.682  0.1469E+01  0.2196E+01
 -11.662  0.1462E+01  0.2225E+01
 -11.642  0.1445E+01  0.2254E+01
 -11.622  0.1422E+01  0.2282E+01
 -11.602  0.1401E+01  0.2310E+01
 -11.582  0.1385E+01  0.2338E+01
 -11.562  0.1380E+01  0.2366E+01
 -11.542  0.1388E+01  0.2393E+01
 -11.522  0.1408E+01  0.2422E+01
 -11.502  0.1438E+01  0.2450E+01
 -11.482  0.1473E+01  0.2480E+01
 -11.462  0.1509E+01  0.2510E+01
 -11.442  0.1541E+01  0.2541E+01
 -11.422  0.1568E+01  0.2572E+01
 -11.402  0.1590E+01  0.2604E+01
 -11.382  0.1606E+01  0.2636E+01
 -11.362  0.1621E+01  0.2669E+01
 -11.342  0.1637E+01  0.2701E+01
 -11.322  0.1654E+01  0.2734E+01
 -11.302  0.1672E+01  0.2768E+01
 -11.282  0.1690E+01  0.2802E+01
 -11.262  0.1703E+01  0.2836E+01
 -11.242  0.1709E+01  0.2870E+01
 -11.222  0.1704E+01  0.2904E+01
 -11.202  0.1688E+01  0.2938E+01
 -11.182  0.1661E+01  0.2971E+01
 -11.162  0.1626E+01  0.3003E+01
 -11.142  0.1587E+01  0.3035E+01
 -11.122  0.1551E+01  0.3066E+01
 -11.102  0.1524E+01  0.3097E+01
 -11.082  0.1511E+01  0.3127E+01
 -11.062  0.1517E+01  0.3157E+01
 -11.042  0.1545E+01  0.3188E+01
 -11.022  0.1594E+01  0.3220E+01
 -11.002  0.1663E+01  0.3253E+01
 -10.982  0.1746E+01  0.3288E+01
 -10.962  0.1836E+01  0.3325E+01
 -10.942  0.1926E+01  0.3363E+01
 -10.922  0.2008E+01  0.3404E+01
 -10.902  0.2075E+01  0.3445E+01
 -10.882  0.2123E+01  0.3488E+01
 -10.862  0.2152E+01  0.3531E+01
 -10.842  0.2162E+01  0.3574E+01
 -10.822  0.2158E+01  0.3617E+01
 -10.802  0.2143E+01  0.3660E+01
 -10.782  0.2124E+01  0.3702E+01
 -10.762  0.2107E+01  0.3744E+01
 -10.742  0.2094E+01  0.3786E+01
 -10.722  0.2091E+01  0.3828E+01
 -10.702  0.2096E+01  0.3870E+01
 -10.682  0.2108E+01  0.3912E+01
 -10.662  0.2125E+01  0.3955E+01
 -10.642  0.2142E+01  0.3998E+01
 -10.622  0.2153E+01  0.4041E+01
 -10.602  0.2154E+01  0.4084E+01
 -10.582  0.2143E+01  0.4127E+01
 -10.562  0.2118E+01  0.4169E+01
 -10.542  0.2082E+01  0.4211E+01
 -10.522  0.2036E+01  0.4251E+01
 -10.502  0.1985E+01  0.4291E+01
 -10.482  0.1932E+01  0.4330E+01
 -10.462  0.1879E+01  0.4367E+01
 -10.442  0.1827E+01  0.4404E+01
 -10.422  0.1779E+01  0.4439E+01
 -10.402  0.1735E+01  0.4474E+01
 -10.382  0.1696E+01  0.4508E+01
 -10.362  0.1664E+01  0.4541E+01
 -10.342  0.1640E+01  0.4574E+01
 -10.322  0.1625E+01  0.4607E+01
 -10.302  0.1620E+01  0.4639E+01
 -10.282  0.1622E+01  0.4671E+01
 -10.262  0.1630E+01  0.4704E+01
 -10.242  0.1641E+01  0.4737E+01
 -10.222  0.1653E+01  0.4770E+01
 -10.202  0.1663E+01  0.4803E+01
 -10.182  0.1672E+01  0.4837E+01
 -10.162  0.1678E+01  0.4870E+01
 -10.142  0.1680E+01  0.4904E+01
 -10.122  0.1679E+01  0.4937E+01
 -10.102  0.1674E+01  0.4971E+01
 -10.082  0.1663E+01  0.5004E+01
 -10.062  0.1646E+01  0.5037E+01
 -10.042  0.1621E+01  0.5069E+01
 -10.022  0.1585E+01  0.5101E+01
 -10.002  0.1537E+01  0.5132E+01
  -9.982  0.1480E+01  0.5161E+01
  -9.962  0.1416E+01  0.5190E+01
  -9.942  0.1351E+01  0.5217E+01
  -9.922  0.1292E+01  0.5243E+01
  -9.902  0.1246E+01  0.5267E+01
  -9.882  0.1219E+01  0.5292E+01
  -9.862  0.1214E+01  0.5316E+01
  -9.842  0.1231E+01  0.5341E+01
  -9.822  0.1268E+01  0.5366E+01
  -9.802  0.1318E+01  0.5392E+01
  -9.782  0.1374E+01  0.5420E+01
  -9.762  0.1429E+01  0.5449E+01
  -9.742  0.1476E+01  0.5478E+01
  -9.722  0.1511E+01  0.5508E+01
  -9.702  0.1531E+01  0.5539E+01
  -9.682  0.1537E+01  0.5570E+01
  -9.662  0.1532E+01  0.5600E+01
  -9.642  0.1517E+01  0.5631E+01
  -9.622  0.1496E+01  0.5661E+01
  -9.602  0.1474E+01  0.5690E+01
  -9.582  0.1451E+01  0.5719E+01
  -9.562  0.1431E+01  0.5748E+01
  -9.542  0.1411E+01  0.5776E+01
  -9.522  0.1393E+01  0.5804E+01
  -9.502  0.1373E+01  0.5831E+01
  -9.482  0.1351E+01  0.5858E+01
  -9.462  0.1325E+01  0.5885E+01
  -9.442  0.1295E+01  0.5911E+01
  -9.422  0.1261E+01  0.5936E+01
  -9.402  0.1225E+01  0.5960E+01
  -9.382  0.1189E+01  0.5984E+01
  -9.362  0.1159E+01  0.6007E+01
  -9.342  0.1136E+01  0.6030E+01
  -9.322  0.1125E+01  0.6052E+01
  -9.302  0.1125E+01  0.6075E+01
  -9.282  0.1136E+01  0.6098E+01
  -9.262  0.1158E+01  0.6121E+01
  -9.242  0.1187E+01  0.6145E+01
  -9.222  0.1221E+01  0.6169E+01
  -9.202  0.1257E+01  0.6194E+01
  -9.182  0.1294E+01  0.6220E+01
  -9.162  0.1330E+01  0.6247E+01
  -9.142  0.1364E+01  0.6274E+01
  -9.122  0.1395E+01  0.6302E+01
  -9.102  0.1420E+01  0.6330E+01
  -9.082  0.1437E+01  0.6359E+01
  -9.062  0.1442E+01  0.6388E+01
  -9.042  0.1433E+01  0.6416E+01
  -9.022  0.1407E+01  0.6445E+01
  -9.002  0.1363E+01  0.6472E+01
  -8.982  0.1305E+01  0.6498E+01
  -8.962  0.1236E+01  0.6523E+01
  -8.942  0.1162E+01  0.6546E+01
  -8.922  0.1093E+01  0.6568E+01
  -8.902  0.1036E+01  0.6589E+01
  -8.882  0.9966E+00  0.6608E+01
  -8.862  0.9803E+00  0.6628E+01
  -8.842  0.9885E+00  0.6648E+01
  -8.822  0.1020E+01  0.6668E+01
  -8.802  0.1070E+01  0.6690E+01
  -8.782  0.1132E+01  0.6712E+01
  -8.762  0.1198E+01  0.6736E+01
  -8.742  0.1258E+01  0.6761E+01
  -8.722  0.1306E+01  0.6787E+01
  -8.702  0.1334E+01  0.6814E+01
  -8.682  0.1341E+01  0.6841E+01
  -8.662  0.1326E+01  0.6867E+01
  -8.642  0.1294E+01  0.6893E+01
  -8.622  0.1251E+01  0.6918E+01
  -8.602  0.1205E+01  0.6943E+01
  -8.582  0.1162E+01  0.6966E+01
  -8.562  0.1129E+01  0.6988E+01
  -8.542  0.1107E+01  0.7010E+01
  -8.522  0.1097E+01  0.7032E+01
  -8.502  0.1098E+01  0.7054E+01
  -8.482  0.1107E+01  0.7077E+01
  -8.462  0.1121E+01  0.7099E+01
  -8.442  0.1137E+01  0.7122E+01
  -8.422  0.1153E+01  0.7145E+01
  -8.402  0.1167E+01  0.7168E+01
  -8.382  0.1178E+01  0.7192E+01
  -8.362  0.1185E+01  0.7215E+01
  -8.342  0.1188E+01  0.7239E+01
  -8.322  0.1186E+01  0.7263E+01
  -8.302  0.1178E+01  0.7286E+01
  -8.282  0.1164E+01  0.7310E+01
  -8.262  0.1145E+01  0.7333E+01
  -8.242  0.1123E+01  0.7355E+01
  -8.222  0.1099E+01  0.7377E+01
  -8.202  0.1076E+01  0.7398E+01
  -8.182  0.1058E+01  0.7420E+01
  -8.162  0.1046E+01  0.7441E+01
  -8.142  0.1044E+01  0.7461E+01
  -8.122  0.1053E+01  0.7483E+01
  -8.102  0.1072E+01  0.7504E+01
  -8.082  0.1100E+01  0.7526E+01
  -8.062  0.1136E+01  0.7549E+01
  -8.042  0.1174E+01  0.7572E+01
  -8.022  0.1210E+01  0.7596E+01
  -8.002  0.1239E+01  0.7621E+01
  -7.982  0.1254E+01  0.7646E+01
  -7.962  0.1254E+01  0.7671E+01
  -7.942  0.1236E+01  0.7696E+01
  -7.922  0.1202E+01  0.7720E+01
  -7.902  0.1155E+01  0.7743E+01
  -7.882  0.1103E+01  0.7765E+01
  -7.862  0.1052E+01  0.7786E+01
  -7.842  0.1010E+01  0.7806E+01
  -7.822  0.9808E+00  0.7826E+01
  -7.802  0.9689E+00  0.7845E+01
  -7.782  0.9742E+00  0.7865E+01
  -7.762  0.9946E+00  0.7885E+01
  -7.742  0.1026E+01  0.7905E+01
  -7.722  0.1062E+01  0.7927E+01
  -7.702  0.1097E+01  0.7949E+01
  -7.682  0.1128E+01  0.7971E+01
  -7.662  0.1150E+01  0.7994E+01
  -7.642  0.1163E+01  0.8017E+01
  -7.622  0.1166E+01  0.8041E+01
  -7.602  0.1163E+01  0.8064E+01
  -7.582  0.1154E+01  0.8087E+01
  -7.562  0.1144E+01  0.8110E+01
  -7.542  0.1135E+01  0.8133E+01
  -7.522  0.1127E+01  0.8155E+01
  -7.502  0.1122E+01  0.8178E+01
  -7.482  0.1120E+01  0.8200E+01
  -7.462  0.1120E+01  0.8222E+01
  -7.442  0.1120E+01  0.8245E+01
  -7.422  0.1117E+01  0.8267E+01
  -7.402  0.1110E+01  0.8289E+01
  -7.382  0.1095E+01  0.8311E+01
  -7.362  0.1072E+01  0.8333E+01
  -7.342  0.1039E+01  0.8353E+01
  -7.322  0.9969E+00  0.8373E+01
  -7.302  0.9474E+00  0.8392E+01
  -7.282  0.8938E+00  0.8410E+01
  -7.262  0.8402E+00  0.8427E+01
  -7.242  0.7908E+00  0.8443E+01
  -7.222  0.7495E+00  0.8458E+01
  -7.202  0.7194E+00  0.8472E+01
  -7.182  0.7017E+00  0.8486E+01
  -7.162  0.6966E+00  0.8500E+01
  -7.142  0.7023E+00  0.8514E+01
  -7.122  0.7164E+00  0.8529E+01
  -7.102  0.7356E+00  0.8543E+01
  -7.082  0.7566E+00  0.8558E+01
  -7.062  0.7767E+00  0.8574E+01
  -7.042  0.7943E+00  0.8590E+01
  -7.022  0.8091E+00  0.8606E+01
  -7.002  0.8217E+00  0.8622E+01
  -6.982  0.8337E+00  0.8639E+01
  -6.962  0.8471E+00  0.8656E+01
  -6.942  0.8632E+00  0.8673E+01
  -6.922  0.8824E+00  0.8691E+01
  -6.902  0.9041E+00  0.8709E+01
  -6.882  0.9264E+00  0.8728E+01
  -6.862  0.9469E+00  0.8747E+01
  -6.842  0.9629E+00  0.8766E+01
  -6.822  0.9727E+00  0.8785E+01
  -6.802  0.9754E+00  0.8805E+01
  -6.782  0.9710E+00  0.8824E+01
  -6.762  0.9610E+00  0.8843E+01
  -6.742  0.9472E+00  0.8862E+01
  -6.722  0.9322E+00  0.8881E+01
  -6.702  0.9183E+00  0.8899E+01
  -6.682  0.9080E+00  0.8917E+01
  -6.662  0.9032E+00  0.8936E+01
  -6.642  0.9055E+00  0.8954E+01
  -6.622  0.9155E+00  0.8972E+01
  -6.602  0.9328E+00  0.8991E+01
  -6.582  0.9560E+00  0.9010E+01
  -6.562  0.9822E+00  0.9029E+01
  -6.542  0.1008E+01  0.9050E+01
  -6.522  0.1029E+01  0.9070E+01
  -6.502  0.1044E+01  0.9091E+01
  -6.482  0.1048E+01  0.9112E+01
  -6.462  0.1043E+01  0.9133E+01
  -6.442  0.1029E+01  0.9153E+01
  -6.422  0.1009E+01  0.9174E+01
  -6.402  0.9836E+00  0.9193E+01
  -6.382  0.9555E+00  0.9212E+01
  -6.362  0.9248E+00  0.9231E+01
  -6.342  0.8904E+00  0.9249E+01
  -6.322  0.8509E+00  0.9266E+01
  -6.302  0.8048E+00  0.9282E+01
  -6.282  0.7517E+00  0.9297E+01
  -6.262  0.6924E+00  0.9311E+01
  -6.242  0.6297E+00  0.9323E+01
  -6.222  0.5673E+00  0.9335E+01
  -6.202  0.5096E+00  0.9345E+01
  -6.182  0.4606E+00  0.9354E+01
  -6.162  0.4235E+00  0.9362E+01
  -6.142  0.4000E+00  0.9370E+01
  -6.122  0.3903E+00  0.9378E+01
  -6.102  0.3936E+00  0.9386E+01
  -6.082  0.4078E+00  0.9394E+01
  -6.062  0.4303E+00  0.9403E+01
  -6.042  0.4577E+00  0.9412E+01
  -6.022  0.4870E+00  0.9422E+01
  -6.002  0.5148E+00  0.9432E+01
  -5.982  0.5387E+00  0.9443E+01
  -5.962  0.5567E+00  0.9454E+01
  -5.942  0.5678E+00  0.9465E+01
  -5.922  0.5719E+00  0.9477E+01
  -5.902  0.5696E+00  0.9488E+01
  -5.882  0.5622E+00  0.9499E+01
  -5.862  0.5507E+00  0.9510E+01
  -5.842  0.5362E+00  0.9521E+01
  -5.822  0.5190E+00  0.9532E+01
  -5.802  0.4992E+00  0.9542E+01
  -5.782  0.4763E+00  0.9551E+01
  -5.762  0.4500E+00  0.9560E+01
  -5.742  0.4203E+00  0.9568E+01
  -5.722  0.3879E+00  0.9576E+01
  -5.702  0.3541E+00  0.9583E+01
  -5.682  0.3208E+00  0.9590E+01
  -5.662  0.2902E+00  0.9596E+01
  -5.642  0.2643E+00  0.9601E+01
  -5.622  0.2450E+00  0.9606E+01
  -5.602  0.2330E+00  0.9610E+01
  -5.582  0.2286E+00  0.9615E+01
  -5.562  0.2312E+00  0.9620E+01
  -5.542  0.2398E+00  0.9624E+01
  -5.522  0.2528E+00  0.9629E+01
  -5.502  0.2685E+00  0.9635E+01
  -5.482  0.2853E+00  0.9641E+01
  -5.462  0.3015E+00  0.9647E+01
  -5.442  0.3156E+00  0.9653E+01
  -5.422  0.3263E+00  0.9659E+01
  -5.402  0.3330E+00  0.9666E+01
  -5.382  0.3352E+00  0.9673E+01
  -5.362  0.3333E+00  0.9679E+01
  -5.342  0.3278E+00  0.9686E+01
  -5.322  0.3196E+00  0.9692E+01
  -5.302  0.3096E+00  0.9699E+01
  -5.282  0.2986E+00  0.9705E+01
  -5.262  0.2870E+00  0.9710E+01
  -5.242  0.2750E+00  0.9716E+01
  -5.222  0.2627E+00  0.9721E+01
  -5.202  0.2500E+00  0.9726E+01
  -5.182  0.2366E+00  0.9731E+01
  -5.162  0.2226E+00  0.9735E+01
  -5.142  0.2081E+00  0.9739E+01
  -5.122  0.1933E+00  0.9743E+01
  -5.102  0.1784E+00  0.9747E+01
  -5.082  0.1638E+00  0.9750E+01
  -5.062  0.1498E+00  0.9753E+01
  -5.042  0.1370E+00  0.9756E+01
  -5.022  0.1260E+00  0.9758E+01
  -5.002  0.1173E+00  0.9761E+01
  -4.982  0.1115E+00  0.9763E+01
  -4.962  0.1093E+00  0.9765E+01
  -4.942  0.1110E+00  0.9767E+01
  -4.922  0.1166E+00  0.9770E+01
  -4.902  0.1255E+00  0.9772E+01
  -4.882  0.1370E+00  0.9775E+01
  -4.862  0.1498E+00  0.9778E+01
  -4.842  0.1626E+00  0.9781E+01
  -4.822  0.1738E+00  0.9785E+01
  -4.802  0.1823E+00  0.9788E+01
  -4.782  0.1869E+00  0.9792E+01
  -4.762  0.1871E+00  0.9796E+01
  -4.742  0.1825E+00  0.9799E+01
  -4.722  0.1732E+00  0.9803E+01
  -4.702  0.1598E+00  0.9806E+01
  -4.682  0.1431E+00  0.9809E+01
  -4.662  0.1242E+00  0.9811E+01
  -4.642  0.1043E+00  0.9813E+01
  -4.622  0.8472E-01  0.9815E+01
  -4.602  0.6646E-01  0.9817E+01
  -4.582  0.5037E-01  0.9818E+01
  -4.562  0.3700E-01  0.9818E+01
  -4.542  0.2656E-01  0.9819E+01
  -4.522  0.1902E-01  0.9819E+01
  -4.502  0.1415E-01  0.9819E+01
  -4.482  0.1165E-01  0.9820E+01
  -4.462  0.1121E-01  0.9820E+01
  -4.442  0.1252E-01  0.9820E+01
  -4.422  0.1532E-01  0.9820E+01
  -4.402  0.1936E-01  0.9821E+01
  -4.382  0.2440E-01  0.9821E+01
  -4.362  0.3015E-01  0.9822E+01
  -4.342  0.3630E-01  0.9823E+01
  -4.322  0.4248E-01  0.9824E+01
  -4.302  0.4829E-01  0.9824E+01
  -4.282  0.5333E-01  0.9826E+01
  -4.262  0.5723E-01  0.9827E+01
  -4.242  0.5968E-01  0.9828E+01
  -4.222  0.6051E-01  0.9829E+01
  -4.202  0.5964E-01  0.9830E+01
  -4.182  0.5714E-01  0.9831E+01
  -4.162  0.5322E-01  0.9833E+01
  -4.142  0.4818E-01  0.9833E+01
  -4.122  0.4239E-01  0.9834E+01
  -4.102  0.3623E-01  0.9835E+01
  -4.082  0.3009E-01  0.9836E+01
  -4.062  0.2433E-01  0.9836E+01
  -4.042  0.1925E-01  0.9837E+01
  -4.022  0.1512E-01  0.9837E+01
  -4.002  0.1216E-01  0.9837E+01
  -3.982  0.1061E-01  0.9837E+01
  -3.962  0.1075E-01  0.9837E+01
  -3.942  0.1292E-01  0.9838E+01
  -3.922  0.1751E-01  0.9838E+01
  -3.902  0.2498E-01  0.9839E+01
  -3.882  0.3572E-01  0.9839E+01
  -3.862  0.4999E-01  0.9840E+01
  -3.842  0.6777E-01  0.9842E+01
  -3.822  0.8867E-01  0.9843E+01
  -3.802  0.1118E+00  0.9846E+01
  -3.782  0.1358E+00  0.9848E+01
  -3.762  0.1589E+00  0.9852E+01
  -3.742  0.1792E+00  0.9855E+01
  -3.722  0.1949E+00  0.9859E+01
  -3.702  0.2047E+00  0.9863E+01
  -3.682  0.2077E+00  0.9867E+01
  -3.662  0.2041E+00  0.9871E+01
  -3.642  0.1947E+00  0.9875E+01
  -3.622  0.1812E+00  0.9879E+01
  -3.602  0.1656E+00  0.9882E+01
  -3.582  0.1503E+00  0.9885E+01
  -3.562  0.1372E+00  0.9888E+01
  -3.542  0.1277E+00  0.9891E+01
  -3.522  0.1224E+00  0.9893E+01
  -3.502  0.1211E+00  0.9895E+01
  -3.482  0.1233E+00  0.9898E+01
  -3.462  0.1277E+00  0.9900E+01
  -3.442  0.1335E+00  0.9903E+01
  -3.422  0.1398E+00  0.9906E+01
  -3.402  0.1467E+00  0.9909E+01
  -3.382  0.1548E+00  0.9912E+01
  -3.362  0.1652E+00  0.9915E+01
  -3.342  0.1793E+00  0.9919E+01
  -3.322  0.1982E+00  0.9923E+01
  -3.302  0.2227E+00  0.9927E+01
  -3.282  0.2525E+00  0.9932E+01
  -3.262  0.2868E+00  0.9938E+01
  -3.242  0.3238E+00  0.9944E+01
  -3.222  0.3610E+00  0.9952E+01
  -3.202  0.3957E+00  0.9960E+01
  -3.182  0.4251E+00  0.9968E+01
  -3.162  0.4471E+00  0.9977E+01
  -3.142  0.4597E+00  0.9986E+01
  -3.122  0.4622E+00  0.9995E+01
  -3.102  0.4546E+00  0.1000E+02
  -3.082  0.4377E+00  0.1001E+02
  -3.062  0.4135E+00  0.1002E+02
  -3.042  0.3842E+00  0.1003E+02
  -3.022  0.3528E+00  0.1004E+02
  -3.002  0.3219E+00  0.1004E+02
  -2.982  0.2944E+00  0.1005E+02
  -2.962  0.2727E+00  0.1005E+02
  -2.942  0.2592E+00  0.1006E+02
  -2.922  0.2560E+00  0.1006E+02
  -2.902  0.2651E+00  0.1007E+02
  -2.882  0.2886E+00  0.1008E+02
  -2.862  0.3280E+00  0.1008E+02
  -2.842  0.3843E+00  0.1009E+02
  -2.822  0.4574E+00  0.1010E+02
  -2.802  0.5458E+00  0.1011E+02
  -2.782  0.6462E+00  0.1012E+02
  -2.762  0.7538E+00  0.1014E+02
  -2.742  0.8625E+00  0.1016E+02
  -2.722  0.9655E+00  0.1017E+02
  -2.702  0.1057E+01  0.1020E+02
  -2.682  0.1130E+01  0.1022E+02
  -2.662  0.1183E+01  0.1024E+02
  -2.642  0.1214E+01  0.1027E+02
  -2.622  0.1223E+01  0.1029E+02
  -2.602  0.1214E+01  0.1031E+02
  -2.582  0.1192E+01  0.1034E+02
  -2.562  0.1160E+01  0.1036E+02
  -2.542  0.1124E+01  0.1038E+02
  -2.522  0.1088E+01  0.1041E+02
  -2.502  0.1054E+01  0.1043E+02
  -2.482  0.1022E+01  0.1045E+02
  -2.462  0.9940E+00  0.1047E+02
  -2.442  0.9679E+00  0.1049E+02
  -2.422  0.9434E+00  0.1051E+02
  -2.402  0.9200E+00  0.1052E+02
  -2.382  0.8984E+00  0.1054E+02
  -2.362  0.8795E+00  0.1056E+02
  -2.342  0.8645E+00  0.1058E+02
  -2.322  0.8546E+00  0.1059E+02
  -2.302  0.8501E+00  0.1061E+02
  -2.282  0.8508E+00  0.1063E+02
  -2.262  0.8557E+00  0.1065E+02
  -2.242  0.8633E+00  0.1066E+02
  -2.222  0.8720E+00  0.1068E+02
  -2.202  0.8805E+00  0.1070E+02
  -2.182  0.8875E+00  0.1072E+02
  -2.162  0.8923E+00  0.1073E+02
  -2.142  0.8940E+00  0.1075E+02
  -2.122  0.8919E+00  0.1077E+02
  -2.102  0.8851E+00  0.1079E+02
  -2.082  0.8729E+00  0.1080E+02
  -2.062  0.8546E+00  0.1082E+02
  -2.042  0.8301E+00  0.1084E+02
  -2.022  0.8001E+00  0.1085E+02
  -2.002  0.7656E+00  0.1087E+02
  -1.982  0.7284E+00  0.1088E+02
  -1.962  0.6906E+00  0.1090E+02
  -1.942  0.6541E+00  0.1091E+02
  -1.922  0.6206E+00  0.1092E+02
  -1.902  0.5914E+00  0.1093E+02
  -1.882  0.5670E+00  0.1095E+02
  -1.862  0.5475E+00  0.1096E+02
  -1.842  0.5327E+00  0.1097E+02
  -1.822  0.5220E+00  0.1098E+02
  -1.802  0.5147E+00  0.1099E+02
  -1.782  0.5102E+00  0.1100E+02
  -1.762  0.5081E+00  0.1101E+02
  -1.742  0.5080E+00  0.1102E+02
  -1.722  0.5101E+00  0.1103E+02
  -1.702  0.5148E+00  0.1104E+02
  -1.682  0.5226E+00  0.1105E+02
  -1.662  0.5341E+00  0.1106E+02
  -1.642  0.5497E+00  0.1107E+02
  -1.622  0.5694E+00  0.1108E+02
  -1.602  0.5927E+00  0.1109E+02
  -1.582  0.6182E+00  0.1111E+02
  -1.562  0.6446E+00  0.1112E+02
  -1.542  0.6697E+00  0.1113E+02
  -1.522  0.6916E+00  0.1115E+02
  -1.502  0.7083E+00  0.1116E+02
  -1.482  0.7180E+00  0.1118E+02
  -1.462  0.7194E+00  0.1119E+02
  -1.442  0.7116E+00  0.1120E+02
  -1.422  0.6946E+00  0.1122E+02
  -1.402  0.6689E+00  0.1123E+02
  -1.382  0.6362E+00  0.1124E+02
  -1.362  0.5985E+00  0.1126E+02
  -1.342  0.5587E+00  0.1127E+02
  -1.322  0.5198E+00  0.1128E+02
  -1.302  0.4846E+00  0.1129E+02
  -1.282  0.4556E+00  0.1130E+02
  -1.262  0.4343E+00  0.1131E+02
  -1.242  0.4214E+00  0.1131E+02
  -1.222  0.4168E+00  0.1132E+02
  -1.202  0.4195E+00  0.1133E+02
  -1.182  0.4279E+00  0.1134E+02
  -1.162  0.4405E+00  0.1135E+02
  -1.142  0.4560E+00  0.1136E+02
  -1.122  0.4734E+00  0.1137E+02
  -1.102  0.4923E+00  0.1138E+02
  -1.082  0.5123E+00  0.1139E+02
  -1.062  0.5332E+00  0.1140E+02
  -1.042  0.5546E+00  0.1141E+02
  -1.022  0.5759E+00  0.1142E+02
  -1.002  0.5966E+00  0.1143E+02
  -0.982  0.6162E+00  0.1144E+02
  -0.962  0.6347E+00  0.1146E+02
  -0.942  0.6525E+00  0.1147E+02
  -0.922  0.6708E+00  0.1148E+02
  -0.902  0.6905E+00  0.1150E+02
  -0.882  0.7128E+00  0.1151E+02
  -0.862  0.7378E+00  0.1153E+02
  -0.842  0.7649E+00  0.1154E+02
  -0.822  0.7926E+00  0.1156E+02
  -0.802  0.8185E+00  0.1157E+02
  -0.782  0.8399E+00  0.1159E+02
  -0.762  0.8544E+00  0.1161E+02
  -0.742  0.8602E+00  0.1162E+02
  -0.722  0.8569E+00  0.1164E+02
  -0.702  0.8451E+00  0.1166E+02
  -0.682  0.8265E+00  0.1168E+02
  -0.662  0.8036E+00  0.1169E+02
  -0.642  0.7790E+00  0.1171E+02
  -0.622  0.7551E+00  0.1172E+02
  -0.602  0.7336E+00  0.1174E+02
  -0.582  0.7157E+00  0.1175E+02
  -0.562  0.7019E+00  0.1177E+02
  -0.542  0.6925E+00  0.1178E+02
  -0.522  0.6876E+00  0.1179E+02
  -0.502  0.6874E+00  0.1181E+02
  -0.482  0.6923E+00  0.1182E+02
  -0.462  0.7028E+00  0.1183E+02
  -0.442  0.7191E+00  0.1185E+02
  -0.422  0.7408E+00  0.1186E+02
  -0.402  0.7670E+00  0.1188E+02
  -0.382  0.7963E+00  0.1189E+02
  -0.362  0.8264E+00  0.1191E+02
  -0.342  0.8551E+00  0.1193E+02
  -0.322  0.8806E+00  0.1195E+02
  -0.302  0.9016E+00  0.1196E+02
  -0.282  0.9180E+00  0.1198E+02
  -0.262  0.9306E+00  0.1200E+02
  -0.242  0.9407E+00  0.1202E+02
  -0.222  0.9498E+00  0.1204E+02
  -0.202  0.9590E+00  0.1206E+02
  -0.182  0.9687E+00  0.1208E+02
  -0.162  0.9781E+00  0.1210E+02
  -0.142  0.9858E+00  0.1212E+02
  -0.122  0.9900E+00  0.1214E+02
  -0.102  0.9890E+00  0.1216E+02
  -0.082  0.9818E+00  0.1218E+02
  -0.062  0.9682E+00  0.1220E+02
  -0.042  0.9493E+00  0.1221E+02
  -0.022  0.9266E+00  0.1223E+02
  -0.002  0.9024E+00  0.1225E+02
   0.018  0.8787E+00  0.1227E+02
   0.038  0.8574E+00  0.1229E+02
   0.058  0.8394E+00  0.1230E+02
   0.078  0.8252E+00  0.1232E+02
   0.098  0.8147E+00  0.1234E+02
   0.118  0.8070E+00  0.1235E+02
   0.138  0.8015E+00  0.1237E+02
   0.158  0.7972E+00  0.1238E+02
   0.178  0.7938E+00  0.1240E+02
   0.198  0.7909E+00  0.1241E+02
   0.218  0.7887E+00  0.1243E+02
   0.238  0.7876E+00  0.1245E+02
   0.258  0.7877E+00  0.1246E+02
   0.278  0.7891E+00  0.1248E+02
   0.298  0.7915E+00  0.1249E+02
   0.318  0.7945E+00  0.1251E+02
   0.338  0.7977E+00  0.1253E+02
   0.358  0.8005E+00  0.1254E+02
   0.378  0.8029E+00  0.1256E+02
   0.398  0.8053E+00  0.1257E+02
   0.418  0.8087E+00  0.1259E+02
   0.438  0.8141E+00  0.1261E+02
   0.458  0.8232E+00  0.1262E+02
   0.478  0.8375E+00  0.1264E+02
   0.498  0.8583E+00  0.1266E+02
   0.518  0.8865E+00  0.1267E+02
   0.538  0.9227E+00  0.1269E+02
   0.558  0.9663E+00  0.1271E+02
   0.578  0.1016E+01  0.1273E+02
   0.598  0.1069E+01  0.1275E+02
   0.618  0.1123E+01  0.1278E+02
   0.638  0.1174E+01  0.1280E+02
   0.658  0.1216E+01  0.1282E+02
   0.678  0.1246E+01  0.1285E+02
   0.698  0.1261E+01  0.1287E+02
   0.718  0.1258E+01  0.1290E+02
   0.738  0.1237E+01  0.1292E+02
   0.758  0.1200E+01  0.1295E+02
   0.778  0.1148E+01  0.1297E+02
   0.798  0.1088E+01  0.1299E+02
   0.818  0.1025E+01  0.1301E+02
   0.838  0.9638E+00  0.1303E+02
   0.858  0.9102E+00  0.1305E+02
   0.878  0.8680E+00  0.1307E+02
   0.898  0.8396E+00  0.1309E+02
   0.918  0.8254E+00  0.1310E+02
   0.938  0.8241E+00  0.1312E+02
   0.958  0.8331E+00  0.1313E+02
   0.978  0.8498E+00  0.1315E+02
   0.998  0.8715E+00  0.1317E+02
   1.018  0.8966E+00  0.1319E+02
   1.038  0.9246E+00  0.1321E+02
   1.058  0.9557E+00  0.1322E+02
   1.078  0.9905E+00  0.1324E+02
   1.098  0.1029E+01  0.1327E+02
   1.118  0.1071E+01  0.1329E+02
   1.138  0.1114E+01  0.1331E+02
   1.158  0.1154E+01  0.1333E+02
   1.178  0.1189E+01  0.1336E+02
   1.198  0.1213E+01  0.1338E+02
   1.218  0.1224E+01  0.1340E+02
   1.238  0.1220E+01  0.1343E+02
   1.258  0.1202E+01  0.1345E+02
   1.278  0.1170E+01  0.1348E+02
   1.298  0.1130E+01  0.1350E+02
   1.318  0.1085E+01  0.1352E+02
   1.338  0.1041E+01  0.1354E+02
   1.358  0.1002E+01  0.1356E+02
   1.378  0.9718E+00  0.1358E+02
   1.398  0.9536E+00  0.1360E+02
   1.418  0.9480E+00  0.1362E+02
   1.438  0.9543E+00  0.1364E+02
   1.458  0.9707E+00  0.1366E+02
   1.478  0.9946E+00  0.1368E+02
   1.498  0.1023E+01  0.1370E+02
   1.518  0.1053E+01  0.1372E+02
   1.538  0.1081E+01  0.1374E+02
   1.558  0.1106E+01  0.1376E+02
   1.578  0.1125E+01  0.1378E+02
   1.598  0.1138E+01  0.1381E+02
   1.618  0.1144E+01  0.1383E+02
   1.638  0.1143E+01  0.1385E+02
   1.658  0.1138E+01  0.1388E+02
   1.678  0.1130E+01  0.1390E+02
   1.698  0.1123E+01  0.1392E+02
   1.718  0.1118E+01  0.1394E+02
   1.738  0.1117E+01  0.1397E+02
   1.758  0.1122E+01  0.1399E+02
   1.778  0.1132E+01  0.1401E+02
   1.798  0.1146E+01  0.1403E+02
   1.818  0.1159E+01  0.1406E+02
   1.838  0.1170E+01  0.1408E+02
   1.858  0.1175E+01  0.1410E+02
   1.878  0.1172E+01  0.1413E+02
   1.898  0.1161E+01  0.1415E+02
   1.918  0.1142E+01  0.1417E+02
   1.938  0.1119E+01  0.1420E+02
   1.958  0.1096E+01  0.1422E+02
   1.978  0.1077E+01  0.1424E+02
   1.998  0.1067E+01  0.1426E+02
   2.018  0.1071E+01  0.1428E+02
   2.038  0.1090E+01  0.1430E+02
   2.058  0.1126E+01  0.1433E+02
   2.078  0.1177E+01  0.1435E+02
   2.098  0.1240E+01  0.1437E+02
   2.118  0.1310E+01  0.1440E+02
   2.138  0.1381E+01  0.1443E+02
   2.158  0.1445E+01  0.1446E+02
   2.178  0.1498E+01  0.1449E+02
   2.198  0.1534E+01  0.1452E+02
   2.218  0.1553E+01  0.1455E+02
   2.238  0.1553E+01  0.1458E+02
   2.258  0.1539E+01  0.1461E+02
   2.278  0.1514E+01  0.1464E+02
   2.298  0.1484E+01  0.1467E+02
   2.318  0.1454E+01  0.1470E+02
   2.338  0.1428E+01  0.1473E+02
   2.358  0.1408E+01  0.1476E+02
   2.378  0.1394E+01  0.1478E+02
   2.398  0.1385E+01  0.1481E+02
   2.418  0.1376E+01  0.1484E+02
   2.438  0.1366E+01  0.1487E+02
   2.458  0.1353E+01  0.1489E+02
   2.478  0.1337E+01  0.1492E+02
   2.498  0.1320E+01  0.1495E+02
   2.518  0.1305E+01  0.1497E+02
   2.538  0.1298E+01  0.1500E+02
   2.558  0.1301E+01  0.1503E+02
   2.578  0.1319E+01  0.1505E+02
   2.598  0.1351E+01  0.1508E+02
   2.618  0.1394E+01  0.1511E+02
   2.638  0.1445E+01  0.1514E+02
   2.658  0.1497E+01  0.1517E+02
   2.678  0.1546E+01  0.1520E+02
   2.698  0.1588E+01  0.1523E+02
   2.718  0.1621E+01  0.1526E+02
   2.738  0.1645E+01  0.1529E+02
   2.758  0.1663E+01  0.1533E+02
   2.778  0.1678E+01  0.1536E+02
   2.798  0.1692E+01  0.1539E+02
   2.818  0.1709E+01  0.1543E+02
   2.838  0.1728E+01  0.1546E+02
   2.858  0.1748E+01  0.1550E+02
   2.878  0.1764E+01  0.1553E+02
   2.898  0.1776E+01  0.1557E+02
   2.918  0.1779E+01  0.1560E+02
   2.938  0.1774E+01  0.1564E+02
   2.958  0.1761E+01  0.1568E+02
   2.978  0.1742E+01  0.1571E+02
   2.998  0.1721E+01  0.1574E+02
   3.018  0.1702E+01  0.1578E+02
   3.038  0.1688E+01  0.1581E+02
   3.058  0.1680E+01  0.1585E+02
   3.078  0.1681E+01  0.1588E+02
   3.098  0.1689E+01  0.1591E+02
   3.118  0.1706E+01  0.1595E+02
   3.138  0.1732E+01  0.1598E+02
   3.158  0.1769E+01  0.1602E+02
   3.178  0.1820E+01  0.1605E+02
   3.198  0.1887E+01  0.1609E+02
   3.218  0.1971E+01  0.1613E+02
   3.238  0.2073E+01  0.1617E+02
   3.258  0.2189E+01  0.1622E+02
   3.278  0.2315E+01  0.1626E+02
   3.298  0.2442E+01  0.1631E+02
   3.318  0.2563E+01  0.1636E+02
   3.338  0.2668E+01  0.1642E+02
   3.358  0.2750E+01  0.1647E+02
   3.378  0.2803E+01  0.1653E+02
   3.398  0.2826E+01  0.1658E+02
   3.418  0.2820E+01  0.1664E+02
   3.438  0.2792E+01  0.1670E+02
   3.458  0.2750E+01  0.1675E+02
   3.478  0.2703E+01  0.1680E+02
   3.498  0.2662E+01  0.1686E+02
   3.518  0.2634E+01  0.1691E+02
   3.538  0.2625E+01  0.1696E+02
   3.558  0.2636E+01  0.1702E+02
   3.578  0.2667E+01  0.1707E+02
   3.598  0.2711E+01  0.1712E+02
   3.618  0.2763E+01  0.1718E+02
   3.638  0.2814E+01  0.1723E+02
   3.658  0.2855E+01  0.1729E+02
   3.678  0.2880E+01  0.1735E+02
   3.698  0.2885E+01  0.1741E+02
   3.718  0.2868E+01  0.1746E+02
   3.738  0.2831E+01  0.1752E+02
   3.758  0.2778E+01  0.1758E+02
   3.778  0.2718E+01  0.1763E+02
   3.798  0.2658E+01  0.1768E+02
   3.818  0.2607E+01  0.1774E+02
   3.838  0.2573E+01  0.1779E+02
   3.858  0.2559E+01  0.1784E+02
   3.878  0.2568E+01  0.1789E+02
   3.898  0.2596E+01  0.1794E+02
   3.918  0.2638E+01  0.1800E+02
   3.938  0.2689E+01  0.1805E+02
   3.958  0.2742E+01  0.1810E+02
   3.978  0.2794E+01  0.1816E+02
   3.998  0.2843E+01  0.1822E+02
   4.018  0.2894E+01  0.1827E+02
   4.038  0.2953E+01  0.1833E+02
   4.058  0.3027E+01  0.1839E+02
   4.078  0.3125E+01  0.1846E+02
   4.098  0.3253E+01  0.1852E+02
   4.118  0.3413E+01  0.1859E+02
   4.138  0.3601E+01  0.1866E+02
   4.158  0.3809E+01  0.1874E+02
   4.178  0.4022E+01  0.1882E+02
   4.198  0.4223E+01  0.1890E+02
   4.218  0.4397E+01  0.1899E+02
   4.238  0.4529E+01  0.1908E+02
   4.258  0.4612E+01  0.1917E+02
   4.278  0.4643E+01  0.1927E+02
   4.298  0.4625E+01  0.1936E+02
   4.318  0.4567E+01  0.1945E+02
   4.338  0.4478E+01  0.1954E+02
   4.358  0.4368E+01  0.1963E+02
   4.378  0.4244E+01  0.1971E+02
   4.398  0.4109E+01  0.1979E+02
   4.418  0.3963E+01  0.1987E+02
   4.438  0.3803E+01  0.1995E+02
   4.458  0.3627E+01  0.2002E+02
   4.478  0.3434E+01  0.2009E+02
   4.498  0.3227E+01  0.2016E+02
   4.518  0.3012E+01  0.2022E+02
   4.538  0.2800E+01  0.2027E+02
   4.558  0.2602E+01  0.2032E+02
   4.578  0.2429E+01  0.2037E+02
   4.598  0.2291E+01  0.2042E+02
   4.618  0.2196E+01  0.2046E+02
   4.638  0.2144E+01  0.2050E+02
   4.658  0.2137E+01  0.2055E+02
   4.678  0.2170E+01  0.2059E+02
   4.698  0.2237E+01  0.2064E+02
   4.718  0.2334E+01  0.2068E+02
   4.738  0.2454E+01  0.2073E+02
   4.758  0.2590E+01  0.2078E+02
   4.778  0.2736E+01  0.2084E+02
   4.798  0.2885E+01  0.2090E+02
   4.818  0.3030E+01  0.2096E+02
   4.838  0.3163E+01  0.2102E+02
   4.858  0.3275E+01  0.2109E+02
   4.878  0.3359E+01  0.2115E+02
   4.898  0.3410E+01  0.2122E+02
   4.918  0.3422E+01  0.2129E+02
   4.938  0.3396E+01  0.2136E+02
   4.958  0.3333E+01  0.2142E+02
   4.978  0.3236E+01  0.2149E+02
   4.998  0.3113E+01  0.2155E+02
   5.018  0.2971E+01  0.2161E+02
   5.038  0.2820E+01  0.2167E+02
   5.058  0.2669E+01  0.2172E+02
   5.078  0.2527E+01  0.2177E+02
   5.098  0.2401E+01  0.2182E+02
   5.118  0.2296E+01  0.2186E+02
   5.138  0.2216E+01  0.2191E+02
   5.158  0.2163E+01  0.2195E+02
   5.178  0.2138E+01  0.2199E+02
   5.198  0.2140E+01  0.2204E+02
   5.218  0.2170E+01  0.2208E+02
   5.238  0.2225E+01  0.2213E+02
   5.258  0.2304E+01  0.2217E+02
   5.278  0.2402E+01  0.2222E+02
   5.298  0.2515E+01  0.2227E+02
   5.318  0.2634E+01  0.2232E+02
   5.338  0.2750E+01  0.2238E+02
   5.358  0.2854E+01  0.2243E+02
   5.378  0.2938E+01  0.2249E+02
   5.398  0.2995E+01  0.2255E+02
   5.418  0.3020E+01  0.2261E+02
   5.438  0.3014E+01  0.2267E+02
   5.458  0.2978E+01  0.2273E+02
   5.478  0.2919E+01  0.2279E+02
   5.498  0.2842E+01  0.2285E+02
   5.518  0.2755E+01  0.2290E+02
   5.538  0.2665E+01  0.2296E+02
   5.558  0.2577E+01  0.2301E+02
   5.578  0.2496E+01  0.2306E+02
   5.598  0.2426E+01  0.2311E+02
   5.618  0.2368E+01  0.2315E+02
   5.638  0.2327E+01  0.2320E+02
   5.658  0.2303E+01  0.2325E+02
   5.678  0.2299E+01  0.2329E+02
   5.698  0.2315E+01  0.2334E+02
   5.718  0.2351E+01  0.2339E+02
   5.738  0.2406E+01  0.2343E+02
   5.758  0.2478E+01  0.2348E+02
   5.778  0.2564E+01  0.2354E+02
