#  E (eV)   dos(E)     Int dos(E) EFermi =   -2.592 eV
 -12.592  0.3639E+00  0.3639E-02
 -12.582  0.3641E+00  0.7280E-02
 -12.572  0.3643E+00  0.1092E-01
 -12.562  0.3645E+00  0.1457E-01
 -12.552  0.3648E+00  0.1822E-01
 -12.542  0.3650E+00  0.2187E-01
 -12.532  0.3652E+00  0.2552E-01
 -12.522  0.3654E+00  0.2917E-01
 -12.512  0.3656E+00  0.3283E-01
 -12.502  0.3658E+00  0.3649E-01
 -12.492  0.3661E+00  0.4015E-01
 -12.482  0.3663E+00  0.4381E-01
 -12.472  0.3665E+00  0.4748E-01
 -12.462  0.3667E+00  0.5114E-01
 -12.452  0.3669E+00  0.5481E-01
 -12.442  0.3672E+00  0.5848E-01
 -12.432  0.3674E+00  0.6216E-01
 -12.422  0.3676E+00  0.6583E-01
 -12.412  0.3678E+00  0.6951E-01
 -12.402  0.3680E+00  0.7319E-01
 -12.392  0.3683E+00  0.7687E-01
 -12.382  0.3685E+00  0.8056E-01
 -12.372  0.3687E+00  0.8425E-01
 -12.362  0.3689E+00  0.8794E-01
 -12.352  0.3692E+00  0.9163E-01
 -12.342  0.3694E+00  0.9532E-01
 -12.332  0.3696E+00  0.9902E-01
 -12.322  0.3699E+00  0.1027E+00
 -12.312  0.3701E+00  0.1064E+00
 -12.302  0.3703E+00  0.1101E+00
 -12.292  0.3705E+00  0.1138E+00
 -12.282  0.3708E+00  0.1175E+00
 -12.272  0.3710E+00  0.1212E+00
 -12.262  0.3713E+00  0.1250E+00
 -12.252  0.3715E+00  0.1287E+00
 -12.242  0.3717E+00  0.1324E+00
 -12.232  0.3720E+00  0.1361E+00
 -12.222  0.3722E+00  0.1398E+00
 -12.212  0.3725E+00  0.1436E+00
 -12.202  0.3727E+00  0.1473E+00
 -12.192  0.3729E+00  0.1510E+00
 -12.182  0.3732E+00  0.1547E+00
 -12.172  0.3734E+00  0.1585E+00
 -12.162  0.3737E+00  0.1622E+00
 -12.152  0.3739E+00  0.1660E+00
 -12.142  0.3742E+00  0.1697E+00
 -12.132  0.3744E+00  0.1734E+00
 -12.122  0.3747E+00  0.1772E+00
 -12.112  0.3749E+00  0.1809E+00
 -12.102  0.3752E+00  0.1847E+00
 -12.092  0.3755E+00  0.1884E+00
 -12.082  0.3757E+00  0.1922E+00
 -12.072  0.3760E+00  0.1960E+00
 -12.062  0.3762E+00  0.1997E+00
 -12.052  0.3765E+00  0.2035E+00
 -12.042  0.3768E+00  0.2073E+00
 -12.032  0.3770E+00  0.2110E+00
 -12.022  0.3773E+00  0.2148E+00
 -12.012  0.3776E+00  0.2186E+00
 -12.002  0.3778E+00  0.2224E+00
 -11.992  0.3781E+00  0.2261E+00
 -11.982  0.3784E+00  0.2299E+00
 -11.972  0.3786E+00  0.2337E+00
 -11.962  0.3789E+00  0.2375E+00
 -11.952  0.3792E+00  0.2413E+00
 -11.942  0.3795E+00  0.2451E+00
 -11.932  0.3797E+00  0.2489E+00
 -11.922  0.3800E+00  0.2527E+00
 -11.912  0.3803E+00  0.2565E+00
 -11.902  0.3806E+00  0.2603E+00
 -11.892  0.3809E+00  0.2641E+00
 -11.882  0.3812E+00  0.2679E+00
 -11.872  0.3814E+00  0.2717E+00
 -11.862  0.3817E+00  0.2755E+00
 -11.852  0.3820E+00  0.2794E+00
 -11.842  0.3823E+00  0.2832E+00
 -11.832  0.3826E+00  0.2870E+00
 -11.822  0.3829E+00  0.2908E+00
 -11.812  0.3832E+00  0.2947E+00
 -11.802  0.3835E+00  0.2985E+00
 -11.792  0.3838E+00  0.3023E+00
 -11.782  0.3841E+00  0.3062E+00
 -11.772  0.3844E+00  0.3100E+00
 -11.762  0.3847E+00  0.3139E+00
 -11.752  0.3850E+00  0.3177E+00
 -11.742  0.3853E+00  0.3216E+00
 -11.732  0.3856E+00  0.3254E+00
 -11.722  0.3859E+00  0.3293E+00
 -11.712  0.3862E+00  0.3332E+00
 -11.702  0.3866E+00  0.3370E+00
 -11.692  0.3869E+00  0.3409E+00
 -11.682  0.3872E+00  0.3448E+00
 -11.672  0.3875E+00  0.3486E+00
 -11.662  0.3878E+00  0.3525E+00
 -11.652  0.3882E+00  0.3564E+00
 -11.642  0.3885E+00  0.3603E+00
 -11.632  0.3888E+00  0.3642E+00
 -11.622  0.3891E+00  0.3681E+00
 -11.612  0.3895E+00  0.3720E+00
 -11.602  0.3898E+00  0.3759E+00
 -11.592  0.3901E+00  0.3798E+00
 -11.582  0.3905E+00  0.3837E+00
 -11.572  0.3908E+00  0.3876E+00
 -11.562  0.3912E+00  0.3915E+00
 -11.552  0.3915E+00  0.3954E+00
 -11.542  0.3918E+00  0.3993E+00
 -11.532  0.3922E+00  0.4032E+00
 -11.522  0.3925E+00  0.4072E+00
 -11.512  0.3929E+00  0.4111E+00
 -11.502  0.3932E+00  0.4150E+00
 -11.492  0.3936E+00  0.4190E+00
 -11.482  0.3939E+00  0.4229E+00
 -11.472  0.3943E+00  0.4268E+00
 -11.462  0.3947E+00  0.4308E+00
 -11.452  0.3950E+00  0.4347E+00
 -11.442  0.3954E+00  0.4387E+00
 -11.432  0.3958E+00  0.4426E+00
 -11.422  0.3961E+00  0.4466E+00
 -11.412  0.3965E+00  0.4506E+00
 -11.402  0.3969E+00  0.4545E+00
 -11.392  0.3972E+00  0.4585E+00
 -11.382  0.3976E+00  0.4625E+00
 -11.372  0.3980E+00  0.4665E+00
 -11.362  0.3984E+00  0.4705E+00
 -11.352  0.3988E+00  0.4744E+00
 -11.342  0.3992E+00  0.4784E+00
 -11.332  0.3996E+00  0.4824E+00
 -11.322  0.3999E+00  0.4864E+00
 -11.312  0.4003E+00  0.4904E+00
 -11.302  0.4007E+00  0.4944E+00
 -11.292  0.4011E+00  0.4985E+00
 -11.282  0.4015E+00  0.5025E+00
 -11.272  0.4019E+00  0.5065E+00
 -11.262  0.4024E+00  0.5105E+00
 -11.252  0.4028E+00  0.5145E+00
 -11.242  0.4032E+00  0.5186E+00
 -11.232  0.4036E+00  0.5226E+00
 -11.222  0.4040E+00  0.5266E+00
 -11.212  0.4044E+00  0.5307E+00
 -11.202  0.4049E+00  0.5347E+00
 -11.192  0.4053E+00  0.5388E+00
 -11.182  0.4057E+00  0.5428E+00
 -11.172  0.4061E+00  0.5469E+00
 -11.162  0.4066E+00  0.5510E+00
 -11.152  0.4070E+00  0.5550E+00
 -11.142  0.4075E+00  0.5591E+00
 -11.132  0.4079E+00  0.5632E+00
 -11.122  0.4083E+00  0.5673E+00
 -11.112  0.4088E+00  0.5714E+00
 -11.102  0.4093E+00  0.5755E+00
 -11.092  0.4097E+00  0.5796E+00
 -11.082  0.4102E+00  0.5837E+00
 -11.072  0.4106E+00  0.5878E+00
 -11.062  0.4111E+00  0.5919E+00
 -11.052  0.4116E+00  0.5960E+00
 -11.042  0.4121E+00  0.6001E+00
 -11.032  0.4125E+00  0.6042E+00
 -11.022  0.4130E+00  0.6084E+00
 -11.012  0.4135E+00  0.6125E+00
 -11.002  0.4140E+00  0.6166E+00
 -10.992  0.4145E+00  0.6208E+00
 -10.982  0.4150E+00  0.6249E+00
 -10.972  0.4155E+00  0.6291E+00
 -10.962  0.4161E+00  0.6333E+00
 -10.952  0.4166E+00  0.6374E+00
 -10.942  0.4171E+00  0.6416E+00
 -10.932  0.4177E+00  0.6458E+00
 -10.922  0.4182E+00  0.6500E+00
 -10.912  0.4188E+00  0.6541E+00
 -10.902  0.4194E+00  0.6583E+00
 -10.892  0.4199E+00  0.6625E+00
 -10.882  0.4205E+00  0.6667E+00
 -10.872  0.4212E+00  0.6710E+00
 -10.862  0.4218E+00  0.6752E+00
 -10.852  0.4224E+00  0.6794E+00
 -10.842  0.4231E+00  0.6836E+00
 -10.832  0.4238E+00  0.6879E+00
 -10.822  0.4245E+00  0.6921E+00
 -10.812  0.4252E+00  0.6964E+00
 -10.802  0.4260E+00  0.7006E+00
 -10.792  0.4268E+00  0.7049E+00
 -10.782  0.4276E+00  0.7092E+00
 -10.772  0.4285E+00  0.7134E+00
 -10.762  0.4293E+00  0.7177E+00
 -10.752  0.4303E+00  0.7220E+00
 -10.742  0.4313E+00  0.7264E+00
 -10.732  0.4323E+00  0.7307E+00
 -10.722  0.4334E+00  0.7350E+00
 -10.712  0.4345E+00  0.7394E+00
 -10.702  0.4357E+00  0.7437E+00
 -10.692  0.4369E+00  0.7481E+00
 -10.682  0.4382E+00  0.7525E+00
 -10.672  0.4396E+00  0.7569E+00
 -10.662  0.4411E+00  0.7613E+00
 -10.652  0.4427E+00  0.7657E+00
 -10.642  0.4443E+00  0.7701E+00
 -10.632  0.4460E+00  0.7746E+00
 -10.622  0.4479E+00  0.7791E+00
 -10.612  0.4498E+00  0.7836E+00
 -10.602  0.4518E+00  0.7881E+00
 -10.592  0.4540E+00  0.7926E+00
 -10.582  0.4562E+00  0.7972E+00
 -10.572  0.4586E+00  0.8018E+00
 -10.562  0.4611E+00  0.8064E+00
 -10.552  0.4637E+00  0.8110E+00
 -10.542  0.4665E+00  0.8157E+00
 -10.532  0.4694E+00  0.8204E+00
 -10.522  0.4724E+00  0.8251E+00
 -10.512  0.4756E+00  0.8299E+00
 -10.502  0.4789E+00  0.8347E+00
 -10.492  0.4823E+00  0.8395E+00
 -10.482  0.4859E+00  0.8443E+00
 -10.472  0.4897E+00  0.8492E+00
 -10.462  0.4936E+00  0.8542E+00
 -10.452  0.4976E+00  0.8592E+00
 -10.442  0.5018E+00  0.8642E+00
 -10.432  0.5061E+00  0.8692E+00
 -10.422  0.5105E+00  0.8743E+00
 -10.412  0.5151E+00  0.8795E+00
 -10.402  0.5198E+00  0.8847E+00
 -10.392  0.5247E+00  0.8899E+00
 -10.382  0.5296E+00  0.8952E+00
 -10.372  0.5347E+00  0.9006E+00
 -10.362  0.5398E+00  0.9060E+00
 -10.352  0.5451E+00  0.9114E+00
 -10.342  0.5505E+00  0.9169E+00
 -10.332  0.5559E+00  0.9225E+00
 -10.322  0.5614E+00  0.9281E+00
 -10.312  0.5670E+00  0.9338E+00
 -10.302  0.5726E+00  0.9395E+00
 -10.292  0.5783E+00  0.9453E+00
 -10.282  0.5840E+00  0.9511E+00
 -10.272  0.5897E+00  0.9570E+00
 -10.262  0.5954E+00  0.9630E+00
 -10.252  0.6012E+00  0.9690E+00
 -10.242  0.6069E+00  0.9751E+00
 -10.232  0.6126E+00  0.9812E+00
 -10.222  0.6183E+00  0.9874E+00
 -10.212  0.6239E+00  0.9936E+00
 -10.202  0.6295E+00  0.9999E+00
 -10.192  0.6351E+00  0.1006E+01
 -10.182  0.6405E+00  0.1013E+01
 -10.172  0.6459E+00  0.1019E+01
 -10.162  0.6513E+00  0.1026E+01
 -10.152  0.6565E+00  0.1032E+01
 -10.142  0.6616E+00  0.1039E+01
 -10.132  0.6667E+00  0.1045E+01
 -10.122  0.6716E+00  0.1052E+01
 -10.112  0.6764E+00  0.1059E+01
 -10.102  0.6811E+00  0.1066E+01
 -10.092  0.6857E+00  0.1073E+01
 -10.082  0.6902E+00  0.1080E+01
 -10.072  0.6945E+00  0.1086E+01
 -10.062  0.6987E+00  0.1093E+01
 -10.052  0.7029E+00  0.1100E+01
 -10.042  0.7069E+00  0.1108E+01
 -10.032  0.7107E+00  0.1115E+01
 -10.022  0.7145E+00  0.1122E+01
 -10.012  0.7181E+00  0.1129E+01
 -10.002  0.7217E+00  0.1136E+01
  -9.992  0.7251E+00  0.1143E+01
  -9.982  0.7284E+00  0.1151E+01
  -9.972  0.7316E+00  0.1158E+01
  -9.962  0.7347E+00  0.1165E+01
  -9.952  0.7377E+00  0.1173E+01
  -9.942  0.7407E+00  0.1180E+01
  -9.932  0.7435E+00  0.1188E+01
  -9.922  0.7463E+00  0.1195E+01
  -9.912  0.7490E+00  0.1203E+01
  -9.902  0.7517E+00  0.1210E+01
  -9.892  0.7542E+00  0.1218E+01
  -9.882  0.7568E+00  0.1225E+01
  -9.872  0.7592E+00  0.1233E+01
  -9.862  0.7617E+00  0.1240E+01
  -9.852  0.7641E+00  0.1248E+01
  -9.842  0.7664E+00  0.1256E+01
  -9.832  0.7687E+00  0.1263E+01
  -9.822  0.7710E+00  0.1271E+01
  -9.812  0.7733E+00  0.1279E+01
  -9.802  0.7756E+00  0.1287E+01
  -9.792  0.7779E+00  0.1294E+01
  -9.782  0.7802E+00  0.1302E+01
  -9.772  0.7824E+00  0.1310E+01
  -9.762  0.7847E+00  0.1318E+01
  -9.752  0.7870E+00  0.1326E+01
  -9.742  0.7893E+00  0.1334E+01
  -9.732  0.7917E+00  0.1342E+01
  -9.722  0.7940E+00  0.1349E+01
  -9.712  0.7964E+00  0.1357E+01
  -9.702  0.7988E+00  0.1365E+01
  -9.692  0.8013E+00  0.1373E+01
  -9.682  0.8038E+00  0.1381E+01
  -9.672  0.8063E+00  0.1390E+01
  -9.662  0.8089E+00  0.1398E+01
  -9.652  0.8116E+00  0.1406E+01
  -9.642  0.8143E+00  0.1414E+01
  -9.632  0.8171E+00  0.1422E+01
  -9.622  0.8199E+00  0.1430E+01
  -9.612  0.8228E+00  0.1438E+01
  -9.602  0.8257E+00  0.1447E+01
  -9.592  0.8288E+00  0.1455E+01
  -9.582  0.8319E+00  0.1463E+01
  -9.572  0.8351E+00  0.1472E+01
  -9.562  0.8383E+00  0.1480E+01
  -9.552  0.8416E+00  0.1489E+01
  -9.542  0.8451E+00  0.1497E+01
  -9.532  0.8486E+00  0.1505E+01
  -9.522  0.8521E+00  0.1514E+01
  -9.512  0.8558E+00  0.1523E+01
  -9.502  0.8596E+00  0.1531E+01
  -9.492  0.8634E+00  0.1540E+01
  -9.482  0.8673E+00  0.1548E+01
  -9.472  0.8713E+00  0.1557E+01
  -9.462  0.8754E+00  0.1566E+01
  -9.452  0.8795E+00  0.1575E+01
  -9.442  0.8838E+00  0.1584E+01
  -9.432  0.8881E+00  0.1592E+01
  -9.422  0.8924E+00  0.1601E+01
  -9.412  0.8969E+00  0.1610E+01
  -9.402  0.9014E+00  0.1619E+01
  -9.392  0.9059E+00  0.1628E+01
  -9.382  0.9105E+00  0.1637E+01
  -9.372  0.9151E+00  0.1647E+01
  -9.362  0.9197E+00  0.1656E+01
  -9.352  0.9244E+00  0.1665E+01
  -9.342  0.9290E+00  0.1674E+01
  -9.332  0.9337E+00  0.1684E+01
  -9.322  0.9383E+00  0.1693E+01
  -9.312  0.9429E+00  0.1703E+01
  -9.302  0.9475E+00  0.1712E+01
  -9.292  0.9520E+00  0.1721E+01
  -9.282  0.9564E+00  0.1731E+01
  -9.272  0.9608E+00  0.1741E+01
  -9.262  0.9650E+00  0.1750E+01
  -9.252  0.9692E+00  0.1760E+01
  -9.242  0.9732E+00  0.1770E+01
  -9.232  0.9771E+00  0.1780E+01
  -9.222  0.9808E+00  0.1789E+01
  -9.212  0.9844E+00  0.1799E+01
  -9.202  0.9877E+00  0.1809E+01
  -9.192  0.9909E+00  0.1819E+01
  -9.182  0.9939E+00  0.1829E+01
  -9.172  0.9966E+00  0.1839E+01
  -9.162  0.9991E+00  0.1849E+01
  -9.152  0.1001E+01  0.1859E+01
  -9.142  0.1003E+01  0.1869E+01
  -9.132  0.1005E+01  0.1879E+01
  -9.122  0.1006E+01  0.1889E+01
  -9.112  0.1008E+01  0.1899E+01
  -9.102  0.1009E+01  0.1909E+01
  -9.092  0.1009E+01  0.1919E+01
  -9.082  0.1009E+01  0.1929E+01
  -9.072  0.1009E+01  0.1939E+01
  -9.062  0.1009E+01  0.1950E+01
  -9.052  0.1008E+01  0.1960E+01
  -9.042  0.1007E+01  0.1970E+01
  -9.032  0.1006E+01  0.1980E+01
  -9.022  0.1005E+01  0.1990E+01
  -9.012  0.1003E+01  0.2000E+01
  -9.002  0.1001E+01  0.2010E+01
  -8.992  0.9983E+00  0.2020E+01
  -8.982  0.9957E+00  0.2030E+01
  -8.972  0.9928E+00  0.2040E+01
  -8.962  0.9896E+00  0.2050E+01
  -8.952  0.9862E+00  0.2059E+01
  -8.942  0.9826E+00  0.2069E+01
  -8.932  0.9788E+00  0.2079E+01
  -8.922  0.9748E+00  0.2089E+01
  -8.912  0.9706E+00  0.2099E+01
  -8.902  0.9663E+00  0.2108E+01
  -8.892  0.9618E+00  0.2118E+01
  -8.882  0.9572E+00  0.2127E+01
  -8.872  0.9524E+00  0.2137E+01
  -8.862  0.9476E+00  0.2146E+01
  -8.852  0.9426E+00  0.2156E+01
  -8.842  0.9376E+00  0.2165E+01
  -8.832  0.9325E+00  0.2175E+01
  -8.822  0.9274E+00  0.2184E+01
  -8.812  0.9222E+00  0.2193E+01
  -8.802  0.9170E+00  0.2202E+01
  -8.792  0.9118E+00  0.2211E+01
  -8.782  0.9066E+00  0.2220E+01
  -8.772  0.9014E+00  0.2229E+01
  -8.762  0.8963E+00  0.2238E+01
  -8.752  0.8911E+00  0.2247E+01
  -8.742  0.8861E+00  0.2256E+01
  -8.732  0.8810E+00  0.2265E+01
  -8.722  0.8760E+00  0.2274E+01
  -8.712  0.8711E+00  0.2282E+01
  -8.702  0.8662E+00  0.2291E+01
  -8.692  0.8614E+00  0.2300E+01
  -8.682  0.8567E+00  0.2308E+01
  -8.672  0.8521E+00  0.2317E+01
  -8.662  0.8476E+00  0.2325E+01
  -8.652  0.8431E+00  0.2334E+01
  -8.642  0.8387E+00  0.2342E+01
  -8.632  0.8344E+00  0.2350E+01
  -8.622  0.8302E+00  0.2359E+01
  -8.612  0.8261E+00  0.2367E+01
  -8.602  0.8221E+00  0.2375E+01
  -8.592  0.8181E+00  0.2383E+01
  -8.582  0.8143E+00  0.2392E+01
  -8.572  0.8105E+00  0.2400E+01
  -8.562  0.8069E+00  0.2408E+01
  -8.552  0.8033E+00  0.2416E+01
  -8.542  0.7998E+00  0.2424E+01
  -8.532  0.7963E+00  0.2432E+01
  -8.522  0.7930E+00  0.2440E+01
  -8.512  0.7897E+00  0.2447E+01
  -8.502  0.7865E+00  0.2455E+01
  -8.492  0.7834E+00  0.2463E+01
  -8.482  0.7804E+00  0.2471E+01
  -8.472  0.7774E+00  0.2479E+01
  -8.462  0.7745E+00  0.2487E+01
  -8.452  0.7716E+00  0.2494E+01
  -8.442  0.7688E+00  0.2502E+01
  -8.432  0.7661E+00  0.2510E+01
  -8.422  0.7634E+00  0.2517E+01
  -8.412  0.7608E+00  0.2525E+01
  -8.402  0.7582E+00  0.2532E+01
  -8.392  0.7557E+00  0.2540E+01
  -8.382  0.7532E+00  0.2547E+01
  -8.372  0.7508E+00  0.2555E+01
  -8.362  0.7484E+00  0.2562E+01
  -8.352  0.7460E+00  0.2570E+01
  -8.342  0.7437E+00  0.2577E+01
  -8.332  0.7415E+00  0.2585E+01
  -8.322  0.7393E+00  0.2592E+01
  -8.312  0.7371E+00  0.2600E+01
  -8.302  0.7350E+00  0.2607E+01
  -8.292  0.7328E+00  0.2614E+01
  -8.282  0.7308E+00  0.2622E+01
  -8.272  0.7287E+00  0.2629E+01
  -8.262  0.7267E+00  0.2636E+01
  -8.252  0.7247E+00  0.2643E+01
  -8.242  0.7228E+00  0.2651E+01
  -8.232  0.7209E+00  0.2658E+01
  -8.222  0.7190E+00  0.2665E+01
  -8.212  0.7171E+00  0.2672E+01
  -8.202  0.7152E+00  0.2679E+01
  -8.192  0.7134E+00  0.2686E+01
  -8.182  0.7116E+00  0.2694E+01
  -8.172  0.7099E+00  0.2701E+01
  -8.162  0.7081E+00  0.2708E+01
  -8.152  0.7064E+00  0.2715E+01
  -8.142  0.7047E+00  0.2722E+01
  -8.132  0.7030E+00  0.2729E+01
  -8.122  0.7013E+00  0.2736E+01
  -8.112  0.6997E+00  0.2743E+01
  -8.102  0.6981E+00  0.2750E+01
  -8.092  0.6965E+00  0.2757E+01
  -8.082  0.6949E+00  0.2764E+01
  -8.072  0.6933E+00  0.2771E+01
  -8.062  0.6918E+00  0.2778E+01
  -8.052  0.6903E+00  0.2785E+01
  -8.042  0.6887E+00  0.2791E+01
  -8.032  0.6872E+00  0.2798E+01
  -8.022  0.6858E+00  0.2805E+01
  -8.012  0.6843E+00  0.2812E+01
  -8.002  0.6828E+00  0.2819E+01
  -7.992  0.6814E+00  0.2826E+01
  -7.982  0.6800E+00  0.2832E+01
  -7.972  0.6786E+00  0.2839E+01
  -7.962  0.6772E+00  0.2846E+01
  -7.952  0.6758E+00  0.2853E+01
  -7.942  0.6745E+00  0.2859E+01
  -7.932  0.6731E+00  0.2866E+01
  -7.922  0.6718E+00  0.2873E+01
  -7.912  0.6705E+00  0.2880E+01
  -7.902  0.6692E+00  0.2886E+01
  -7.892  0.6679E+00  0.2893E+01
  -7.882  0.6666E+00  0.2900E+01
  -7.872  0.6653E+00  0.2906E+01
  -7.862  0.6640E+00  0.2913E+01
  -7.852  0.6628E+00  0.2920E+01
  -7.842  0.6616E+00  0.2926E+01
  -7.832  0.6603E+00  0.2933E+01
  -7.822  0.6591E+00  0.2939E+01
  -7.812  0.6579E+00  0.2946E+01
  -7.802  0.6567E+00  0.2953E+01
  -7.792  0.6555E+00  0.2959E+01
  -7.782  0.6544E+00  0.2966E+01
  -7.772  0.6532E+00  0.2972E+01
  -7.762  0.6521E+00  0.2979E+01
  -7.752  0.6509E+00  0.2985E+01
  -7.742  0.6498E+00  0.2992E+01
  -7.732  0.6487E+00  0.2998E+01
  -7.722  0.6476E+00  0.3005E+01
  -7.712  0.6465E+00  0.3011E+01
  -7.702  0.6454E+00  0.3018E+01
  -7.692  0.6443E+00  0.3024E+01
  -7.682  0.6432E+00  0.3030E+01
  -7.672  0.6422E+00  0.3037E+01
  -7.662  0.6411E+00  0.3043E+01
  -7.652  0.6401E+00  0.3050E+01
  -7.642  0.6390E+00  0.3056E+01
  -7.632  0.6380E+00  0.3062E+01
  -7.622  0.6370E+00  0.3069E+01
  -7.612  0.6360E+00  0.3075E+01
  -7.602  0.6350E+00  0.3082E+01
  -7.592  0.6340E+00  0.3088E+01
  -7.582  0.6330E+00  0.3094E+01
  -7.572  0.6320E+00  0.3101E+01
  -7.562  0.6311E+00  0.3107E+01
  -7.552  0.6301E+00  0.3113E+01
  -7.542  0.6291E+00  0.3119E+01
  -7.532  0.6282E+00  0.3126E+01
  -7.522  0.6273E+00  0.3132E+01
  -7.512  0.6263E+00  0.3138E+01
  -7.502  0.6254E+00  0.3145E+01
  -7.492  0.6245E+00  0.3151E+01
  -7.482  0.6236E+00  0.3157E+01
  -7.472  0.6227E+00  0.3163E+01
  -7.462  0.6218E+00  0.3169E+01
  -7.452  0.6209E+00  0.3176E+01
  -7.442  0.6200E+00  0.3182E+01
  -7.432  0.6191E+00  0.3188E+01
  -7.422  0.6183E+00  0.3194E+01
  -7.412  0.6174E+00  0.3200E+01
  -7.402  0.6166E+00  0.3207E+01
  -7.392  0.6157E+00  0.3213E+01
  -7.382  0.6149E+00  0.3219E+01
  -7.372  0.6140E+00  0.3225E+01
  -7.362  0.6132E+00  0.3231E+01
  -7.352  0.6124E+00  0.3237E+01
  -7.342  0.6116E+00  0.3243E+01
  -7.332  0.6108E+00  0.3249E+01
  -7.322  0.6100E+00  0.3256E+01
  -7.312  0.6092E+00  0.3262E+01
  -7.302  0.6084E+00  0.3268E+01
  -7.292  0.6076E+00  0.3274E+01
  -7.282  0.6068E+00  0.3280E+01
  -7.272  0.6061E+00  0.3286E+01
  -7.262  0.6053E+00  0.3292E+01
  -7.252  0.6045E+00  0.3298E+01
  -7.242  0.6038E+00  0.3304E+01
  -7.232  0.6030E+00  0.3310E+01
  -7.222  0.6023E+00  0.3316E+01
  -7.212  0.6016E+00  0.3322E+01
  -7.202  0.6008E+00  0.3328E+01
  -7.192  0.6001E+00  0.3334E+01
  -7.182  0.5994E+00  0.3340E+01
  -7.172  0.5987E+00  0.3346E+01
  -7.162  0.5980E+00  0.3352E+01
  -7.152  0.5973E+00  0.3358E+01
  -7.142  0.5966E+00  0.3364E+01
  -7.132  0.5959E+00  0.3370E+01
  -7.122  0.5952E+00  0.3376E+01
  -7.112  0.5945E+00  0.3382E+01
  -7.102  0.5939E+00  0.3388E+01
  -7.092  0.5932E+00  0.3394E+01
  -7.082  0.5925E+00  0.3400E+01
  -7.072  0.5919E+00  0.3406E+01
  -7.062  0.5912E+00  0.3412E+01
  -7.052  0.5906E+00  0.3417E+01
  -7.042  0.5899E+00  0.3423E+01
  -7.032  0.5893E+00  0.3429E+01
  -7.022  0.5887E+00  0.3435E+01
  -7.012  0.5881E+00  0.3441E+01
  -7.002  0.5874E+00  0.3447E+01
  -6.992  0.5868E+00  0.3453E+01
  -6.982  0.5862E+00  0.3459E+01
  -6.972  0.5856E+00  0.3465E+01
  -6.962  0.5850E+00  0.3470E+01
  -6.952  0.5844E+00  0.3476E+01
  -6.942  0.5838E+00  0.3482E+01
  -6.932  0.5833E+00  0.3488E+01
  -6.922  0.5827E+00  0.3494E+01
  -6.912  0.5821E+00  0.3500E+01
  -6.902  0.5815E+00  0.3505E+01
  -6.892  0.5810E+00  0.3511E+01
  -6.882  0.5804E+00  0.3517E+01
  -6.872  0.5799E+00  0.3523E+01
  -6.862  0.5793E+00  0.3529E+01
  -6.852  0.5788E+00  0.3534E+01
  -6.842  0.5782E+00  0.3540E+01
  -6.832  0.5777E+00  0.3546E+01
  -6.822  0.5772E+00  0.3552E+01
  -6.812  0.5767E+00  0.3557E+01
  -6.802  0.5762E+00  0.3563E+01
  -6.792  0.5756E+00  0.3569E+01
  -6.782  0.5751E+00  0.3575E+01
  -6.772  0.5746E+00  0.3580E+01
  -6.762  0.5741E+00  0.3586E+01
  -6.752  0.5737E+00  0.3592E+01
  -6.742  0.5732E+00  0.3598E+01
  -6.732  0.5727E+00  0.3603E+01
  -6.722  0.5722E+00  0.3609E+01
  -6.712  0.5718E+00  0.3615E+01
  -6.702  0.5713E+00  0.3621E+01
  -6.692  0.5708E+00  0.3626E+01
  -6.682  0.5704E+00  0.3632E+01
  -6.672  0.5699E+00  0.3638E+01
  -6.662  0.5695E+00  0.3643E+01
  -6.652  0.5690E+00  0.3649E+01
  -6.642  0.5686E+00  0.3655E+01
  -6.632  0.5682E+00  0.3660E+01
  -6.622  0.5678E+00  0.3666E+01
  -6.612  0.5673E+00  0.3672E+01
  -6.602  0.5669E+00  0.3677E+01
  -6.592  0.5665E+00  0.3683E+01
  -6.582  0.5661E+00  0.3689E+01
  -6.572  0.5657E+00  0.3694E+01
  -6.562  0.5653E+00  0.3700E+01
  -6.552  0.5650E+00  0.3706E+01
  -6.542  0.5646E+00  0.3711E+01
  -6.532  0.5642E+00  0.3717E+01
  -6.522  0.5638E+00  0.3723E+01
  -6.512  0.5635E+00  0.3728E+01
  -6.502  0.5631E+00  0.3734E+01
  -6.492  0.5628E+00  0.3740E+01
  -6.482  0.5624E+00  0.3745E+01
  -6.472  0.5621E+00  0.3751E+01
  -6.462  0.5617E+00  0.3756E+01
  -6.452  0.5614E+00  0.3762E+01
  -6.442  0.5611E+00  0.3768E+01
  -6.432  0.5607E+00  0.3773E+01
  -6.422  0.5604E+00  0.3779E+01
  -6.412  0.5601E+00  0.3784E+01
  -6.402  0.5598E+00  0.3790E+01
  -6.392  0.5595E+00  0.3796E+01
  -6.382  0.5592E+00  0.3801E+01
  -6.372  0.5589E+00  0.3807E+01
  -6.362  0.5586E+00  0.3812E+01
  -6.352  0.5583E+00  0.3818E+01
  -6.342  0.5581E+00  0.3824E+01
  -6.332  0.5578E+00  0.3829E+01
  -6.322  0.5575E+00  0.3835E+01
  -6.312  0.5572E+00  0.3840E+01
  -6.302  0.5570E+00  0.3846E+01
  -6.292  0.5567E+00  0.3851E+01
  -6.282  0.5564E+00  0.3857E+01
  -6.272  0.5562E+00  0.3863E+01
  -6.262  0.5559E+00  0.3868E+01
  -6.252  0.5556E+00  0.3874E+01
  -6.242  0.5554E+00  0.3879E+01
  -6.232  0.5551E+00  0.3885E+01
  -6.222  0.5548E+00  0.3890E+01
  -6.212  0.5545E+00  0.3896E+01
  -6.202  0.5542E+00  0.3901E+01
  -6.192  0.5539E+00  0.3907E+01
  -6.182  0.5536E+00  0.3912E+01
  -6.172  0.5533E+00  0.3918E+01
  -6.162  0.5529E+00  0.3924E+01
  -6.152  0.5526E+00  0.3929E+01
  -6.142  0.5522E+00  0.3935E+01
  -6.132  0.5518E+00  0.3940E+01
  -6.122  0.5514E+00  0.3946E+01
  -6.112  0.5510E+00  0.3951E+01
  -6.102  0.5505E+00  0.3957E+01
  -6.092  0.5500E+00  0.3962E+01
  -6.082  0.5495E+00  0.3968E+01
  -6.072  0.5489E+00  0.3973E+01
  -6.062  0.5483E+00  0.3979E+01
  -6.052  0.5476E+00  0.3984E+01
  -6.042  0.5469E+00  0.3990E+01
  -6.032  0.5462E+00  0.3995E+01
  -6.022  0.5454E+00  0.4000E+01
  -6.012  0.5445E+00  0.4006E+01
  -6.002  0.5436E+00  0.4011E+01
  -5.992  0.5426E+00  0.4017E+01
  -5.982  0.5415E+00  0.4022E+01
  -5.972  0.5404E+00  0.4028E+01
  -5.962  0.5391E+00  0.4033E+01
  -5.952  0.5379E+00  0.4038E+01
  -5.942  0.5365E+00  0.4044E+01
  -5.932  0.5350E+00  0.4049E+01
  -5.922  0.5335E+00  0.4054E+01
  -5.912  0.5319E+00  0.4060E+01
  -5.902  0.5301E+00  0.4065E+01
  -5.892  0.5283E+00  0.4070E+01
  -5.882  0.5264E+00  0.4076E+01
  -5.872  0.5244E+00  0.4081E+01
  -5.862  0.5223E+00  0.4086E+01
  -5.852  0.5202E+00  0.4091E+01
  -5.842  0.5179E+00  0.4096E+01
  -5.832  0.5155E+00  0.4102E+01
  -5.822  0.5131E+00  0.4107E+01
  -5.812  0.5105E+00  0.4112E+01
  -5.802  0.5079E+00  0.4117E+01
  -5.792  0.5052E+00  0.4122E+01
  -5.782  0.5025E+00  0.4127E+01
  -5.772  0.4996E+00  0.4132E+01
  -5.762  0.4967E+00  0.4137E+01
  -5.752  0.4938E+00  0.4142E+01
  -5.742  0.4907E+00  0.4147E+01
  -5.732  0.4877E+00  0.4152E+01
  -5.722  0.4846E+00  0.4156E+01
  -5.712  0.4815E+00  0.4161E+01
  -5.702  0.4784E+00  0.4166E+01
  -5.692  0.4752E+00  0.4171E+01
  -5.682  0.4721E+00  0.4176E+01
  -5.672  0.4689E+00  0.4180E+01
  -5.662  0.4658E+00  0.4185E+01
  -5.652  0.4627E+00  0.4190E+01
  -5.642  0.4597E+00  0.4194E+01
  -5.632  0.4567E+00  0.4199E+01
  -5.622  0.4537E+00  0.4203E+01
  -5.612  0.4508E+00  0.4208E+01
  -5.602  0.4481E+00  0.4212E+01
  -5.592  0.4453E+00  0.4217E+01
  -5.582  0.4427E+00  0.4221E+01
  -5.572  0.4402E+00  0.4226E+01
  -5.562  0.4378E+00  0.4230E+01
  -5.552  0.4356E+00  0.4234E+01
  -5.542  0.4334E+00  0.4239E+01
  -5.532  0.4314E+00  0.4243E+01
  -5.522  0.4296E+00  0.4247E+01
  -5.512  0.4279E+00  0.4251E+01
  -5.502  0.4263E+00  0.4256E+01
  -5.492  0.4249E+00  0.4260E+01
  -5.482  0.4237E+00  0.4264E+01
  -5.472  0.4227E+00  0.4268E+01
  -5.462  0.4218E+00  0.4273E+01
  -5.452  0.4211E+00  0.4277E+01
  -5.442  0.4205E+00  0.4281E+01
  -5.432  0.4202E+00  0.4285E+01
  -5.422  0.4200E+00  0.4289E+01
  -5.412  0.4200E+00  0.4294E+01
  -5.402  0.4202E+00  0.4298E+01
  -5.392  0.4205E+00  0.4302E+01
  -5.382  0.4210E+00  0.4306E+01
  -5.372  0.4217E+00  0.4311E+01
  -5.362  0.4225E+00  0.4315E+01
  -5.352  0.4235E+00  0.4319E+01
  -5.342  0.4246E+00  0.4323E+01
  -5.332  0.4259E+00  0.4327E+01
  -5.322  0.4273E+00  0.4332E+01
  -5.312  0.4288E+00  0.4336E+01
  -5.302  0.4305E+00  0.4340E+01
  -5.292  0.4323E+00  0.4345E+01
  -5.282  0.4341E+00  0.4349E+01
  -5.272  0.4361E+00  0.4353E+01
  -5.262  0.4381E+00  0.4358E+01
  -5.252  0.4402E+00  0.4362E+01
  -5.242  0.4423E+00  0.4367E+01
  -5.232  0.4445E+00  0.4371E+01
  -5.222  0.4467E+00  0.4375E+01
  -5.212  0.4489E+00  0.4380E+01
  -5.202  0.4512E+00  0.4384E+01
  -5.192  0.4534E+00  0.4389E+01
  -5.182  0.4556E+00  0.4394E+01
  -5.172  0.4578E+00  0.4398E+01
  -5.162  0.4599E+00  0.4403E+01
  -5.152  0.4619E+00  0.4407E+01
  -5.142  0.4639E+00  0.4412E+01
  -5.132  0.4657E+00  0.4417E+01
  -5.122  0.4675E+00  0.4421E+01
  -5.112  0.4692E+00  0.4426E+01
  -5.102  0.4707E+00  0.4431E+01
  -5.092  0.4721E+00  0.4435E+01
  -5.082  0.4733E+00  0.4440E+01
  -5.072  0.4744E+00  0.4445E+01
  -5.062  0.4753E+00  0.4450E+01
  -5.052  0.4760E+00  0.4454E+01
  -5.042  0.4765E+00  0.4459E+01
  -5.032  0.4768E+00  0.4464E+01
  -5.022  0.4769E+00  0.4469E+01
  -5.012  0.4768E+00  0.4474E+01
  -5.002  0.4765E+00  0.4478E+01
  -4.992  0.4759E+00  0.4483E+01
  -4.982  0.4752E+00  0.4488E+01
  -4.972  0.4742E+00  0.4493E+01
  -4.962  0.4730E+00  0.4497E+01
  -4.952  0.4716E+00  0.4502E+01
  -4.942  0.4699E+00  0.4507E+01
  -4.932  0.4680E+00  0.4511E+01
  -4.922  0.4659E+00  0.4516E+01
  -4.912  0.4636E+00  0.4521E+01
  -4.902  0.4611E+00  0.4525E+01
  -4.892  0.4584E+00  0.4530E+01
  -4.882  0.4555E+00  0.4534E+01
  -4.872  0.4524E+00  0.4539E+01
  -4.862  0.4492E+00  0.4543E+01
  -4.852  0.4458E+00  0.4548E+01
  -4.842  0.4422E+00  0.4552E+01
  -4.832  0.4384E+00  0.4557E+01
  -4.822  0.4346E+00  0.4561E+01
  -4.812  0.4306E+00  0.4565E+01
  -4.802  0.4265E+00  0.4570E+01
  -4.792  0.4223E+00  0.4574E+01
  -4.782  0.4180E+00  0.4578E+01
  -4.772  0.4137E+00  0.4582E+01
  -4.762  0.4092E+00  0.4586E+01
  -4.752  0.4047E+00  0.4590E+01
  -4.742  0.4002E+00  0.4594E+01
  -4.732  0.3956E+00  0.4598E+01
  -4.722  0.3910E+00  0.4602E+01
  -4.712  0.3864E+00  0.4606E+01
  -4.702  0.3818E+00  0.4610E+01
  -4.692  0.3772E+00  0.4614E+01
  -4.682  0.3726E+00  0.4617E+01
  -4.672  0.3680E+00  0.4621E+01
  -4.662  0.3634E+00  0.4625E+01
  -4.652  0.3589E+00  0.4628E+01
  -4.642  0.3544E+00  0.4632E+01
  -4.632  0.3499E+00  0.4635E+01
  -4.622  0.3455E+00  0.4639E+01
  -4.612  0.3412E+00  0.4642E+01
  -4.602  0.3369E+00  0.4646E+01
  -4.592  0.3327E+00  0.4649E+01
  -4.582  0.3285E+00  0.4652E+01
  -4.572  0.3244E+00  0.4655E+01
  -4.562  0.3204E+00  0.4659E+01
  -4.552  0.3164E+00  0.4662E+01
  -4.542  0.3125E+00  0.4665E+01
  -4.532  0.3087E+00  0.4668E+01
  -4.522  0.3050E+00  0.4671E+01
  -4.512  0.3013E+00  0.4674E+01
  -4.502  0.2977E+00  0.4677E+01
  -4.492  0.2942E+00  0.4680E+01
  -4.482  0.2907E+00  0.4683E+01
  -4.472  0.2873E+00  0.4686E+01
  -4.462  0.2840E+00  0.4689E+01
  -4.452  0.2807E+00  0.4691E+01
  -4.442  0.2775E+00  0.4694E+01
  -4.432  0.2744E+00  0.4697E+01
  -4.422  0.2713E+00  0.4700E+01
  -4.412  0.2683E+00  0.4702E+01
  -4.402  0.2654E+00  0.4705E+01
  -4.392  0.2625E+00  0.4708E+01
  -4.382  0.2596E+00  0.4710E+01
  -4.372  0.2568E+00  0.4713E+01
  -4.362  0.2541E+00  0.4715E+01
  -4.352  0.2514E+00  0.4718E+01
  -4.342  0.2488E+00  0.4720E+01
  -4.332  0.2462E+00  0.4723E+01
  -4.322  0.2436E+00  0.4725E+01
  -4.312  0.2411E+00  0.4728E+01
  -4.302  0.2386E+00  0.4730E+01
  -4.292  0.2362E+00  0.4732E+01
  -4.282  0.2338E+00  0.4735E+01
  -4.272  0.2315E+00  0.4737E+01
  -4.262  0.2291E+00  0.4739E+01
  -4.252  0.2269E+00  0.4742E+01
  -4.242  0.2246E+00  0.4744E+01
  -4.232  0.2224E+00  0.4746E+01
  -4.222  0.2202E+00  0.4748E+01
  -4.212  0.2180E+00  0.4750E+01
  -4.202  0.2159E+00  0.4753E+01
  -4.192  0.2138E+00  0.4755E+01
  -4.182  0.2117E+00  0.4757E+01
  -4.172  0.2097E+00  0.4759E+01
  -4.162  0.2076E+00  0.4761E+01
  -4.152  0.2056E+00  0.4763E+01
  -4.142  0.2036E+00  0.4765E+01
  -4.132  0.2017E+00  0.4767E+01
  -4.122  0.1997E+00  0.4769E+01
  -4.112  0.1978E+00  0.4771E+01
  -4.102  0.1959E+00  0.4773E+01
  -4.092  0.1940E+00  0.4775E+01
  -4.082  0.1922E+00  0.4777E+01
  -4.072  0.1903E+00  0.4779E+01
  -4.062  0.1885E+00  0.4781E+01
  -4.052  0.1867E+00  0.4783E+01
  -4.042  0.1849E+00  0.4784E+01
  -4.032  0.1831E+00  0.4786E+01
  -4.022  0.1814E+00  0.4788E+01
  -4.012  0.1796E+00  0.4790E+01
  -4.002  0.1779E+00  0.4792E+01
  -3.992  0.1762E+00  0.4793E+01
  -3.982  0.1745E+00  0.4795E+01
  -3.972  0.1728E+00  0.4797E+01
  -3.962  0.1711E+00  0.4799E+01
  -3.952  0.1694E+00  0.4800E+01
  -3.942  0.1678E+00  0.4802E+01
  -3.932  0.1662E+00  0.4804E+01
  -3.922  0.1645E+00  0.4805E+01
  -3.912  0.1629E+00  0.4807E+01
  -3.902  0.1613E+00  0.4808E+01
  -3.892  0.1597E+00  0.4810E+01
  -3.882  0.1582E+00  0.4812E+01
  -3.872  0.1566E+00  0.4813E+01
  -3.862  0.1551E+00  0.4815E+01
  -3.852  0.1535E+00  0.4816E+01
  -3.842  0.1520E+00  0.4818E+01
  -3.832  0.1505E+00  0.4819E+01
  -3.822  0.1489E+00  0.4821E+01
  -3.812  0.1474E+00  0.4822E+01
  -3.802  0.1460E+00  0.4824E+01
  -3.792  0.1445E+00  0.4825E+01
  -3.782  0.1430E+00  0.4827E+01
  -3.772  0.1415E+00  0.4828E+01
  -3.762  0.1401E+00  0.4829E+01
  -3.752  0.1386E+00  0.4831E+01
  -3.742  0.1372E+00  0.4832E+01
  -3.732  0.1358E+00  0.4834E+01
  -3.722  0.1343E+00  0.4835E+01
  -3.712  0.1329E+00  0.4836E+01
  -3.702  0.1315E+00  0.4838E+01
  -3.692  0.1301E+00  0.4839E+01
  -3.682  0.1287E+00  0.4840E+01
  -3.672  0.1273E+00  0.4841E+01
  -3.662  0.1259E+00  0.4843E+01
  -3.652  0.1246E+00  0.4844E+01
  -3.642  0.1232E+00  0.4845E+01
  -3.632  0.1218E+00  0.4846E+01
  -3.622  0.1205E+00  0.4848E+01
  -3.612  0.1192E+00  0.4849E+01
  -3.602  0.1178E+00  0.4850E+01
  -3.592  0.1165E+00  0.4851E+01
  -3.582  0.1152E+00  0.4852E+01
  -3.572  0.1138E+00  0.4853E+01
  -3.562  0.1125E+00  0.4855E+01
  -3.552  0.1112E+00  0.4856E+01
  -3.542  0.1099E+00  0.4857E+01
  -3.532  0.1086E+00  0.4858E+01
  -3.522  0.1073E+00  0.4859E+01
  -3.512  0.1060E+00  0.4860E+01
  -3.502  0.1048E+00  0.4861E+01
  -3.492  0.1035E+00  0.4862E+01
  -3.482  0.1022E+00  0.4863E+01
  -3.472  0.1009E+00  0.4864E+01
  -3.462  0.9968E-01  0.4865E+01
  -3.452  0.9842E-01  0.4866E+01
  -3.442  0.9717E-01  0.4867E+01
  -3.432  0.9592E-01  0.4868E+01
  -3.422  0.9468E-01  0.4869E+01
  -3.412  0.9344E-01  0.4870E+01
  -3.402  0.9220E-01  0.4871E+01
  -3.392  0.9097E-01  0.4872E+01
  -3.382  0.8975E-01  0.4873E+01
  -3.372  0.8852E-01  0.4873E+01
  -3.362  0.8731E-01  0.4874E+01
  -3.352  0.8609E-01  0.4875E+01
  -3.342  0.8488E-01  0.4876E+01
  -3.332  0.8368E-01  0.4877E+01
  -3.322  0.8247E-01  0.4878E+01
  -3.312  0.8127E-01  0.4879E+01
  -3.302  0.8008E-01  0.4879E+01
  -3.292  0.7889E-01  0.4880E+01
  -3.282  0.7770E-01  0.4881E+01
  -3.272  0.7651E-01  0.4882E+01
  -3.262  0.7533E-01  0.4882E+01
  -3.252  0.7415E-01  0.4883E+01
  -3.242  0.7298E-01  0.4884E+01
  -3.232  0.7181E-01  0.4885E+01
  -3.222  0.7064E-01  0.4885E+01
  -3.212  0.6947E-01  0.4886E+01
  -3.202  0.6831E-01  0.4887E+01
  -3.192  0.6715E-01  0.4887E+01
  -3.182  0.6600E-01  0.4888E+01
  -3.172  0.6485E-01  0.4889E+01
  -3.162  0.6370E-01  0.4889E+01
  -3.152  0.6256E-01  0.4890E+01
  -3.142  0.6141E-01  0.4891E+01
  -3.132  0.6028E-01  0.4891E+01
  -3.122  0.5914E-01  0.4892E+01
  -3.112  0.5801E-01  0.4892E+01
  -3.102  0.5689E-01  0.4893E+01
  -3.092  0.5577E-01  0.4893E+01
  -3.082  0.5465E-01  0.4894E+01
  -3.072  0.5354E-01  0.4895E+01
  -3.062  0.5243E-01  0.4895E+01
  -3.052  0.5133E-01  0.4896E+01
  -3.042  0.5024E-01  0.4896E+01
  -3.032  0.4915E-01  0.4897E+01
  -3.022  0.4807E-01  0.4897E+01
  -3.012  0.4699E-01  0.4897E+01
  -3.002  0.4592E-01  0.4898E+01
  -2.992  0.4486E-01  0.4898E+01
  -2.982  0.4381E-01  0.4899E+01
  -2.972  0.4276E-01  0.4899E+01
  -2.962  0.4173E-01  0.4900E+01
  -2.952  0.4071E-01  0.4900E+01
  -2.942  0.3969E-01  0.4900E+01
  -2.932  0.3869E-01  0.4901E+01
  -2.922  0.3771E-01  0.4901E+01
  -2.912  0.3673E-01  0.4902E+01
  -2.902  0.3577E-01  0.4902E+01
  -2.892  0.3483E-01  0.4902E+01
  -2.882  0.3390E-01  0.4903E+01
  -2.872  0.3299E-01  0.4903E+01
  -2.862  0.3209E-01  0.4903E+01
  -2.852  0.3122E-01  0.4904E+01
  -2.842  0.3037E-01  0.4904E+01
  -2.832  0.2953E-01  0.4904E+01
  -2.822  0.2873E-01  0.4905E+01
  -2.812  0.2794E-01  0.4905E+01
  -2.802  0.2718E-01  0.4905E+01
  -2.792  0.2645E-01  0.4905E+01
  -2.782  0.2574E-01  0.4906E+01
  -2.772  0.2506E-01  0.4906E+01
  -2.762  0.2442E-01  0.4906E+01
  -2.752  0.2380E-01  0.4906E+01
  -2.742  0.2321E-01  0.4907E+01
  -2.732  0.2266E-01  0.4907E+01
  -2.722  0.2214E-01  0.4907E+01
  -2.712  0.2166E-01  0.4907E+01
  -2.702  0.2122E-01  0.4907E+01
  -2.692  0.2081E-01  0.4908E+01
  -2.682  0.2044E-01  0.4908E+01
  -2.672  0.2010E-01  0.4908E+01
  -2.662  0.1981E-01  0.4908E+01
  -2.652  0.1956E-01  0.4908E+01
  -2.642  0.1935E-01  0.4909E+01
  -2.632  0.1918E-01  0.4909E+01
  -2.622  0.1905E-01  0.4909E+01
  -2.612  0.1897E-01  0.4909E+01
  -2.602  0.1892E-01  0.4909E+01
  -2.592  0.1892E-01  0.4910E+01
  -2.582  0.1897E-01  0.4910E+01
  -2.572  0.1905E-01  0.4910E+01
  -2.562  0.1918E-01  0.4910E+01
  -2.552  0.1935E-01  0.4910E+01
  -2.542  0.1957E-01  0.4911E+01
  -2.532  0.1982E-01  0.4911E+01
  -2.522  0.2012E-01  0.4911E+01
  -2.512  0.2046E-01  0.4911E+01
  -2.502  0.2084E-01  0.4911E+01
  -2.492  0.2126E-01  0.4912E+01
  -2.482  0.2172E-01  0.4912E+01
  -2.472  0.2222E-01  0.4912E+01
  -2.462  0.2275E-01  0.4912E+01
  -2.452  0.2333E-01  0.4912E+01
  -2.442  0.2394E-01  0.4913E+01
  -2.432  0.2458E-01  0.4913E+01
  -2.422  0.2526E-01  0.4913E+01
  -2.412  0.2597E-01  0.4913E+01
  -2.402  0.2671E-01  0.4914E+01
  -2.392  0.2748E-01  0.4914E+01
  -2.382  0.2829E-01  0.4914E+01
  -2.372  0.2912E-01  0.4915E+01
  -2.362  0.2998E-01  0.4915E+01
  -2.352  0.3086E-01  0.4915E+01
  -2.342  0.3177E-01  0.4916E+01
  -2.332  0.3271E-01  0.4916E+01
  -2.322  0.3367E-01  0.4916E+01
  -2.312  0.3465E-01  0.4917E+01
  -2.302  0.3566E-01  0.4917E+01
  -2.292  0.3668E-01  0.4917E+01
  -2.282  0.3772E-01  0.4918E+01
  -2.272  0.3879E-01  0.4918E+01
  -2.262  0.3987E-01  0.4918E+01
  -2.252  0.4097E-01  0.4919E+01
  -2.242  0.4208E-01  0.4919E+01
  -2.232  0.4321E-01  0.4920E+01
  -2.222  0.4436E-01  0.4920E+01
  -2.212  0.4552E-01  0.4921E+01
  -2.202  0.4669E-01  0.4921E+01
  -2.192  0.4788E-01  0.4922E+01
  -2.182  0.4908E-01  0.4922E+01
  -2.172  0.5029E-01  0.4923E+01
  -2.162  0.5152E-01  0.4923E+01
  -2.152  0.5275E-01  0.4924E+01
  -2.142  0.5400E-01  0.4924E+01
  -2.132  0.5526E-01  0.4925E+01
  -2.122  0.5653E-01  0.4925E+01
  -2.112  0.5781E-01  0.4926E+01
  -2.102  0.5911E-01  0.4926E+01
  -2.092  0.6041E-01  0.4927E+01
  -2.082  0.6172E-01  0.4928E+01
  -2.072  0.6305E-01  0.4928E+01
  -2.062  0.6438E-01  0.4929E+01
  -2.052  0.6572E-01  0.4930E+01
  -2.042  0.6708E-01  0.4930E+01
  -2.032  0.6844E-01  0.4931E+01
  -2.022  0.6982E-01  0.4932E+01
  -2.012  0.7121E-01  0.4932E+01
  -2.002  0.7260E-01  0.4933E+01
  -1.992  0.7401E-01  0.4934E+01
  -1.982  0.7543E-01  0.4935E+01
  -1.972  0.7687E-01  0.4935E+01
  -1.962  0.7831E-01  0.4936E+01
  -1.952  0.7976E-01  0.4937E+01
  -1.942  0.8123E-01  0.4938E+01
  -1.932  0.8271E-01  0.4939E+01
  -1.922  0.8421E-01  0.4939E+01
  -1.912  0.8571E-01  0.4940E+01
  -1.902  0.8723E-01  0.4941E+01
  -1.892  0.8877E-01  0.4942E+01
  -1.882  0.9032E-01  0.4943E+01
  -1.872  0.9188E-01  0.4944E+01
  -1.862  0.9346E-01  0.4945E+01
  -1.852  0.9506E-01  0.4946E+01
  -1.842  0.9667E-01  0.4947E+01
  -1.832  0.9830E-01  0.4948E+01
  -1.822  0.9995E-01  0.4949E+01
  -1.812  0.1016E+00  0.4950E+01
  -1.802  0.1033E+00  0.4951E+01
  -1.792  0.1050E+00  0.4952E+01
  -1.782  0.1067E+00  0.4953E+01
  -1.772  0.1085E+00  0.4954E+01
  -1.762  0.1102E+00  0.4955E+01
  -1.752  0.1120E+00  0.4956E+01
  -1.742  0.1139E+00  0.4957E+01
  -1.732  0.1157E+00  0.4958E+01
  -1.722  0.1176E+00  0.4960E+01
  -1.712  0.1195E+00  0.4961E+01
  -1.702  0.1214E+00  0.4962E+01
  -1.692  0.1233E+00  0.4963E+01
  -1.682  0.1253E+00  0.4964E+01
  -1.672  0.1273E+00  0.4966E+01
  -1.662  0.1294E+00  0.4967E+01
  -1.652  0.1315E+00  0.4968E+01
  -1.642  0.1336E+00  0.4970E+01
  -1.632  0.1358E+00  0.4971E+01
  -1.622  0.1380E+00  0.4972E+01
  -1.612  0.1402E+00  0.4974E+01
  -1.602  0.1425E+00  0.4975E+01
  -1.592  0.1448E+00  0.4977E+01
  -1.582  0.1472E+00  0.4978E+01
  -1.572  0.1497E+00  0.4980E+01
  -1.562  0.1522E+00  0.4981E+01
  -1.552  0.1547E+00  0.4983E+01
  -1.542  0.1574E+00  0.4984E+01
  -1.532  0.1600E+00  0.4986E+01
  -1.522  0.1628E+00  0.4988E+01
  -1.512  0.1656E+00  0.4989E+01
  -1.502  0.1685E+00  0.4991E+01
  -1.492  0.1715E+00  0.4993E+01
  -1.482  0.1745E+00  0.4994E+01
  -1.472  0.1777E+00  0.4996E+01
  -1.462  0.1809E+00  0.4998E+01
  -1.452  0.1842E+00  0.5000E+01
  -1.442  0.1877E+00  0.5002E+01
  -1.432  0.1912E+00  0.5004E+01
  -1.422  0.1948E+00  0.5005E+01
  -1.412  0.1986E+00  0.5007E+01
  -1.402  0.2024E+00  0.5010E+01
  -1.392  0.2064E+00  0.5012E+01
  -1.382  0.2105E+00  0.5014E+01
  -1.372  0.2147E+00  0.5016E+01
  -1.362  0.2190E+00  0.5018E+01
  -1.352  0.2235E+00  0.5020E+01
  -1.342  0.2281E+00  0.5023E+01
  -1.332  0.2329E+00  0.5025E+01
  -1.322  0.2377E+00  0.5027E+01
  -1.312  0.2428E+00  0.5030E+01
  -1.302  0.2479E+00  0.5032E+01
  -1.292  0.2532E+00  0.5035E+01
  -1.282  0.2587E+00  0.5037E+01
  -1.272  0.2643E+00  0.5040E+01
  -1.262  0.2700E+00  0.5043E+01
  -1.252  0.2758E+00  0.5045E+01
  -1.242  0.2818E+00  0.5048E+01
  -1.232  0.2879E+00  0.5051E+01
  -1.222  0.2942E+00  0.5054E+01
  -1.212  0.3005E+00  0.5057E+01
  -1.202  0.3070E+00  0.5060E+01
  -1.192  0.3136E+00  0.5063E+01
  -1.182  0.3202E+00  0.5066E+01
  -1.172  0.3269E+00  0.5070E+01
  -1.162  0.3338E+00  0.5073E+01
  -1.152  0.3406E+00  0.5076E+01
  -1.142  0.3475E+00  0.5080E+01
  -1.132  0.3545E+00  0.5083E+01
  -1.122  0.3614E+00  0.5087E+01
  -1.112  0.3684E+00  0.5091E+01
  -1.102  0.3753E+00  0.5094E+01
  -1.092  0.3822E+00  0.5098E+01
  -1.082  0.3890E+00  0.5102E+01
  -1.072  0.3958E+00  0.5106E+01
  -1.062  0.4025E+00  0.5110E+01
  -1.052  0.4091E+00  0.5114E+01
  -1.042  0.4155E+00  0.5118E+01
  -1.032  0.4219E+00  0.5123E+01
  -1.022  0.4280E+00  0.5127E+01
  -1.012  0.4340E+00  0.5131E+01
  -1.002  0.4397E+00  0.5136E+01
  -0.992  0.4453E+00  0.5140E+01
  -0.982  0.4506E+00  0.5145E+01
  -0.972  0.4556E+00  0.5149E+01
  -0.962  0.4604E+00  0.5154E+01
  -0.952  0.4649E+00  0.5158E+01
  -0.942  0.4691E+00  0.5163E+01
  -0.932  0.4730E+00  0.5168E+01
  -0.922  0.4766E+00  0.5173E+01
  -0.912  0.4799E+00  0.5177E+01
  -0.902  0.4828E+00  0.5182E+01
  -0.892  0.4854E+00  0.5187E+01
  -0.882  0.4877E+00  0.5192E+01
  -0.872  0.4896E+00  0.5197E+01
  -0.862  0.4911E+00  0.5202E+01
  -0.852  0.4924E+00  0.5207E+01
  -0.842  0.4932E+00  0.5212E+01
  -0.832  0.4938E+00  0.5217E+01
  -0.822  0.4940E+00  0.5222E+01
  -0.812  0.4938E+00  0.5226E+01
  -0.802  0.4934E+00  0.5231E+01
  -0.792  0.4926E+00  0.5236E+01
  -0.782  0.4916E+00  0.5241E+01
  -0.772  0.4903E+00  0.5246E+01
  -0.762  0.4887E+00  0.5251E+01
  -0.752  0.4868E+00  0.5256E+01
  -0.742  0.4847E+00  0.5261E+01
  -0.732  0.4823E+00  0.5266E+01
  -0.722  0.4798E+00  0.5270E+01
  -0.712  0.4770E+00  0.5275E+01
  -0.702  0.4741E+00  0.5280E+01
  -0.692  0.4710E+00  0.5285E+01
  -0.682  0.4677E+00  0.5289E+01
  -0.672  0.4644E+00  0.5294E+01
  -0.662  0.4609E+00  0.5299E+01
  -0.652  0.4573E+00  0.5303E+01
  -0.642  0.4536E+00  0.5308E+01
  -0.632  0.4498E+00  0.5312E+01
  -0.622  0.4460E+00  0.5317E+01
  -0.612  0.4422E+00  0.5321E+01
  -0.602  0.4383E+00  0.5325E+01
  -0.592  0.4344E+00  0.5330E+01
  -0.582  0.4305E+00  0.5334E+01
  -0.572  0.4266E+00  0.5338E+01
  -0.562  0.4227E+00  0.5343E+01
  -0.552  0.4189E+00  0.5347E+01
  -0.542  0.4150E+00  0.5351E+01
  -0.532  0.4113E+00  0.5355E+01
  -0.522  0.4075E+00  0.5359E+01
  -0.512  0.4039E+00  0.5363E+01
  -0.502  0.4002E+00  0.5367E+01
  -0.492  0.3967E+00  0.5371E+01
  -0.482  0.3932E+00  0.5375E+01
  -0.472  0.3898E+00  0.5379E+01
  -0.462  0.3865E+00  0.5383E+01
  -0.452  0.3832E+00  0.5387E+01
  -0.442  0.3800E+00  0.5390E+01
  -0.432  0.3769E+00  0.5394E+01
  -0.422  0.3739E+00  0.5398E+01
  -0.412  0.3709E+00  0.5402E+01
  -0.402  0.3680E+00  0.5405E+01
  -0.392  0.3652E+00  0.5409E+01
  -0.382  0.3625E+00  0.5413E+01
  -0.372  0.3599E+00  0.5416E+01
  -0.362  0.3573E+00  0.5420E+01
  -0.352  0.3548E+00  0.5423E+01
  -0.342  0.3524E+00  0.5427E+01
  -0.332  0.3500E+00  0.5430E+01
  -0.322  0.3477E+00  0.5434E+01
  -0.312  0.3455E+00  0.5437E+01
  -0.302  0.3433E+00  0.5441E+01
  -0.292  0.3412E+00  0.5444E+01
  -0.282  0.3391E+00  0.5447E+01
  -0.272  0.3371E+00  0.5451E+01
  -0.262  0.3352E+00  0.5454E+01
  -0.252  0.3333E+00  0.5458E+01
  -0.242  0.3315E+00  0.5461E+01
  -0.232  0.3297E+00  0.5464E+01
  -0.222  0.3279E+00  0.5467E+01
  -0.212  0.3262E+00  0.5471E+01
  -0.202  0.3245E+00  0.5474E+01
  -0.192  0.3229E+00  0.5477E+01
  -0.182  0.3213E+00  0.5480E+01
  -0.172  0.3198E+00  0.5484E+01
  -0.162  0.3183E+00  0.5487E+01
  -0.152  0.3168E+00  0.5490E+01
  -0.142  0.3153E+00  0.5493E+01
  -0.132  0.3139E+00  0.5496E+01
  -0.122  0.3125E+00  0.5499E+01
  -0.112  0.3112E+00  0.5502E+01
  -0.102  0.3099E+00  0.5506E+01
  -0.092  0.3086E+00  0.5509E+01
  -0.082  0.3073E+00  0.5512E+01
  -0.072  0.3060E+00  0.5515E+01
  -0.062  0.3048E+00  0.5518E+01
  -0.052  0.3036E+00  0.5521E+01
  -0.042  0.3024E+00  0.5524E+01
  -0.032  0.3013E+00  0.5527E+01
  -0.022  0.3001E+00  0.5530E+01
  -0.012  0.2990E+00  0.5533E+01
  -0.002  0.2980E+00  0.5536E+01
   0.008  0.2969E+00  0.5539E+01
   0.018  0.2959E+00  0.5542E+01
   0.028  0.2948E+00  0.5545E+01
   0.038  0.2939E+00  0.5548E+01
   0.048  0.2929E+00  0.5551E+01
   0.058  0.2920E+00  0.5554E+01
   0.068  0.2910E+00  0.5556E+01
   0.078  0.2901E+00  0.5559E+01
   0.088  0.2893E+00  0.5562E+01
   0.098  0.2884E+00  0.5565E+01
   0.108  0.2876E+00  0.5568E+01
   0.118  0.2869E+00  0.5571E+01
   0.128  0.2861E+00  0.5574E+01
   0.138  0.2854E+00  0.5577E+01
   0.148  0.2848E+00  0.5579E+01
   0.158  0.2841E+00  0.5582E+01
   0.168  0.2835E+00  0.5585E+01
   0.178  0.2830E+00  0.5588E+01
   0.188  0.2825E+00  0.5591E+01
   0.198  0.2820E+00  0.5594E+01
   0.208  0.2816E+00  0.5596E+01
   0.218  0.2813E+00  0.5599E+01
   0.228  0.2810E+00  0.5602E+01
   0.238  0.2808E+00  0.5605E+01
   0.248  0.2806E+00  0.5608E+01
   0.258  0.2805E+00  0.5610E+01
   0.268  0.2805E+00  0.5613E+01
   0.278  0.2806E+00  0.5616E+01
   0.288  0.2807E+00  0.5619E+01
   0.298  0.2810E+00  0.5622E+01
   0.308  0.2813E+00  0.5624E+01
   0.318  0.2817E+00  0.5627E+01
   0.328  0.2822E+00  0.5630E+01
   0.338  0.2828E+00  0.5633E+01
   0.348  0.2835E+00  0.5636E+01
   0.358  0.2844E+00  0.5639E+01
   0.368  0.2853E+00  0.5641E+01
   0.378  0.2863E+00  0.5644E+01
   0.388  0.2875E+00  0.5647E+01
   0.398  0.2888E+00  0.5650E+01
   0.408  0.2902E+00  0.5653E+01
   0.418  0.2917E+00  0.5656E+01
   0.428  0.2934E+00  0.5659E+01
   0.438  0.2952E+00  0.5662E+01
   0.448  0.2971E+00  0.5665E+01
   0.458  0.2992E+00  0.5668E+01
   0.468  0.3013E+00  0.5671E+01
   0.478  0.3036E+00  0.5674E+01
   0.488  0.3060E+00  0.5677E+01
   0.498  0.3086E+00  0.5680E+01
   0.508  0.3112E+00  0.5683E+01
   0.518  0.3140E+00  0.5686E+01
   0.528  0.3169E+00  0.5689E+01
   0.538  0.3198E+00  0.5693E+01
   0.548  0.3229E+00  0.5696E+01
   0.558  0.3261E+00  0.5699E+01
   0.568  0.3294E+00  0.5702E+01
   0.578  0.3327E+00  0.5706E+01
   0.588  0.3361E+00  0.5709E+01
   0.598  0.3396E+00  0.5712E+01
   0.608  0.3431E+00  0.5716E+01
   0.618  0.3467E+00  0.5719E+01
   0.628  0.3503E+00  0.5723E+01
   0.638  0.3540E+00  0.5726E+01
   0.648  0.3577E+00  0.5730E+01
   0.658  0.3614E+00  0.5734E+01
   0.668  0.3650E+00  0.5737E+01
   0.678  0.3687E+00  0.5741E+01
   0.688  0.3724E+00  0.5745E+01
   0.698  0.3760E+00  0.5748E+01
   0.708  0.3796E+00  0.5752E+01
   0.718  0.3832E+00  0.5756E+01
   0.728  0.3867E+00  0.5760E+01
   0.738  0.3902E+00  0.5764E+01
   0.748  0.3936E+00  0.5768E+01
   0.758  0.3969E+00  0.5772E+01
   0.768  0.4001E+00  0.5776E+01
   0.778  0.4033E+00  0.5780E+01
   0.788  0.4063E+00  0.5784E+01
   0.798  0.4093E+00  0.5788E+01
   0.808  0.4122E+00  0.5792E+01
   0.818  0.4149E+00  0.5796E+01
   0.828  0.4176E+00  0.5800E+01
   0.838  0.4202E+00  0.5805E+01
   0.848  0.4226E+00  0.5809E+01
   0.858  0.4250E+00  0.5813E+01
   0.868  0.4272E+00  0.5817E+01
   0.878  0.4293E+00  0.5822E+01
   0.888  0.4314E+00  0.5826E+01
   0.898  0.4333E+00  0.5830E+01
   0.908  0.4352E+00  0.5835E+01
   0.918  0.4369E+00  0.5839E+01
   0.928  0.4386E+00  0.5843E+01
   0.938  0.4402E+00  0.5848E+01
   0.948  0.4417E+00  0.5852E+01
   0.958  0.4431E+00  0.5857E+01
   0.968  0.4445E+00  0.5861E+01
   0.978  0.4458E+00  0.5865E+01
   0.988  0.4470E+00  0.5870E+01
   0.998  0.4483E+00  0.5874E+01
   1.008  0.4494E+00  0.5879E+01
   1.018  0.4506E+00  0.5883E+01
   1.028  0.4517E+00  0.5888E+01
   1.038  0.4528E+00  0.5892E+01
   1.048  0.4539E+00  0.5897E+01
   1.058  0.4551E+00  0.5902E+01
   1.068  0.4562E+00  0.5906E+01
   1.078  0.4573E+00  0.5911E+01
   1.088  0.4585E+00  0.5915E+01
   1.098  0.4598E+00  0.5920E+01
   1.108  0.4610E+00  0.5925E+01
   1.118  0.4623E+00  0.5929E+01
   1.128  0.4637E+00  0.5934E+01
   1.138  0.4652E+00  0.5938E+01
   1.148  0.4667E+00  0.5943E+01
   1.158  0.4683E+00  0.5948E+01
   1.168  0.4700E+00  0.5952E+01
   1.178  0.4719E+00  0.5957E+01
   1.188  0.4738E+00  0.5962E+01
   1.198  0.4758E+00  0.5967E+01
   1.208  0.4779E+00  0.5971E+01
   1.218  0.4802E+00  0.5976E+01
   1.228  0.4826E+00  0.5981E+01
   1.238  0.4851E+00  0.5986E+01
   1.248  0.4877E+00  0.5991E+01
   1.258  0.4905E+00  0.5996E+01
   1.268  0.4934E+00  0.6001E+01
   1.278  0.4964E+00  0.6006E+01
   1.288  0.4996E+00  0.6011E+01
   1.298  0.5030E+00  0.6016E+01
   1.308  0.5064E+00  0.6021E+01
   1.318  0.5100E+00  0.6026E+01
   1.328  0.5138E+00  0.6031E+01
   1.338  0.5176E+00  0.6036E+01
   1.348  0.5217E+00  0.6041E+01
   1.358  0.5258E+00  0.6047E+01
   1.368  0.5301E+00  0.6052E+01
   1.378  0.5345E+00  0.6057E+01
   1.388  0.5390E+00  0.6063E+01
   1.398  0.5436E+00  0.6068E+01
   1.408  0.5484E+00  0.6074E+01
   1.418  0.5532E+00  0.6079E+01
   1.428  0.5582E+00  0.6085E+01
   1.438  0.5632E+00  0.6090E+01
   1.448  0.5684E+00  0.6096E+01
   1.458  0.5736E+00  0.6102E+01
   1.468  0.5789E+00  0.6108E+01
   1.478  0.5843E+00  0.6113E+01
   1.488  0.5898E+00  0.6119E+01
   1.498  0.5953E+00  0.6125E+01
   1.508  0.6009E+00  0.6131E+01
   1.518  0.6066E+00  0.6137E+01
   1.528  0.6123E+00  0.6143E+01
   1.538  0.6180E+00  0.6150E+01
   1.548  0.6238E+00  0.6156E+01
   1.558  0.6296E+00  0.6162E+01
   1.568  0.6354E+00  0.6168E+01
   1.578  0.6413E+00  0.6175E+01
   1.588  0.6472E+00  0.6181E+01
   1.598  0.6530E+00  0.6188E+01
   1.608  0.6589E+00  0.6194E+01
   1.618  0.6648E+00  0.6201E+01
   1.628  0.6707E+00  0.6208E+01
   1.638  0.6765E+00  0.6215E+01
   1.648  0.6823E+00  0.6221E+01
   1.658  0.6881E+00  0.6228E+01
   1.668  0.6939E+00  0.6235E+01
   1.678  0.6997E+00  0.6242E+01
   1.688  0.7054E+00  0.6249E+01
   1.698  0.7110E+00  0.6256E+01
   1.708  0.7166E+00  0.6264E+01
   1.718  0.7222E+00  0.6271E+01
   1.728  0.7276E+00  0.6278E+01
   1.738  0.7331E+00  0.6285E+01
   1.748  0.7384E+00  0.6293E+01
   1.758  0.7437E+00  0.6300E+01
   1.768  0.7489E+00  0.6308E+01
   1.778  0.7540E+00  0.6315E+01
   1.788  0.7590E+00  0.6323E+01
   1.798  0.7639E+00  0.6330E+01
   1.808  0.7687E+00  0.6338E+01
   1.818  0.7735E+00  0.6346E+01
   1.828  0.7781E+00  0.6354E+01
   1.838  0.7826E+00  0.6362E+01
   1.848  0.7870E+00  0.6369E+01
   1.858  0.7913E+00  0.6377E+01
   1.868  0.7955E+00  0.6385E+01
   1.878  0.7996E+00  0.6393E+01
   1.888  0.8036E+00  0.6401E+01
   1.898  0.8075E+00  0.6409E+01
   1.908  0.8113E+00  0.6417E+01
   1.918  0.8150E+00  0.6426E+01
   1.928  0.8186E+00  0.6434E+01
   1.938  0.8220E+00  0.6442E+01
   1.948  0.8254E+00  0.6450E+01
   1.958  0.8288E+00  0.6459E+01
   1.968  0.8320E+00  0.6467E+01
   1.978  0.8351E+00  0.6475E+01
   1.988  0.8382E+00  0.6484E+01
   1.998  0.8412E+00  0.6492E+01
   2.008  0.8442E+00  0.6500E+01
   2.018  0.8471E+00  0.6509E+01
   2.028  0.8500E+00  0.6517E+01
   2.038  0.8528E+00  0.6526E+01
   2.048  0.8557E+00  0.6535E+01
   2.058  0.8585E+00  0.6543E+01
   2.068  0.8613E+00  0.6552E+01
   2.078  0.8641E+00  0.6560E+01
   2.088  0.8669E+00  0.6569E+01
   2.098  0.8697E+00  0.6578E+01
   2.108  0.8726E+00  0.6586E+01
   2.118  0.8755E+00  0.6595E+01
   2.128  0.8784E+00  0.6604E+01
   2.138  0.8814E+00  0.6613E+01
   2.148  0.8844E+00  0.6622E+01
   2.158  0.8875E+00  0.6631E+01
   2.168  0.8907E+00  0.6639E+01
   2.178  0.8940E+00  0.6648E+01
   2.188  0.8973E+00  0.6657E+01
   2.198  0.9008E+00  0.6666E+01
   2.208  0.9043E+00  0.6675E+01
   2.218  0.9079E+00  0.6684E+01
   2.228  0.9116E+00  0.6694E+01
   2.238  0.9154E+00  0.6703E+01
   2.248  0.9194E+00  0.6712E+01
   2.258  0.9234E+00  0.6721E+01
   2.268  0.9275E+00  0.6730E+01
   2.278  0.9318E+00  0.6740E+01
   2.288  0.9361E+00  0.6749E+01
   2.298  0.9405E+00  0.6759E+01
   2.308  0.9451E+00  0.6768E+01
   2.318  0.9497E+00  0.6777E+01
   2.328  0.9545E+00  0.6787E+01
   2.338  0.9593E+00  0.6797E+01
   2.348  0.9643E+00  0.6806E+01
   2.358  0.9693E+00  0.6816E+01
   2.368  0.9744E+00  0.6826E+01
   2.378  0.9796E+00  0.6836E+01
   2.388  0.9848E+00  0.6845E+01
   2.398  0.9902E+00  0.6855E+01
   2.408  0.9956E+00  0.6865E+01
   2.418  0.1001E+01  0.6875E+01
   2.428  0.1007E+01  0.6885E+01
   2.438  0.1012E+01  0.6895E+01
   2.448  0.1018E+01  0.6906E+01
   2.458  0.1023E+01  0.6916E+01
   2.468  0.1029E+01  0.6926E+01
   2.478  0.1035E+01  0.6936E+01
   2.488  0.1041E+01  0.6947E+01
   2.498  0.1047E+01  0.6957E+01
   2.508  0.1052E+01  0.6968E+01
   2.518  0.1058E+01  0.6978E+01
   2.528  0.1064E+01  0.6989E+01
   2.538  0.1070E+01  0.7000E+01
   2.548  0.1076E+01  0.7011E+01
   2.558  0.1082E+01  0.7021E+01
   2.568  0.1087E+01  0.7032E+01
   2.578  0.1093E+01  0.7043E+01
   2.588  0.1099E+01  0.7054E+01
   2.598  0.1105E+01  0.7065E+01
   2.608  0.1111E+01  0.7076E+01
   2.618  0.1116E+01  0.7087E+01
   2.628  0.1122E+01  0.7099E+01
   2.638  0.1128E+01  0.7110E+01
   2.648  0.1133E+01  0.7121E+01
   2.658  0.1139E+01  0.7133E+01
   2.668  0.1144E+01  0.7144E+01
   2.678  0.1150E+01  0.7156E+01
   2.688  0.1155E+01  0.7167E+01
   2.698  0.1160E+01  0.7179E+01
   2.708  0.1166E+01  0.7190E+01
   2.718  0.1171E+01  0.7202E+01
   2.728  0.1176E+01  0.7214E+01
   2.738  0.1181E+01  0.7226E+01
   2.748  0.1185E+01  0.7238E+01
   2.758  0.1190E+01  0.7249E+01
   2.768  0.1195E+01  0.7261E+01
   2.778  0.1199E+01  0.7273E+01
   2.788  0.1204E+01  0.7285E+01
   2.798  0.1208E+01  0.7298E+01
   2.808  0.1212E+01  0.7310E+01
   2.818  0.1216E+01  0.7322E+01
   2.828  0.1220E+01  0.7334E+01
   2.838  0.1223E+01  0.7346E+01
   2.848  0.1227E+01  0.7359E+01
   2.858  0.1230E+01  0.7371E+01
   2.868  0.1234E+01  0.7383E+01
   2.878  0.1237E+01  0.7396E+01
   2.888  0.1240E+01  0.7408E+01
   2.898  0.1243E+01  0.7420E+01
   2.908  0.1246E+01  0.7433E+01
   2.918  0.1248E+01  0.7445E+01
   2.928  0.1251E+01  0.7458E+01
   2.938  0.1253E+01  0.7470E+01
   2.948  0.1255E+01  0.7483E+01
   2.958  0.1257E+01  0.7495E+01
   2.968  0.1259E+01  0.7508E+01
   2.978  0.1261E+01  0.7521E+01
   2.988  0.1263E+01  0.7533E+01
   2.998  0.1265E+01  0.7546E+01
   3.008  0.1266E+01  0.7559E+01
   3.018  0.1268E+01  0.7571E+01
   3.028  0.1269E+01  0.7584E+01
   3.038  0.1270E+01  0.7597E+01
   3.048  0.1271E+01  0.7609E+01
   3.058  0.1272E+01  0.7622E+01
   3.068  0.1273E+01  0.7635E+01
   3.078  0.1274E+01  0.7648E+01
   3.088  0.1275E+01  0.7660E+01
   3.098  0.1276E+01  0.7673E+01
   3.108  0.1276E+01  0.7686E+01
   3.118  0.1277E+01  0.7699E+01
   3.128  0.1278E+01  0.7711E+01
   3.138  0.1278E+01  0.7724E+01
   3.148  0.1279E+01  0.7737E+01
   3.158  0.1279E+01  0.7750E+01
   3.168  0.1280E+01  0.7763E+01
   3.178  0.1280E+01  0.7775E+01
   3.188  0.1280E+01  0.7788E+01
   3.198  0.1281E+01  0.7801E+01
   3.208  0.1281E+01  0.7814E+01
   3.218  0.1282E+01  0.7827E+01
   3.228  0.1282E+01  0.7839E+01
   3.238  0.1282E+01  0.7852E+01
   3.248  0.1282E+01  0.7865E+01
   3.258  0.1283E+01  0.7878E+01
   3.268  0.1283E+01  0.7891E+01
   3.278  0.1283E+01  0.7904E+01
   3.288  0.1284E+01  0.7916E+01
   3.298  0.1284E+01  0.7929E+01
   3.308  0.1284E+01  0.7942E+01
   3.318  0.1285E+01  0.7955E+01
   3.328  0.1285E+01  0.7968E+01
   3.338  0.1285E+01  0.7981E+01
   3.348  0.1286E+01  0.7993E+01
   3.358  0.1286E+01  0.8006E+01
   3.368  0.1287E+01  0.8019E+01
   3.378  0.1287E+01  0.8032E+01
   3.388  0.1288E+01  0.8045E+01
   3.398  0.1288E+01  0.8058E+01
   3.408  0.1288E+01  0.8071E+01
   3.418  0.1289E+01  0.8084E+01
   3.428  0.1289E+01  0.8096E+01
   3.438  0.1290E+01  0.8109E+01
   3.448  0.1291E+01  0.8122E+01
   3.458  0.1291E+01  0.8135E+01
   3.468  0.1292E+01  0.8148E+01
   3.478  0.1292E+01  0.8161E+01
   3.488  0.1293E+01  0.8174E+01
   3.498  0.1293E+01  0.8187E+01
   3.508  0.1294E+01  0.8200E+01
   3.518  0.1295E+01  0.8213E+01
   3.528  0.1295E+01  0.8226E+01
   3.538  0.1296E+01  0.8239E+01
   3.548  0.1297E+01  0.8252E+01
   3.558  0.1297E+01  0.8265E+01
   3.568  0.1298E+01  0.8278E+01
   3.578  0.1299E+01  0.8291E+01
   3.588  0.1299E+01  0.8304E+01
   3.598  0.1300E+01  0.8317E+01
   3.608  0.1301E+01  0.8330E+01
   3.618  0.1301E+01  0.8343E+01
   3.628  0.1302E+01  0.8356E+01
   3.638  0.1303E+01  0.8369E+01
   3.648  0.1303E+01  0.8382E+01
   3.658  0.1304E+01  0.8395E+01
   3.668  0.1305E+01  0.8408E+01
   3.678  0.1306E+01  0.8421E+01
   3.688  0.1307E+01  0.8434E+01
   3.698  0.1307E+01  0.8447E+01
   3.708  0.1308E+01  0.8460E+01
   3.718  0.1309E+01  0.8473E+01
   3.728  0.1310E+01  0.8486E+01
   3.738  0.1312E+01  0.8499E+01
   3.748  0.1313E+01  0.8513E+01
   3.758  0.1314E+01  0.8526E+01
   3.768  0.1315E+01  0.8539E+01
   3.778  0.1317E+01  0.8552E+01
   3.788  0.1318E+01  0.8565E+01
   3.798  0.1320E+01  0.8578E+01
   3.808  0.1322E+01  0.8592E+01
   3.818  0.1324E+01  0.8605E+01
   3.828  0.1326E+01  0.8618E+01
   3.838  0.1328E+01  0.8631E+01
   3.848  0.1331E+01  0.8645E+01
   3.858  0.1333E+01  0.8658E+01
   3.868  0.1336E+01  0.8671E+01
   3.878  0.1339E+01  0.8685E+01
   3.888  0.1342E+01  0.8698E+01
   3.898  0.1345E+01  0.8712E+01
   3.908  0.1349E+01  0.8725E+01
   3.918  0.1352E+01  0.8739E+01
   3.928  0.1356E+01  0.8752E+01
   3.938  0.1360E+01  0.8766E+01
   3.948  0.1365E+01  0.8779E+01
   3.958  0.1369E+01  0.8793E+01
   3.968  0.1374E+01  0.8807E+01
   3.978  0.1379E+01  0.8821E+01
   3.988  0.1384E+01  0.8835E+01
   3.998  0.1389E+01  0.8848E+01
   4.008  0.1394E+01  0.8862E+01
   4.018  0.1400E+01  0.8876E+01
   4.028  0.1406E+01  0.8890E+01
   4.038  0.1412E+01  0.8905E+01
   4.048  0.1418E+01  0.8919E+01
   4.058  0.1424E+01  0.8933E+01
   4.068  0.1430E+01  0.8947E+01
   4.078  0.1436E+01  0.8962E+01
   4.088  0.1443E+01  0.8976E+01
   4.098  0.1449E+01  0.8990E+01
   4.108  0.1455E+01  0.9005E+01
   4.118  0.1462E+01  0.9020E+01
   4.128  0.1469E+01  0.9034E+01
   4.138  0.1475E+01  0.9049E+01
   4.148  0.1482E+01  0.9064E+01
   4.158  0.1488E+01  0.9079E+01
   4.168  0.1495E+01  0.9094E+01
   4.178  0.1501E+01  0.9109E+01
   4.188  0.1508E+01  0.9124E+01
   4.198  0.1514E+01  0.9139E+01
   4.208  0.1520E+01  0.9154E+01
   4.218  0.1526E+01  0.9169E+01
   4.228  0.1532E+01  0.9185E+01
   4.238  0.1538E+01  0.9200E+01
   4.248  0.1544E+01  0.9216E+01
   4.258  0.1550E+01  0.9231E+01
   4.268  0.1556E+01  0.9247E+01
   4.278  0.1561E+01  0.9262E+01
   4.288  0.1567E+01  0.9278E+01
   4.298  0.1572E+01  0.9294E+01
   4.308  0.1577E+01  0.9309E+01
   4.318  0.1582E+01  0.9325E+01
   4.328  0.1587E+01  0.9341E+01
   4.338  0.1592E+01  0.9357E+01
   4.348  0.1596E+01  0.9373E+01
   4.358  0.1601E+01  0.9389E+01
   4.368  0.1605E+01  0.9405E+01
   4.378  0.1610E+01  0.9421E+01
   4.388  0.1614E+01  0.9437E+01
   4.398  0.1618E+01  0.9453E+01
   4.408  0.1622E+01  0.9470E+01
   4.418  0.1626E+01  0.9486E+01
   4.428  0.1630E+01  0.9502E+01
   4.438  0.1634E+01  0.9519E+01
   4.448  0.1638E+01  0.9535E+01
   4.458  0.1642E+01  0.9551E+01
   4.468  0.1646E+01  0.9568E+01
   4.478  0.1650E+01  0.9584E+01
   4.488  0.1654E+01  0.9601E+01
   4.498  0.1658E+01  0.9618E+01
   4.508  0.1662E+01  0.9634E+01
   4.518  0.1667E+01  0.9651E+01
   4.528  0.1671E+01  0.9668E+01
   4.538  0.1675E+01  0.9684E+01
   4.548  0.1680E+01  0.9701E+01
   4.558  0.1684E+01  0.9718E+01
   4.568  0.1689E+01  0.9735E+01
   4.578  0.1694E+01  0.9752E+01
   4.588  0.1699E+01  0.9769E+01
   4.598  0.1704E+01  0.9786E+01
   4.608  0.1710E+01  0.9803E+01
   4.618  0.1715E+01  0.9820E+01
   4.628  0.1721E+01  0.9837E+01
   4.638  0.1727E+01  0.9855E+01
   4.648  0.1733E+01  0.9872E+01
   4.658  0.1740E+01  0.9889E+01
   4.668  0.1747E+01  0.9907E+01
   4.678  0.1753E+01  0.9924E+01
   4.688  0.1761E+01  0.9942E+01
   4.698  0.1768E+01  0.9960E+01
   4.708  0.1775E+01  0.9977E+01
   4.718  0.1783E+01  0.9995E+01
   4.728  0.1791E+01  0.1001E+02
   4.738  0.1799E+01  0.1003E+02
   4.748  0.1808E+01  0.1005E+02
   4.758  0.1816E+01  0.1007E+02
   4.768  0.1825E+01  0.1009E+02
   4.778  0.1834E+01  0.1010E+02
   4.788  0.1843E+01  0.1012E+02
   4.798  0.1853E+01  0.1014E+02
   4.808  0.1862E+01  0.1016E+02
   4.818  0.1872E+01  0.1018E+02
   4.828  0.1881E+01  0.1020E+02
   4.838  0.1891E+01  0.1022E+02
   4.848  0.1901E+01  0.1023E+02
   4.858  0.1911E+01  0.1025E+02
   4.868  0.1921E+01  0.1027E+02
   4.878  0.1931E+01  0.1029E+02
   4.888  0.1941E+01  0.1031E+02
   4.898  0.1951E+01  0.1033E+02
   4.908  0.1961E+01  0.1035E+02
   4.918  0.1971E+01  0.1037E+02
   4.928  0.1981E+01  0.1039E+02
   4.938  0.1991E+01  0.1041E+02
   4.948  0.2001E+01  0.1043E+02
   4.958  0.2011E+01  0.1045E+02
   4.968  0.2020E+01  0.1047E+02
   4.978  0.2030E+01  0.1049E+02
   4.988  0.2039E+01  0.1051E+02
   4.998  0.2048E+01  0.1053E+02
   5.008  0.2057E+01  0.1055E+02
   5.018  0.2066E+01  0.1057E+02
   5.028  0.2074E+01  0.1059E+02
   5.038  0.2083E+01  0.1061E+02
   5.048  0.2091E+01  0.1064E+02
   5.058  0.2099E+01  0.1066E+02
   5.068  0.2106E+01  0.1068E+02
   5.078  0.2114E+01  0.1070E+02
   5.088  0.2121E+01  0.1072E+02
   5.098  0.2128E+01  0.1074E+02
   5.108  0.2134E+01  0.1076E+02
   5.118  0.2141E+01  0.1078E+02
   5.128  0.2147E+01  0.1081E+02
   5.138  0.2153E+01  0.1083E+02
   5.148  0.2159E+01  0.1085E+02
   5.158  0.2165E+01  0.1087E+02
   5.168  0.2170E+01  0.1089E+02
   5.178  0.2175E+01  0.1091E+02
   5.188  0.2180E+01  0.1094E+02
   5.198  0.2185E+01  0.1096E+02
   5.208  0.2189E+01  0.1098E+02
   5.218  0.2194E+01  0.1100E+02
   5.228  0.2198E+01  0.1102E+02
   5.238  0.2202E+01  0.1105E+02
   5.248  0.2206E+01  0.1107E+02
   5.258  0.2210E+01  0.1109E+02
   5.268  0.2214E+01  0.1111E+02
   5.278  0.2218E+01  0.1113E+02
   5.288  0.2221E+01  0.1116E+02
   5.298  0.2225E+01  0.1118E+02
   5.308  0.2229E+01  0.1120E+02
   5.318  0.2232E+01  0.1122E+02
   5.328  0.2236E+01  0.1125E+02
   5.338  0.2239E+01  0.1127E+02
   5.348  0.2243E+01  0.1129E+02
   5.358  0.2247E+01  0.1131E+02
   5.368  0.2250E+01  0.1133E+02
   5.378  0.2254E+01  0.1136E+02
   5.388  0.2258E+01  0.1138E+02
   5.398  0.2262E+01  0.1140E+02
   5.408  0.2267E+01  0.1143E+02
   5.418  0.2271E+01  0.1145E+02
   5.428  0.2276E+01  0.1147E+02
   5.438  0.2281E+01  0.1149E+02
   5.448  0.2286E+01  0.1152E+02
   5.458  0.2291E+01  0.1154E+02
   5.468  0.2296E+01  0.1156E+02
   5.478  0.2302E+01  0.1159E+02
   5.488  0.2308E+01  0.1161E+02
   5.498  0.2315E+01  0.1163E+02
   5.508  0.2321E+01  0.1165E+02
   5.518  0.2328E+01  0.1168E+02
   5.528  0.2336E+01  0.1170E+02
   5.538  0.2343E+01  0.1172E+02
   5.548  0.2351E+01  0.1175E+02
   5.558  0.2359E+01  0.1177E+02
   5.568  0.2368E+01  0.1180E+02
   5.578  0.2377E+01  0.1182E+02
   5.588  0.2386E+01  0.1184E+02
   5.598  0.2396E+01  0.1187E+02
   5.608  0.2405E+01  0.1189E+02
   5.618  0.2416E+01  0.1192E+02
   5.628  0.2426E+01  0.1194E+02
   5.638  0.2437E+01  0.1196E+02
   5.648  0.2448E+01  0.1199E+02
   5.658  0.2459E+01  0.1201E+02
   5.668  0.2471E+01  0.1204E+02
   5.678  0.2482E+01  0.1206E+02
   5.688  0.2494E+01  0.1209E+02
   5.698  0.2506E+01  0.1211E+02
   5.708  0.2519E+01  0.1214E+02
   5.718  0.2531E+01  0.1216E+02
   5.728  0.2543E+01  0.1219E+02
   5.738  0.2556E+01  0.1221E+02
   5.748  0.2568E+01  0.1224E+02
   5.758  0.2581E+01  0.1227E+02
   5.768  0.2593E+01  0.1229E+02
   5.778  0.2606E+01  0.1232E+02
   5.788  0.2618E+01  0.1234E+02
   5.798  0.2630E+01  0.1237E+02
   5.808  0.2642E+01  0.1240E+02
   5.818  0.2653E+01  0.1242E+02
   5.828  0.2664E+01  0.1245E+02
   5.838  0.2675E+01  0.1248E+02
   5.848  0.2686E+01  0.1250E+02
   5.858  0.2696E+01  0.1253E+02
   5.868  0.2706E+01  0.1256E+02
   5.878  0.2715E+01  0.1258E+02
   5.888  0.2723E+01  0.1261E+02
   5.898  0.2732E+01  0.1264E+02
   5.908  0.2739E+01  0.1267E+02
   5.918  0.2746E+01  0.1269E+02
   5.928  0.2753E+01  0.1272E+02
   5.938  0.2759E+01  0.1275E+02
   5.948  0.2764E+01  0.1278E+02
   5.958  0.2768E+01  0.1280E+02
   5.968  0.2772E+01  0.1283E+02
   5.978  0.2775E+01  0.1286E+02
   5.988  0.2778E+01  0.1289E+02
   5.998  0.2780E+01  0.1292E+02
   6.008  0.2781E+01  0.1294E+02
   6.018  0.2782E+01  0.1297E+02
   6.028  0.2782E+01  0.1300E+02
   6.038  0.2781E+01  0.1303E+02
   6.048  0.2780E+01  0.1305E+02
   6.058  0.2779E+01  0.1308E+02
   6.068  0.2776E+01  0.1311E+02
   6.078  0.2773E+01  0.1314E+02
   6.088  0.2770E+01  0.1317E+02
   6.098  0.2766E+01  0.1319E+02
   6.108  0.2762E+01  0.1322E+02
   6.118  0.2758E+01  0.1325E+02
   6.128  0.2753E+01  0.1328E+02
   6.138  0.2747E+01  0.1330E+02
   6.148  0.2742E+01  0.1333E+02
   6.158  0.2736E+01  0.1336E+02
   6.168  0.2730E+01  0.1339E+02
   6.178  0.2723E+01  0.1341E+02
   6.188  0.2717E+01  0.1344E+02
   6.198  0.2710E+01  0.1347E+02
   6.208  0.2704E+01  0.1349E+02
   6.218  0.2697E+01  0.1352E+02
   6.228  0.2690E+01  0.1355E+02
   6.238  0.2683E+01  0.1357E+02
   6.248  0.2676E+01  0.1360E+02
   6.258  0.2670E+01  0.1363E+02
   6.268  0.2663E+01  0.1365E+02
   6.278  0.2657E+01  0.1368E+02
   6.288  0.2650E+01  0.1371E+02
   6.298  0.2644E+01  0.1373E+02
   6.308  0.2638E+01  0.1376E+02
   6.318  0.2632E+01  0.1379E+02
   6.328  0.2626E+01  0.1381E+02
   6.338  0.2620E+01  0.1384E+02
   6.348  0.2615E+01  0.1387E+02
   6.358  0.2610E+01  0.1389E+02
   6.368  0.2605E+01  0.1392E+02
   6.378  0.2600E+01  0.1394E+02
   6.388  0.2596E+01  0.1397E+02
   6.398  0.2592E+01  0.1400E+02
   6.408  0.2588E+01  0.1402E+02
   6.418  0.2584E+01  0.1405E+02
   6.428  0.2581E+01  0.1407E+02
   6.438  0.2578E+01  0.1410E+02
   6.448  0.2575E+01  0.1412E+02
   6.458  0.2573E+01  0.1415E+02
   6.468  0.2570E+01  0.1418E+02
   6.478  0.2568E+01  0.1420E+02
   6.488  0.2566E+01  0.1423E+02
   6.498  0.2565E+01  0.1425E+02
   6.508  0.2563E+01  0.1428E+02
   6.518  0.2562E+01  0.1430E+02
   6.528  0.2561E+01  0.1433E+02
   6.538  0.2560E+01  0.1436E+02
   6.548  0.2560E+01  0.1438E+02
   6.558  0.2559E+01  0.1441E+02
   6.568  0.2559E+01  0.1443E+02
   6.578  0.2559E+01  0.1446E+02
   6.588  0.2559E+01  0.1448E+02
   6.598  0.2559E+01  0.1451E+02
   6.608  0.2559E+01  0.1453E+02
   6.618  0.2559E+01  0.1456E+02
   6.628  0.2559E+01  0.1459E+02
   6.638  0.2560E+01  0.1461E+02
   6.648  0.2560E+01  0.1464E+02
   6.658  0.2561E+01  0.1466E+02
   6.668  0.2561E+01  0.1469E+02
   6.678  0.2562E+01  0.1471E+02
   6.688  0.2563E+01  0.1474E+02
   6.698  0.2563E+01  0.1477E+02
   6.708  0.2564E+01  0.1479E+02
   6.718  0.2564E+01  0.1482E+02
   6.728  0.2565E+01  0.1484E+02
   6.738  0.2566E+01  0.1487E+02
   6.748  0.2566E+01  0.1489E+02
   6.758  0.2567E+01  0.1492E+02
   6.768  0.2567E+01  0.1494E+02
   6.778  0.2567E+01  0.1497E+02
   6.788  0.2568E+01  0.1500E+02
   6.798  0.2568E+01  0.1502E+02
   6.808  0.2568E+01  0.1505E+02
   6.818  0.2569E+01  0.1507E+02
   6.828  0.2569E+01  0.1510E+02
   6.838  0.2569E+01  0.1512E+02
   6.848  0.2569E+01  0.1515E+02
   6.858  0.2569E+01  0.1518E+02
   6.868  0.2569E+01  0.1520E+02
   6.878  0.2569E+01  0.1523E+02
   6.888  0.2569E+01  0.1525E+02
   6.898  0.2569E+01  0.1528E+02
   6.908  0.2568E+01  0.1530E+02
   6.918  0.2568E+01  0.1533E+02
   6.928  0.2568E+01  0.1536E+02
   6.938  0.2567E+01  0.1538E+02
   6.948  0.2567E+01  0.1541E+02
   6.958  0.2567E+01  0.1543E+02
   6.968  0.2566E+01  0.1546E+02
   6.978  0.2566E+01  0.1548E+02
   6.988  0.2565E+01  0.1551E+02
   6.998  0.2565E+01  0.1554E+02
   7.008  0.2564E+01  0.1556E+02
   7.018  0.2563E+01  0.1559E+02
   7.028  0.2563E+01  0.1561E+02
   7.038  0.2562E+01  0.1564E+02
   7.048  0.2561E+01  0.1566E+02
   7.058  0.2561E+01  0.1569E+02
   7.068  0.2560E+01  0.1571E+02
   7.078  0.2559E+01  0.1574E+02
   7.088  0.2559E+01  0.1577E+02
   7.098  0.2558E+01  0.1579E+02
   7.108  0.2557E+01  0.1582E+02
   7.118  0.2556E+01  0.1584E+02
   7.128  0.2556E+01  0.1587E+02
   7.138  0.2555E+01  0.1589E+02
   7.148  0.2554E+01  0.1592E+02
   7.158  0.2553E+01  0.1594E+02
   7.168  0.2552E+01  0.1597E+02
   7.178  0.2552E+01  0.1600E+02
   7.188  0.2551E+01  0.1602E+02
   7.198  0.2550E+01  0.1605E+02
   7.208  0.2549E+01  0.1607E+02
   7.218  0.2549E+01  0.1610E+02
   7.228  0.2548E+01  0.1612E+02
   7.238  0.2547E+01  0.1615E+02
   7.248  0.2546E+01  0.1617E+02
   7.258  0.2546E+01  0.1620E+02
   7.268  0.2545E+01  0.1623E+02
   7.278  0.2544E+01  0.1625E+02
   7.288  0.2543E+01  0.1628E+02
   7.298  0.2543E+01  0.1630E+02
   7.308  0.2542E+01  0.1633E+02
   7.318  0.2541E+01  0.1635E+02
   7.328  0.2541E+01  0.1638E+02
   7.338  0.2540E+01  0.1640E+02
   7.348  0.2539E+01  0.1643E+02
   7.358  0.2539E+01  0.1645E+02
   7.368  0.2538E+01  0.1648E+02
   7.378  0.2538E+01  0.1650E+02
   7.388  0.2537E+01  0.1653E+02
   7.398  0.2537E+01  0.1656E+02
   7.408  0.2536E+01  0.1658E+02
