#  E (eV)   dos(E)     Int dos(E) EFermi =   -0.790 eV
 -15.790  0.6921E+00  0.6921E-02
 -15.780  0.6929E+00  0.1385E-01
 -15.770  0.6938E+00  0.2079E-01
 -15.760  0.6947E+00  0.2773E-01
 -15.750  0.6956E+00  0.3469E-01
 -15.740  0.6966E+00  0.4166E-01
 -15.730  0.6975E+00  0.4863E-01
 -15.720  0.6986E+00  0.5562E-01
 -15.710  0.6996E+00  0.6261E-01
 -15.700  0.7007E+00  0.6962E-01
 -15.690  0.7018E+00  0.7664E-01
 -15.680  0.7029E+00  0.8367E-01
 -15.670  0.7041E+00  0.9071E-01
 -15.660  0.7054E+00  0.9776E-01
 -15.650  0.7066E+00  0.1048E+00
 -15.640  0.7079E+00  0.1119E+00
 -15.630  0.7093E+00  0.1190E+00
 -15.620  0.7107E+00  0.1261E+00
 -15.610  0.7122E+00  0.1332E+00
 -15.600  0.7137E+00  0.1404E+00
 -15.590  0.7153E+00  0.1475E+00
 -15.580  0.7169E+00  0.1547E+00
 -15.570  0.7186E+00  0.1619E+00
 -15.560  0.7204E+00  0.1691E+00
 -15.550  0.7222E+00  0.1763E+00
 -15.540  0.7242E+00  0.1835E+00
 -15.530  0.7262E+00  0.1908E+00
 -15.520  0.7283E+00  0.1981E+00
 -15.510  0.7305E+00  0.2054E+00
 -15.500  0.7328E+00  0.2127E+00
 -15.490  0.7353E+00  0.2201E+00
 -15.480  0.7378E+00  0.2275E+00
 -15.470  0.7405E+00  0.2349E+00
 -15.460  0.7433E+00  0.2423E+00
 -15.450  0.7462E+00  0.2498E+00
 -15.440  0.7492E+00  0.2572E+00
 -15.430  0.7524E+00  0.2648E+00
 -15.420  0.7556E+00  0.2723E+00
 -15.410  0.7591E+00  0.2799E+00
 -15.400  0.7626E+00  0.2875E+00
 -15.390  0.7662E+00  0.2952E+00
 -15.380  0.7700E+00  0.3029E+00
 -15.370  0.7738E+00  0.3106E+00
 -15.360  0.7778E+00  0.3184E+00
 -15.350  0.7818E+00  0.3262E+00
 -15.340  0.7858E+00  0.3341E+00
 -15.330  0.7900E+00  0.3420E+00
 -15.320  0.7941E+00  0.3499E+00
 -15.310  0.7983E+00  0.3579E+00
 -15.300  0.8024E+00  0.3659E+00
 -15.290  0.8065E+00  0.3740E+00
 -15.280  0.8105E+00  0.3821E+00
 -15.270  0.8144E+00  0.3903E+00
 -15.260  0.8182E+00  0.3984E+00
 -15.250  0.8218E+00  0.4067E+00
 -15.240  0.8252E+00  0.4149E+00
 -15.230  0.8283E+00  0.4232E+00
 -15.220  0.8312E+00  0.4315E+00
 -15.210  0.8338E+00  0.4398E+00
 -15.200  0.8360E+00  0.4482E+00
 -15.190  0.8379E+00  0.4566E+00
 -15.180  0.8393E+00  0.4650E+00
 -15.170  0.8403E+00  0.4734E+00
 -15.160  0.8408E+00  0.4818E+00
 -15.150  0.8408E+00  0.4902E+00
 -15.140  0.8403E+00  0.4986E+00
 -15.130  0.8392E+00  0.5070E+00
 -15.120  0.8376E+00  0.5154E+00
 -15.110  0.8354E+00  0.5237E+00
 -15.100  0.8326E+00  0.5320E+00
 -15.090  0.8292E+00  0.5403E+00
 -15.080  0.8253E+00  0.5486E+00
 -15.070  0.8208E+00  0.5568E+00
 -15.060  0.8157E+00  0.5649E+00
 -15.050  0.8101E+00  0.5731E+00
 -15.040  0.8040E+00  0.5811E+00
 -15.030  0.7973E+00  0.5891E+00
 -15.020  0.7902E+00  0.5970E+00
 -15.010  0.7826E+00  0.6048E+00
 -15.000  0.7746E+00  0.6125E+00
 -14.990  0.7663E+00  0.6202E+00
 -14.980  0.7575E+00  0.6278E+00
 -14.970  0.7485E+00  0.6353E+00
 -14.960  0.7392E+00  0.6427E+00
 -14.950  0.7296E+00  0.6499E+00
 -14.940  0.7199E+00  0.6571E+00
 -14.930  0.7099E+00  0.6642E+00
 -14.920  0.6999E+00  0.6712E+00
 -14.910  0.6898E+00  0.6781E+00
 -14.900  0.6796E+00  0.6849E+00
 -14.890  0.6694E+00  0.6916E+00
 -14.880  0.6592E+00  0.6982E+00
 -14.870  0.6490E+00  0.7047E+00
 -14.860  0.6390E+00  0.7111E+00
 -14.850  0.6290E+00  0.7174E+00
 -14.840  0.6192E+00  0.7236E+00
 -14.830  0.6095E+00  0.7297E+00
 -14.820  0.5999E+00  0.7357E+00
 -14.810  0.5905E+00  0.7416E+00
 -14.800  0.5813E+00  0.7474E+00
 -14.790  0.5723E+00  0.7531E+00
 -14.780  0.5635E+00  0.7588E+00
 -14.770  0.5549E+00  0.7643E+00
 -14.760  0.5465E+00  0.7698E+00
 -14.750  0.5384E+00  0.7752E+00
 -14.740  0.5304E+00  0.7805E+00
 -14.730  0.5226E+00  0.7857E+00
 -14.720  0.5150E+00  0.7908E+00
 -14.710  0.5076E+00  0.7959E+00
 -14.700  0.5004E+00  0.8009E+00
 -14.690  0.4933E+00  0.8058E+00
 -14.680  0.4865E+00  0.8107E+00
 -14.670  0.4798E+00  0.8155E+00
 -14.660  0.4732E+00  0.8202E+00
 -14.650  0.4668E+00  0.8249E+00
 -14.640  0.4606E+00  0.8295E+00
 -14.630  0.4545E+00  0.8341E+00
 -14.620  0.4485E+00  0.8385E+00
 -14.610  0.4427E+00  0.8430E+00
 -14.600  0.4370E+00  0.8473E+00
 -14.590  0.4314E+00  0.8517E+00
 -14.580  0.4259E+00  0.8559E+00
 -14.570  0.4206E+00  0.8601E+00
 -14.560  0.4154E+00  0.8643E+00
 -14.550  0.4103E+00  0.8684E+00
 -14.540  0.4053E+00  0.8724E+00
 -14.530  0.4004E+00  0.8764E+00
 -14.520  0.3957E+00  0.8804E+00
 -14.510  0.3910E+00  0.8843E+00
 -14.500  0.3865E+00  0.8882E+00
 -14.490  0.3821E+00  0.8920E+00
 -14.480  0.3778E+00  0.8958E+00
 -14.470  0.3737E+00  0.8995E+00
 -14.460  0.3697E+00  0.9032E+00
 -14.450  0.3659E+00  0.9069E+00
 -14.440  0.3622E+00  0.9105E+00
 -14.430  0.3587E+00  0.9141E+00
 -14.420  0.3554E+00  0.9176E+00
 -14.410  0.3523E+00  0.9211E+00
 -14.400  0.3495E+00  0.9246E+00
 -14.390  0.3469E+00  0.9281E+00
 -14.380  0.3445E+00  0.9316E+00
 -14.370  0.3425E+00  0.9350E+00
 -14.360  0.3407E+00  0.9384E+00
 -14.350  0.3393E+00  0.9418E+00
 -14.340  0.3383E+00  0.9452E+00
 -14.330  0.3376E+00  0.9485E+00
 -14.320  0.3373E+00  0.9519E+00
 -14.310  0.3374E+00  0.9553E+00
 -14.300  0.3379E+00  0.9587E+00
 -14.290  0.3389E+00  0.9621E+00
 -14.280  0.3404E+00  0.9655E+00
 -14.270  0.3423E+00  0.9689E+00
 -14.260  0.3447E+00  0.9723E+00
 -14.250  0.3476E+00  0.9758E+00
 -14.240  0.3510E+00  0.9793E+00
 -14.230  0.3549E+00  0.9829E+00
 -14.220  0.3593E+00  0.9865E+00
 -14.210  0.3641E+00  0.9901E+00
 -14.200  0.3695E+00  0.9938E+00
 -14.190  0.3753E+00  0.9975E+00
 -14.180  0.3816E+00  0.1001E+01
 -14.170  0.3884E+00  0.1005E+01
 -14.160  0.3955E+00  0.1009E+01
 -14.150  0.4030E+00  0.1013E+01
 -14.140  0.4109E+00  0.1017E+01
 -14.130  0.4191E+00  0.1022E+01
 -14.120  0.4276E+00  0.1026E+01
 -14.110  0.4363E+00  0.1030E+01
 -14.100  0.4453E+00  0.1035E+01
 -14.090  0.4544E+00  0.1039E+01
 -14.080  0.4636E+00  0.1044E+01
 -14.070  0.4729E+00  0.1049E+01
 -14.060  0.4822E+00  0.1053E+01
 -14.050  0.4915E+00  0.1058E+01
 -14.040  0.5007E+00  0.1063E+01
 -14.030  0.5098E+00  0.1068E+01
 -14.020  0.5188E+00  0.1074E+01
 -14.010  0.5277E+00  0.1079E+01
 -14.000  0.5363E+00  0.1084E+01
 -13.990  0.5446E+00  0.1090E+01
 -13.980  0.5527E+00  0.1095E+01
 -13.970  0.5606E+00  0.1101E+01
 -13.960  0.5680E+00  0.1106E+01
 -13.950  0.5752E+00  0.1112E+01
 -13.940  0.5820E+00  0.1118E+01
 -13.930  0.5885E+00  0.1124E+01
 -13.920  0.5946E+00  0.1130E+01
 -13.910  0.6003E+00  0.1136E+01
 -13.900  0.6057E+00  0.1142E+01
 -13.890  0.6107E+00  0.1148E+01
 -13.880  0.6153E+00  0.1154E+01
 -13.870  0.6196E+00  0.1160E+01
 -13.860  0.6235E+00  0.1167E+01
 -13.850  0.6272E+00  0.1173E+01
 -13.840  0.6305E+00  0.1179E+01
 -13.830  0.6335E+00  0.1186E+01
 -13.820  0.6363E+00  0.1192E+01
 -13.810  0.6388E+00  0.1198E+01
 -13.800  0.6410E+00  0.1205E+01
 -13.790  0.6430E+00  0.1211E+01
 -13.780  0.6449E+00  0.1218E+01
 -13.770  0.6465E+00  0.1224E+01
 -13.760  0.6481E+00  0.1231E+01
 -13.750  0.6494E+00  0.1237E+01
 -13.740  0.6507E+00  0.1244E+01
 -13.730  0.6518E+00  0.1250E+01
 -13.720  0.6529E+00  0.1257E+01
 -13.710  0.6539E+00  0.1263E+01
 -13.700  0.6549E+00  0.1270E+01
 -13.690  0.6558E+00  0.1276E+01
 -13.680  0.6568E+00  0.1283E+01
 -13.670  0.6577E+00  0.1289E+01
 -13.660  0.6587E+00  0.1296E+01
 -13.650  0.6597E+00  0.1303E+01
 -13.640  0.6607E+00  0.1309E+01
 -13.630  0.6619E+00  0.1316E+01
 -13.620  0.6631E+00  0.1322E+01
 -13.610  0.6644E+00  0.1329E+01
 -13.600  0.6659E+00  0.1336E+01
 -13.590  0.6675E+00  0.1342E+01
 -13.580  0.6692E+00  0.1349E+01
 -13.570  0.6711E+00  0.1356E+01
 -13.560  0.6732E+00  0.1363E+01
 -13.550  0.6755E+00  0.1369E+01
 -13.540  0.6779E+00  0.1376E+01
 -13.530  0.6806E+00  0.1383E+01
 -13.520  0.6835E+00  0.1390E+01
 -13.510  0.6867E+00  0.1397E+01
 -13.500  0.6901E+00  0.1403E+01
 -13.490  0.6938E+00  0.1410E+01
 -13.480  0.6977E+00  0.1417E+01
 -13.470  0.7019E+00  0.1424E+01
 -13.460  0.7063E+00  0.1431E+01
 -13.450  0.7110E+00  0.1439E+01
 -13.440  0.7159E+00  0.1446E+01
 -13.430  0.7211E+00  0.1453E+01
 -13.420  0.7265E+00  0.1460E+01
 -13.410  0.7321E+00  0.1468E+01
 -13.400  0.7380E+00  0.1475E+01
 -13.390  0.7440E+00  0.1482E+01
 -13.380  0.7501E+00  0.1490E+01
 -13.370  0.7564E+00  0.1497E+01
 -13.360  0.7628E+00  0.1505E+01
 -13.350  0.7693E+00  0.1513E+01
 -13.340  0.7757E+00  0.1520E+01
 -13.330  0.7822E+00  0.1528E+01
 -13.320  0.7887E+00  0.1536E+01
 -13.310  0.7950E+00  0.1544E+01
 -13.300  0.8013E+00  0.1552E+01
 -13.290  0.8074E+00  0.1560E+01
 -13.280  0.8133E+00  0.1568E+01
 -13.270  0.8189E+00  0.1577E+01
 -13.260  0.8243E+00  0.1585E+01
 -13.250  0.8294E+00  0.1593E+01
 -13.240  0.8342E+00  0.1601E+01
 -13.230  0.8386E+00  0.1610E+01
 -13.220  0.8425E+00  0.1618E+01
 -13.210  0.8461E+00  0.1627E+01
 -13.200  0.8493E+00  0.1635E+01
 -13.190  0.8520E+00  0.1644E+01
 -13.180  0.8542E+00  0.1652E+01
 -13.170  0.8559E+00  0.1661E+01
 -13.160  0.8572E+00  0.1669E+01
 -13.150  0.8580E+00  0.1678E+01
 -13.140  0.8583E+00  0.1687E+01
 -13.130  0.8582E+00  0.1695E+01
 -13.120  0.8576E+00  0.1704E+01
 -13.110  0.8565E+00  0.1712E+01
 -13.100  0.8551E+00  0.1721E+01
 -13.090  0.8532E+00  0.1729E+01
 -13.080  0.8510E+00  0.1738E+01
 -13.070  0.8485E+00  0.1746E+01
 -13.060  0.8456E+00  0.1755E+01
 -13.050  0.8424E+00  0.1763E+01
 -13.040  0.8390E+00  0.1772E+01
 -13.030  0.8353E+00  0.1780E+01
 -13.020  0.8314E+00  0.1788E+01
 -13.010  0.8274E+00  0.1797E+01
 -13.000  0.8232E+00  0.1805E+01
 -12.990  0.8189E+00  0.1813E+01
 -12.980  0.8146E+00  0.1821E+01
 -12.970  0.8101E+00  0.1829E+01
 -12.960  0.8057E+00  0.1837E+01
 -12.950  0.8012E+00  0.1845E+01
 -12.940  0.7967E+00  0.1853E+01
 -12.930  0.7923E+00  0.1861E+01
 -12.920  0.7878E+00  0.1869E+01
 -12.910  0.7835E+00  0.1877E+01
 -12.900  0.7792E+00  0.1885E+01
 -12.890  0.7750E+00  0.1892E+01
 -12.880  0.7708E+00  0.1900E+01
 -12.870  0.7668E+00  0.1908E+01
 -12.860  0.7628E+00  0.1915E+01
 -12.850  0.7590E+00  0.1923E+01
 -12.840  0.7552E+00  0.1931E+01
 -12.830  0.7516E+00  0.1938E+01
 -12.820  0.7480E+00  0.1946E+01
 -12.810  0.7446E+00  0.1953E+01
 -12.800  0.7412E+00  0.1960E+01
 -12.790  0.7379E+00  0.1968E+01
 -12.780  0.7348E+00  0.1975E+01
 -12.770  0.7317E+00  0.1982E+01
 -12.760  0.7287E+00  0.1990E+01
 -12.750  0.7258E+00  0.1997E+01
 -12.740  0.7229E+00  0.2004E+01
 -12.730  0.7201E+00  0.2011E+01
 -12.720  0.7174E+00  0.2019E+01
 -12.710  0.7148E+00  0.2026E+01
 -12.700  0.7122E+00  0.2033E+01
 -12.690  0.7097E+00  0.2040E+01
 -12.680  0.7073E+00  0.2047E+01
 -12.670  0.7049E+00  0.2054E+01
 -12.660  0.7025E+00  0.2061E+01
 -12.650  0.7002E+00  0.2068E+01
 -12.640  0.6979E+00  0.2075E+01
 -12.630  0.6957E+00  0.2082E+01
 -12.620  0.6935E+00  0.2089E+01
 -12.610  0.6914E+00  0.2096E+01
 -12.600  0.6893E+00  0.2103E+01
 -12.590  0.6872E+00  0.2110E+01
 -12.580  0.6851E+00  0.2117E+01
 -12.570  0.6831E+00  0.2123E+01
 -12.560  0.6811E+00  0.2130E+01
 -12.550  0.6792E+00  0.2137E+01
 -12.540  0.6772E+00  0.2144E+01
 -12.530  0.6753E+00  0.2151E+01
 -12.520  0.6734E+00  0.2157E+01
 -12.510  0.6716E+00  0.2164E+01
 -12.500  0.6697E+00  0.2171E+01
 -12.490  0.6679E+00  0.2177E+01
 -12.480  0.6661E+00  0.2184E+01
 -12.470  0.6643E+00  0.2191E+01
 -12.460  0.6626E+00  0.2197E+01
 -12.450  0.6608E+00  0.2204E+01
 -12.440  0.6591E+00  0.2210E+01
 -12.430  0.6574E+00  0.2217E+01
 -12.420  0.6557E+00  0.2224E+01
 -12.410  0.6540E+00  0.2230E+01
 -12.400  0.6523E+00  0.2237E+01
 -12.390  0.6507E+00  0.2243E+01
 -12.380  0.6491E+00  0.2250E+01
 -12.370  0.6474E+00  0.2256E+01
 -12.360  0.6458E+00  0.2263E+01
 -12.350  0.6443E+00  0.2269E+01
 -12.340  0.6427E+00  0.2275E+01
 -12.330  0.6411E+00  0.2282E+01
 -12.320  0.6396E+00  0.2288E+01
 -12.310  0.6380E+00  0.2295E+01
 -12.300  0.6365E+00  0.2301E+01
 -12.290  0.6350E+00  0.2307E+01
 -12.280  0.6335E+00  0.2314E+01
 -12.270  0.6320E+00  0.2320E+01
 -12.260  0.6305E+00  0.2326E+01
 -12.250  0.6290E+00  0.2333E+01
 -12.240  0.6276E+00  0.2339E+01
 -12.230  0.6261E+00  0.2345E+01
 -12.220  0.6247E+00  0.2351E+01
 -12.210  0.6232E+00  0.2358E+01
 -12.200  0.6218E+00  0.2364E+01
 -12.190  0.6204E+00  0.2370E+01
 -12.180  0.6190E+00  0.2376E+01
 -12.170  0.6176E+00  0.2382E+01
 -12.160  0.6162E+00  0.2389E+01
 -12.150  0.6148E+00  0.2395E+01
 -12.140  0.6135E+00  0.2401E+01
 -12.130  0.6121E+00  0.2407E+01
 -12.120  0.6108E+00  0.2413E+01
 -12.110  0.6094E+00  0.2419E+01
 -12.100  0.6081E+00  0.2425E+01
 -12.090  0.6067E+00  0.2431E+01
 -12.080  0.6054E+00  0.2437E+01
 -12.070  0.6041E+00  0.2443E+01
 -12.060  0.6028E+00  0.2449E+01
 -12.050  0.6015E+00  0.2455E+01
 -12.040  0.6002E+00  0.2461E+01
 -12.030  0.5989E+00  0.2467E+01
 -12.020  0.5977E+00  0.2473E+01
 -12.010  0.5964E+00  0.2479E+01
 -12.000  0.5951E+00  0.2485E+01
 -11.990  0.5939E+00  0.2491E+01
 -11.980  0.5926E+00  0.2497E+01
 -11.970  0.5914E+00  0.2503E+01
 -11.960  0.5901E+00  0.2509E+01
 -11.950  0.5889E+00  0.2515E+01
 -11.940  0.5877E+00  0.2521E+01
 -11.930  0.5865E+00  0.2527E+01
 -11.920  0.5853E+00  0.2533E+01
 -11.910  0.5841E+00  0.2538E+01
 -11.900  0.5829E+00  0.2544E+01
 -11.890  0.5818E+00  0.2550E+01
 -11.880  0.5806E+00  0.2556E+01
 -11.870  0.5795E+00  0.2562E+01
 -11.860  0.5784E+00  0.2567E+01
 -11.850  0.5773E+00  0.2573E+01
 -11.840  0.5762E+00  0.2579E+01
 -11.830  0.5752E+00  0.2585E+01
 -11.820  0.5742E+00  0.2590E+01
 -11.810  0.5732E+00  0.2596E+01
 -11.800  0.5722E+00  0.2602E+01
 -11.790  0.5713E+00  0.2608E+01
 -11.780  0.5705E+00  0.2613E+01
 -11.770  0.5697E+00  0.2619E+01
 -11.760  0.5689E+00  0.2625E+01
 -11.750  0.5682E+00  0.2630E+01
 -11.740  0.5676E+00  0.2636E+01
 -11.730  0.5671E+00  0.2642E+01
 -11.720  0.5667E+00  0.2647E+01
 -11.710  0.5663E+00  0.2653E+01
 -11.700  0.5661E+00  0.2659E+01
 -11.690  0.5660E+00  0.2664E+01
 -11.680  0.5660E+00  0.2670E+01
 -11.670  0.5661E+00  0.2676E+01
 -11.660  0.5664E+00  0.2681E+01
 -11.650  0.5669E+00  0.2687E+01
 -11.640  0.5675E+00  0.2693E+01
 -11.630  0.5682E+00  0.2698E+01
 -11.620  0.5692E+00  0.2704E+01
 -11.610  0.5703E+00  0.2710E+01
 -11.600  0.5716E+00  0.2715E+01
 -11.590  0.5731E+00  0.2721E+01
 -11.580  0.5748E+00  0.2727E+01
 -11.570  0.5767E+00  0.2733E+01
 -11.560  0.5787E+00  0.2739E+01
 -11.550  0.5810E+00  0.2744E+01
 -11.540  0.5835E+00  0.2750E+01
 -11.530  0.5862E+00  0.2756E+01
 -11.520  0.5890E+00  0.2762E+01
 -11.510  0.5921E+00  0.2768E+01
 -11.500  0.5953E+00  0.2774E+01
 -11.490  0.5986E+00  0.2780E+01
 -11.480  0.6022E+00  0.2786E+01
 -11.470  0.6058E+00  0.2792E+01
 -11.460  0.6096E+00  0.2798E+01
 -11.450  0.6134E+00  0.2804E+01
 -11.440  0.6174E+00  0.2810E+01
 -11.430  0.6214E+00  0.2816E+01
 -11.420  0.6255E+00  0.2823E+01
 -11.410  0.6296E+00  0.2829E+01
 -11.400  0.6338E+00  0.2835E+01
 -11.390  0.6379E+00  0.2842E+01
 -11.380  0.6420E+00  0.2848E+01
 -11.370  0.6461E+00  0.2855E+01
 -11.360  0.6502E+00  0.2861E+01
 -11.350  0.6541E+00  0.2868E+01
 -11.340  0.6580E+00  0.2874E+01
 -11.330  0.6618E+00  0.2881E+01
 -11.320  0.6655E+00  0.2888E+01
 -11.310  0.6690E+00  0.2894E+01
 -11.300  0.6725E+00  0.2901E+01
 -11.290  0.6758E+00  0.2908E+01
 -11.280  0.6789E+00  0.2914E+01
 -11.270  0.6819E+00  0.2921E+01
 -11.260  0.6848E+00  0.2928E+01
 -11.250  0.6875E+00  0.2935E+01
 -11.240  0.6901E+00  0.2942E+01
 -11.230  0.6925E+00  0.2949E+01
 -11.220  0.6947E+00  0.2956E+01
 -11.210  0.6968E+00  0.2963E+01
 -11.200  0.6988E+00  0.2970E+01
 -11.190  0.7006E+00  0.2977E+01
 -11.180  0.7023E+00  0.2984E+01
 -11.170  0.7039E+00  0.2991E+01
 -11.160  0.7053E+00  0.2998E+01
 -11.150  0.7066E+00  0.3005E+01
 -11.140  0.7079E+00  0.3012E+01
 -11.130  0.7090E+00  0.3019E+01
 -11.120  0.7101E+00  0.3026E+01
 -11.110  0.7110E+00  0.3033E+01
 -11.100  0.7119E+00  0.3040E+01
 -11.090  0.7127E+00  0.3048E+01
 -11.080  0.7135E+00  0.3055E+01
 -11.070  0.7142E+00  0.3062E+01
 -11.060  0.7149E+00  0.3069E+01
 -11.050  0.7155E+00  0.3076E+01
 -11.040  0.7161E+00  0.3083E+01
 -11.030  0.7167E+00  0.3090E+01
 -11.020  0.7172E+00  0.3098E+01
 -11.010  0.7177E+00  0.3105E+01
 -11.000  0.7182E+00  0.3112E+01
 -10.990  0.7186E+00  0.3119E+01
 -10.980  0.7191E+00  0.3126E+01
 -10.970  0.7195E+00  0.3134E+01
 -10.960  0.7200E+00  0.3141E+01
 -10.950  0.7204E+00  0.3148E+01
 -10.940  0.7208E+00  0.3155E+01
 -10.930  0.7212E+00  0.3162E+01
 -10.920  0.7216E+00  0.3170E+01
 -10.910  0.7220E+00  0.3177E+01
 -10.900  0.7224E+00  0.3184E+01
 -10.890  0.7228E+00  0.3191E+01
 -10.880  0.7232E+00  0.3199E+01
 -10.870  0.7236E+00  0.3206E+01
 -10.860  0.7240E+00  0.3213E+01
 -10.850  0.7243E+00  0.3220E+01
 -10.840  0.7247E+00  0.3227E+01
 -10.830  0.7251E+00  0.3235E+01
 -10.820  0.7255E+00  0.3242E+01
 -10.810  0.7259E+00  0.3249E+01
 -10.800  0.7264E+00  0.3257E+01
 -10.790  0.7268E+00  0.3264E+01
 -10.780  0.7272E+00  0.3271E+01
 -10.770  0.7276E+00  0.3278E+01
 -10.760  0.7280E+00  0.3286E+01
 -10.750  0.7284E+00  0.3293E+01
 -10.740  0.7288E+00  0.3300E+01
 -10.730  0.7292E+00  0.3307E+01
 -10.720  0.7296E+00  0.3315E+01
 -10.710  0.7301E+00  0.3322E+01
 -10.700  0.7305E+00  0.3329E+01
 -10.690  0.7309E+00  0.3337E+01
 -10.680  0.7313E+00  0.3344E+01
 -10.670  0.7317E+00  0.3351E+01
 -10.660  0.7321E+00  0.3359E+01
 -10.650  0.7326E+00  0.3366E+01
 -10.640  0.7330E+00  0.3373E+01
 -10.630  0.7334E+00  0.3381E+01
 -10.620  0.7339E+00  0.3388E+01
 -10.610  0.7343E+00  0.3395E+01
 -10.600  0.7347E+00  0.3403E+01
 -10.590  0.7352E+00  0.3410E+01
 -10.580  0.7356E+00  0.3417E+01
 -10.570  0.7361E+00  0.3425E+01
 -10.560  0.7365E+00  0.3432E+01
 -10.550  0.7370E+00  0.3439E+01
 -10.540  0.7374E+00  0.3447E+01
 -10.530  0.7379E+00  0.3454E+01
 -10.520  0.7383E+00  0.3462E+01
 -10.510  0.7388E+00  0.3469E+01
 -10.500  0.7392E+00  0.3476E+01
 -10.490  0.7397E+00  0.3484E+01
 -10.480  0.7402E+00  0.3491E+01
 -10.470  0.7406E+00  0.3499E+01
 -10.460  0.7411E+00  0.3506E+01
 -10.450  0.7416E+00  0.3513E+01
 -10.440  0.7420E+00  0.3521E+01
 -10.430  0.7425E+00  0.3528E+01
 -10.420  0.7430E+00  0.3536E+01
 -10.410  0.7434E+00  0.3543E+01
 -10.400  0.7439E+00  0.3551E+01
 -10.390  0.7444E+00  0.3558E+01
 -10.380  0.7449E+00  0.3565E+01
 -10.370  0.7454E+00  0.3573E+01
 -10.360  0.7458E+00  0.3580E+01
 -10.350  0.7463E+00  0.3588E+01
 -10.340  0.7468E+00  0.3595E+01
 -10.330  0.7473E+00  0.3603E+01
 -10.320  0.7478E+00  0.3610E+01
 -10.310  0.7483E+00  0.3618E+01
 -10.300  0.7488E+00  0.3625E+01
 -10.290  0.7494E+00  0.3633E+01
 -10.280  0.7499E+00  0.3640E+01
 -10.270  0.7504E+00  0.3648E+01
 -10.260  0.7509E+00  0.3655E+01
 -10.250  0.7514E+00  0.3663E+01
 -10.240  0.7519E+00  0.3670E+01
 -10.230  0.7525E+00  0.3678E+01
 -10.220  0.7530E+00  0.3685E+01
 -10.210  0.7535E+00  0.3693E+01
 -10.200  0.7540E+00  0.3700E+01
 -10.190  0.7546E+00  0.3708E+01
 -10.180  0.7551E+00  0.3715E+01
 -10.170  0.7556E+00  0.3723E+01
 -10.160  0.7561E+00  0.3731E+01
 -10.150  0.7567E+00  0.3738E+01
 -10.140  0.7572E+00  0.3746E+01
 -10.130  0.7578E+00  0.3753E+01
 -10.120  0.7583E+00  0.3761E+01
 -10.110  0.7589E+00  0.3768E+01
 -10.100  0.7594E+00  0.3776E+01
 -10.090  0.7600E+00  0.3784E+01
 -10.080  0.7606E+00  0.3791E+01
 -10.070  0.7611E+00  0.3799E+01
 -10.060  0.7617E+00  0.3806E+01
 -10.050  0.7623E+00  0.3814E+01
 -10.040  0.7628E+00  0.3822E+01
 -10.030  0.7634E+00  0.3829E+01
 -10.020  0.7640E+00  0.3837E+01
 -10.010  0.7646E+00  0.3845E+01
 -10.000  0.7652E+00  0.3852E+01
  -9.990  0.7658E+00  0.3860E+01
  -9.980  0.7664E+00  0.3868E+01
  -9.970  0.7670E+00  0.3875E+01
  -9.960  0.7675E+00  0.3883E+01
  -9.950  0.7681E+00  0.3891E+01
  -9.940  0.7688E+00  0.3898E+01
  -9.930  0.7694E+00  0.3906E+01
  -9.920  0.7700E+00  0.3914E+01
  -9.910  0.7706E+00  0.3921E+01
  -9.900  0.7712E+00  0.3929E+01
  -9.890  0.7718E+00  0.3937E+01
  -9.880  0.7724E+00  0.3945E+01
  -9.870  0.7731E+00  0.3952E+01
  -9.860  0.7737E+00  0.3960E+01
  -9.850  0.7743E+00  0.3968E+01
  -9.840  0.7750E+00  0.3976E+01
  -9.830  0.7756E+00  0.3983E+01
  -9.820  0.7763E+00  0.3991E+01
  -9.810  0.7769E+00  0.3999E+01
  -9.800  0.7776E+00  0.4007E+01
  -9.790  0.7782E+00  0.4014E+01
  -9.780  0.7789E+00  0.4022E+01
  -9.770  0.7795E+00  0.4030E+01
  -9.760  0.7802E+00  0.4038E+01
  -9.750  0.7809E+00  0.4046E+01
  -9.740  0.7816E+00  0.4053E+01
  -9.730  0.7822E+00  0.4061E+01
  -9.720  0.7829E+00  0.4069E+01
  -9.710  0.7836E+00  0.4077E+01
  -9.700  0.7843E+00  0.4085E+01
  -9.690  0.7850E+00  0.4093E+01
  -9.680  0.7857E+00  0.4100E+01
  -9.670  0.7864E+00  0.4108E+01
  -9.660  0.7871E+00  0.4116E+01
  -9.650  0.7878E+00  0.4124E+01
  -9.640  0.7885E+00  0.4132E+01
  -9.630  0.7892E+00  0.4140E+01
  -9.620  0.7900E+00  0.4148E+01
  -9.610  0.7907E+00  0.4156E+01
  -9.600  0.7914E+00  0.4164E+01
  -9.590  0.7922E+00  0.4171E+01
  -9.580  0.7929E+00  0.4179E+01
  -9.570  0.7936E+00  0.4187E+01
  -9.560  0.7944E+00  0.4195E+01
  -9.550  0.7951E+00  0.4203E+01
  -9.540  0.7959E+00  0.4211E+01
  -9.530  0.7967E+00  0.4219E+01
  -9.520  0.7974E+00  0.4227E+01
  -9.510  0.7982E+00  0.4235E+01
  -9.500  0.7990E+00  0.4243E+01
  -9.490  0.7998E+00  0.4251E+01
  -9.480  0.8006E+00  0.4259E+01
  -9.470  0.8014E+00  0.4267E+01
  -9.460  0.8022E+00  0.4275E+01
  -9.450  0.8030E+00  0.4283E+01
  -9.440  0.8038E+00  0.4291E+01
  -9.430  0.8046E+00  0.4299E+01
  -9.420  0.8054E+00  0.4307E+01
  -9.410  0.8062E+00  0.4315E+01
  -9.400  0.8071E+00  0.4323E+01
  -9.390  0.8079E+00  0.4332E+01
  -9.380  0.8088E+00  0.4340E+01
  -9.370  0.8096E+00  0.4348E+01
  -9.360  0.8105E+00  0.4356E+01
  -9.350  0.8114E+00  0.4364E+01
  -9.340  0.8123E+00  0.4372E+01
  -9.330  0.8132E+00  0.4380E+01
  -9.320  0.8142E+00  0.4388E+01
  -9.310  0.8151E+00  0.4396E+01
  -9.300  0.8161E+00  0.4405E+01
  -9.290  0.8171E+00  0.4413E+01
  -9.280  0.8182E+00  0.4421E+01
  -9.270  0.8193E+00  0.4429E+01
  -9.260  0.8204E+00  0.4437E+01
  -9.250  0.8216E+00  0.4446E+01
  -9.240  0.8228E+00  0.4454E+01
  -9.230  0.8241E+00  0.4462E+01
  -9.220  0.8255E+00  0.4470E+01
  -9.210  0.8270E+00  0.4479E+01
  -9.200  0.8285E+00  0.4487E+01
  -9.190  0.8302E+00  0.4495E+01
  -9.180  0.8320E+00  0.4504E+01
  -9.170  0.8339E+00  0.4512E+01
  -9.160  0.8360E+00  0.4520E+01
  -9.150  0.8383E+00  0.4529E+01
  -9.140  0.8407E+00  0.4537E+01
  -9.130  0.8433E+00  0.4545E+01
  -9.120  0.8462E+00  0.4554E+01
  -9.110  0.8492E+00  0.4562E+01
  -9.100  0.8525E+00  0.4571E+01
  -9.090  0.8561E+00  0.4579E+01
  -9.080  0.8599E+00  0.4588E+01
  -9.070  0.8641E+00  0.4597E+01
  -9.060  0.8685E+00  0.4605E+01
  -9.050  0.8732E+00  0.4614E+01
  -9.040  0.8782E+00  0.4623E+01
  -9.030  0.8836E+00  0.4632E+01
  -9.020  0.8892E+00  0.4641E+01
  -9.010  0.8952E+00  0.4650E+01
  -9.000  0.9015E+00  0.4659E+01
  -8.990  0.9080E+00  0.4668E+01
  -8.980  0.9149E+00  0.4677E+01
  -8.970  0.9220E+00  0.4686E+01
  -8.960  0.9293E+00  0.4695E+01
  -8.950  0.9369E+00  0.4705E+01
  -8.940  0.9447E+00  0.4714E+01
  -8.930  0.9526E+00  0.4724E+01
  -8.920  0.9607E+00  0.4733E+01
  -8.910  0.9689E+00  0.4743E+01
  -8.900  0.9771E+00  0.4753E+01
  -8.890  0.9854E+00  0.4763E+01
  -8.880  0.9937E+00  0.4773E+01
  -8.870  0.1002E+01  0.4783E+01
  -8.860  0.1010E+01  0.4793E+01
  -8.850  0.1018E+01  0.4803E+01
  -8.840  0.1026E+01  0.4813E+01
  -8.830  0.1034E+01  0.4823E+01
  -8.820  0.1042E+01  0.4834E+01
  -8.810  0.1049E+01  0.4844E+01
  -8.800  0.1056E+01  0.4855E+01
  -8.790  0.1063E+01  0.4866E+01
  -8.780  0.1070E+01  0.4876E+01
  -8.770  0.1076E+01  0.4887E+01
  -8.760  0.1082E+01  0.4898E+01
  -8.750  0.1088E+01  0.4909E+01
  -8.740  0.1093E+01  0.4920E+01
  -8.730  0.1099E+01  0.4931E+01
  -8.720  0.1104E+01  0.4942E+01
  -8.710  0.1108E+01  0.4953E+01
  -8.700  0.1113E+01  0.4964E+01
  -8.690  0.1117E+01  0.4975E+01
  -8.680  0.1121E+01  0.4986E+01
  -8.670  0.1124E+01  0.4998E+01
  -8.660  0.1128E+01  0.5009E+01
  -8.650  0.1131E+01  0.5020E+01
  -8.640  0.1134E+01  0.5031E+01
  -8.630  0.1137E+01  0.5043E+01
  -8.620  0.1140E+01  0.5054E+01
  -8.610  0.1142E+01  0.5066E+01
  -8.600  0.1145E+01  0.5077E+01
  -8.590  0.1147E+01  0.5089E+01
  -8.580  0.1149E+01  0.5100E+01
  -8.570  0.1152E+01  0.5112E+01
  -8.560  0.1154E+01  0.5123E+01
  -8.550  0.1156E+01  0.5135E+01
  -8.540  0.1158E+01  0.5146E+01
  -8.530  0.1160E+01  0.5158E+01
  -8.520  0.1162E+01  0.5169E+01
  -8.510  0.1164E+01  0.5181E+01
  -8.500  0.1166E+01  0.5193E+01
  -8.490  0.1168E+01  0.5204E+01
  -8.480  0.1170E+01  0.5216E+01
  -8.470  0.1172E+01  0.5228E+01
  -8.460  0.1174E+01  0.5240E+01
  -8.450  0.1176E+01  0.5251E+01
  -8.440  0.1178E+01  0.5263E+01
  -8.430  0.1181E+01  0.5275E+01
  -8.420  0.1183E+01  0.5287E+01
  -8.410  0.1185E+01  0.5299E+01
  -8.400  0.1188E+01  0.5310E+01
  -8.390  0.1191E+01  0.5322E+01
  -8.380  0.1193E+01  0.5334E+01
  -8.370  0.1196E+01  0.5346E+01
  -8.360  0.1199E+01  0.5358E+01
  -8.350  0.1203E+01  0.5370E+01
  -8.340  0.1206E+01  0.5382E+01
  -8.330  0.1210E+01  0.5394E+01
  -8.320  0.1213E+01  0.5407E+01
  -8.310  0.1218E+01  0.5419E+01
  -8.300  0.1222E+01  0.5431E+01
  -8.290  0.1227E+01  0.5443E+01
  -8.280  0.1232E+01  0.5456E+01
  -8.270  0.1237E+01  0.5468E+01
  -8.260  0.1242E+01  0.5480E+01
  -8.250  0.1248E+01  0.5493E+01
  -8.240  0.1254E+01  0.5505E+01
  -8.230  0.1261E+01  0.5518E+01
  -8.220  0.1268E+01  0.5531E+01
  -8.210  0.1275E+01  0.5543E+01
  -8.200  0.1283E+01  0.5556E+01
  -8.190  0.1291E+01  0.5569E+01
  -8.180  0.1299E+01  0.5582E+01
  -8.170  0.1307E+01  0.5595E+01
  -8.160  0.1316E+01  0.5608E+01
  -8.150  0.1325E+01  0.5622E+01
  -8.140  0.1335E+01  0.5635E+01
  -8.130  0.1344E+01  0.5648E+01
  -8.120  0.1354E+01  0.5662E+01
  -8.110  0.1364E+01  0.5676E+01
  -8.100  0.1374E+01  0.5689E+01
  -8.090  0.1384E+01  0.5703E+01
  -8.080  0.1394E+01  0.5717E+01
  -8.070  0.1404E+01  0.5731E+01
  -8.060  0.1414E+01  0.5745E+01
  -8.050  0.1424E+01  0.5760E+01
  -8.040  0.1435E+01  0.5774E+01
  -8.030  0.1444E+01  0.5788E+01
  -8.020  0.1454E+01  0.5803E+01
  -8.010  0.1464E+01  0.5818E+01
  -8.000  0.1473E+01  0.5832E+01
  -7.990  0.1482E+01  0.5847E+01
  -7.980  0.1491E+01  0.5862E+01
  -7.970  0.1500E+01  0.5877E+01
  -7.960  0.1509E+01  0.5892E+01
  -7.950  0.1517E+01  0.5907E+01
  -7.940  0.1525E+01  0.5922E+01
  -7.930  0.1533E+01  0.5938E+01
  -7.920  0.1540E+01  0.5953E+01
  -7.910  0.1548E+01  0.5969E+01
  -7.900  0.1555E+01  0.5984E+01
  -7.890  0.1562E+01  0.6000E+01
  -7.880  0.1568E+01  0.6016E+01
  -7.870  0.1575E+01  0.6031E+01
  -7.860  0.1581E+01  0.6047E+01
  -7.850  0.1588E+01  0.6063E+01
  -7.840  0.1594E+01  0.6079E+01
  -7.830  0.1600E+01  0.6095E+01
  -7.820  0.1606E+01  0.6111E+01
  -7.810  0.1612E+01  0.6127E+01
  -7.800  0.1618E+01  0.6143E+01
  -7.790  0.1623E+01  0.6160E+01
  -7.780  0.1629E+01  0.6176E+01
  -7.770  0.1635E+01  0.6192E+01
  -7.760  0.1641E+01  0.6209E+01
  -7.750  0.1647E+01  0.6225E+01
  -7.740  0.1653E+01  0.6242E+01
  -7.730  0.1660E+01  0.6258E+01
  -7.720  0.1666E+01  0.6275E+01
  -7.710  0.1672E+01  0.6292E+01
  -7.700  0.1679E+01  0.6308E+01
  -7.690  0.1686E+01  0.6325E+01
  -7.680  0.1693E+01  0.6342E+01
  -7.670  0.1700E+01  0.6359E+01
  -7.660  0.1708E+01  0.6376E+01
  -7.650  0.1715E+01  0.6393E+01
  -7.640  0.1723E+01  0.6411E+01
  -7.630  0.1732E+01  0.6428E+01
  -7.620  0.1740E+01  0.6445E+01
  -7.610  0.1749E+01  0.6463E+01
  -7.600  0.1758E+01  0.6480E+01
  -7.590  0.1767E+01  0.6498E+01
  -7.580  0.1777E+01  0.6516E+01
  -7.570  0.1787E+01  0.6534E+01
  -7.560  0.1798E+01  0.6552E+01
  -7.550  0.1808E+01  0.6570E+01
  -7.540  0.1819E+01  0.6588E+01
  -7.530  0.1831E+01  0.6606E+01
  -7.520  0.1842E+01  0.6625E+01
  -7.510  0.1854E+01  0.6643E+01
  -7.500  0.1867E+01  0.6662E+01
  -7.490  0.1879E+01  0.6681E+01
  -7.480  0.1892E+01  0.6700E+01
  -7.470  0.1904E+01  0.6719E+01
  -7.460  0.1917E+01  0.6738E+01
  -7.450  0.1930E+01  0.6757E+01
  -7.440  0.1943E+01  0.6777E+01
  -7.430  0.1956E+01  0.6796E+01
  -7.420  0.1969E+01  0.6816E+01
  -7.410  0.1982E+01  0.6836E+01
  -7.400  0.1994E+01  0.6856E+01
  -7.390  0.2006E+01  0.6876E+01
  -7.380  0.2018E+01  0.6896E+01
  -7.370  0.2029E+01  0.6916E+01
  -7.360  0.2040E+01  0.6936E+01
  -7.350  0.2050E+01  0.6957E+01
  -7.340  0.2060E+01  0.6978E+01
  -7.330  0.2068E+01  0.6998E+01
  -7.320  0.2076E+01  0.7019E+01
  -7.310  0.2083E+01  0.7040E+01
  -7.300  0.2089E+01  0.7061E+01
  -7.290  0.2094E+01  0.7082E+01
  -7.280  0.2098E+01  0.7103E+01
  -7.270  0.2102E+01  0.7124E+01
  -7.260  0.2103E+01  0.7145E+01
  -7.250  0.2104E+01  0.7166E+01
  -7.240  0.2104E+01  0.7187E+01
  -7.230  0.2102E+01  0.7208E+01
  -7.220  0.2100E+01  0.7229E+01
  -7.210  0.2096E+01  0.7250E+01
  -7.200  0.2091E+01  0.7271E+01
  -7.190  0.2086E+01  0.7292E+01
  -7.180  0.2079E+01  0.7312E+01
  -7.170  0.2071E+01  0.7333E+01
  -7.160  0.2062E+01  0.7354E+01
  -7.150  0.2053E+01  0.7374E+01
  -7.140  0.2042E+01  0.7395E+01
  -7.130  0.2031E+01  0.7415E+01
  -7.120  0.2020E+01  0.7435E+01
  -7.110  0.2007E+01  0.7455E+01
  -7.100  0.1995E+01  0.7475E+01
  -7.090  0.1981E+01  0.7495E+01
  -7.080  0.1968E+01  0.7515E+01
  -7.070  0.1954E+01  0.7534E+01
  -7.060  0.1940E+01  0.7554E+01
  -7.050  0.1926E+01  0.7573E+01
  -7.040  0.1912E+01  0.7592E+01
  -7.030  0.1898E+01  0.7611E+01
  -7.020  0.1884E+01  0.7630E+01
  -7.010  0.1870E+01  0.7648E+01
  -7.000  0.1856E+01  0.7667E+01
  -6.990  0.1842E+01  0.7685E+01
  -6.980  0.1829E+01  0.7704E+01
  -6.970  0.1815E+01  0.7722E+01
  -6.960  0.1802E+01  0.7740E+01
  -6.950  0.1790E+01  0.7758E+01
  -6.940  0.1778E+01  0.7776E+01
  -6.930  0.1766E+01  0.7793E+01
  -6.920  0.1754E+01  0.7811E+01
  -6.910  0.1743E+01  0.7828E+01
  -6.900  0.1732E+01  0.7846E+01
  -6.890  0.1721E+01  0.7863E+01
  -6.880  0.1711E+01  0.7880E+01
  -6.870  0.1701E+01  0.7897E+01
  -6.860  0.1691E+01  0.7914E+01
  -6.850  0.1682E+01  0.7931E+01
  -6.840  0.1673E+01  0.7947E+01
  -6.830  0.1664E+01  0.7964E+01
  -6.820  0.1656E+01  0.7981E+01
  -6.810  0.1648E+01  0.7997E+01
  -6.800  0.1640E+01  0.8013E+01
  -6.790  0.1632E+01  0.8030E+01
  -6.780  0.1624E+01  0.8046E+01
  -6.770  0.1617E+01  0.8062E+01
  -6.760  0.1610E+01  0.8078E+01
  -6.750  0.1603E+01  0.8094E+01
  -6.740  0.1597E+01  0.8110E+01
  -6.730  0.1590E+01  0.8126E+01
  -6.720  0.1584E+01  0.8142E+01
  -6.710  0.1578E+01  0.8158E+01
  -6.700  0.1571E+01  0.8173E+01
  -6.690  0.1566E+01  0.8189E+01
  -6.680  0.1560E+01  0.8205E+01
  -6.670  0.1554E+01  0.8220E+01
  -6.660  0.1549E+01  0.8236E+01
  -6.650  0.1543E+01  0.8251E+01
  -6.640  0.1538E+01  0.8267E+01
  -6.630  0.1533E+01  0.8282E+01
  -6.620  0.1527E+01  0.8297E+01
  -6.610  0.1522E+01  0.8312E+01
  -6.600  0.1517E+01  0.8328E+01
  -6.590  0.1513E+01  0.8343E+01
  -6.580  0.1508E+01  0.8358E+01
  -6.570  0.1503E+01  0.8373E+01
  -6.560  0.1499E+01  0.8388E+01
  -6.550  0.1494E+01  0.8403E+01
  -6.540  0.1490E+01  0.8418E+01
  -6.530  0.1485E+01  0.8432E+01
  -6.520  0.1481E+01  0.8447E+01
  -6.510  0.1477E+01  0.8462E+01
  -6.500  0.1472E+01  0.8477E+01
  -6.490  0.1468E+01  0.8491E+01
  -6.480  0.1464E+01  0.8506E+01
  -6.470  0.1460E+01  0.8521E+01
  -6.460  0.1456E+01  0.8535E+01
  -6.450  0.1452E+01  0.8550E+01
  -6.440  0.1448E+01  0.8564E+01
  -6.430  0.1445E+01  0.8579E+01
  -6.420  0.1441E+01  0.8593E+01
  -6.410  0.1437E+01  0.8607E+01
  -6.400  0.1433E+01  0.8622E+01
  -6.390  0.1430E+01  0.8636E+01
  -6.380  0.1426E+01  0.8650E+01
  -6.370  0.1423E+01  0.8665E+01
  -6.360  0.1419E+01  0.8679E+01
  -6.350  0.1416E+01  0.8693E+01
  -6.340  0.1412E+01  0.8707E+01
  -6.330  0.1409E+01  0.8721E+01
  -6.320  0.1406E+01  0.8735E+01
  -6.310  0.1402E+01  0.8749E+01
  -6.300  0.1399E+01  0.8763E+01
  -6.290  0.1396E+01  0.8777E+01
  -6.280  0.1393E+01  0.8791E+01
  -6.270  0.1390E+01  0.8805E+01
  -6.260  0.1387E+01  0.8819E+01
  -6.250  0.1384E+01  0.8833E+01
  -6.240  0.1381E+01  0.8847E+01
  -6.230  0.1378E+01  0.8860E+01
  -6.220  0.1375E+01  0.8874E+01
  -6.210  0.1372E+01  0.8888E+01
  -6.200  0.1369E+01  0.8901E+01
  -6.190  0.1366E+01  0.8915E+01
  -6.180  0.1363E+01  0.8929E+01
  -6.170  0.1360E+01  0.8942E+01
  -6.160  0.1357E+01  0.8956E+01
  -6.150  0.1355E+01  0.8969E+01
  -6.140  0.1352E+01  0.8983E+01
  -6.130  0.1349E+01  0.8996E+01
  -6.120  0.1347E+01  0.9010E+01
  -6.110  0.1344E+01  0.9023E+01
  -6.100  0.1341E+01  0.9037E+01
  -6.090  0.1339E+01  0.9050E+01
  -6.080  0.1336E+01  0.9064E+01
  -6.070  0.1334E+01  0.9077E+01
  -6.060  0.1331E+01  0.9090E+01
  -6.050  0.1329E+01  0.9103E+01
  -6.040  0.1326E+01  0.9117E+01
  -6.030  0.1324E+01  0.9130E+01
  -6.020  0.1321E+01  0.9143E+01
  -6.010  0.1319E+01  0.9156E+01
  -6.000  0.1316E+01  0.9170E+01
  -5.990  0.1314E+01  0.9183E+01
  -5.980  0.1312E+01  0.9196E+01
  -5.970  0.1309E+01  0.9209E+01
  -5.960  0.1307E+01  0.9222E+01
  -5.950  0.1305E+01  0.9235E+01
  -5.940  0.1302E+01  0.9248E+01
  -5.930  0.1300E+01  0.9261E+01
  -5.920  0.1298E+01  0.9274E+01
  -5.910  0.1296E+01  0.9287E+01
  -5.900  0.1293E+01  0.9300E+01
  -5.890  0.1291E+01  0.9313E+01
  -5.880  0.1289E+01  0.9326E+01
  -5.870  0.1287E+01  0.9339E+01
  -5.860  0.1285E+01  0.9351E+01
  -5.850  0.1283E+01  0.9364E+01
  -5.840  0.1281E+01  0.9377E+01
  -5.830  0.1279E+01  0.9390E+01
  -5.820  0.1277E+01  0.9403E+01
  -5.810  0.1275E+01  0.9415E+01
  -5.800  0.1273E+01  0.9428E+01
  -5.790  0.1271E+01  0.9441E+01
  -5.780  0.1269E+01  0.9453E+01
  -5.770  0.1267E+01  0.9466E+01
  -5.760  0.1265E+01  0.9479E+01
  -5.750  0.1263E+01  0.9491E+01
  -5.740  0.1261E+01  0.9504E+01
  -5.730  0.1259E+01  0.9517E+01
  -5.720  0.1257E+01  0.9529E+01
  -5.710  0.1255E+01  0.9542E+01
  -5.700  0.1253E+01  0.9554E+01
  -5.690  0.1251E+01  0.9567E+01
  -5.680  0.1249E+01  0.9579E+01
  -5.670  0.1248E+01  0.9592E+01
  -5.660  0.1246E+01  0.9604E+01
  -5.650  0.1244E+01  0.9617E+01
  -5.640  0.1242E+01  0.9629E+01
  -5.630  0.1241E+01  0.9641E+01
  -5.620  0.1239E+01  0.9654E+01
  -5.610  0.1237E+01  0.9666E+01
  -5.600  0.1235E+01  0.9679E+01
  -5.590  0.1234E+01  0.9691E+01
  -5.580  0.1232E+01  0.9703E+01
  -5.570  0.1230E+01  0.9716E+01
  -5.560  0.1229E+01  0.9728E+01
  -5.550  0.1227E+01  0.9740E+01
  -5.540  0.1225E+01  0.9752E+01
  -5.530  0.1224E+01  0.9765E+01
  -5.520  0.1222E+01  0.9777E+01
  -5.510  0.1220E+01  0.9789E+01
  -5.500  0.1219E+01  0.9801E+01
  -5.490  0.1217E+01  0.9813E+01
  -5.480  0.1216E+01  0.9826E+01
  -5.470  0.1214E+01  0.9838E+01
  -5.460  0.1213E+01  0.9850E+01
  -5.450  0.1211E+01  0.9862E+01
  -5.440  0.1210E+01  0.9874E+01
  -5.430  0.1208E+01  0.9886E+01
  -5.420  0.1207E+01  0.9898E+01
  -5.410  0.1205E+01  0.9910E+01
  -5.400  0.1204E+01  0.9922E+01
  -5.390  0.1202E+01  0.9934E+01
  -5.380  0.1201E+01  0.9946E+01
  -5.370  0.1199E+01  0.9958E+01
  -5.360  0.1198E+01  0.9970E+01
  -5.350  0.1196E+01  0.9982E+01
  -5.340  0.1195E+01  0.9994E+01
  -5.330  0.1194E+01  0.1001E+02
  -5.320  0.1192E+01  0.1002E+02
  -5.310  0.1191E+01  0.1003E+02
  -5.300  0.1189E+01  0.1004E+02
  -5.290  0.1188E+01  0.1005E+02
  -5.280  0.1187E+01  0.1007E+02
  -5.270  0.1185E+01  0.1008E+02
  -5.260  0.1184E+01  0.1009E+02
  -5.250  0.1183E+01  0.1010E+02
  -5.240  0.1182E+01  0.1011E+02
  -5.230  0.1180E+01  0.1012E+02
  -5.220  0.1179E+01  0.1014E+02
  -5.210  0.1178E+01  0.1015E+02
  -5.200  0.1176E+01  0.1016E+02
  -5.190  0.1175E+01  0.1017E+02
  -5.180  0.1174E+01  0.1018E+02
  -5.170  0.1173E+01  0.1020E+02
  -5.160  0.1172E+01  0.1021E+02
  -5.150  0.1170E+01  0.1022E+02
  -5.140  0.1169E+01  0.1023E+02
  -5.130  0.1168E+01  0.1024E+02
  -5.120  0.1167E+01  0.1025E+02
  -5.110  0.1166E+01  0.1027E+02
  -5.100  0.1165E+01  0.1028E+02
  -5.090  0.1163E+01  0.1029E+02
  -5.080  0.1162E+01  0.1030E+02
  -5.070  0.1161E+01  0.1031E+02
  -5.060  0.1160E+01  0.1032E+02
  -5.050  0.1159E+01  0.1034E+02
  -5.040  0.1158E+01  0.1035E+02
  -5.030  0.1157E+01  0.1036E+02
  -5.020  0.1156E+01  0.1037E+02
  -5.010  0.1155E+01  0.1038E+02
  -5.000  0.1154E+01  0.1039E+02
  -4.990  0.1153E+01  0.1040E+02
  -4.980  0.1152E+01  0.1042E+02
  -4.970  0.1151E+01  0.1043E+02
  -4.960  0.1150E+01  0.1044E+02
  -4.950  0.1149E+01  0.1045E+02
  -4.940  0.1148E+01  0.1046E+02
  -4.930  0.1147E+01  0.1047E+02
  -4.920  0.1146E+01  0.1048E+02
  -4.910  0.1145E+01  0.1050E+02
  -4.900  0.1144E+01  0.1051E+02
  -4.890  0.1143E+01  0.1052E+02
  -4.880  0.1142E+01  0.1053E+02
  -4.870  0.1141E+01  0.1054E+02
  -4.860  0.1140E+01  0.1055E+02
  -4.850  0.1139E+01  0.1056E+02
  -4.840  0.1138E+01  0.1058E+02
  -4.830  0.1137E+01  0.1059E+02
  -4.820  0.1137E+01  0.1060E+02
  -4.810  0.1136E+01  0.1061E+02
  -4.800  0.1135E+01  0.1062E+02
  -4.790  0.1134E+01  0.1063E+02
  -4.780  0.1133E+01  0.1064E+02
  -4.770  0.1132E+01  0.1066E+02
  -4.760  0.1132E+01  0.1067E+02
  -4.750  0.1131E+01  0.1068E+02
  -4.740  0.1130E+01  0.1069E+02
  -4.730  0.1129E+01  0.1070E+02
  -4.720  0.1129E+01  0.1071E+02
  -4.710  0.1128E+01  0.1072E+02
  -4.700  0.1127E+01  0.1073E+02
  -4.690  0.1126E+01  0.1075E+02
  -4.680  0.1126E+01  0.1076E+02
  -4.670  0.1125E+01  0.1077E+02
  -4.660  0.1124E+01  0.1078E+02
  -4.650  0.1124E+01  0.1079E+02
  -4.640  0.1123E+01  0.1080E+02
  -4.630  0.1122E+01  0.1081E+02
  -4.620  0.1122E+01  0.1082E+02
  -4.610  0.1121E+01  0.1084E+02
  -4.600  0.1120E+01  0.1085E+02
  -4.590  0.1120E+01  0.1086E+02
  -4.580  0.1119E+01  0.1087E+02
  -4.570  0.1119E+01  0.1088E+02
  -4.560  0.1118E+01  0.1089E+02
  -4.550  0.1117E+01  0.1090E+02
  -4.540  0.1117E+01  0.1091E+02
  -4.530  0.1116E+01  0.1093E+02
  -4.520  0.1116E+01  0.1094E+02
  -4.510  0.1115E+01  0.1095E+02
  -4.500  0.1115E+01  0.1096E+02
  -4.490  0.1114E+01  0.1097E+02
  -4.480  0.1114E+01  0.1098E+02
  -4.470  0.1113E+01  0.1099E+02
  -4.460  0.1113E+01  0.1100E+02
  -4.450  0.1113E+01  0.1101E+02
  -4.440  0.1112E+01  0.1103E+02
  -4.430  0.1112E+01  0.1104E+02
  -4.420  0.1111E+01  0.1105E+02
  -4.410  0.1111E+01  0.1106E+02
  -4.400  0.1111E+01  0.1107E+02
  -4.390  0.1110E+01  0.1108E+02
  -4.380  0.1110E+01  0.1109E+02
  -4.370  0.1110E+01  0.1110E+02
  -4.360  0.1109E+01  0.1111E+02
  -4.350  0.1109E+01  0.1113E+02
  -4.340  0.1109E+01  0.1114E+02
  -4.330  0.1108E+01  0.1115E+02
  -4.320  0.1108E+01  0.1116E+02
  -4.310  0.1108E+01  0.1117E+02
  -4.300  0.1107E+01  0.1118E+02
  -4.290  0.1107E+01  0.1119E+02
  -4.280  0.1107E+01  0.1120E+02
  -4.270  0.1107E+01  0.1121E+02
  -4.260  0.1106E+01  0.1123E+02
  -4.250  0.1106E+01  0.1124E+02
  -4.240  0.1106E+01  0.1125E+02
  -4.230  0.1105E+01  0.1126E+02
  -4.220  0.1105E+01  0.1127E+02
  -4.210  0.1105E+01  0.1128E+02
  -4.200  0.1104E+01  0.1129E+02
  -4.190  0.1103E+01  0.1130E+02
  -4.180  0.1103E+01  0.1131E+02
  -4.170  0.1102E+01  0.1132E+02
  -4.160  0.1101E+01  0.1134E+02
  -4.150  0.1100E+01  0.1135E+02
  -4.140  0.1099E+01  0.1136E+02
  -4.130  0.1098E+01  0.1137E+02
  -4.120  0.1096E+01  0.1138E+02
  -4.110  0.1094E+01  0.1139E+02
  -4.100  0.1092E+01  0.1140E+02
  -4.090  0.1090E+01  0.1141E+02
  -4.080  0.1088E+01  0.1142E+02
  -4.070  0.1085E+01  0.1143E+02
  -4.060  0.1083E+01  0.1144E+02
  -4.050  0.1079E+01  0.1146E+02
  -4.040  0.1076E+01  0.1147E+02
  -4.030  0.1072E+01  0.1148E+02
  -4.020  0.1068E+01  0.1149E+02
  -4.010  0.1063E+01  0.1150E+02
  -4.000  0.1058E+01  0.1151E+02
  -3.990  0.1053E+01  0.1152E+02
  -3.980  0.1047E+01  0.1153E+02
  -3.970  0.1041E+01  0.1154E+02
  -3.960  0.1035E+01  0.1155E+02
  -3.950  0.1028E+01  0.1156E+02
  -3.940  0.1021E+01  0.1157E+02
  -3.930  0.1013E+01  0.1158E+02
  -3.920  0.1005E+01  0.1159E+02
  -3.910  0.9973E+00  0.1160E+02
  -3.900  0.9890E+00  0.1161E+02
  -3.890  0.9804E+00  0.1162E+02
  -3.880  0.9716E+00  0.1163E+02
  -3.870  0.9627E+00  0.1164E+02
  -3.860  0.9537E+00  0.1165E+02
  -3.850  0.9446E+00  0.1166E+02
  -3.840  0.9355E+00  0.1167E+02
  -3.830  0.9264E+00  0.1168E+02
  -3.820  0.9175E+00  0.1169E+02
  -3.810  0.9086E+00  0.1170E+02
  -3.800  0.9000E+00  0.1171E+02
  -3.790  0.8915E+00  0.1171E+02
  -3.780  0.8833E+00  0.1172E+02
  -3.770  0.8755E+00  0.1173E+02
  -3.760  0.8679E+00  0.1174E+02
  -3.750  0.8608E+00  0.1175E+02
  -3.740  0.8541E+00  0.1176E+02
  -3.730  0.8478E+00  0.1177E+02
  -3.720  0.8420E+00  0.1177E+02
  -3.710  0.8367E+00  0.1178E+02
  -3.700  0.8320E+00  0.1179E+02
  -3.690  0.8278E+00  0.1180E+02
  -3.680  0.8242E+00  0.1181E+02
  -3.670  0.8211E+00  0.1182E+02
  -3.660  0.8187E+00  0.1182E+02
  -3.650  0.8168E+00  0.1183E+02
  -3.640  0.8155E+00  0.1184E+02
  -3.630  0.8148E+00  0.1185E+02
  -3.620  0.8146E+00  0.1186E+02
  -3.610  0.8150E+00  0.1186E+02
  -3.600  0.8159E+00  0.1187E+02
  -3.590  0.8173E+00  0.1188E+02
  -3.580  0.8193E+00  0.1189E+02
  -3.570  0.8216E+00  0.1190E+02
  -3.560  0.8244E+00  0.1191E+02
  -3.550  0.8276E+00  0.1191E+02
  -3.540  0.8311E+00  0.1192E+02
  -3.530  0.8349E+00  0.1193E+02
  -3.520  0.8389E+00  0.1194E+02
  -3.510  0.8432E+00  0.1195E+02
  -3.500  0.8477E+00  0.1196E+02
  -3.490  0.8522E+00  0.1196E+02
  -3.480  0.8569E+00  0.1197E+02
  -3.470  0.8616E+00  0.1198E+02
  -3.460  0.8663E+00  0.1199E+02
  -3.450  0.8710E+00  0.1200E+02
  -3.440  0.8756E+00  0.1201E+02
  -3.430  0.8801E+00  0.1202E+02
  -3.420  0.8845E+00  0.1203E+02
  -3.410  0.8887E+00  0.1203E+02
  -3.400  0.8927E+00  0.1204E+02
  -3.390  0.8965E+00  0.1205E+02
  -3.380  0.9001E+00  0.1206E+02
  -3.370  0.9034E+00  0.1207E+02
  -3.360  0.9065E+00  0.1208E+02
  -3.350  0.9093E+00  0.1209E+02
  -3.340  0.9119E+00  0.1210E+02
  -3.330  0.9142E+00  0.1211E+02
  -3.320  0.9163E+00  0.1212E+02
  -3.310  0.9181E+00  0.1213E+02
  -3.300  0.9197E+00  0.1213E+02
  -3.290  0.9211E+00  0.1214E+02
  -3.280  0.9222E+00  0.1215E+02
  -3.270  0.9232E+00  0.1216E+02
  -3.260  0.9240E+00  0.1217E+02
  -3.250  0.9246E+00  0.1218E+02
  -3.240  0.9250E+00  0.1219E+02
  -3.230  0.9253E+00  0.1220E+02
  -3.220  0.9254E+00  0.1221E+02
  -3.210  0.9255E+00  0.1222E+02
  -3.200  0.9253E+00  0.1223E+02
  -3.190  0.9251E+00  0.1224E+02
  -3.180  0.9246E+00  0.1225E+02
  -3.170  0.9241E+00  0.1225E+02
  -3.160  0.9233E+00  0.1226E+02
  -3.150  0.9224E+00  0.1227E+02
  -3.140  0.9213E+00  0.1228E+02
  -3.130  0.9199E+00  0.1229E+02
  -3.120  0.9183E+00  0.1230E+02
  -3.110  0.9164E+00  0.1231E+02
  -3.100  0.9142E+00  0.1232E+02
  -3.090  0.9117E+00  0.1233E+02
  -3.080  0.9087E+00  0.1234E+02
  -3.070  0.9054E+00  0.1235E+02
  -3.060  0.9017E+00  0.1236E+02
  -3.050  0.8976E+00  0.1236E+02
  -3.040  0.8929E+00  0.1237E+02
  -3.030  0.8879E+00  0.1238E+02
  -3.020  0.8823E+00  0.1239E+02
  -3.010  0.8763E+00  0.1240E+02
  -3.000  0.8698E+00  0.1241E+02
  -2.990  0.8628E+00  0.1242E+02
  -2.980  0.8554E+00  0.1243E+02
  -2.970  0.8476E+00  0.1243E+02
  -2.960  0.8394E+00  0.1244E+02
  -2.950  0.8308E+00  0.1245E+02
  -2.940  0.8218E+00  0.1246E+02
  -2.930  0.8126E+00  0.1247E+02
  -2.920  0.8031E+00  0.1247E+02
  -2.910  0.7934E+00  0.1248E+02
  -2.900  0.7835E+00  0.1249E+02
  -2.890  0.7735E+00  0.1250E+02
  -2.880  0.7634E+00  0.1251E+02
  -2.870  0.7533E+00  0.1251E+02
  -2.860  0.7431E+00  0.1252E+02
  -2.850  0.7330E+00  0.1253E+02
  -2.840  0.7229E+00  0.1254E+02
  -2.830  0.7129E+00  0.1254E+02
  -2.820  0.7030E+00  0.1255E+02
  -2.810  0.6932E+00  0.1256E+02
  -2.800  0.6836E+00  0.1256E+02
  -2.790  0.6741E+00  0.1257E+02
  -2.780  0.6649E+00  0.1258E+02
  -2.770  0.6558E+00  0.1258E+02
  -2.760  0.6469E+00  0.1259E+02
  -2.750  0.6382E+00  0.1260E+02
  -2.740  0.6297E+00  0.1260E+02
  -2.730  0.6214E+00  0.1261E+02
  -2.720  0.6133E+00  0.1261E+02
  -2.710  0.6054E+00  0.1262E+02
  -2.700  0.5977E+00  0.1263E+02
  -2.690  0.5902E+00  0.1263E+02
  -2.680  0.5829E+00  0.1264E+02
  -2.670  0.5758E+00  0.1264E+02
  -2.660  0.5689E+00  0.1265E+02
  -2.650  0.5622E+00  0.1266E+02
  -2.640  0.5556E+00  0.1266E+02
  -2.630  0.5492E+00  0.1267E+02
  -2.620  0.5430E+00  0.1267E+02
  -2.610  0.5370E+00  0.1268E+02
  -2.600  0.5310E+00  0.1268E+02
  -2.590  0.5253E+00  0.1269E+02
  -2.580  0.5196E+00  0.1269E+02
  -2.570  0.5141E+00  0.1270E+02
  -2.560  0.5086E+00  0.1270E+02
  -2.550  0.5033E+00  0.1271E+02
  -2.540  0.4981E+00  0.1271E+02
  -2.530  0.4929E+00  0.1272E+02
  -2.520  0.4879E+00  0.1272E+02
  -2.510  0.4829E+00  0.1273E+02
  -2.500  0.4780E+00  0.1273E+02
  -2.490  0.4732E+00  0.1274E+02
  -2.480  0.4684E+00  0.1274E+02
  -2.470  0.4637E+00  0.1275E+02
  -2.460  0.4591E+00  0.1275E+02
  -2.450  0.4545E+00  0.1276E+02
  -2.440  0.4500E+00  0.1276E+02
  -2.430  0.4456E+00  0.1277E+02
  -2.420  0.4412E+00  0.1277E+02
  -2.410  0.4369E+00  0.1277E+02
  -2.400  0.4326E+00  0.1278E+02
  -2.390  0.4284E+00  0.1278E+02
  -2.380  0.4243E+00  0.1279E+02
  -2.370  0.4202E+00  0.1279E+02
  -2.360  0.4162E+00  0.1280E+02
  -2.350  0.4122E+00  0.1280E+02
  -2.340  0.4083E+00  0.1280E+02
  -2.330  0.4044E+00  0.1281E+02
  -2.320  0.4006E+00  0.1281E+02
  -2.310  0.3968E+00  0.1282E+02
  -2.300  0.3930E+00  0.1282E+02
  -2.290  0.3892E+00  0.1282E+02
  -2.280  0.3855E+00  0.1283E+02
  -2.270  0.3818E+00  0.1283E+02
  -2.260  0.3782E+00  0.1283E+02
  -2.250  0.3746E+00  0.1284E+02
  -2.240  0.3710E+00  0.1284E+02
  -2.230  0.3674E+00  0.1285E+02
  -2.220  0.3638E+00  0.1285E+02
  -2.210  0.3603E+00  0.1285E+02
  -2.200  0.3569E+00  0.1286E+02
  -2.190  0.3534E+00  0.1286E+02
  -2.180  0.3500E+00  0.1286E+02
  -2.170  0.3466E+00  0.1287E+02
  -2.160  0.3433E+00  0.1287E+02
  -2.150  0.3400E+00  0.1287E+02
  -2.140  0.3367E+00  0.1288E+02
  -2.130  0.3334E+00  0.1288E+02
  -2.120  0.3302E+00  0.1288E+02
  -2.110  0.3270E+00  0.1289E+02
  -2.100  0.3239E+00  0.1289E+02
  -2.090  0.3207E+00  0.1289E+02
  -2.080  0.3176E+00  0.1290E+02
  -2.070  0.3145E+00  0.1290E+02
  -2.060  0.3114E+00  0.1290E+02
  -2.050  0.3083E+00  0.1291E+02
  -2.040  0.3052E+00  0.1291E+02
  -2.030  0.3022E+00  0.1291E+02
  -2.020  0.2991E+00  0.1292E+02
  -2.010  0.2961E+00  0.1292E+02
  -2.000  0.2931E+00  0.1292E+02
  -1.990  0.2901E+00  0.1292E+02
  -1.980  0.2872E+00  0.1293E+02
  -1.970  0.2842E+00  0.1293E+02
  -1.960  0.2813E+00  0.1293E+02
  -1.950  0.2784E+00  0.1294E+02
  -1.940  0.2755E+00  0.1294E+02
  -1.930  0.2727E+00  0.1294E+02
  -1.920  0.2698E+00  0.1294E+02
  -1.910  0.2670E+00  0.1295E+02
  -1.900  0.2642E+00  0.1295E+02
  -1.890  0.2614E+00  0.1295E+02
  -1.880  0.2586E+00  0.1295E+02
  -1.870  0.2559E+00  0.1296E+02
  -1.860  0.2531E+00  0.1296E+02
  -1.850  0.2504E+00  0.1296E+02
  -1.840  0.2477E+00  0.1296E+02
  -1.830  0.2450E+00  0.1297E+02
  -1.820  0.2423E+00  0.1297E+02
  -1.810  0.2396E+00  0.1297E+02
  -1.800  0.2369E+00  0.1297E+02
  -1.790  0.2343E+00  0.1298E+02
  -1.780  0.2316E+00  0.1298E+02
  -1.770  0.2290E+00  0.1298E+02
  -1.760  0.2263E+00  0.1298E+02
  -1.750  0.2237E+00  0.1299E+02
  -1.740  0.2211E+00  0.1299E+02
  -1.730  0.2185E+00  0.1299E+02
  -1.720  0.2159E+00  0.1299E+02
  -1.710  0.2133E+00  0.1299E+02
  -1.700  0.2108E+00  0.1300E+02
  -1.690  0.2082E+00  0.1300E+02
  -1.680  0.2057E+00  0.1300E+02
  -1.670  0.2032E+00  0.1300E+02
  -1.660  0.2007E+00  0.1300E+02
  -1.650  0.1982E+00  0.1301E+02
  -1.640  0.1957E+00  0.1301E+02
  -1.630  0.1932E+00  0.1301E+02
  -1.620  0.1907E+00  0.1301E+02
  -1.610  0.1882E+00  0.1301E+02
  -1.600  0.1858E+00  0.1302E+02
  -1.590  0.1833E+00  0.1302E+02
  -1.580  0.1809E+00  0.1302E+02
  -1.570  0.1784E+00  0.1302E+02
  -1.560  0.1760E+00  0.1302E+02
  -1.550  0.1736E+00  0.1302E+02
  -1.540  0.1711E+00  0.1303E+02
  -1.530  0.1687E+00  0.1303E+02
  -1.520  0.1663E+00  0.1303E+02
  -1.510  0.1639E+00  0.1303E+02
  -1.500  0.1615E+00  0.1303E+02
  -1.490  0.1591E+00  0.1303E+02
  -1.480  0.1568E+00  0.1304E+02
  -1.470  0.1544E+00  0.1304E+02
  -1.460  0.1520E+00  0.1304E+02
  -1.450  0.1497E+00  0.1304E+02
  -1.440  0.1473E+00  0.1304E+02
  -1.430  0.1450E+00  0.1304E+02
  -1.420  0.1426E+00  0.1304E+02
  -1.410  0.1403E+00  0.1305E+02
  -1.400  0.1380E+00  0.1305E+02
  -1.390  0.1356E+00  0.1305E+02
  -1.380  0.1333E+00  0.1305E+02
  -1.370  0.1310E+00  0.1305E+02
  -1.360  0.1287E+00  0.1305E+02
  -1.350  0.1264E+00  0.1305E+02
  -1.340  0.1240E+00  0.1306E+02
  -1.330  0.1217E+00  0.1306E+02
  -1.320  0.1194E+00  0.1306E+02
  -1.310  0.1171E+00  0.1306E+02
  -1.300  0.1148E+00  0.1306E+02
  -1.290  0.1125E+00  0.1306E+02
  -1.280  0.1102E+00  0.1306E+02
  -1.270  0.1079E+00  0.1306E+02
  -1.260  0.1056E+00  0.1306E+02
  -1.250  0.1033E+00  0.1307E+02
  -1.240  0.1010E+00  0.1307E+02
  -1.230  0.9873E-01  0.1307E+02
  -1.220  0.9646E-01  0.1307E+02
  -1.210  0.9419E-01  0.1307E+02
  -1.200  0.9193E-01  0.1307E+02
  -1.190  0.8968E-01  0.1307E+02
  -1.180  0.8743E-01  0.1307E+02
  -1.170  0.8520E-01  0.1307E+02
  -1.160  0.8299E-01  0.1307E+02
  -1.150  0.8078E-01  0.1307E+02
  -1.140  0.7860E-01  0.1308E+02
  -1.130  0.7643E-01  0.1308E+02
  -1.120  0.7428E-01  0.1308E+02
  -1.110  0.7216E-01  0.1308E+02
  -1.100  0.7006E-01  0.1308E+02
  -1.090  0.6798E-01  0.1308E+02
  -1.080  0.6594E-01  0.1308E+02
  -1.070  0.6393E-01  0.1308E+02
  -1.060  0.6195E-01  0.1308E+02
  -1.050  0.6001E-01  0.1308E+02
  -1.040  0.5810E-01  0.1308E+02
  -1.030  0.5624E-01  0.1308E+02
  -1.020  0.5442E-01  0.1308E+02
  -1.010  0.5264E-01  0.1308E+02
  -1.000  0.5091E-01  0.1308E+02
  -0.990  0.4924E-01  0.1308E+02
  -0.980  0.4761E-01  0.1309E+02
  -0.970  0.4604E-01  0.1309E+02
  -0.960  0.4452E-01  0.1309E+02
  -0.950  0.4306E-01  0.1309E+02
  -0.940  0.4167E-01  0.1309E+02
  -0.930  0.4034E-01  0.1309E+02
  -0.920  0.3908E-01  0.1309E+02
  -0.910  0.3789E-01  0.1309E+02
  -0.900  0.3677E-01  0.1309E+02
  -0.890  0.3573E-01  0.1309E+02
  -0.880  0.3476E-01  0.1309E+02
  -0.870  0.3388E-01  0.1309E+02
  -0.860  0.3309E-01  0.1309E+02
  -0.850  0.3238E-01  0.1309E+02
  -0.840  0.3177E-01  0.1309E+02
  -0.830  0.3124E-01  0.1309E+02
  -0.820  0.3082E-01  0.1309E+02
  -0.810  0.3048E-01  0.1309E+02
  -0.800  0.3025E-01  0.1309E+02
  -0.790  0.3012E-01  0.1309E+02
  -0.780  0.3008E-01  0.1309E+02
  -0.770  0.3015E-01  0.1309E+02
  -0.760  0.3032E-01  0.1309E+02
  -0.750  0.3058E-01  0.1309E+02
  -0.740  0.3095E-01  0.1309E+02
  -0.730  0.3142E-01  0.1309E+02
  -0.720  0.3199E-01  0.1309E+02
  -0.710  0.3265E-01  0.1309E+02
  -0.700  0.3341E-01  0.1309E+02
  -0.690  0.3426E-01  0.1310E+02
  -0.680  0.3520E-01  0.1310E+02
  -0.670  0.3623E-01  0.1310E+02
  -0.660  0.3735E-01  0.1310E+02
  -0.650  0.3856E-01  0.1310E+02
  -0.640  0.3984E-01  0.1310E+02
  -0.630  0.4121E-01  0.1310E+02
  -0.620  0.4266E-01  0.1310E+02
  -0.610  0.4418E-01  0.1310E+02
  -0.600  0.4578E-01  0.1310E+02
  -0.590  0.4744E-01  0.1310E+02
  -0.580  0.4918E-01  0.1310E+02
  -0.570  0.5097E-01  0.1310E+02
  -0.560  0.5284E-01  0.1310E+02
  -0.550  0.5476E-01  0.1310E+02
  -0.540  0.5674E-01  0.1310E+02
  -0.530  0.5878E-01  0.1310E+02
  -0.520  0.6087E-01  0.1310E+02
  -0.510  0.6301E-01  0.1310E+02
  -0.500  0.6519E-01  0.1310E+02
  -0.490  0.6742E-01  0.1311E+02
  -0.480  0.6970E-01  0.1311E+02
  -0.470  0.7201E-01  0.1311E+02
  -0.460  0.7436E-01  0.1311E+02
  -0.450  0.7674E-01  0.1311E+02
  -0.440  0.7915E-01  0.1311E+02
  -0.430  0.8160E-01  0.1311E+02
  -0.420  0.8407E-01  0.1311E+02
  -0.410  0.8656E-01  0.1311E+02
  -0.400  0.8908E-01  0.1311E+02
  -0.390  0.9162E-01  0.1311E+02
  -0.380  0.9418E-01  0.1311E+02
  -0.370  0.9676E-01  0.1312E+02
  -0.360  0.9935E-01  0.1312E+02
  -0.350  0.1020E+00  0.1312E+02
  -0.340  0.1046E+00  0.1312E+02
  -0.330  0.1072E+00  0.1312E+02
  -0.320  0.1099E+00  0.1312E+02
  -0.310  0.1125E+00  0.1312E+02
  -0.300  0.1152E+00  0.1312E+02
  -0.290  0.1179E+00  0.1312E+02
  -0.280  0.1206E+00  0.1313E+02
  -0.270  0.1233E+00  0.1313E+02
  -0.260  0.1260E+00  0.1313E+02
  -0.250  0.1288E+00  0.1313E+02
  -0.240  0.1315E+00  0.1313E+02
  -0.230  0.1343E+00  0.1313E+02
  -0.220  0.1371E+00  0.1313E+02
  -0.210  0.1399E+00  0.1313E+02
  -0.200  0.1427E+00  0.1314E+02
  -0.190  0.1456E+00  0.1314E+02
  -0.180  0.1484E+00  0.1314E+02
  -0.170  0.1513E+00  0.1314E+02
  -0.160  0.1542E+00  0.1314E+02
  -0.150  0.1571E+00  0.1314E+02
  -0.140  0.1601E+00  0.1314E+02
  -0.130  0.1631E+00  0.1315E+02
  -0.120  0.1661E+00  0.1315E+02
  -0.110  0.1691E+00  0.1315E+02
  -0.100  0.1721E+00  0.1315E+02
  -0.090  0.1752E+00  0.1315E+02
  -0.080  0.1783E+00  0.1316E+02
  -0.070  0.1814E+00  0.1316E+02
  -0.060  0.1846E+00  0.1316E+02
  -0.050  0.1878E+00  0.1316E+02
  -0.040  0.1910E+00  0.1316E+02
  -0.030  0.1943E+00  0.1316E+02
  -0.020  0.1976E+00  0.1317E+02
  -0.010  0.2009E+00  0.1317E+02
  -0.000  0.2043E+00  0.1317E+02
   0.010  0.2077E+00  0.1317E+02
   0.020  0.2112E+00  0.1317E+02
   0.030  0.2147E+00  0.1318E+02
   0.040  0.2182E+00  0.1318E+02
   0.050  0.2218E+00  0.1318E+02
   0.060  0.2254E+00  0.1318E+02
   0.070  0.2291E+00  0.1319E+02
   0.080  0.2329E+00  0.1319E+02
   0.090  0.2366E+00  0.1319E+02
   0.100  0.2405E+00  0.1319E+02
   0.110  0.2444E+00  0.1320E+02
   0.120  0.2484E+00  0.1320E+02
   0.130  0.2524E+00  0.1320E+02
   0.140  0.2565E+00  0.1320E+02
   0.150  0.2607E+00  0.1321E+02
   0.160  0.2649E+00  0.1321E+02
   0.170  0.2692E+00  0.1321E+02
   0.180  0.2737E+00  0.1321E+02
   0.190  0.2782E+00  0.1322E+02
   0.200  0.2828E+00  0.1322E+02
   0.210  0.2875E+00  0.1322E+02
   0.220  0.2923E+00  0.1322E+02
   0.230  0.2972E+00  0.1323E+02
   0.240  0.3023E+00  0.1323E+02
   0.250  0.3075E+00  0.1323E+02
   0.260  0.3129E+00  0.1324E+02
   0.270  0.3183E+00  0.1324E+02
   0.280  0.3240E+00  0.1324E+02
   0.290  0.3298E+00  0.1325E+02
   0.300  0.3359E+00  0.1325E+02
   0.310  0.3421E+00  0.1325E+02
   0.320  0.3485E+00  0.1326E+02
   0.330  0.3552E+00  0.1326E+02
   0.340  0.3622E+00  0.1326E+02
   0.350  0.3694E+00  0.1327E+02
   0.360  0.3769E+00  0.1327E+02
   0.370  0.3847E+00  0.1328E+02
   0.380  0.3928E+00  0.1328E+02
   0.390  0.4013E+00  0.1328E+02
   0.400  0.4102E+00  0.1329E+02
   0.410  0.4194E+00  0.1329E+02
   0.420  0.4291E+00  0.1330E+02
   0.430  0.4392E+00  0.1330E+02
   0.440  0.4498E+00  0.1331E+02
   0.450  0.4608E+00  0.1331E+02
   0.460  0.4723E+00  0.1331E+02
   0.470  0.4842E+00  0.1332E+02
   0.480  0.4967E+00  0.1332E+02
   0.490  0.5096E+00  0.1333E+02
   0.500  0.5230E+00  0.1333E+02
   0.510  0.5368E+00  0.1334E+02
   0.520  0.5511E+00  0.1335E+02
   0.530  0.5657E+00  0.1335E+02
   0.540  0.5808E+00  0.1336E+02
   0.550  0.5962E+00  0.1336E+02
   0.560  0.6118E+00  0.1337E+02
   0.570  0.6278E+00  0.1338E+02
   0.580  0.6439E+00  0.1338E+02
   0.590  0.6601E+00  0.1339E+02
   0.600  0.6764E+00  0.1340E+02
   0.610  0.6927E+00  0.1340E+02
   0.620  0.7088E+00  0.1341E+02
   0.630  0.7249E+00  0.1342E+02
   0.640  0.7407E+00  0.1342E+02
   0.650  0.7562E+00  0.1343E+02
   0.660  0.7713E+00  0.1344E+02
   0.670  0.7859E+00  0.1345E+02
   0.680  0.8001E+00  0.1345E+02
   0.690  0.8137E+00  0.1346E+02
   0.700  0.8266E+00  0.1347E+02
   0.710  0.8388E+00  0.1348E+02
   0.720  0.8504E+00  0.1349E+02
   0.730  0.8612E+00  0.1350E+02
   0.740  0.8712E+00  0.1351E+02
   0.750  0.8805E+00  0.1351E+02
   0.760  0.8890E+00  0.1352E+02
   0.770  0.8968E+00  0.1353E+02
   0.780  0.9039E+00  0.1354E+02
   0.790  0.9102E+00  0.1355E+02
   0.800  0.9159E+00  0.1356E+02
   0.810  0.9210E+00  0.1357E+02
   0.820  0.9255E+00  0.1358E+02
   0.830  0.9295E+00  0.1359E+02
   0.840  0.9330E+00  0.1360E+02
   0.850  0.9361E+00  0.1361E+02
   0.860  0.9389E+00  0.1362E+02
   0.870  0.9414E+00  0.1362E+02
   0.880  0.9436E+00  0.1363E+02
   0.890  0.9455E+00  0.1364E+02
   0.900  0.9473E+00  0.1365E+02
   0.910  0.9490E+00  0.1366E+02
   0.920  0.9504E+00  0.1367E+02
   0.930  0.9518E+00  0.1368E+02
   0.940  0.9529E+00  0.1369E+02
   0.950  0.9540E+00  0.1370E+02
   0.960  0.9548E+00  0.1371E+02
   0.970  0.9555E+00  0.1372E+02
   0.980  0.9559E+00  0.1373E+02
   0.990  0.9562E+00  0.1374E+02
   1.000  0.9561E+00  0.1375E+02
   1.010  0.9557E+00  0.1376E+02
   1.020  0.9550E+00  0.1377E+02
   1.030  0.9540E+00  0.1378E+02
   1.040  0.9525E+00  0.1379E+02
   1.050  0.9506E+00  0.1380E+02
   1.060  0.9483E+00  0.1381E+02
   1.070  0.9455E+00  0.1382E+02
   1.080  0.9423E+00  0.1382E+02
   1.090  0.9386E+00  0.1383E+02
   1.100  0.9344E+00  0.1384E+02
   1.110  0.9298E+00  0.1385E+02
   1.120  0.9247E+00  0.1386E+02
   1.130  0.9192E+00  0.1387E+02
   1.140  0.9133E+00  0.1388E+02
   1.150  0.9070E+00  0.1389E+02
   1.160  0.9004E+00  0.1390E+02
   1.170  0.8934E+00  0.1391E+02
   1.180  0.8862E+00  0.1392E+02
   1.190  0.8788E+00  0.1392E+02
   1.200  0.8711E+00  0.1393E+02
   1.210  0.8634E+00  0.1394E+02
   1.220  0.8554E+00  0.1395E+02
   1.230  0.8475E+00  0.1396E+02
   1.240  0.8395E+00  0.1397E+02
   1.250  0.8315E+00  0.1398E+02
   1.260  0.8236E+00  0.1398E+02
   1.270  0.8157E+00  0.1399E+02
   1.280  0.8080E+00  0.1400E+02
   1.290  0.8004E+00  0.1401E+02
   1.300  0.7931E+00  0.1402E+02
   1.310  0.7859E+00  0.1402E+02
   1.320  0.7791E+00  0.1403E+02
   1.330  0.7725E+00  0.1404E+02
   1.340  0.7662E+00  0.1405E+02
   1.350  0.7602E+00  0.1405E+02
   1.360  0.7546E+00  0.1406E+02
   1.370  0.7493E+00  0.1407E+02
   1.380  0.7445E+00  0.1408E+02
   1.390  0.7400E+00  0.1408E+02
   1.400  0.7359E+00  0.1409E+02
   1.410  0.7322E+00  0.1410E+02
   1.420  0.7289E+00  0.1411E+02
   1.430  0.7260E+00  0.1411E+02
   1.440  0.7236E+00  0.1412E+02
   1.450  0.7215E+00  0.1413E+02
   1.460  0.7199E+00  0.1414E+02
   1.470  0.7187E+00  0.1414E+02
   1.480  0.7178E+00  0.1415E+02
   1.490  0.7174E+00  0.1416E+02
   1.500  0.7173E+00  0.1416E+02
   1.510  0.7176E+00  0.1417E+02
   1.520  0.7183E+00  0.1418E+02
   1.530  0.7193E+00  0.1419E+02
   1.540  0.7207E+00  0.1419E+02
   1.550  0.7224E+00  0.1420E+02
   1.560  0.7244E+00  0.1421E+02
   1.570  0.7266E+00  0.1421E+02
   1.580  0.7291E+00  0.1422E+02
   1.590  0.7319E+00  0.1423E+02
   1.600  0.7349E+00  0.1424E+02
   1.610  0.7381E+00  0.1424E+02
   1.620  0.7414E+00  0.1425E+02
   1.630  0.7449E+00  0.1426E+02
   1.640  0.7484E+00  0.1427E+02
   1.650  0.7521E+00  0.1427E+02
   1.660  0.7558E+00  0.1428E+02
   1.670  0.7594E+00  0.1429E+02
   1.680  0.7631E+00  0.1430E+02
   1.690  0.7668E+00  0.1430E+02
   1.700  0.7704E+00  0.1431E+02
   1.710  0.7739E+00  0.1432E+02
   1.720  0.7773E+00  0.1433E+02
   1.730  0.7807E+00  0.1434E+02
   1.740  0.7839E+00  0.1434E+02
   1.750  0.7870E+00  0.1435E+02
   1.760  0.7900E+00  0.1436E+02
   1.770  0.7930E+00  0.1437E+02
   1.780  0.7959E+00  0.1437E+02
   1.790  0.7987E+00  0.1438E+02
   1.800  0.8014E+00  0.1439E+02
   1.810  0.8042E+00  0.1440E+02
   1.820  0.8069E+00  0.1441E+02
   1.830  0.8097E+00  0.1442E+02
   1.840  0.8126E+00  0.1442E+02
   1.850  0.8155E+00  0.1443E+02
   1.860  0.8186E+00  0.1444E+02
   1.870  0.8217E+00  0.1445E+02
   1.880  0.8250E+00  0.1446E+02
   1.890  0.8285E+00  0.1446E+02
   1.900  0.8321E+00  0.1447E+02
   1.910  0.8359E+00  0.1448E+02
   1.920  0.8399E+00  0.1449E+02
   1.930  0.8440E+00  0.1450E+02
   1.940  0.8483E+00  0.1451E+02
   1.950  0.8528E+00  0.1451E+02
   1.960  0.8573E+00  0.1452E+02
   1.970  0.8620E+00  0.1453E+02
   1.980  0.8667E+00  0.1454E+02
   1.990  0.8715E+00  0.1455E+02
   2.000  0.8764E+00  0.1456E+02
   2.010  0.8812E+00  0.1457E+02
   2.020  0.8860E+00  0.1458E+02
   2.030  0.8908E+00  0.1458E+02
   2.040  0.8955E+00  0.1459E+02
   2.050  0.9000E+00  0.1460E+02
   2.060  0.9045E+00  0.1461E+02
   2.070  0.9088E+00  0.1462E+02
   2.080  0.9130E+00  0.1463E+02
   2.090  0.9169E+00  0.1464E+02
   2.100  0.9207E+00  0.1465E+02
   2.110  0.9243E+00  0.1466E+02
   2.120  0.9277E+00  0.1467E+02
   2.130  0.9308E+00  0.1468E+02
   2.140  0.9337E+00  0.1469E+02
   2.150  0.9364E+00  0.1469E+02
   2.160  0.9389E+00  0.1470E+02
   2.170  0.9411E+00  0.1471E+02
   2.180  0.9431E+00  0.1472E+02
   2.190  0.9449E+00  0.1473E+02
   2.200  0.9464E+00  0.1474E+02
   2.210  0.9477E+00  0.1475E+02
   2.220  0.9488E+00  0.1476E+02
   2.230  0.9497E+00  0.1477E+02
   2.240  0.9503E+00  0.1478E+02
   2.250  0.9508E+00  0.1479E+02
   2.260  0.9510E+00  0.1480E+02
   2.270  0.9511E+00  0.1481E+02
   2.280  0.9510E+00  0.1482E+02
   2.290  0.9507E+00  0.1483E+02
   2.300  0.9503E+00  0.1484E+02
   2.310  0.9498E+00  0.1485E+02
   2.320  0.9491E+00  0.1486E+02
   2.330  0.9484E+00  0.1487E+02
   2.340  0.9476E+00  0.1488E+02
   2.350  0.9467E+00  0.1488E+02
   2.360  0.9457E+00  0.1489E+02
   2.370  0.9448E+00  0.1490E+02
   2.380  0.9438E+00  0.1491E+02
   2.390  0.9427E+00  0.1492E+02
   2.400  0.9417E+00  0.1493E+02
   2.410  0.9407E+00  0.1494E+02
   2.420  0.9397E+00  0.1495E+02
   2.430  0.9388E+00  0.1496E+02
   2.440  0.9378E+00  0.1497E+02
   2.450  0.9369E+00  0.1498E+02
   2.460  0.9360E+00  0.1499E+02
   2.470  0.9350E+00  0.1500E+02
   2.480  0.9341E+00  0.1501E+02
   2.490  0.9333E+00  0.1502E+02
   2.500  0.9324E+00  0.1503E+02
   2.510  0.9315E+00  0.1503E+02
   2.520  0.9305E+00  0.1504E+02
   2.530  0.9296E+00  0.1505E+02
   2.540  0.9287E+00  0.1506E+02
   2.550  0.9277E+00  0.1507E+02
   2.560  0.9268E+00  0.1508E+02
   2.570  0.9258E+00  0.1509E+02
   2.580  0.9248E+00  0.1510E+02
   2.590  0.9238E+00  0.1511E+02
   2.600  0.9228E+00  0.1512E+02
   2.610  0.9219E+00  0.1513E+02
   2.620  0.9210E+00  0.1514E+02
   2.630  0.9201E+00  0.1515E+02
   2.640  0.9193E+00  0.1515E+02
   2.650  0.9186E+00  0.1516E+02
   2.660  0.9179E+00  0.1517E+02
   2.670  0.9174E+00  0.1518E+02
   2.680  0.9170E+00  0.1519E+02
   2.690  0.9167E+00  0.1520E+02
   2.700  0.9165E+00  0.1521E+02
   2.710  0.9165E+00  0.1522E+02
   2.720  0.9167E+00  0.1523E+02
   2.730  0.9170E+00  0.1524E+02
   2.740  0.9175E+00  0.1525E+02
   2.750  0.9182E+00  0.1526E+02
   2.760  0.9191E+00  0.1527E+02
   2.770  0.9202E+00  0.1527E+02
   2.780  0.9215E+00  0.1528E+02
   2.790  0.9230E+00  0.1529E+02
   2.800  0.9247E+00  0.1530E+02
   2.810  0.9266E+00  0.1531E+02
   2.820  0.9288E+00  0.1532E+02
   2.830  0.9312E+00  0.1533E+02
   2.840  0.9339E+00  0.1534E+02
   2.850  0.9368E+00  0.1535E+02
   2.860  0.9399E+00  0.1536E+02
   2.870  0.9433E+00  0.1537E+02
   2.880  0.9470E+00  0.1538E+02
   2.890  0.9509E+00  0.1539E+02
   2.900  0.9551E+00  0.1540E+02
   2.910  0.9595E+00  0.1541E+02
   2.920  0.9641E+00  0.1542E+02
   2.930  0.9690E+00  0.1542E+02
   2.940  0.9741E+00  0.1543E+02
   2.950  0.9794E+00  0.1544E+02
   2.960  0.9848E+00  0.1545E+02
   2.970  0.9903E+00  0.1546E+02
   2.980  0.9960E+00  0.1547E+02
   2.990  0.1002E+01  0.1548E+02
   3.000  0.1007E+01  0.1549E+02
   3.010  0.1013E+01  0.1550E+02
   3.020  0.1019E+01  0.1551E+02
   3.030  0.1025E+01  0.1552E+02
   3.040  0.1030E+01  0.1553E+02
   3.050  0.1035E+01  0.1555E+02
   3.060  0.1041E+01  0.1556E+02
   3.070  0.1046E+01  0.1557E+02
   3.080  0.1050E+01  0.1558E+02
   3.090  0.1055E+01  0.1559E+02
   3.100  0.1059E+01  0.1560E+02
   3.110  0.1063E+01  0.1561E+02
   3.120  0.1066E+01  0.1562E+02
   3.130  0.1070E+01  0.1563E+02
   3.140  0.1073E+01  0.1564E+02
   3.150  0.1075E+01  0.1565E+02
   3.160  0.1078E+01  0.1566E+02
   3.170  0.1080E+01  0.1567E+02
   3.180  0.1082E+01  0.1568E+02
   3.190  0.1084E+01  0.1569E+02
   3.200  0.1085E+01  0.1571E+02
   3.210  0.1087E+01  0.1572E+02
   3.220  0.1088E+01  0.1573E+02
   3.230  0.1089E+01  0.1574E+02
   3.240  0.1090E+01  0.1575E+02
   3.250  0.1091E+01  0.1576E+02
   3.260  0.1092E+01  0.1577E+02
   3.270  0.1093E+01  0.1578E+02
   3.280  0.1093E+01  0.1579E+02
   3.290  0.1094E+01  0.1580E+02
   3.300  0.1095E+01  0.1581E+02
   3.310  0.1096E+01  0.1583E+02
   3.320  0.1097E+01  0.1584E+02
   3.330  0.1098E+01  0.1585E+02
   3.340  0.1099E+01  0.1586E+02
   3.350  0.1101E+01  0.1587E+02
   3.360  0.1102E+01  0.1588E+02
   3.370  0.1103E+01  0.1589E+02
   3.380  0.1105E+01  0.1590E+02
   3.390  0.1107E+01  0.1591E+02
   3.400  0.1109E+01  0.1592E+02
   3.410  0.1111E+01  0.1594E+02
   3.420  0.1114E+01  0.1595E+02
   3.430  0.1116E+01  0.1596E+02
   3.440  0.1119E+01  0.1597E+02
   3.450  0.1122E+01  0.1598E+02
   3.460  0.1125E+01  0.1599E+02
   3.470  0.1129E+01  0.1600E+02
   3.480  0.1133E+01  0.1601E+02
   3.490  0.1137E+01  0.1603E+02
   3.500  0.1142E+01  0.1604E+02
   3.510  0.1146E+01  0.1605E+02
   3.520  0.1151E+01  0.1606E+02
   3.530  0.1156E+01  0.1607E+02
   3.540  0.1162E+01  0.1608E+02
   3.550  0.1167E+01  0.1610E+02
   3.560  0.1173E+01  0.1611E+02
   3.570  0.1178E+01  0.1612E+02
   3.580  0.1184E+01  0.1613E+02
   3.590  0.1190E+01  0.1614E+02
   3.600  0.1196E+01  0.1615E+02
   3.610  0.1202E+01  0.1617E+02
   3.620  0.1208E+01  0.1618E+02
   3.630  0.1213E+01  0.1619E+02
   3.640  0.1219E+01  0.1620E+02
   3.650  0.1224E+01  0.1621E+02
   3.660  0.1229E+01  0.1623E+02
   3.670  0.1234E+01  0.1624E+02
   3.680  0.1238E+01  0.1625E+02
   3.690  0.1242E+01  0.1626E+02
   3.700  0.1246E+01  0.1628E+02
   3.710  0.1250E+01  0.1629E+02
   3.720  0.1253E+01  0.1630E+02
   3.730  0.1257E+01  0.1631E+02
   3.740  0.1259E+01  0.1633E+02
   3.750  0.1262E+01  0.1634E+02
   3.760  0.1264E+01  0.1635E+02
   3.770  0.1266E+01  0.1636E+02
   3.780  0.1268E+01  0.1638E+02
   3.790  0.1270E+01  0.1639E+02
   3.800  0.1271E+01  0.1640E+02
   3.810  0.1272E+01  0.1642E+02
   3.820  0.1274E+01  0.1643E+02
   3.830  0.1275E+01  0.1644E+02
   3.840  0.1275E+01  0.1645E+02
   3.850  0.1276E+01  0.1647E+02
   3.860  0.1277E+01  0.1648E+02
   3.870  0.1277E+01  0.1649E+02
   3.880  0.1278E+01  0.1651E+02
   3.890  0.1278E+01  0.1652E+02
   3.900  0.1278E+01  0.1653E+02
   3.910  0.1279E+01  0.1654E+02
   3.920  0.1279E+01  0.1656E+02
   3.930  0.1279E+01  0.1657E+02
   3.940  0.1279E+01  0.1658E+02
   3.950  0.1278E+01  0.1659E+02
   3.960  0.1278E+01  0.1661E+02
   3.970  0.1278E+01  0.1662E+02
   3.980  0.1277E+01  0.1663E+02
   3.990  0.1277E+01  0.1665E+02
   4.000  0.1277E+01  0.1666E+02
   4.010  0.1276E+01  0.1667E+02
   4.020  0.1275E+01  0.1668E+02
   4.030  0.1275E+01  0.1670E+02
   4.040  0.1274E+01  0.1671E+02
   4.050  0.1274E+01  0.1672E+02
   4.060  0.1273E+01  0.1673E+02
   4.070  0.1273E+01  0.1675E+02
   4.080  0.1272E+01  0.1676E+02
   4.090  0.1272E+01  0.1677E+02
   4.100  0.1271E+01  0.1679E+02
   4.110  0.1271E+01  0.1680E+02
   4.120  0.1270E+01  0.1681E+02
   4.130  0.1270E+01  0.1682E+02
   4.140  0.1270E+01  0.1684E+02
   4.150  0.1270E+01  0.1685E+02
   4.160  0.1269E+01  0.1686E+02
   4.170  0.1269E+01  0.1687E+02
   4.180  0.1269E+01  0.1689E+02
   4.190  0.1269E+01  0.1690E+02
   4.200  0.1269E+01  0.1691E+02
   4.210  0.1269E+01  0.1693E+02
   4.220  0.1269E+01  0.1694E+02
   4.230  0.1269E+01  0.1695E+02
   4.240  0.1269E+01  0.1696E+02
   4.250  0.1269E+01  0.1698E+02
   4.260  0.1268E+01  0.1699E+02
   4.270  0.1268E+01  0.1700E+02
   4.280  0.1268E+01  0.1701E+02
   4.290  0.1268E+01  0.1703E+02
   4.300  0.1267E+01  0.1704E+02
   4.310  0.1267E+01  0.1705E+02
   4.320  0.1267E+01  0.1706E+02
   4.330  0.1267E+01  0.1708E+02
   4.340  0.1267E+01  0.1709E+02
   4.350  0.1266E+01  0.1710E+02
   4.360  0.1266E+01  0.1712E+02
   4.370  0.1266E+01  0.1713E+02
   4.380  0.1266E+01  0.1714E+02
   4.390  0.1266E+01  0.1715E+02
   4.400  0.1266E+01  0.1717E+02
   4.410  0.1266E+01  0.1718E+02
   4.420  0.1266E+01  0.1719E+02
   4.430  0.1266E+01  0.1720E+02
   4.440  0.1266E+01  0.1722E+02
   4.450  0.1266E+01  0.1723E+02
   4.460  0.1266E+01  0.1724E+02
   4.470  0.1267E+01  0.1725E+02
   4.480  0.1267E+01  0.1727E+02
   4.490  0.1267E+01  0.1728E+02
   4.500  0.1267E+01  0.1729E+02
   4.510  0.1267E+01  0.1731E+02
   4.520  0.1267E+01  0.1732E+02
   4.530  0.1267E+01  0.1733E+02
   4.540  0.1267E+01  0.1734E+02
   4.550  0.1267E+01  0.1736E+02
   4.560  0.1267E+01  0.1737E+02
   4.570  0.1267E+01  0.1738E+02
   4.580  0.1267E+01  0.1739E+02
   4.590  0.1267E+01  0.1741E+02
   4.600  0.1268E+01  0.1742E+02
   4.610  0.1268E+01  0.1743E+02
   4.620  0.1269E+01  0.1744E+02
   4.630  0.1270E+01  0.1746E+02
   4.640  0.1271E+01  0.1747E+02
   4.650  0.1272E+01  0.1748E+02
   4.660  0.1274E+01  0.1750E+02
   4.670  0.1276E+01  0.1751E+02
   4.680  0.1278E+01  0.1752E+02
   4.690  0.1281E+01  0.1753E+02
   4.700  0.1284E+01  0.1755E+02
   4.710  0.1288E+01  0.1756E+02
   4.720  0.1291E+01  0.1757E+02
   4.730  0.1296E+01  0.1759E+02
   4.740  0.1300E+01  0.1760E+02
   4.750  0.1305E+01  0.1761E+02
   4.760  0.1310E+01  0.1762E+02
   4.770  0.1316E+01  0.1764E+02
   4.780  0.1321E+01  0.1765E+02
   4.790  0.1327E+01  0.1766E+02
   4.800  0.1333E+01  0.1768E+02
   4.810  0.1339E+01  0.1769E+02
   4.820  0.1345E+01  0.1770E+02
   4.830  0.1351E+01  0.1772E+02
   4.840  0.1357E+01  0.1773E+02
   4.850  0.1363E+01  0.1775E+02
   4.860  0.1368E+01  0.1776E+02
   4.870  0.1374E+01  0.1777E+02
   4.880  0.1379E+01  0.1779E+02
   4.890  0.1385E+01  0.1780E+02
   4.900  0.1390E+01  0.1781E+02
   4.910  0.1395E+01  0.1783E+02
   4.920  0.1399E+01  0.1784E+02
   4.930  0.1404E+01  0.1786E+02
   4.940  0.1408E+01  0.1787E+02
   4.950  0.1413E+01  0.1788E+02
   4.960  0.1417E+01  0.1790E+02
   4.970  0.1421E+01  0.1791E+02
   4.980  0.1425E+01  0.1793E+02
   4.990  0.1429E+01  0.1794E+02
   5.000  0.1432E+01  0.1796E+02
   5.010  0.1436E+01  0.1797E+02
   5.020  0.1440E+01  0.1798E+02
   5.030  0.1443E+01  0.1800E+02
   5.040  0.1447E+01  0.1801E+02
   5.050  0.1450E+01  0.1803E+02
   5.060  0.1453E+01  0.1804E+02
   5.070  0.1457E+01  0.1806E+02
   5.080  0.1460E+01  0.1807E+02
   5.090  0.1463E+01  0.1809E+02
   5.100  0.1465E+01  0.1810E+02
   5.110  0.1468E+01  0.1812E+02
   5.120  0.1471E+01  0.1813E+02
   5.130  0.1473E+01  0.1814E+02
   5.140  0.1475E+01  0.1816E+02
   5.150  0.1477E+01  0.1817E+02
   5.160  0.1478E+01  0.1819E+02
   5.170  0.1480E+01  0.1820E+02
   5.180  0.1481E+01  0.1822E+02
   5.190  0.1482E+01  0.1823E+02
   5.200  0.1482E+01  0.1825E+02
   5.210  0.1482E+01  0.1826E+02
   5.220  0.1482E+01  0.1828E+02
   5.230  0.1482E+01  0.1829E+02
   5.240  0.1481E+01  0.1831E+02
   5.250  0.1480E+01  0.1832E+02
   5.260  0.1479E+01  0.1834E+02
   5.270  0.1477E+01  0.1835E+02
   5.280  0.1475E+01  0.1837E+02
   5.290  0.1473E+01  0.1838E+02
   5.300  0.1470E+01  0.1840E+02
   5.310  0.1467E+01  0.1841E+02
   5.320  0.1464E+01  0.1843E+02
   5.330  0.1461E+01  0.1844E+02
   5.340  0.1458E+01  0.1845E+02
   5.350  0.1454E+01  0.1847E+02
   5.360  0.1450E+01  0.1848E+02
   5.370  0.1446E+01  0.1850E+02
   5.380  0.1442E+01  0.1851E+02
   5.390  0.1438E+01  0.1853E+02
   5.400  0.1434E+01  0.1854E+02
   5.410  0.1430E+01  0.1856E+02
   5.420  0.1426E+01  0.1857E+02
   5.430  0.1422E+01  0.1858E+02
   5.440  0.1419E+01  0.1860E+02
   5.450  0.1415E+01  0.1861E+02
   5.460  0.1412E+01  0.1863E+02
   5.470  0.1409E+01  0.1864E+02
   5.480  0.1407E+01  0.1865E+02
   5.490  0.1405E+01  0.1867E+02
   5.500  0.1404E+01  0.1868E+02
   5.510  0.1403E+01  0.1870E+02
   5.520  0.1402E+01  0.1871E+02
   5.530  0.1402E+01  0.1873E+02
   5.540  0.1403E+01  0.1874E+02
   5.550  0.1404E+01  0.1875E+02
   5.560  0.1406E+01  0.1877E+02
   5.570  0.1409E+01  0.1878E+02
   5.580  0.1411E+01  0.1880E+02
   5.590  0.1415E+01  0.1881E+02
   5.600  0.1419E+01  0.1882E+02
   5.610  0.1423E+01  0.1884E+02
   5.620  0.1428E+01  0.1885E+02
   5.630  0.1433E+01  0.1887E+02
   5.640  0.1438E+01  0.1888E+02
   5.650  0.1443E+01  0.1890E+02
   5.660  0.1449E+01  0.1891E+02
   5.670  0.1455E+01  0.1892E+02
   5.680  0.1461E+01  0.1894E+02
   5.690  0.1467E+01  0.1895E+02
   5.700  0.1472E+01  0.1897E+02
   5.710  0.1478E+01  0.1898E+02
   5.720  0.1484E+01  0.1900E+02
   5.730  0.1490E+01  0.1901E+02
   5.740  0.1495E+01  0.1903E+02
   5.750  0.1500E+01  0.1904E+02
   5.760  0.1505E+01  0.1906E+02
   5.770  0.1510E+01  0.1907E+02
   5.780  0.1515E+01  0.1909E+02
   5.790  0.1520E+01  0.1910E+02
   5.800  0.1524E+01  0.1912E+02
   5.810  0.1529E+01  0.1913E+02
   5.820  0.1533E+01  0.1915E+02
   5.830  0.1537E+01  0.1916E+02
   5.840  0.1541E+01  0.1918E+02
   5.850  0.1545E+01  0.1920E+02
   5.860  0.1549E+01  0.1921E+02
   5.870  0.1553E+01  0.1923E+02
   5.880  0.1557E+01  0.1924E+02
   5.890  0.1561E+01  0.1926E+02
   5.900  0.1565E+01  0.1927E+02
   5.910  0.1569E+01  0.1929E+02
   5.920  0.1574E+01  0.1930E+02
   5.930  0.1578E+01  0.1932E+02
   5.940  0.1583E+01  0.1934E+02
   5.950  0.1588E+01  0.1935E+02
   5.960  0.1593E+01  0.1937E+02
   5.970  0.1598E+01  0.1938E+02
   5.980  0.1603E+01  0.1940E+02
   5.990  0.1608E+01  0.1942E+02
   6.000  0.1614E+01  0.1943E+02
   6.010  0.1620E+01  0.1945E+02
   6.020  0.1626E+01  0.1946E+02
   6.030  0.1632E+01  0.1948E+02
   6.040  0.1638E+01  0.1950E+02
   6.050  0.1645E+01  0.1951E+02
   6.060  0.1651E+01  0.1953E+02
   6.070  0.1658E+01  0.1955E+02
   6.080  0.1664E+01  0.1956E+02
   6.090  0.1671E+01  0.1958E+02
   6.100  0.1678E+01  0.1960E+02
   6.110  0.1685E+01  0.1961E+02
   6.120  0.1692E+01  0.1963E+02
   6.130  0.1699E+01  0.1965E+02
   6.140  0.1706E+01  0.1967E+02
   6.150  0.1713E+01  0.1968E+02
   6.160  0.1721E+01  0.1970E+02
   6.170  0.1728E+01  0.1972E+02
   6.180  0.1735E+01  0.1973E+02
   6.190  0.1743E+01  0.1975E+02
   6.200  0.1751E+01  0.1977E+02
   6.210  0.1758E+01  0.1979E+02
   6.220  0.1766E+01  0.1980E+02
   6.230  0.1774E+01  0.1982E+02
   6.240  0.1782E+01  0.1984E+02
   6.250  0.1790E+01  0.1986E+02
   6.260  0.1798E+01  0.1988E+02
   6.270  0.1806E+01  0.1989E+02
   6.280  0.1814E+01  0.1991E+02
   6.290  0.1822E+01  0.1993E+02
   6.300  0.1830E+01  0.1995E+02
   6.310  0.1838E+01  0.1997E+02
   6.320  0.1846E+01  0.1999E+02
   6.330  0.1854E+01  0.2000E+02
   6.340  0.1861E+01  0.2002E+02
   6.350  0.1869E+01  0.2004E+02
   6.360  0.1876E+01  0.2006E+02
   6.370  0.1884E+01  0.2008E+02
   6.380  0.1891E+01  0.2010E+02
   6.390  0.1897E+01  0.2012E+02
   6.400  0.1904E+01  0.2014E+02
   6.410  0.1911E+01  0.2015E+02
   6.420  0.1917E+01  0.2017E+02
   6.430  0.1924E+01  0.2019E+02
   6.440  0.1930E+01  0.2021E+02
   6.450  0.1937E+01  0.2023E+02
   6.460  0.1943E+01  0.2025E+02
   6.470  0.1950E+01  0.2027E+02
   6.480  0.1956E+01  0.2029E+02
   6.490  0.1963E+01  0.2031E+02
   6.500  0.1970E+01  0.2033E+02
   6.510  0.1978E+01  0.2035E+02
   6.520  0.1986E+01  0.2037E+02
   6.530  0.1994E+01  0.2039E+02
   6.540  0.2003E+01  0.2041E+02
   6.550  0.2012E+01  0.2043E+02
   6.560  0.2023E+01  0.2045E+02
   6.570  0.2033E+01  0.2047E+02
   6.580  0.2045E+01  0.2049E+02
   6.590  0.2058E+01  0.2051E+02
   6.600  0.2071E+01  0.2053E+02
   6.610  0.2085E+01  0.2055E+02
   6.620  0.2101E+01  0.2057E+02
   6.630  0.2117E+01  0.2059E+02
   6.640  0.2134E+01  0.2062E+02
   6.650  0.2153E+01  0.2064E+02
   6.660  0.2172E+01  0.2066E+02
   6.670  0.2193E+01  0.2068E+02
   6.680  0.2214E+01  0.2070E+02
   6.690  0.2236E+01  0.2073E+02
   6.700  0.2260E+01  0.2075E+02
   6.710  0.2284E+01  0.2077E+02
   6.720  0.2309E+01  0.2079E+02
   6.730  0.2335E+01  0.2082E+02
   6.740  0.2361E+01  0.2084E+02
   6.750  0.2388E+01  0.2086E+02
   6.760  0.2415E+01  0.2089E+02
   6.770  0.2443E+01  0.2091E+02
   6.780  0.2471E+01  0.2094E+02
   6.790  0.2499E+01  0.2096E+02
   6.800  0.2527E+01  0.2099E+02
   6.810  0.2555E+01  0.2101E+02
   6.820  0.2583E+01  0.2104E+02
   6.830  0.2610E+01  0.2107E+02
   6.840  0.2637E+01  0.2109E+02
   6.850  0.2663E+01  0.2112E+02
   6.860  0.2689E+01  0.2115E+02
   6.870  0.2713E+01  0.2117E+02
   6.880  0.2737E+01  0.2120E+02
   6.890  0.2759E+01  0.2123E+02
   6.900  0.2780E+01  0.2126E+02
   6.910  0.2801E+01  0.2128E+02
   6.920  0.2820E+01  0.2131E+02
   6.930  0.2837E+01  0.2134E+02
   6.940  0.2853E+01  0.2137E+02
   6.950  0.2868E+01  0.2140E+02
   6.960  0.2882E+01  0.2143E+02
   6.970  0.2894E+01  0.2146E+02
   6.980  0.2905E+01  0.2148E+02
   6.990  0.2915E+01  0.2151E+02
   7.000  0.2924E+01  0.2154E+02
   7.010  0.2931E+01  0.2157E+02
   7.020  0.2938E+01  0.2160E+02
   7.030  0.2943E+01  0.2163E+02
   7.040  0.2948E+01  0.2166E+02
   7.050  0.2951E+01  0.2169E+02
   7.060  0.2954E+01  0.2172E+02
   7.070  0.2957E+01  0.2175E+02
   7.080  0.2959E+01  0.2178E+02
   7.090  0.2960E+01  0.2181E+02
   7.100  0.2961E+01  0.2184E+02
   7.110  0.2962E+01  0.2187E+02
   7.120  0.2962E+01  0.2190E+02
   7.130  0.2962E+01  0.2193E+02
   7.140  0.2963E+01  0.2196E+02
   7.150  0.2963E+01  0.2199E+02
   7.160  0.2963E+01  0.2202E+02
   7.170  0.2963E+01  0.2205E+02
   7.180  0.2963E+01  0.2207E+02
   7.190  0.2963E+01  0.2210E+02
   7.200  0.2964E+01  0.2213E+02
   7.210  0.2964E+01  0.2216E+02
   7.220  0.2965E+01  0.2219E+02
   7.230  0.2966E+01  0.2222E+02
   7.240  0.2967E+01  0.2225E+02
   7.250  0.2968E+01  0.2228E+02
   7.260  0.2970E+01  0.2231E+02
   7.270  0.2972E+01  0.2234E+02
   7.280  0.2975E+01  0.2237E+02
   7.290  0.2978E+01  0.2240E+02
   7.300  0.2982E+01  0.2243E+02
   7.310  0.2987E+01  0.2246E+02
   7.320  0.2992E+01  0.2249E+02
   7.330  0.2998E+01  0.2252E+02
   7.340  0.3005E+01  0.2255E+02
   7.350  0.3013E+01  0.2258E+02
   7.360  0.3022E+01  0.2261E+02
   7.370  0.3033E+01  0.2264E+02
   7.380  0.3044E+01  0.2267E+02
   7.390  0.3057E+01  0.2270E+02
   7.400  0.3071E+01  0.2273E+02
   7.410  0.3087E+01  0.2276E+02
   7.420  0.3104E+01  0.2280E+02
   7.430  0.3123E+01  0.2283E+02
   7.440  0.3143E+01  0.2286E+02
   7.450  0.3165E+01  0.2289E+02
   7.460  0.3188E+01  0.2292E+02
   7.470  0.3213E+01  0.2295E+02
   7.480  0.3239E+01  0.2299E+02
   7.490  0.3267E+01  0.2302E+02
   7.500  0.3296E+01  0.2305E+02
   7.510  0.3326E+01  0.2308E+02
   7.520  0.3357E+01  0.2312E+02
   7.530  0.3390E+01  0.2315E+02
   7.540  0.3424E+01  0.2319E+02
   7.550  0.3458E+01  0.2322E+02
   7.560  0.3493E+01  0.2326E+02
   7.570  0.3529E+01  0.2329E+02
   7.580  0.3565E+01  0.2333E+02
   7.590  0.3601E+01  0.2336E+02
   7.600  0.3637E+01  0.2340E+02
   7.610  0.3673E+01  0.2344E+02
   7.620  0.3708E+01  0.2347E+02
   7.630  0.3743E+01  0.2351E+02
   7.640  0.3778E+01  0.2355E+02
   7.650  0.3811E+01  0.2359E+02
   7.660  0.3843E+01  0.2362E+02
   7.670  0.3873E+01  0.2366E+02
   7.680  0.3902E+01  0.2370E+02
   7.690  0.3929E+01  0.2374E+02
   7.700  0.3954E+01  0.2378E+02
   7.710  0.3977E+01  0.2382E+02
   7.720  0.3998E+01  0.2386E+02
   7.730  0.4016E+01  0.2390E+02
   7.740  0.4032E+01  0.2394E+02
   7.750  0.4045E+01  0.2398E+02
   7.760  0.4056E+01  0.2402E+02
   7.770  0.4063E+01  0.2406E+02
   7.780  0.4068E+01  0.2410E+02
   7.790  0.4071E+01  0.2414E+02
   7.800  0.4070E+01  0.2419E+02
   7.810  0.4067E+01  0.2423E+02
   7.820  0.4062E+01  0.2427E+02
   7.830  0.4054E+01  0.2431E+02
   7.840  0.4044E+01  0.2435E+02
   7.850  0.4032E+01  0.2439E+02
   7.860  0.4018E+01  0.2443E+02
   7.870  0.4002E+01  0.2447E+02
   7.880  0.3985E+01  0.2451E+02
   7.890  0.3966E+01  0.2455E+02
   7.900  0.3946E+01  0.2459E+02
   7.910  0.3925E+01  0.2463E+02
   7.920  0.3903E+01  0.2467E+02
   7.930  0.3881E+01  0.2470E+02
   7.940  0.3858E+01  0.2474E+02
   7.950  0.3834E+01  0.2478E+02
   7.960  0.3811E+01  0.2482E+02
   7.970  0.3787E+01  0.2486E+02
   7.980  0.3763E+01  0.2489E+02
   7.990  0.3739E+01  0.2493E+02
   8.000  0.3715E+01  0.2497E+02
   8.010  0.3692E+01  0.2501E+02
   8.020  0.3669E+01  0.2504E+02
   8.030  0.3646E+01  0.2508E+02
   8.040  0.3624E+01  0.2512E+02
   8.050  0.3602E+01  0.2515E+02
   8.060  0.3581E+01  0.2519E+02
   8.070  0.3561E+01  0.2522E+02
   8.080  0.3541E+01  0.2526E+02
   8.090  0.3521E+01  0.2529E+02
   8.100  0.3503E+01  0.2533E+02
   8.110  0.3485E+01  0.2536E+02
   8.120  0.3468E+01  0.2540E+02
   8.130  0.3451E+01  0.2543E+02
   8.140  0.3436E+01  0.2547E+02
   8.150  0.3421E+01  0.2550E+02
   8.160  0.3406E+01  0.2554E+02
   8.170  0.3393E+01  0.2557E+02
   8.180  0.3380E+01  0.2560E+02
   8.190  0.3367E+01  0.2564E+02
   8.200  0.3355E+01  0.2567E+02
   8.210  0.3344E+01  0.2570E+02
   8.220  0.3333E+01  0.2574E+02
   8.230  0.3323E+01  0.2577E+02
   8.240  0.3313E+01  0.2580E+02
   8.250  0.3303E+01  0.2584E+02
   8.260  0.3294E+01  0.2587E+02
   8.270  0.3285E+01  0.2590E+02
   8.280  0.3276E+01  0.2594E+02
   8.290  0.3267E+01  0.2597E+02
   8.300  0.3259E+01  0.2600E+02
   8.310  0.3250E+01  0.2603E+02
   8.320  0.3242E+01  0.2607E+02
   8.330  0.3234E+01  0.2610E+02
   8.340  0.3226E+01  0.2613E+02
   8.350  0.3218E+01  0.2616E+02
   8.360  0.3211E+01  0.2619E+02
   8.370  0.3203E+01  0.2623E+02
   8.380  0.3196E+01  0.2626E+02
   8.390  0.3189E+01  0.2629E+02
   8.400  0.3182E+01  0.2632E+02
   8.410  0.3175E+01  0.2635E+02
   8.420  0.3168E+01  0.2639E+02
   8.430  0.3162E+01  0.2642E+02
   8.440  0.3156E+01  0.2645E+02
   8.450  0.3150E+01  0.2648E+02
   8.460  0.3145E+01  0.2651E+02
   8.470  0.3139E+01  0.2654E+02
   8.480  0.3134E+01  0.2657E+02
   8.490  0.3129E+01  0.2661E+02
   8.500  0.3125E+01  0.2664E+02
   8.510  0.3120E+01  0.2667E+02
   8.520  0.3116E+01  0.2670E+02
   8.530  0.3111E+01  0.2673E+02
   8.540  0.3107E+01  0.2676E+02
   8.550  0.3103E+01  0.2679E+02
   8.560  0.3098E+01  0.2682E+02
   8.570  0.3094E+01  0.2685E+02
   8.580  0.3089E+01  0.2689E+02
   8.590  0.3085E+01  0.2692E+02
   8.600  0.3080E+01  0.2695E+02
   8.610  0.3075E+01  0.2698E+02
   8.620  0.3070E+01  0.2701E+02
   8.630  0.3065E+01  0.2704E+02
   8.640  0.3060E+01  0.2707E+02
   8.650  0.3054E+01  0.2710E+02
   8.660  0.3049E+01  0.2713E+02
   8.670  0.3044E+01  0.2716E+02
   8.680  0.3039E+01  0.2719E+02
   8.690  0.3035E+01  0.2722E+02
   8.700  0.3030E+01  0.2725E+02
   8.710  0.3026E+01  0.2728E+02
   8.720  0.3022E+01  0.2731E+02
   8.730  0.3019E+01  0.2734E+02
   8.740  0.3017E+01  0.2737E+02
   8.750  0.3015E+01  0.2740E+02
   8.760  0.3013E+01  0.2743E+02
   8.770  0.3013E+01  0.2746E+02
   8.780  0.3013E+01  0.2749E+02
   8.790  0.3013E+01  0.2752E+02
   8.800  0.3015E+01  0.2755E+02
   8.810  0.3017E+01  0.2758E+02
   8.820  0.3020E+01  0.2761E+02
   8.830  0.3023E+01  0.2764E+02
   8.840  0.3027E+01  0.2767E+02
   8.850  0.3032E+01  0.2770E+02
   8.860  0.3036E+01  0.2774E+02
   8.870  0.3042E+01  0.2777E+02
   8.880  0.3047E+01  0.2780E+02
   8.890  0.3053E+01  0.2783E+02
   8.900  0.3059E+01  0.2786E+02
   8.910  0.3065E+01  0.2789E+02
   8.920  0.3071E+01  0.2792E+02
   8.930  0.3077E+01  0.2795E+02
   8.940  0.3083E+01  0.2798E+02
   8.950  0.3088E+01  0.2801E+02
   8.960  0.3093E+01  0.2804E+02
   8.970  0.3098E+01  0.2807E+02
   8.980  0.3103E+01  0.2810E+02
   8.990  0.3107E+01  0.2814E+02
   9.000  0.3111E+01  0.2817E+02
   9.010  0.3115E+01  0.2820E+02
   9.020  0.3118E+01  0.2823E+02
   9.030  0.3121E+01  0.2826E+02
   9.040  0.3123E+01  0.2829E+02
   9.050  0.3126E+01  0.2832E+02
   9.060  0.3128E+01  0.2835E+02
   9.070  0.3130E+01  0.2838E+02
   9.080  0.3131E+01  0.2842E+02
   9.090  0.3133E+01  0.2845E+02
   9.100  0.3134E+01  0.2848E+02
   9.110  0.3136E+01  0.2851E+02
   9.120  0.3137E+01  0.2854E+02
   9.130  0.3139E+01  0.2857E+02
   9.140  0.3140E+01  0.2860E+02
   9.150  0.3142E+01  0.2864E+02
   9.160  0.3144E+01  0.2867E+02
   9.170  0.3146E+01  0.2870E+02
   9.180  0.3148E+01  0.2873E+02
   9.190  0.3150E+01  0.2876E+02
   9.200  0.3152E+01  0.2879E+02
   9.210  0.3154E+01  0.2882E+02
   9.220  0.3157E+01  0.2886E+02
   9.230  0.3159E+01  0.2889E+02
   9.240  0.3162E+01  0.2892E+02
   9.250  0.3165E+01  0.2895E+02
   9.260  0.3168E+01  0.2898E+02
   9.270  0.3171E+01  0.2901E+02
   9.280  0.3174E+01  0.2905E+02
   9.290  0.3177E+01  0.2908E+02
   9.300  0.3180E+01  0.2911E+02
   9.310  0.3184E+01  0.2914E+02
   9.320  0.3188E+01  0.2917E+02
   9.330  0.3192E+01  0.2921E+02
   9.340  0.3197E+01  0.2924E+02
   9.350  0.3202E+01  0.2927E+02
   9.360  0.3207E+01  0.2930E+02
   9.370  0.3212E+01  0.2933E+02
   9.380  0.3219E+01  0.2937E+02
   9.390  0.3225E+01  0.2940E+02
   9.400  0.3233E+01  0.2943E+02
   9.410  0.3241E+01  0.2946E+02
   9.420  0.3249E+01  0.2950E+02
   9.430  0.3258E+01  0.2953E+02
   9.440  0.3268E+01  0.2956E+02
   9.450  0.3279E+01  0.2959E+02
   9.460  0.3290E+01  0.2963E+02
   9.470  0.3302E+01  0.2966E+02
   9.480  0.3314E+01  0.2969E+02
   9.490  0.3327E+01  0.2973E+02
   9.500  0.3340E+01  0.2976E+02
   9.510  0.3354E+01  0.2979E+02
   9.520  0.3368E+01  0.2983E+02
   9.530  0.3382E+01  0.2986E+02
   9.540  0.3397E+01  0.2989E+02
   9.550  0.3411E+01  0.2993E+02
   9.560  0.3425E+01  0.2996E+02
   9.570  0.3439E+01  0.3000E+02
   9.580  0.3453E+01  0.3003E+02
   9.590  0.3467E+01  0.3007E+02
   9.600  0.3480E+01  0.3010E+02
   9.610  0.3493E+01  0.3014E+02
   9.620  0.3505E+01  0.3017E+02
   9.630  0.3517E+01  0.3021E+02
   9.640  0.3528E+01  0.3024E+02
   9.650  0.3539E+01  0.3028E+02
   9.660  0.3549E+01  0.3031E+02
   9.670  0.3558E+01  0.3035E+02
   9.680  0.3567E+01  0.3038E+02
   9.690  0.3575E+01  0.3042E+02
   9.700  0.3583E+01  0.3045E+02
   9.710  0.3590E+01  0.3049E+02
   9.720  0.3597E+01  0.3053E+02
   9.730  0.3603E+01  0.3056E+02
   9.740  0.3608E+01  0.3060E+02
   9.750  0.3613E+01  0.3064E+02
   9.760  0.3618E+01  0.3067E+02
   9.770  0.3621E+01  0.3071E+02
   9.780  0.3625E+01  0.3074E+02
   9.790  0.3627E+01  0.3078E+02
   9.800  0.3630E+01  0.3082E+02
   9.810  0.3631E+01  0.3085E+02
   9.820  0.3632E+01  0.3089E+02
   9.830  0.3632E+01  0.3093E+02
   9.840  0.3632E+01  0.3096E+02
   9.850  0.3630E+01  0.3100E+02
   9.860  0.3628E+01  0.3103E+02
   9.870  0.3625E+01  0.3107E+02
   9.880  0.3622E+01  0.3111E+02
   9.890  0.3617E+01  0.3114E+02
   9.900  0.3612E+01  0.3118E+02
   9.910  0.3605E+01  0.3121E+02
   9.920  0.3598E+01  0.3125E+02
   9.930  0.3590E+01  0.3129E+02
   9.940  0.3582E+01  0.3132E+02
   9.950  0.3573E+01  0.3136E+02
   9.960  0.3562E+01  0.3139E+02
   9.970  0.3552E+01  0.3143E+02
   9.980  0.3541E+01  0.3146E+02
   9.990  0.3529E+01  0.3150E+02
  10.000  0.3517E+01  0.3154E+02
  10.010  0.3504E+01  0.3157E+02
  10.020  0.3491E+01  0.3161E+02
  10.030  0.3478E+01  0.3164E+02
  10.040  0.3465E+01  0.3167E+02
  10.050  0.3452E+01  0.3171E+02
  10.060  0.3438E+01  0.3174E+02
  10.070  0.3425E+01  0.3178E+02
  10.080  0.3411E+01  0.3181E+02
  10.090  0.3398E+01  0.3185E+02
  10.100  0.3384E+01  0.3188E+02
  10.110  0.3371E+01  0.3191E+02
  10.120  0.3358E+01  0.3195E+02
  10.130  0.3344E+01  0.3198E+02
  10.140  0.3331E+01  0.3201E+02
  10.150  0.3318E+01  0.3205E+02
  10.160  0.3305E+01  0.3208E+02
  10.170  0.3292E+01  0.3211E+02
  10.180  0.3280E+01  0.3215E+02
  10.190  0.3267E+01  0.3218E+02
  10.200  0.3255E+01  0.3221E+02
  10.210  0.3243E+01  0.3224E+02
  10.220  0.3231E+01  0.3228E+02
  10.230  0.3220E+01  0.3231E+02
  10.240  0.3209E+01  0.3234E+02
  10.250  0.3198E+01  0.3237E+02
  10.260  0.3188E+01  0.3240E+02
  10.270  0.3178E+01  0.3244E+02
  10.280  0.3169E+01  0.3247E+02
  10.290  0.3160E+01  0.3250E+02
  10.300  0.3152E+01  0.3253E+02
  10.310  0.3145E+01  0.3256E+02
  10.320  0.3138E+01  0.3259E+02
  10.330  0.3132E+01  0.3262E+02
  10.340  0.3127E+01  0.3266E+02
  10.350  0.3122E+01  0.3269E+02
  10.360  0.3118E+01  0.3272E+02
  10.370  0.3115E+01  0.3275E+02
  10.380  0.3112E+01  0.3278E+02
  10.390  0.3110E+01  0.3281E+02
  10.400  0.3108E+01  0.3284E+02
  10.410  0.3106E+01  0.3287E+02
  10.420  0.3105E+01  0.3290E+02
  10.430  0.3104E+01  0.3294E+02
  10.440  0.3103E+01  0.3297E+02
  10.450  0.3101E+01  0.3300E+02
  10.460  0.3100E+01  0.3303E+02
  10.470  0.3099E+01  0.3306E+02
  10.480  0.3098E+01  0.3309E+02
  10.490  0.3096E+01  0.3312E+02
  10.500  0.3094E+01  0.3315E+02
  10.510  0.3092E+01  0.3318E+02
  10.520  0.3089E+01  0.3321E+02
  10.530  0.3086E+01  0.3325E+02
  10.540  0.3083E+01  0.3328E+02
  10.550  0.3079E+01  0.3331E+02
  10.560  0.3075E+01  0.3334E+02
  10.570  0.3071E+01  0.3337E+02
  10.580  0.3066E+01  0.3340E+02
  10.590  0.3062E+01  0.3343E+02
  10.600  0.3057E+01  0.3346E+02
  10.610  0.3052E+01  0.3349E+02
  10.620  0.3046E+01  0.3352E+02
  10.630  0.3041E+01  0.3355E+02
  10.640  0.3035E+01  0.3358E+02
  10.650  0.3030E+01  0.3361E+02
  10.660  0.3024E+01  0.3364E+02
  10.670  0.3018E+01  0.3367E+02
  10.680  0.3012E+01  0.3370E+02
  10.690  0.3006E+01  0.3373E+02
  10.700  0.3000E+01  0.3376E+02
  10.710  0.2993E+01  0.3379E+02
  10.720  0.2987E+01  0.3382E+02
  10.730  0.2980E+01  0.3385E+02
  10.740  0.2973E+01  0.3388E+02
  10.750  0.2966E+01  0.3391E+02
  10.760  0.2959E+01  0.3394E+02
  10.770  0.2952E+01  0.3397E+02
  10.780  0.2945E+01  0.3400E+02
  10.790  0.2937E+01  0.3403E+02
  10.800  0.2930E+01  0.3406E+02
  10.810  0.2922E+01  0.3409E+02
  10.820  0.2915E+01  0.3412E+02
  10.830  0.2908E+01  0.3415E+02
  10.840  0.2902E+01  0.3418E+02
  10.850  0.2895E+01  0.3420E+02
  10.860  0.2890E+01  0.3423E+02
  10.870  0.2884E+01  0.3426E+02
  10.880  0.2880E+01  0.3429E+02
  10.890  0.2876E+01  0.3432E+02
  10.900  0.2873E+01  0.3435E+02
  10.910  0.2872E+01  0.3438E+02
  10.920  0.2871E+01  0.3441E+02
  10.930  0.2871E+01  0.3443E+02
  10.940  0.2873E+01  0.3446E+02
  10.950  0.2875E+01  0.3449E+02
  10.960  0.2879E+01  0.3452E+02
  10.970  0.2884E+01  0.3455E+02
  10.980  0.2890E+01  0.3458E+02
  10.990  0.2898E+01  0.3461E+02
  11.000  0.2906E+01  0.3464E+02
  11.010  0.2915E+01  0.3467E+02
  11.020  0.2925E+01  0.3470E+02
  11.030  0.2937E+01  0.3472E+02
  11.040  0.2948E+01  0.3475E+02
  11.050  0.2961E+01  0.3478E+02
  11.060  0.2974E+01  0.3481E+02
  11.070  0.2987E+01  0.3484E+02
  11.080  0.3000E+01  0.3487E+02
  11.090  0.3014E+01  0.3490E+02
  11.100  0.3028E+01  0.3493E+02
  11.110  0.3041E+01  0.3496E+02
  11.120  0.3055E+01  0.3499E+02
  11.130  0.3068E+01  0.3503E+02
  11.140  0.3080E+01  0.3506E+02
  11.150  0.3092E+01  0.3509E+02
  11.160  0.3104E+01  0.3512E+02
  11.170  0.3115E+01  0.3515E+02
  11.180  0.3125E+01  0.3518E+02
  11.190  0.3135E+01  0.3521E+02
  11.200  0.3144E+01  0.3524E+02
  11.210  0.3152E+01  0.3527E+02
  11.220  0.3160E+01  0.3531E+02
  11.230  0.3167E+01  0.3534E+02
  11.240  0.3173E+01  0.3537E+02
  11.250  0.3179E+01  0.3540E+02
  11.260  0.3184E+01  0.3543E+02
  11.270  0.3188E+01  0.3547E+02
  11.280  0.3192E+01  0.3550E+02
  11.290  0.3195E+01  0.3553E+02
  11.300  0.3198E+01  0.3556E+02
  11.310  0.3200E+01  0.3559E+02
  11.320  0.3203E+01  0.3563E+02
  11.330  0.3204E+01  0.3566E+02
  11.340  0.3206E+01  0.3569E+02
  11.350  0.3207E+01  0.3572E+02
  11.360  0.3208E+01  0.3575E+02
  11.370  0.3209E+01  0.3579E+02
  11.380  0.3210E+01  0.3582E+02
  11.390  0.3211E+01  0.3585E+02
  11.400  0.3213E+01  0.3588E+02
  11.410  0.3214E+01  0.3591E+02
  11.420  0.3215E+01  0.3595E+02
  11.430  0.3216E+01  0.3598E+02
  11.440  0.3218E+01  0.3601E+02
  11.450  0.3220E+01  0.3604E+02
  11.460  0.3222E+01  0.3608E+02
  11.470  0.3225E+01  0.3611E+02
  11.480  0.3228E+01  0.3614E+02
  11.490  0.3231E+01  0.3617E+02
  11.500  0.3235E+01  0.3620E+02
  11.510  0.3240E+01  0.3624E+02
  11.520  0.3244E+01  0.3627E+02
  11.530  0.3250E+01  0.3630E+02
  11.540  0.3256E+01  0.3633E+02
  11.550  0.3262E+01  0.3637E+02
  11.560  0.3270E+01  0.3640E+02
  11.570  0.3277E+01  0.3643E+02
  11.580  0.3285E+01  0.3647E+02
  11.590  0.3294E+01  0.3650E+02
  11.600  0.3304E+01  0.3653E+02
  11.610  0.3314E+01  0.3656E+02
  11.620  0.3324E+01  0.3660E+02
  11.630  0.3335E+01  0.3663E+02
  11.640  0.3347E+01  0.3666E+02
  11.650  0.3359E+01  0.3670E+02
  11.660  0.3371E+01  0.3673E+02
  11.670  0.3384E+01  0.3677E+02
  11.680  0.3397E+01  0.3680E+02
  11.690  0.3411E+01  0.3683E+02
  11.700  0.3425E+01  0.3687E+02
  11.710  0.3439E+01  0.3690E+02
  11.720  0.3453E+01  0.3694E+02
  11.730  0.3468E+01  0.3697E+02
  11.740  0.3482E+01  0.3701E+02
  11.750  0.3497E+01  0.3704E+02
  11.760  0.3512E+01  0.3708E+02
  11.770  0.3527E+01  0.3711E+02
  11.780  0.3541E+01  0.3715E+02
  11.790  0.3556E+01  0.3718E+02
  11.800  0.3570E+01  0.3722E+02
  11.810  0.3584E+01  0.3725E+02
  11.820  0.3598E+01  0.3729E+02
  11.830  0.3612E+01  0.3733E+02
  11.840  0.3625E+01  0.3736E+02
  11.850  0.3637E+01  0.3740E+02
  11.860  0.3649E+01  0.3744E+02
  11.870  0.3661E+01  0.3747E+02
  11.880  0.3671E+01  0.3751E+02
  11.890  0.3681E+01  0.3755E+02
  11.900  0.3689E+01  0.3758E+02
  11.910  0.3697E+01  0.3762E+02
  11.920  0.3703E+01  0.3766E+02
  11.930  0.3709E+01  0.3769E+02
  11.940  0.3712E+01  0.3773E+02
  11.950  0.3715E+01  0.3777E+02
  11.960  0.3716E+01  0.3780E+02
  11.970  0.3715E+01  0.3784E+02
  11.980  0.3713E+01  0.3788E+02
  11.990  0.3709E+01  0.3792E+02
  12.000  0.3703E+01  0.3795E+02
  12.010  0.3696E+01  0.3799E+02
  12.020  0.3687E+01  0.3803E+02
  12.030  0.3677E+01  0.3806E+02
  12.040  0.3665E+01  0.3810E+02
  12.050  0.3651E+01  0.3814E+02
  12.060  0.3636E+01  0.3817E+02
  12.070  0.3620E+01  0.3821E+02
  12.080  0.3603E+01  0.3825E+02
  12.090  0.3585E+01  0.3828E+02
  12.100  0.3567E+01  0.3832E+02
  12.110  0.3548E+01  0.3835E+02
  12.120  0.3529E+01  0.3839E+02
  12.130  0.3509E+01  0.3842E+02
  12.140  0.3491E+01  0.3846E+02
  12.150  0.3472E+01  0.3849E+02
  12.160  0.3455E+01  0.3853E+02
  12.170  0.3438E+01  0.3856E+02
  12.180  0.3423E+01  0.3860E+02
  12.190  0.3409E+01  0.3863E+02
  12.200  0.3398E+01  0.3866E+02
  12.210  0.3388E+01  0.3870E+02
  12.220  0.3380E+01  0.3873E+02
  12.230  0.3374E+01  0.3877E+02
  12.240  0.3371E+01  0.3880E+02
  12.250  0.3371E+01  0.3883E+02
  12.260  0.3372E+01  0.3887E+02
  12.270  0.3377E+01  0.3890E+02
  12.280  0.3384E+01  0.3893E+02
  12.290  0.3393E+01  0.3897E+02
  12.300  0.3405E+01  0.3900E+02
  12.310  0.3420E+01  0.3904E+02
  12.320  0.3436E+01  0.3907E+02
  12.330  0.3454E+01  0.3911E+02
  12.340  0.3474E+01  0.3914E+02
  12.350  0.3495E+01  0.3917E+02
  12.360  0.3518E+01  0.3921E+02
  12.370  0.3541E+01  0.3925E+02
  12.380  0.3565E+01  0.3928E+02
  12.390  0.3590E+01  0.3932E+02
  12.400  0.3615E+01  0.3935E+02
  12.410  0.3639E+01  0.3939E+02
  12.420  0.3663E+01  0.3943E+02
  12.430  0.3686E+01  0.3946E+02
  12.440  0.3709E+01  0.3950E+02
  12.450  0.3730E+01  0.3954E+02
  12.460  0.3750E+01  0.3957E+02
  12.470  0.3768E+01  0.3961E+02
  12.480  0.3785E+01  0.3965E+02
  12.490  0.3801E+01  0.3969E+02
  12.500  0.3814E+01  0.3973E+02
  12.510  0.3826E+01  0.3976E+02
  12.520  0.3837E+01  0.3980E+02
  12.530  0.3845E+01  0.3984E+02
  12.540  0.3852E+01  0.3988E+02
  12.550  0.3858E+01  0.3992E+02
  12.560  0.3862E+01  0.3996E+02
  12.570  0.3865E+01  0.4000E+02
  12.580  0.3866E+01  0.4003E+02
  12.590  0.3867E+01  0.4007E+02
  12.600  0.3866E+01  0.4011E+02
  12.610  0.3865E+01  0.4015E+02
  12.620  0.3863E+01  0.4019E+02
  12.630  0.3861E+01  0.4023E+02
  12.640  0.3858E+01  0.4027E+02
  12.650  0.3855E+01  0.4031E+02
  12.660  0.3851E+01  0.4034E+02
  12.670  0.3848E+01  0.4038E+02
  12.680  0.3844E+01  0.4042E+02
  12.690  0.3840E+01  0.4046E+02
  12.700  0.3836E+01  0.4050E+02
  12.710  0.3831E+01  0.4054E+02
  12.720  0.3827E+01  0.4057E+02
  12.730  0.3823E+01  0.4061E+02
  12.740  0.3818E+01  0.4065E+02
  12.750  0.3813E+01  0.4069E+02
  12.760  0.3809E+01  0.4073E+02
  12.770  0.3803E+01  0.4076E+02
  12.780  0.3798E+01  0.4080E+02
  12.790  0.3792E+01  0.4084E+02
  12.800  0.3787E+01  0.4088E+02
  12.810  0.3780E+01  0.4092E+02
  12.820  0.3774E+01  0.4095E+02
  12.830  0.3767E+01  0.4099E+02
  12.840  0.3759E+01  0.4103E+02
  12.850  0.3752E+01  0.4107E+02
  12.860  0.3744E+01  0.4110E+02
  12.870  0.3735E+01  0.4114E+02
  12.880  0.3727E+01  0.4118E+02
  12.890  0.3718E+01  0.4122E+02
  12.900  0.3708E+01  0.4125E+02
  12.910  0.3699E+01  0.4129E+02
  12.920  0.3689E+01  0.4133E+02
  12.930  0.3679E+01  0.4136E+02
  12.940  0.3670E+01  0.4140E+02
  12.950  0.3660E+01  0.4144E+02
  12.960  0.3650E+01  0.4147E+02
  12.970  0.3640E+01  0.4151E+02
  12.980  0.3630E+01  0.4155E+02
  12.990  0.3620E+01  0.4158E+02
  13.000  0.3610E+01  0.4162E+02
  13.010  0.3601E+01  0.4165E+02
  13.020  0.3591E+01  0.4169E+02
  13.030  0.3582E+01  0.4173E+02
  13.040  0.3573E+01  0.4176E+02
  13.050  0.3565E+01  0.4180E+02
  13.060  0.3557E+01  0.4183E+02
  13.070  0.3549E+01  0.4187E+02
  13.080  0.3541E+01  0.4190E+02
  13.090  0.3534E+01  0.4194E+02
  13.100  0.3527E+01  0.4197E+02
  13.110  0.3521E+01  0.4201E+02
  13.120  0.3514E+01  0.4204E+02
  13.130  0.3508E+01  0.4208E+02
  13.140  0.3503E+01  0.4211E+02
  13.150  0.3498E+01  0.4215E+02
  13.160  0.3493E+01  0.4218E+02
  13.170  0.3488E+01  0.4222E+02
  13.180  0.3483E+01  0.4225E+02
  13.190  0.3479E+01  0.4229E+02
  13.200  0.3474E+01  0.4232E+02
  13.210  0.3470E+01  0.4236E+02
  13.220  0.3465E+01  0.4239E+02
  13.230  0.3461E+01  0.4243E+02
  13.240  0.3456E+01  0.4246E+02
  13.250  0.3451E+01  0.4250E+02
  13.260  0.3446E+01  0.4253E+02
  13.270  0.3441E+01  0.4257E+02
  13.280  0.3435E+01  0.4260E+02
  13.290  0.3429E+01  0.4263E+02
  13.300  0.3422E+01  0.4267E+02
  13.310  0.3415E+01  0.4270E+02
  13.320  0.3407E+01  0.4274E+02
  13.330  0.3399E+01  0.4277E+02
  13.340  0.3390E+01  0.4280E+02
  13.350  0.3380E+01  0.4284E+02
  13.360  0.3369E+01  0.4287E+02
  13.370  0.3358E+01  0.4291E+02
  13.380  0.3347E+01  0.4294E+02
  13.390  0.3334E+01  0.4297E+02
  13.400  0.3321E+01  0.4301E+02
  13.410  0.3308E+01  0.4304E+02
  13.420  0.3294E+01  0.4307E+02
  13.430  0.3279E+01  0.4310E+02
  13.440  0.3264E+01  0.4314E+02
  13.450  0.3249E+01  0.4317E+02
  13.460  0.3233E+01  0.4320E+02
  13.470  0.3217E+01  0.4323E+02
  13.480  0.3201E+01  0.4327E+02
  13.490  0.3185E+01  0.4330E+02
  13.500  0.3169E+01  0.4333E+02
  13.510  0.3153E+01  0.4336E+02
  13.520  0.3137E+01  0.4339E+02
  13.530  0.3121E+01  0.4342E+02
  13.540  0.3106E+01  0.4346E+02
  13.550  0.3091E+01  0.4349E+02
  13.560  0.3077E+01  0.4352E+02
  13.570  0.3064E+01  0.4355E+02
  13.580  0.3051E+01  0.4358E+02
  13.590  0.3039E+01  0.4361E+02
  13.600  0.3028E+01  0.4364E+02
  13.610  0.3018E+01  0.4367E+02
  13.620  0.3008E+01  0.4370E+02
  13.630  0.3000E+01  0.4373E+02
  13.640  0.2993E+01  0.4376E+02
  13.650  0.2988E+01  0.4379E+02
  13.660  0.2983E+01  0.4382E+02
  13.670  0.2980E+01  0.4385E+02
  13.680  0.2978E+01  0.4388E+02
  13.690  0.2977E+01  0.4391E+02
  13.700  0.2977E+01  0.4394E+02
  13.710  0.2979E+01  0.4397E+02
  13.720  0.2982E+01  0.4400E+02
  13.730  0.2986E+01  0.4403E+02
  13.740  0.2991E+01  0.4406E+02
  13.750  0.2998E+01  0.4409E+02
  13.760  0.3005E+01  0.4412E+02
  13.770  0.3013E+01  0.4415E+02
  13.780  0.3022E+01  0.4418E+02
  13.790  0.3031E+01  0.4421E+02
  13.800  0.3041E+01  0.4424E+02
  13.810  0.3052E+01  0.4427E+02
  13.820  0.3062E+01  0.4430E+02
  13.830  0.3073E+01  0.4433E+02
  13.840  0.3085E+01  0.4436E+02
  13.850  0.3096E+01  0.4439E+02
  13.860  0.3107E+01  0.4442E+02
  13.870  0.3118E+01  0.4445E+02
  13.880  0.3129E+01  0.4449E+02
  13.890  0.3140E+01  0.4452E+02
  13.900  0.3150E+01  0.4455E+02
  13.910  0.3160E+01  0.4458E+02
  13.920  0.3170E+01  0.4461E+02
  13.930  0.3179E+01  0.4464E+02
  13.940  0.3187E+01  0.4468E+02
  13.950  0.3195E+01  0.4471E+02
  13.960  0.3203E+01  0.4474E+02
  13.970  0.3210E+01  0.4477E+02
  13.980  0.3217E+01  0.4480E+02
  13.990  0.3223E+01  0.4484E+02
  14.000  0.3228E+01  0.4487E+02
  14.010  0.3233E+01  0.4490E+02
  14.020  0.3238E+01  0.4493E+02
  14.030  0.3242E+01  0.4497E+02
  14.040  0.3245E+01  0.4500E+02
  14.050  0.3249E+01  0.4503E+02
  14.060  0.3251E+01  0.4506E+02
  14.070  0.3254E+01  0.4510E+02
  14.080  0.3256E+01  0.4513E+02
  14.090  0.3257E+01  0.4516E+02
  14.100  0.3259E+01  0.4519E+02
  14.110  0.3260E+01  0.4523E+02
  14.120  0.3261E+01  0.4526E+02
  14.130  0.3262E+01  0.4529E+02
  14.140  0.3262E+01  0.4532E+02
  14.150  0.3263E+01  0.4536E+02
  14.160  0.3264E+01  0.4539E+02
  14.170  0.3264E+01  0.4542E+02
  14.180  0.3265E+01  0.4545E+02
  14.190  0.3266E+01  0.4549E+02
  14.200  0.3267E+01  0.4552E+02
  14.210  0.3268E+01  0.4555E+02
