#  E (eV)   dos(E)     Int dos(E) EFermi =   -2.747 eV
 -17.747  0.3475E+00  0.3475E-02
 -17.737  0.3480E+00  0.6955E-02
 -17.727  0.3485E+00  0.1044E-01
 -17.717  0.3490E+00  0.1393E-01
 -17.707  0.3495E+00  0.1742E-01
 -17.697  0.3500E+00  0.2092E-01
 -17.687  0.3505E+00  0.2443E-01
 -17.677  0.3510E+00  0.2794E-01
 -17.667  0.3516E+00  0.3146E-01
 -17.657  0.3522E+00  0.3498E-01
 -17.647  0.3527E+00  0.3850E-01
 -17.637  0.3533E+00  0.4204E-01
 -17.627  0.3539E+00  0.4558E-01
 -17.617  0.3546E+00  0.4912E-01
 -17.607  0.3553E+00  0.5268E-01
 -17.597  0.3560E+00  0.5624E-01
 -17.587  0.3567E+00  0.5980E-01
 -17.577  0.3574E+00  0.6338E-01
 -17.567  0.3582E+00  0.6696E-01
 -17.557  0.3590E+00  0.7055E-01
 -17.547  0.3599E+00  0.7415E-01
 -17.537  0.3608E+00  0.7776E-01
 -17.527  0.3617E+00  0.8137E-01
 -17.517  0.3627E+00  0.8500E-01
 -17.507  0.3637E+00  0.8864E-01
 -17.497  0.3648E+00  0.9228E-01
 -17.487  0.3659E+00  0.9594E-01
 -17.477  0.3670E+00  0.9961E-01
 -17.467  0.3682E+00  0.1033E+00
 -17.457  0.3695E+00  0.1070E+00
 -17.447  0.3708E+00  0.1107E+00
 -17.437  0.3722E+00  0.1144E+00
 -17.427  0.3737E+00  0.1182E+00
 -17.417  0.3752E+00  0.1219E+00
 -17.407  0.3768E+00  0.1257E+00
 -17.397  0.3785E+00  0.1295E+00
 -17.387  0.3802E+00  0.1333E+00
 -17.377  0.3821E+00  0.1371E+00
 -17.367  0.3840E+00  0.1409E+00
 -17.357  0.3860E+00  0.1448E+00
 -17.347  0.3881E+00  0.1487E+00
 -17.337  0.3902E+00  0.1526E+00
 -17.327  0.3924E+00  0.1565E+00
 -17.317  0.3947E+00  0.1604E+00
 -17.307  0.3971E+00  0.1644E+00
 -17.297  0.3994E+00  0.1684E+00
 -17.287  0.4018E+00  0.1724E+00
 -17.277  0.4042E+00  0.1765E+00
 -17.267  0.4067E+00  0.1805E+00
 -17.257  0.4090E+00  0.1846E+00
 -17.247  0.4114E+00  0.1887E+00
 -17.237  0.4137E+00  0.1929E+00
 -17.227  0.4159E+00  0.1970E+00
 -17.217  0.4180E+00  0.2012E+00
 -17.207  0.4199E+00  0.2054E+00
 -17.197  0.4218E+00  0.2096E+00
 -17.187  0.4234E+00  0.2139E+00
 -17.177  0.4248E+00  0.2181E+00
 -17.167  0.4260E+00  0.2224E+00
 -17.157  0.4270E+00  0.2266E+00
 -17.147  0.4277E+00  0.2309E+00
 -17.137  0.4281E+00  0.2352E+00
 -17.127  0.4282E+00  0.2395E+00
 -17.117  0.4279E+00  0.2438E+00
 -17.107  0.4274E+00  0.2480E+00
 -17.097  0.4264E+00  0.2523E+00
 -17.087  0.4252E+00  0.2565E+00
 -17.077  0.4235E+00  0.2608E+00
 -17.067  0.4215E+00  0.2650E+00
 -17.057  0.4192E+00  0.2692E+00
 -17.047  0.4165E+00  0.2734E+00
 -17.037  0.4134E+00  0.2775E+00
 -17.027  0.4100E+00  0.2816E+00
 -17.017  0.4063E+00  0.2857E+00
 -17.007  0.4023E+00  0.2897E+00
 -16.997  0.3981E+00  0.2937E+00
 -16.987  0.3935E+00  0.2976E+00
 -16.977  0.3888E+00  0.3015E+00
 -16.967  0.3839E+00  0.3053E+00
 -16.957  0.3788E+00  0.3091E+00
 -16.947  0.3735E+00  0.3128E+00
 -16.937  0.3682E+00  0.3165E+00
 -16.927  0.3627E+00  0.3202E+00
 -16.917  0.3572E+00  0.3237E+00
 -16.907  0.3517E+00  0.3272E+00
 -16.897  0.3462E+00  0.3307E+00
 -16.887  0.3407E+00  0.3341E+00
 -16.877  0.3352E+00  0.3375E+00
 -16.867  0.3298E+00  0.3408E+00
 -16.857  0.3244E+00  0.3440E+00
 -16.847  0.3191E+00  0.3472E+00
 -16.837  0.3139E+00  0.3503E+00
 -16.827  0.3088E+00  0.3534E+00
 -16.817  0.3038E+00  0.3565E+00
 -16.807  0.2989E+00  0.3595E+00
 -16.797  0.2942E+00  0.3624E+00
 -16.787  0.2895E+00  0.3653E+00
 -16.777  0.2850E+00  0.3681E+00
 -16.767  0.2806E+00  0.3709E+00
 -16.757  0.2762E+00  0.3737E+00
 -16.747  0.2721E+00  0.3764E+00
 -16.737  0.2680E+00  0.3791E+00
 -16.727  0.2640E+00  0.3817E+00
 -16.717  0.2601E+00  0.3843E+00
 -16.707  0.2564E+00  0.3869E+00
 -16.697  0.2527E+00  0.3894E+00
 -16.687  0.2492E+00  0.3919E+00
 -16.677  0.2457E+00  0.3944E+00
 -16.667  0.2424E+00  0.3968E+00
 -16.657  0.2391E+00  0.3992E+00
 -16.647  0.2359E+00  0.4016E+00
 -16.637  0.2328E+00  0.4039E+00
 -16.627  0.2297E+00  0.4062E+00
 -16.617  0.2268E+00  0.4085E+00
 -16.607  0.2238E+00  0.4107E+00
 -16.597  0.2210E+00  0.4129E+00
 -16.587  0.2182E+00  0.4151E+00
 -16.577  0.2154E+00  0.4172E+00
 -16.567  0.2127E+00  0.4194E+00
 -16.557  0.2101E+00  0.4215E+00
 -16.547  0.2075E+00  0.4235E+00
 -16.537  0.2049E+00  0.4256E+00
 -16.527  0.2024E+00  0.4276E+00
 -16.517  0.1999E+00  0.4296E+00
 -16.507  0.1975E+00  0.4316E+00
 -16.497  0.1951E+00  0.4335E+00
 -16.487  0.1928E+00  0.4355E+00
 -16.477  0.1905E+00  0.4374E+00
 -16.467  0.1882E+00  0.4393E+00
 -16.457  0.1860E+00  0.4411E+00
 -16.447  0.1839E+00  0.4430E+00
 -16.437  0.1818E+00  0.4448E+00
 -16.427  0.1798E+00  0.4466E+00
 -16.417  0.1779E+00  0.4483E+00
 -16.407  0.1760E+00  0.4501E+00
 -16.397  0.1743E+00  0.4519E+00
 -16.387  0.1726E+00  0.4536E+00
 -16.377  0.1710E+00  0.4553E+00
 -16.367  0.1695E+00  0.4570E+00
 -16.357  0.1681E+00  0.4587E+00
 -16.347  0.1668E+00  0.4603E+00
 -16.337  0.1657E+00  0.4620E+00
 -16.327  0.1648E+00  0.4636E+00
 -16.317  0.1639E+00  0.4653E+00
 -16.307  0.1633E+00  0.4669E+00
 -16.297  0.1629E+00  0.4685E+00
 -16.287  0.1626E+00  0.4702E+00
 -16.277  0.1626E+00  0.4718E+00
 -16.267  0.1628E+00  0.4734E+00
 -16.257  0.1633E+00  0.4751E+00
 -16.247  0.1640E+00  0.4767E+00
 -16.237  0.1650E+00  0.4783E+00
 -16.227  0.1663E+00  0.4800E+00
 -16.217  0.1679E+00  0.4817E+00
 -16.207  0.1697E+00  0.4834E+00
 -16.197  0.1719E+00  0.4851E+00
 -16.187  0.1744E+00  0.4868E+00
 -16.177  0.1772E+00  0.4886E+00
 -16.167  0.1803E+00  0.4904E+00
 -16.157  0.1837E+00  0.4923E+00
 -16.147  0.1873E+00  0.4941E+00
 -16.137  0.1912E+00  0.4960E+00
 -16.127  0.1954E+00  0.4980E+00
 -16.117  0.1998E+00  0.5000E+00
 -16.107  0.2044E+00  0.5020E+00
 -16.097  0.2092E+00  0.5041E+00
 -16.087  0.2141E+00  0.5063E+00
 -16.077  0.2192E+00  0.5085E+00
 -16.067  0.2243E+00  0.5107E+00
 -16.057  0.2296E+00  0.5130E+00
 -16.047  0.2348E+00  0.5153E+00
 -16.037  0.2401E+00  0.5177E+00
 -16.027  0.2454E+00  0.5202E+00
 -16.017  0.2506E+00  0.5227E+00
 -16.007  0.2558E+00  0.5253E+00
 -15.997  0.2608E+00  0.5279E+00
 -15.987  0.2657E+00  0.5305E+00
 -15.977  0.2705E+00  0.5332E+00
 -15.967  0.2750E+00  0.5360E+00
 -15.957  0.2794E+00  0.5388E+00
 -15.947  0.2836E+00  0.5416E+00
 -15.937  0.2876E+00  0.5445E+00
 -15.927  0.2914E+00  0.5474E+00
 -15.917  0.2949E+00  0.5504E+00
 -15.907  0.2982E+00  0.5533E+00
 -15.897  0.3013E+00  0.5564E+00
 -15.887  0.3041E+00  0.5594E+00
 -15.877  0.3068E+00  0.5625E+00
 -15.867  0.3092E+00  0.5656E+00
 -15.857  0.3113E+00  0.5687E+00
 -15.847  0.3133E+00  0.5718E+00
 -15.837  0.3151E+00  0.5750E+00
 -15.827  0.3167E+00  0.5781E+00
 -15.817  0.3182E+00  0.5813E+00
 -15.807  0.3195E+00  0.5845E+00
 -15.797  0.3206E+00  0.5877E+00
 -15.787  0.3217E+00  0.5909E+00
 -15.777  0.3226E+00  0.5941E+00
 -15.767  0.3234E+00  0.5974E+00
 -15.757  0.3241E+00  0.6006E+00
 -15.747  0.3247E+00  0.6039E+00
 -15.737  0.3253E+00  0.6071E+00
 -15.727  0.3258E+00  0.6104E+00
 -15.717  0.3263E+00  0.6136E+00
 -15.707  0.3267E+00  0.6169E+00
 -15.697  0.3271E+00  0.6202E+00
 -15.687  0.3274E+00  0.6235E+00
 -15.677  0.3278E+00  0.6267E+00
 -15.667  0.3281E+00  0.6300E+00
 -15.657  0.3285E+00  0.6333E+00
 -15.647  0.3288E+00  0.6366E+00
 -15.637  0.3292E+00  0.6399E+00
 -15.627  0.3296E+00  0.6432E+00
 -15.617  0.3300E+00  0.6465E+00
 -15.607  0.3305E+00  0.6498E+00
 -15.597  0.3310E+00  0.6531E+00
 -15.587  0.3316E+00  0.6564E+00
 -15.577  0.3322E+00  0.6597E+00
 -15.567  0.3329E+00  0.6631E+00
 -15.557  0.3337E+00  0.6664E+00
 -15.547  0.3346E+00  0.6697E+00
 -15.537  0.3355E+00  0.6731E+00
 -15.527  0.3366E+00  0.6765E+00
 -15.517  0.3378E+00  0.6798E+00
 -15.507  0.3391E+00  0.6832E+00
 -15.497  0.3405E+00  0.6866E+00
 -15.487  0.3421E+00  0.6901E+00
 -15.477  0.3438E+00  0.6935E+00
 -15.467  0.3457E+00  0.6969E+00
 -15.457  0.3477E+00  0.7004E+00
 -15.447  0.3499E+00  0.7039E+00
 -15.437  0.3523E+00  0.7074E+00
 -15.427  0.3548E+00  0.7110E+00
 -15.417  0.3574E+00  0.7146E+00
 -15.407  0.3602E+00  0.7182E+00
 -15.397  0.3632E+00  0.7218E+00
 -15.387  0.3663E+00  0.7255E+00
 -15.377  0.3695E+00  0.7292E+00
 -15.367  0.3729E+00  0.7329E+00
 -15.357  0.3764E+00  0.7367E+00
 -15.347  0.3799E+00  0.7405E+00
 -15.337  0.3836E+00  0.7443E+00
 -15.327  0.3873E+00  0.7482E+00
 -15.317  0.3910E+00  0.7521E+00
 -15.307  0.3947E+00  0.7560E+00
 -15.297  0.3984E+00  0.7600E+00
 -15.287  0.4021E+00  0.7640E+00
 -15.277  0.4057E+00  0.7681E+00
 -15.267  0.4092E+00  0.7722E+00
 -15.257  0.4126E+00  0.7763E+00
 -15.247  0.4158E+00  0.7805E+00
 -15.237  0.4189E+00  0.7846E+00
 -15.227  0.4217E+00  0.7889E+00
 -15.217  0.4244E+00  0.7931E+00
 -15.207  0.4268E+00  0.7974E+00
 -15.197  0.4289E+00  0.8017E+00
 -15.187  0.4308E+00  0.8060E+00
 -15.177  0.4324E+00  0.8103E+00
 -15.167  0.4337E+00  0.8146E+00
 -15.157  0.4347E+00  0.8190E+00
 -15.147  0.4354E+00  0.8233E+00
 -15.137  0.4358E+00  0.8277E+00
 -15.127  0.4360E+00  0.8321E+00
 -15.117  0.4358E+00  0.8364E+00
 -15.107  0.4353E+00  0.8408E+00
 -15.097  0.4346E+00  0.8451E+00
 -15.087  0.4336E+00  0.8494E+00
 -15.077  0.4324E+00  0.8538E+00
 -15.067  0.4310E+00  0.8581E+00
 -15.057  0.4294E+00  0.8624E+00
 -15.047  0.4276E+00  0.8667E+00
 -15.037  0.4257E+00  0.8709E+00
 -15.027  0.4236E+00  0.8751E+00
 -15.017  0.4214E+00  0.8794E+00
 -15.007  0.4191E+00  0.8836E+00
 -14.997  0.4168E+00  0.8877E+00
 -14.987  0.4143E+00  0.8919E+00
 -14.977  0.4119E+00  0.8960E+00
 -14.967  0.4094E+00  0.9001E+00
 -14.957  0.4069E+00  0.9041E+00
 -14.947  0.4044E+00  0.9082E+00
 -14.937  0.4020E+00  0.9122E+00
 -14.927  0.3995E+00  0.9162E+00
 -14.917  0.3971E+00  0.9202E+00
 -14.907  0.3948E+00  0.9241E+00
 -14.897  0.3925E+00  0.9280E+00
 -14.887  0.3902E+00  0.9319E+00
 -14.877  0.3880E+00  0.9358E+00
 -14.867  0.3859E+00  0.9397E+00
 -14.857  0.3838E+00  0.9435E+00
 -14.847  0.3818E+00  0.9473E+00
 -14.837  0.3798E+00  0.9511E+00
 -14.827  0.3779E+00  0.9549E+00
 -14.817  0.3761E+00  0.9587E+00
 -14.807  0.3743E+00  0.9624E+00
 -14.797  0.3726E+00  0.9661E+00
 -14.787  0.3709E+00  0.9699E+00
 -14.777  0.3693E+00  0.9736E+00
 -14.767  0.3677E+00  0.9772E+00
 -14.757  0.3662E+00  0.9809E+00
 -14.747  0.3647E+00  0.9845E+00
 -14.737  0.3633E+00  0.9882E+00
 -14.727  0.3619E+00  0.9918E+00
 -14.717  0.3605E+00  0.9954E+00
 -14.707  0.3591E+00  0.9990E+00
 -14.697  0.3578E+00  0.1003E+01
 -14.687  0.3566E+00  0.1006E+01
 -14.677  0.3553E+00  0.1010E+01
 -14.667  0.3541E+00  0.1013E+01
 -14.657  0.3529E+00  0.1017E+01
 -14.647  0.3517E+00  0.1020E+01
 -14.637  0.3506E+00  0.1024E+01
 -14.627  0.3495E+00  0.1027E+01
 -14.617  0.3484E+00  0.1031E+01
 -14.607  0.3473E+00  0.1034E+01
 -14.597  0.3462E+00  0.1038E+01
 -14.587  0.3452E+00  0.1041E+01
 -14.577  0.3441E+00  0.1045E+01
 -14.567  0.3431E+00  0.1048E+01
 -14.557  0.3421E+00  0.1051E+01
 -14.547  0.3411E+00  0.1055E+01
 -14.537  0.3401E+00  0.1058E+01
 -14.527  0.3391E+00  0.1062E+01
 -14.517  0.3382E+00  0.1065E+01
 -14.507  0.3372E+00  0.1068E+01
 -14.497  0.3363E+00  0.1072E+01
 -14.487  0.3354E+00  0.1075E+01
 -14.477  0.3345E+00  0.1078E+01
 -14.467  0.3336E+00  0.1082E+01
 -14.457  0.3327E+00  0.1085E+01
 -14.447  0.3318E+00  0.1088E+01
 -14.437  0.3309E+00  0.1092E+01
 -14.427  0.3300E+00  0.1095E+01
 -14.417  0.3292E+00  0.1098E+01
 -14.407  0.3283E+00  0.1102E+01
 -14.397  0.3275E+00  0.1105E+01
 -14.387  0.3267E+00  0.1108E+01
 -14.377  0.3258E+00  0.1111E+01
 -14.367  0.3250E+00  0.1115E+01
 -14.357  0.3242E+00  0.1118E+01
 -14.347  0.3234E+00  0.1121E+01
 -14.337  0.3226E+00  0.1124E+01
 -14.327  0.3218E+00  0.1128E+01
 -14.317  0.3210E+00  0.1131E+01
 -14.307  0.3203E+00  0.1134E+01
 -14.297  0.3195E+00  0.1137E+01
 -14.287  0.3187E+00  0.1140E+01
 -14.277  0.3180E+00  0.1144E+01
 -14.267  0.3172E+00  0.1147E+01
 -14.257  0.3165E+00  0.1150E+01
 -14.247  0.3157E+00  0.1153E+01
 -14.237  0.3150E+00  0.1156E+01
 -14.227  0.3142E+00  0.1159E+01
 -14.217  0.3135E+00  0.1162E+01
 -14.207  0.3128E+00  0.1166E+01
 -14.197  0.3121E+00  0.1169E+01
 -14.187  0.3113E+00  0.1172E+01
 -14.177  0.3106E+00  0.1175E+01
 -14.167  0.3099E+00  0.1178E+01
 -14.157  0.3092E+00  0.1181E+01
 -14.147  0.3085E+00  0.1184E+01
 -14.137  0.3078E+00  0.1187E+01
 -14.127  0.3072E+00  0.1190E+01
 -14.117  0.3065E+00  0.1193E+01
 -14.107  0.3058E+00  0.1197E+01
 -14.097  0.3051E+00  0.1200E+01
 -14.087  0.3044E+00  0.1203E+01
 -14.077  0.3038E+00  0.1206E+01
 -14.067  0.3031E+00  0.1209E+01
 -14.057  0.3025E+00  0.1212E+01
 -14.047  0.3018E+00  0.1215E+01
 -14.037  0.3012E+00  0.1218E+01
 -14.027  0.3005E+00  0.1221E+01
 -14.017  0.2999E+00  0.1224E+01
 -14.007  0.2992E+00  0.1227E+01
 -13.997  0.2986E+00  0.1230E+01
 -13.987  0.2979E+00  0.1233E+01
 -13.977  0.2973E+00  0.1236E+01
 -13.967  0.2967E+00  0.1239E+01
 -13.957  0.2961E+00  0.1242E+01
 -13.947  0.2954E+00  0.1245E+01
 -13.937  0.2948E+00  0.1247E+01
 -13.927  0.2942E+00  0.1250E+01
 -13.917  0.2936E+00  0.1253E+01
 -13.907  0.2930E+00  0.1256E+01
 -13.897  0.2924E+00  0.1259E+01
 -13.887  0.2918E+00  0.1262E+01
 -13.877  0.2912E+00  0.1265E+01
 -13.867  0.2906E+00  0.1268E+01
 -13.857  0.2900E+00  0.1271E+01
 -13.847  0.2894E+00  0.1274E+01
 -13.837  0.2888E+00  0.1277E+01
 -13.827  0.2883E+00  0.1280E+01
 -13.817  0.2877E+00  0.1282E+01
 -13.807  0.2872E+00  0.1285E+01
 -13.797  0.2866E+00  0.1288E+01
 -13.787  0.2861E+00  0.1291E+01
 -13.777  0.2856E+00  0.1294E+01
 -13.767  0.2851E+00  0.1297E+01
 -13.757  0.2846E+00  0.1300E+01
 -13.747  0.2841E+00  0.1302E+01
 -13.737  0.2837E+00  0.1305E+01
 -13.727  0.2832E+00  0.1308E+01
 -13.717  0.2828E+00  0.1311E+01
 -13.707  0.2825E+00  0.1314E+01
 -13.697  0.2821E+00  0.1317E+01
 -13.687  0.2818E+00  0.1319E+01
 -13.677  0.2816E+00  0.1322E+01
 -13.667  0.2814E+00  0.1325E+01
 -13.657  0.2813E+00  0.1328E+01
 -13.647  0.2812E+00  0.1331E+01
 -13.637  0.2812E+00  0.1333E+01
 -13.627  0.2812E+00  0.1336E+01
 -13.617  0.2814E+00  0.1339E+01
 -13.607  0.2816E+00  0.1342E+01
 -13.597  0.2819E+00  0.1345E+01
 -13.587  0.2823E+00  0.1347E+01
 -13.577  0.2828E+00  0.1350E+01
 -13.567  0.2834E+00  0.1353E+01
 -13.557  0.2842E+00  0.1356E+01
 -13.547  0.2850E+00  0.1359E+01
 -13.537  0.2860E+00  0.1362E+01
 -13.527  0.2870E+00  0.1365E+01
 -13.517  0.2882E+00  0.1367E+01
 -13.507  0.2896E+00  0.1370E+01
 -13.497  0.2910E+00  0.1373E+01
 -13.487  0.2925E+00  0.1376E+01
 -13.477  0.2942E+00  0.1379E+01
 -13.467  0.2960E+00  0.1382E+01
 -13.457  0.2978E+00  0.1385E+01
 -13.447  0.2998E+00  0.1388E+01
 -13.437  0.3018E+00  0.1391E+01
 -13.427  0.3039E+00  0.1394E+01
 -13.417  0.3061E+00  0.1397E+01
 -13.407  0.3083E+00  0.1400E+01
 -13.397  0.3106E+00  0.1403E+01
 -13.387  0.3129E+00  0.1407E+01
 -13.377  0.3152E+00  0.1410E+01
 -13.367  0.3175E+00  0.1413E+01
 -13.357  0.3198E+00  0.1416E+01
 -13.347  0.3221E+00  0.1419E+01
 -13.337  0.3244E+00  0.1423E+01
 -13.327  0.3266E+00  0.1426E+01
 -13.317  0.3288E+00  0.1429E+01
 -13.307  0.3309E+00  0.1432E+01
 -13.297  0.3329E+00  0.1436E+01
 -13.287  0.3348E+00  0.1439E+01
 -13.277  0.3367E+00  0.1442E+01
 -13.267  0.3385E+00  0.1446E+01
 -13.257  0.3402E+00  0.1449E+01
 -13.247  0.3418E+00  0.1453E+01
 -13.237  0.3433E+00  0.1456E+01
 -13.227  0.3447E+00  0.1459E+01
 -13.217  0.3460E+00  0.1463E+01
 -13.207  0.3472E+00  0.1466E+01
 -13.197  0.3483E+00  0.1470E+01
 -13.187  0.3494E+00  0.1473E+01
 -13.177  0.3504E+00  0.1477E+01
 -13.167  0.3512E+00  0.1480E+01
 -13.157  0.3521E+00  0.1484E+01
 -13.147  0.3528E+00  0.1487E+01
 -13.137  0.3535E+00  0.1491E+01
 -13.127  0.3541E+00  0.1495E+01
 -13.117  0.3547E+00  0.1498E+01
 -13.107  0.3552E+00  0.1502E+01
 -13.097  0.3557E+00  0.1505E+01
 -13.087  0.3561E+00  0.1509E+01
 -13.077  0.3565E+00  0.1512E+01
 -13.067  0.3569E+00  0.1516E+01
 -13.057  0.3572E+00  0.1519E+01
 -13.047  0.3575E+00  0.1523E+01
 -13.037  0.3578E+00  0.1527E+01
 -13.027  0.3581E+00  0.1530E+01
 -13.017  0.3583E+00  0.1534E+01
 -13.007  0.3586E+00  0.1537E+01
 -12.997  0.3588E+00  0.1541E+01
 -12.987  0.3591E+00  0.1545E+01
 -12.977  0.3593E+00  0.1548E+01
 -12.967  0.3595E+00  0.1552E+01
 -12.957  0.3597E+00  0.1555E+01
 -12.947  0.3599E+00  0.1559E+01
 -12.937  0.3601E+00  0.1563E+01
 -12.927  0.3603E+00  0.1566E+01
 -12.917  0.3605E+00  0.1570E+01
 -12.907  0.3607E+00  0.1573E+01
 -12.897  0.3609E+00  0.1577E+01
 -12.887  0.3611E+00  0.1581E+01
 -12.877  0.3613E+00  0.1584E+01
 -12.867  0.3615E+00  0.1588E+01
 -12.857  0.3617E+00  0.1591E+01
 -12.847  0.3619E+00  0.1595E+01
 -12.837  0.3621E+00  0.1599E+01
 -12.827  0.3623E+00  0.1602E+01
 -12.817  0.3625E+00  0.1606E+01
 -12.807  0.3627E+00  0.1610E+01
 -12.797  0.3629E+00  0.1613E+01
 -12.787  0.3631E+00  0.1617E+01
 -12.777  0.3633E+00  0.1620E+01
 -12.767  0.3635E+00  0.1624E+01
 -12.757  0.3637E+00  0.1628E+01
 -12.747  0.3639E+00  0.1631E+01
 -12.737  0.3641E+00  0.1635E+01
 -12.727  0.3643E+00  0.1639E+01
 -12.717  0.3645E+00  0.1642E+01
 -12.707  0.3647E+00  0.1646E+01
 -12.697  0.3649E+00  0.1650E+01
 -12.687  0.3651E+00  0.1653E+01
 -12.677  0.3653E+00  0.1657E+01
 -12.667  0.3656E+00  0.1661E+01
 -12.657  0.3658E+00  0.1664E+01
 -12.647  0.3660E+00  0.1668E+01
 -12.637  0.3662E+00  0.1671E+01
 -12.627  0.3664E+00  0.1675E+01
 -12.617  0.3667E+00  0.1679E+01
 -12.607  0.3669E+00  0.1682E+01
 -12.597  0.3671E+00  0.1686E+01
 -12.587  0.3673E+00  0.1690E+01
 -12.577  0.3675E+00  0.1694E+01
 -12.567  0.3677E+00  0.1697E+01
 -12.557  0.3679E+00  0.1701E+01
 -12.547  0.3681E+00  0.1705E+01
 -12.537  0.3683E+00  0.1708E+01
 -12.527  0.3685E+00  0.1712E+01
 -12.517  0.3688E+00  0.1716E+01
 -12.507  0.3690E+00  0.1719E+01
 -12.497  0.3692E+00  0.1723E+01
 -12.487  0.3694E+00  0.1727E+01
 -12.477  0.3697E+00  0.1730E+01
 -12.467  0.3699E+00  0.1734E+01
 -12.457  0.3702E+00  0.1738E+01
 -12.447  0.3704E+00  0.1741E+01
 -12.437  0.3707E+00  0.1745E+01
 -12.427  0.3709E+00  0.1749E+01
 -12.417  0.3712E+00  0.1753E+01
 -12.407  0.3714E+00  0.1756E+01
 -12.397  0.3717E+00  0.1760E+01
 -12.387  0.3719E+00  0.1764E+01
 -12.377  0.3721E+00  0.1767E+01
 -12.367  0.3724E+00  0.1771E+01
 -12.357  0.3726E+00  0.1775E+01
 -12.347  0.3728E+00  0.1779E+01
 -12.337  0.3731E+00  0.1782E+01
 -12.327  0.3733E+00  0.1786E+01
 -12.317  0.3735E+00  0.1790E+01
 -12.307  0.3738E+00  0.1794E+01
 -12.297  0.3740E+00  0.1797E+01
 -12.287  0.3742E+00  0.1801E+01
 -12.277  0.3745E+00  0.1805E+01
 -12.267  0.3747E+00  0.1809E+01
 -12.257  0.3750E+00  0.1812E+01
 -12.247  0.3752E+00  0.1816E+01
 -12.237  0.3755E+00  0.1820E+01
 -12.227  0.3757E+00  0.1824E+01
 -12.217  0.3760E+00  0.1827E+01
 -12.207  0.3763E+00  0.1831E+01
 -12.197  0.3766E+00  0.1835E+01
 -12.187  0.3769E+00  0.1839E+01
 -12.177  0.3772E+00  0.1842E+01
 -12.167  0.3775E+00  0.1846E+01
 -12.157  0.3777E+00  0.1850E+01
 -12.147  0.3780E+00  0.1854E+01
 -12.137  0.3783E+00  0.1858E+01
 -12.127  0.3786E+00  0.1861E+01
 -12.117  0.3788E+00  0.1865E+01
 -12.107  0.3791E+00  0.1869E+01
 -12.097  0.3794E+00  0.1873E+01
 -12.087  0.3796E+00  0.1876E+01
 -12.077  0.3799E+00  0.1880E+01
 -12.067  0.3801E+00  0.1884E+01
 -12.057  0.3804E+00  0.1888E+01
 -12.047  0.3806E+00  0.1892E+01
 -12.037  0.3809E+00  0.1896E+01
 -12.027  0.3812E+00  0.1899E+01
 -12.017  0.3814E+00  0.1903E+01
 -12.007  0.3817E+00  0.1907E+01
 -11.997  0.3820E+00  0.1911E+01
 -11.987  0.3823E+00  0.1915E+01
 -11.977  0.3826E+00  0.1918E+01
 -11.967  0.3829E+00  0.1922E+01
 -11.957  0.3833E+00  0.1926E+01
 -11.947  0.3836E+00  0.1930E+01
 -11.937  0.3839E+00  0.1934E+01
 -11.927  0.3842E+00  0.1938E+01
 -11.917  0.3846E+00  0.1941E+01
 -11.907  0.3849E+00  0.1945E+01
 -11.897  0.3852E+00  0.1949E+01
 -11.887  0.3855E+00  0.1953E+01
 -11.877  0.3859E+00  0.1957E+01
 -11.867  0.3862E+00  0.1961E+01
 -11.857  0.3865E+00  0.1965E+01
 -11.847  0.3868E+00  0.1968E+01
 -11.837  0.3871E+00  0.1972E+01
 -11.827  0.3873E+00  0.1976E+01
 -11.817  0.3876E+00  0.1980E+01
 -11.807  0.3879E+00  0.1984E+01
 -11.797  0.3882E+00  0.1988E+01
 -11.787  0.3885E+00  0.1992E+01
 -11.777  0.3888E+00  0.1996E+01
 -11.767  0.3891E+00  0.1999E+01
 -11.757  0.3895E+00  0.2003E+01
 -11.747  0.3898E+00  0.2007E+01
 -11.737  0.3901E+00  0.2011E+01
 -11.727  0.3905E+00  0.2015E+01
 -11.717  0.3908E+00  0.2019E+01
 -11.707  0.3912E+00  0.2023E+01
 -11.697  0.3916E+00  0.2027E+01
 -11.687  0.3919E+00  0.2031E+01
 -11.677  0.3923E+00  0.2035E+01
 -11.667  0.3927E+00  0.2039E+01
 -11.657  0.3931E+00  0.2043E+01
 -11.647  0.3934E+00  0.2046E+01
 -11.637  0.3938E+00  0.2050E+01
 -11.627  0.3942E+00  0.2054E+01
 -11.617  0.3945E+00  0.2058E+01
 -11.607  0.3949E+00  0.2062E+01
 -11.597  0.3952E+00  0.2066E+01
 -11.587  0.3956E+00  0.2070E+01
 -11.577  0.3959E+00  0.2074E+01
 -11.567  0.3963E+00  0.2078E+01
 -11.557  0.3966E+00  0.2082E+01
 -11.547  0.3969E+00  0.2086E+01
 -11.537  0.3973E+00  0.2090E+01
 -11.527  0.3976E+00  0.2094E+01
 -11.517  0.3980E+00  0.2098E+01
 -11.507  0.3984E+00  0.2102E+01
 -11.497  0.3987E+00  0.2106E+01
 -11.487  0.3991E+00  0.2110E+01
 -11.477  0.3995E+00  0.2114E+01
 -11.467  0.3999E+00  0.2118E+01
 -11.457  0.4003E+00  0.2122E+01
 -11.447  0.4008E+00  0.2126E+01
 -11.437  0.4012E+00  0.2130E+01
 -11.427  0.4016E+00  0.2134E+01
 -11.417  0.4021E+00  0.2138E+01
 -11.407  0.4025E+00  0.2142E+01
 -11.397  0.4029E+00  0.2146E+01
 -11.387  0.4034E+00  0.2150E+01
 -11.377  0.4038E+00  0.2154E+01
 -11.367  0.4042E+00  0.2158E+01
 -11.357  0.4046E+00  0.2162E+01
 -11.347  0.4051E+00  0.2166E+01
 -11.337  0.4055E+00  0.2170E+01
 -11.327  0.4059E+00  0.2174E+01
 -11.317  0.4063E+00  0.2178E+01
 -11.307  0.4067E+00  0.2182E+01
 -11.297  0.4071E+00  0.2187E+01
 -11.287  0.4075E+00  0.2191E+01
 -11.277  0.4079E+00  0.2195E+01
 -11.267  0.4083E+00  0.2199E+01
 -11.257  0.4088E+00  0.2203E+01
 -11.247  0.4092E+00  0.2207E+01
 -11.237  0.4096E+00  0.2211E+01
 -11.227  0.4101E+00  0.2215E+01
 -11.217  0.4106E+00  0.2219E+01
 -11.207  0.4111E+00  0.2223E+01
 -11.197  0.4116E+00  0.2227E+01
 -11.187  0.4121E+00  0.2232E+01
 -11.177  0.4126E+00  0.2236E+01
 -11.167  0.4131E+00  0.2240E+01
 -11.157  0.4136E+00  0.2244E+01
 -11.147  0.4141E+00  0.2248E+01
 -11.137  0.4146E+00  0.2252E+01
 -11.127  0.4151E+00  0.2256E+01
 -11.117  0.4156E+00  0.2261E+01
 -11.107  0.4161E+00  0.2265E+01
 -11.097  0.4166E+00  0.2269E+01
 -11.087  0.4171E+00  0.2273E+01
 -11.077  0.4176E+00  0.2277E+01
 -11.067  0.4180E+00  0.2281E+01
 -11.057  0.4185E+00  0.2286E+01
 -11.047  0.4190E+00  0.2290E+01
 -11.037  0.4195E+00  0.2294E+01
 -11.027  0.4200E+00  0.2298E+01
 -11.017  0.4205E+00  0.2302E+01
 -11.007  0.4211E+00  0.2307E+01
 -10.997  0.4216E+00  0.2311E+01
 -10.987  0.4221E+00  0.2315E+01
 -10.977  0.4227E+00  0.2319E+01
 -10.967  0.4233E+00  0.2324E+01
 -10.957  0.4238E+00  0.2328E+01
 -10.947  0.4244E+00  0.2332E+01
 -10.937  0.4250E+00  0.2336E+01
 -10.927  0.4256E+00  0.2341E+01
 -10.917  0.4262E+00  0.2345E+01
 -10.907  0.4269E+00  0.2349E+01
 -10.897  0.4275E+00  0.2353E+01
 -10.887  0.4281E+00  0.2358E+01
 -10.877  0.4288E+00  0.2362E+01
 -10.867  0.4294E+00  0.2366E+01
 -10.857  0.4301E+00  0.2370E+01
 -10.847  0.4307E+00  0.2375E+01
 -10.837  0.4314E+00  0.2379E+01
 -10.827  0.4322E+00  0.2383E+01
 -10.817  0.4329E+00  0.2388E+01
 -10.807  0.4337E+00  0.2392E+01
 -10.797  0.4345E+00  0.2396E+01
 -10.787  0.4354E+00  0.2401E+01
 -10.777  0.4363E+00  0.2405E+01
 -10.767  0.4373E+00  0.2410E+01
 -10.757  0.4383E+00  0.2414E+01
 -10.747  0.4395E+00  0.2418E+01
 -10.737  0.4408E+00  0.2423E+01
 -10.727  0.4421E+00  0.2427E+01
 -10.717  0.4436E+00  0.2432E+01
 -10.707  0.4453E+00  0.2436E+01
 -10.697  0.4470E+00  0.2440E+01
 -10.687  0.4490E+00  0.2445E+01
 -10.677  0.4511E+00  0.2449E+01
 -10.667  0.4534E+00  0.2454E+01
 -10.657  0.4559E+00  0.2459E+01
 -10.647  0.4587E+00  0.2463E+01
 -10.637  0.4617E+00  0.2468E+01
 -10.627  0.4649E+00  0.2472E+01
 -10.617  0.4684E+00  0.2477E+01
 -10.607  0.4722E+00  0.2482E+01
 -10.597  0.4762E+00  0.2487E+01
 -10.587  0.4806E+00  0.2491E+01
 -10.577  0.4853E+00  0.2496E+01
 -10.567  0.4903E+00  0.2501E+01
 -10.557  0.4956E+00  0.2506E+01
 -10.547  0.5012E+00  0.2511E+01
 -10.537  0.5071E+00  0.2516E+01
 -10.527  0.5134E+00  0.2521E+01
 -10.517  0.5199E+00  0.2527E+01
 -10.507  0.5267E+00  0.2532E+01
 -10.497  0.5338E+00  0.2537E+01
 -10.487  0.5411E+00  0.2543E+01
 -10.477  0.5486E+00  0.2548E+01
 -10.467  0.5563E+00  0.2554E+01
 -10.457  0.5641E+00  0.2559E+01
 -10.447  0.5721E+00  0.2565E+01
 -10.437  0.5801E+00  0.2571E+01
 -10.427  0.5883E+00  0.2577E+01
 -10.417  0.5964E+00  0.2583E+01
 -10.407  0.6045E+00  0.2589E+01
 -10.397  0.6125E+00  0.2595E+01
 -10.387  0.6204E+00  0.2601E+01
 -10.377  0.6283E+00  0.2607E+01
 -10.367  0.6359E+00  0.2614E+01
 -10.357  0.6434E+00  0.2620E+01
 -10.347  0.6506E+00  0.2627E+01
 -10.337  0.6577E+00  0.2633E+01
 -10.327  0.6644E+00  0.2640E+01
 -10.317  0.6710E+00  0.2646E+01
 -10.307  0.6772E+00  0.2653E+01
 -10.297  0.6831E+00  0.2660E+01
 -10.287  0.6888E+00  0.2667E+01
 -10.277  0.6941E+00  0.2674E+01
 -10.267  0.6992E+00  0.2681E+01
 -10.257  0.7040E+00  0.2688E+01
 -10.247  0.7085E+00  0.2695E+01
 -10.237  0.7127E+00  0.2702E+01
 -10.227  0.7166E+00  0.2709E+01
 -10.217  0.7204E+00  0.2717E+01
 -10.207  0.7238E+00  0.2724E+01
 -10.197  0.7271E+00  0.2731E+01
 -10.187  0.7301E+00  0.2738E+01
 -10.177  0.7330E+00  0.2746E+01
 -10.167  0.7357E+00  0.2753E+01
 -10.157  0.7382E+00  0.2760E+01
 -10.147  0.7406E+00  0.2768E+01
 -10.137  0.7429E+00  0.2775E+01
 -10.127  0.7451E+00  0.2783E+01
 -10.117  0.7471E+00  0.2790E+01
 -10.107  0.7491E+00  0.2798E+01
 -10.097  0.7510E+00  0.2805E+01
 -10.087  0.7528E+00  0.2813E+01
 -10.077  0.7546E+00  0.2820E+01
 -10.067  0.7564E+00  0.2828E+01
 -10.057  0.7581E+00  0.2835E+01
 -10.047  0.7598E+00  0.2843E+01
 -10.037  0.7614E+00  0.2851E+01
 -10.027  0.7631E+00  0.2858E+01
 -10.017  0.7647E+00  0.2866E+01
 -10.007  0.7664E+00  0.2874E+01
  -9.997  0.7681E+00  0.2881E+01
  -9.987  0.7697E+00  0.2889E+01
  -9.977  0.7714E+00  0.2897E+01
  -9.967  0.7731E+00  0.2904E+01
  -9.957  0.7749E+00  0.2912E+01
  -9.947  0.7766E+00  0.2920E+01
  -9.937  0.7784E+00  0.2928E+01
  -9.927  0.7802E+00  0.2935E+01
  -9.917  0.7821E+00  0.2943E+01
  -9.907  0.7839E+00  0.2951E+01
  -9.897  0.7859E+00  0.2959E+01
  -9.887  0.7878E+00  0.2967E+01
  -9.877  0.7898E+00  0.2975E+01
  -9.867  0.7918E+00  0.2983E+01
  -9.857  0.7938E+00  0.2991E+01
  -9.847  0.7959E+00  0.2999E+01
  -9.837  0.7980E+00  0.3007E+01
  -9.827  0.8002E+00  0.3015E+01
  -9.817  0.8024E+00  0.3023E+01
  -9.807  0.8046E+00  0.3031E+01
  -9.797  0.8069E+00  0.3039E+01
  -9.787  0.8092E+00  0.3047E+01
  -9.777  0.8116E+00  0.3055E+01
  -9.767  0.8141E+00  0.3063E+01
  -9.757  0.8166E+00  0.3071E+01
  -9.747  0.8192E+00  0.3079E+01
  -9.737  0.8218E+00  0.3088E+01
  -9.727  0.8246E+00  0.3096E+01
  -9.717  0.8274E+00  0.3104E+01
  -9.707  0.8303E+00  0.3112E+01
  -9.697  0.8333E+00  0.3121E+01
  -9.687  0.8364E+00  0.3129E+01
  -9.677  0.8395E+00  0.3138E+01
  -9.667  0.8428E+00  0.3146E+01
  -9.657  0.8462E+00  0.3154E+01
  -9.647  0.8497E+00  0.3163E+01
  -9.637  0.8534E+00  0.3171E+01
  -9.627  0.8571E+00  0.3180E+01
  -9.617  0.8610E+00  0.3189E+01
  -9.607  0.8650E+00  0.3197E+01
  -9.597  0.8692E+00  0.3206E+01
  -9.587  0.8735E+00  0.3215E+01
  -9.577  0.8780E+00  0.3224E+01
  -9.567  0.8827E+00  0.3232E+01
  -9.557  0.8875E+00  0.3241E+01
  -9.547  0.8925E+00  0.3250E+01
  -9.537  0.8977E+00  0.3259E+01
  -9.527  0.9031E+00  0.3268E+01
  -9.517  0.9087E+00  0.3277E+01
  -9.507  0.9145E+00  0.3286E+01
  -9.497  0.9205E+00  0.3296E+01
  -9.487  0.9267E+00  0.3305E+01
  -9.477  0.9330E+00  0.3314E+01
  -9.467  0.9395E+00  0.3324E+01
  -9.457  0.9462E+00  0.3333E+01
  -9.447  0.9530E+00  0.3343E+01
  -9.437  0.9599E+00  0.3352E+01
  -9.427  0.9670E+00  0.3362E+01
  -9.417  0.9741E+00  0.3372E+01
  -9.407  0.9812E+00  0.3381E+01
  -9.397  0.9883E+00  0.3391E+01
  -9.387  0.9954E+00  0.3401E+01
  -9.377  0.1002E+01  0.3411E+01
  -9.367  0.1009E+01  0.3421E+01
  -9.357  0.1016E+01  0.3431E+01
  -9.347  0.1022E+01  0.3442E+01
  -9.337  0.1028E+01  0.3452E+01
  -9.327  0.1034E+01  0.3462E+01
  -9.317  0.1040E+01  0.3473E+01
  -9.307  0.1045E+01  0.3483E+01
  -9.297  0.1049E+01  0.3494E+01
  -9.287  0.1053E+01  0.3504E+01
  -9.277  0.1057E+01  0.3515E+01
  -9.267  0.1060E+01  0.3525E+01
  -9.257  0.1062E+01  0.3536E+01
  -9.247  0.1063E+01  0.3547E+01
  -9.237  0.1064E+01  0.3557E+01
  -9.227  0.1065E+01  0.3568E+01
  -9.217  0.1064E+01  0.3579E+01
  -9.207  0.1063E+01  0.3589E+01
  -9.197  0.1062E+01  0.3600E+01
  -9.187  0.1059E+01  0.3610E+01
  -9.177  0.1056E+01  0.3621E+01
  -9.167  0.1052E+01  0.3631E+01
  -9.157  0.1048E+01  0.3642E+01
  -9.147  0.1043E+01  0.3652E+01
  -9.137  0.1038E+01  0.3663E+01
  -9.127  0.1032E+01  0.3673E+01
  -9.117  0.1026E+01  0.3683E+01
  -9.107  0.1020E+01  0.3694E+01
  -9.097  0.1013E+01  0.3704E+01
  -9.087  0.1006E+01  0.3714E+01
  -9.077  0.9984E+00  0.3724E+01
  -9.067  0.9909E+00  0.3734E+01
  -9.057  0.9833E+00  0.3743E+01
  -9.047  0.9756E+00  0.3753E+01
  -9.037  0.9679E+00  0.3763E+01
  -9.027  0.9602E+00  0.3773E+01
  -9.017  0.9525E+00  0.3782E+01
  -9.007  0.9450E+00  0.3791E+01
  -8.997  0.9375E+00  0.3801E+01
  -8.987  0.9301E+00  0.3810E+01
  -8.977  0.9229E+00  0.3819E+01
  -8.967  0.9159E+00  0.3829E+01
  -8.957  0.9090E+00  0.3838E+01
  -8.947  0.9023E+00  0.3847E+01
  -8.937  0.8958E+00  0.3856E+01
  -8.927  0.8896E+00  0.3865E+01
  -8.917  0.8835E+00  0.3873E+01
  -8.907  0.8776E+00  0.3882E+01
  -8.897  0.8719E+00  0.3891E+01
  -8.887  0.8664E+00  0.3900E+01
  -8.877  0.8611E+00  0.3908E+01
  -8.867  0.8560E+00  0.3917E+01
  -8.857  0.8510E+00  0.3925E+01
  -8.847  0.8462E+00  0.3934E+01
  -8.837  0.8416E+00  0.3942E+01
  -8.827  0.8371E+00  0.3950E+01
  -8.817  0.8328E+00  0.3959E+01
  -8.807  0.8286E+00  0.3967E+01
  -8.797  0.8245E+00  0.3975E+01
  -8.787  0.8205E+00  0.3984E+01
  -8.777  0.8167E+00  0.3992E+01
  -8.767  0.8130E+00  0.4000E+01
  -8.757  0.8094E+00  0.4008E+01
  -8.747  0.8059E+00  0.4016E+01
  -8.737  0.8024E+00  0.4024E+01
  -8.727  0.7991E+00  0.4032E+01
  -8.717  0.7959E+00  0.4040E+01
  -8.707  0.7927E+00  0.4048E+01
  -8.697  0.7896E+00  0.4056E+01
  -8.687  0.7866E+00  0.4064E+01
  -8.677  0.7837E+00  0.4071E+01
  -8.667  0.7808E+00  0.4079E+01
  -8.657  0.7780E+00  0.4087E+01
  -8.647  0.7753E+00  0.4095E+01
  -8.637  0.7726E+00  0.4103E+01
  -8.627  0.7699E+00  0.4110E+01
  -8.617  0.7673E+00  0.4118E+01
  -8.607  0.7648E+00  0.4126E+01
  -8.597  0.7622E+00  0.4133E+01
  -8.587  0.7598E+00  0.4141E+01
  -8.577  0.7573E+00  0.4148E+01
  -8.567  0.7549E+00  0.4156E+01
  -8.557  0.7526E+00  0.4163E+01
  -8.547  0.7503E+00  0.4171E+01
  -8.537  0.7480E+00  0.4178E+01
  -8.527  0.7457E+00  0.4186E+01
  -8.517  0.7435E+00  0.4193E+01
  -8.507  0.7413E+00  0.4201E+01
  -8.497  0.7392E+00  0.4208E+01
  -8.487  0.7371E+00  0.4215E+01
  -8.477  0.7350E+00  0.4223E+01
  -8.467  0.7330E+00  0.4230E+01
  -8.457  0.7310E+00  0.4237E+01
  -8.447  0.7290E+00  0.4245E+01
  -8.437  0.7271E+00  0.4252E+01
  -8.427  0.7251E+00  0.4259E+01
  -8.417  0.7233E+00  0.4267E+01
  -8.407  0.7214E+00  0.4274E+01
  -8.397  0.7196E+00  0.4281E+01
  -8.387  0.7177E+00  0.4288E+01
  -8.377  0.7159E+00  0.4295E+01
  -8.367  0.7142E+00  0.4302E+01
  -8.357  0.7124E+00  0.4310E+01
  -8.347  0.7107E+00  0.4317E+01
  -8.337  0.7089E+00  0.4324E+01
  -8.327  0.7072E+00  0.4331E+01
  -8.317  0.7055E+00  0.4338E+01
  -8.307  0.7039E+00  0.4345E+01
  -8.297  0.7022E+00  0.4352E+01
  -8.287  0.7006E+00  0.4359E+01
  -8.277  0.6989E+00  0.4366E+01
  -8.267  0.6973E+00  0.4373E+01
  -8.257  0.6958E+00  0.4380E+01
  -8.247  0.6942E+00  0.4387E+01
  -8.237  0.6927E+00  0.4394E+01
  -8.227  0.6911E+00  0.4401E+01
  -8.217  0.6896E+00  0.4408E+01
  -8.207  0.6882E+00  0.4414E+01
  -8.197  0.6867E+00  0.4421E+01
  -8.187  0.6853E+00  0.4428E+01
  -8.177  0.6838E+00  0.4435E+01
  -8.167  0.6824E+00  0.4442E+01
  -8.157  0.6810E+00  0.4449E+01
  -8.147  0.6796E+00  0.4455E+01
  -8.137  0.6783E+00  0.4462E+01
  -8.127  0.6769E+00  0.4469E+01
  -8.117  0.6755E+00  0.4476E+01
  -8.107  0.6742E+00  0.4482E+01
  -8.097  0.6729E+00  0.4489E+01
  -8.087  0.6715E+00  0.4496E+01
  -8.077  0.6702E+00  0.4503E+01
  -8.067  0.6689E+00  0.4509E+01
  -8.057  0.6676E+00  0.4516E+01
  -8.047  0.6663E+00  0.4523E+01
  -8.037  0.6651E+00  0.4529E+01
  -8.027  0.6638E+00  0.4536E+01
  -8.017  0.6626E+00  0.4543E+01
  -8.007  0.6613E+00  0.4549E+01
  -7.997  0.6601E+00  0.4556E+01
  -7.987  0.6589E+00  0.4562E+01
  -7.977  0.6577E+00  0.4569E+01
  -7.967  0.6565E+00  0.4575E+01
  -7.957  0.6554E+00  0.4582E+01
  -7.947  0.6542E+00  0.4589E+01
  -7.937  0.6531E+00  0.4595E+01
  -7.927  0.6520E+00  0.4602E+01
  -7.917  0.6508E+00  0.4608E+01
  -7.907  0.6497E+00  0.4615E+01
  -7.897  0.6486E+00  0.4621E+01
  -7.887  0.6475E+00  0.4628E+01
  -7.877  0.6464E+00  0.4634E+01
  -7.867  0.6453E+00  0.4640E+01
  -7.857  0.6443E+00  0.4647E+01
  -7.847  0.6432E+00  0.4653E+01
  -7.837  0.6421E+00  0.4660E+01
  -7.827  0.6411E+00  0.4666E+01
  -7.817  0.6400E+00  0.4673E+01
  -7.807  0.6390E+00  0.4679E+01
  -7.797  0.6380E+00  0.4685E+01
  -7.787  0.6369E+00  0.4692E+01
  -7.777  0.6359E+00  0.4698E+01
  -7.767  0.6349E+00  0.4704E+01
  -7.757  0.6339E+00  0.4711E+01
  -7.747  0.6330E+00  0.4717E+01
  -7.737  0.6320E+00  0.4723E+01
  -7.727  0.6310E+00  0.4730E+01
  -7.717  0.6301E+00  0.4736E+01
  -7.707  0.6291E+00  0.4742E+01
  -7.697  0.6282E+00  0.4749E+01
  -7.687  0.6272E+00  0.4755E+01
  -7.677  0.6263E+00  0.4761E+01
  -7.667  0.6254E+00  0.4767E+01
  -7.657  0.6245E+00  0.4774E+01
  -7.647  0.6236E+00  0.4780E+01
  -7.637  0.6227E+00  0.4786E+01
  -7.627  0.6218E+00  0.4792E+01
  -7.617  0.6209E+00  0.4799E+01
  -7.607  0.6200E+00  0.4805E+01
  -7.597  0.6192E+00  0.4811E+01
  -7.587  0.6183E+00  0.4817E+01
  -7.577  0.6174E+00  0.4823E+01
  -7.567  0.6166E+00  0.4829E+01
  -7.557  0.6157E+00  0.4836E+01
  -7.547  0.6149E+00  0.4842E+01
  -7.537  0.6140E+00  0.4848E+01
  -7.527  0.6132E+00  0.4854E+01
  -7.517  0.6124E+00  0.4860E+01
  -7.507  0.6116E+00  0.4866E+01
  -7.497  0.6108E+00  0.4872E+01
  -7.487  0.6100E+00  0.4878E+01
  -7.477  0.6092E+00  0.4885E+01
  -7.467  0.6084E+00  0.4891E+01
  -7.457  0.6076E+00  0.4897E+01
  -7.447  0.6068E+00  0.4903E+01
  -7.437  0.6061E+00  0.4909E+01
  -7.427  0.6053E+00  0.4915E+01
  -7.417  0.6046E+00  0.4921E+01
  -7.407  0.6038E+00  0.4927E+01
  -7.397  0.6031E+00  0.4933E+01
  -7.387  0.6023E+00  0.4939E+01
  -7.377  0.6016E+00  0.4945E+01
  -7.367  0.6009E+00  0.4951E+01
  -7.357  0.6001E+00  0.4957E+01
  -7.347  0.5994E+00  0.4963E+01
  -7.337  0.5987E+00  0.4969E+01
  -7.327  0.5980E+00  0.4975E+01
  -7.317  0.5973E+00  0.4981E+01
  -7.307  0.5966E+00  0.4987E+01
  -7.297  0.5959E+00  0.4993E+01
  -7.287  0.5952E+00  0.4999E+01
  -7.277  0.5945E+00  0.5005E+01
  -7.267  0.5938E+00  0.5011E+01
  -7.257  0.5932E+00  0.5017E+01
  -7.247  0.5925E+00  0.5023E+01
  -7.237  0.5918E+00  0.5029E+01
  -7.227  0.5912E+00  0.5034E+01
  -7.217  0.5906E+00  0.5040E+01
  -7.207  0.5899E+00  0.5046E+01
  -7.197  0.5893E+00  0.5052E+01
  -7.187  0.5887E+00  0.5058E+01
  -7.177  0.5880E+00  0.5064E+01
  -7.167  0.5874E+00  0.5070E+01
  -7.157  0.5868E+00  0.5076E+01
  -7.147  0.5862E+00  0.5082E+01
  -7.137  0.5856E+00  0.5087E+01
  -7.127  0.5850E+00  0.5093E+01
  -7.117  0.5844E+00  0.5099E+01
  -7.107  0.5838E+00  0.5105E+01
  -7.097  0.5832E+00  0.5111E+01
  -7.087  0.5826E+00  0.5117E+01
  -7.077  0.5820E+00  0.5122E+01
  -7.067  0.5814E+00  0.5128E+01
  -7.057  0.5809E+00  0.5134E+01
  -7.047  0.5803E+00  0.5140E+01
  -7.037  0.5798E+00  0.5146E+01
  -7.027  0.5792E+00  0.5151E+01
  -7.017  0.5787E+00  0.5157E+01
  -7.007  0.5781E+00  0.5163E+01
  -6.997  0.5776E+00  0.5169E+01
  -6.987  0.5771E+00  0.5175E+01
  -6.977  0.5766E+00  0.5180E+01
  -6.967  0.5760E+00  0.5186E+01
  -6.957  0.5755E+00  0.5192E+01
  -6.947  0.5750E+00  0.5198E+01
  -6.937  0.5745E+00  0.5203E+01
  -6.927  0.5740E+00  0.5209E+01
  -6.917  0.5735E+00  0.5215E+01
  -6.907  0.5730E+00  0.5221E+01
  -6.897  0.5725E+00  0.5226E+01
  -6.887  0.5720E+00  0.5232E+01
  -6.877  0.5716E+00  0.5238E+01
  -6.867  0.5711E+00  0.5243E+01
  -6.857  0.5706E+00  0.5249E+01
  -6.847  0.5702E+00  0.5255E+01
  -6.837  0.5697E+00  0.5260E+01
  -6.827  0.5693E+00  0.5266E+01
  -6.817  0.5688E+00  0.5272E+01
  -6.807  0.5684E+00  0.5278E+01
  -6.797  0.5679E+00  0.5283E+01
  -6.787  0.5675E+00  0.5289E+01
  -6.777  0.5671E+00  0.5295E+01
  -6.767  0.5667E+00  0.5300E+01
  -6.757  0.5663E+00  0.5306E+01
  -6.747  0.5659E+00  0.5312E+01
  -6.737  0.5655E+00  0.5317E+01
  -6.727  0.5651E+00  0.5323E+01
  -6.717  0.5647E+00  0.5329E+01
  -6.707  0.5643E+00  0.5334E+01
  -6.697  0.5639E+00  0.5340E+01
  -6.687  0.5635E+00  0.5345E+01
  -6.677  0.5631E+00  0.5351E+01
  -6.667  0.5628E+00  0.5357E+01
  -6.657  0.5624E+00  0.5362E+01
  -6.647  0.5620E+00  0.5368E+01
  -6.637  0.5617E+00  0.5374E+01
  -6.627  0.5613E+00  0.5379E+01
  -6.617  0.5610E+00  0.5385E+01
  -6.607  0.5607E+00  0.5390E+01
  -6.597  0.5603E+00  0.5396E+01
  -6.587  0.5600E+00  0.5402E+01
  -6.577  0.5597E+00  0.5407E+01
  -6.567  0.5594E+00  0.5413E+01
  -6.557  0.5591E+00  0.5418E+01
  -6.547  0.5588E+00  0.5424E+01
  -6.537  0.5585E+00  0.5430E+01
  -6.527  0.5582E+00  0.5435E+01
  -6.517  0.5580E+00  0.5441E+01
  -6.507  0.5577E+00  0.5446E+01
  -6.497  0.5574E+00  0.5452E+01
  -6.487  0.5572E+00  0.5457E+01
  -6.477  0.5569E+00  0.5463E+01
  -6.467  0.5566E+00  0.5469E+01
  -6.457  0.5564E+00  0.5474E+01
  -6.447  0.5561E+00  0.5480E+01
  -6.437  0.5559E+00  0.5485E+01
  -6.427  0.5556E+00  0.5491E+01
  -6.417  0.5554E+00  0.5496E+01
  -6.407  0.5552E+00  0.5502E+01
  -6.397  0.5550E+00  0.5507E+01
  -6.387  0.5548E+00  0.5513E+01
  -6.377  0.5546E+00  0.5519E+01
  -6.367  0.5544E+00  0.5524E+01
  -6.357  0.5542E+00  0.5530E+01
  -6.347  0.5541E+00  0.5535E+01
  -6.337  0.5539E+00  0.5541E+01
  -6.327  0.5538E+00  0.5546E+01
  -6.317  0.5536E+00  0.5552E+01
  -6.307  0.5535E+00  0.5557E+01
  -6.297  0.5533E+00  0.5563E+01
  -6.287  0.5532E+00  0.5568E+01
  -6.277  0.5530E+00  0.5574E+01
  -6.267  0.5529E+00  0.5579E+01
  -6.257  0.5527E+00  0.5585E+01
  -6.247  0.5526E+00  0.5591E+01
  -6.237  0.5525E+00  0.5596E+01
  -6.227  0.5523E+00  0.5602E+01
  -6.217  0.5521E+00  0.5607E+01
  -6.207  0.5520E+00  0.5613E+01
  -6.197  0.5518E+00  0.5618E+01
  -6.187  0.5516E+00  0.5624E+01
  -6.177  0.5514E+00  0.5629E+01
  -6.167  0.5512E+00  0.5635E+01
  -6.157  0.5509E+00  0.5640E+01
  -6.147  0.5506E+00  0.5646E+01
  -6.137  0.5503E+00  0.5651E+01
  -6.127  0.5499E+00  0.5657E+01
  -6.117  0.5494E+00  0.5662E+01
  -6.107  0.5489E+00  0.5668E+01
  -6.097  0.5483E+00  0.5673E+01
  -6.087  0.5477E+00  0.5679E+01
  -6.077  0.5469E+00  0.5684E+01
  -6.067  0.5460E+00  0.5690E+01
  -6.057  0.5449E+00  0.5695E+01
  -6.047  0.5437E+00  0.5700E+01
  -6.037  0.5424E+00  0.5706E+01
  -6.027  0.5409E+00  0.5711E+01
  -6.017  0.5392E+00  0.5717E+01
  -6.007  0.5374E+00  0.5722E+01
  -5.997  0.5353E+00  0.5727E+01
  -5.987  0.5330E+00  0.5733E+01
  -5.977  0.5306E+00  0.5738E+01
  -5.967  0.5279E+00  0.5743E+01
  -5.957  0.5249E+00  0.5749E+01
  -5.947  0.5218E+00  0.5754E+01
  -5.937  0.5184E+00  0.5759E+01
  -5.927  0.5148E+00  0.5764E+01
  -5.917  0.5110E+00  0.5769E+01
  -5.907  0.5069E+00  0.5774E+01
  -5.897  0.5027E+00  0.5779E+01
  -5.887  0.4983E+00  0.5784E+01
  -5.877  0.4937E+00  0.5789E+01
  -5.867  0.4889E+00  0.5794E+01
  -5.857  0.4840E+00  0.5799E+01
  -5.847  0.4790E+00  0.5804E+01
  -5.837  0.4739E+00  0.5808E+01
  -5.827  0.4687E+00  0.5813E+01
  -5.817  0.4635E+00  0.5818E+01
  -5.807  0.4583E+00  0.5822E+01
  -5.797  0.4532E+00  0.5827E+01
  -5.787  0.4480E+00  0.5831E+01
  -5.777  0.4430E+00  0.5836E+01
  -5.767  0.4381E+00  0.5840E+01
  -5.757  0.4334E+00  0.5845E+01
  -5.747  0.4288E+00  0.5849E+01
  -5.737  0.4244E+00  0.5853E+01
  -5.727  0.4203E+00  0.5857E+01
  -5.717  0.4163E+00  0.5861E+01
  -5.707  0.4127E+00  0.5866E+01
  -5.697  0.4094E+00  0.5870E+01
  -5.687  0.4063E+00  0.5874E+01
  -5.677  0.4035E+00  0.5878E+01
  -5.667  0.4010E+00  0.5882E+01
  -5.657  0.3989E+00  0.5886E+01
  -5.647  0.3970E+00  0.5890E+01
  -5.637  0.3955E+00  0.5894E+01
  -5.627  0.3942E+00  0.5898E+01
  -5.617  0.3933E+00  0.5902E+01
  -5.607  0.3926E+00  0.5905E+01
  -5.597  0.3922E+00  0.5909E+01
  -5.587  0.3921E+00  0.5913E+01
  -5.577  0.3922E+00  0.5917E+01
  -5.567  0.3926E+00  0.5921E+01
  -5.557  0.3933E+00  0.5925E+01
  -5.547  0.3942E+00  0.5929E+01
  -5.537  0.3953E+00  0.5933E+01
  -5.527  0.3966E+00  0.5937E+01
  -5.517  0.3982E+00  0.5941E+01
  -5.507  0.4000E+00  0.5945E+01
  -5.497  0.4020E+00  0.5949E+01
  -5.487  0.4042E+00  0.5953E+01
  -5.477  0.4066E+00  0.5957E+01
  -5.467  0.4092E+00  0.5961E+01
  -5.457  0.4120E+00  0.5965E+01
  -5.447  0.4150E+00  0.5969E+01
  -5.437  0.4181E+00  0.5974E+01
  -5.427  0.4214E+00  0.5978E+01
  -5.417  0.4249E+00  0.5982E+01
  -5.407  0.4285E+00  0.5986E+01
  -5.397  0.4323E+00  0.5991E+01
  -5.387  0.4363E+00  0.5995E+01
  -5.377  0.4403E+00  0.5999E+01
  -5.367  0.4445E+00  0.6004E+01
  -5.357  0.4488E+00  0.6008E+01
  -5.347  0.4531E+00  0.6013E+01
  -5.337  0.4575E+00  0.6017E+01
  -5.327  0.4620E+00  0.6022E+01
  -5.317  0.4665E+00  0.6027E+01
  -5.307  0.4710E+00  0.6031E+01
  -5.297  0.4755E+00  0.6036E+01
  -5.287  0.4799E+00  0.6041E+01
  -5.277  0.4843E+00  0.6046E+01
  -5.267  0.4885E+00  0.6051E+01
  -5.257  0.4926E+00  0.6056E+01
  -5.247  0.4965E+00  0.6061E+01
  -5.237  0.5001E+00  0.6066E+01
  -5.227  0.5035E+00  0.6071E+01
  -5.217  0.5066E+00  0.6076E+01
  -5.207  0.5094E+00  0.6081E+01
  -5.197  0.5117E+00  0.6086E+01
  -5.187  0.5137E+00  0.6091E+01
  -5.177  0.5153E+00  0.6096E+01
  -5.167  0.5163E+00  0.6101E+01
  -5.157  0.5169E+00  0.6107E+01
  -5.147  0.5170E+00  0.6112E+01
  -5.137  0.5166E+00  0.6117E+01
  -5.127  0.5157E+00  0.6122E+01
  -5.117  0.5143E+00  0.6127E+01
  -5.107  0.5123E+00  0.6132E+01
  -5.097  0.5098E+00  0.6137E+01
  -5.087  0.5069E+00  0.6143E+01
  -5.077  0.5035E+00  0.6148E+01
  -5.067  0.4996E+00  0.6153E+01
  -5.057  0.4953E+00  0.6158E+01
  -5.047  0.4907E+00  0.6162E+01
  -5.037  0.4857E+00  0.6167E+01
  -5.027  0.4803E+00  0.6172E+01
  -5.017  0.4747E+00  0.6177E+01
  -5.007  0.4689E+00  0.6182E+01
  -4.997  0.4629E+00  0.6186E+01
  -4.987  0.4566E+00  0.6191E+01
  -4.977  0.4503E+00  0.6195E+01
  -4.967  0.4439E+00  0.6200E+01
  -4.957  0.4374E+00  0.6204E+01
  -4.947  0.4308E+00  0.6208E+01
  -4.937  0.4243E+00  0.6213E+01
  -4.927  0.4178E+00  0.6217E+01
  -4.917  0.4113E+00  0.6221E+01
  -4.907  0.4049E+00  0.6225E+01
  -4.897  0.3985E+00  0.6229E+01
  -4.887  0.3923E+00  0.6233E+01
  -4.877  0.3862E+00  0.6237E+01
  -4.867  0.3802E+00  0.6240E+01
  -4.857  0.3744E+00  0.6244E+01
  -4.847  0.3687E+00  0.6248E+01
  -4.837  0.3632E+00  0.6252E+01
  -4.827  0.3579E+00  0.6255E+01
  -4.817  0.3527E+00  0.6259E+01
  -4.807  0.3476E+00  0.6262E+01
  -4.797  0.3427E+00  0.6266E+01
  -4.787  0.3380E+00  0.6269E+01
  -4.777  0.3334E+00  0.6272E+01
  -4.767  0.3290E+00  0.6276E+01
  -4.757  0.3247E+00  0.6279E+01
  -4.747  0.3206E+00  0.6282E+01
  -4.737  0.3165E+00  0.6285E+01
  -4.727  0.3126E+00  0.6288E+01
  -4.717  0.3088E+00  0.6291E+01
  -4.707  0.3051E+00  0.6294E+01
  -4.697  0.3015E+00  0.6297E+01
  -4.687  0.2980E+00  0.6300E+01
  -4.677  0.2945E+00  0.6303E+01
  -4.667  0.2912E+00  0.6306E+01
  -4.657  0.2879E+00  0.6309E+01
  -4.647  0.2847E+00  0.6312E+01
  -4.637  0.2816E+00  0.6315E+01
  -4.627  0.2785E+00  0.6318E+01
  -4.617  0.2755E+00  0.6320E+01
  -4.607  0.2725E+00  0.6323E+01
  -4.597  0.2696E+00  0.6326E+01
  -4.587  0.2668E+00  0.6328E+01
  -4.577  0.2641E+00  0.6331E+01
  -4.567  0.2613E+00  0.6334E+01
  -4.557  0.2587E+00  0.6336E+01
  -4.547  0.2561E+00  0.6339E+01
  -4.537  0.2535E+00  0.6341E+01
  -4.527  0.2510E+00  0.6344E+01
  -4.517  0.2485E+00  0.6346E+01
  -4.507  0.2461E+00  0.6349E+01
  -4.497  0.2437E+00  0.6351E+01
  -4.487  0.2413E+00  0.6354E+01
  -4.477  0.2390E+00  0.6356E+01
  -4.467  0.2366E+00  0.6358E+01
  -4.457  0.2343E+00  0.6361E+01
  -4.447  0.2321E+00  0.6363E+01
  -4.437  0.2298E+00  0.6365E+01
  -4.427  0.2276E+00  0.6368E+01
  -4.417  0.2254E+00  0.6370E+01
  -4.407  0.2233E+00  0.6372E+01
  -4.397  0.2211E+00  0.6374E+01
  -4.387  0.2190E+00  0.6377E+01
  -4.377  0.2169E+00  0.6379E+01
  -4.367  0.2148E+00  0.6381E+01
  -4.357  0.2128E+00  0.6383E+01
  -4.347  0.2108E+00  0.6385E+01
  -4.337  0.2088E+00  0.6387E+01
  -4.327  0.2068E+00  0.6389E+01
  -4.317  0.2049E+00  0.6391E+01
  -4.307  0.2030E+00  0.6393E+01
  -4.297  0.2011E+00  0.6395E+01
  -4.287  0.1992E+00  0.6397E+01
  -4.277  0.1974E+00  0.6399E+01
  -4.267  0.1955E+00  0.6401E+01
  -4.257  0.1937E+00  0.6403E+01
  -4.247  0.1919E+00  0.6405E+01
  -4.237  0.1901E+00  0.6407E+01
  -4.227  0.1883E+00  0.6409E+01
  -4.217  0.1865E+00  0.6411E+01
  -4.207  0.1848E+00  0.6413E+01
  -4.197  0.1830E+00  0.6414E+01
  -4.187  0.1813E+00  0.6416E+01
  -4.177  0.1795E+00  0.6418E+01
  -4.167  0.1778E+00  0.6420E+01
  -4.157  0.1761E+00  0.6422E+01
  -4.147  0.1744E+00  0.6423E+01
  -4.137  0.1728E+00  0.6425E+01
  -4.127  0.1711E+00  0.6427E+01
  -4.117  0.1695E+00  0.6429E+01
  -4.107  0.1679E+00  0.6430E+01
  -4.097  0.1662E+00  0.6432E+01
  -4.087  0.1647E+00  0.6434E+01
  -4.077  0.1631E+00  0.6435E+01
  -4.067  0.1615E+00  0.6437E+01
  -4.057  0.1600E+00  0.6438E+01
  -4.047  0.1584E+00  0.6440E+01
  -4.037  0.1569E+00  0.6442E+01
  -4.027  0.1553E+00  0.6443E+01
  -4.017  0.1538E+00  0.6445E+01
  -4.007  0.1523E+00  0.6446E+01
  -3.997  0.1508E+00  0.6448E+01
  -3.987  0.1493E+00  0.6449E+01
  -3.977  0.1478E+00  0.6451E+01
  -3.967  0.1463E+00  0.6452E+01
  -3.957  0.1448E+00  0.6454E+01
  -3.947  0.1434E+00  0.6455E+01
  -3.937  0.1419E+00  0.6456E+01
  -3.927  0.1405E+00  0.6458E+01
  -3.917  0.1390E+00  0.6459E+01
  -3.907  0.1376E+00  0.6461E+01
  -3.897  0.1362E+00  0.6462E+01
  -3.887  0.1347E+00  0.6463E+01
  -3.877  0.1333E+00  0.6465E+01
  -3.867  0.1319E+00  0.6466E+01
  -3.857  0.1306E+00  0.6467E+01
  -3.847  0.1292E+00  0.6468E+01
  -3.837  0.1278E+00  0.6470E+01
  -3.827  0.1265E+00  0.6471E+01
  -3.817  0.1251E+00  0.6472E+01
  -3.807  0.1237E+00  0.6474E+01
  -3.797  0.1224E+00  0.6475E+01
  -3.787  0.1211E+00  0.6476E+01
  -3.777  0.1197E+00  0.6477E+01
  -3.767  0.1184E+00  0.6478E+01
  -3.757  0.1171E+00  0.6480E+01
  -3.747  0.1157E+00  0.6481E+01
  -3.737  0.1144E+00  0.6482E+01
  -3.727  0.1131E+00  0.6483E+01
  -3.717  0.1118E+00  0.6484E+01
  -3.707  0.1105E+00  0.6485E+01
  -3.697  0.1092E+00  0.6486E+01
  -3.687  0.1079E+00  0.6487E+01
  -3.677  0.1066E+00  0.6488E+01
  -3.667  0.1054E+00  0.6489E+01
  -3.657  0.1041E+00  0.6491E+01
  -3.647  0.1028E+00  0.6492E+01
  -3.637  0.1016E+00  0.6493E+01
  -3.627  0.1003E+00  0.6494E+01
  -3.617  0.9909E-01  0.6495E+01
  -3.607  0.9784E-01  0.6496E+01
  -3.597  0.9661E-01  0.6496E+01
  -3.587  0.9537E-01  0.6497E+01
  -3.577  0.9415E-01  0.6498E+01
  -3.567  0.9292E-01  0.6499E+01
  -3.557  0.9170E-01  0.6500E+01
  -3.547  0.9048E-01  0.6501E+01
  -3.537  0.8926E-01  0.6502E+01
  -3.527  0.8804E-01  0.6503E+01
  -3.517  0.8683E-01  0.6504E+01
  -3.507  0.8563E-01  0.6505E+01
  -3.497  0.8442E-01  0.6505E+01
  -3.487  0.8322E-01  0.6506E+01
  -3.477  0.8202E-01  0.6507E+01
  -3.467  0.8083E-01  0.6508E+01
  -3.457  0.7964E-01  0.6509E+01
  -3.447  0.7846E-01  0.6510E+01
  -3.437  0.7728E-01  0.6510E+01
  -3.427  0.7610E-01  0.6511E+01
  -3.417  0.7493E-01  0.6512E+01
  -3.407  0.7376E-01  0.6513E+01
  -3.397  0.7259E-01  0.6513E+01
  -3.387  0.7143E-01  0.6514E+01
  -3.377  0.7027E-01  0.6515E+01
  -3.367  0.6911E-01  0.6515E+01
  -3.357  0.6796E-01  0.6516E+01
  -3.347  0.6681E-01  0.6517E+01
  -3.337  0.6565E-01  0.6517E+01
  -3.327  0.6450E-01  0.6518E+01
  -3.317  0.6336E-01  0.6519E+01
  -3.307  0.6221E-01  0.6519E+01
  -3.297  0.6107E-01  0.6520E+01
  -3.287  0.5992E-01  0.6520E+01
  -3.277  0.5878E-01  0.6521E+01
  -3.267  0.5765E-01  0.6522E+01
  -3.257  0.5651E-01  0.6522E+01
  -3.247  0.5538E-01  0.6523E+01
  -3.237  0.5425E-01  0.6523E+01
  -3.227  0.5312E-01  0.6524E+01
  -3.217  0.5199E-01  0.6524E+01
  -3.207  0.5087E-01  0.6525E+01
  -3.197  0.4975E-01  0.6525E+01
  -3.187  0.4863E-01  0.6526E+01
  -3.177  0.4751E-01  0.6526E+01
  -3.167  0.4640E-01  0.6527E+01
  -3.157  0.4529E-01  0.6527E+01
  -3.147  0.4418E-01  0.6528E+01
  -3.137  0.4307E-01  0.6528E+01
  -3.127  0.4196E-01  0.6529E+01
  -3.117  0.4086E-01  0.6529E+01
  -3.107  0.3976E-01  0.6529E+01
  -3.097  0.3866E-01  0.6530E+01
  -3.087  0.3757E-01  0.6530E+01
  -3.077  0.3648E-01  0.6530E+01
  -3.067  0.3539E-01  0.6531E+01
  -3.057  0.3432E-01  0.6531E+01
  -3.047  0.3324E-01  0.6532E+01
  -3.037  0.3218E-01  0.6532E+01
  -3.027  0.3112E-01  0.6532E+01
  -3.017  0.3008E-01  0.6532E+01
  -3.007  0.2904E-01  0.6533E+01
  -2.997  0.2802E-01  0.6533E+01
  -2.987  0.2701E-01  0.6533E+01
  -2.977  0.2601E-01  0.6534E+01
  -2.967  0.2503E-01  0.6534E+01
  -2.957  0.2408E-01  0.6534E+01
  -2.947  0.2314E-01  0.6534E+01
  -2.937  0.2222E-01  0.6534E+01
  -2.927  0.2133E-01  0.6535E+01
  -2.917  0.2047E-01  0.6535E+01
  -2.907  0.1964E-01  0.6535E+01
  -2.897  0.1884E-01  0.6535E+01
  -2.887  0.1808E-01  0.6535E+01
  -2.877  0.1736E-01  0.6536E+01
  -2.867  0.1668E-01  0.6536E+01
  -2.857  0.1604E-01  0.6536E+01
  -2.847  0.1544E-01  0.6536E+01
  -2.837  0.1490E-01  0.6536E+01
  -2.827  0.1441E-01  0.6536E+01
  -2.817  0.1397E-01  0.6537E+01
  -2.807  0.1359E-01  0.6537E+01
  -2.797  0.1326E-01  0.6537E+01
  -2.787  0.1300E-01  0.6537E+01
  -2.777  0.1279E-01  0.6537E+01
  -2.767  0.1265E-01  0.6537E+01
  -2.757  0.1256E-01  0.6537E+01
  -2.747  0.1254E-01  0.6537E+01
  -2.737  0.1259E-01  0.6538E+01
  -2.727  0.1270E-01  0.6538E+01
  -2.717  0.1287E-01  0.6538E+01
  -2.707  0.1310E-01  0.6538E+01
  -2.697  0.1339E-01  0.6538E+01
  -2.687  0.1375E-01  0.6538E+01
  -2.677  0.1416E-01  0.6538E+01
  -2.667  0.1463E-01  0.6539E+01
  -2.657  0.1515E-01  0.6539E+01
  -2.647  0.1573E-01  0.6539E+01
  -2.637  0.1636E-01  0.6539E+01
  -2.627  0.1703E-01  0.6539E+01
  -2.617  0.1775E-01  0.6539E+01
  -2.607  0.1852E-01  0.6540E+01
  -2.597  0.1932E-01  0.6540E+01
  -2.587  0.2016E-01  0.6540E+01
  -2.577  0.2104E-01  0.6540E+01
  -2.567  0.2195E-01  0.6540E+01
  -2.557  0.2289E-01  0.6541E+01
  -2.547  0.2386E-01  0.6541E+01
  -2.537  0.2486E-01  0.6541E+01
  -2.527  0.2587E-01  0.6541E+01
  -2.517  0.2692E-01  0.6542E+01
  -2.507  0.2798E-01  0.6542E+01
  -2.497  0.2906E-01  0.6542E+01
  -2.487  0.3015E-01  0.6542E+01
  -2.477  0.3126E-01  0.6543E+01
  -2.467  0.3239E-01  0.6543E+01
  -2.457  0.3352E-01  0.6543E+01
  -2.447  0.3467E-01  0.6544E+01
  -2.437  0.3583E-01  0.6544E+01
  -2.427  0.3701E-01  0.6545E+01
  -2.417  0.3818E-01  0.6545E+01
  -2.407  0.3937E-01  0.6545E+01
  -2.397  0.4057E-01  0.6546E+01
  -2.387  0.4177E-01  0.6546E+01
  -2.377  0.4298E-01  0.6547E+01
  -2.367  0.4420E-01  0.6547E+01
  -2.357  0.4542E-01  0.6547E+01
  -2.347  0.4666E-01  0.6548E+01
  -2.337  0.4789E-01  0.6548E+01
  -2.327  0.4914E-01  0.6549E+01
  -2.317  0.5039E-01  0.6549E+01
  -2.307  0.5164E-01  0.6550E+01
  -2.297  0.5291E-01  0.6550E+01
  -2.287  0.5418E-01  0.6551E+01
  -2.277  0.5545E-01  0.6552E+01
  -2.267  0.5674E-01  0.6552E+01
  -2.257  0.5803E-01  0.6553E+01
  -2.247  0.5933E-01  0.6553E+01
  -2.237  0.6064E-01  0.6554E+01
  -2.227  0.6195E-01  0.6554E+01
  -2.217  0.6327E-01  0.6555E+01
  -2.207  0.6460E-01  0.6556E+01
  -2.197  0.6594E-01  0.6556E+01
  -2.187  0.6729E-01  0.6557E+01
  -2.177  0.6864E-01  0.6558E+01
  -2.167  0.7000E-01  0.6558E+01
  -2.157  0.7137E-01  0.6559E+01
  -2.147  0.7275E-01  0.6560E+01
  -2.137  0.7414E-01  0.6561E+01
  -2.127  0.7554E-01  0.6561E+01
  -2.117  0.7694E-01  0.6562E+01
  -2.107  0.7836E-01  0.6563E+01
  -2.097  0.7979E-01  0.6564E+01
  -2.087  0.8123E-01  0.6565E+01
  -2.077  0.8268E-01  0.6565E+01
  -2.067  0.8414E-01  0.6566E+01
  -2.057  0.8561E-01  0.6567E+01
  -2.047  0.8710E-01  0.6568E+01
  -2.037  0.8860E-01  0.6569E+01
  -2.027  0.9012E-01  0.6570E+01
  -2.017  0.9164E-01  0.6571E+01
  -2.007  0.9318E-01  0.6572E+01
  -1.997  0.9474E-01  0.6573E+01
  -1.987  0.9631E-01  0.6574E+01
  -1.977  0.9789E-01  0.6575E+01
  -1.967  0.9949E-01  0.6576E+01
  -1.957  0.1011E+00  0.6577E+01
  -1.947  0.1027E+00  0.6578E+01
  -1.937  0.1044E+00  0.6579E+01
  -1.927  0.1060E+00  0.6580E+01
  -1.917  0.1077E+00  0.6581E+01
  -1.907  0.1094E+00  0.6582E+01
  -1.897  0.1111E+00  0.6583E+01
  -1.887  0.1129E+00  0.6584E+01
  -1.877  0.1146E+00  0.6585E+01
  -1.867  0.1164E+00  0.6586E+01
  -1.857  0.1182E+00  0.6588E+01
  -1.847  0.1200E+00  0.6589E+01
  -1.837  0.1219E+00  0.6590E+01
  -1.827  0.1237E+00  0.6591E+01
  -1.817  0.1256E+00  0.6592E+01
  -1.807  0.1275E+00  0.6594E+01
  -1.797  0.1295E+00  0.6595E+01
  -1.787  0.1315E+00  0.6596E+01
  -1.777  0.1335E+00  0.6598E+01
  -1.767  0.1355E+00  0.6599E+01
  -1.757  0.1376E+00  0.6600E+01
  -1.747  0.1397E+00  0.6602E+01
  -1.737  0.1418E+00  0.6603E+01
  -1.727  0.1440E+00  0.6605E+01
  -1.717  0.1462E+00  0.6606E+01
  -1.707  0.1484E+00  0.6608E+01
  -1.697  0.1507E+00  0.6609E+01
  -1.687  0.1530E+00  0.6611E+01
  -1.677  0.1554E+00  0.6612E+01
  -1.667  0.1578E+00  0.6614E+01
  -1.657  0.1603E+00  0.6615E+01
  -1.647  0.1628E+00  0.6617E+01
  -1.637  0.1653E+00  0.6619E+01
  -1.627  0.1680E+00  0.6620E+01
  -1.617  0.1707E+00  0.6622E+01
  -1.607  0.1734E+00  0.6624E+01
  -1.597  0.1762E+00  0.6626E+01
  -1.587  0.1791E+00  0.6627E+01
  -1.577  0.1821E+00  0.6629E+01
  -1.567  0.1852E+00  0.6631E+01
  -1.557  0.1883E+00  0.6633E+01
  -1.547  0.1916E+00  0.6635E+01
  -1.537  0.1949E+00  0.6637E+01
  -1.527  0.1984E+00  0.6639E+01
  -1.517  0.2019E+00  0.6641E+01
  -1.507  0.2056E+00  0.6643E+01
  -1.497  0.2094E+00  0.6645E+01
  -1.487  0.2133E+00  0.6647E+01
  -1.477  0.2174E+00  0.6649E+01
  -1.467  0.2217E+00  0.6651E+01
  -1.457  0.2261E+00  0.6654E+01
  -1.447  0.2308E+00  0.6656E+01
  -1.437  0.2356E+00  0.6658E+01
  -1.427  0.2406E+00  0.6661E+01
  -1.417  0.2459E+00  0.6663E+01
  -1.407  0.2514E+00  0.6666E+01
  -1.397  0.2572E+00  0.6668E+01
  -1.387  0.2632E+00  0.6671E+01
  -1.377  0.2696E+00  0.6674E+01
  -1.367  0.2762E+00  0.6676E+01
  -1.357  0.2831E+00  0.6679E+01
  -1.347  0.2903E+00  0.6682E+01
  -1.337  0.2979E+00  0.6685E+01
  -1.327  0.3058E+00  0.6688E+01
  -1.317  0.3140E+00  0.6691E+01
  -1.307  0.3225E+00  0.6695E+01
  -1.297  0.3313E+00  0.6698E+01
  -1.287  0.3404E+00  0.6701E+01
  -1.277  0.3498E+00  0.6705E+01
  -1.267  0.3595E+00  0.6708E+01
  -1.257  0.3695E+00  0.6712E+01
  -1.247  0.3796E+00  0.6716E+01
  -1.237  0.3899E+00  0.6720E+01
  -1.227  0.4004E+00  0.6724E+01
  -1.217  0.4110E+00  0.6728E+01
  -1.207  0.4216E+00  0.6732E+01
  -1.197  0.4322E+00  0.6736E+01
  -1.187  0.4428E+00  0.6741E+01
  -1.177  0.4533E+00  0.6745E+01
  -1.167  0.4636E+00  0.6750E+01
  -1.157  0.4736E+00  0.6755E+01
  -1.147  0.4833E+00  0.6760E+01
  -1.137  0.4926E+00  0.6764E+01
  -1.127  0.5015E+00  0.6770E+01
  -1.117  0.5099E+00  0.6775E+01
  -1.107  0.5177E+00  0.6780E+01
  -1.097  0.5248E+00  0.6785E+01
  -1.087  0.5313E+00  0.6790E+01
  -1.077  0.5371E+00  0.6796E+01
  -1.067  0.5421E+00  0.6801E+01
  -1.057  0.5464E+00  0.6807E+01
  -1.047  0.5498E+00  0.6812E+01
  -1.037  0.5524E+00  0.6818E+01
  -1.027  0.5542E+00  0.6823E+01
  -1.017  0.5551E+00  0.6829E+01
  -1.007  0.5553E+00  0.6834E+01
  -0.997  0.5547E+00  0.6840E+01
  -0.987  0.5534E+00  0.6845E+01
  -0.977  0.5513E+00  0.6851E+01
  -0.967  0.5486E+00  0.6856E+01
  -0.957  0.5453E+00  0.6862E+01
  -0.947  0.5414E+00  0.6867E+01
  -0.937  0.5371E+00  0.6873E+01
  -0.927  0.5322E+00  0.6878E+01
  -0.917  0.5270E+00  0.6883E+01
  -0.907  0.5215E+00  0.6888E+01
  -0.897  0.5156E+00  0.6894E+01
  -0.887  0.5096E+00  0.6899E+01
  -0.877  0.5034E+00  0.6904E+01
  -0.867  0.4970E+00  0.6909E+01
  -0.857  0.4906E+00  0.6914E+01
  -0.847  0.4842E+00  0.6918E+01
  -0.837  0.4777E+00  0.6923E+01
  -0.827  0.4713E+00  0.6928E+01
  -0.817  0.4650E+00  0.6933E+01
  -0.807  0.4588E+00  0.6937E+01
  -0.797  0.4527E+00  0.6942E+01
  -0.787  0.4468E+00  0.6946E+01
  -0.777  0.4410E+00  0.6951E+01
  -0.767  0.4354E+00  0.6955E+01
  -0.757  0.4300E+00  0.6959E+01
  -0.747  0.4247E+00  0.6963E+01
  -0.737  0.4197E+00  0.6968E+01
  -0.727  0.4149E+00  0.6972E+01
  -0.717  0.4102E+00  0.6976E+01
  -0.707  0.4058E+00  0.6980E+01
  -0.697  0.4015E+00  0.6984E+01
  -0.687  0.3975E+00  0.6988E+01
  -0.677  0.3936E+00  0.6992E+01
  -0.667  0.3899E+00  0.6996E+01
  -0.657  0.3863E+00  0.7000E+01
  -0.647  0.3829E+00  0.7003E+01
  -0.637  0.3796E+00  0.7007E+01
  -0.627  0.3765E+00  0.7011E+01
  -0.617  0.3734E+00  0.7015E+01
  -0.607  0.3705E+00  0.7018E+01
  -0.597  0.3677E+00  0.7022E+01
  -0.587  0.3650E+00  0.7026E+01
  -0.577  0.3624E+00  0.7029E+01
  -0.567  0.3598E+00  0.7033E+01
  -0.557  0.3574E+00  0.7037E+01
  -0.547  0.3550E+00  0.7040E+01
  -0.537  0.3527E+00  0.7044E+01
  -0.527  0.3504E+00  0.7047E+01
  -0.517  0.3483E+00  0.7051E+01
  -0.507  0.3462E+00  0.7054E+01
  -0.497  0.3441E+00  0.7058E+01
  -0.487  0.3422E+00  0.7061E+01
  -0.477  0.3403E+00  0.7064E+01
  -0.467  0.3384E+00  0.7068E+01
  -0.457  0.3367E+00  0.7071E+01
  -0.447  0.3350E+00  0.7074E+01
  -0.437  0.3334E+00  0.7078E+01
  -0.427  0.3318E+00  0.7081E+01
  -0.417  0.3303E+00  0.7084E+01
  -0.407  0.3289E+00  0.7088E+01
  -0.397  0.3276E+00  0.7091E+01
  -0.387  0.3264E+00  0.7094E+01
  -0.377  0.3252E+00  0.7098E+01
  -0.367  0.3242E+00  0.7101E+01
  -0.357  0.3232E+00  0.7104E+01
  -0.347  0.3223E+00  0.7107E+01
  -0.337  0.3216E+00  0.7110E+01
  -0.327  0.3210E+00  0.7114E+01
  -0.317  0.3205E+00  0.7117E+01
  -0.307  0.3201E+00  0.7120E+01
  -0.297  0.3199E+00  0.7123E+01
  -0.287  0.3199E+00  0.7126E+01
  -0.277  0.3201E+00  0.7130E+01
  -0.267  0.3204E+00  0.7133E+01
  -0.257  0.3210E+00  0.7136E+01
  -0.247  0.3218E+00  0.7139E+01
  -0.237  0.3229E+00  0.7142E+01
  -0.227  0.3242E+00  0.7146E+01
  -0.217  0.3258E+00  0.7149E+01
  -0.207  0.3277E+00  0.7152E+01
  -0.197  0.3298E+00  0.7156E+01
  -0.187  0.3323E+00  0.7159E+01
  -0.177  0.3350E+00  0.7162E+01
  -0.167  0.3380E+00  0.7166E+01
  -0.157  0.3414E+00  0.7169E+01
  -0.147  0.3449E+00  0.7172E+01
  -0.137  0.3488E+00  0.7176E+01
  -0.127  0.3529E+00  0.7179E+01
  -0.117  0.3572E+00  0.7183E+01
  -0.107  0.3618E+00  0.7187E+01
  -0.097  0.3665E+00  0.7190E+01
  -0.087  0.3714E+00  0.7194E+01
  -0.077  0.3765E+00  0.7198E+01
  -0.067  0.3816E+00  0.7202E+01
  -0.057  0.3869E+00  0.7206E+01
  -0.047  0.3922E+00  0.7209E+01
  -0.037  0.3975E+00  0.7213E+01
  -0.027  0.4028E+00  0.7217E+01
  -0.017  0.4081E+00  0.7222E+01
  -0.007  0.4133E+00  0.7226E+01
   0.003  0.4185E+00  0.7230E+01
   0.013  0.4236E+00  0.7234E+01
   0.023  0.4285E+00  0.7238E+01
   0.033  0.4334E+00  0.7243E+01
   0.043  0.4380E+00  0.7247E+01
   0.053  0.4426E+00  0.7252E+01
   0.063  0.4469E+00  0.7256E+01
   0.073  0.4511E+00  0.7260E+01
   0.083  0.4552E+00  0.7265E+01
   0.093  0.4590E+00  0.7270E+01
   0.103  0.4627E+00  0.7274E+01
   0.113  0.4663E+00  0.7279E+01
   0.123  0.4697E+00  0.7284E+01
   0.133  0.4730E+00  0.7288E+01
   0.143  0.4762E+00  0.7293E+01
   0.153  0.4793E+00  0.7298E+01
   0.163  0.4823E+00  0.7303E+01
   0.173  0.4852E+00  0.7308E+01
   0.183  0.4882E+00  0.7312E+01
   0.193  0.4911E+00  0.7317E+01
   0.203  0.4941E+00  0.7322E+01
   0.213  0.4972E+00  0.7327E+01
   0.223  0.5003E+00  0.7332E+01
   0.233  0.5035E+00  0.7337E+01
   0.243  0.5069E+00  0.7342E+01
   0.253  0.5104E+00  0.7347E+01
   0.263  0.5141E+00  0.7353E+01
   0.273  0.5179E+00  0.7358E+01
   0.283  0.5220E+00  0.7363E+01
   0.293  0.5263E+00  0.7368E+01
   0.303  0.5308E+00  0.7374E+01
   0.313  0.5354E+00  0.7379E+01
   0.323  0.5403E+00  0.7384E+01
   0.333  0.5454E+00  0.7390E+01
   0.343  0.5506E+00  0.7395E+01
   0.353  0.5561E+00  0.7401E+01
   0.363  0.5616E+00  0.7406E+01
   0.373  0.5672E+00  0.7412E+01
   0.383  0.5730E+00  0.7418E+01
   0.393  0.5788E+00  0.7424E+01
   0.403  0.5846E+00  0.7430E+01
   0.413  0.5904E+00  0.7435E+01
   0.423  0.5961E+00  0.7441E+01
   0.433  0.6018E+00  0.7447E+01
   0.443  0.6073E+00  0.7453E+01
   0.453  0.6128E+00  0.7460E+01
   0.463  0.6180E+00  0.7466E+01
   0.473  0.6231E+00  0.7472E+01
   0.483  0.6280E+00  0.7478E+01
   0.493  0.6326E+00  0.7485E+01
   0.503  0.6370E+00  0.7491E+01
   0.513  0.6412E+00  0.7497E+01
   0.523  0.6451E+00  0.7504E+01
   0.533  0.6487E+00  0.7510E+01
   0.543  0.6521E+00  0.7517E+01
   0.553  0.6552E+00  0.7523E+01
   0.563  0.6581E+00  0.7530E+01
   0.573  0.6607E+00  0.7537E+01
   0.583  0.6631E+00  0.7543E+01
   0.593  0.6652E+00  0.7550E+01
   0.603  0.6671E+00  0.7557E+01
   0.613  0.6688E+00  0.7563E+01
   0.623  0.6703E+00  0.7570E+01
   0.633  0.6717E+00  0.7577E+01
   0.643  0.6728E+00  0.7583E+01
   0.653  0.6737E+00  0.7590E+01
   0.663  0.6746E+00  0.7597E+01
   0.673  0.6752E+00  0.7604E+01
   0.683  0.6757E+00  0.7610E+01
   0.693  0.6761E+00  0.7617E+01
   0.703  0.6764E+00  0.7624E+01
   0.713  0.6766E+00  0.7631E+01
   0.723  0.6766E+00  0.7637E+01
   0.733  0.6766E+00  0.7644E+01
   0.743  0.6765E+00  0.7651E+01
   0.753  0.6763E+00  0.7658E+01
   0.763  0.6761E+00  0.7665E+01
   0.773  0.6758E+00  0.7671E+01
   0.783  0.6754E+00  0.7678E+01
   0.793  0.6751E+00  0.7685E+01
   0.803  0.6747E+00  0.7692E+01
   0.813  0.6743E+00  0.7698E+01
   0.823  0.6739E+00  0.7705E+01
   0.833  0.6734E+00  0.7712E+01
   0.843  0.6730E+00  0.7718E+01
   0.853  0.6726E+00  0.7725E+01
   0.863  0.6722E+00  0.7732E+01
   0.873  0.6718E+00  0.7739E+01
   0.883  0.6714E+00  0.7745E+01
   0.893  0.6710E+00  0.7752E+01
   0.903  0.6707E+00  0.7759E+01
   0.913  0.6704E+00  0.7765E+01
   0.923  0.6700E+00  0.7772E+01
   0.933  0.6697E+00  0.7779E+01
   0.943  0.6694E+00  0.7786E+01
   0.953  0.6691E+00  0.7792E+01
   0.963  0.6688E+00  0.7799E+01
   0.973  0.6685E+00  0.7806E+01
   0.983  0.6682E+00  0.7812E+01
   0.993  0.6679E+00  0.7819E+01
   1.003  0.6676E+00  0.7826E+01
   1.013  0.6672E+00  0.7832E+01
   1.023  0.6669E+00  0.7839E+01
   1.033  0.6667E+00  0.7846E+01
   1.043  0.6664E+00  0.7852E+01
   1.053  0.6661E+00  0.7859E+01
   1.063  0.6659E+00  0.7866E+01
   1.073  0.6658E+00  0.7872E+01
   1.083  0.6657E+00  0.7879E+01
   1.093  0.6656E+00  0.7886E+01
   1.103  0.6657E+00  0.7892E+01
   1.113  0.6658E+00  0.7899E+01
   1.123  0.6661E+00  0.7906E+01
   1.133  0.6665E+00  0.7912E+01
   1.143  0.6670E+00  0.7919E+01
   1.153  0.6677E+00  0.7926E+01
   1.163  0.6685E+00  0.7932E+01
   1.173  0.6695E+00  0.7939E+01
   1.183  0.6708E+00  0.7946E+01
   1.193  0.6722E+00  0.7952E+01
   1.203  0.6738E+00  0.7959E+01
   1.213  0.6757E+00  0.7966E+01
   1.223  0.6778E+00  0.7973E+01
   1.233  0.6801E+00  0.7979E+01
   1.243  0.6826E+00  0.7986E+01
   1.253  0.6854E+00  0.7993E+01
   1.263  0.6885E+00  0.8000E+01
   1.273  0.6918E+00  0.8007E+01
   1.283  0.6954E+00  0.8014E+01
   1.293  0.6992E+00  0.8021E+01
   1.303  0.7033E+00  0.8028E+01
   1.313  0.7076E+00  0.8035E+01
   1.323  0.7121E+00  0.8042E+01
   1.333  0.7169E+00  0.8049E+01
   1.343  0.7219E+00  0.8057E+01
   1.353  0.7271E+00  0.8064E+01
   1.363  0.7324E+00  0.8071E+01
   1.373  0.7380E+00  0.8079E+01
   1.383  0.7436E+00  0.8086E+01
   1.393  0.7494E+00  0.8093E+01
   1.403  0.7553E+00  0.8101E+01
   1.413  0.7612E+00  0.8109E+01
   1.423  0.7672E+00  0.8116E+01
   1.433  0.7731E+00  0.8124E+01
   1.443  0.7791E+00  0.8132E+01
   1.453  0.7849E+00  0.8140E+01
   1.463  0.7907E+00  0.8148E+01
   1.473  0.7963E+00  0.8156E+01
   1.483  0.8018E+00  0.8164E+01
   1.493  0.8072E+00  0.8172E+01
   1.503  0.8123E+00  0.8180E+01
   1.513  0.8172E+00  0.8188E+01
   1.523  0.8218E+00  0.8196E+01
   1.533  0.8262E+00  0.8204E+01
   1.543  0.8303E+00  0.8213E+01
   1.553  0.8341E+00  0.8221E+01
   1.563  0.8376E+00  0.8229E+01
   1.573  0.8409E+00  0.8238E+01
   1.583  0.8438E+00  0.8246E+01
   1.593  0.8465E+00  0.8255E+01
   1.603  0.8489E+00  0.8263E+01
   1.613  0.8511E+00  0.8272E+01
   1.623  0.8530E+00  0.8280E+01
   1.633  0.8547E+00  0.8289E+01
   1.643  0.8562E+00  0.8297E+01
   1.653  0.8575E+00  0.8306E+01
   1.663  0.8586E+00  0.8315E+01
   1.673  0.8595E+00  0.8323E+01
   1.683  0.8604E+00  0.8332E+01
   1.693  0.8611E+00  0.8340E+01
   1.703  0.8618E+00  0.8349E+01
   1.713  0.8623E+00  0.8358E+01
   1.723  0.8628E+00  0.8366E+01
   1.733  0.8633E+00  0.8375E+01
   1.743  0.8637E+00  0.8383E+01
   1.753  0.8642E+00  0.8392E+01
   1.763  0.8646E+00  0.8401E+01
   1.773  0.8651E+00  0.8409E+01
   1.783  0.8655E+00  0.8418E+01
   1.793  0.8660E+00  0.8427E+01
   1.803  0.8666E+00  0.8435E+01
   1.813  0.8672E+00  0.8444E+01
   1.823  0.8679E+00  0.8453E+01
   1.833  0.8686E+00  0.8461E+01
   1.843  0.8695E+00  0.8470E+01
   1.853  0.8704E+00  0.8479E+01
   1.863  0.8715E+00  0.8488E+01
   1.873  0.8727E+00  0.8496E+01
   1.883  0.8741E+00  0.8505E+01
   1.893  0.8757E+00  0.8514E+01
   1.903  0.8774E+00  0.8523E+01
   1.913  0.8793E+00  0.8531E+01
   1.923  0.8815E+00  0.8540E+01
   1.933  0.8839E+00  0.8549E+01
   1.943  0.8866E+00  0.8558E+01
   1.953  0.8896E+00  0.8567E+01
   1.963  0.8928E+00  0.8576E+01
   1.973  0.8963E+00  0.8585E+01
   1.983  0.9001E+00  0.8594E+01
   1.993  0.9041E+00  0.8603E+01
   2.003  0.9085E+00  0.8612E+01
   2.013  0.9131E+00  0.8621E+01
   2.023  0.9180E+00  0.8630E+01
   2.033  0.9232E+00  0.8639E+01
   2.043  0.9285E+00  0.8649E+01
   2.053  0.9341E+00  0.8658E+01
   2.063  0.9398E+00  0.8667E+01
   2.073  0.9457E+00  0.8677E+01
   2.083  0.9517E+00  0.8686E+01
   2.093  0.9578E+00  0.8696E+01
   2.103  0.9639E+00  0.8706E+01
   2.113  0.9700E+00  0.8715E+01
   2.123  0.9761E+00  0.8725E+01
   2.133  0.9821E+00  0.8735E+01
   2.143  0.9881E+00  0.8745E+01
   2.153  0.9939E+00  0.8755E+01
   2.163  0.9995E+00  0.8765E+01
   2.173  0.1005E+01  0.8775E+01
   2.183  0.1010E+01  0.8785E+01
   2.193  0.1015E+01  0.8795E+01
   2.203  0.1020E+01  0.8805E+01
   2.213  0.1025E+01  0.8815E+01
   2.223  0.1029E+01  0.8826E+01
   2.233  0.1033E+01  0.8836E+01
   2.243  0.1037E+01  0.8846E+01
   2.253  0.1040E+01  0.8857E+01
   2.263  0.1044E+01  0.8867E+01
   2.273  0.1047E+01  0.8878E+01
   2.283  0.1050E+01  0.8888E+01
   2.293  0.1052E+01  0.8899E+01
   2.303  0.1055E+01  0.8909E+01
   2.313  0.1057E+01  0.8920E+01
   2.323  0.1059E+01  0.8930E+01
   2.333  0.1061E+01  0.8941E+01
   2.343  0.1062E+01  0.8952E+01
   2.353  0.1064E+01  0.8962E+01
   2.363  0.1065E+01  0.8973E+01
   2.373  0.1066E+01  0.8984E+01
   2.383  0.1067E+01  0.8994E+01
   2.393  0.1068E+01  0.9005E+01
   2.403  0.1068E+01  0.9016E+01
   2.413  0.1069E+01  0.9026E+01
   2.423  0.1069E+01  0.9037E+01
   2.433  0.1070E+01  0.9048E+01
   2.443  0.1070E+01  0.9058E+01
   2.453  0.1070E+01  0.9069E+01
   2.463  0.1070E+01  0.9080E+01
   2.473  0.1071E+01  0.9090E+01
   2.483  0.1071E+01  0.9101E+01
   2.493  0.1071E+01  0.9112E+01
   2.503  0.1070E+01  0.9123E+01
   2.513  0.1070E+01  0.9133E+01
   2.523  0.1070E+01  0.9144E+01
   2.533  0.1070E+01  0.9155E+01
   2.543  0.1070E+01  0.9165E+01
   2.553  0.1070E+01  0.9176E+01
   2.563  0.1070E+01  0.9187E+01
   2.573  0.1070E+01  0.9198E+01
   2.583  0.1070E+01  0.9208E+01
   2.593  0.1070E+01  0.9219E+01
   2.603  0.1070E+01  0.9230E+01
   2.613  0.1070E+01  0.9240E+01
   2.623  0.1070E+01  0.9251E+01
   2.633  0.1070E+01  0.9262E+01
   2.643  0.1070E+01  0.9272E+01
   2.653  0.1070E+01  0.9283E+01
   2.663  0.1070E+01  0.9294E+01
   2.673  0.1071E+01  0.9305E+01
   2.683  0.1071E+01  0.9315E+01
   2.693  0.1071E+01  0.9326E+01
   2.703  0.1071E+01  0.9337E+01
   2.713  0.1071E+01  0.9347E+01
   2.723  0.1071E+01  0.9358E+01
   2.733  0.1071E+01  0.9369E+01
   2.743  0.1071E+01  0.9379E+01
   2.753  0.1070E+01  0.9390E+01
   2.763  0.1070E+01  0.9401E+01
   2.773  0.1070E+01  0.9412E+01
   2.783  0.1069E+01  0.9422E+01
   2.793  0.1069E+01  0.9433E+01
   2.803  0.1068E+01  0.9444E+01
   2.813  0.1067E+01  0.9454E+01
   2.823  0.1067E+01  0.9465E+01
   2.833  0.1066E+01  0.9476E+01
   2.843  0.1065E+01  0.9486E+01
   2.853  0.1064E+01  0.9497E+01
   2.863  0.1063E+01  0.9508E+01
   2.873  0.1062E+01  0.9518E+01
   2.883  0.1061E+01  0.9529E+01
   2.893  0.1060E+01  0.9539E+01
   2.903  0.1059E+01  0.9550E+01
   2.913  0.1058E+01  0.9561E+01
   2.923  0.1057E+01  0.9571E+01
   2.933  0.1056E+01  0.9582E+01
   2.943  0.1055E+01  0.9592E+01
   2.953  0.1054E+01  0.9603E+01
   2.963  0.1054E+01  0.9613E+01
   2.973  0.1053E+01  0.9624E+01
   2.983  0.1052E+01  0.9634E+01
   2.993  0.1051E+01  0.9645E+01
   3.003  0.1051E+01  0.9655E+01
   3.013  0.1050E+01  0.9666E+01
   3.023  0.1050E+01  0.9676E+01
   3.033  0.1049E+01  0.9687E+01
   3.043  0.1049E+01  0.9697E+01
   3.053  0.1049E+01  0.9708E+01
   3.063  0.1049E+01  0.9718E+01
   3.073  0.1049E+01  0.9729E+01
   3.083  0.1049E+01  0.9739E+01
   3.093  0.1049E+01  0.9750E+01
   3.103  0.1049E+01  0.9760E+01
   3.113  0.1049E+01  0.9771E+01
   3.123  0.1050E+01  0.9781E+01
   3.133  0.1050E+01  0.9792E+01
   3.143  0.1051E+01  0.9802E+01
   3.153  0.1052E+01  0.9813E+01
   3.163  0.1053E+01  0.9823E+01
   3.173  0.1055E+01  0.9834E+01
   3.183  0.1056E+01  0.9844E+01
   3.193  0.1058E+01  0.9855E+01
   3.203  0.1060E+01  0.9866E+01
   3.213  0.1062E+01  0.9876E+01
   3.223  0.1065E+01  0.9887E+01
   3.233  0.1068E+01  0.9898E+01
   3.243  0.1072E+01  0.9908E+01
   3.253  0.1075E+01  0.9919E+01
   3.263  0.1079E+01  0.9930E+01
   3.273  0.1084E+01  0.9941E+01
   3.283  0.1089E+01  0.9952E+01
   3.293  0.1094E+01  0.9963E+01
   3.303  0.1099E+01  0.9974E+01
   3.313  0.1105E+01  0.9985E+01
   3.323  0.1111E+01  0.9996E+01
   3.333  0.1118E+01  0.1001E+02
   3.343  0.1125E+01  0.1002E+02
   3.353  0.1132E+01  0.1003E+02
   3.363  0.1139E+01  0.1004E+02
   3.373  0.1146E+01  0.1005E+02
   3.383  0.1153E+01  0.1006E+02
   3.393  0.1161E+01  0.1008E+02
   3.403  0.1168E+01  0.1009E+02
   3.413  0.1176E+01  0.1010E+02
   3.423  0.1183E+01  0.1011E+02
   3.433  0.1191E+01  0.1012E+02
   3.443  0.1198E+01  0.1013E+02
   3.453  0.1205E+01  0.1015E+02
   3.463  0.1212E+01  0.1016E+02
   3.473  0.1218E+01  0.1017E+02
   3.483  0.1225E+01  0.1018E+02
   3.493  0.1231E+01  0.1020E+02
   3.503  0.1237E+01  0.1021E+02
   3.513  0.1242E+01  0.1022E+02
   3.523  0.1248E+01  0.1023E+02
   3.533  0.1252E+01  0.1025E+02
   3.543  0.1257E+01  0.1026E+02
   3.553  0.1261E+01  0.1027E+02
   3.563  0.1264E+01  0.1028E+02
   3.573  0.1267E+01  0.1030E+02
   3.583  0.1270E+01  0.1031E+02
   3.593  0.1272E+01  0.1032E+02
   3.603  0.1274E+01  0.1033E+02
   3.613  0.1275E+01  0.1035E+02
   3.623  0.1276E+01  0.1036E+02
   3.633  0.1276E+01  0.1037E+02
   3.643  0.1276E+01  0.1038E+02
   3.653  0.1276E+01  0.1040E+02
   3.663  0.1275E+01  0.1041E+02
   3.673  0.1274E+01  0.1042E+02
   3.683  0.1272E+01  0.1044E+02
   3.693  0.1270E+01  0.1045E+02
   3.703  0.1268E+01  0.1046E+02
   3.713  0.1266E+01  0.1047E+02
   3.723  0.1263E+01  0.1049E+02
   3.733  0.1261E+01  0.1050E+02
   3.743  0.1258E+01  0.1051E+02
   3.753  0.1256E+01  0.1052E+02
   3.763  0.1253E+01  0.1054E+02
   3.773  0.1251E+01  0.1055E+02
   3.783  0.1250E+01  0.1056E+02
   3.793  0.1249E+01  0.1057E+02
   3.803  0.1248E+01  0.1059E+02
   3.813  0.1247E+01  0.1060E+02
   3.823  0.1248E+01  0.1061E+02
   3.833  0.1248E+01  0.1062E+02
   3.843  0.1250E+01  0.1064E+02
   3.853  0.1252E+01  0.1065E+02
   3.863  0.1255E+01  0.1066E+02
   3.873  0.1259E+01  0.1067E+02
   3.883  0.1263E+01  0.1069E+02
   3.893  0.1268E+01  0.1070E+02
   3.903  0.1274E+01  0.1071E+02
   3.913  0.1280E+01  0.1073E+02
   3.923  0.1287E+01  0.1074E+02
   3.933  0.1294E+01  0.1075E+02
   3.943  0.1302E+01  0.1076E+02
   3.953  0.1311E+01  0.1078E+02
   3.963  0.1319E+01  0.1079E+02
   3.973  0.1328E+01  0.1080E+02
   3.983  0.1337E+01  0.1082E+02
   3.993  0.1346E+01  0.1083E+02
   4.003  0.1355E+01  0.1084E+02
   4.013  0.1364E+01  0.1086E+02
   4.023  0.1373E+01  0.1087E+02
   4.033  0.1382E+01  0.1089E+02
   4.043  0.1390E+01  0.1090E+02
   4.053  0.1397E+01  0.1091E+02
   4.063  0.1405E+01  0.1093E+02
   4.073  0.1411E+01  0.1094E+02
   4.083  0.1417E+01  0.1096E+02
   4.093  0.1422E+01  0.1097E+02
   4.103  0.1427E+01  0.1098E+02
   4.113  0.1430E+01  0.1100E+02
   4.123  0.1433E+01  0.1101E+02
   4.133  0.1436E+01  0.1103E+02
   4.143  0.1437E+01  0.1104E+02
   4.153  0.1438E+01  0.1106E+02
   4.163  0.1438E+01  0.1107E+02
   4.173  0.1438E+01  0.1108E+02
   4.183  0.1437E+01  0.1110E+02
   4.193  0.1436E+01  0.1111E+02
   4.203  0.1434E+01  0.1113E+02
   4.213  0.1432E+01  0.1114E+02
   4.223  0.1430E+01  0.1116E+02
   4.233  0.1428E+01  0.1117E+02
   4.243  0.1426E+01  0.1118E+02
   4.253  0.1423E+01  0.1120E+02
   4.263  0.1421E+01  0.1121E+02
   4.273  0.1420E+01  0.1123E+02
   4.283  0.1418E+01  0.1124E+02
   4.293  0.1417E+01  0.1126E+02
   4.303  0.1416E+01  0.1127E+02
   4.313  0.1416E+01  0.1128E+02
   4.323  0.1417E+01  0.1130E+02
   4.333  0.1418E+01  0.1131E+02
   4.343  0.1419E+01  0.1133E+02
   4.353  0.1421E+01  0.1134E+02
   4.363  0.1424E+01  0.1136E+02
   4.373  0.1427E+01  0.1137E+02
   4.383  0.1431E+01  0.1138E+02
   4.393  0.1436E+01  0.1140E+02
   4.403  0.1441E+01  0.1141E+02
   4.413  0.1446E+01  0.1143E+02
   4.423  0.1452E+01  0.1144E+02
   4.433  0.1459E+01  0.1146E+02
   4.443  0.1465E+01  0.1147E+02
   4.453  0.1473E+01  0.1149E+02
   4.463  0.1480E+01  0.1150E+02
   4.473  0.1488E+01  0.1151E+02
   4.483  0.1496E+01  0.1153E+02
   4.493  0.1504E+01  0.1154E+02
   4.503  0.1512E+01  0.1156E+02
   4.513  0.1521E+01  0.1158E+02
   4.523  0.1530E+01  0.1159E+02
   4.533  0.1540E+01  0.1161E+02
   4.543  0.1549E+01  0.1162E+02
   4.553  0.1560E+01  0.1164E+02
   4.563  0.1570E+01  0.1165E+02
   4.573  0.1581E+01  0.1167E+02
   4.583  0.1593E+01  0.1168E+02
   4.593  0.1605E+01  0.1170E+02
   4.603  0.1617E+01  0.1172E+02
   4.613  0.1631E+01  0.1173E+02
   4.623  0.1644E+01  0.1175E+02
   4.633  0.1659E+01  0.1177E+02
   4.643  0.1674E+01  0.1178E+02
   4.653  0.1690E+01  0.1180E+02
   4.663  0.1707E+01  0.1182E+02
   4.673  0.1724E+01  0.1183E+02
   4.683  0.1742E+01  0.1185E+02
   4.693  0.1761E+01  0.1187E+02
   4.703  0.1780E+01  0.1189E+02
   4.713  0.1799E+01  0.1190E+02
   4.723  0.1819E+01  0.1192E+02
   4.733  0.1839E+01  0.1194E+02
   4.743  0.1860E+01  0.1196E+02
   4.753  0.1880E+01  0.1198E+02
   4.763  0.1900E+01  0.1200E+02
   4.773  0.1920E+01  0.1202E+02
   4.783  0.1940E+01  0.1204E+02
   4.793  0.1959E+01  0.1206E+02
   4.803  0.1978E+01  0.1208E+02
   4.813  0.1996E+01  0.1210E+02
   4.823  0.2013E+01  0.1212E+02
   4.833  0.2030E+01  0.1214E+02
   4.843  0.2046E+01  0.1216E+02
   4.853  0.2061E+01  0.1218E+02
   4.863  0.2075E+01  0.1220E+02
   4.873  0.2089E+01  0.1222E+02
   4.883  0.2101E+01  0.1224E+02
   4.893  0.2112E+01  0.1226E+02
   4.903  0.2123E+01  0.1228E+02
   4.913  0.2133E+01  0.1230E+02
   4.923  0.2141E+01  0.1233E+02
   4.933  0.2150E+01  0.1235E+02
   4.943  0.2157E+01  0.1237E+02
   4.953  0.2164E+01  0.1239E+02
   4.963  0.2170E+01  0.1241E+02
   4.973  0.2176E+01  0.1243E+02
   4.983  0.2181E+01  0.1246E+02
   4.993  0.2185E+01  0.1248E+02
   5.003  0.2190E+01  0.1250E+02
   5.013  0.2194E+01  0.1252E+02
   5.023  0.2198E+01  0.1254E+02
   5.033  0.2201E+01  0.1256E+02
   5.043  0.2205E+01  0.1259E+02
   5.053  0.2208E+01  0.1261E+02
   5.063  0.2211E+01  0.1263E+02
   5.073  0.2214E+01  0.1265E+02
   5.083  0.2218E+01  0.1268E+02
   5.093  0.2221E+01  0.1270E+02
   5.103  0.2224E+01  0.1272E+02
   5.113  0.2227E+01  0.1274E+02
   5.123  0.2230E+01  0.1276E+02
   5.133  0.2233E+01  0.1279E+02
   5.143  0.2237E+01  0.1281E+02
   5.153  0.2240E+01  0.1283E+02
   5.163  0.2244E+01  0.1285E+02
   5.173  0.2247E+01  0.1288E+02
   5.183  0.2251E+01  0.1290E+02
   5.193  0.2254E+01  0.1292E+02
   5.203  0.2258E+01  0.1294E+02
   5.213  0.2262E+01  0.1297E+02
   5.223  0.2265E+01  0.1299E+02
   5.233  0.2269E+01  0.1301E+02
   5.243  0.2272E+01  0.1303E+02
   5.253  0.2276E+01  0.1306E+02
   5.263  0.2279E+01  0.1308E+02
   5.273  0.2283E+01  0.1310E+02
   5.283  0.2286E+01  0.1313E+02
   5.293  0.2289E+01  0.1315E+02
   5.303  0.2292E+01  0.1317E+02
   5.313  0.2295E+01  0.1319E+02
   5.323  0.2298E+01  0.1322E+02
   5.333  0.2300E+01  0.1324E+02
   5.343  0.2303E+01  0.1326E+02
   5.353  0.2305E+01  0.1329E+02
   5.363  0.2308E+01  0.1331E+02
   5.373  0.2311E+01  0.1333E+02
   5.383  0.2313E+01  0.1336E+02
   5.393  0.2316E+01  0.1338E+02
   5.403  0.2320E+01  0.1340E+02
   5.413  0.2323E+01  0.1343E+02
   5.423  0.2327E+01  0.1345E+02
   5.433  0.2332E+01  0.1347E+02
   5.443  0.2337E+01  0.1350E+02
   5.453  0.2343E+01  0.1352E+02
   5.463  0.2350E+01  0.1354E+02
   5.473  0.2357E+01  0.1357E+02
   5.483  0.2366E+01  0.1359E+02
   5.493  0.2375E+01  0.1361E+02
   5.503  0.2386E+01  0.1364E+02
   5.513  0.2397E+01  0.1366E+02
   5.523  0.2410E+01  0.1369E+02
   5.533  0.2424E+01  0.1371E+02
   5.543  0.2438E+01  0.1373E+02
   5.553  0.2454E+01  0.1376E+02
   5.563  0.2471E+01  0.1378E+02
   5.573  0.2489E+01  0.1381E+02
   5.583  0.2507E+01  0.1383E+02
   5.593  0.2526E+01  0.1386E+02
   5.603  0.2546E+01  0.1388E+02
   5.613  0.2566E+01  0.1391E+02
   5.623  0.2586E+01  0.1394E+02
   5.633  0.2607E+01  0.1396E+02
   5.643  0.2627E+01  0.1399E+02
   5.653  0.2647E+01  0.1401E+02
   5.663  0.2667E+01  0.1404E+02
   5.673  0.2686E+01  0.1407E+02
   5.683  0.2704E+01  0.1409E+02
   5.693  0.2721E+01  0.1412E+02
   5.703  0.2737E+01  0.1415E+02
   5.713  0.2752E+01  0.1418E+02
   5.723  0.2765E+01  0.1420E+02
   5.733  0.2777E+01  0.1423E+02
   5.743  0.2787E+01  0.1426E+02
   5.753  0.2796E+01  0.1429E+02
   5.763  0.2802E+01  0.1432E+02
   5.773  0.2807E+01  0.1434E+02
   5.783  0.2811E+01  0.1437E+02
   5.793  0.2812E+01  0.1440E+02
   5.803  0.2812E+01  0.1443E+02
   5.813  0.2810E+01  0.1446E+02
   5.823  0.2806E+01  0.1448E+02
   5.833  0.2801E+01  0.1451E+02
   5.843  0.2795E+01  0.1454E+02
   5.853  0.2787E+01  0.1457E+02
   5.863  0.2778E+01  0.1460E+02
   5.873  0.2768E+01  0.1462E+02
   5.883  0.2756E+01  0.1465E+02
   5.893  0.2744E+01  0.1468E+02
   5.903  0.2732E+01  0.1471E+02
   5.913  0.2718E+01  0.1473E+02
   5.923  0.2704E+01  0.1476E+02
   5.933  0.2690E+01  0.1479E+02
   5.943  0.2676E+01  0.1481E+02
   5.953  0.2661E+01  0.1484E+02
   5.963  0.2647E+01  0.1487E+02
   5.973  0.2633E+01  0.1489E+02
   5.983  0.2618E+01  0.1492E+02
   5.993  0.2604E+01  0.1495E+02
   6.003  0.2591E+01  0.1497E+02
   6.013  0.2578E+01  0.1500E+02
   6.023  0.2565E+01  0.1502E+02
   6.033  0.2553E+01  0.1505E+02
   6.043  0.2542E+01  0.1507E+02
   6.053  0.2531E+01  0.1510E+02
   6.063  0.2522E+01  0.1512E+02
   6.073  0.2512E+01  0.1515E+02
   6.083  0.2504E+01  0.1517E+02
   6.093  0.2497E+01  0.1520E+02
   6.103  0.2490E+01  0.1522E+02
   6.113  0.2484E+01  0.1525E+02
   6.123  0.2479E+01  0.1527E+02
   6.133  0.2474E+01  0.1530E+02
   6.143  0.2470E+01  0.1532E+02
   6.153  0.2467E+01  0.1535E+02
   6.163  0.2465E+01  0.1537E+02
   6.173  0.2463E+01  0.1540E+02
   6.183  0.2461E+01  0.1542E+02
   6.193  0.2460E+01  0.1545E+02
   6.203  0.2459E+01  0.1547E+02
   6.213  0.2459E+01  0.1550E+02
   6.223  0.2459E+01  0.1552E+02
   6.233  0.2459E+01  0.1555E+02
   6.243  0.2459E+01  0.1557E+02
   6.253  0.2459E+01  0.1559E+02
   6.263  0.2459E+01  0.1562E+02
   6.273  0.2459E+01  0.1564E+02
   6.283  0.2459E+01  0.1567E+02
   6.293  0.2459E+01  0.1569E+02
   6.303  0.2458E+01  0.1572E+02
   6.313  0.2458E+01  0.1574E+02
   6.323  0.2457E+01  0.1577E+02
   6.333  0.2456E+01  0.1579E+02
   6.343  0.2455E+01  0.1582E+02
   6.353  0.2454E+01  0.1584E+02
   6.363  0.2452E+01  0.1586E+02
   6.373  0.2451E+01  0.1589E+02
   6.383  0.2449E+01  0.1591E+02
   6.393  0.2448E+01  0.1594E+02
   6.403  0.2446E+01  0.1596E+02
   6.413  0.2445E+01  0.1599E+02
   6.423  0.2443E+01  0.1601E+02
   6.433  0.2441E+01  0.1604E+02
   6.443  0.2440E+01  0.1606E+02
   6.453  0.2439E+01  0.1608E+02
   6.463  0.2437E+01  0.1611E+02
   6.473  0.2436E+01  0.1613E+02
   6.483  0.2435E+01  0.1616E+02
   6.493  0.2434E+01  0.1618E+02
   6.503  0.2433E+01  0.1621E+02
   6.513  0.2433E+01  0.1623E+02
   6.523  0.2432E+01  0.1626E+02
   6.533  0.2432E+01  0.1628E+02
   6.543  0.2432E+01  0.1630E+02
   6.553  0.2432E+01  0.1633E+02
   6.563  0.2433E+01  0.1635E+02
   6.573  0.2433E+01  0.1638E+02
   6.583  0.2434E+01  0.1640E+02
   6.593  0.2435E+01  0.1643E+02
   6.603  0.2437E+01  0.1645E+02
   6.613  0.2438E+01  0.1647E+02
   6.623  0.2440E+01  0.1650E+02
   6.633  0.2442E+01  0.1652E+02
   6.643  0.2444E+01  0.1655E+02
   6.653  0.2447E+01  0.1657E+02
   6.663  0.2450E+01  0.1660E+02
   6.673  0.2453E+01  0.1662E+02
   6.683  0.2456E+01  0.1665E+02
   6.693  0.2459E+01  0.1667E+02
   6.703  0.2463E+01  0.1669E+02
   6.713  0.2467E+01  0.1672E+02
   6.723  0.2471E+01  0.1674E+02
   6.733  0.2475E+01  0.1677E+02
   6.743  0.2479E+01  0.1679E+02
   6.753  0.2483E+01  0.1682E+02
   6.763  0.2487E+01  0.1684E+02
   6.773  0.2491E+01  0.1687E+02
   6.783  0.2495E+01  0.1689E+02
   6.793  0.2498E+01  0.1692E+02
   6.803  0.2502E+01  0.1694E+02
   6.813  0.2506E+01  0.1697E+02
   6.823  0.2509E+01  0.1699E+02
   6.833  0.2512E+01  0.1702E+02
   6.843  0.2515E+01  0.1704E+02
   6.853  0.2518E+01  0.1707E+02
   6.863  0.2521E+01  0.1709E+02
   6.873  0.2523E+01  0.1712E+02
   6.883  0.2526E+01  0.1714E+02
   6.893  0.2528E+01  0.1717E+02
   6.903  0.2530E+01  0.1720E+02
   6.913  0.2531E+01  0.1722E+02
   6.923  0.2533E+01  0.1725E+02
   6.933  0.2534E+01  0.1727E+02
   6.943  0.2535E+01  0.1730E+02
   6.953  0.2536E+01  0.1732E+02
   6.963  0.2537E+01  0.1735E+02
   6.973  0.2538E+01  0.1737E+02
   6.983  0.2539E+01  0.1740E+02
   6.993  0.2539E+01  0.1742E+02
   7.003  0.2539E+01  0.1745E+02
   7.013  0.2540E+01  0.1747E+02
   7.023  0.2540E+01  0.1750E+02
   7.033  0.2540E+01  0.1752E+02
   7.043  0.2540E+01  0.1755E+02
   7.053  0.2540E+01  0.1758E+02
   7.063  0.2540E+01  0.1760E+02
   7.073  0.2540E+01  0.1763E+02
   7.083  0.2540E+01  0.1765E+02
   7.093  0.2540E+01  0.1768E+02
   7.103  0.2539E+01  0.1770E+02
   7.113  0.2539E+01  0.1773E+02
   7.123  0.2539E+01  0.1775E+02
   7.133  0.2539E+01  0.1778E+02
   7.143  0.2538E+01  0.1780E+02
   7.153  0.2538E+01  0.1783E+02
   7.163  0.2538E+01  0.1786E+02
   7.173  0.2538E+01  0.1788E+02
   7.183  0.2537E+01  0.1791E+02
   7.193  0.2537E+01  0.1793E+02
   7.203  0.2537E+01  0.1796E+02
   7.213  0.2536E+01  0.1798E+02
   7.223  0.2536E+01  0.1801E+02
   7.233  0.2536E+01  0.1803E+02
   7.243  0.2535E+01  0.1806E+02
   7.253  0.2535E+01  0.1808E+02
   7.263  0.2535E+01  0.1811E+02
   7.273  0.2534E+01  0.1813E+02
   7.283  0.2534E+01  0.1816E+02
   7.293  0.2534E+01  0.1818E+02
   7.303  0.2533E+01  0.1821E+02
   7.313  0.2533E+01  0.1824E+02
   7.323  0.2532E+01  0.1826E+02
   7.333  0.2532E+01  0.1829E+02
   7.343  0.2531E+01  0.1831E+02
   7.353  0.2531E+01  0.1834E+02
   7.363  0.2530E+01  0.1836E+02
   7.373  0.2530E+01  0.1839E+02
   7.383  0.2529E+01  0.1841E+02
   7.393  0.2529E+01  0.1844E+02
   7.403  0.2528E+01  0.1846E+02
   7.413  0.2528E+01  0.1849E+02
   7.423  0.2528E+01  0.1851E+02
   7.433  0.2528E+01  0.1854E+02
   7.443  0.2528E+01  0.1856E+02
   7.453  0.2528E+01  0.1859E+02
   7.463  0.2528E+01  0.1861E+02
   7.473  0.2528E+01  0.1864E+02
   7.483  0.2528E+01  0.1867E+02
   7.493  0.2529E+01  0.1869E+02
   7.503  0.2529E+01  0.1872E+02
   7.513  0.2530E+01  0.1874E+02
   7.523  0.2531E+01  0.1877E+02
   7.533  0.2532E+01  0.1879E+02
   7.543  0.2532E+01  0.1882E+02
   7.553  0.2534E+01  0.1884E+02
   7.563  0.2535E+01  0.1887E+02
   7.573  0.2536E+01  0.1889E+02
   7.583  0.2537E+01  0.1892E+02
   7.593  0.2539E+01  0.1894E+02
   7.603  0.2541E+01  0.1897E+02
   7.613  0.2542E+01  0.1899E+02
   7.623  0.2545E+01  0.1902E+02
   7.633  0.2547E+01  0.1905E+02
   7.643  0.2549E+01  0.1907E+02
   7.653  0.2552E+01  0.1910E+02
   7.663  0.2555E+01  0.1912E+02
   7.673  0.2558E+01  0.1915E+02
   7.683  0.2562E+01  0.1917E+02
   7.693  0.2566E+01  0.1920E+02
   7.703  0.2570E+01  0.1922E+02
   7.713  0.2575E+01  0.1925E+02
   7.723  0.2580E+01  0.1928E+02
   7.733  0.2585E+01  0.1930E+02
   7.743  0.2591E+01  0.1933E+02
   7.753  0.2598E+01  0.1935E+02
   7.763  0.2604E+01  0.1938E+02
   7.773  0.2612E+01  0.1941E+02
   7.783  0.2620E+01  0.1943E+02
   7.793  0.2628E+01  0.1946E+02
   7.803  0.2637E+01  0.1949E+02
   7.813  0.2646E+01  0.1951E+02
   7.823  0.2655E+01  0.1954E+02
   7.833  0.2665E+01  0.1956E+02
   7.843  0.2675E+01  0.1959E+02
   7.853  0.2685E+01  0.1962E+02
   7.863  0.2695E+01  0.1965E+02
   7.873  0.2705E+01  0.1967E+02
   7.883  0.2715E+01  0.1970E+02
   7.893  0.2724E+01  0.1973E+02
   7.903  0.2734E+01  0.1975E+02
   7.913  0.2743E+01  0.1978E+02
   7.923  0.2752E+01  0.1981E+02
   7.933  0.2760E+01  0.1984E+02
   7.943  0.2768E+01  0.1986E+02
   7.953  0.2775E+01  0.1989E+02
   7.963  0.2781E+01  0.1992E+02
   7.973  0.2787E+01  0.1995E+02
   7.983  0.2791E+01  0.1998E+02
   7.993  0.2795E+01  0.2000E+02
   8.003  0.2799E+01  0.2003E+02
   8.013  0.2801E+01  0.2006E+02
   8.023  0.2802E+01  0.2009E+02
   8.033  0.2803E+01  0.2012E+02
   8.043  0.2803E+01  0.2014E+02
   8.053  0.2802E+01  0.2017E+02
   8.063  0.2800E+01  0.2020E+02
   8.073  0.2798E+01  0.2023E+02
   8.083  0.2795E+01  0.2026E+02
   8.093  0.2792E+01  0.2028E+02
   8.103  0.2788E+01  0.2031E+02
   8.113  0.2783E+01  0.2034E+02
   8.123  0.2778E+01  0.2037E+02
   8.133  0.2773E+01  0.2039E+02
   8.143  0.2768E+01  0.2042E+02
   8.153  0.2762E+01  0.2045E+02
   8.163  0.2756E+01  0.2048E+02
   8.173  0.2750E+01  0.2051E+02
   8.183  0.2744E+01  0.2053E+02
   8.193  0.2738E+01  0.2056E+02
   8.203  0.2731E+01  0.2059E+02
   8.213  0.2725E+01  0.2061E+02
   8.223  0.2719E+01  0.2064E+02
   8.233  0.2713E+01  0.2067E+02
   8.243  0.2707E+01  0.2070E+02
   8.253  0.2702E+01  0.2072E+02
   8.263  0.2696E+01  0.2075E+02
   8.273  0.2691E+01  0.2078E+02
   8.283  0.2685E+01  0.2080E+02
   8.293  0.2680E+01  0.2083E+02
   8.303  0.2675E+01  0.2086E+02
   8.313  0.2670E+01  0.2088E+02
   8.323  0.2666E+01  0.2091E+02
   8.333  0.2661E+01  0.2094E+02
   8.343  0.2656E+01  0.2096E+02
   8.353  0.2652E+01  0.2099E+02
   8.363  0.2648E+01  0.2102E+02
   8.373  0.2643E+01  0.2104E+02
   8.383  0.2639E+01  0.2107E+02
   8.393  0.2635E+01  0.2110E+02
   8.403  0.2631E+01  0.2112E+02
   8.413  0.2626E+01  0.2115E+02
   8.423  0.2622E+01  0.2117E+02
   8.433  0.2618E+01  0.2120E+02
   8.443  0.2614E+01  0.2123E+02
   8.453  0.2609E+01  0.2125E+02
   8.463  0.2605E+01  0.2128E+02
   8.473  0.2601E+01  0.2131E+02
   8.483  0.2597E+01  0.2133E+02
   8.493  0.2593E+01  0.2136E+02
   8.503  0.2589E+01  0.2138E+02
   8.513  0.2585E+01  0.2141E+02
   8.523  0.2581E+01  0.2143E+02
   8.533  0.2578E+01  0.2146E+02
   8.543  0.2574E+01  0.2149E+02
   8.553  0.2571E+01  0.2151E+02
   8.563  0.2568E+01  0.2154E+02
   8.573  0.2566E+01  0.2156E+02
   8.583  0.2563E+01  0.2159E+02
   8.593  0.2561E+01  0.2161E+02
   8.603  0.2560E+01  0.2164E+02
   8.613  0.2558E+01  0.2167E+02
   8.623  0.2557E+01  0.2169E+02
   8.633  0.2556E+01  0.2172E+02
   8.643  0.2555E+01  0.2174E+02
   8.653  0.2555E+01  0.2177E+02
   8.663  0.2555E+01  0.2179E+02
   8.673  0.2555E+01  0.2182E+02
   8.683  0.2555E+01  0.2184E+02
   8.693  0.2555E+01  0.2187E+02
   8.703  0.2556E+01  0.2190E+02
   8.713  0.2556E+01  0.2192E+02
   8.723  0.2557E+01  0.2195E+02
   8.733  0.2558E+01  0.2197E+02
   8.743  0.2559E+01  0.2200E+02
   8.753  0.2560E+01  0.2202E+02
   8.763  0.2561E+01  0.2205E+02
   8.773  0.2562E+01  0.2207E+02
   8.783  0.2563E+01  0.2210E+02
   8.793  0.2564E+01  0.2213E+02
   8.803  0.2565E+01  0.2215E+02
   8.813  0.2566E+01  0.2218E+02
   8.823  0.2567E+01  0.2220E+02
   8.833  0.2568E+01  0.2223E+02
   8.843  0.2569E+01  0.2225E+02
   8.853  0.2570E+01  0.2228E+02
   8.863  0.2571E+01  0.2231E+02
   8.873  0.2571E+01  0.2233E+02
   8.883  0.2572E+01  0.2236E+02
   8.893  0.2572E+01  0.2238E+02
   8.903  0.2572E+01  0.2241E+02
   8.913  0.2572E+01  0.2243E+02
   8.923  0.2572E+01  0.2246E+02
   8.933  0.2572E+01  0.2249E+02
   8.943  0.2572E+01  0.2251E+02
   8.953  0.2572E+01  0.2254E+02
   8.963  0.2572E+01  0.2256E+02
   8.973  0.2572E+01  0.2259E+02
   8.983  0.2572E+01  0.2261E+02
   8.993  0.2571E+01  0.2264E+02
   9.003  0.2571E+01  0.2267E+02
   9.013  0.2571E+01  0.2269E+02
   9.023  0.2571E+01  0.2272E+02
   9.033  0.2572E+01  0.2274E+02
   9.043  0.2572E+01  0.2277E+02
   9.053  0.2573E+01  0.2279E+02
   9.063  0.2574E+01  0.2282E+02
   9.073  0.2575E+01  0.2285E+02
   9.083  0.2576E+01  0.2287E+02
   9.093  0.2578E+01  0.2290E+02
   9.103  0.2580E+01  0.2292E+02
   9.113  0.2582E+01  0.2295E+02
   9.123  0.2584E+01  0.2297E+02
   9.133  0.2587E+01  0.2300E+02
   9.143  0.2589E+01  0.2303E+02
   9.153  0.2592E+01  0.2305E+02
   9.163  0.2595E+01  0.2308E+02
   9.173  0.2599E+01  0.2310E+02
   9.183  0.2602E+01  0.2313E+02
   9.193  0.2605E+01  0.2316E+02
   9.203  0.2609E+01  0.2318E+02
   9.213  0.2612E+01  0.2321E+02
   9.223  0.2616E+01  0.2323E+02
   9.233  0.2619E+01  0.2326E+02
   9.243  0.2623E+01  0.2329E+02
   9.253  0.2626E+01  0.2331E+02
   9.263  0.2629E+01  0.2334E+02
   9.273  0.2632E+01  0.2337E+02
   9.283  0.2636E+01  0.2339E+02
   9.293  0.2639E+01  0.2342E+02
   9.303  0.2642E+01  0.2345E+02
   9.313  0.2645E+01  0.2347E+02
   9.323  0.2648E+01  0.2350E+02
   9.333  0.2651E+01  0.2352E+02
   9.343  0.2654E+01  0.2355E+02
   9.353  0.2657E+01  0.2358E+02
   9.363  0.2660E+01  0.2360E+02
   9.373  0.2663E+01  0.2363E+02
   9.383  0.2667E+01  0.2366E+02
   9.393  0.2671E+01  0.2368E+02
   9.403  0.2675E+01  0.2371E+02
   9.413  0.2679E+01  0.2374E+02
   9.423  0.2684E+01  0.2376E+02
   9.433  0.2689E+01  0.2379E+02
   9.443  0.2694E+01  0.2382E+02
   9.453  0.2700E+01  0.2385E+02
   9.463  0.2706E+01  0.2387E+02
   9.473  0.2713E+01  0.2390E+02
   9.483  0.2719E+01  0.2393E+02
   9.493  0.2726E+01  0.2395E+02
   9.503  0.2734E+01  0.2398E+02
   9.513  0.2742E+01  0.2401E+02
   9.523  0.2750E+01  0.2404E+02
   9.533  0.2758E+01  0.2406E+02
   9.543  0.2766E+01  0.2409E+02
   9.553  0.2775E+01  0.2412E+02
   9.563  0.2783E+01  0.2415E+02
   9.573  0.2792E+01  0.2418E+02
   9.583  0.2800E+01  0.2420E+02
   9.593  0.2809E+01  0.2423E+02
   9.603  0.2818E+01  0.2426E+02
   9.613  0.2826E+01  0.2429E+02
   9.623  0.2834E+01  0.2432E+02
   9.633  0.2843E+01  0.2434E+02
   9.643  0.2851E+01  0.2437E+02
   9.653  0.2859E+01  0.2440E+02
   9.663  0.2866E+01  0.2443E+02
   9.673  0.2874E+01  0.2446E+02
   9.683  0.2881E+01  0.2449E+02
   9.693  0.2888E+01  0.2452E+02
   9.703  0.2895E+01  0.2455E+02
   9.713  0.2901E+01  0.2457E+02
   9.723  0.2908E+01  0.2460E+02
   9.733  0.2914E+01  0.2463E+02
   9.743  0.2920E+01  0.2466E+02
   9.753  0.2927E+01  0.2469E+02
   9.763  0.2933E+01  0.2472E+02
   9.773  0.2939E+01  0.2475E+02
   9.783  0.2946E+01  0.2478E+02
   9.793  0.2952E+01  0.2481E+02
   9.803  0.2959E+01  0.2484E+02
   9.813  0.2966E+01  0.2487E+02
   9.823  0.2973E+01  0.2490E+02
   9.833  0.2980E+01  0.2493E+02
   9.843  0.2988E+01  0.2496E+02
   9.853  0.2996E+01  0.2499E+02
   9.863  0.3004E+01  0.2502E+02
   9.873  0.3013E+01  0.2505E+02
   9.883  0.3021E+01  0.2508E+02
   9.893  0.3031E+01  0.2511E+02
   9.903  0.3040E+01  0.2514E+02
   9.913  0.3050E+01  0.2517E+02
   9.923  0.3060E+01  0.2520E+02
   9.933  0.3070E+01  0.2523E+02
   9.943  0.3080E+01  0.2526E+02
   9.953  0.3091E+01  0.2529E+02
   9.963  0.3101E+01  0.2532E+02
   9.973  0.3111E+01  0.2535E+02
   9.983  0.3122E+01  0.2539E+02
   9.993  0.3132E+01  0.2542E+02
  10.003  0.3141E+01  0.2545E+02
  10.013  0.3151E+01  0.2548E+02
  10.023  0.3160E+01  0.2551E+02
  10.033  0.3168E+01  0.2554E+02
  10.043  0.3177E+01  0.2558E+02
  10.053  0.3184E+01  0.2561E+02
  10.063  0.3191E+01  0.2564E+02
  10.073  0.3198E+01  0.2567E+02
  10.083  0.3204E+01  0.2570E+02
  10.093  0.3210E+01  0.2573E+02
  10.103  0.3214E+01  0.2577E+02
  10.113  0.3219E+01  0.2580E+02
  10.123  0.3223E+01  0.2583E+02
  10.133  0.3226E+01  0.2586E+02
  10.143  0.3229E+01  0.2590E+02
  10.153  0.3231E+01  0.2593E+02
  10.163  0.3233E+01  0.2596E+02
  10.173  0.3234E+01  0.2599E+02
  10.183  0.3235E+01  0.2603E+02
  10.193  0.3236E+01  0.2606E+02
  10.203  0.3237E+01  0.2609E+02
  10.213  0.3237E+01  0.2612E+02
  10.223  0.3237E+01  0.2615E+02
  10.233  0.3238E+01  0.2619E+02
  10.243  0.3238E+01  0.2622E+02
  10.253  0.3238E+01  0.2625E+02
  10.263  0.3238E+01  0.2628E+02
  10.273  0.3239E+01  0.2632E+02
  10.283  0.3239E+01  0.2635E+02
  10.293  0.3240E+01  0.2638E+02
  10.303  0.3241E+01  0.2641E+02
  10.313  0.3242E+01  0.2645E+02
  10.323  0.3243E+01  0.2648E+02
  10.333  0.3245E+01  0.2651E+02
  10.343  0.3247E+01  0.2654E+02
  10.353  0.3249E+01  0.2658E+02
  10.363  0.3252E+01  0.2661E+02
  10.373  0.3255E+01  0.2664E+02
  10.383  0.3258E+01  0.2667E+02
  10.393  0.3261E+01  0.2671E+02
  10.403  0.3265E+01  0.2674E+02
  10.413  0.3269E+01  0.2677E+02
  10.423  0.3273E+01  0.2680E+02
  10.433  0.3277E+01  0.2684E+02
  10.443  0.3281E+01  0.2687E+02
  10.453  0.3285E+01  0.2690E+02
  10.463  0.3289E+01  0.2694E+02
  10.473  0.3293E+01  0.2697E+02
  10.483  0.3297E+01  0.2700E+02
  10.493  0.3301E+01  0.2703E+02
  10.503  0.3304E+01  0.2707E+02
  10.513  0.3308E+01  0.2710E+02
  10.523  0.3310E+01  0.2713E+02
  10.533  0.3313E+01  0.2717E+02
  10.543  0.3315E+01  0.2720E+02
  10.553  0.3317E+01  0.2723E+02
  10.563  0.3318E+01  0.2727E+02
  10.573  0.3318E+01  0.2730E+02
  10.583  0.3318E+01  0.2733E+02
  10.593  0.3317E+01  0.2737E+02
  10.603  0.3316E+01  0.2740E+02
  10.613  0.3313E+01  0.2743E+02
  10.623  0.3310E+01  0.2747E+02
  10.633  0.3307E+01  0.2750E+02
  10.643  0.3302E+01  0.2753E+02
  10.653  0.3297E+01  0.2756E+02
  10.663  0.3291E+01  0.2760E+02
  10.673  0.3284E+01  0.2763E+02
  10.683  0.3277E+01  0.2766E+02
  10.693  0.3269E+01  0.2770E+02
  10.703  0.3260E+01  0.2773E+02
  10.713  0.3251E+01  0.2776E+02
  10.723  0.3241E+01  0.2779E+02
  10.733  0.3231E+01  0.2783E+02
  10.743  0.3221E+01  0.2786E+02
  10.753  0.3210E+01  0.2789E+02
  10.763  0.3199E+01  0.2792E+02
  10.773  0.3188E+01  0.2795E+02
  10.783  0.3177E+01  0.2799E+02
  10.793  0.3166E+01  0.2802E+02
  10.803  0.3155E+01  0.2805E+02
  10.813  0.3144E+01  0.2808E+02
  10.823  0.3134E+01  0.2811E+02
  10.833  0.3123E+01  0.2814E+02
  10.843  0.3113E+01  0.2817E+02
  10.853  0.3104E+01  0.2820E+02
  10.863  0.3095E+01  0.2824E+02
  10.873  0.3086E+01  0.2827E+02
  10.883  0.3077E+01  0.2830E+02
  10.893  0.3069E+01  0.2833E+02
  10.903  0.3062E+01  0.2836E+02
  10.913  0.3054E+01  0.2839E+02
  10.923  0.3048E+01  0.2842E+02
  10.933  0.3041E+01  0.2845E+02
  10.943  0.3035E+01  0.2848E+02
  10.953  0.3030E+01  0.2851E+02
  10.963  0.3024E+01  0.2854E+02
  10.973  0.3020E+01  0.2857E+02
  10.983  0.3015E+01  0.2860E+02
  10.993  0.3011E+01  0.2863E+02
  11.003  0.3006E+01  0.2866E+02
  11.013  0.3002E+01  0.2869E+02
  11.023  0.2999E+01  0.2872E+02
  11.033  0.2995E+01  0.2875E+02
  11.043  0.2991E+01  0.2878E+02
  11.053  0.2988E+01  0.2881E+02
  11.063  0.2984E+01  0.2884E+02
  11.073  0.2981E+01  0.2887E+02
  11.083  0.2978E+01  0.2890E+02
  11.093  0.2974E+01  0.2893E+02
  11.103  0.2971E+01  0.2896E+02
  11.113  0.2967E+01  0.2899E+02
  11.123  0.2964E+01  0.2902E+02
  11.133  0.2961E+01  0.2905E+02
  11.143  0.2957E+01  0.2908E+02
  11.153  0.2954E+01  0.2911E+02
  11.163  0.2950E+01  0.2914E+02
  11.173  0.2947E+01  0.2917E+02
  11.183  0.2943E+01  0.2920E+02
  11.193  0.2939E+01  0.2923E+02
  11.203  0.2936E+01  0.2926E+02
  11.213  0.2933E+01  0.2928E+02
  11.223  0.2929E+01  0.2931E+02
  11.233  0.2926E+01  0.2934E+02
  11.243  0.2923E+01  0.2937E+02
  11.253  0.2920E+01  0.2940E+02
  11.263  0.2917E+01  0.2943E+02
  11.273  0.2914E+01  0.2946E+02
  11.283  0.2912E+01  0.2949E+02
  11.293  0.2910E+01  0.2952E+02
  11.303  0.2908E+01  0.2955E+02
  11.313  0.2906E+01  0.2958E+02
  11.323  0.2904E+01  0.2961E+02
  11.333  0.2903E+01  0.2963E+02
  11.343  0.2901E+01  0.2966E+02
  11.353  0.2900E+01  0.2969E+02
  11.363  0.2899E+01  0.2972E+02
  11.373  0.2898E+01  0.2975E+02
  11.383  0.2897E+01  0.2978E+02
  11.393  0.2896E+01  0.2981E+02
  11.403  0.2895E+01  0.2984E+02
  11.413  0.2894E+01  0.2987E+02
  11.423  0.2892E+01  0.2990E+02
  11.433  0.2890E+01  0.2992E+02
  11.443  0.2888E+01  0.2995E+02
  11.453  0.2885E+01  0.2998E+02
  11.463  0.2882E+01  0.3001E+02
  11.473  0.2878E+01  0.3004E+02
  11.483  0.2874E+01  0.3007E+02
  11.493  0.2869E+01  0.3010E+02
  11.503  0.2863E+01  0.3013E+02
  11.513  0.2857E+01  0.3015E+02
  11.523  0.2850E+01  0.3018E+02
  11.533  0.2842E+01  0.3021E+02
  11.543  0.2834E+01  0.3024E+02
  11.553  0.2825E+01  0.3027E+02
  11.563  0.2816E+01  0.3030E+02
  11.573  0.2806E+01  0.3032E+02
  11.583  0.2796E+01  0.3035E+02
  11.593  0.2786E+01  0.3038E+02
  11.603  0.2775E+01  0.3041E+02
  11.613  0.2764E+01  0.3044E+02
  11.623  0.2753E+01  0.3046E+02
  11.633  0.2743E+01  0.3049E+02
  11.643  0.2732E+01  0.3052E+02
  11.653  0.2722E+01  0.3054E+02
  11.663  0.2711E+01  0.3057E+02
  11.673  0.2702E+01  0.3060E+02
  11.683  0.2693E+01  0.3063E+02
  11.693  0.2684E+01  0.3065E+02
  11.703  0.2676E+01  0.3068E+02
  11.713  0.2668E+01  0.3071E+02
  11.723  0.2661E+01  0.3073E+02
  11.733  0.2655E+01  0.3076E+02
  11.743  0.2650E+01  0.3079E+02
  11.753  0.2646E+01  0.3081E+02
  11.763  0.2642E+01  0.3084E+02
  11.773  0.2640E+01  0.3086E+02
  11.783  0.2638E+01  0.3089E+02
  11.793  0.2637E+01  0.3092E+02
  11.803  0.2638E+01  0.3094E+02
  11.813  0.2639E+01  0.3097E+02
  11.823  0.2641E+01  0.3100E+02
  11.833  0.2645E+01  0.3102E+02
  11.843  0.2649E+01  0.3105E+02
  11.853  0.2655E+01  0.3108E+02
  11.863  0.2661E+01  0.3110E+02
  11.873  0.2669E+01  0.3113E+02
  11.883  0.2678E+01  0.3116E+02
  11.893  0.2687E+01  0.3118E+02
  11.903  0.2698E+01  0.3121E+02
  11.913  0.2709E+01  0.3124E+02
  11.923  0.2722E+01  0.3126E+02
  11.933  0.2735E+01  0.3129E+02
  11.943  0.2748E+01  0.3132E+02
  11.953  0.2763E+01  0.3135E+02
  11.963  0.2777E+01  0.3137E+02
  11.973  0.2792E+01  0.3140E+02
  11.983  0.2808E+01  0.3143E+02
  11.993  0.2823E+01  0.3146E+02
  12.003  0.2838E+01  0.3149E+02
  12.013  0.2854E+01  0.3152E+02
  12.023  0.2869E+01  0.3154E+02
  12.033  0.2884E+01  0.3157E+02
  12.043  0.2898E+01  0.3160E+02
  12.053  0.2912E+01  0.3163E+02
  12.063  0.2926E+01  0.3166E+02
  12.073  0.2939E+01  0.3169E+02
  12.083  0.2951E+01  0.3172E+02
  12.093  0.2963E+01  0.3175E+02
  12.103  0.2974E+01  0.3178E+02
  12.113  0.2984E+01  0.3181E+02
  12.123  0.2994E+01  0.3184E+02
  12.133  0.3004E+01  0.3187E+02
  12.143  0.3013E+01  0.3190E+02
  12.153  0.3021E+01  0.3193E+02
  12.163  0.3029E+01  0.3196E+02
  12.173  0.3037E+01  0.3199E+02
  12.183  0.3044E+01  0.3202E+02
  12.193  0.3051E+01  0.3205E+02
  12.203  0.3058E+01  0.3208E+02
  12.213  0.3064E+01  0.3211E+02
  12.223  0.3071E+01  0.3214E+02
  12.233  0.3077E+01  0.3217E+02
  12.243  0.3082E+01  0.3220E+02
  12.253  0.3088E+01  0.3224E+02
