#  E (eV)   dos(E)     Int dos(E) EFermi =   -4.220 eV
 -14.220  0.4719E+00  0.9437E-02
 -14.200  0.4548E+00  0.1853E-01
 -14.180  0.4312E+00  0.2716E-01
 -14.160  0.4036E+00  0.3523E-01
 -14.140  0.3743E+00  0.4271E-01
 -14.120  0.3455E+00  0.4962E-01
 -14.100  0.3186E+00  0.5600E-01
 -14.080  0.2950E+00  0.6190E-01
 -14.060  0.2754E+00  0.6741E-01
 -14.040  0.2605E+00  0.7262E-01
 -14.020  0.2511E+00  0.7764E-01
 -14.000  0.2480E+00  0.8260E-01
 -13.980  0.2518E+00  0.8763E-01
 -13.960  0.2629E+00  0.9289E-01
 -13.940  0.2813E+00  0.9852E-01
 -13.920  0.3061E+00  0.1046E+00
 -13.900  0.3359E+00  0.1114E+00
 -13.880  0.3686E+00  0.1187E+00
 -13.860  0.4015E+00  0.1268E+00
 -13.840  0.4320E+00  0.1354E+00
 -13.820  0.4577E+00  0.1446E+00
 -13.800  0.4765E+00  0.1541E+00
 -13.780  0.4871E+00  0.1638E+00
 -13.760  0.4889E+00  0.1736E+00
 -13.740  0.4821E+00  0.1832E+00
 -13.720  0.4673E+00  0.1926E+00
 -13.700  0.4460E+00  0.2015E+00
 -13.680  0.4201E+00  0.2099E+00
 -13.660  0.3918E+00  0.2178E+00
 -13.640  0.3640E+00  0.2250E+00
 -13.620  0.3395E+00  0.2318E+00
 -13.600  0.3211E+00  0.2382E+00
 -13.580  0.3111E+00  0.2445E+00
 -13.560  0.3108E+00  0.2507E+00
 -13.540  0.3204E+00  0.2571E+00
 -13.520  0.3384E+00  0.2639E+00
 -13.500  0.3620E+00  0.2711E+00
 -13.480  0.3875E+00  0.2788E+00
 -13.460  0.4105E+00  0.2871E+00
 -13.440  0.4269E+00  0.2956E+00
 -13.420  0.4338E+00  0.3043E+00
 -13.400  0.4296E+00  0.3129E+00
 -13.380  0.4150E+00  0.3212E+00
 -13.360  0.3921E+00  0.3290E+00
 -13.340  0.3645E+00  0.3363E+00
 -13.320  0.3366E+00  0.3430E+00
 -13.300  0.3124E+00  0.3493E+00
 -13.280  0.2954E+00  0.3552E+00
 -13.260  0.2876E+00  0.3609E+00
 -13.240  0.2898E+00  0.3667E+00
 -13.220  0.3014E+00  0.3728E+00
 -13.200  0.3207E+00  0.3792E+00
 -13.180  0.3457E+00  0.3861E+00
 -13.160  0.3744E+00  0.3936E+00
 -13.140  0.4048E+00  0.4017E+00
 -13.120  0.4352E+00  0.4104E+00
 -13.100  0.4642E+00  0.4197E+00
 -13.080  0.4903E+00  0.4295E+00
 -13.060  0.5116E+00  0.4397E+00
 -13.040  0.5263E+00  0.4502E+00
 -13.020  0.5327E+00  0.4609E+00
 -13.000  0.5294E+00  0.4715E+00
 -12.980  0.5160E+00  0.4818E+00
 -12.960  0.4932E+00  0.4916E+00
 -12.940  0.4629E+00  0.5009E+00
 -12.920  0.4280E+00  0.5095E+00
 -12.900  0.3919E+00  0.5173E+00
 -12.880  0.3578E+00  0.5245E+00
 -12.860  0.3283E+00  0.5310E+00
 -12.840  0.3052E+00  0.5371E+00
 -12.820  0.2891E+00  0.5429E+00
 -12.800  0.2801E+00  0.5485E+00
 -12.780  0.2777E+00  0.5541E+00
 -12.760  0.2817E+00  0.5597E+00
 -12.740  0.2916E+00  0.5655E+00
 -12.720  0.3076E+00  0.5717E+00
 -12.700  0.3295E+00  0.5783E+00
 -12.680  0.3571E+00  0.5854E+00
 -12.660  0.3895E+00  0.5932E+00
 -12.640  0.4252E+00  0.6017E+00
 -12.620  0.4615E+00  0.6109E+00
 -12.600  0.4955E+00  0.6209E+00
 -12.580  0.5237E+00  0.6313E+00
 -12.560  0.5432E+00  0.6422E+00
 -12.540  0.5516E+00  0.6532E+00
 -12.520  0.5480E+00  0.6642E+00
 -12.500  0.5328E+00  0.6748E+00
 -12.480  0.5076E+00  0.6850E+00
 -12.460  0.4754E+00  0.6945E+00
 -12.440  0.4396E+00  0.7033E+00
 -12.420  0.4040E+00  0.7114E+00
 -12.400  0.3721E+00  0.7188E+00
 -12.380  0.3466E+00  0.7257E+00
 -12.360  0.3299E+00  0.7323E+00
 -12.340  0.3232E+00  0.7388E+00
 -12.320  0.3270E+00  0.7453E+00
 -12.300  0.3411E+00  0.7522E+00
 -12.280  0.3642E+00  0.7595E+00
 -12.260  0.3941E+00  0.7673E+00
 -12.240  0.4279E+00  0.7759E+00
 -12.220  0.4618E+00  0.7851E+00
 -12.200  0.4919E+00  0.7950E+00
 -12.180  0.5146E+00  0.8053E+00
 -12.160  0.5271E+00  0.8158E+00
 -12.140  0.5279E+00  0.8264E+00
 -12.120  0.5177E+00  0.8367E+00
 -12.100  0.4987E+00  0.8467E+00
 -12.080  0.4748E+00  0.8562E+00
 -12.060  0.4508E+00  0.8652E+00
 -12.040  0.4313E+00  0.8738E+00
 -12.020  0.4203E+00  0.8822E+00
 -12.000  0.4203E+00  0.8906E+00
 -11.980  0.4320E+00  0.8993E+00
 -11.960  0.4543E+00  0.9084E+00
 -11.940  0.4851E+00  0.9181E+00
 -11.920  0.5210E+00  0.9285E+00
 -11.900  0.5589E+00  0.9397E+00
 -11.880  0.5961E+00  0.9516E+00
 -11.860  0.6309E+00  0.9642E+00
 -11.840  0.6623E+00  0.9774E+00
 -11.820  0.6901E+00  0.9912E+00
 -11.800  0.7145E+00  0.1006E+01
 -11.780  0.7355E+00  0.1020E+01
 -11.760  0.7526E+00  0.1035E+01
 -11.740  0.7651E+00  0.1051E+01
 -11.720  0.7718E+00  0.1066E+01
 -11.700  0.7721E+00  0.1081E+01
 -11.680  0.7660E+00  0.1097E+01
 -11.660  0.7543E+00  0.1112E+01
 -11.640  0.7392E+00  0.1127E+01
 -11.620  0.7234E+00  0.1141E+01
 -11.600  0.7099E+00  0.1155E+01
 -11.580  0.7010E+00  0.1169E+01
 -11.560  0.6983E+00  0.1183E+01
 -11.540  0.7021E+00  0.1197E+01
 -11.520  0.7112E+00  0.1212E+01
 -11.500  0.7238E+00  0.1226E+01
 -11.480  0.7379E+00  0.1241E+01
 -11.460  0.7517E+00  0.1256E+01
 -11.440  0.7643E+00  0.1271E+01
 -11.420  0.7758E+00  0.1287E+01
 -11.400  0.7868E+00  0.1302E+01
 -11.380  0.7985E+00  0.1318E+01
 -11.360  0.8116E+00  0.1335E+01
 -11.340  0.8262E+00  0.1351E+01
 -11.320  0.8412E+00  0.1368E+01
 -11.300  0.8545E+00  0.1385E+01
 -11.280  0.8635E+00  0.1402E+01
 -11.260  0.8660E+00  0.1420E+01
 -11.240  0.8605E+00  0.1437E+01
 -11.220  0.8470E+00  0.1454E+01
 -11.200  0.8271E+00  0.1470E+01
 -11.180  0.8040E+00  0.1486E+01
 -11.160  0.7814E+00  0.1502E+01
 -11.140  0.7633E+00  0.1517E+01
 -11.120  0.7530E+00  0.1532E+01
 -11.100  0.7525E+00  0.1547E+01
 -11.080  0.7625E+00  0.1563E+01
 -11.060  0.7823E+00  0.1578E+01
 -11.040  0.8100E+00  0.1594E+01
 -11.020  0.8427E+00  0.1611E+01
 -11.000  0.8773E+00  0.1629E+01
 -10.980  0.9109E+00  0.1647E+01
 -10.960  0.9410E+00  0.1666E+01
 -10.940  0.9661E+00  0.1685E+01
 -10.920  0.9855E+00  0.1705E+01
 -10.900  0.1000E+01  0.1725E+01
 -10.880  0.1011E+01  0.1745E+01
 -10.860  0.1021E+01  0.1766E+01
 -10.840  0.1030E+01  0.1786E+01
 -10.820  0.1042E+01  0.1807E+01
 -10.800  0.1055E+01  0.1828E+01
 -10.780  0.1069E+01  0.1850E+01
 -10.760  0.1084E+01  0.1871E+01
 -10.740  0.1098E+01  0.1893E+01
 -10.720  0.1109E+01  0.1915E+01
 -10.700  0.1115E+01  0.1938E+01
 -10.680  0.1116E+01  0.1960E+01
 -10.660  0.1110E+01  0.1982E+01
 -10.640  0.1097E+01  0.2004E+01
 -10.620  0.1077E+01  0.2026E+01
 -10.600  0.1051E+01  0.2047E+01
 -10.580  0.1022E+01  0.2067E+01
 -10.560  0.9913E+00  0.2087E+01
 -10.540  0.9627E+00  0.2106E+01
 -10.520  0.9390E+00  0.2125E+01
 -10.500  0.9224E+00  0.2143E+01
 -10.480  0.9137E+00  0.2162E+01
 -10.460  0.9121E+00  0.2180E+01
 -10.440  0.9154E+00  0.2198E+01
 -10.420  0.9206E+00  0.2217E+01
 -10.400  0.9244E+00  0.2235E+01
 -10.380  0.9240E+00  0.2254E+01
 -10.360  0.9177E+00  0.2272E+01
 -10.340  0.9047E+00  0.2290E+01
 -10.320  0.8859E+00  0.2308E+01
 -10.300  0.8628E+00  0.2325E+01
 -10.280  0.8375E+00  0.2342E+01
 -10.260  0.8126E+00  0.2358E+01
 -10.240  0.7902E+00  0.2374E+01
 -10.220  0.7721E+00  0.2389E+01
 -10.200  0.7598E+00  0.2404E+01
 -10.180  0.7538E+00  0.2420E+01
 -10.160  0.7545E+00  0.2435E+01
 -10.140  0.7613E+00  0.2450E+01
 -10.120  0.7733E+00  0.2465E+01
 -10.100  0.7891E+00  0.2481E+01
 -10.080  0.8064E+00  0.2497E+01
 -10.060  0.8226E+00  0.2514E+01
 -10.040  0.8349E+00  0.2530E+01
 -10.020  0.8401E+00  0.2547E+01
 -10.000  0.8361E+00  0.2564E+01
  -9.980  0.8214E+00  0.2580E+01
  -9.960  0.7963E+00  0.2596E+01
  -9.940  0.7626E+00  0.2612E+01
  -9.920  0.7235E+00  0.2626E+01
  -9.900  0.6833E+00  0.2640E+01
  -9.880  0.6461E+00  0.2653E+01
  -9.860  0.6158E+00  0.2665E+01
  -9.840  0.5952E+00  0.2677E+01
  -9.820  0.5854E+00  0.2689E+01
  -9.800  0.5865E+00  0.2700E+01
  -9.780  0.5975E+00  0.2712E+01
  -9.760  0.6164E+00  0.2725E+01
  -9.740  0.6410E+00  0.2737E+01
  -9.720  0.6689E+00  0.2751E+01
  -9.700  0.6978E+00  0.2765E+01
  -9.680  0.7257E+00  0.2779E+01
  -9.660  0.7507E+00  0.2794E+01
  -9.640  0.7713E+00  0.2810E+01
  -9.620  0.7865E+00  0.2825E+01
  -9.600  0.7957E+00  0.2841E+01
  -9.580  0.7986E+00  0.2857E+01
  -9.560  0.7954E+00  0.2873E+01
  -9.540  0.7864E+00  0.2889E+01
  -9.520  0.7724E+00  0.2904E+01
  -9.500  0.7537E+00  0.2919E+01
  -9.480  0.7308E+00  0.2934E+01
  -9.460  0.7041E+00  0.2948E+01
  -9.440  0.6737E+00  0.2962E+01
  -9.420  0.6403E+00  0.2974E+01
  -9.400  0.6046E+00  0.2986E+01
  -9.380  0.5682E+00  0.2998E+01
  -9.360  0.5333E+00  0.3009E+01
  -9.340  0.5026E+00  0.3019E+01
  -9.320  0.4793E+00  0.3028E+01
  -9.300  0.4664E+00  0.3037E+01
  -9.280  0.4662E+00  0.3047E+01
  -9.260  0.4802E+00  0.3056E+01
  -9.240  0.5083E+00  0.3067E+01
  -9.220  0.5489E+00  0.3078E+01
  -9.200  0.5987E+00  0.3090E+01
  -9.180  0.6534E+00  0.3103E+01
  -9.160  0.7077E+00  0.3117E+01
  -9.140  0.7563E+00  0.3132E+01
  -9.120  0.7945E+00  0.3148E+01
  -9.100  0.8186E+00  0.3164E+01
  -9.080  0.8265E+00  0.3181E+01
  -9.060  0.8176E+00  0.3197E+01
  -9.040  0.7933E+00  0.3213E+01
  -9.020  0.7561E+00  0.3228E+01
  -9.000  0.7096E+00  0.3242E+01
  -8.980  0.6581E+00  0.3255E+01
  -8.960  0.6059E+00  0.3267E+01
  -8.940  0.5571E+00  0.3279E+01
  -8.920  0.5150E+00  0.3289E+01
  -8.900  0.4820E+00  0.3299E+01
  -8.880  0.4595E+00  0.3308E+01
  -8.860  0.4479E+00  0.3317E+01
  -8.840  0.4469E+00  0.3326E+01
  -8.820  0.4554E+00  0.3335E+01
  -8.800  0.4720E+00  0.3344E+01
  -8.780  0.4954E+00  0.3354E+01
  -8.760  0.5238E+00  0.3365E+01
  -8.740  0.5556E+00  0.3376E+01
  -8.720  0.5890E+00  0.3387E+01
  -8.700  0.6219E+00  0.3400E+01
  -8.680  0.6521E+00  0.3413E+01
  -8.660  0.6775E+00  0.3426E+01
  -8.640  0.6959E+00  0.3440E+01
  -8.620  0.7059E+00  0.3455E+01
  -8.600  0.7064E+00  0.3469E+01
  -8.580  0.6977E+00  0.3483E+01
  -8.560  0.6807E+00  0.3496E+01
  -8.540  0.6575E+00  0.3509E+01
  -8.520  0.6307E+00  0.3522E+01
  -8.500  0.6034E+00  0.3534E+01
  -8.480  0.5783E+00  0.3546E+01
  -8.460  0.5578E+00  0.3557E+01
  -8.440  0.5431E+00  0.3568E+01
  -8.420  0.5348E+00  0.3578E+01
  -8.400  0.5319E+00  0.3589E+01
  -8.380  0.5330E+00  0.3600E+01
  -8.360  0.5360E+00  0.3610E+01
  -8.340  0.5388E+00  0.3621E+01
  -8.320  0.5394E+00  0.3632E+01
  -8.300  0.5366E+00  0.3643E+01
  -8.280  0.5301E+00  0.3653E+01
  -8.260  0.5205E+00  0.3664E+01
  -8.240  0.5096E+00  0.3674E+01
  -8.220  0.4996E+00  0.3684E+01
  -8.200  0.4936E+00  0.3694E+01
  -8.180  0.4940E+00  0.3704E+01
  -8.160  0.5029E+00  0.3714E+01
  -8.140  0.5213E+00  0.3724E+01
  -8.120  0.5486E+00  0.3735E+01
  -8.100  0.5829E+00  0.3747E+01
  -8.080  0.6206E+00  0.3759E+01
  -8.060  0.6573E+00  0.3772E+01
  -8.040  0.6883E+00  0.3786E+01
  -8.020  0.7091E+00  0.3800E+01
  -8.000  0.7162E+00  0.3815E+01
  -7.980  0.7081E+00  0.3829E+01
  -7.960  0.6850E+00  0.3842E+01
  -7.940  0.6494E+00  0.3855E+01
  -7.920  0.6056E+00  0.3867E+01
  -7.900  0.5584E+00  0.3879E+01
  -7.880  0.5132E+00  0.3889E+01
  -7.860  0.4746E+00  0.3898E+01
  -7.840  0.4457E+00  0.3907E+01
  -7.820  0.4283E+00  0.3916E+01
  -7.800  0.4225E+00  0.3924E+01
  -7.780  0.4268E+00  0.3933E+01
  -7.760  0.4392E+00  0.3942E+01
  -7.740  0.4569E+00  0.3951E+01
  -7.720  0.4774E+00  0.3960E+01
  -7.700  0.4985E+00  0.3970E+01
  -7.680  0.5186E+00  0.3981E+01
  -7.660  0.5369E+00  0.3991E+01
  -7.640  0.5534E+00  0.4003E+01
  -7.620  0.5684E+00  0.4014E+01
  -7.600  0.5827E+00  0.4026E+01
  -7.580  0.5966E+00  0.4037E+01
  -7.560  0.6105E+00  0.4050E+01
  -7.540  0.6238E+00  0.4062E+01
  -7.520  0.6356E+00  0.4075E+01
  -7.500  0.6446E+00  0.4088E+01
  -7.480  0.6490E+00  0.4101E+01
  -7.460  0.6474E+00  0.4114E+01
  -7.440  0.6388E+00  0.4126E+01
  -7.420  0.6227E+00  0.4139E+01
  -7.400  0.5995E+00  0.4151E+01
  -7.380  0.5704E+00  0.4162E+01
  -7.360  0.5369E+00  0.4173E+01
  -7.340  0.5010E+00  0.4183E+01
  -7.320  0.4647E+00  0.4192E+01
  -7.300  0.4297E+00  0.4201E+01
  -7.280  0.3973E+00  0.4209E+01
  -7.260  0.3684E+00  0.4216E+01
  -7.240  0.3435E+00  0.4223E+01
  -7.220  0.3229E+00  0.4230E+01
  -7.200  0.3068E+00  0.4236E+01
  -7.180  0.2954E+00  0.4242E+01
  -7.160  0.2893E+00  0.4247E+01
  -7.140  0.2890E+00  0.4253E+01
  -7.120  0.2949E+00  0.4259E+01
  -7.100  0.3077E+00  0.4265E+01
  -7.080  0.3274E+00  0.4272E+01
  -7.060  0.3536E+00  0.4279E+01
  -7.040  0.3849E+00  0.4287E+01
  -7.020  0.4195E+00  0.4295E+01
  -7.000  0.4547E+00  0.4304E+01
  -6.980  0.4874E+00  0.4314E+01
  -6.960  0.5149E+00  0.4324E+01
  -6.940  0.5350E+00  0.4335E+01
  -6.920  0.5463E+00  0.4346E+01
  -6.900  0.5490E+00  0.4357E+01
  -6.880  0.5440E+00  0.4368E+01
  -6.860  0.5332E+00  0.4378E+01
  -6.840  0.5190E+00  0.4389E+01
  -6.820  0.5034E+00  0.4399E+01
  -6.800  0.4881E+00  0.4408E+01
  -6.780  0.4740E+00  0.4418E+01
  -6.760  0.4613E+00  0.4427E+01
  -6.740  0.4499E+00  0.4436E+01
  -6.720  0.4390E+00  0.4445E+01
  -6.700  0.4279E+00  0.4454E+01
  -6.680  0.4163E+00  0.4462E+01
  -6.660  0.4043E+00  0.4470E+01
  -6.640  0.3928E+00  0.4478E+01
  -6.620  0.3833E+00  0.4485E+01
  -6.600  0.3782E+00  0.4493E+01
  -6.580  0.3801E+00  0.4501E+01
  -6.560  0.3914E+00  0.4508E+01
  -6.540  0.4137E+00  0.4517E+01
  -6.520  0.4468E+00  0.4526E+01
  -6.500  0.4890E+00  0.4535E+01
  -6.480  0.5363E+00  0.4546E+01
  -6.460  0.5828E+00  0.4558E+01
  -6.440  0.6221E+00  0.4570E+01
  -6.420  0.6477E+00  0.4583E+01
  -6.400  0.6547E+00  0.4596E+01
  -6.380  0.6409E+00  0.4609E+01
  -6.360  0.6065E+00  0.4621E+01
  -6.340  0.5550E+00  0.4632E+01
  -6.320  0.4917E+00  0.4642E+01
  -6.300  0.4229E+00  0.4651E+01
  -6.280  0.3548E+00  0.4658E+01
  -6.260  0.2926E+00  0.4664E+01
  -6.240  0.2399E+00  0.4668E+01
  -6.220  0.1985E+00  0.4672E+01
  -6.200  0.1687E+00  0.4676E+01
  -6.180  0.1499E+00  0.4679E+01
  -6.160  0.1407E+00  0.4682E+01
  -6.140  0.1395E+00  0.4684E+01
  -6.120  0.1447E+00  0.4687E+01
  -6.100  0.1548E+00  0.4690E+01
  -6.080  0.1686E+00  0.4694E+01
  -6.060  0.1851E+00  0.4697E+01
  -6.040  0.2034E+00  0.4701E+01
  -6.020  0.2232E+00  0.4706E+01
  -6.000  0.2438E+00  0.4711E+01
  -5.980  0.2649E+00  0.4716E+01
  -5.960  0.2856E+00  0.4722E+01
  -5.940  0.3051E+00  0.4728E+01
  -5.920  0.3219E+00  0.4734E+01
  -5.900  0.3345E+00  0.4741E+01
  -5.880  0.3415E+00  0.4748E+01
  -5.860  0.3415E+00  0.4755E+01
  -5.840  0.3339E+00  0.4761E+01
  -5.820  0.3187E+00  0.4768E+01
  -5.800  0.2968E+00  0.4774E+01
  -5.780  0.2695E+00  0.4779E+01
  -5.760  0.2388E+00  0.4784E+01
  -5.740  0.2067E+00  0.4788E+01
  -5.720  0.1755E+00  0.4792E+01
  -5.700  0.1470E+00  0.4794E+01
  -5.680  0.1229E+00  0.4797E+01
  -5.660  0.1041E+00  0.4799E+01
  -5.640  0.9141E-01  0.4801E+01
  -5.620  0.8493E-01  0.4803E+01
  -5.600  0.8427E-01  0.4804E+01
  -5.580  0.8860E-01  0.4806E+01
  -5.560  0.9669E-01  0.4808E+01
  -5.540  0.1071E+00  0.4810E+01
  -5.520  0.1185E+00  0.4812E+01
  -5.500  0.1296E+00  0.4815E+01
  -5.480  0.1397E+00  0.4818E+01
  -5.460  0.1485E+00  0.4821E+01
  -5.440  0.1560E+00  0.4824E+01
  -5.420  0.1626E+00  0.4827E+01
  -5.400  0.1686E+00  0.4831E+01
  -5.380  0.1741E+00  0.4834E+01
  -5.360  0.1789E+00  0.4838E+01
  -5.340  0.1822E+00  0.4841E+01
  -5.320  0.1833E+00  0.4845E+01
  -5.300  0.1812E+00  0.4849E+01
  -5.280  0.1757E+00  0.4852E+01
  -5.260  0.1666E+00  0.4855E+01
  -5.240  0.1548E+00  0.4858E+01
  -5.220  0.1412E+00  0.4861E+01
  -5.200  0.1270E+00  0.4864E+01
  -5.180  0.1137E+00  0.4866E+01
  -5.160  0.1019E+00  0.4868E+01
  -5.140  0.9214E-01  0.4870E+01
  -5.120  0.8432E-01  0.4872E+01
  -5.100  0.7800E-01  0.4873E+01
  -5.080  0.7253E-01  0.4875E+01
  -5.060  0.6731E-01  0.4876E+01
  -5.040  0.6200E-01  0.4877E+01
  -5.020  0.5659E-01  0.4878E+01
  -5.000  0.5142E-01  0.4879E+01
  -4.980  0.4714E-01  0.4880E+01
  -4.960  0.4452E-01  0.4881E+01
  -4.940  0.4432E-01  0.4882E+01
  -4.920  0.4708E-01  0.4883E+01
  -4.900  0.5296E-01  0.4884E+01
  -4.880  0.6169E-01  0.4885E+01
  -4.860  0.7247E-01  0.4887E+01
  -4.840  0.8413E-01  0.4889E+01
  -4.820  0.9518E-01  0.4890E+01
  -4.800  0.1041E+00  0.4892E+01
  -4.780  0.1096E+00  0.4895E+01
  -4.760  0.1109E+00  0.4897E+01
  -4.740  0.1075E+00  0.4899E+01
  -4.720  0.9990E-01  0.4901E+01
  -4.700  0.8895E-01  0.4903E+01
  -4.680  0.7587E-01  0.4904E+01
  -4.660  0.6198E-01  0.4906E+01
  -4.640  0.4850E-01  0.4907E+01
  -4.620  0.3634E-01  0.4907E+01
  -4.600  0.2609E-01  0.4908E+01
  -4.580  0.1796E-01  0.4908E+01
  -4.560  0.1187E-01  0.4908E+01
  -4.540  0.7583E-02  0.4909E+01
  -4.520  0.4775E-02  0.4909E+01
  -4.500  0.3129E-02  0.4909E+01
  -4.480  0.2393E-02  0.4909E+01
  -4.460  0.2403E-02  0.4909E+01
  -4.440  0.3084E-02  0.4909E+01
  -4.420  0.4433E-02  0.4909E+01
  -4.400  0.6488E-02  0.4909E+01
  -4.380  0.9281E-02  0.4909E+01
  -4.360  0.1280E-01  0.4910E+01
  -4.340  0.1693E-01  0.4910E+01
  -4.320  0.2147E-01  0.4910E+01
  -4.300  0.2608E-01  0.4911E+01
  -4.280  0.3034E-01  0.4911E+01
  -4.260  0.3380E-01  0.4912E+01
  -4.240  0.3607E-01  0.4913E+01
  -4.220  0.3686E-01  0.4914E+01
  -4.200  0.3607E-01  0.4914E+01
  -4.180  0.3381E-01  0.4915E+01
  -4.160  0.3035E-01  0.4916E+01
  -4.140  0.2609E-01  0.4916E+01
  -4.120  0.2149E-01  0.4917E+01
  -4.100  0.1695E-01  0.4917E+01
  -4.080  0.1282E-01  0.4917E+01
  -4.060  0.9311E-02  0.4917E+01
  -4.040  0.6539E-02  0.4917E+01
  -4.020  0.4528E-02  0.4918E+01
  -4.000  0.3258E-02  0.4918E+01
  -3.980  0.2717E-02  0.4918E+01
  -3.960  0.2938E-02  0.4918E+01
  -3.940  0.4030E-02  0.4918E+01
  -3.920  0.6193E-02  0.4918E+01
  -3.900  0.9709E-02  0.4918E+01
  -3.880  0.1490E-01  0.4918E+01
  -3.860  0.2204E-01  0.4919E+01
  -3.840  0.3131E-01  0.4919E+01
  -3.820  0.4262E-01  0.4920E+01
  -3.800  0.5559E-01  0.4921E+01
  -3.780  0.6945E-01  0.4923E+01
  -3.760  0.8311E-01  0.4924E+01
  -3.740  0.9530E-01  0.4926E+01
  -3.720  0.1047E+00  0.4928E+01
  -3.700  0.1104E+00  0.4931E+01
  -3.680  0.1117E+00  0.4933E+01
  -3.660  0.1088E+00  0.4935E+01
  -3.640  0.1022E+00  0.4937E+01
  -3.620  0.9311E-01  0.4939E+01
  -3.600  0.8306E-01  0.4941E+01
  -3.580  0.7348E-01  0.4942E+01
  -3.560  0.6555E-01  0.4943E+01
  -3.540  0.6004E-01  0.4945E+01
  -3.520  0.5717E-01  0.4946E+01
  -3.500  0.5668E-01  0.4947E+01
  -3.480  0.5797E-01  0.4948E+01
  -3.460  0.6029E-01  0.4949E+01
  -3.440  0.6298E-01  0.4951E+01
  -3.420  0.6569E-01  0.4952E+01
  -3.400  0.6849E-01  0.4953E+01
  -3.380  0.7186E-01  0.4955E+01
  -3.360  0.7665E-01  0.4956E+01
  -3.340  0.8382E-01  0.4958E+01
  -3.320  0.9421E-01  0.4960E+01
  -3.300  0.1083E+00  0.4962E+01
  -3.280  0.1259E+00  0.4964E+01
  -3.260  0.1463E+00  0.4967E+01
  -3.240  0.1683E+00  0.4971E+01
  -3.220  0.1899E+00  0.4975E+01
  -3.200  0.2095E+00  0.4979E+01
  -3.180  0.2251E+00  0.4983E+01
  -3.160  0.2356E+00  0.4988E+01
  -3.140  0.2402E+00  0.4993E+01
  -3.120  0.2386E+00  0.4998E+01
  -3.100  0.2316E+00  0.5002E+01
  -3.080  0.2199E+00  0.5007E+01
  -3.060  0.2049E+00  0.5011E+01
  -3.040  0.1880E+00  0.5014E+01
  -3.020  0.1706E+00  0.5018E+01
  -3.000  0.1541E+00  0.5021E+01
  -2.980  0.1394E+00  0.5024E+01
  -2.960  0.1275E+00  0.5026E+01
  -2.940  0.1194E+00  0.5029E+01
  -2.920  0.1159E+00  0.5031E+01
  -2.900  0.1182E+00  0.5033E+01
  -2.880  0.1274E+00  0.5036E+01
  -2.860  0.1449E+00  0.5039E+01
  -2.840  0.1719E+00  0.5042E+01
  -2.820  0.2089E+00  0.5046E+01
  -2.800  0.2553E+00  0.5051E+01
  -2.780  0.3097E+00  0.5058E+01
  -2.760  0.3692E+00  0.5065E+01
  -2.740  0.4298E+00  0.5074E+01
  -2.720  0.4875E+00  0.5083E+01
  -2.700  0.5380E+00  0.5094E+01
  -2.680  0.5784E+00  0.5106E+01
  -2.660  0.6068E+00  0.5118E+01
  -2.640  0.6230E+00  0.5130E+01
  -2.620  0.6281E+00  0.5143E+01
  -2.600  0.6241E+00  0.5155E+01
  -2.580  0.6135E+00  0.5168E+01
  -2.560  0.5985E+00  0.5180E+01
  -2.540  0.5811E+00  0.5191E+01
  -2.520  0.5627E+00  0.5202E+01
  -2.500  0.5442E+00  0.5213E+01
  -2.480  0.5261E+00  0.5224E+01
  -2.460  0.5090E+00  0.5234E+01
  -2.440  0.4931E+00  0.5244E+01
  -2.420  0.4784E+00  0.5253E+01
  -2.400  0.4649E+00  0.5263E+01
  -2.380  0.4523E+00  0.5272E+01
  -2.360  0.4404E+00  0.5281E+01
  -2.340  0.4292E+00  0.5289E+01
  -2.320  0.4190E+00  0.5298E+01
  -2.300  0.4109E+00  0.5306E+01
  -2.280  0.4060E+00  0.5314E+01
  -2.260  0.4054E+00  0.5322E+01
  -2.240  0.4098E+00  0.5330E+01
  -2.220  0.4192E+00  0.5339E+01
  -2.200  0.4325E+00  0.5347E+01
  -2.180  0.4474E+00  0.5356E+01
  -2.160  0.4613E+00  0.5365E+01
  -2.140  0.4714E+00  0.5375E+01
  -2.120  0.4752E+00  0.5384E+01
  -2.100  0.4711E+00  0.5394E+01
  -2.080  0.4590E+00  0.5403E+01
  -2.060  0.4397E+00  0.5412E+01
  -2.040  0.4152E+00  0.5420E+01
  -2.020  0.3880E+00  0.5428E+01
  -2.000  0.3609E+00  0.5435E+01
  -1.980  0.3363E+00  0.5442E+01
  -1.960  0.3160E+00  0.5448E+01
  -1.940  0.3008E+00  0.5454E+01
  -1.920  0.2909E+00  0.5460E+01
  -1.900  0.2856E+00  0.5466E+01
  -1.880  0.2838E+00  0.5471E+01
  -1.860  0.2839E+00  0.5477E+01
  -1.840  0.2845E+00  0.5483E+01
  -1.820  0.2842E+00  0.5488E+01
  -1.800  0.2821E+00  0.5494E+01
  -1.780  0.2776E+00  0.5500E+01
  -1.760  0.2708E+00  0.5505E+01
  -1.740  0.2621E+00  0.5510E+01
  -1.720  0.2525E+00  0.5515E+01
  -1.700  0.2435E+00  0.5520E+01
  -1.680  0.2368E+00  0.5525E+01
  -1.660  0.2342E+00  0.5530E+01
  -1.640  0.2374E+00  0.5534E+01
  -1.620  0.2473E+00  0.5539E+01
  -1.600  0.2643E+00  0.5545E+01
  -1.580  0.2876E+00  0.5550E+01
  -1.560  0.3153E+00  0.5557E+01
  -1.540  0.3445E+00  0.5564E+01
  -1.520  0.3717E+00  0.5571E+01
  -1.500  0.3934E+00  0.5579E+01
  -1.480  0.4065E+00  0.5587E+01
  -1.460  0.4091E+00  0.5595E+01
  -1.440  0.4005E+00  0.5603E+01
  -1.420  0.3814E+00  0.5611E+01
  -1.400  0.3541E+00  0.5618E+01
  -1.380  0.3215E+00  0.5624E+01
  -1.360  0.2872E+00  0.5630E+01
  -1.340  0.2547E+00  0.5635E+01
  -1.320  0.2267E+00  0.5640E+01
  -1.300  0.2054E+00  0.5644E+01
  -1.280  0.1917E+00  0.5648E+01
  -1.260  0.1856E+00  0.5651E+01
  -1.240  0.1867E+00  0.5655E+01
  -1.220  0.1938E+00  0.5659E+01
  -1.200  0.2058E+00  0.5663E+01
  -1.180  0.2216E+00  0.5667E+01
  -1.160  0.2404E+00  0.5672E+01
  -1.140  0.2615E+00  0.5678E+01
  -1.120  0.2839E+00  0.5683E+01
  -1.100  0.3070E+00  0.5689E+01
  -1.080  0.3296E+00  0.5696E+01
  -1.060  0.3508E+00  0.5703E+01
  -1.040  0.3696E+00  0.5710E+01
  -1.020  0.3850E+00  0.5718E+01
  -1.000  0.3967E+00  0.5726E+01
  -0.980  0.4047E+00  0.5734E+01
  -0.960  0.4099E+00  0.5742E+01
  -0.940  0.4135E+00  0.5751E+01
  -0.920  0.4173E+00  0.5759E+01
  -0.900  0.4230E+00  0.5767E+01
  -0.880  0.4322E+00  0.5776E+01
  -0.860  0.4458E+00  0.5785E+01
  -0.840  0.4638E+00  0.5794E+01
  -0.820  0.4850E+00  0.5804E+01
  -0.800  0.5077E+00  0.5814E+01
  -0.780  0.5292E+00  0.5825E+01
  -0.760  0.5471E+00  0.5836E+01
  -0.740  0.5590E+00  0.5847E+01
  -0.720  0.5636E+00  0.5858E+01
  -0.700  0.5602E+00  0.5869E+01
  -0.680  0.5491E+00  0.5880E+01
  -0.660  0.5313E+00  0.5891E+01
  -0.640  0.5082E+00  0.5901E+01
  -0.620  0.4819E+00  0.5911E+01
  -0.600  0.4543E+00  0.5920E+01
  -0.580  0.4280E+00  0.5928E+01
  -0.560  0.4052E+00  0.5936E+01
  -0.540  0.3881E+00  0.5944E+01
  -0.520  0.3788E+00  0.5952E+01
  -0.500  0.3784E+00  0.5959E+01
  -0.480  0.3875E+00  0.5967E+01
  -0.460  0.4054E+00  0.5975E+01
  -0.440  0.4309E+00  0.5984E+01
  -0.420  0.4618E+00  0.5993E+01
  -0.400  0.4959E+00  0.6003E+01
  -0.380  0.5308E+00  0.6014E+01
  -0.360  0.5645E+00  0.6025E+01
  -0.340  0.5957E+00  0.6037E+01
  -0.320  0.6235E+00  0.6049E+01
  -0.300  0.6475E+00  0.6062E+01
  -0.280  0.6677E+00  0.6075E+01
  -0.260  0.6843E+00  0.6089E+01
  -0.240  0.6975E+00  0.6103E+01
  -0.220  0.7075E+00  0.6117E+01
  -0.200  0.7144E+00  0.6132E+01
  -0.180  0.7184E+00  0.6146E+01
  -0.160  0.7199E+00  0.6160E+01
  -0.140  0.7191E+00  0.6175E+01
  -0.120  0.7165E+00  0.6189E+01
  -0.100  0.7128E+00  0.6203E+01
  -0.080  0.7085E+00  0.6217E+01
  -0.060  0.7041E+00  0.6232E+01
  -0.040  0.7000E+00  0.6246E+01
  -0.020  0.6963E+00  0.6259E+01
   0.000  0.6934E+00  0.6273E+01
   0.020  0.6912E+00  0.6287E+01
   0.040  0.6901E+00  0.6301E+01
   0.060  0.6905E+00  0.6315E+01
   0.080  0.6929E+00  0.6329E+01
   0.100  0.6980E+00  0.6343E+01
   0.120  0.7069E+00  0.6357E+01
   0.140  0.7201E+00  0.6371E+01
   0.160  0.7380E+00  0.6386E+01
   0.180  0.7604E+00  0.6401E+01
   0.200  0.7861E+00  0.6417E+01
   0.220  0.8133E+00  0.6433E+01
   0.240  0.8398E+00  0.6450E+01
   0.260  0.8631E+00  0.6467E+01
   0.280  0.8812E+00  0.6485E+01
   0.300  0.8925E+00  0.6503E+01
   0.320  0.8966E+00  0.6521E+01
   0.340  0.8942E+00  0.6538E+01
   0.360  0.8869E+00  0.6556E+01
   0.380  0.8772E+00  0.6574E+01
   0.400  0.8679E+00  0.6591E+01
   0.420  0.8619E+00  0.6608E+01
   0.440  0.8620E+00  0.6626E+01
   0.460  0.8703E+00  0.6643E+01
   0.480  0.8881E+00  0.6661E+01
   0.500  0.9160E+00  0.6679E+01
   0.520  0.9531E+00  0.6698E+01
   0.540  0.9979E+00  0.6718E+01
   0.560  0.1048E+01  0.6739E+01
   0.580  0.1099E+01  0.6761E+01
   0.600  0.1148E+01  0.6784E+01
   0.620  0.1191E+01  0.6808E+01
   0.640  0.1223E+01  0.6832E+01
   0.660  0.1243E+01  0.6857E+01
   0.680  0.1247E+01  0.6882E+01
   0.700  0.1236E+01  0.6907E+01
   0.720  0.1211E+01  0.6931E+01
   0.740  0.1174E+01  0.6954E+01
   0.760  0.1131E+01  0.6977E+01
   0.780  0.1085E+01  0.6999E+01
   0.800  0.1042E+01  0.7020E+01
   0.820  0.1005E+01  0.7040E+01
   0.840  0.9771E+00  0.7059E+01
   0.860  0.9590E+00  0.7078E+01
   0.880  0.9502E+00  0.7097E+01
   0.900  0.9493E+00  0.7116E+01
   0.920  0.9539E+00  0.7136E+01
   0.940  0.9619E+00  0.7155E+01
   0.960  0.9714E+00  0.7174E+01
   0.980  0.9815E+00  0.7194E+01
   1.000  0.9923E+00  0.7214E+01
   1.020  0.1004E+01  0.7234E+01
   1.040  0.1019E+01  0.7254E+01
   1.060  0.1037E+01  0.7275E+01
   1.080  0.1059E+01  0.7296E+01
   1.100  0.1083E+01  0.7318E+01
   1.120  0.1106E+01  0.7340E+01
   1.140  0.1127E+01  0.7362E+01
   1.160  0.1142E+01  0.7385E+01
   1.180  0.1149E+01  0.7408E+01
   1.200  0.1146E+01  0.7431E+01
   1.220  0.1135E+01  0.7454E+01
   1.240  0.1118E+01  0.7476E+01
   1.260  0.1098E+01  0.7498E+01
   1.280  0.1078E+01  0.7520E+01
   1.300  0.1063E+01  0.7541E+01
   1.320  0.1054E+01  0.7562E+01
   1.340  0.1053E+01  0.7583E+01
   1.360  0.1060E+01  0.7604E+01
   1.380  0.1073E+01  0.7626E+01
   1.400  0.1091E+01  0.7648E+01
   1.420  0.1111E+01  0.7670E+01
   1.440  0.1131E+01  0.7692E+01
   1.460  0.1150E+01  0.7715E+01
   1.480  0.1166E+01  0.7739E+01
   1.500  0.1180E+01  0.7762E+01
   1.520  0.1189E+01  0.7786E+01
   1.540  0.1195E+01  0.7810E+01
   1.560  0.1197E+01  0.7834E+01
   1.580  0.1195E+01  0.7858E+01
   1.600  0.1189E+01  0.7882E+01
   1.620  0.1181E+01  0.7905E+01
   1.640  0.1172E+01  0.7929E+01
   1.660  0.1163E+01  0.7952E+01
   1.680  0.1158E+01  0.7975E+01
   1.700  0.1159E+01  0.7998E+01
   1.720  0.1169E+01  0.8022E+01
   1.740  0.1189E+01  0.8045E+01
   1.760  0.1219E+01  0.8070E+01
   1.780  0.1257E+01  0.8095E+01
   1.800  0.1300E+01  0.8121E+01
   1.820  0.1343E+01  0.8148E+01
   1.840  0.1381E+01  0.8175E+01
   1.860  0.1412E+01  0.8204E+01
   1.880  0.1431E+01  0.8232E+01
   1.900  0.1437E+01  0.8261E+01
   1.920  0.1431E+01  0.8290E+01
   1.940  0.1413E+01  0.8318E+01
   1.960  0.1384E+01  0.8346E+01
   1.980  0.1349E+01  0.8373E+01
   2.000  0.1309E+01  0.8399E+01
   2.020  0.1268E+01  0.8424E+01
   2.040  0.1231E+01  0.8449E+01
   2.060  0.1202E+01  0.8473E+01
   2.080  0.1186E+01  0.8496E+01
   2.100  0.1185E+01  0.8520E+01
   2.120  0.1203E+01  0.8544E+01
   2.140  0.1238E+01  0.8569E+01
   2.160  0.1288E+01  0.8595E+01
   2.180  0.1348E+01  0.8622E+01
   2.200  0.1413E+01  0.8650E+01
   2.220  0.1474E+01  0.8679E+01
   2.240  0.1528E+01  0.8710E+01
   2.260  0.1569E+01  0.8741E+01
   2.280  0.1596E+01  0.8773E+01
   2.300  0.1608E+01  0.8806E+01
   2.320  0.1608E+01  0.8838E+01
   2.340  0.1597E+01  0.8870E+01
   2.360  0.1581E+01  0.8901E+01
   2.380  0.1561E+01  0.8932E+01
   2.400  0.1543E+01  0.8963E+01
   2.420  0.1527E+01  0.8994E+01
   2.440  0.1515E+01  0.9024E+01
   2.460  0.1506E+01  0.9054E+01
   2.480  0.1498E+01  0.9084E+01
   2.500  0.1488E+01  0.9114E+01
   2.520  0.1475E+01  0.9143E+01
   2.540  0.1456E+01  0.9173E+01
   2.560  0.1430E+01  0.9201E+01
   2.580  0.1399E+01  0.9229E+01
   2.600  0.1362E+01  0.9256E+01
   2.620  0.1323E+01  0.9283E+01
   2.640  0.1286E+01  0.9309E+01
   2.660  0.1253E+01  0.9334E+01
   2.680  0.1230E+01  0.9358E+01
   2.700  0.1221E+01  0.9383E+01
   2.720  0.1230E+01  0.9407E+01
   2.740  0.1259E+01  0.9432E+01
   2.760  0.1309E+01  0.9459E+01
   2.780  0.1379E+01  0.9486E+01
   2.800  0.1464E+01  0.9516E+01
   2.820  0.1556E+01  0.9547E+01
   2.840  0.1648E+01  0.9580E+01
   2.860  0.1728E+01  0.9614E+01
   2.880  0.1789E+01  0.9650E+01
   2.900  0.1824E+01  0.9686E+01
   2.920  0.1832E+01  0.9723E+01
   2.940  0.1812E+01  0.9759E+01
   2.960  0.1770E+01  0.9795E+01
   2.980  0.1714E+01  0.9829E+01
   3.000  0.1651E+01  0.9862E+01
   3.020  0.1589E+01  0.9894E+01
   3.040  0.1534E+01  0.9924E+01
   3.060  0.1491E+01  0.9954E+01
   3.080  0.1459E+01  0.9983E+01
   3.100  0.1439E+01  0.1001E+02
   3.120  0.1428E+01  0.1004E+02
   3.140  0.1425E+01  0.1007E+02
   3.160  0.1428E+01  0.1010E+02
   3.180  0.1437E+01  0.1013E+02
   3.200  0.1453E+01  0.1016E+02
   3.220  0.1480E+01  0.1019E+02
   3.240  0.1519E+01  0.1022E+02
   3.260  0.1571E+01  0.1025E+02
   3.280  0.1638E+01  0.1028E+02
   3.300  0.1716E+01  0.1031E+02
   3.320  0.1801E+01  0.1035E+02
   3.340  0.1890E+01  0.1039E+02
   3.360  0.1975E+01  0.1043E+02
   3.380  0.2050E+01  0.1047E+02
   3.400  0.2112E+01  0.1051E+02
   3.420  0.2158E+01  0.1055E+02
   3.440  0.2186E+01  0.1060E+02
   3.460  0.2197E+01  0.1064E+02
   3.480  0.2196E+01  0.1069E+02
   3.500  0.2186E+01  0.1073E+02
   3.520  0.2171E+01  0.1077E+02
   3.540  0.2156E+01  0.1082E+02
   3.560  0.2146E+01  0.1086E+02
   3.580  0.2143E+01  0.1090E+02
   3.600  0.2149E+01  0.1094E+02
   3.620  0.2166E+01  0.1099E+02
   3.640  0.2193E+01  0.1103E+02
   3.660  0.2229E+01  0.1108E+02
   3.680  0.2270E+01  0.1112E+02
   3.700  0.2313E+01  0.1117E+02
   3.720  0.2354E+01  0.1121E+02
   3.740  0.2388E+01  0.1126E+02
   3.760  0.2410E+01  0.1131E+02
   3.780  0.2417E+01  0.1136E+02
   3.800  0.2407E+01  0.1141E+02
   3.820  0.2380E+01  0.1146E+02
   3.840  0.2339E+01  0.1150E+02
   3.860  0.2287E+01  0.1155E+02
   3.880  0.2229E+01  0.1159E+02
   3.900  0.2169E+01  0.1164E+02
   3.920  0.2114E+01  0.1168E+02
   3.940  0.2068E+01  0.1172E+02
   3.960  0.2034E+01  0.1176E+02
   3.980  0.2015E+01  0.1180E+02
   4.000  0.2017E+01  0.1184E+02
   4.020  0.2040E+01  0.1188E+02
   4.040  0.2088E+01  0.1192E+02
   4.060  0.2163E+01  0.1197E+02
   4.080  0.2264E+01  0.1201E+02
   4.100  0.2389E+01  0.1206E+02
   4.120  0.2532E+01  0.1211E+02
   4.140  0.2687E+01  0.1216E+02
   4.160  0.2842E+01  0.1222E+02
   4.180  0.2987E+01  0.1228E+02
   4.200  0.3111E+01  0.1234E+02
   4.220  0.3207E+01  0.1241E+02
   4.240  0.3269E+01  0.1247E+02
   4.260  0.3297E+01  0.1254E+02
   4.280  0.3294E+01  0.1260E+02
   4.300  0.3263E+01  0.1267E+02
   4.320  0.3211E+01  0.1273E+02
   4.340  0.3145E+01  0.1280E+02
   4.360  0.3067E+01  0.1286E+02
   4.380  0.2982E+01  0.1292E+02
   4.400  0.2888E+01  0.1297E+02
   4.420  0.2786E+01  0.1303E+02
   4.440  0.2677E+01  0.1308E+02
   4.460  0.2559E+01  0.1314E+02
   4.480  0.2434E+01  0.1318E+02
   4.500  0.2306E+01  0.1323E+02
   4.520  0.2178E+01  0.1327E+02
   4.540  0.2055E+01  0.1331E+02
   4.560  0.1942E+01  0.1335E+02
   4.580  0.1844E+01  0.1339E+02
   4.600  0.1766E+01  0.1343E+02
   4.620  0.1709E+01  0.1346E+02
   4.640  0.1677E+01  0.1349E+02
   4.660  0.1668E+01  0.1353E+02
   4.680  0.1681E+01  0.1356E+02
   4.700  0.1713E+01  0.1359E+02
   4.720  0.1760E+01  0.1363E+02
   4.740  0.1818E+01  0.1367E+02
   4.760  0.1881E+01  0.1370E+02
   4.780  0.1946E+01  0.1374E+02
   4.800  0.2009E+01  0.1378E+02
   4.820  0.2066E+01  0.1382E+02
   4.840  0.2116E+01  0.1387E+02
   4.860  0.2157E+01  0.1391E+02
   4.880  0.2187E+01  0.1395E+02
   4.900  0.2206E+01  0.1400E+02
   4.920  0.2213E+01  0.1404E+02
   4.940  0.2207E+01  0.1409E+02
   4.960  0.2187E+01  0.1413E+02
   4.980  0.2154E+01  0.1417E+02
   5.000  0.2108E+01  0.1422E+02
   5.020  0.2051E+01  0.1426E+02
   5.040  0.1986E+01  0.1430E+02
   5.060  0.1915E+01  0.1433E+02
   5.080  0.1842E+01  0.1437E+02
   5.100  0.1772E+01  0.1441E+02
   5.120  0.1707E+01  0.1444E+02
   5.140  0.1650E+01  0.1447E+02
   5.160  0.1602E+01  0.1451E+02
   5.180  0.1565E+01  0.1454E+02
   5.200  0.1538E+01  0.1457E+02
   5.220  0.1523E+01  0.1460E+02
   5.240  0.1516E+01  0.1463E+02
   5.260  0.1519E+01  0.1466E+02
   5.280  0.1529E+01  0.1469E+02
   5.300  0.1546E+01  0.1472E+02
   5.320  0.1567E+01  0.1475E+02
   5.340  0.1591E+01  0.1478E+02
   5.360  0.1617E+01  0.1482E+02
   5.380  0.1643E+01  0.1485E+02
   5.400  0.1665E+01  0.1488E+02
   5.420  0.1681E+01  0.1492E+02
   5.440  0.1689E+01  0.1495E+02
   5.460  0.1686E+01  0.1498E+02
   5.480  0.1672E+01  0.1502E+02
   5.500  0.1648E+01  0.1505E+02
   5.520  0.1613E+01  0.1508E+02
   5.540  0.1574E+01  0.1511E+02
   5.560  0.1533E+01  0.1514E+02
   5.580  0.1497E+01  0.1517E+02
   5.600  0.1471E+01  0.1520E+02
   5.620  0.1460E+01  0.1523E+02
   5.640  0.1466E+01  0.1526E+02
   5.660  0.1493E+01  0.1529E+02
   5.680  0.1540E+01  0.1532E+02
   5.700  0.1604E+01  0.1535E+02
   5.720  0.1679E+01  0.1539E+02
   5.740  0.1759E+01  0.1542E+02
   5.760  0.1833E+01  0.1546E+02
   5.780  0.1895E+01  0.1550E+02
