
     Program AVERAGE v.7.6 starts on 15Sep2026 at  1:43:27 

     This program is part of the open-source Quantum ESPRESSO suite
     for quantum simulation of materials; please cite
         "P. Giannozzi et al., J. Phys.:Condens. Matter 21 395502 (2009);
         "P. Giannozzi et al., J. Phys.:Condens. Matter 29 465901 (2017);
         "P. Giannozzi et al., J. Chem. Phys. 152 154105 (2020);
          URL http://www.quantum-espresso.org", 
     in publications or presentations arising from this work. More details at
     http://www.quantum-espresso.org/quote

     Parallel version (MPI), running on     1 processors

     MPI processes distributed on     1 nodes
     3268 MiB available memory on the printing compute node when the environment starts

     Reading header from file  /home/ubuntu/projects/Graphene-Band-Structure-Quantum-Espresso/outputs/bilayer/field_0/top/data/potential.pp.dat
     Reading data from file  /home/ubuntu/projects/Graphene-Band-Structure-Quantum-Espresso/outputs/bilayer/field_0/top/data/potential.pp.dat
     Output written to file avg.dat

     AVERAGE      :      0.69s CPU      0.71s WALL


   This run was terminated on:   1:43:28  15Sep2026            

=------------------------------------------------------------------------------=
   JOB DONE.
=------------------------------------------------------------------------------=
