#  E (eV)   dos(E)     Int dos(E) EFermi =   -1.089 eV
 -16.089  0.6916E+00  0.6916E-02
 -16.079  0.6924E+00  0.1384E-01
 -16.069  0.6933E+00  0.2077E-01
 -16.059  0.6942E+00  0.2772E-01
 -16.049  0.6951E+00  0.3467E-01
 -16.039  0.6961E+00  0.4163E-01
 -16.029  0.6970E+00  0.4860E-01
 -16.019  0.6980E+00  0.5558E-01
 -16.009  0.6990E+00  0.6257E-01
 -15.999  0.7001E+00  0.6957E-01
 -15.989  0.7011E+00  0.7658E-01
 -15.979  0.7022E+00  0.8360E-01
 -15.969  0.7034E+00  0.9064E-01
 -15.959  0.7045E+00  0.9768E-01
 -15.949  0.7057E+00  0.1047E+00
 -15.939  0.7070E+00  0.1118E+00
 -15.929  0.7083E+00  0.1189E+00
 -15.919  0.7096E+00  0.1260E+00
 -15.909  0.7110E+00  0.1331E+00
 -15.899  0.7124E+00  0.1402E+00
 -15.889  0.7139E+00  0.1474E+00
 -15.879  0.7155E+00  0.1545E+00
 -15.869  0.7171E+00  0.1617E+00
 -15.859  0.7188E+00  0.1689E+00
 -15.849  0.7206E+00  0.1761E+00
 -15.839  0.7225E+00  0.1833E+00
 -15.829  0.7244E+00  0.1906E+00
 -15.819  0.7264E+00  0.1978E+00
 -15.809  0.7285E+00  0.2051E+00
 -15.799  0.7307E+00  0.2124E+00
 -15.789  0.7330E+00  0.2197E+00
 -15.779  0.7354E+00  0.2271E+00
 -15.769  0.7380E+00  0.2345E+00
 -15.759  0.7406E+00  0.2419E+00
 -15.749  0.7434E+00  0.2493E+00
 -15.739  0.7463E+00  0.2568E+00
 -15.729  0.7494E+00  0.2643E+00
 -15.719  0.7526E+00  0.2718E+00
 -15.709  0.7559E+00  0.2794E+00
 -15.699  0.7594E+00  0.2869E+00
 -15.689  0.7631E+00  0.2946E+00
 -15.679  0.7669E+00  0.3022E+00
 -15.669  0.7709E+00  0.3100E+00
 -15.659  0.7750E+00  0.3177E+00
 -15.649  0.7792E+00  0.3255E+00
 -15.639  0.7836E+00  0.3333E+00
 -15.629  0.7881E+00  0.3412E+00
 -15.619  0.7926E+00  0.3491E+00
 -15.609  0.7973E+00  0.3571E+00
 -15.599  0.8020E+00  0.3651E+00
 -15.589  0.8067E+00  0.3732E+00
 -15.579  0.8114E+00  0.3813E+00
 -15.569  0.8160E+00  0.3895E+00
 -15.559  0.8206E+00  0.3977E+00
 -15.549  0.8250E+00  0.4059E+00
 -15.539  0.8293E+00  0.4142E+00
 -15.529  0.8333E+00  0.4226E+00
 -15.519  0.8371E+00  0.4309E+00
 -15.509  0.8406E+00  0.4393E+00
 -15.499  0.8437E+00  0.4478E+00
 -15.489  0.8465E+00  0.4562E+00
 -15.479  0.8488E+00  0.4647E+00
 -15.469  0.8505E+00  0.4732E+00
 -15.459  0.8518E+00  0.4817E+00
 -15.449  0.8525E+00  0.4903E+00
 -15.439  0.8526E+00  0.4988E+00
 -15.429  0.8520E+00  0.5073E+00
 -15.419  0.8508E+00  0.5158E+00
 -15.409  0.8489E+00  0.5243E+00
 -15.399  0.8462E+00  0.5328E+00
 -15.389  0.8429E+00  0.5412E+00
 -15.379  0.8389E+00  0.5496E+00
 -15.369  0.8342E+00  0.5579E+00
 -15.359  0.8288E+00  0.5662E+00
 -15.349  0.8227E+00  0.5745E+00
 -15.339  0.8160E+00  0.5826E+00
 -15.329  0.8086E+00  0.5907E+00
 -15.319  0.8007E+00  0.5987E+00
 -15.309  0.7923E+00  0.6066E+00
 -15.299  0.7834E+00  0.6145E+00
 -15.289  0.7740E+00  0.6222E+00
 -15.279  0.7643E+00  0.6298E+00
 -15.269  0.7542E+00  0.6374E+00
 -15.259  0.7439E+00  0.6448E+00
 -15.249  0.7333E+00  0.6522E+00
 -15.239  0.7226E+00  0.6594E+00
 -15.229  0.7118E+00  0.6665E+00
 -15.219  0.7008E+00  0.6735E+00
 -15.209  0.6899E+00  0.6804E+00
 -15.199  0.6790E+00  0.6872E+00
 -15.189  0.6682E+00  0.6939E+00
 -15.179  0.6574E+00  0.7005E+00
 -15.169  0.6468E+00  0.7069E+00
 -15.159  0.6363E+00  0.7133E+00
 -15.149  0.6259E+00  0.7195E+00
 -15.139  0.6158E+00  0.7257E+00
 -15.129  0.6059E+00  0.7318E+00
 -15.119  0.5962E+00  0.7377E+00
 -15.109  0.5867E+00  0.7436E+00
 -15.099  0.5774E+00  0.7494E+00
 -15.089  0.5684E+00  0.7550E+00
 -15.079  0.5595E+00  0.7606E+00
 -15.069  0.5510E+00  0.7662E+00
 -15.059  0.5426E+00  0.7716E+00
 -15.049  0.5345E+00  0.7769E+00
 -15.039  0.5266E+00  0.7822E+00
 -15.029  0.5189E+00  0.7874E+00
 -15.019  0.5114E+00  0.7925E+00
 -15.009  0.5042E+00  0.7975E+00
 -14.999  0.4971E+00  0.8025E+00
 -14.989  0.4902E+00  0.8074E+00
 -14.979  0.4835E+00  0.8122E+00
 -14.969  0.4769E+00  0.8170E+00
 -14.959  0.4705E+00  0.8217E+00
 -14.949  0.4643E+00  0.8264E+00
 -14.939  0.4582E+00  0.8309E+00
 -14.929  0.4523E+00  0.8355E+00
 -14.919  0.4465E+00  0.8399E+00
 -14.909  0.4408E+00  0.8443E+00
 -14.899  0.4352E+00  0.8487E+00
 -14.889  0.4297E+00  0.8530E+00
 -14.879  0.4243E+00  0.8572E+00
 -14.869  0.4190E+00  0.8614E+00
 -14.859  0.4138E+00  0.8656E+00
 -14.849  0.4087E+00  0.8696E+00
 -14.839  0.4037E+00  0.8737E+00
 -14.829  0.3988E+00  0.8777E+00
 -14.819  0.3940E+00  0.8816E+00
 -14.809  0.3893E+00  0.8855E+00
 -14.799  0.3846E+00  0.8893E+00
 -14.789  0.3801E+00  0.8932E+00
 -14.779  0.3757E+00  0.8969E+00
 -14.769  0.3714E+00  0.9006E+00
 -14.759  0.3672E+00  0.9043E+00
 -14.749  0.3632E+00  0.9079E+00
 -14.739  0.3593E+00  0.9115E+00
 -14.729  0.3556E+00  0.9151E+00
 -14.719  0.3520E+00  0.9186E+00
 -14.709  0.3486E+00  0.9221E+00
 -14.699  0.3454E+00  0.9255E+00
 -14.689  0.3424E+00  0.9290E+00
 -14.679  0.3396E+00  0.9324E+00
 -14.669  0.3371E+00  0.9357E+00
 -14.659  0.3349E+00  0.9391E+00
 -14.649  0.3330E+00  0.9424E+00
 -14.639  0.3314E+00  0.9457E+00
 -14.629  0.3301E+00  0.9490E+00
 -14.619  0.3293E+00  0.9523E+00
 -14.609  0.3288E+00  0.9556E+00
 -14.599  0.3288E+00  0.9589E+00
 -14.589  0.3293E+00  0.9622E+00
 -14.579  0.3303E+00  0.9655E+00
 -14.569  0.3317E+00  0.9688E+00
 -14.559  0.3338E+00  0.9721E+00
 -14.549  0.3363E+00  0.9755E+00
 -14.539  0.3395E+00  0.9789E+00
 -14.529  0.3433E+00  0.9823E+00
 -14.519  0.3476E+00  0.9858E+00
 -14.509  0.3526E+00  0.9893E+00
 -14.499  0.3581E+00  0.9929E+00
 -14.489  0.3642E+00  0.9966E+00
 -14.479  0.3709E+00  0.1000E+01
 -14.469  0.3782E+00  0.1004E+01
 -14.459  0.3859E+00  0.1008E+01
 -14.449  0.3942E+00  0.1012E+01
 -14.439  0.4028E+00  0.1016E+01
 -14.429  0.4119E+00  0.1020E+01
 -14.419  0.4214E+00  0.1024E+01
 -14.409  0.4311E+00  0.1029E+01
 -14.399  0.4411E+00  0.1033E+01
 -14.389  0.4513E+00  0.1037E+01
 -14.379  0.4617E+00  0.1042E+01
 -14.369  0.4721E+00  0.1047E+01
 -14.359  0.4825E+00  0.1052E+01
 -14.349  0.4928E+00  0.1057E+01
 -14.339  0.5031E+00  0.1062E+01
 -14.329  0.5132E+00  0.1067E+01
 -14.319  0.5231E+00  0.1072E+01
 -14.309  0.5328E+00  0.1077E+01
 -14.299  0.5422E+00  0.1083E+01
 -14.289  0.5512E+00  0.1088E+01
 -14.279  0.5598E+00  0.1094E+01
 -14.269  0.5681E+00  0.1099E+01
 -14.259  0.5760E+00  0.1105E+01
 -14.249  0.5834E+00  0.1111E+01
 -14.239  0.5903E+00  0.1117E+01
 -14.229  0.5968E+00  0.1123E+01
 -14.219  0.6029E+00  0.1129E+01
 -14.209  0.6085E+00  0.1135E+01
 -14.199  0.6137E+00  0.1141E+01
 -14.189  0.6184E+00  0.1147E+01
 -14.179  0.6227E+00  0.1154E+01
 -14.169  0.6266E+00  0.1160E+01
 -14.159  0.6302E+00  0.1166E+01
 -14.149  0.6334E+00  0.1173E+01
 -14.139  0.6363E+00  0.1179E+01
 -14.129  0.6388E+00  0.1185E+01
 -14.119  0.6411E+00  0.1192E+01
 -14.109  0.6432E+00  0.1198E+01
 -14.099  0.6450E+00  0.1205E+01
 -14.089  0.6466E+00  0.1211E+01
 -14.079  0.6480E+00  0.1217E+01
 -14.069  0.6493E+00  0.1224E+01
 -14.059  0.6504E+00  0.1230E+01
 -14.049  0.6514E+00  0.1237E+01
 -14.039  0.6523E+00  0.1244E+01
 -14.029  0.6531E+00  0.1250E+01
 -14.019  0.6538E+00  0.1257E+01
 -14.009  0.6545E+00  0.1263E+01
 -13.999  0.6552E+00  0.1270E+01
 -13.989  0.6559E+00  0.1276E+01
 -13.979  0.6565E+00  0.1283E+01
 -13.969  0.6572E+00  0.1289E+01
 -13.959  0.6578E+00  0.1296E+01
 -13.949  0.6586E+00  0.1303E+01
 -13.939  0.6593E+00  0.1309E+01
 -13.929  0.6602E+00  0.1316E+01
 -13.919  0.6611E+00  0.1322E+01
 -13.909  0.6621E+00  0.1329E+01
 -13.899  0.6633E+00  0.1336E+01
 -13.889  0.6645E+00  0.1342E+01
 -13.879  0.6660E+00  0.1349E+01
 -13.869  0.6675E+00  0.1356E+01
 -13.859  0.6693E+00  0.1362E+01
 -13.849  0.6713E+00  0.1369E+01
 -13.839  0.6734E+00  0.1376E+01
 -13.829  0.6758E+00  0.1382E+01
 -13.819  0.6785E+00  0.1389E+01
 -13.809  0.6814E+00  0.1396E+01
 -13.799  0.6845E+00  0.1403E+01
 -13.789  0.6880E+00  0.1410E+01
 -13.779  0.6918E+00  0.1417E+01
 -13.769  0.6958E+00  0.1424E+01
 -13.759  0.7002E+00  0.1431E+01
 -13.749  0.7049E+00  0.1438E+01
 -13.739  0.7099E+00  0.1445E+01
 -13.729  0.7152E+00  0.1452E+01
 -13.719  0.7208E+00  0.1459E+01
 -13.709  0.7268E+00  0.1466E+01
 -13.699  0.7330E+00  0.1474E+01
 -13.689  0.7394E+00  0.1481E+01
 -13.679  0.7461E+00  0.1489E+01
 -13.669  0.7530E+00  0.1496E+01
 -13.659  0.7601E+00  0.1504E+01
 -13.649  0.7673E+00  0.1511E+01
 -13.639  0.7746E+00  0.1519E+01
 -13.629  0.7820E+00  0.1527E+01
 -13.619  0.7893E+00  0.1535E+01
 -13.609  0.7966E+00  0.1543E+01
 -13.599  0.8039E+00  0.1551E+01
 -13.589  0.8109E+00  0.1559E+01
 -13.579  0.8178E+00  0.1567E+01
 -13.569  0.8244E+00  0.1575E+01
 -13.559  0.8307E+00  0.1584E+01
 -13.549  0.8367E+00  0.1592E+01
 -13.539  0.8422E+00  0.1601E+01
 -13.529  0.8473E+00  0.1609E+01
 -13.519  0.8519E+00  0.1618E+01
 -13.509  0.8560E+00  0.1626E+01
 -13.499  0.8596E+00  0.1635E+01
 -13.489  0.8626E+00  0.1643E+01
 -13.479  0.8650E+00  0.1652E+01
 -13.469  0.8669E+00  0.1661E+01
 -13.459  0.8681E+00  0.1669E+01
 -13.449  0.8688E+00  0.1678E+01
 -13.439  0.8688E+00  0.1687E+01
 -13.429  0.8683E+00  0.1695E+01
 -13.419  0.8673E+00  0.1704E+01
 -13.409  0.8658E+00  0.1713E+01
 -13.399  0.8637E+00  0.1721E+01
 -13.389  0.8612E+00  0.1730E+01
 -13.379  0.8583E+00  0.1739E+01
 -13.369  0.8550E+00  0.1747E+01
 -13.359  0.8514E+00  0.1756E+01
 -13.349  0.8475E+00  0.1764E+01
 -13.339  0.8433E+00  0.1773E+01
 -13.329  0.8389E+00  0.1781E+01
 -13.319  0.8344E+00  0.1789E+01
 -13.309  0.8297E+00  0.1798E+01
 -13.299  0.8249E+00  0.1806E+01
 -13.289  0.8200E+00  0.1814E+01
 -13.279  0.8151E+00  0.1822E+01
 -13.269  0.8102E+00  0.1830E+01
 -13.259  0.8053E+00  0.1838E+01
 -13.249  0.8004E+00  0.1846E+01
 -13.239  0.7956E+00  0.1854E+01
 -13.229  0.7909E+00  0.1862E+01
 -13.219  0.7863E+00  0.1870E+01
 -13.209  0.7817E+00  0.1878E+01
 -13.199  0.7773E+00  0.1886E+01
 -13.189  0.7730E+00  0.1893E+01
 -13.179  0.7688E+00  0.1901E+01
 -13.169  0.7647E+00  0.1909E+01
 -13.159  0.7608E+00  0.1916E+01
 -13.149  0.7569E+00  0.1924E+01
 -13.139  0.7532E+00  0.1931E+01
 -13.129  0.7496E+00  0.1939E+01
 -13.119  0.7461E+00  0.1946E+01
 -13.109  0.7427E+00  0.1954E+01
 -13.099  0.7395E+00  0.1961E+01
 -13.089  0.7363E+00  0.1969E+01
 -13.079  0.7332E+00  0.1976E+01
 -13.069  0.7302E+00  0.1983E+01
 -13.059  0.7273E+00  0.1990E+01
 -13.049  0.7244E+00  0.1998E+01
 -13.039  0.7217E+00  0.2005E+01
 -13.029  0.7190E+00  0.2012E+01
 -13.019  0.7164E+00  0.2019E+01
 -13.009  0.7138E+00  0.2026E+01
 -12.999  0.7113E+00  0.2034E+01
 -12.989  0.7088E+00  0.2041E+01
 -12.979  0.7064E+00  0.2048E+01
 -12.969  0.7041E+00  0.2055E+01
 -12.959  0.7018E+00  0.2062E+01
 -12.949  0.6995E+00  0.2069E+01
 -12.939  0.6973E+00  0.2076E+01
 -12.929  0.6951E+00  0.2083E+01
 -12.919  0.6929E+00  0.2090E+01
 -12.909  0.6908E+00  0.2096E+01
 -12.899  0.6887E+00  0.2103E+01
 -12.889  0.6867E+00  0.2110E+01
 -12.879  0.6847E+00  0.2117E+01
 -12.869  0.6827E+00  0.2124E+01
 -12.859  0.6807E+00  0.2131E+01
 -12.849  0.6788E+00  0.2138E+01
 -12.839  0.6768E+00  0.2144E+01
 -12.829  0.6750E+00  0.2151E+01
 -12.819  0.6731E+00  0.2158E+01
 -12.809  0.6712E+00  0.2164E+01
 -12.799  0.6694E+00  0.2171E+01
 -12.789  0.6676E+00  0.2178E+01
 -12.779  0.6658E+00  0.2184E+01
 -12.769  0.6640E+00  0.2191E+01
 -12.759  0.6623E+00  0.2198E+01
 -12.749  0.6605E+00  0.2204E+01
 -12.739  0.6588E+00  0.2211E+01
 -12.729  0.6571E+00  0.2218E+01
 -12.719  0.6554E+00  0.2224E+01
 -12.709  0.6538E+00  0.2231E+01
 -12.699  0.6521E+00  0.2237E+01
 -12.689  0.6505E+00  0.2244E+01
 -12.679  0.6489E+00  0.2250E+01
 -12.669  0.6473E+00  0.2257E+01
 -12.659  0.6457E+00  0.2263E+01
 -12.649  0.6441E+00  0.2269E+01
 -12.639  0.6425E+00  0.2276E+01
 -12.629  0.6409E+00  0.2282E+01
 -12.619  0.6394E+00  0.2289E+01
 -12.609  0.6379E+00  0.2295E+01
 -12.599  0.6363E+00  0.2301E+01
 -12.589  0.6348E+00  0.2308E+01
 -12.579  0.6333E+00  0.2314E+01
 -12.569  0.6318E+00  0.2320E+01
 -12.559  0.6304E+00  0.2327E+01
 -12.549  0.6289E+00  0.2333E+01
 -12.539  0.6274E+00  0.2339E+01
 -12.529  0.6260E+00  0.2346E+01
 -12.519  0.6246E+00  0.2352E+01
 -12.509  0.6231E+00  0.2358E+01
 -12.499  0.6217E+00  0.2364E+01
 -12.489  0.6203E+00  0.2370E+01
 -12.479  0.6189E+00  0.2377E+01
 -12.469  0.6175E+00  0.2383E+01
 -12.459  0.6161E+00  0.2389E+01
 -12.449  0.6147E+00  0.2395E+01
 -12.439  0.6134E+00  0.2401E+01
 -12.429  0.6120E+00  0.2407E+01
 -12.419  0.6107E+00  0.2414E+01
 -12.409  0.6093E+00  0.2420E+01
 -12.399  0.6080E+00  0.2426E+01
 -12.389  0.6067E+00  0.2432E+01
 -12.379  0.6053E+00  0.2438E+01
 -12.369  0.6040E+00  0.2444E+01
 -12.359  0.6027E+00  0.2450E+01
 -12.349  0.6014E+00  0.2456E+01
 -12.339  0.6001E+00  0.2462E+01
 -12.329  0.5989E+00  0.2468E+01
 -12.319  0.5976E+00  0.2474E+01
 -12.309  0.5963E+00  0.2480E+01
 -12.299  0.5950E+00  0.2486E+01
 -12.289  0.5938E+00  0.2492E+01
 -12.279  0.5925E+00  0.2498E+01
 -12.269  0.5913E+00  0.2504E+01
 -12.259  0.5901E+00  0.2509E+01
 -12.249  0.5888E+00  0.2515E+01
 -12.239  0.5876E+00  0.2521E+01
 -12.229  0.5864E+00  0.2527E+01
 -12.219  0.5852E+00  0.2533E+01
 -12.209  0.5840E+00  0.2539E+01
 -12.199  0.5828E+00  0.2545E+01
 -12.189  0.5816E+00  0.2550E+01
 -12.179  0.5804E+00  0.2556E+01
 -12.169  0.5793E+00  0.2562E+01
 -12.159  0.5781E+00  0.2568E+01
 -12.149  0.5770E+00  0.2574E+01
 -12.139  0.5759E+00  0.2579E+01
 -12.129  0.5748E+00  0.2585E+01
 -12.119  0.5737E+00  0.2591E+01
 -12.109  0.5727E+00  0.2597E+01
 -12.099  0.5716E+00  0.2602E+01
 -12.089  0.5706E+00  0.2608E+01
 -12.079  0.5697E+00  0.2614E+01
 -12.069  0.5688E+00  0.2619E+01
 -12.059  0.5679E+00  0.2625E+01
 -12.049  0.5671E+00  0.2631E+01
 -12.039  0.5663E+00  0.2636E+01
 -12.029  0.5656E+00  0.2642E+01
 -12.019  0.5650E+00  0.2648E+01
 -12.009  0.5645E+00  0.2653E+01
 -11.999  0.5640E+00  0.2659E+01
 -11.989  0.5637E+00  0.2665E+01
 -11.979  0.5635E+00  0.2670E+01
 -11.969  0.5634E+00  0.2676E+01
 -11.959  0.5635E+00  0.2681E+01
 -11.949  0.5637E+00  0.2687E+01
 -11.939  0.5641E+00  0.2693E+01
 -11.929  0.5646E+00  0.2698E+01
 -11.919  0.5653E+00  0.2704E+01
 -11.909  0.5663E+00  0.2710E+01
 -11.899  0.5674E+00  0.2715E+01
 -11.889  0.5688E+00  0.2721E+01
 -11.879  0.5703E+00  0.2727E+01
 -11.869  0.5721E+00  0.2733E+01
 -11.859  0.5742E+00  0.2738E+01
 -11.849  0.5765E+00  0.2744E+01
 -11.839  0.5790E+00  0.2750E+01
 -11.829  0.5817E+00  0.2756E+01
 -11.819  0.5847E+00  0.2761E+01
 -11.809  0.5879E+00  0.2767E+01
 -11.799  0.5913E+00  0.2773E+01
 -11.789  0.5950E+00  0.2779E+01
 -11.779  0.5988E+00  0.2785E+01
 -11.769  0.6028E+00  0.2791E+01
 -11.759  0.6069E+00  0.2797E+01
 -11.749  0.6112E+00  0.2803E+01
 -11.739  0.6155E+00  0.2810E+01
 -11.729  0.6200E+00  0.2816E+01
 -11.719  0.6245E+00  0.2822E+01
 -11.709  0.6291E+00  0.2828E+01
 -11.699  0.6337E+00  0.2835E+01
 -11.689  0.6383E+00  0.2841E+01
 -11.679  0.6428E+00  0.2847E+01
 -11.669  0.6473E+00  0.2854E+01
 -11.659  0.6518E+00  0.2860E+01
 -11.649  0.6561E+00  0.2867E+01
 -11.639  0.6603E+00  0.2874E+01
 -11.629  0.6643E+00  0.2880E+01
 -11.619  0.6683E+00  0.2887E+01
 -11.609  0.6720E+00  0.2894E+01
 -11.599  0.6756E+00  0.2900E+01
 -11.589  0.6790E+00  0.2907E+01
 -11.579  0.6823E+00  0.2914E+01
 -11.569  0.6853E+00  0.2921E+01
 -11.559  0.6882E+00  0.2928E+01
 -11.549  0.6908E+00  0.2935E+01
 -11.539  0.6933E+00  0.2942E+01
 -11.529  0.6956E+00  0.2949E+01
 -11.519  0.6977E+00  0.2956E+01
 -11.509  0.6997E+00  0.2963E+01
 -11.499  0.7015E+00  0.2970E+01
 -11.489  0.7032E+00  0.2977E+01
 -11.479  0.7047E+00  0.2984E+01
 -11.469  0.7061E+00  0.2991E+01
 -11.459  0.7074E+00  0.2998E+01
 -11.449  0.7085E+00  0.3005E+01
 -11.439  0.7096E+00  0.3012E+01
 -11.429  0.7106E+00  0.3019E+01
 -11.419  0.7115E+00  0.3026E+01
 -11.409  0.7123E+00  0.3033E+01
 -11.399  0.7130E+00  0.3040E+01
 -11.389  0.7137E+00  0.3048E+01
 -11.379  0.7144E+00  0.3055E+01
 -11.369  0.7150E+00  0.3062E+01
 -11.359  0.7155E+00  0.3069E+01
 -11.349  0.7160E+00  0.3076E+01
 -11.339  0.7165E+00  0.3083E+01
 -11.329  0.7170E+00  0.3090E+01
 -11.319  0.7175E+00  0.3098E+01
 -11.309  0.7179E+00  0.3105E+01
 -11.299  0.7183E+00  0.3112E+01
 -11.289  0.7188E+00  0.3119E+01
 -11.279  0.7192E+00  0.3126E+01
 -11.269  0.7196E+00  0.3134E+01
 -11.259  0.7200E+00  0.3141E+01
 -11.249  0.7204E+00  0.3148E+01
 -11.239  0.7208E+00  0.3155E+01
 -11.229  0.7212E+00  0.3162E+01
 -11.219  0.7216E+00  0.3170E+01
 -11.209  0.7220E+00  0.3177E+01
 -11.199  0.7224E+00  0.3184E+01
 -11.189  0.7228E+00  0.3191E+01
 -11.179  0.7232E+00  0.3199E+01
 -11.169  0.7236E+00  0.3206E+01
 -11.159  0.7239E+00  0.3213E+01
 -11.149  0.7243E+00  0.3220E+01
 -11.139  0.7247E+00  0.3228E+01
 -11.129  0.7251E+00  0.3235E+01
 -11.119  0.7255E+00  0.3242E+01
 -11.109  0.7259E+00  0.3249E+01
 -11.099  0.7263E+00  0.3257E+01
 -11.089  0.7267E+00  0.3264E+01
 -11.079  0.7270E+00  0.3271E+01
 -11.069  0.7274E+00  0.3278E+01
 -11.059  0.7279E+00  0.3286E+01
 -11.049  0.7283E+00  0.3293E+01
 -11.039  0.7287E+00  0.3300E+01
 -11.029  0.7291E+00  0.3307E+01
 -11.019  0.7295E+00  0.3315E+01
 -11.009  0.7300E+00  0.3322E+01
 -10.999  0.7304E+00  0.3329E+01
 -10.989  0.7309E+00  0.3337E+01
 -10.979  0.7313E+00  0.3344E+01
 -10.969  0.7317E+00  0.3351E+01
 -10.959  0.7322E+00  0.3359E+01
 -10.949  0.7326E+00  0.3366E+01
 -10.939  0.7330E+00  0.3373E+01
 -10.929  0.7334E+00  0.3381E+01
 -10.919  0.7339E+00  0.3388E+01
 -10.909  0.7343E+00  0.3395E+01
 -10.899  0.7347E+00  0.3403E+01
 -10.889  0.7351E+00  0.3410E+01
 -10.879  0.7355E+00  0.3417E+01
 -10.869  0.7359E+00  0.3425E+01
 -10.859  0.7364E+00  0.3432E+01
 -10.849  0.7368E+00  0.3439E+01
 -10.839  0.7372E+00  0.3447E+01
 -10.829  0.7377E+00  0.3454E+01
 -10.819  0.7381E+00  0.3462E+01
 -10.809  0.7386E+00  0.3469E+01
 -10.799  0.7391E+00  0.3476E+01
 -10.789  0.7395E+00  0.3484E+01
 -10.779  0.7400E+00  0.3491E+01
 -10.769  0.7405E+00  0.3499E+01
 -10.759  0.7410E+00  0.3506E+01
 -10.749  0.7415E+00  0.3513E+01
 -10.739  0.7420E+00  0.3521E+01
 -10.729  0.7425E+00  0.3528E+01
 -10.719  0.7430E+00  0.3536E+01
 -10.709  0.7435E+00  0.3543E+01
 -10.699  0.7440E+00  0.3551E+01
 -10.689  0.7445E+00  0.3558E+01
 -10.679  0.7449E+00  0.3565E+01
 -10.669  0.7454E+00  0.3573E+01
 -10.659  0.7458E+00  0.3580E+01
 -10.649  0.7463E+00  0.3588E+01
 -10.639  0.7468E+00  0.3595E+01
 -10.629  0.7472E+00  0.3603E+01
 -10.619  0.7477E+00  0.3610E+01
 -10.609  0.7481E+00  0.3618E+01
 -10.599  0.7486E+00  0.3625E+01
 -10.589  0.7491E+00  0.3633E+01
 -10.579  0.7496E+00  0.3640E+01
 -10.569  0.7501E+00  0.3648E+01
 -10.559  0.7506E+00  0.3655E+01
 -10.549  0.7512E+00  0.3663E+01
 -10.539  0.7517E+00  0.3670E+01
 -10.529  0.7523E+00  0.3678E+01
 -10.519  0.7529E+00  0.3685E+01
 -10.509  0.7534E+00  0.3693E+01
 -10.499  0.7540E+00  0.3700E+01
 -10.489  0.7546E+00  0.3708E+01
 -10.479  0.7551E+00  0.3715E+01
 -10.469  0.7557E+00  0.3723E+01
 -10.459  0.7563E+00  0.3731E+01
 -10.449  0.7568E+00  0.3738E+01
 -10.439  0.7573E+00  0.3746E+01
 -10.429  0.7579E+00  0.3753E+01
 -10.419  0.7584E+00  0.3761E+01
 -10.409  0.7589E+00  0.3768E+01
 -10.399  0.7594E+00  0.3776E+01
 -10.389  0.7599E+00  0.3784E+01
 -10.379  0.7604E+00  0.3791E+01
 -10.369  0.7609E+00  0.3799E+01
 -10.359  0.7615E+00  0.3806E+01
 -10.349  0.7620E+00  0.3814E+01
 -10.339  0.7625E+00  0.3822E+01
 -10.329  0.7631E+00  0.3829E+01
 -10.319  0.7637E+00  0.3837E+01
 -10.309  0.7643E+00  0.3845E+01
 -10.299  0.7649E+00  0.3852E+01
 -10.289  0.7655E+00  0.3860E+01
 -10.279  0.7662E+00  0.3868E+01
 -10.269  0.7668E+00  0.3875E+01
 -10.259  0.7675E+00  0.3883E+01
 -10.249  0.7681E+00  0.3891E+01
 -10.239  0.7688E+00  0.3898E+01
 -10.229  0.7694E+00  0.3906E+01
 -10.219  0.7701E+00  0.3914E+01
 -10.209  0.7707E+00  0.3921E+01
 -10.199  0.7713E+00  0.3929E+01
 -10.189  0.7719E+00  0.3937E+01
 -10.179  0.7725E+00  0.3945E+01
 -10.169  0.7731E+00  0.3952E+01
 -10.159  0.7737E+00  0.3960E+01
 -10.149  0.7743E+00  0.3968E+01
 -10.139  0.7749E+00  0.3976E+01
 -10.129  0.7755E+00  0.3983E+01
 -10.119  0.7761E+00  0.3991E+01
 -10.109  0.7767E+00  0.3999E+01
 -10.099  0.7773E+00  0.4007E+01
 -10.089  0.7779E+00  0.4014E+01
 -10.079  0.7785E+00  0.4022E+01
 -10.069  0.7792E+00  0.4030E+01
 -10.059  0.7799E+00  0.4038E+01
 -10.049  0.7806E+00  0.4046E+01
 -10.039  0.7813E+00  0.4053E+01
 -10.029  0.7820E+00  0.4061E+01
 -10.019  0.7827E+00  0.4069E+01
 -10.009  0.7835E+00  0.4077E+01
  -9.999  0.7842E+00  0.4085E+01
  -9.989  0.7850E+00  0.4093E+01
  -9.979  0.7857E+00  0.4100E+01
  -9.969  0.7864E+00  0.4108E+01
  -9.959  0.7872E+00  0.4116E+01
  -9.949  0.7879E+00  0.4124E+01
  -9.939  0.7886E+00  0.4132E+01
  -9.929  0.7893E+00  0.4140E+01
  -9.919  0.7900E+00  0.4148E+01
  -9.909  0.7907E+00  0.4156E+01
  -9.899  0.7914E+00  0.4164E+01
  -9.889  0.7921E+00  0.4171E+01
  -9.879  0.7928E+00  0.4179E+01
  -9.869  0.7935E+00  0.4187E+01
  -9.859  0.7942E+00  0.4195E+01
  -9.849  0.7949E+00  0.4203E+01
  -9.839  0.7956E+00  0.4211E+01
  -9.829  0.7963E+00  0.4219E+01
  -9.819  0.7971E+00  0.4227E+01
  -9.809  0.7978E+00  0.4235E+01
  -9.799  0.7986E+00  0.4243E+01
  -9.789  0.7994E+00  0.4251E+01
  -9.779  0.8003E+00  0.4259E+01
  -9.769  0.8011E+00  0.4267E+01
  -9.759  0.8019E+00  0.4275E+01
  -9.749  0.8028E+00  0.4283E+01
  -9.739  0.8037E+00  0.4291E+01
  -9.729  0.8045E+00  0.4299E+01
  -9.719  0.8054E+00  0.4307E+01
  -9.709  0.8063E+00  0.4315E+01
  -9.699  0.8071E+00  0.4323E+01
  -9.689  0.8080E+00  0.4331E+01
  -9.679  0.8089E+00  0.4340E+01
  -9.669  0.8097E+00  0.4348E+01
  -9.659  0.8105E+00  0.4356E+01
  -9.649  0.8114E+00  0.4364E+01
  -9.639  0.8122E+00  0.4372E+01
  -9.629  0.8131E+00  0.4380E+01
  -9.619  0.8140E+00  0.4388E+01
  -9.609  0.8149E+00  0.4396E+01
  -9.599  0.8158E+00  0.4405E+01
  -9.589  0.8168E+00  0.4413E+01
  -9.579  0.8178E+00  0.4421E+01
  -9.569  0.8188E+00  0.4429E+01
  -9.559  0.8199E+00  0.4437E+01
  -9.549  0.8211E+00  0.4445E+01
  -9.539  0.8223E+00  0.4454E+01
  -9.529  0.8236E+00  0.4462E+01
  -9.519  0.8250E+00  0.4470E+01
  -9.509  0.8265E+00  0.4478E+01
  -9.499  0.8281E+00  0.4487E+01
  -9.489  0.8298E+00  0.4495E+01
  -9.479  0.8316E+00  0.4503E+01
  -9.469  0.8336E+00  0.4512E+01
  -9.459  0.8356E+00  0.4520E+01
  -9.449  0.8379E+00  0.4528E+01
  -9.439  0.8402E+00  0.4537E+01
  -9.429  0.8428E+00  0.4545E+01
  -9.419  0.8456E+00  0.4554E+01
  -9.409  0.8485E+00  0.4562E+01
  -9.399  0.8517E+00  0.4571E+01
  -9.389  0.8552E+00  0.4579E+01
  -9.379  0.8589E+00  0.4588E+01
  -9.369  0.8629E+00  0.4596E+01
  -9.359  0.8672E+00  0.4605E+01
  -9.349  0.8717E+00  0.4614E+01
  -9.339  0.8766E+00  0.4623E+01
  -9.329  0.8818E+00  0.4631E+01
  -9.319  0.8874E+00  0.4640E+01
  -9.309  0.8932E+00  0.4649E+01
  -9.299  0.8994E+00  0.4658E+01
  -9.289  0.9059E+00  0.4667E+01
  -9.279  0.9127E+00  0.4676E+01
  -9.269  0.9198E+00  0.4686E+01
  -9.259  0.9271E+00  0.4695E+01
  -9.249  0.9346E+00  0.4704E+01
  -9.239  0.9424E+00  0.4714E+01
  -9.229  0.9503E+00  0.4723E+01
  -9.219  0.9584E+00  0.4733E+01
  -9.209  0.9666E+00  0.4742E+01
  -9.199  0.9749E+00  0.4752E+01
  -9.189  0.9832E+00  0.4762E+01
  -9.179  0.9915E+00  0.4772E+01
  -9.169  0.9997E+00  0.4782E+01
  -9.159  0.1008E+01  0.4792E+01
  -9.149  0.1016E+01  0.4802E+01
  -9.139  0.1024E+01  0.4812E+01
  -9.129  0.1032E+01  0.4823E+01
  -9.119  0.1039E+01  0.4833E+01
  -9.109  0.1047E+01  0.4844E+01
  -9.099  0.1054E+01  0.4854E+01
  -9.089  0.1061E+01  0.4865E+01
  -9.079  0.1068E+01  0.4875E+01
  -9.069  0.1074E+01  0.4886E+01
  -9.059  0.1080E+01  0.4897E+01
  -9.049  0.1086E+01  0.4908E+01
  -9.039  0.1092E+01  0.4919E+01
  -9.029  0.1097E+01  0.4930E+01
  -9.019  0.1102E+01  0.4941E+01
  -9.009  0.1107E+01  0.4952E+01
  -8.999  0.1111E+01  0.4963E+01
  -8.989  0.1116E+01  0.4974E+01
  -8.979  0.1120E+01  0.4985E+01
  -8.969  0.1123E+01  0.4997E+01
  -8.959  0.1127E+01  0.5008E+01
  -8.949  0.1130E+01  0.5019E+01
  -8.939  0.1133E+01  0.5030E+01
  -8.929  0.1136E+01  0.5042E+01
  -8.919  0.1139E+01  0.5053E+01
  -8.909  0.1142E+01  0.5065E+01
  -8.899  0.1144E+01  0.5076E+01
  -8.889  0.1146E+01  0.5087E+01
  -8.879  0.1149E+01  0.5099E+01
  -8.869  0.1151E+01  0.5110E+01
  -8.859  0.1153E+01  0.5122E+01
  -8.849  0.1155E+01  0.5134E+01
  -8.839  0.1157E+01  0.5145E+01
  -8.829  0.1159E+01  0.5157E+01
  -8.819  0.1161E+01  0.5168E+01
  -8.809  0.1163E+01  0.5180E+01
  -8.799  0.1165E+01  0.5192E+01
  -8.789  0.1167E+01  0.5203E+01
  -8.779  0.1169E+01  0.5215E+01
  -8.769  0.1171E+01  0.5227E+01
  -8.759  0.1173E+01  0.5238E+01
  -8.749  0.1176E+01  0.5250E+01
  -8.739  0.1178E+01  0.5262E+01
  -8.729  0.1180E+01  0.5274E+01
  -8.719  0.1182E+01  0.5286E+01
  -8.709  0.1185E+01  0.5297E+01
  -8.699  0.1187E+01  0.5309E+01
  -8.689  0.1190E+01  0.5321E+01
  -8.679  0.1193E+01  0.5333E+01
  -8.669  0.1196E+01  0.5345E+01
  -8.659  0.1199E+01  0.5357E+01
  -8.649  0.1202E+01  0.5369E+01
  -8.639  0.1206E+01  0.5381E+01
  -8.629  0.1209E+01  0.5393E+01
  -8.619  0.1213E+01  0.5405E+01
  -8.609  0.1217E+01  0.5418E+01
  -8.599  0.1222E+01  0.5430E+01
  -8.589  0.1226E+01  0.5442E+01
  -8.579  0.1231E+01  0.5454E+01
  -8.569  0.1237E+01  0.5467E+01
  -8.559  0.1242E+01  0.5479E+01
  -8.549  0.1248E+01  0.5492E+01
  -8.539  0.1254E+01  0.5504E+01
  -8.529  0.1261E+01  0.5517E+01
  -8.519  0.1268E+01  0.5529E+01
  -8.509  0.1275E+01  0.5542E+01
  -8.499  0.1283E+01  0.5555E+01
  -8.489  0.1291E+01  0.5568E+01
  -8.479  0.1299E+01  0.5581E+01
  -8.469  0.1308E+01  0.5594E+01
  -8.459  0.1317E+01  0.5607E+01
  -8.449  0.1326E+01  0.5620E+01
  -8.439  0.1335E+01  0.5634E+01
  -8.429  0.1345E+01  0.5647E+01
  -8.419  0.1354E+01  0.5661E+01
  -8.409  0.1364E+01  0.5674E+01
  -8.399  0.1374E+01  0.5688E+01
  -8.389  0.1384E+01  0.5702E+01
  -8.379  0.1394E+01  0.5716E+01
  -8.369  0.1405E+01  0.5730E+01
  -8.359  0.1415E+01  0.5744E+01
  -8.349  0.1425E+01  0.5758E+01
  -8.339  0.1435E+01  0.5773E+01
  -8.329  0.1445E+01  0.5787E+01
  -8.319  0.1454E+01  0.5802E+01
  -8.309  0.1464E+01  0.5816E+01
  -8.299  0.1473E+01  0.5831E+01
  -8.289  0.1482E+01  0.5846E+01
  -8.279  0.1491E+01  0.5861E+01
  -8.269  0.1500E+01  0.5876E+01
  -8.259  0.1508E+01  0.5891E+01
  -8.249  0.1516E+01  0.5906E+01
  -8.239  0.1524E+01  0.5921E+01
  -8.229  0.1532E+01  0.5937E+01
  -8.219  0.1540E+01  0.5952E+01
  -8.209  0.1547E+01  0.5968E+01
  -8.199  0.1554E+01  0.5983E+01
  -8.189  0.1561E+01  0.5999E+01
  -8.179  0.1567E+01  0.6014E+01
  -8.169  0.1574E+01  0.6030E+01
  -8.159  0.1580E+01  0.6046E+01
  -8.149  0.1586E+01  0.6062E+01
  -8.139  0.1592E+01  0.6078E+01
  -8.129  0.1598E+01  0.6094E+01
  -8.119  0.1604E+01  0.6110E+01
  -8.109  0.1610E+01  0.6126E+01
  -8.099  0.1615E+01  0.6142E+01
  -8.089  0.1621E+01  0.6158E+01
  -8.079  0.1627E+01  0.6174E+01
  -8.069  0.1632E+01  0.6191E+01
  -8.059  0.1638E+01  0.6207E+01
  -8.049  0.1644E+01  0.6224E+01
  -8.039  0.1650E+01  0.6240E+01
  -8.029  0.1656E+01  0.6257E+01
  -8.019  0.1662E+01  0.6273E+01
  -8.009  0.1668E+01  0.6290E+01
  -7.999  0.1675E+01  0.6307E+01
  -7.989  0.1682E+01  0.6323E+01
  -7.979  0.1688E+01  0.6340E+01
  -7.969  0.1695E+01  0.6357E+01
  -7.959  0.1703E+01  0.6374E+01
  -7.949  0.1710E+01  0.6391E+01
  -7.939  0.1718E+01  0.6409E+01
  -7.929  0.1726E+01  0.6426E+01
  -7.919  0.1734E+01  0.6443E+01
  -7.909  0.1743E+01  0.6461E+01
  -7.899  0.1751E+01  0.6478E+01
  -7.889  0.1761E+01  0.6496E+01
  -7.879  0.1770E+01  0.6513E+01
  -7.869  0.1780E+01  0.6531E+01
  -7.859  0.1790E+01  0.6549E+01
  -7.849  0.1801E+01  0.6567E+01
  -7.839  0.1812E+01  0.6585E+01
  -7.829  0.1823E+01  0.6604E+01
  -7.819  0.1835E+01  0.6622E+01
  -7.809  0.1847E+01  0.6640E+01
  -7.799  0.1860E+01  0.6659E+01
  -7.789  0.1873E+01  0.6678E+01
  -7.779  0.1886E+01  0.6697E+01
  -7.769  0.1899E+01  0.6716E+01
  -7.759  0.1913E+01  0.6735E+01
  -7.749  0.1927E+01  0.6754E+01
  -7.739  0.1941E+01  0.6773E+01
  -7.729  0.1955E+01  0.6793E+01
  -7.719  0.1970E+01  0.6813E+01
  -7.709  0.1984E+01  0.6832E+01
  -7.699  0.1998E+01  0.6852E+01
  -7.689  0.2011E+01  0.6873E+01
  -7.679  0.2025E+01  0.6893E+01
  -7.669  0.2038E+01  0.6913E+01
  -7.659  0.2050E+01  0.6934E+01
  -7.649  0.2062E+01  0.6954E+01
  -7.639  0.2074E+01  0.6975E+01
  -7.629  0.2084E+01  0.6996E+01
  -7.619  0.2093E+01  0.7017E+01
  -7.609  0.2102E+01  0.7038E+01
  -7.599  0.2109E+01  0.7059E+01
  -7.589  0.2116E+01  0.7080E+01
  -7.579  0.2121E+01  0.7101E+01
  -7.569  0.2124E+01  0.7123E+01
  -7.559  0.2127E+01  0.7144E+01
  -7.549  0.2128E+01  0.7165E+01
  -7.539  0.2128E+01  0.7186E+01
  -7.529  0.2126E+01  0.7208E+01
  -7.519  0.2124E+01  0.7229E+01
  -7.509  0.2119E+01  0.7250E+01
  -7.499  0.2114E+01  0.7271E+01
  -7.489  0.2107E+01  0.7292E+01
  -7.479  0.2099E+01  0.7313E+01
  -7.469  0.2090E+01  0.7334E+01
  -7.459  0.2080E+01  0.7355E+01
  -7.449  0.2069E+01  0.7376E+01
  -7.439  0.2057E+01  0.7396E+01
  -7.429  0.2044E+01  0.7417E+01
  -7.419  0.2031E+01  0.7437E+01
  -7.409  0.2017E+01  0.7457E+01
  -7.399  0.2002E+01  0.7477E+01
  -7.389  0.1988E+01  0.7497E+01
  -7.379  0.1972E+01  0.7517E+01
  -7.369  0.1957E+01  0.7536E+01
  -7.359  0.1942E+01  0.7556E+01
  -7.349  0.1926E+01  0.7575E+01
  -7.339  0.1911E+01  0.7594E+01
  -7.329  0.1896E+01  0.7613E+01
  -7.319  0.1881E+01  0.7632E+01
  -7.309  0.1866E+01  0.7650E+01
  -7.299  0.1851E+01  0.7669E+01
  -7.289  0.1837E+01  0.7687E+01
  -7.279  0.1823E+01  0.7706E+01
  -7.269  0.1809E+01  0.7724E+01
  -7.259  0.1796E+01  0.7742E+01
  -7.249  0.1784E+01  0.7759E+01
  -7.239  0.1771E+01  0.7777E+01
  -7.229  0.1759E+01  0.7795E+01
  -7.219  0.1748E+01  0.7812E+01
  -7.209  0.1737E+01  0.7830E+01
  -7.199  0.1726E+01  0.7847E+01
  -7.189  0.1715E+01  0.7864E+01
  -7.179  0.1705E+01  0.7881E+01
  -7.169  0.1696E+01  0.7898E+01
  -7.159  0.1686E+01  0.7915E+01
  -7.149  0.1677E+01  0.7932E+01
  -7.139  0.1668E+01  0.7948E+01
  -7.129  0.1660E+01  0.7965E+01
  -7.119  0.1652E+01  0.7982E+01
  -7.109  0.1644E+01  0.7998E+01
  -7.099  0.1636E+01  0.8014E+01
  -7.089  0.1628E+01  0.8031E+01
  -7.079  0.1621E+01  0.8047E+01
  -7.069  0.1614E+01  0.8063E+01
  -7.059  0.1607E+01  0.8079E+01
  -7.049  0.1600E+01  0.8095E+01
  -7.039  0.1594E+01  0.8111E+01
  -7.029  0.1588E+01  0.8127E+01
  -7.019  0.1581E+01  0.8143E+01
  -7.009  0.1575E+01  0.8158E+01
  -6.999  0.1569E+01  0.8174E+01
  -6.989  0.1564E+01  0.8190E+01
  -6.979  0.1558E+01  0.8205E+01
  -6.969  0.1552E+01  0.8221E+01
  -6.959  0.1547E+01  0.8236E+01
  -6.949  0.1542E+01  0.8252E+01
  -6.939  0.1536E+01  0.8267E+01
  -6.929  0.1531E+01  0.8282E+01
  -6.919  0.1526E+01  0.8298E+01
  -6.909  0.1521E+01  0.8313E+01
  -6.899  0.1516E+01  0.8328E+01
  -6.889  0.1512E+01  0.8343E+01
  -6.879  0.1507E+01  0.8358E+01
  -6.869  0.1502E+01  0.8373E+01
  -6.859  0.1498E+01  0.8388E+01
  -6.849  0.1493E+01  0.8403E+01
  -6.839  0.1489E+01  0.8418E+01
  -6.829  0.1484E+01  0.8433E+01
  -6.819  0.1480E+01  0.8448E+01
  -6.809  0.1476E+01  0.8462E+01
  -6.799  0.1471E+01  0.8477E+01
  -6.789  0.1467E+01  0.8492E+01
  -6.779  0.1463E+01  0.8506E+01
  -6.769  0.1459E+01  0.8521E+01
  -6.759  0.1455E+01  0.8536E+01
  -6.749  0.1451E+01  0.8550E+01
  -6.739  0.1448E+01  0.8565E+01
  -6.729  0.1444E+01  0.8579E+01
  -6.719  0.1440E+01  0.8593E+01
  -6.709  0.1437E+01  0.8608E+01
  -6.699  0.1433E+01  0.8622E+01
  -6.689  0.1429E+01  0.8636E+01
  -6.679  0.1426E+01  0.8651E+01
  -6.669  0.1422E+01  0.8665E+01
  -6.659  0.1419E+01  0.8679E+01
  -6.649  0.1415E+01  0.8693E+01
  -6.639  0.1412E+01  0.8707E+01
  -6.629  0.1409E+01  0.8721E+01
  -6.619  0.1405E+01  0.8735E+01
  -6.609  0.1402E+01  0.8749E+01
  -6.599  0.1399E+01  0.8763E+01
  -6.589  0.1396E+01  0.8777E+01
  -6.579  0.1392E+01  0.8791E+01
  -6.569  0.1389E+01  0.8805E+01
  -6.559  0.1386E+01  0.8819E+01
  -6.549  0.1383E+01  0.8833E+01
  -6.539  0.1380E+01  0.8847E+01
  -6.529  0.1377E+01  0.8861E+01
  -6.519  0.1374E+01  0.8874E+01
  -6.509  0.1371E+01  0.8888E+01
  -6.499  0.1368E+01  0.8902E+01
  -6.489  0.1366E+01  0.8915E+01
  -6.479  0.1363E+01  0.8929E+01
  -6.469  0.1360E+01  0.8943E+01
  -6.459  0.1357E+01  0.8956E+01
  -6.449  0.1354E+01  0.8970E+01
  -6.439  0.1352E+01  0.8983E+01
  -6.429  0.1349E+01  0.8997E+01
  -6.419  0.1346E+01  0.9010E+01
  -6.409  0.1344E+01  0.9024E+01
  -6.399  0.1341E+01  0.9037E+01
  -6.389  0.1338E+01  0.9050E+01
  -6.379  0.1336E+01  0.9064E+01
  -6.369  0.1333E+01  0.9077E+01
  -6.359  0.1331E+01  0.9090E+01
  -6.349  0.1328E+01  0.9104E+01
  -6.339  0.1326E+01  0.9117E+01
  -6.329  0.1323E+01  0.9130E+01
  -6.319  0.1321E+01  0.9143E+01
  -6.309  0.1318E+01  0.9157E+01
  -6.299  0.1316E+01  0.9170E+01
  -6.289  0.1314E+01  0.9183E+01
  -6.279  0.1311E+01  0.9196E+01
  -6.269  0.1309E+01  0.9209E+01
  -6.259  0.1307E+01  0.9222E+01
  -6.249  0.1304E+01  0.9235E+01
  -6.239  0.1302E+01  0.9248E+01
  -6.229  0.1300E+01  0.9261E+01
  -6.219  0.1298E+01  0.9274E+01
  -6.209  0.1296E+01  0.9287E+01
  -6.199  0.1293E+01  0.9300E+01
  -6.189  0.1291E+01  0.9313E+01
  -6.179  0.1289E+01  0.9326E+01
  -6.169  0.1287E+01  0.9339E+01
  -6.159  0.1285E+01  0.9352E+01
  -6.149  0.1283E+01  0.9364E+01
  -6.139  0.1281E+01  0.9377E+01
  -6.129  0.1278E+01  0.9390E+01
  -6.119  0.1276E+01  0.9403E+01
  -6.109  0.1274E+01  0.9415E+01
  -6.099  0.1272E+01  0.9428E+01
  -6.089  0.1270E+01  0.9441E+01
  -6.079  0.1268E+01  0.9454E+01
  -6.069  0.1266E+01  0.9466E+01
  -6.059  0.1264E+01  0.9479E+01
  -6.049  0.1262E+01  0.9491E+01
  -6.039  0.1261E+01  0.9504E+01
  -6.029  0.1259E+01  0.9517E+01
  -6.019  0.1257E+01  0.9529E+01
  -6.009  0.1255E+01  0.9542E+01
  -5.999  0.1253E+01  0.9554E+01
  -5.989  0.1251E+01  0.9567E+01
  -5.979  0.1249E+01  0.9579E+01
  -5.969  0.1248E+01  0.9592E+01
  -5.959  0.1246E+01  0.9604E+01
  -5.949  0.1244E+01  0.9617E+01
  -5.939  0.1242E+01  0.9629E+01
  -5.929  0.1240E+01  0.9642E+01
  -5.919  0.1239E+01  0.9654E+01
  -5.909  0.1237E+01  0.9666E+01
  -5.899  0.1235E+01  0.9679E+01
  -5.889  0.1234E+01  0.9691E+01
  -5.879  0.1232E+01  0.9703E+01
  -5.869  0.1230E+01  0.9716E+01
  -5.859  0.1228E+01  0.9728E+01
  -5.849  0.1227E+01  0.9740E+01
  -5.839  0.1225E+01  0.9752E+01
  -5.829  0.1223E+01  0.9765E+01
  -5.819  0.1222E+01  0.9777E+01
  -5.809  0.1220E+01  0.9789E+01
  -5.799  0.1219E+01  0.9801E+01
  -5.789  0.1217E+01  0.9813E+01
  -5.779  0.1216E+01  0.9826E+01
  -5.769  0.1214E+01  0.9838E+01
  -5.759  0.1212E+01  0.9850E+01
  -5.749  0.1211E+01  0.9862E+01
  -5.739  0.1209E+01  0.9874E+01
  -5.729  0.1208E+01  0.9886E+01
  -5.719  0.1206E+01  0.9898E+01
  -5.709  0.1205E+01  0.9910E+01
  -5.699  0.1203E+01  0.9922E+01
  -5.689  0.1202E+01  0.9934E+01
  -5.679  0.1201E+01  0.9946E+01
  -5.669  0.1199E+01  0.9958E+01
  -5.659  0.1198E+01  0.9970E+01
  -5.649  0.1196E+01  0.9982E+01
  -5.639  0.1195E+01  0.9994E+01
  -5.629  0.1193E+01  0.1001E+02
  -5.619  0.1192E+01  0.1002E+02
  -5.609  0.1191E+01  0.1003E+02
  -5.599  0.1189E+01  0.1004E+02
  -5.589  0.1188E+01  0.1005E+02
  -5.579  0.1187E+01  0.1007E+02
  -5.569  0.1185E+01  0.1008E+02
  -5.559  0.1184E+01  0.1009E+02
  -5.549  0.1183E+01  0.1010E+02
  -5.539  0.1181E+01  0.1011E+02
  -5.529  0.1180E+01  0.1012E+02
  -5.519  0.1179E+01  0.1014E+02
  -5.509  0.1178E+01  0.1015E+02
  -5.499  0.1176E+01  0.1016E+02
  -5.489  0.1175E+01  0.1017E+02
  -5.479  0.1174E+01  0.1018E+02
  -5.469  0.1173E+01  0.1020E+02
  -5.459  0.1171E+01  0.1021E+02
  -5.449  0.1170E+01  0.1022E+02
  -5.439  0.1169E+01  0.1023E+02
  -5.429  0.1168E+01  0.1024E+02
  -5.419  0.1167E+01  0.1025E+02
  -5.409  0.1166E+01  0.1027E+02
  -5.399  0.1164E+01  0.1028E+02
  -5.389  0.1163E+01  0.1029E+02
  -5.379  0.1162E+01  0.1030E+02
  -5.369  0.1161E+01  0.1031E+02
  -5.359  0.1160E+01  0.1032E+02
  -5.349  0.1159E+01  0.1034E+02
  -5.339  0.1158E+01  0.1035E+02
  -5.329  0.1157E+01  0.1036E+02
  -5.319  0.1156E+01  0.1037E+02
  -5.309  0.1154E+01  0.1038E+02
  -5.299  0.1153E+01  0.1039E+02
  -5.289  0.1152E+01  0.1040E+02
  -5.279  0.1151E+01  0.1042E+02
  -5.269  0.1150E+01  0.1043E+02
  -5.259  0.1149E+01  0.1044E+02
  -5.249  0.1148E+01  0.1045E+02
  -5.239  0.1147E+01  0.1046E+02
  -5.229  0.1146E+01  0.1047E+02
  -5.219  0.1146E+01  0.1048E+02
  -5.209  0.1145E+01  0.1050E+02
  -5.199  0.1144E+01  0.1051E+02
  -5.189  0.1143E+01  0.1052E+02
  -5.179  0.1142E+01  0.1053E+02
  -5.169  0.1141E+01  0.1054E+02
  -5.159  0.1140E+01  0.1055E+02
  -5.149  0.1139E+01  0.1056E+02
  -5.139  0.1138E+01  0.1058E+02
  -5.129  0.1137E+01  0.1059E+02
  -5.119  0.1136E+01  0.1060E+02
  -5.109  0.1136E+01  0.1061E+02
  -5.099  0.1135E+01  0.1062E+02
  -5.089  0.1134E+01  0.1063E+02
  -5.079  0.1133E+01  0.1064E+02
  -5.069  0.1132E+01  0.1066E+02
  -5.059  0.1131E+01  0.1067E+02
  -5.049  0.1131E+01  0.1068E+02
  -5.039  0.1130E+01  0.1069E+02
  -5.029  0.1129E+01  0.1070E+02
  -5.019  0.1128E+01  0.1071E+02
  -5.009  0.1128E+01  0.1072E+02
  -4.999  0.1127E+01  0.1073E+02
  -4.989  0.1126E+01  0.1075E+02
  -4.979  0.1125E+01  0.1076E+02
  -4.969  0.1125E+01  0.1077E+02
  -4.959  0.1124E+01  0.1078E+02
  -4.949  0.1123E+01  0.1079E+02
  -4.939  0.1123E+01  0.1080E+02
  -4.929  0.1122E+01  0.1081E+02
  -4.919  0.1121E+01  0.1082E+02
  -4.909  0.1121E+01  0.1084E+02
  -4.899  0.1120E+01  0.1085E+02
  -4.889  0.1120E+01  0.1086E+02
  -4.879  0.1119E+01  0.1087E+02
  -4.869  0.1118E+01  0.1088E+02
  -4.859  0.1118E+01  0.1089E+02
  -4.849  0.1117E+01  0.1090E+02
  -4.839  0.1117E+01  0.1091E+02
  -4.829  0.1116E+01  0.1093E+02
  -4.819  0.1116E+01  0.1094E+02
  -4.809  0.1115E+01  0.1095E+02
  -4.799  0.1115E+01  0.1096E+02
  -4.789  0.1114E+01  0.1097E+02
  -4.779  0.1114E+01  0.1098E+02
  -4.769  0.1113E+01  0.1099E+02
  -4.759  0.1113E+01  0.1100E+02
  -4.749  0.1112E+01  0.1101E+02
  -4.739  0.1112E+01  0.1103E+02
  -4.729  0.1112E+01  0.1104E+02
  -4.719  0.1111E+01  0.1105E+02
  -4.709  0.1111E+01  0.1106E+02
  -4.699  0.1110E+01  0.1107E+02
  -4.689  0.1110E+01  0.1108E+02
  -4.679  0.1110E+01  0.1109E+02
  -4.669  0.1109E+01  0.1110E+02
  -4.659  0.1109E+01  0.1111E+02
  -4.649  0.1109E+01  0.1113E+02
  -4.639  0.1108E+01  0.1114E+02
  -4.629  0.1108E+01  0.1115E+02
  -4.619  0.1108E+01  0.1116E+02
  -4.609  0.1108E+01  0.1117E+02
  -4.599  0.1107E+01  0.1118E+02
  -4.589  0.1107E+01  0.1119E+02
  -4.579  0.1107E+01  0.1120E+02
  -4.569  0.1107E+01  0.1121E+02
  -4.559  0.1106E+01  0.1122E+02
  -4.549  0.1106E+01  0.1124E+02
  -4.539  0.1106E+01  0.1125E+02
  -4.529  0.1106E+01  0.1126E+02
  -4.519  0.1106E+01  0.1127E+02
  -4.509  0.1105E+01  0.1128E+02
  -4.499  0.1105E+01  0.1129E+02
  -4.489  0.1104E+01  0.1130E+02
  -4.479  0.1104E+01  0.1131E+02
  -4.469  0.1104E+01  0.1132E+02
  -4.459  0.1103E+01  0.1134E+02
  -4.449  0.1102E+01  0.1135E+02
  -4.439  0.1101E+01  0.1136E+02
  -4.429  0.1100E+01  0.1137E+02
  -4.419  0.1099E+01  0.1138E+02
  -4.409  0.1098E+01  0.1139E+02
  -4.399  0.1096E+01  0.1140E+02
  -4.389  0.1095E+01  0.1141E+02
  -4.379  0.1093E+01  0.1142E+02
  -4.369  0.1091E+01  0.1143E+02
  -4.359  0.1088E+01  0.1145E+02
  -4.349  0.1085E+01  0.1146E+02
  -4.339  0.1082E+01  0.1147E+02
  -4.329  0.1079E+01  0.1148E+02
  -4.319  0.1075E+01  0.1149E+02
  -4.309  0.1071E+01  0.1150E+02
  -4.299  0.1066E+01  0.1151E+02
  -4.289  0.1061E+01  0.1152E+02
  -4.279  0.1055E+01  0.1153E+02
  -4.269  0.1049E+01  0.1154E+02
  -4.259  0.1043E+01  0.1155E+02
  -4.249  0.1036E+01  0.1156E+02
  -4.239  0.1028E+01  0.1157E+02
  -4.229  0.1021E+01  0.1158E+02
  -4.219  0.1012E+01  0.1159E+02
  -4.209  0.1004E+01  0.1160E+02
  -4.199  0.9947E+00  0.1161E+02
  -4.189  0.9854E+00  0.1162E+02
  -4.179  0.9759E+00  0.1163E+02
  -4.169  0.9661E+00  0.1164E+02
  -4.159  0.9561E+00  0.1165E+02
  -4.149  0.9460E+00  0.1166E+02
  -4.139  0.9359E+00  0.1167E+02
  -4.129  0.9258E+00  0.1168E+02
  -4.119  0.9157E+00  0.1169E+02
  -4.109  0.9058E+00  0.1170E+02
  -4.099  0.8961E+00  0.1171E+02
  -4.089  0.8866E+00  0.1172E+02
  -4.079  0.8774E+00  0.1172E+02
  -4.069  0.8686E+00  0.1173E+02
  -4.059  0.8602E+00  0.1174E+02
  -4.049  0.8523E+00  0.1175E+02
  -4.039  0.8449E+00  0.1176E+02
  -4.029  0.8380E+00  0.1177E+02
  -4.019  0.8317E+00  0.1178E+02
  -4.009  0.8260E+00  0.1178E+02
  -3.999  0.8209E+00  0.1179E+02
  -3.989  0.8164E+00  0.1180E+02
  -3.979  0.8126E+00  0.1181E+02
  -3.969  0.8095E+00  0.1182E+02
  -3.959  0.8070E+00  0.1182E+02
  -3.949  0.8051E+00  0.1183E+02
  -3.939  0.8039E+00  0.1184E+02
  -3.929  0.8033E+00  0.1185E+02
  -3.919  0.8034E+00  0.1186E+02
  -3.909  0.8040E+00  0.1186E+02
  -3.899  0.8052E+00  0.1187E+02
  -3.889  0.8069E+00  0.1188E+02
  -3.879  0.8091E+00  0.1189E+02
  -3.869  0.8118E+00  0.1190E+02
  -3.859  0.8150E+00  0.1190E+02
  -3.849  0.8185E+00  0.1191E+02
  -3.839  0.8224E+00  0.1192E+02
  -3.829  0.8267E+00  0.1193E+02
  -3.819  0.8312E+00  0.1194E+02
  -3.809  0.8359E+00  0.1195E+02
  -3.799  0.8409E+00  0.1195E+02
  -3.789  0.8460E+00  0.1196E+02
  -3.779  0.8512E+00  0.1197E+02
  -3.769  0.8565E+00  0.1198E+02
  -3.759  0.8618E+00  0.1199E+02
  -3.749  0.8671E+00  0.1200E+02
  -3.739  0.8724E+00  0.1201E+02
  -3.729  0.8777E+00  0.1202E+02
  -3.719  0.8828E+00  0.1202E+02
  -3.709  0.8878E+00  0.1203E+02
  -3.699  0.8927E+00  0.1204E+02
  -3.689  0.8973E+00  0.1205E+02
  -3.679  0.9018E+00  0.1206E+02
  -3.669  0.9061E+00  0.1207E+02
  -3.659  0.9101E+00  0.1208E+02
  -3.649  0.9139E+00  0.1209E+02
  -3.639  0.9175E+00  0.1210E+02
  -3.629  0.9208E+00  0.1211E+02
  -3.619  0.9239E+00  0.1211E+02
  -3.609  0.9267E+00  0.1212E+02
  -3.599  0.9293E+00  0.1213E+02
  -3.589  0.9316E+00  0.1214E+02
  -3.579  0.9337E+00  0.1215E+02
  -3.569  0.9355E+00  0.1216E+02
  -3.559  0.9371E+00  0.1217E+02
  -3.549  0.9384E+00  0.1218E+02
  -3.539  0.9395E+00  0.1219E+02
  -3.529  0.9404E+00  0.1220E+02
  -3.519  0.9410E+00  0.1221E+02
  -3.509  0.9415E+00  0.1222E+02
  -3.499  0.9416E+00  0.1223E+02
  -3.489  0.9416E+00  0.1224E+02
  -3.479  0.9412E+00  0.1225E+02
  -3.469  0.9406E+00  0.1226E+02
  -3.459  0.9398E+00  0.1226E+02
  -3.449  0.9386E+00  0.1227E+02
  -3.439  0.9372E+00  0.1228E+02
  -3.429  0.9354E+00  0.1229E+02
  -3.419  0.9332E+00  0.1230E+02
  -3.409  0.9307E+00  0.1231E+02
  -3.399  0.9278E+00  0.1232E+02
  -3.389  0.9244E+00  0.1233E+02
  -3.379  0.9207E+00  0.1234E+02
  -3.369  0.9165E+00  0.1235E+02
  -3.359  0.9118E+00  0.1236E+02
  -3.349  0.9067E+00  0.1237E+02
  -3.339  0.9011E+00  0.1238E+02
  -3.329  0.8950E+00  0.1238E+02
  -3.319  0.8884E+00  0.1239E+02
  -3.309  0.8813E+00  0.1240E+02
  -3.299  0.8739E+00  0.1241E+02
  -3.289  0.8659E+00  0.1242E+02
  -3.279  0.8576E+00  0.1243E+02
  -3.269  0.8489E+00  0.1244E+02
  -3.259  0.8398E+00  0.1244E+02
  -3.249  0.8304E+00  0.1245E+02
  -3.239  0.8207E+00  0.1246E+02
  -3.229  0.8108E+00  0.1247E+02
  -3.219  0.8007E+00  0.1248E+02
  -3.209  0.7905E+00  0.1249E+02
  -3.199  0.7801E+00  0.1249E+02
  -3.189  0.7697E+00  0.1250E+02
  -3.179  0.7592E+00  0.1251E+02
  -3.169  0.7488E+00  0.1252E+02
  -3.159  0.7384E+00  0.1252E+02
  -3.149  0.7281E+00  0.1253E+02
  -3.139  0.7180E+00  0.1254E+02
  -3.129  0.7079E+00  0.1254E+02
  -3.119  0.6980E+00  0.1255E+02
  -3.109  0.6883E+00  0.1256E+02
  -3.099  0.6787E+00  0.1257E+02
  -3.089  0.6693E+00  0.1257E+02
  -3.079  0.6602E+00  0.1258E+02
  -3.069  0.6512E+00  0.1259E+02
  -3.059  0.6425E+00  0.1259E+02
  -3.049  0.6339E+00  0.1260E+02
  -3.039  0.6256E+00  0.1260E+02
  -3.029  0.6175E+00  0.1261E+02
  -3.019  0.6096E+00  0.1262E+02
  -3.009  0.6019E+00  0.1262E+02
  -2.999  0.5943E+00  0.1263E+02
  -2.989  0.5870E+00  0.1263E+02
  -2.979  0.5799E+00  0.1264E+02
  -2.969  0.5729E+00  0.1265E+02
  -2.959  0.5662E+00  0.1265E+02
  -2.949  0.5596E+00  0.1266E+02
  -2.939  0.5532E+00  0.1266E+02
  -2.929  0.5469E+00  0.1267E+02
  -2.919  0.5408E+00  0.1267E+02
  -2.909  0.5349E+00  0.1268E+02
  -2.899  0.5290E+00  0.1268E+02
  -2.889  0.5234E+00  0.1269E+02
  -2.879  0.5178E+00  0.1269E+02
  -2.869  0.5124E+00  0.1270E+02
  -2.859  0.5070E+00  0.1270E+02
  -2.849  0.5018E+00  0.1271E+02
  -2.839  0.4966E+00  0.1271E+02
  -2.829  0.4916E+00  0.1272E+02
  -2.819  0.4866E+00  0.1272E+02
  -2.809  0.4817E+00  0.1273E+02
  -2.799  0.4768E+00  0.1273E+02
  -2.789  0.4720E+00  0.1274E+02
  -2.779  0.4673E+00  0.1274E+02
  -2.769  0.4626E+00  0.1275E+02
  -2.759  0.4581E+00  0.1275E+02
  -2.749  0.4535E+00  0.1276E+02
  -2.739  0.4490E+00  0.1276E+02
  -2.729  0.4446E+00  0.1277E+02
  -2.719  0.4403E+00  0.1277E+02
  -2.709  0.4360E+00  0.1278E+02
  -2.699  0.4318E+00  0.1278E+02
  -2.689  0.4276E+00  0.1278E+02
  -2.679  0.4235E+00  0.1279E+02
  -2.669  0.4195E+00  0.1279E+02
  -2.659  0.4155E+00  0.1280E+02
  -2.649  0.4115E+00  0.1280E+02
  -2.639  0.4076E+00  0.1280E+02
  -2.629  0.4038E+00  0.1281E+02
  -2.619  0.3999E+00  0.1281E+02
  -2.609  0.3962E+00  0.1282E+02
  -2.599  0.3924E+00  0.1282E+02
  -2.589  0.3887E+00  0.1282E+02
  -2.579  0.3850E+00  0.1283E+02
  -2.569  0.3813E+00  0.1283E+02
  -2.559  0.3777E+00  0.1284E+02
  -2.549  0.3741E+00  0.1284E+02
  -2.539  0.3705E+00  0.1284E+02
  -2.529  0.3669E+00  0.1285E+02
  -2.519  0.3634E+00  0.1285E+02
  -2.509  0.3599E+00  0.1285E+02
  -2.499  0.3564E+00  0.1286E+02
  -2.489  0.3530E+00  0.1286E+02
  -2.479  0.3496E+00  0.1286E+02
  -2.469  0.3462E+00  0.1287E+02
  -2.459  0.3429E+00  0.1287E+02
  -2.449  0.3396E+00  0.1287E+02
  -2.439  0.3363E+00  0.1288E+02
  -2.429  0.3331E+00  0.1288E+02
  -2.419  0.3299E+00  0.1288E+02
  -2.409  0.3267E+00  0.1289E+02
  -2.399  0.3235E+00  0.1289E+02
  -2.389  0.3204E+00  0.1289E+02
  -2.379  0.3173E+00  0.1290E+02
  -2.369  0.3142E+00  0.1290E+02
  -2.359  0.3111E+00  0.1290E+02
  -2.349  0.3080E+00  0.1291E+02
  -2.339  0.3049E+00  0.1291E+02
  -2.329  0.3019E+00  0.1291E+02
  -2.319  0.2989E+00  0.1292E+02
  -2.309  0.2959E+00  0.1292E+02
  -2.299  0.2929E+00  0.1292E+02
  -2.289  0.2899E+00  0.1293E+02
  -2.279  0.2869E+00  0.1293E+02
  -2.269  0.2840E+00  0.1293E+02
  -2.259  0.2811E+00  0.1293E+02
  -2.249  0.2782E+00  0.1294E+02
  -2.239  0.2753E+00  0.1294E+02
  -2.229  0.2724E+00  0.1294E+02
  -2.219  0.2696E+00  0.1294E+02
  -2.209  0.2668E+00  0.1295E+02
  -2.199  0.2640E+00  0.1295E+02
  -2.189  0.2612E+00  0.1295E+02
  -2.179  0.2584E+00  0.1296E+02
  -2.169  0.2557E+00  0.1296E+02
  -2.159  0.2530E+00  0.1296E+02
  -2.149  0.2502E+00  0.1296E+02
  -2.139  0.2475E+00  0.1297E+02
  -2.129  0.2448E+00  0.1297E+02
  -2.119  0.2421E+00  0.1297E+02
  -2.109  0.2395E+00  0.1297E+02
  -2.099  0.2368E+00  0.1297E+02
  -2.089  0.2341E+00  0.1298E+02
  -2.079  0.2315E+00  0.1298E+02
  -2.069  0.2288E+00  0.1298E+02
  -2.059  0.2262E+00  0.1298E+02
  -2.049  0.2236E+00  0.1299E+02
  -2.039  0.2210E+00  0.1299E+02
  -2.029  0.2184E+00  0.1299E+02
  -2.019  0.2158E+00  0.1299E+02
  -2.009  0.2132E+00  0.1299E+02
  -1.999  0.2107E+00  0.1300E+02
  -1.989  0.2081E+00  0.1300E+02
  -1.979  0.2056E+00  0.1300E+02
  -1.969  0.2031E+00  0.1300E+02
  -1.959  0.2006E+00  0.1301E+02
  -1.949  0.1981E+00  0.1301E+02
  -1.939  0.1956E+00  0.1301E+02
  -1.929  0.1931E+00  0.1301E+02
  -1.919  0.1906E+00  0.1301E+02
  -1.909  0.1882E+00  0.1301E+02
  -1.899  0.1857E+00  0.1302E+02
  -1.889  0.1833E+00  0.1302E+02
  -1.879  0.1808E+00  0.1302E+02
  -1.869  0.1784E+00  0.1302E+02
  -1.859  0.1759E+00  0.1302E+02
  -1.849  0.1735E+00  0.1303E+02
  -1.839  0.1711E+00  0.1303E+02
  -1.829  0.1687E+00  0.1303E+02
  -1.819  0.1663E+00  0.1303E+02
  -1.809  0.1639E+00  0.1303E+02
  -1.799  0.1615E+00  0.1303E+02
  -1.789  0.1591E+00  0.1304E+02
  -1.779  0.1567E+00  0.1304E+02
  -1.769  0.1544E+00  0.1304E+02
  -1.759  0.1520E+00  0.1304E+02
  -1.749  0.1496E+00  0.1304E+02
  -1.739  0.1473E+00  0.1304E+02
  -1.729  0.1450E+00  0.1304E+02
  -1.719  0.1426E+00  0.1305E+02
  -1.709  0.1403E+00  0.1305E+02
  -1.699  0.1380E+00  0.1305E+02
  -1.689  0.1356E+00  0.1305E+02
  -1.679  0.1333E+00  0.1305E+02
  -1.669  0.1310E+00  0.1305E+02
  -1.659  0.1287E+00  0.1305E+02
  -1.649  0.1263E+00  0.1306E+02
  -1.639  0.1240E+00  0.1306E+02
  -1.629  0.1217E+00  0.1306E+02
  -1.619  0.1194E+00  0.1306E+02
  -1.609  0.1171E+00  0.1306E+02
  -1.599  0.1148E+00  0.1306E+02
  -1.589  0.1124E+00  0.1306E+02
  -1.579  0.1101E+00  0.1306E+02
  -1.569  0.1078E+00  0.1306E+02
  -1.559  0.1055E+00  0.1307E+02
  -1.549  0.1032E+00  0.1307E+02
  -1.539  0.1009E+00  0.1307E+02
  -1.529  0.9855E-01  0.1307E+02
  -1.519  0.9624E-01  0.1307E+02
  -1.509  0.9393E-01  0.1307E+02
  -1.499  0.9163E-01  0.1307E+02
  -1.489  0.8933E-01  0.1307E+02
  -1.479  0.8704E-01  0.1307E+02
  -1.469  0.8476E-01  0.1307E+02
  -1.459  0.8249E-01  0.1307E+02
  -1.449  0.8023E-01  0.1308E+02
  -1.439  0.7798E-01  0.1308E+02
  -1.429  0.7574E-01  0.1308E+02
  -1.419  0.7353E-01  0.1308E+02
  -1.409  0.7133E-01  0.1308E+02
  -1.399  0.6916E-01  0.1308E+02
  -1.389  0.6701E-01  0.1308E+02
  -1.379  0.6489E-01  0.1308E+02
  -1.369  0.6281E-01  0.1308E+02
  -1.359  0.6076E-01  0.1308E+02
  -1.349  0.5875E-01  0.1308E+02
  -1.339  0.5678E-01  0.1308E+02
  -1.329  0.5485E-01  0.1308E+02
  -1.319  0.5297E-01  0.1308E+02
  -1.309  0.5115E-01  0.1308E+02
  -1.299  0.4937E-01  0.1309E+02
  -1.289  0.4765E-01  0.1309E+02
  -1.279  0.4600E-01  0.1309E+02
  -1.269  0.4440E-01  0.1309E+02
  -1.259  0.4287E-01  0.1309E+02
  -1.249  0.4140E-01  0.1309E+02
  -1.239  0.4000E-01  0.1309E+02
  -1.229  0.3868E-01  0.1309E+02
  -1.219  0.3743E-01  0.1309E+02
  -1.209  0.3625E-01  0.1309E+02
  -1.199  0.3515E-01  0.1309E+02
  -1.189  0.3413E-01  0.1309E+02
  -1.179  0.3319E-01  0.1309E+02
  -1.169  0.3233E-01  0.1309E+02
  -1.159  0.3156E-01  0.1309E+02
  -1.149  0.3087E-01  0.1309E+02
  -1.139  0.3027E-01  0.1309E+02
  -1.129  0.2976E-01  0.1309E+02
  -1.119  0.2934E-01  0.1309E+02
  -1.109  0.2901E-01  0.1309E+02
  -1.099  0.2877E-01  0.1309E+02
  -1.089  0.2863E-01  0.1309E+02
  -1.079  0.2858E-01  0.1309E+02
  -1.069  0.2862E-01  0.1309E+02
  -1.059  0.2876E-01  0.1309E+02
  -1.049  0.2900E-01  0.1309E+02
  -1.039  0.2933E-01  0.1309E+02
  -1.029  0.2975E-01  0.1309E+02
  -1.019  0.3028E-01  0.1309E+02
  -1.009  0.3090E-01  0.1309E+02
  -0.999  0.3161E-01  0.1310E+02
  -0.989  0.3242E-01  0.1310E+02
  -0.979  0.3332E-01  0.1310E+02
  -0.969  0.3432E-01  0.1310E+02
  -0.959  0.3541E-01  0.1310E+02
  -0.949  0.3659E-01  0.1310E+02
  -0.939  0.3786E-01  0.1310E+02
  -0.929  0.3922E-01  0.1310E+02
  -0.919  0.4067E-01  0.1310E+02
  -0.909  0.4219E-01  0.1310E+02
  -0.899  0.4380E-01  0.1310E+02
  -0.889  0.4549E-01  0.1310E+02
  -0.879  0.4726E-01  0.1310E+02
  -0.869  0.4910E-01  0.1310E+02
  -0.859  0.5100E-01  0.1310E+02
  -0.849  0.5298E-01  0.1310E+02
  -0.839  0.5502E-01  0.1310E+02
  -0.829  0.5711E-01  0.1310E+02
  -0.819  0.5927E-01  0.1310E+02
  -0.809  0.6147E-01  0.1310E+02
  -0.799  0.6373E-01  0.1310E+02
  -0.789  0.6603E-01  0.1311E+02
  -0.779  0.6837E-01  0.1311E+02
  -0.769  0.7075E-01  0.1311E+02
  -0.759  0.7317E-01  0.1311E+02
  -0.749  0.7561E-01  0.1311E+02
  -0.739  0.7809E-01  0.1311E+02
  -0.729  0.8059E-01  0.1311E+02
  -0.719  0.8312E-01  0.1311E+02
  -0.709  0.8567E-01  0.1311E+02
  -0.699  0.8823E-01  0.1311E+02
  -0.689  0.9082E-01  0.1311E+02
  -0.679  0.9341E-01  0.1311E+02
  -0.669  0.9603E-01  0.1311E+02
  -0.659  0.9865E-01  0.1312E+02
  -0.649  0.1013E+00  0.1312E+02
  -0.639  0.1039E+00  0.1312E+02
  -0.629  0.1066E+00  0.1312E+02
  -0.619  0.1092E+00  0.1312E+02
  -0.609  0.1119E+00  0.1312E+02
  -0.599  0.1146E+00  0.1312E+02
  -0.589  0.1173E+00  0.1312E+02
  -0.579  0.1200E+00  0.1312E+02
  -0.569  0.1227E+00  0.1313E+02
  -0.559  0.1254E+00  0.1313E+02
  -0.549  0.1282E+00  0.1313E+02
  -0.539  0.1309E+00  0.1313E+02
  -0.529  0.1337E+00  0.1313E+02
  -0.519  0.1365E+00  0.1313E+02
  -0.509  0.1393E+00  0.1313E+02
  -0.499  0.1421E+00  0.1314E+02
  -0.489  0.1449E+00  0.1314E+02
  -0.479  0.1478E+00  0.1314E+02
  -0.469  0.1506E+00  0.1314E+02
  -0.459  0.1535E+00  0.1314E+02
  -0.449  0.1564E+00  0.1314E+02
  -0.439  0.1594E+00  0.1314E+02
  -0.429  0.1623E+00  0.1315E+02
  -0.419  0.1653E+00  0.1315E+02
  -0.409  0.1683E+00  0.1315E+02
  -0.399  0.1713E+00  0.1315E+02
  -0.389  0.1744E+00  0.1315E+02
  -0.379  0.1775E+00  0.1315E+02
  -0.369  0.1806E+00  0.1316E+02
  -0.359  0.1837E+00  0.1316E+02
  -0.349  0.1869E+00  0.1316E+02
  -0.339  0.1901E+00  0.1316E+02
  -0.329  0.1933E+00  0.1316E+02
  -0.319  0.1966E+00  0.1317E+02
  -0.309  0.1999E+00  0.1317E+02
  -0.299  0.2032E+00  0.1317E+02
  -0.289  0.2066E+00  0.1317E+02
  -0.279  0.2100E+00  0.1317E+02
  -0.269  0.2135E+00  0.1318E+02
  -0.259  0.2170E+00  0.1318E+02
  -0.249  0.2206E+00  0.1318E+02
  -0.239  0.2242E+00  0.1318E+02
  -0.229  0.2278E+00  0.1319E+02
  -0.219  0.2315E+00  0.1319E+02
  -0.209  0.2352E+00  0.1319E+02
  -0.199  0.2390E+00  0.1319E+02
  -0.189  0.2429E+00  0.1319E+02
  -0.179  0.2468E+00  0.1320E+02
  -0.169  0.2508E+00  0.1320E+02
  -0.159  0.2548E+00  0.1320E+02
  -0.149  0.2589E+00  0.1320E+02
  -0.139  0.2631E+00  0.1321E+02
  -0.129  0.2673E+00  0.1321E+02
  -0.119  0.2716E+00  0.1321E+02
  -0.109  0.2761E+00  0.1322E+02
  -0.099  0.2806E+00  0.1322E+02
  -0.089  0.2852E+00  0.1322E+02
  -0.079  0.2899E+00  0.1322E+02
  -0.069  0.2947E+00  0.1323E+02
  -0.059  0.2996E+00  0.1323E+02
  -0.049  0.3047E+00  0.1323E+02
  -0.039  0.3098E+00  0.1324E+02
  -0.029  0.3152E+00  0.1324E+02
  -0.019  0.3206E+00  0.1324E+02
  -0.009  0.3263E+00  0.1325E+02
   0.001  0.3321E+00  0.1325E+02
   0.011  0.3381E+00  0.1325E+02
   0.021  0.3443E+00  0.1326E+02
   0.031  0.3506E+00  0.1326E+02
   0.041  0.3573E+00  0.1326E+02
   0.051  0.3641E+00  0.1327E+02
   0.061  0.3713E+00  0.1327E+02
   0.071  0.3787E+00  0.1327E+02
   0.081  0.3864E+00  0.1328E+02
   0.091  0.3945E+00  0.1328E+02
   0.101  0.4029E+00  0.1329E+02
   0.111  0.4116E+00  0.1329E+02
   0.121  0.4208E+00  0.1329E+02
   0.131  0.4304E+00  0.1330E+02
   0.141  0.4404E+00  0.1330E+02
   0.151  0.4509E+00  0.1331E+02
   0.161  0.4618E+00  0.1331E+02
   0.171  0.4733E+00  0.1332E+02
   0.181  0.4852E+00  0.1332E+02
   0.191  0.4976E+00  0.1333E+02
   0.201  0.5105E+00  0.1333E+02
   0.211  0.5239E+00  0.1334E+02
   0.221  0.5378E+00  0.1334E+02
   0.231  0.5521E+00  0.1335E+02
   0.241  0.5669E+00  0.1335E+02
   0.251  0.5822E+00  0.1336E+02
   0.261  0.5978E+00  0.1337E+02
   0.271  0.6138E+00  0.1337E+02
   0.281  0.6300E+00  0.1338E+02
   0.291  0.6466E+00  0.1338E+02
   0.301  0.6633E+00  0.1339E+02
   0.311  0.6801E+00  0.1340E+02
   0.321  0.6971E+00  0.1340E+02
   0.331  0.7140E+00  0.1341E+02
   0.341  0.7308E+00  0.1342E+02
   0.351  0.7475E+00  0.1343E+02
   0.361  0.7640E+00  0.1343E+02
   0.371  0.7801E+00  0.1344E+02
   0.381  0.7959E+00  0.1345E+02
   0.391  0.8112E+00  0.1346E+02
   0.401  0.8260E+00  0.1347E+02
   0.411  0.8403E+00  0.1347E+02
   0.421  0.8538E+00  0.1348E+02
   0.431  0.8667E+00  0.1349E+02
   0.441  0.8789E+00  0.1350E+02
   0.451  0.8903E+00  0.1351E+02
   0.461  0.9009E+00  0.1352E+02
   0.471  0.9108E+00  0.1353E+02
   0.481  0.9199E+00  0.1354E+02
   0.491  0.9282E+00  0.1355E+02
   0.501  0.9357E+00  0.1356E+02
   0.511  0.9425E+00  0.1357E+02
   0.521  0.9486E+00  0.1357E+02
   0.531  0.9540E+00  0.1358E+02
   0.541  0.9588E+00  0.1359E+02
   0.551  0.9630E+00  0.1360E+02
   0.561  0.9667E+00  0.1361E+02
   0.571  0.9698E+00  0.1362E+02
   0.581  0.9725E+00  0.1363E+02
   0.591  0.9748E+00  0.1364E+02
   0.601  0.9767E+00  0.1365E+02
   0.611  0.9783E+00  0.1366E+02
   0.621  0.9794E+00  0.1367E+02
   0.631  0.9803E+00  0.1368E+02
   0.641  0.9808E+00  0.1369E+02
   0.651  0.9810E+00  0.1370E+02
   0.661  0.9809E+00  0.1371E+02
   0.671  0.9805E+00  0.1372E+02
   0.681  0.9797E+00  0.1373E+02
   0.691  0.9786E+00  0.1374E+02
   0.701  0.9771E+00  0.1375E+02
   0.711  0.9752E+00  0.1376E+02
   0.721  0.9729E+00  0.1377E+02
   0.731  0.9702E+00  0.1378E+02
   0.741  0.9671E+00  0.1379E+02
   0.751  0.9635E+00  0.1380E+02
   0.761  0.9595E+00  0.1381E+02
   0.771  0.9551E+00  0.1382E+02
   0.781  0.9502E+00  0.1383E+02
   0.791  0.9449E+00  0.1384E+02
   0.801  0.9392E+00  0.1385E+02
   0.811  0.9331E+00  0.1386E+02
   0.821  0.9267E+00  0.1386E+02
   0.831  0.9199E+00  0.1387E+02
   0.841  0.9128E+00  0.1388E+02
   0.851  0.9054E+00  0.1389E+02
   0.861  0.8978E+00  0.1390E+02
   0.871  0.8900E+00  0.1391E+02
   0.881  0.8820E+00  0.1392E+02
   0.891  0.8738E+00  0.1393E+02
   0.901  0.8656E+00  0.1394E+02
   0.911  0.8573E+00  0.1394E+02
   0.921  0.8489E+00  0.1395E+02
   0.931  0.8406E+00  0.1396E+02
   0.941  0.8322E+00  0.1397E+02
   0.951  0.8240E+00  0.1398E+02
   0.961  0.8158E+00  0.1399E+02
   0.971  0.8077E+00  0.1399E+02
   0.981  0.7998E+00  0.1400E+02
   0.991  0.7920E+00  0.1401E+02
   1.001  0.7843E+00  0.1402E+02
   1.011  0.7769E+00  0.1403E+02
   1.021  0.7697E+00  0.1403E+02
   1.031  0.7626E+00  0.1404E+02
   1.041  0.7558E+00  0.1405E+02
   1.051  0.7493E+00  0.1406E+02
   1.061  0.7429E+00  0.1406E+02
   1.071  0.7368E+00  0.1407E+02
   1.081  0.7309E+00  0.1408E+02
   1.091  0.7252E+00  0.1409E+02
   1.101  0.7197E+00  0.1409E+02
   1.111  0.7144E+00  0.1410E+02
   1.121  0.7094E+00  0.1411E+02
   1.131  0.7045E+00  0.1411E+02
   1.141  0.6997E+00  0.1412E+02
   1.151  0.6952E+00  0.1413E+02
   1.161  0.6907E+00  0.1413E+02
   1.171  0.6864E+00  0.1414E+02
   1.181  0.6823E+00  0.1415E+02
   1.191  0.6782E+00  0.1416E+02
   1.201  0.6743E+00  0.1416E+02
   1.211  0.6704E+00  0.1417E+02
   1.221  0.6666E+00  0.1418E+02
   1.231  0.6630E+00  0.1418E+02
   1.241  0.6594E+00  0.1419E+02
   1.251  0.6559E+00  0.1420E+02
   1.261  0.6524E+00  0.1420E+02
   1.271  0.6491E+00  0.1421E+02
   1.281  0.6458E+00  0.1421E+02
   1.291  0.6427E+00  0.1422E+02
   1.301  0.6396E+00  0.1423E+02
   1.311  0.6366E+00  0.1423E+02
   1.321  0.6336E+00  0.1424E+02
   1.331  0.6308E+00  0.1425E+02
   1.341  0.6280E+00  0.1425E+02
   1.351  0.6253E+00  0.1426E+02
   1.361  0.6227E+00  0.1427E+02
   1.371  0.6201E+00  0.1427E+02
   1.381  0.6176E+00  0.1428E+02
   1.391  0.6151E+00  0.1428E+02
   1.401  0.6127E+00  0.1429E+02
   1.411  0.6103E+00  0.1430E+02
   1.421  0.6080E+00  0.1430E+02
   1.431  0.6057E+00  0.1431E+02
   1.441  0.6034E+00  0.1431E+02
   1.451  0.6011E+00  0.1432E+02
   1.461  0.5988E+00  0.1433E+02
   1.471  0.5966E+00  0.1433E+02
   1.481  0.5944E+00  0.1434E+02
   1.491  0.5922E+00  0.1434E+02
   1.501  0.5900E+00  0.1435E+02
   1.511  0.5879E+00  0.1436E+02
   1.521  0.5857E+00  0.1436E+02
   1.531  0.5837E+00  0.1437E+02
   1.541  0.5816E+00  0.1437E+02
   1.551  0.5796E+00  0.1438E+02
   1.561  0.5777E+00  0.1438E+02
   1.571  0.5758E+00  0.1439E+02
   1.581  0.5740E+00  0.1440E+02
   1.591  0.5723E+00  0.1440E+02
   1.601  0.5706E+00  0.1441E+02
   1.611  0.5690E+00  0.1441E+02
   1.621  0.5675E+00  0.1442E+02
   1.631  0.5660E+00  0.1442E+02
   1.641  0.5647E+00  0.1443E+02
   1.651  0.5634E+00  0.1444E+02
   1.661  0.5622E+00  0.1444E+02
   1.671  0.5611E+00  0.1445E+02
   1.681  0.5601E+00  0.1445E+02
   1.691  0.5592E+00  0.1446E+02
   1.701  0.5584E+00  0.1446E+02
   1.711  0.5577E+00  0.1447E+02
   1.721  0.5571E+00  0.1448E+02
   1.731  0.5567E+00  0.1448E+02
   1.741  0.5565E+00  0.1449E+02
   1.751  0.5564E+00  0.1449E+02
   1.761  0.5565E+00  0.1450E+02
   1.771  0.5568E+00  0.1450E+02
   1.781  0.5574E+00  0.1451E+02
   1.791  0.5582E+00  0.1451E+02
   1.801  0.5592E+00  0.1452E+02
   1.811  0.5606E+00  0.1453E+02
   1.821  0.5622E+00  0.1453E+02
   1.831  0.5641E+00  0.1454E+02
   1.841  0.5664E+00  0.1454E+02
   1.851  0.5689E+00  0.1455E+02
   1.861  0.5718E+00  0.1455E+02
   1.871  0.5750E+00  0.1456E+02
   1.881  0.5785E+00  0.1457E+02
   1.891  0.5822E+00  0.1457E+02
   1.901  0.5863E+00  0.1458E+02
   1.911  0.5905E+00  0.1458E+02
   1.921  0.5950E+00  0.1459E+02
   1.931  0.5997E+00  0.1459E+02
   1.941  0.6046E+00  0.1460E+02
   1.951  0.6096E+00  0.1461E+02
   1.961  0.6147E+00  0.1461E+02
   1.971  0.6199E+00  0.1462E+02
   1.981  0.6252E+00  0.1463E+02
   1.991  0.6304E+00  0.1463E+02
   2.001  0.6357E+00  0.1464E+02
   2.011  0.6409E+00  0.1464E+02
   2.021  0.6460E+00  0.1465E+02
   2.031  0.6511E+00  0.1466E+02
   2.041  0.6560E+00  0.1466E+02
   2.051  0.6609E+00  0.1467E+02
   2.061  0.6656E+00  0.1468E+02
   2.071  0.6702E+00  0.1468E+02
   2.081  0.6747E+00  0.1469E+02
   2.091  0.6790E+00  0.1470E+02
   2.101  0.6833E+00  0.1470E+02
   2.111  0.6873E+00  0.1471E+02
   2.121  0.6913E+00  0.1472E+02
   2.131  0.6951E+00  0.1473E+02
   2.141  0.6989E+00  0.1473E+02
   2.151  0.7026E+00  0.1474E+02
   2.161  0.7062E+00  0.1475E+02
   2.171  0.7097E+00  0.1475E+02
   2.181  0.7132E+00  0.1476E+02
   2.191  0.7167E+00  0.1477E+02
   2.201  0.7202E+00  0.1478E+02
   2.211  0.7237E+00  0.1478E+02
   2.221  0.7273E+00  0.1479E+02
   2.231  0.7309E+00  0.1480E+02
   2.241  0.7345E+00  0.1480E+02
   2.251  0.7383E+00  0.1481E+02
   2.261  0.7422E+00  0.1482E+02
   2.271  0.7461E+00  0.1483E+02
   2.281  0.7503E+00  0.1483E+02
   2.291  0.7545E+00  0.1484E+02
   2.301  0.7589E+00  0.1485E+02
   2.311  0.7635E+00  0.1486E+02
   2.321  0.7682E+00  0.1486E+02
   2.331  0.7731E+00  0.1487E+02
   2.341  0.7781E+00  0.1488E+02
   2.351  0.7832E+00  0.1489E+02
   2.361  0.7885E+00  0.1490E+02
   2.371  0.7938E+00  0.1490E+02
   2.381  0.7993E+00  0.1491E+02
   2.391  0.8048E+00  0.1492E+02
   2.401  0.8103E+00  0.1493E+02
   2.411  0.8159E+00  0.1494E+02
   2.421  0.8214E+00  0.1494E+02
   2.431  0.8268E+00  0.1495E+02
   2.441  0.8322E+00  0.1496E+02
   2.451  0.8374E+00  0.1497E+02
   2.461  0.8425E+00  0.1498E+02
   2.471  0.8473E+00  0.1499E+02
   2.481  0.8520E+00  0.1499E+02
   2.491  0.8564E+00  0.1500E+02
   2.501  0.8606E+00  0.1501E+02
   2.511  0.8645E+00  0.1502E+02
   2.521  0.8681E+00  0.1503E+02
   2.531  0.8714E+00  0.1504E+02
   2.541  0.8744E+00  0.1505E+02
   2.551  0.8771E+00  0.1506E+02
   2.561  0.8796E+00  0.1506E+02
   2.571  0.8817E+00  0.1507E+02
   2.581  0.8836E+00  0.1508E+02
   2.591  0.8852E+00  0.1509E+02
   2.601  0.8866E+00  0.1510E+02
   2.611  0.8878E+00  0.1511E+02
   2.621  0.8888E+00  0.1512E+02
   2.631  0.8896E+00  0.1513E+02
   2.641  0.8902E+00  0.1513E+02
   2.651  0.8907E+00  0.1514E+02
   2.661  0.8911E+00  0.1515E+02
   2.671  0.8913E+00  0.1516E+02
   2.681  0.8915E+00  0.1517E+02
   2.691  0.8915E+00  0.1518E+02
   2.701  0.8915E+00  0.1519E+02
   2.711  0.8914E+00  0.1520E+02
   2.721  0.8913E+00  0.1521E+02
   2.731  0.8911E+00  0.1522E+02
   2.741  0.8908E+00  0.1522E+02
   2.751  0.8905E+00  0.1523E+02
   2.761  0.8901E+00  0.1524E+02
   2.771  0.8896E+00  0.1525E+02
   2.781  0.8891E+00  0.1526E+02
   2.791  0.8886E+00  0.1527E+02
   2.801  0.8880E+00  0.1528E+02
   2.811  0.8874E+00  0.1529E+02
   2.821  0.8867E+00  0.1530E+02
   2.831  0.8859E+00  0.1530E+02
   2.841  0.8852E+00  0.1531E+02
   2.851  0.8844E+00  0.1532E+02
   2.861  0.8836E+00  0.1533E+02
   2.871  0.8828E+00  0.1534E+02
   2.881  0.8819E+00  0.1535E+02
   2.891  0.8811E+00  0.1536E+02
   2.901  0.8803E+00  0.1537E+02
   2.911  0.8795E+00  0.1537E+02
   2.921  0.8787E+00  0.1538E+02
   2.931  0.8780E+00  0.1539E+02
   2.941  0.8773E+00  0.1540E+02
   2.951  0.8766E+00  0.1541E+02
   2.961  0.8760E+00  0.1542E+02
   2.971  0.8754E+00  0.1543E+02
   2.981  0.8748E+00  0.1544E+02
   2.991  0.8743E+00  0.1544E+02
   3.001  0.8738E+00  0.1545E+02
   3.011  0.8733E+00  0.1546E+02
   3.021  0.8729E+00  0.1547E+02
   3.031  0.8724E+00  0.1548E+02
   3.041  0.8720E+00  0.1549E+02
   3.051  0.8715E+00  0.1550E+02
   3.061  0.8711E+00  0.1551E+02
   3.071  0.8707E+00  0.1551E+02
   3.081  0.8702E+00  0.1552E+02
   3.091  0.8698E+00  0.1553E+02
   3.101  0.8694E+00  0.1554E+02
   3.111  0.8691E+00  0.1555E+02
   3.121  0.8688E+00  0.1556E+02
   3.131  0.8685E+00  0.1557E+02
   3.141  0.8683E+00  0.1558E+02
   3.151  0.8681E+00  0.1558E+02
   3.161  0.8681E+00  0.1559E+02
   3.171  0.8682E+00  0.1560E+02
   3.181  0.8684E+00  0.1561E+02
   3.191  0.8688E+00  0.1562E+02
   3.201  0.8694E+00  0.1563E+02
   3.211  0.8701E+00  0.1564E+02
   3.221  0.8711E+00  0.1564E+02
   3.231  0.8723E+00  0.1565E+02
   3.241  0.8738E+00  0.1566E+02
   3.251  0.8754E+00  0.1567E+02
   3.261  0.8774E+00  0.1568E+02
   3.271  0.8796E+00  0.1569E+02
   3.281  0.8821E+00  0.1570E+02
   3.291  0.8849E+00  0.1571E+02
   3.301  0.8879E+00  0.1572E+02
   3.311  0.8913E+00  0.1572E+02
   3.321  0.8948E+00  0.1573E+02
   3.331  0.8987E+00  0.1574E+02
   3.341  0.9027E+00  0.1575E+02
   3.351  0.9071E+00  0.1576E+02
   3.361  0.9116E+00  0.1577E+02
   3.371  0.9163E+00  0.1578E+02
   3.381  0.9212E+00  0.1579E+02
   3.391  0.9262E+00  0.1580E+02
   3.401  0.9314E+00  0.1581E+02
   3.411  0.9367E+00  0.1582E+02
   3.421  0.9421E+00  0.1583E+02
   3.431  0.9475E+00  0.1583E+02
   3.441  0.9530E+00  0.1584E+02
   3.451  0.9586E+00  0.1585E+02
   3.461  0.9641E+00  0.1586E+02
   3.471  0.9696E+00  0.1587E+02
   3.481  0.9750E+00  0.1588E+02
   3.491  0.9804E+00  0.1589E+02
   3.501  0.9856E+00  0.1590E+02
   3.511  0.9908E+00  0.1591E+02
   3.521  0.9958E+00  0.1592E+02
   3.531  0.1001E+01  0.1593E+02
   3.541  0.1005E+01  0.1594E+02
   3.551  0.1010E+01  0.1595E+02
   3.561  0.1014E+01  0.1596E+02
   3.571  0.1018E+01  0.1597E+02
   3.581  0.1022E+01  0.1598E+02
   3.591  0.1025E+01  0.1599E+02
   3.601  0.1028E+01  0.1600E+02
   3.611  0.1031E+01  0.1601E+02
   3.621  0.1034E+01  0.1602E+02
   3.631  0.1036E+01  0.1603E+02
   3.641  0.1039E+01  0.1604E+02
   3.651  0.1040E+01  0.1606E+02
   3.661  0.1042E+01  0.1607E+02
   3.671  0.1044E+01  0.1608E+02
   3.681  0.1045E+01  0.1609E+02
   3.691  0.1046E+01  0.1610E+02
   3.701  0.1046E+01  0.1611E+02
   3.711  0.1047E+01  0.1612E+02
   3.721  0.1048E+01  0.1613E+02
   3.731  0.1048E+01  0.1614E+02
   3.741  0.1048E+01  0.1615E+02
   3.751  0.1048E+01  0.1616E+02
   3.761  0.1048E+01  0.1617E+02
   3.771  0.1049E+01  0.1618E+02
   3.781  0.1049E+01  0.1619E+02
   3.791  0.1049E+01  0.1620E+02
   3.801  0.1049E+01  0.1621E+02
   3.811  0.1049E+01  0.1622E+02
   3.821  0.1049E+01  0.1623E+02
   3.831  0.1049E+01  0.1624E+02
   3.841  0.1049E+01  0.1625E+02
   3.851  0.1050E+01  0.1626E+02
   3.861  0.1050E+01  0.1628E+02
   3.871  0.1051E+01  0.1629E+02
   3.881  0.1052E+01  0.1630E+02
   3.891  0.1053E+01  0.1631E+02
   3.901  0.1054E+01  0.1632E+02
   3.911  0.1055E+01  0.1633E+02
   3.921  0.1056E+01  0.1634E+02
   3.931  0.1058E+01  0.1635E+02
   3.941  0.1059E+01  0.1636E+02
   3.951  0.1061E+01  0.1637E+02
   3.961  0.1063E+01  0.1638E+02
   3.971  0.1066E+01  0.1639E+02
   3.981  0.1068E+01  0.1640E+02
   3.991  0.1071E+01  0.1641E+02
   4.001  0.1074E+01  0.1642E+02
   4.011  0.1078E+01  0.1643E+02
   4.021  0.1081E+01  0.1645E+02
   4.031  0.1085E+01  0.1646E+02
   4.041  0.1090E+01  0.1647E+02
   4.051  0.1094E+01  0.1648E+02
   4.061  0.1099E+01  0.1649E+02
   4.071  0.1105E+01  0.1650E+02
   4.081  0.1110E+01  0.1651E+02
   4.091  0.1116E+01  0.1652E+02
   4.101  0.1123E+01  0.1653E+02
   4.111  0.1129E+01  0.1654E+02
   4.121  0.1136E+01  0.1656E+02
   4.131  0.1143E+01  0.1657E+02
   4.141  0.1151E+01  0.1658E+02
   4.151  0.1159E+01  0.1659E+02
   4.161  0.1167E+01  0.1660E+02
   4.171  0.1175E+01  0.1661E+02
   4.181  0.1183E+01  0.1663E+02
   4.191  0.1192E+01  0.1664E+02
   4.201  0.1200E+01  0.1665E+02
   4.211  0.1209E+01  0.1666E+02
   4.221  0.1218E+01  0.1667E+02
   4.231  0.1227E+01  0.1669E+02
   4.241  0.1236E+01  0.1670E+02
   4.251  0.1245E+01  0.1671E+02
   4.261  0.1254E+01  0.1672E+02
   4.271  0.1263E+01  0.1674E+02
   4.281  0.1272E+01  0.1675E+02
   4.291  0.1280E+01  0.1676E+02
   4.301  0.1289E+01  0.1677E+02
   4.311  0.1298E+01  0.1679E+02
   4.321  0.1307E+01  0.1680E+02
   4.331  0.1316E+01  0.1681E+02
   4.341  0.1324E+01  0.1683E+02
   4.351  0.1333E+01  0.1684E+02
   4.361  0.1341E+01  0.1685E+02
   4.371  0.1350E+01  0.1687E+02
   4.381  0.1358E+01  0.1688E+02
   4.391  0.1366E+01  0.1689E+02
   4.401  0.1374E+01  0.1691E+02
   4.411  0.1381E+01  0.1692E+02
   4.421  0.1389E+01  0.1694E+02
   4.431  0.1396E+01  0.1695E+02
   4.441  0.1403E+01  0.1696E+02
   4.451  0.1410E+01  0.1698E+02
   4.461  0.1416E+01  0.1699E+02
   4.471  0.1422E+01  0.1701E+02
   4.481  0.1428E+01  0.1702E+02
   4.491  0.1434E+01  0.1704E+02
   4.501  0.1439E+01  0.1705E+02
   4.511  0.1444E+01  0.1706E+02
   4.521  0.1449E+01  0.1708E+02
   4.531  0.1453E+01  0.1709E+02
   4.541  0.1457E+01  0.1711E+02
   4.551  0.1461E+01  0.1712E+02
   4.561  0.1464E+01  0.1714E+02
   4.571  0.1468E+01  0.1715E+02
   4.581  0.1470E+01  0.1717E+02
   4.591  0.1473E+01  0.1718E+02
   4.601  0.1475E+01  0.1720E+02
   4.611  0.1477E+01  0.1721E+02
   4.621  0.1479E+01  0.1723E+02
   4.631  0.1481E+01  0.1724E+02
   4.641  0.1482E+01  0.1725E+02
   4.651  0.1484E+01  0.1727E+02
   4.661  0.1485E+01  0.1728E+02
   4.671  0.1486E+01  0.1730E+02
   4.681  0.1486E+01  0.1731E+02
   4.691  0.1487E+01  0.1733E+02
   4.701  0.1487E+01  0.1734E+02
   4.711  0.1487E+01  0.1736E+02
   4.721  0.1487E+01  0.1737E+02
   4.731  0.1487E+01  0.1739E+02
   4.741  0.1486E+01  0.1740E+02
   4.751  0.1485E+01  0.1742E+02
   4.761  0.1484E+01  0.1743E+02
   4.771  0.1483E+01  0.1745E+02
   4.781  0.1481E+01  0.1746E+02
   4.791  0.1479E+01  0.1748E+02
   4.801  0.1476E+01  0.1749E+02
   4.811  0.1473E+01  0.1751E+02
   4.821  0.1470E+01  0.1752E+02
   4.831  0.1466E+01  0.1754E+02
   4.841  0.1462E+01  0.1755E+02
   4.851  0.1457E+01  0.1757E+02
   4.861  0.1452E+01  0.1758E+02
   4.871  0.1447E+01  0.1759E+02
   4.881  0.1442E+01  0.1761E+02
   4.891  0.1436E+01  0.1762E+02
   4.901  0.1429E+01  0.1764E+02
   4.911  0.1423E+01  0.1765E+02
   4.921  0.1417E+01  0.1767E+02
   4.931  0.1410E+01  0.1768E+02
   4.941  0.1403E+01  0.1769E+02
   4.951  0.1397E+01  0.1771E+02
   4.961  0.1390E+01  0.1772E+02
   4.971  0.1384E+01  0.1774E+02
   4.981  0.1377E+01  0.1775E+02
   4.991  0.1372E+01  0.1776E+02
   5.001  0.1366E+01  0.1778E+02
   5.011  0.1361E+01  0.1779E+02
   5.021  0.1357E+01  0.1780E+02
   5.031  0.1353E+01  0.1782E+02
   5.041  0.1349E+01  0.1783E+02
   5.051  0.1347E+01  0.1784E+02
   5.061  0.1344E+01  0.1786E+02
   5.071  0.1343E+01  0.1787E+02
   5.081  0.1342E+01  0.1789E+02
   5.091  0.1342E+01  0.1790E+02
   5.101  0.1343E+01  0.1791E+02
   5.111  0.1344E+01  0.1793E+02
   5.121  0.1347E+01  0.1794E+02
   5.131  0.1349E+01  0.1795E+02
   5.141  0.1353E+01  0.1797E+02
   5.151  0.1356E+01  0.1798E+02
   5.161  0.1361E+01  0.1799E+02
   5.171  0.1366E+01  0.1801E+02
   5.181  0.1371E+01  0.1802E+02
   5.191  0.1377E+01  0.1803E+02
   5.201  0.1382E+01  0.1805E+02
   5.211  0.1389E+01  0.1806E+02
   5.221  0.1395E+01  0.1808E+02
   5.231  0.1401E+01  0.1809E+02
   5.241  0.1408E+01  0.1810E+02
   5.251  0.1414E+01  0.1812E+02
   5.261  0.1420E+01  0.1813E+02
   5.271  0.1426E+01  0.1815E+02
   5.281  0.1432E+01  0.1816E+02
   5.291  0.1438E+01  0.1818E+02
   5.301  0.1444E+01  0.1819E+02
   5.311  0.1449E+01  0.1820E+02
   5.321  0.1454E+01  0.1822E+02
   5.331  0.1458E+01  0.1823E+02
   5.341  0.1462E+01  0.1825E+02
   5.351  0.1466E+01  0.1826E+02
   5.361  0.1470E+01  0.1828E+02
   5.371  0.1473E+01  0.1829E+02
   5.381  0.1476E+01  0.1831E+02
   5.391  0.1478E+01  0.1832E+02
   5.401  0.1481E+01  0.1834E+02
   5.411  0.1483E+01  0.1835E+02
   5.421  0.1485E+01  0.1837E+02
   5.431  0.1487E+01  0.1838E+02
   5.441  0.1489E+01  0.1840E+02
   5.451  0.1490E+01  0.1841E+02
   5.461  0.1492E+01  0.1843E+02
   5.471  0.1494E+01  0.1844E+02
   5.481  0.1496E+01  0.1846E+02
   5.491  0.1498E+01  0.1847E+02
   5.501  0.1500E+01  0.1849E+02
   5.511  0.1502E+01  0.1850E+02
   5.521  0.1505E+01  0.1852E+02
   5.531  0.1507E+01  0.1853E+02
   5.541  0.1510E+01  0.1855E+02
   5.551  0.1513E+01  0.1856E+02
   5.561  0.1517E+01  0.1858E+02
   5.571  0.1521E+01  0.1859E+02
   5.581  0.1524E+01  0.1861E+02
   5.591  0.1529E+01  0.1862E+02
   5.601  0.1533E+01  0.1864E+02
   5.611  0.1538E+01  0.1865E+02
   5.621  0.1543E+01  0.1867E+02
   5.631  0.1548E+01  0.1868E+02
   5.641  0.1553E+01  0.1870E+02
   5.651  0.1558E+01  0.1871E+02
   5.661  0.1564E+01  0.1873E+02
   5.671  0.1570E+01  0.1875E+02
   5.681  0.1575E+01  0.1876E+02
   5.691  0.1581E+01  0.1878E+02
   5.701  0.1587E+01  0.1879E+02
   5.711  0.1593E+01  0.1881E+02
   5.721  0.1598E+01  0.1883E+02
   5.731  0.1604E+01  0.1884E+02
   5.741  0.1610E+01  0.1886E+02
   5.751  0.1615E+01  0.1887E+02
   5.761  0.1621E+01  0.1889E+02
   5.771  0.1626E+01  0.1891E+02
   5.781  0.1631E+01  0.1892E+02
   5.791  0.1636E+01  0.1894E+02
   5.801  0.1641E+01  0.1896E+02
   5.811  0.1646E+01  0.1897E+02
   5.821  0.1651E+01  0.1899E+02
   5.831  0.1655E+01  0.1900E+02
   5.841  0.1660E+01  0.1902E+02
   5.851  0.1664E+01  0.1904E+02
   5.861  0.1669E+01  0.1905E+02
   5.871  0.1673E+01  0.1907E+02
   5.881  0.1677E+01  0.1909E+02
   5.891  0.1682E+01  0.1910E+02
   5.901  0.1686E+01  0.1912E+02
   5.911  0.1690E+01  0.1914E+02
   5.921  0.1694E+01  0.1916E+02
   5.931  0.1699E+01  0.1917E+02
   5.941  0.1703E+01  0.1919E+02
   5.951  0.1707E+01  0.1921E+02
   5.961  0.1711E+01  0.1922E+02
   5.971  0.1715E+01  0.1924E+02
   5.981  0.1719E+01  0.1926E+02
   5.991  0.1723E+01  0.1928E+02
   6.001  0.1727E+01  0.1929E+02
   6.011  0.1731E+01  0.1931E+02
   6.021  0.1735E+01  0.1933E+02
   6.031  0.1738E+01  0.1934E+02
   6.041  0.1742E+01  0.1936E+02
   6.051  0.1746E+01  0.1938E+02
   6.061  0.1750E+01  0.1940E+02
   6.071  0.1753E+01  0.1941E+02
   6.081  0.1757E+01  0.1943E+02
   6.091  0.1761E+01  0.1945E+02
   6.101  0.1765E+01  0.1947E+02
   6.111  0.1770E+01  0.1949E+02
   6.121  0.1774E+01  0.1950E+02
   6.131  0.1779E+01  0.1952E+02
   6.141  0.1785E+01  0.1954E+02
   6.151  0.1791E+01  0.1956E+02
   6.161  0.1797E+01  0.1957E+02
   6.171  0.1804E+01  0.1959E+02
   6.181  0.1812E+01  0.1961E+02
   6.191  0.1821E+01  0.1963E+02
   6.201  0.1831E+01  0.1965E+02
   6.211  0.1841E+01  0.1967E+02
   6.221  0.1853E+01  0.1968E+02
   6.231  0.1866E+01  0.1970E+02
   6.241  0.1880E+01  0.1972E+02
   6.251  0.1895E+01  0.1974E+02
   6.261  0.1912E+01  0.1976E+02
   6.271  0.1930E+01  0.1978E+02
   6.281  0.1949E+01  0.1980E+02
   6.291  0.1970E+01  0.1982E+02
   6.301  0.1992E+01  0.1984E+02
   6.311  0.2016E+01  0.1986E+02
   6.321  0.2040E+01  0.1988E+02
   6.331  0.2066E+01  0.1990E+02
   6.341  0.2093E+01  0.1992E+02
   6.351  0.2121E+01  0.1994E+02
   6.361  0.2150E+01  0.1996E+02
   6.371  0.2180E+01  0.1998E+02
   6.381  0.2211E+01  0.2001E+02
   6.391  0.2242E+01  0.2003E+02
   6.401  0.2274E+01  0.2005E+02
   6.411  0.2306E+01  0.2007E+02
   6.421  0.2339E+01  0.2010E+02
   6.431  0.2371E+01  0.2012E+02
   6.441  0.2403E+01  0.2015E+02
   6.451  0.2435E+01  0.2017E+02
   6.461  0.2467E+01  0.2020E+02
   6.471  0.2498E+01  0.2022E+02
   6.481  0.2529E+01  0.2025E+02
   6.491  0.2558E+01  0.2027E+02
   6.501  0.2587E+01  0.2030E+02
   6.511  0.2615E+01  0.2032E+02
   6.521  0.2642E+01  0.2035E+02
   6.531  0.2667E+01  0.2038E+02
   6.541  0.2692E+01  0.2040E+02
   6.551  0.2715E+01  0.2043E+02
   6.561  0.2737E+01  0.2046E+02
   6.571  0.2758E+01  0.2049E+02
   6.581  0.2777E+01  0.2051E+02
   6.591  0.2796E+01  0.2054E+02
   6.601  0.2813E+01  0.2057E+02
   6.611  0.2829E+01  0.2060E+02
   6.621  0.2844E+01  0.2063E+02
   6.631  0.2858E+01  0.2065E+02
   6.641  0.2871E+01  0.2068E+02
   6.651  0.2883E+01  0.2071E+02
   6.661  0.2894E+01  0.2074E+02
   6.671  0.2904E+01  0.2077E+02
   6.681  0.2914E+01  0.2080E+02
   6.691  0.2923E+01  0.2083E+02
   6.701  0.2931E+01  0.2086E+02
   6.711  0.2939E+01  0.2089E+02
   6.721  0.2946E+01  0.2092E+02
   6.731  0.2953E+01  0.2095E+02
   6.741  0.2959E+01  0.2098E+02
   6.751  0.2965E+01  0.2101E+02
   6.761  0.2970E+01  0.2103E+02
   6.771  0.2975E+01  0.2106E+02
   6.781  0.2979E+01  0.2109E+02
   6.791  0.2983E+01  0.2112E+02
   6.801  0.2987E+01  0.2115E+02
   6.811  0.2990E+01  0.2118E+02
   6.821  0.2993E+01  0.2121E+02
   6.831  0.2995E+01  0.2124E+02
   6.841  0.2997E+01  0.2127E+02
   6.851  0.2998E+01  0.2130E+02
   6.861  0.2999E+01  0.2133E+02
   6.871  0.2999E+01  0.2136E+02
   6.881  0.3000E+01  0.2139E+02
   6.891  0.2999E+01  0.2142E+02
   6.901  0.2999E+01  0.2145E+02
   6.911  0.2998E+01  0.2148E+02
   6.921  0.2997E+01  0.2151E+02
   6.931  0.2996E+01  0.2154E+02
   6.941  0.2995E+01  0.2157E+02
   6.951  0.2993E+01  0.2160E+02
   6.961  0.2992E+01  0.2163E+02
   6.971  0.2991E+01  0.2166E+02
   6.981  0.2990E+01  0.2169E+02
   6.991  0.2990E+01  0.2172E+02
   7.001  0.2990E+01  0.2175E+02
   7.011  0.2991E+01  0.2178E+02
   7.021  0.2992E+01  0.2181E+02
   7.031  0.2995E+01  0.2184E+02
   7.041  0.2998E+01  0.2187E+02
   7.051  0.3002E+01  0.2190E+02
   7.061  0.3007E+01  0.2193E+02
   7.071  0.3014E+01  0.2196E+02
   7.081  0.3021E+01  0.2199E+02
   7.091  0.3031E+01  0.2202E+02
   7.101  0.3041E+01  0.2205E+02
   7.111  0.3053E+01  0.2208E+02
   7.121  0.3067E+01  0.2212E+02
   7.131  0.3083E+01  0.2215E+02
   7.141  0.3100E+01  0.2218E+02
   7.151  0.3119E+01  0.2221E+02
   7.161  0.3140E+01  0.2224E+02
   7.171  0.3163E+01  0.2227E+02
   7.181  0.3187E+01  0.2230E+02
   7.191  0.3214E+01  0.2234E+02
   7.201  0.3242E+01  0.2237E+02
   7.211  0.3272E+01  0.2240E+02
   7.221  0.3304E+01  0.2243E+02
   7.231  0.3337E+01  0.2247E+02
   7.241  0.3372E+01  0.2250E+02
   7.251  0.3409E+01  0.2253E+02
   7.261  0.3447E+01  0.2257E+02
   7.271  0.3486E+01  0.2260E+02
   7.281  0.3526E+01  0.2264E+02
   7.291  0.3567E+01  0.2267E+02
   7.301  0.3608E+01  0.2271E+02
   7.311  0.3650E+01  0.2275E+02
   7.321  0.3692E+01  0.2278E+02
   7.331  0.3733E+01  0.2282E+02
   7.341  0.3774E+01  0.2286E+02
   7.351  0.3813E+01  0.2290E+02
   7.361  0.3852E+01  0.2294E+02
   7.371  0.3889E+01  0.2297E+02
   7.381  0.3924E+01  0.2301E+02
   7.391  0.3956E+01  0.2305E+02
   7.401  0.3987E+01  0.2309E+02
   7.411  0.4014E+01  0.2313E+02
   7.421  0.4038E+01  0.2317E+02
   7.431  0.4059E+01  0.2321E+02
   7.441  0.4077E+01  0.2326E+02
   7.451  0.4091E+01  0.2330E+02
   7.461  0.4101E+01  0.2334E+02
   7.471  0.4108E+01  0.2338E+02
   7.481  0.4111E+01  0.2342E+02
   7.491  0.4110E+01  0.2346E+02
   7.501  0.4106E+01  0.2350E+02
   7.511  0.4098E+01  0.2354E+02
   7.521  0.4086E+01  0.2358E+02
   7.531  0.4072E+01  0.2362E+02
   7.541  0.4054E+01  0.2366E+02
   7.551  0.4034E+01  0.2371E+02
   7.561  0.4011E+01  0.2375E+02
   7.571  0.3986E+01  0.2379E+02
   7.581  0.3959E+01  0.2382E+02
   7.591  0.3931E+01  0.2386E+02
   7.601  0.3901E+01  0.2390E+02
   7.611  0.3871E+01  0.2394E+02
   7.621  0.3839E+01  0.2398E+02
   7.631  0.3807E+01  0.2402E+02
   7.641  0.3775E+01  0.2406E+02
   7.651  0.3743E+01  0.2409E+02
   7.661  0.3711E+01  0.2413E+02
   7.671  0.3679E+01  0.2417E+02
   7.681  0.3648E+01  0.2420E+02
   7.691  0.3618E+01  0.2424E+02
   7.701  0.3588E+01  0.2428E+02
   7.711  0.3560E+01  0.2431E+02
   7.721  0.3532E+01  0.2435E+02
   7.731  0.3506E+01  0.2438E+02
   7.741  0.3481E+01  0.2442E+02
   7.751  0.3457E+01  0.2445E+02
   7.761  0.3434E+01  0.2449E+02
   7.771  0.3412E+01  0.2452E+02
   7.781  0.3392E+01  0.2455E+02
   7.791  0.3373E+01  0.2459E+02
   7.801  0.3355E+01  0.2462E+02
   7.811  0.3338E+01  0.2465E+02
   7.821  0.3322E+01  0.2469E+02
   7.831  0.3308E+01  0.2472E+02
   7.841  0.3294E+01  0.2475E+02
   7.851  0.3282E+01  0.2479E+02
   7.861  0.3270E+01  0.2482E+02
   7.871  0.3260E+01  0.2485E+02
   7.881  0.3250E+01  0.2488E+02
   7.891  0.3242E+01  0.2492E+02
   7.901  0.3234E+01  0.2495E+02
   7.911  0.3227E+01  0.2498E+02
   7.921  0.3221E+01  0.2501E+02
   7.931  0.3215E+01  0.2505E+02
   7.941  0.3210E+01  0.2508E+02
   7.951  0.3205E+01  0.2511E+02
   7.961  0.3201E+01  0.2514E+02
   7.971  0.3197E+01  0.2517E+02
   7.981  0.3194E+01  0.2521E+02
   7.991  0.3191E+01  0.2524E+02
   8.001  0.3188E+01  0.2527E+02
   8.011  0.3185E+01  0.2530E+02
   8.021  0.3183E+01  0.2533E+02
   8.031  0.3180E+01  0.2536E+02
   8.041  0.3178E+01  0.2540E+02
   8.051  0.3175E+01  0.2543E+02
   8.061  0.3172E+01  0.2546E+02
   8.071  0.3169E+01  0.2549E+02
   8.081  0.3166E+01  0.2552E+02
   8.091  0.3162E+01  0.2555E+02
   8.101  0.3159E+01  0.2559E+02
   8.111  0.3155E+01  0.2562E+02
   8.121  0.3151E+01  0.2565E+02
   8.131  0.3147E+01  0.2568E+02
   8.141  0.3143E+01  0.2571E+02
   8.151  0.3139E+01  0.2574E+02
   8.161  0.3135E+01  0.2578E+02
   8.171  0.3130E+01  0.2581E+02
   8.181  0.3126E+01  0.2584E+02
   8.191  0.3121E+01  0.2587E+02
   8.201  0.3117E+01  0.2590E+02
   8.211  0.3112E+01  0.2593E+02
   8.221  0.3108E+01  0.2596E+02
   8.231  0.3104E+01  0.2599E+02
   8.241  0.3100E+01  0.2602E+02
   8.251  0.3096E+01  0.2606E+02
   8.261  0.3091E+01  0.2609E+02
   8.271  0.3087E+01  0.2612E+02
   8.281  0.3083E+01  0.2615E+02
   8.291  0.3079E+01  0.2618E+02
   8.301  0.3075E+01  0.2621E+02
   8.311  0.3071E+01  0.2624E+02
   8.321  0.3067E+01  0.2627E+02
   8.331  0.3063E+01  0.2630E+02
   8.341  0.3059E+01  0.2633E+02
   8.351  0.3055E+01  0.2636E+02
   8.361  0.3051E+01  0.2639E+02
   8.371  0.3046E+01  0.2642E+02
   8.381  0.3042E+01  0.2645E+02
   8.391  0.3038E+01  0.2648E+02
   8.401  0.3033E+01  0.2651E+02
   8.411  0.3029E+01  0.2655E+02
   8.421  0.3024E+01  0.2658E+02
   8.431  0.3019E+01  0.2661E+02
   8.441  0.3015E+01  0.2664E+02
   8.451  0.3010E+01  0.2667E+02
   8.461  0.3006E+01  0.2670E+02
   8.471  0.3002E+01  0.2673E+02
   8.481  0.2997E+01  0.2676E+02
   8.491  0.2993E+01  0.2679E+02
   8.501  0.2989E+01  0.2682E+02
   8.511  0.2986E+01  0.2685E+02
   8.521  0.2982E+01  0.2688E+02
   8.531  0.2979E+01  0.2691E+02
   8.541  0.2976E+01  0.2693E+02
   8.551  0.2973E+01  0.2696E+02
   8.561  0.2970E+01  0.2699E+02
   8.571  0.2968E+01  0.2702E+02
   8.581  0.2965E+01  0.2705E+02
   8.591  0.2963E+01  0.2708E+02
   8.601  0.2962E+01  0.2711E+02
   8.611  0.2960E+01  0.2714E+02
   8.621  0.2959E+01  0.2717E+02
   8.631  0.2958E+01  0.2720E+02
   8.641  0.2957E+01  0.2723E+02
   8.651  0.2957E+01  0.2726E+02
   8.661  0.2957E+01  0.2729E+02
   8.671  0.2957E+01  0.2732E+02
   8.681  0.2957E+01  0.2735E+02
   8.691  0.2958E+01  0.2738E+02
   8.701  0.2959E+01  0.2741E+02
   8.711  0.2961E+01  0.2744E+02
   8.721  0.2963E+01  0.2747E+02
   8.731  0.2965E+01  0.2750E+02
   8.741  0.2968E+01  0.2753E+02
   8.751  0.2971E+01  0.2756E+02
   8.761  0.2975E+01  0.2759E+02
   8.771  0.2979E+01  0.2762E+02
   8.781  0.2983E+01  0.2765E+02
   8.791  0.2988E+01  0.2768E+02
   8.801  0.2993E+01  0.2771E+02
   8.811  0.2999E+01  0.2774E+02
   8.821  0.3005E+01  0.2777E+02
   8.831  0.3011E+01  0.2780E+02
   8.841  0.3018E+01  0.2783E+02
   8.851  0.3025E+01  0.2786E+02
   8.861  0.3031E+01  0.2789E+02
   8.871  0.3038E+01  0.2792E+02
   8.881  0.3045E+01  0.2795E+02
   8.891  0.3052E+01  0.2798E+02
   8.901  0.3059E+01  0.2801E+02
   8.911  0.3066E+01  0.2804E+02
   8.921  0.3073E+01  0.2807E+02
   8.931  0.3080E+01  0.2810E+02
   8.941  0.3086E+01  0.2813E+02
   8.951  0.3092E+01  0.2816E+02
   8.961  0.3098E+01  0.2819E+02
   8.971  0.3103E+01  0.2823E+02
   8.981  0.3109E+01  0.2826E+02
   8.991  0.3114E+01  0.2829E+02
   9.001  0.3119E+01  0.2832E+02
   9.011  0.3124E+01  0.2835E+02
   9.021  0.3129E+01  0.2838E+02
   9.031  0.3134E+01  0.2841E+02
   9.041  0.3139E+01  0.2844E+02
   9.051  0.3144E+01  0.2848E+02
   9.061  0.3149E+01  0.2851E+02
   9.071  0.3154E+01  0.2854E+02
   9.081  0.3160E+01  0.2857E+02
   9.091  0.3167E+01  0.2860E+02
   9.101  0.3173E+01  0.2863E+02
   9.111  0.3181E+01  0.2866E+02
   9.121  0.3189E+01  0.2870E+02
   9.131  0.3198E+01  0.2873E+02
   9.141  0.3208E+01  0.2876E+02
   9.151  0.3219E+01  0.2879E+02
   9.161  0.3230E+01  0.2883E+02
   9.171  0.3243E+01  0.2886E+02
   9.181  0.3256E+01  0.2889E+02
   9.191  0.3271E+01  0.2892E+02
   9.201  0.3286E+01  0.2896E+02
   9.211  0.3303E+01  0.2899E+02
   9.221  0.3320E+01  0.2902E+02
   9.231  0.3338E+01  0.2906E+02
   9.241  0.3357E+01  0.2909E+02
   9.251  0.3377E+01  0.2912E+02
   9.261  0.3397E+01  0.2916E+02
   9.271  0.3418E+01  0.2919E+02
   9.281  0.3439E+01  0.2923E+02
   9.291  0.3460E+01  0.2926E+02
   9.301  0.3482E+01  0.2929E+02
   9.311  0.3504E+01  0.2933E+02
   9.321  0.3526E+01  0.2937E+02
   9.331  0.3547E+01  0.2940E+02
   9.341  0.3569E+01  0.2944E+02
   9.351  0.3590E+01  0.2947E+02
   9.361  0.3610E+01  0.2951E+02
   9.371  0.3630E+01  0.2954E+02
   9.381  0.3649E+01  0.2958E+02
   9.391  0.3667E+01  0.2962E+02
   9.401  0.3684E+01  0.2965E+02
   9.411  0.3700E+01  0.2969E+02
   9.421  0.3715E+01  0.2973E+02
   9.431  0.3729E+01  0.2977E+02
   9.441  0.3741E+01  0.2980E+02
   9.451  0.3752E+01  0.2984E+02
   9.461  0.3762E+01  0.2988E+02
   9.471  0.3770E+01  0.2992E+02
   9.481  0.3776E+01  0.2995E+02
   9.491  0.3781E+01  0.2999E+02
   9.501  0.3784E+01  0.3003E+02
   9.511  0.3785E+01  0.3007E+02
   9.521  0.3785E+01  0.3011E+02
   9.531  0.3783E+01  0.3014E+02
   9.541  0.3780E+01  0.3018E+02
   9.551  0.3775E+01  0.3022E+02
   9.561  0.3768E+01  0.3026E+02
   9.571  0.3760E+01  0.3029E+02
   9.581  0.3750E+01  0.3033E+02
   9.591  0.3739E+01  0.3037E+02
   9.601  0.3727E+01  0.3041E+02
   9.611  0.3713E+01  0.3044E+02
   9.621  0.3699E+01  0.3048E+02
   9.631  0.3683E+01  0.3052E+02
   9.641  0.3666E+01  0.3055E+02
   9.651  0.3649E+01  0.3059E+02
   9.661  0.3630E+01  0.3063E+02
   9.671  0.3611E+01  0.3066E+02
   9.681  0.3592E+01  0.3070E+02
   9.691  0.3572E+01  0.3073E+02
   9.701  0.3551E+01  0.3077E+02
   9.711  0.3531E+01  0.3081E+02
   9.721  0.3510E+01  0.3084E+02
   9.731  0.3490E+01  0.3088E+02
   9.741  0.3469E+01  0.3091E+02
   9.751  0.3449E+01  0.3094E+02
   9.761  0.3429E+01  0.3098E+02
   9.771  0.3409E+01  0.3101E+02
   9.781  0.3389E+01  0.3105E+02
   9.791  0.3370E+01  0.3108E+02
   9.801  0.3351E+01  0.3111E+02
   9.811  0.3332E+01  0.3115E+02
   9.821  0.3314E+01  0.3118E+02
   9.831  0.3296E+01  0.3121E+02
   9.841  0.3279E+01  0.3125E+02
   9.851  0.3263E+01  0.3128E+02
   9.861  0.3247E+01  0.3131E+02
   9.871  0.3232E+01  0.3134E+02
   9.881  0.3217E+01  0.3138E+02
   9.891  0.3203E+01  0.3141E+02
   9.901  0.3189E+01  0.3144E+02
   9.911  0.3176E+01  0.3147E+02
   9.921  0.3164E+01  0.3150E+02
   9.931  0.3152E+01  0.3153E+02
   9.941  0.3142E+01  0.3157E+02
   9.951  0.3131E+01  0.3160E+02
   9.961  0.3122E+01  0.3163E+02
   9.971  0.3114E+01  0.3166E+02
   9.981  0.3106E+01  0.3169E+02
   9.991  0.3099E+01  0.3172E+02
  10.001  0.3092E+01  0.3175E+02
  10.011  0.3087E+01  0.3178E+02
  10.021  0.3082E+01  0.3181E+02
  10.031  0.3078E+01  0.3185E+02
  10.041  0.3075E+01  0.3188E+02
  10.051  0.3072E+01  0.3191E+02
  10.061  0.3070E+01  0.3194E+02
  10.071  0.3068E+01  0.3197E+02
  10.081  0.3067E+01  0.3200E+02
  10.091  0.3067E+01  0.3203E+02
  10.101  0.3067E+01  0.3206E+02
  10.111  0.3067E+01  0.3209E+02
  10.121  0.3067E+01  0.3212E+02
  10.131  0.3067E+01  0.3215E+02
  10.141  0.3067E+01  0.3218E+02
  10.151  0.3068E+01  0.3221E+02
  10.161  0.3068E+01  0.3224E+02
  10.171  0.3068E+01  0.3227E+02
  10.181  0.3067E+01  0.3231E+02
  10.191  0.3066E+01  0.3234E+02
  10.201  0.3065E+01  0.3237E+02
  10.211  0.3063E+01  0.3240E+02
  10.221  0.3061E+01  0.3243E+02
  10.231  0.3059E+01  0.3246E+02
  10.241  0.3055E+01  0.3249E+02
  10.251  0.3052E+01  0.3252E+02
  10.261  0.3048E+01  0.3255E+02
  10.271  0.3043E+01  0.3258E+02
  10.281  0.3038E+01  0.3261E+02
  10.291  0.3033E+01  0.3264E+02
  10.301  0.3027E+01  0.3267E+02
  10.311  0.3021E+01  0.3270E+02
  10.321  0.3015E+01  0.3273E+02
  10.331  0.3009E+01  0.3276E+02
  10.341  0.3003E+01  0.3279E+02
  10.351  0.2997E+01  0.3282E+02
  10.361  0.2991E+01  0.3285E+02
  10.371  0.2985E+01  0.3288E+02
  10.381  0.2979E+01  0.3291E+02
  10.391  0.2973E+01  0.3294E+02
  10.401  0.2968E+01  0.3297E+02
  10.411  0.2963E+01  0.3300E+02
  10.421  0.2959E+01  0.3303E+02
  10.431  0.2954E+01  0.3306E+02
  10.441  0.2950E+01  0.3309E+02
  10.451  0.2946E+01  0.3312E+02
  10.461  0.2943E+01  0.3315E+02
  10.471  0.2939E+01  0.3318E+02
  10.481  0.2936E+01  0.3321E+02
  10.491  0.2933E+01  0.3324E+02
  10.501  0.2929E+01  0.3327E+02
  10.511  0.2926E+01  0.3329E+02
  10.521  0.2923E+01  0.3332E+02
  10.531  0.2919E+01  0.3335E+02
  10.541  0.2916E+01  0.3338E+02
  10.551  0.2912E+01  0.3341E+02
  10.561  0.2908E+01  0.3344E+02
  10.571  0.2904E+01  0.3347E+02
  10.581  0.2900E+01  0.3350E+02
  10.591  0.2895E+01  0.3353E+02
  10.601  0.2890E+01  0.3356E+02
  10.611  0.2886E+01  0.3359E+02
  10.621  0.2881E+01  0.3361E+02
  10.631  0.2875E+01  0.3364E+02
  10.641  0.2870E+01  0.3367E+02
  10.651  0.2865E+01  0.3370E+02
  10.661  0.2860E+01  0.3373E+02
  10.671  0.2855E+01  0.3376E+02
  10.681  0.2850E+01  0.3379E+02
  10.691  0.2846E+01  0.3381E+02
  10.701  0.2842E+01  0.3384E+02
  10.711  0.2838E+01  0.3387E+02
  10.721  0.2835E+01  0.3390E+02
  10.731  0.2832E+01  0.3393E+02
  10.741  0.2829E+01  0.3396E+02
  10.751  0.2828E+01  0.3398E+02
  10.761  0.2826E+01  0.3401E+02
  10.771  0.2825E+01  0.3404E+02
  10.781  0.2825E+01  0.3407E+02
  10.791  0.2826E+01  0.3410E+02
  10.801  0.2826E+01  0.3413E+02
  10.811  0.2828E+01  0.3415E+02
  10.821  0.2830E+01  0.3418E+02
  10.831  0.2832E+01  0.3421E+02
  10.841  0.2835E+01  0.3424E+02
  10.851  0.2839E+01  0.3427E+02
  10.861  0.2842E+01  0.3430E+02
  10.871  0.2847E+01  0.3432E+02
  10.881  0.2851E+01  0.3435E+02
  10.891  0.2856E+01  0.3438E+02
  10.901  0.2861E+01  0.3441E+02
  10.911  0.2867E+01  0.3444E+02
  10.921  0.2873E+01  0.3447E+02
  10.931  0.2879E+01  0.3450E+02
  10.941  0.2886E+01  0.3452E+02
  10.951  0.2893E+01  0.3455E+02
  10.961  0.2901E+01  0.3458E+02
  10.971  0.2909E+01  0.3461E+02
  10.981  0.2917E+01  0.3464E+02
  10.991  0.2926E+01  0.3467E+02
  11.001  0.2935E+01  0.3470E+02
  11.011  0.2945E+01  0.3473E+02
  11.021  0.2955E+01  0.3476E+02
  11.031  0.2966E+01  0.3479E+02
  11.041  0.2978E+01  0.3482E+02
  11.051  0.2990E+01  0.3485E+02
  11.061  0.3003E+01  0.3488E+02
  11.071  0.3017E+01  0.3491E+02
  11.081  0.3031E+01  0.3494E+02
  11.091  0.3046E+01  0.3497E+02
  11.101  0.3062E+01  0.3500E+02
  11.111  0.3078E+01  0.3503E+02
  11.121  0.3095E+01  0.3506E+02
  11.131  0.3112E+01  0.3509E+02
  11.141  0.3130E+01  0.3512E+02
  11.151  0.3148E+01  0.3516E+02
  11.161  0.3167E+01  0.3519E+02
  11.171  0.3186E+01  0.3522E+02
  11.181  0.3205E+01  0.3525E+02
  11.191  0.3224E+01  0.3528E+02
  11.201  0.3243E+01  0.3532E+02
  11.211  0.3262E+01  0.3535E+02
  11.221  0.3281E+01  0.3538E+02
  11.231  0.3300E+01  0.3541E+02
  11.241  0.3318E+01  0.3545E+02
  11.251  0.3336E+01  0.3548E+02
  11.261  0.3353E+01  0.3551E+02
  11.271  0.3369E+01  0.3555E+02
  11.281  0.3385E+01  0.3558E+02
  11.291  0.3400E+01  0.3562E+02
  11.301  0.3414E+01  0.3565E+02
  11.311  0.3428E+01  0.3568E+02
  11.321  0.3440E+01  0.3572E+02
  11.331  0.3452E+01  0.3575E+02
  11.341  0.3464E+01  0.3579E+02
  11.351  0.3474E+01  0.3582E+02
  11.361  0.3484E+01  0.3586E+02
  11.371  0.3494E+01  0.3589E+02
  11.381  0.3503E+01  0.3593E+02
  11.391  0.3512E+01  0.3596E+02
  11.401  0.3520E+01  0.3600E+02
  11.411  0.3528E+01  0.3603E+02
  11.421  0.3536E+01  0.3607E+02
  11.431  0.3545E+01  0.3610E+02
  11.441  0.3553E+01  0.3614E+02
  11.451  0.3561E+01  0.3617E+02
  11.461  0.3570E+01  0.3621E+02
  11.471  0.3579E+01  0.3625E+02
  11.481  0.3588E+01  0.3628E+02
  11.491  0.3598E+01  0.3632E+02
  11.501  0.3608E+01  0.3635E+02
  11.511  0.3618E+01  0.3639E+02
  11.521  0.3628E+01  0.3643E+02
  11.531  0.3639E+01  0.3646E+02
  11.541  0.3650E+01  0.3650E+02
  11.551  0.3661E+01  0.3654E+02
  11.561  0.3672E+01  0.3657E+02
  11.571  0.3683E+01  0.3661E+02
  11.581  0.3694E+01  0.3665E+02
  11.591  0.3705E+01  0.3668E+02
  11.601  0.3715E+01  0.3672E+02
  11.611  0.3724E+01  0.3676E+02
  11.621  0.3733E+01  0.3680E+02
  11.631  0.3742E+01  0.3683E+02
  11.641  0.3749E+01  0.3687E+02
  11.651  0.3755E+01  0.3691E+02
  11.661  0.3761E+01  0.3695E+02
  11.671  0.3765E+01  0.3698E+02
  11.681  0.3768E+01  0.3702E+02
  11.691  0.3770E+01  0.3706E+02
  11.701  0.3770E+01  0.3710E+02
  11.711  0.3770E+01  0.3713E+02
  11.721  0.3768E+01  0.3717E+02
  11.731  0.3764E+01  0.3721E+02
  11.741  0.3760E+01  0.3725E+02
  11.751  0.3754E+01  0.3728E+02
  11.761  0.3747E+01  0.3732E+02
  11.771  0.3740E+01  0.3736E+02
  11.781  0.3731E+01  0.3740E+02
  11.791  0.3721E+01  0.3743E+02
  11.801  0.3711E+01  0.3747E+02
  11.811  0.3700E+01  0.3751E+02
  11.821  0.3689E+01  0.3754E+02
  11.831  0.3677E+01  0.3758E+02
  11.841  0.3665E+01  0.3762E+02
  11.851  0.3653E+01  0.3765E+02
  11.861  0.3641E+01  0.3769E+02
  11.871  0.3629E+01  0.3773E+02
  11.881  0.3617E+01  0.3776E+02
  11.891  0.3605E+01  0.3780E+02
  11.901  0.3594E+01  0.3784E+02
  11.911  0.3584E+01  0.3787E+02
  11.921  0.3574E+01  0.3791E+02
  11.931  0.3565E+01  0.3794E+02
  11.941  0.3557E+01  0.3798E+02
  11.951  0.3549E+01  0.3801E+02
  11.961  0.3542E+01  0.3805E+02
  11.971  0.3536E+01  0.3808E+02
  11.981  0.3531E+01  0.3812E+02
  11.991  0.3527E+01  0.3815E+02
  12.001  0.3523E+01  0.3819E+02
  12.011  0.3520E+01  0.3823E+02
  12.021  0.3517E+01  0.3826E+02
  12.031  0.3515E+01  0.3830E+02
  12.041  0.3513E+01  0.3833E+02
  12.051  0.3512E+01  0.3837E+02
  12.061  0.3511E+01  0.3840E+02
  12.071  0.3510E+01  0.3844E+02
  12.081  0.3508E+01  0.3847E+02
  12.091  0.3507E+01  0.3851E+02
  12.101  0.3506E+01  0.3854E+02
  12.111  0.3504E+01  0.3858E+02
  12.121  0.3502E+01  0.3861E+02
  12.131  0.3500E+01  0.3865E+02
  12.141  0.3497E+01  0.3868E+02
  12.151  0.3494E+01  0.3872E+02
  12.161  0.3490E+01  0.3875E+02
  12.171  0.3486E+01  0.3879E+02
  12.181  0.3481E+01  0.3882E+02
  12.191  0.3477E+01  0.3886E+02
  12.201  0.3472E+01  0.3889E+02
  12.211  0.3466E+01  0.3893E+02
  12.221  0.3461E+01  0.3896E+02
  12.231  0.3456E+01  0.3899E+02
  12.241  0.3451E+01  0.3903E+02
  12.251  0.3446E+01  0.3906E+02
  12.261  0.3441E+01  0.3910E+02
  12.271  0.3437E+01  0.3913E+02
  12.281  0.3433E+01  0.3917E+02
  12.291  0.3430E+01  0.3920E+02
  12.301  0.3428E+01  0.3923E+02
  12.311  0.3426E+01  0.3927E+02
  12.321  0.3425E+01  0.3930E+02
  12.331  0.3426E+01  0.3934E+02
  12.341  0.3427E+01  0.3937E+02
  12.351  0.3429E+01  0.3941E+02
  12.361  0.3432E+01  0.3944E+02
  12.371  0.3437E+01  0.3947E+02
  12.381  0.3442E+01  0.3951E+02
  12.391  0.3448E+01  0.3954E+02
  12.401  0.3456E+01  0.3958E+02
  12.411  0.3464E+01  0.3961E+02
  12.421  0.3473E+01  0.3965E+02
  12.431  0.3482E+01  0.3968E+02
  12.441  0.3493E+01  0.3972E+02
  12.451  0.3503E+01  0.3975E+02
  12.461  0.3515E+01  0.3979E+02
  12.471  0.3527E+01  0.3982E+02
  12.481  0.3539E+01  0.3986E+02
  12.491  0.3552E+01  0.3989E+02
  12.501  0.3564E+01  0.3993E+02
  12.511  0.3577E+01  0.3997E+02
  12.521  0.3590E+01  0.4000E+02
  12.531  0.3603E+01  0.4004E+02
  12.541  0.3615E+01  0.4007E+02
  12.551  0.3628E+01  0.4011E+02
  12.561  0.3640E+01  0.4015E+02
  12.571  0.3652E+01  0.4018E+02
  12.581  0.3664E+01  0.4022E+02
  12.591  0.3675E+01  0.4026E+02
  12.601  0.3686E+01  0.4029E+02
  12.611  0.3697E+01  0.4033E+02
  12.621  0.3707E+01  0.4037E+02
  12.631  0.3717E+01  0.4040E+02
  12.641  0.3727E+01  0.4044E+02
  12.651  0.3736E+01  0.4048E+02
  12.661  0.3744E+01  0.4052E+02
  12.671  0.3753E+01  0.4055E+02
  12.681  0.3760E+01  0.4059E+02
  12.691  0.3767E+01  0.4063E+02
  12.701  0.3774E+01  0.4067E+02
  12.711  0.3779E+01  0.4070E+02
  12.721  0.3785E+01  0.4074E+02
  12.731  0.3789E+01  0.4078E+02
  12.741  0.3793E+01  0.4082E+02
  12.751  0.3796E+01  0.4086E+02
  12.761  0.3799E+01  0.4089E+02
  12.771  0.3800E+01  0.4093E+02
  12.781  0.3801E+01  0.4097E+02
  12.791  0.3801E+01  0.4101E+02
  12.801  0.3800E+01  0.4105E+02
  12.811  0.3799E+01  0.4108E+02
  12.821  0.3796E+01  0.4112E+02
  12.831  0.3793E+01  0.4116E+02
  12.841  0.3788E+01  0.4120E+02
  12.851  0.3783E+01  0.4124E+02
  12.861  0.3777E+01  0.4127E+02
  12.871  0.3770E+01  0.4131E+02
  12.881  0.3763E+01  0.4135E+02
  12.891  0.3754E+01  0.4139E+02
  12.901  0.3744E+01  0.4142E+02
  12.911  0.3734E+01  0.4146E+02
  12.921  0.3723E+01  0.4150E+02
  12.931  0.3711E+01  0.4154E+02
  12.941  0.3698E+01  0.4157E+02
  12.951  0.3685E+01  0.4161E+02
  12.961  0.3671E+01  0.4165E+02
  12.971  0.3656E+01  0.4168E+02
  12.981  0.3640E+01  0.4172E+02
  12.991  0.3624E+01  0.4176E+02
  13.001  0.3607E+01  0.4179E+02
  13.011  0.3589E+01  0.4183E+02
  13.021  0.3570E+01  0.4186E+02
  13.031  0.3551E+01  0.4190E+02
  13.041  0.3531E+01  0.4193E+02
  13.051  0.3511E+01  0.4197E+02
  13.061  0.3489E+01  0.4200E+02
  13.071  0.3468E+01  0.4204E+02
  13.081  0.3445E+01  0.4207E+02
  13.091  0.3422E+01  0.4211E+02
  13.101  0.3399E+01  0.4214E+02
  13.111  0.3375E+01  0.4217E+02
  13.121  0.3351E+01  0.4221E+02
  13.131  0.3327E+01  0.4224E+02
  13.141  0.3302E+01  0.4227E+02
  13.151  0.3277E+01  0.4231E+02
  13.161  0.3252E+01  0.4234E+02
  13.171  0.3227E+01  0.4237E+02
  13.181  0.3202E+01  0.4240E+02
  13.191  0.3177E+01  0.4244E+02
  13.201  0.3153E+01  0.4247E+02
  13.211  0.3129E+01  0.4250E+02
  13.221  0.3106E+01  0.4253E+02
  13.231  0.3083E+01  0.4256E+02
  13.241  0.3061E+01  0.4259E+02
  13.251  0.3039E+01  0.4262E+02
  13.261  0.3019E+01  0.4265E+02
  13.271  0.2999E+01  0.4268E+02
  13.281  0.2981E+01  0.4271E+02
  13.291  0.2964E+01  0.4274E+02
  13.301  0.2948E+01  0.4277E+02
  13.311  0.2933E+01  0.4280E+02
  13.321  0.2920E+01  0.4283E+02
  13.331  0.2908E+01  0.4286E+02
  13.341  0.2898E+01  0.4289E+02
  13.351  0.2888E+01  0.4292E+02
  13.361  0.2881E+01  0.4294E+02
  13.371  0.2874E+01  0.4297E+02
  13.381  0.2869E+01  0.4300E+02
  13.391  0.2866E+01  0.4303E+02
  13.401  0.2863E+01  0.4306E+02
  13.411  0.2862E+01  0.4309E+02
  13.421  0.2862E+01  0.4312E+02
  13.431  0.2864E+01  0.4315E+02
  13.441  0.2866E+01  0.4317E+02
  13.451  0.2870E+01  0.4320E+02
  13.461  0.2874E+01  0.4323E+02
  13.471  0.2880E+01  0.4326E+02
  13.481  0.2886E+01  0.4329E+02
  13.491  0.2893E+01  0.4332E+02
  13.501  0.2901E+01  0.4335E+02
  13.511  0.2910E+01  0.4338E+02
  13.521  0.2920E+01  0.4341E+02
  13.531  0.2930E+01  0.4343E+02
  13.541  0.2942E+01  0.4346E+02
  13.551  0.2953E+01  0.4349E+02
  13.561  0.2966E+01  0.4352E+02
  13.571  0.2979E+01  0.4355E+02
  13.581  0.2992E+01  0.4358E+02
  13.591  0.3006E+01  0.4361E+02
  13.601  0.3020E+01  0.4364E+02
  13.611  0.3035E+01  0.4367E+02
  13.621  0.3049E+01  0.4370E+02
  13.631  0.3064E+01  0.4373E+02
  13.641  0.3079E+01  0.4377E+02
  13.651  0.3094E+01  0.4380E+02
  13.661  0.3109E+01  0.4383E+02
  13.671  0.3123E+01  0.4386E+02
  13.681  0.3136E+01  0.4389E+02
  13.691  0.3150E+01  0.4392E+02
  13.701  0.3162E+01  0.4395E+02
  13.711  0.3173E+01  0.4399E+02
  13.721  0.3184E+01  0.4402E+02
  13.731  0.3193E+01  0.4405E+02
  13.741  0.3201E+01  0.4408E+02
  13.751  0.3208E+01  0.4411E+02
  13.761  0.3213E+01  0.4415E+02
  13.771  0.3217E+01  0.4418E+02
  13.781  0.3220E+01  0.4421E+02
  13.791  0.3221E+01  0.4424E+02
  13.801  0.3220E+01  0.4427E+02
  13.811  0.3218E+01  0.4431E+02
  13.821  0.3214E+01  0.4434E+02
  13.831  0.3209E+01  0.4437E+02
  13.841  0.3202E+01  0.4440E+02
  13.851  0.3194E+01  0.4443E+02
  13.861  0.3185E+01  0.4447E+02
  13.871  0.3175E+01  0.4450E+02
  13.881  0.3165E+01  0.4453E+02
  13.891  0.3153E+01  0.4456E+02
  13.901  0.3141E+01  0.4459E+02
  13.911  0.3128E+01  0.4462E+02
