
     Program DOS v.7.6 starts on 26Sep2026 at  5:16:58 

     This program is part of the open-source Quantum ESPRESSO suite
     for quantum simulation of materials; please cite
         "P. Giannozzi et al., J. Phys.:Condens. Matter 21 395502 (2009);
         "P. Giannozzi et al., J. Phys.:Condens. Matter 29 465901 (2017);
         "P. Giannozzi et al., J. Chem. Phys. 152 154105 (2020);
          URL http://www.quantum-espresso.org", 
     in publications or presentations arising from this work. More details at
     http://www.quantum-espresso.org/quote

     Parallel version (MPI), running on     4 processors

     MPI processes distributed on     1 nodes
     R & G space division:  proc/nbgrp/npool/nimage =       4
     1142 MiB available memory on the printing compute node when the environment starts


     Reading xml data from directory:

     /home/ubuntu/projects/Graphene-Band-Structure-Quantum-Espresso/outputs/field_0/vdw-df2-c09/coupled/data/coupled.save/

     IMPORTANT: XC functional enforced from input :
     Exchange-correlation= VDW-DF2-C09
                           (   1   4  16   0   2   0   0)
     Any further DFT definition will be discarded
     Please, verify this is what you really want


     Parallelization info
     --------------------
     sticks:   dense  smooth     PW     G-vecs:    dense   smooth      PW
     Min         118     118     37                19916    19916    3337
     Max         119     119     38                19947    19947    3350
     Sum         475     475    151                79745    79745   13381

     Using Slab Decomposition



     %%%%%%%%%%%%%%%%%%%%%%%%%%%%%%%%%%%%%%%%%%%%%%%%%%%%%%%%%%%%%%%%%%%%%%%%
     %                                                                      %
     % You are using vdW-DF, which was implemented by the Thonhauser group. %
     % Please cite the following two papers that made this development      %
     % possible and the two reviews that describe the various versions:     %
     %                                                                      %
     %   T. Thonhauser et al., PRL 115, 136402 (2015).                      %
     %   T. Thonhauser et al., PRB 76,  125112 (2007).                      %
     %   K. Berland et al., Rep. Prog. Phys. 78, 066501 (2015).             %
     %   D.C. Langreth et al., J. Phys.: Condens. Matter 21, 084203 (2009). %
     %                                                                      %
     % If you are calculating stress with vdW-DF, please also cite:         %
     %                                                                      %
     %   R. Sabatini et al., J. Phys.: Condens. Matter 24, 424209 (2012).   %
     %                                                                      %
     %   And for spin-polarized stress cases also:                          %
     %   C.M. Frostenson et al., Electr. Struct. 4, 014001 (2022).          %
     %                                                                      %
     %%%%%%%%%%%%%%%%%%%%%%%%%%%%%%%%%%%%%%%%%%%%%%%%%%%%%%%%%%%%%%%%%%%%%%%%

     %%%%%%%%%%%%%%%%%%%%%%%%%%%%%%%%%%%%%%%%%%%%%%%%%%%%%%%%%%%%%%%%%%%%%%%%
     %                                                                      %
     %  vdW-DF NEWS:                                                        %
     %                                                                      %
     %  * vdW-DF3-mc is now available. DOI: 10.1103/hp9d-4kpf               %
     %    use with input_dft = 'vdW-DF3-mc'                                 %
     %  * vdW-DF3 is now available. DOI: 10.1021/acs.jctc.0c00471           %
     %    use with input_dft = 'vdW-DF3-opt1' or 'vdW-DF3-opt2'             %
     %                                                                      %
     %  * Unscreened and range-separated hybrid vdW-DF-cx functionals       %
     %    DOI: 10.1063/1.4986522 and 10.1088/1361-648X/ac2ad2               %
     %    use with input_dft = 'vdW-DF-cx0' and 'vdW-DF-ahcx'               %
     %  * Unscreened and range-separated hybrid vdW-DF2-b86r functionals    %
     %    DOI: 10.1063/1.4986522 and DOI: 10.1103/PhysRevX.12.041003        %
     %    use with input_dft = 'vdW-DF2-br0' and 'vdW-DF2-ahbr'             %
     %                                                                      %
     %%%%%%%%%%%%%%%%%%%%%%%%%%%%%%%%%%%%%%%%%%%%%%%%%%%%%%%%%%%%%%%%%%%%%%%%



     Gaussian broadening (read from input): ngauss,degauss=   0    0.010000


     DOS          :     30.25s CPU     30.46s WALL


   This run was terminated on:   5:17:29  26Sep2026            

=------------------------------------------------------------------------------=
   JOB DONE.
=------------------------------------------------------------------------------=
Note: The following floating-point exceptions are signalling: IEEE_UNDERFLOW_FLAG IEEE_DENORMAL
Note: The following floating-point exceptions are signalling: IEEE_UNDERFLOW_FLAG IEEE_DENORMAL
Note: The following floating-point exceptions are signalling: IEEE_UNDERFLOW_FLAG IEEE_DENORMAL
Note: The following floating-point exceptions are signalling: IEEE_UNDERFLOW_FLAG IEEE_DENORMAL
