#  E (eV)   dos(E)     Int dos(E) EFermi =   -3.603 eV
 -13.603  0.3658E+00  0.3658E-02
 -13.593  0.3805E+00  0.7463E-02
 -13.583  0.3961E+00  0.1142E-01
 -13.573  0.4123E+00  0.1555E-01
 -13.563  0.4289E+00  0.1984E-01
 -13.553  0.4455E+00  0.2429E-01
 -13.543  0.4618E+00  0.2891E-01
 -13.533  0.4777E+00  0.3369E-01
 -13.523  0.4927E+00  0.3861E-01
 -13.513  0.5066E+00  0.4368E-01
 -13.503  0.5192E+00  0.4887E-01
 -13.493  0.5302E+00  0.5417E-01
 -13.483  0.5395E+00  0.5957E-01
 -13.473  0.5469E+00  0.6504E-01
 -13.463  0.5523E+00  0.7056E-01
 -13.453  0.5558E+00  0.7612E-01
 -13.443  0.5572E+00  0.8169E-01
 -13.433  0.5566E+00  0.8726E-01
 -13.423  0.5541E+00  0.9280E-01
 -13.413  0.5498E+00  0.9829E-01
 -13.403  0.5437E+00  0.1037E+00
 -13.393  0.5362E+00  0.1091E+00
 -13.383  0.5272E+00  0.1144E+00
 -13.373  0.5170E+00  0.1195E+00
 -13.363  0.5058E+00  0.1246E+00
 -13.353  0.4937E+00  0.1295E+00
 -13.343  0.4810E+00  0.1343E+00
 -13.333  0.4678E+00  0.1390E+00
 -13.323  0.4543E+00  0.1436E+00
 -13.313  0.4407E+00  0.1480E+00
 -13.303  0.4272E+00  0.1522E+00
 -13.293  0.4139E+00  0.1564E+00
 -13.283  0.4009E+00  0.1604E+00
 -13.273  0.3885E+00  0.1643E+00
 -13.263  0.3766E+00  0.1680E+00
 -13.253  0.3655E+00  0.1717E+00
 -13.243  0.3552E+00  0.1752E+00
 -13.233  0.3458E+00  0.1787E+00
 -13.223  0.3374E+00  0.1821E+00
 -13.213  0.3300E+00  0.1854E+00
 -13.203  0.3236E+00  0.1886E+00
 -13.193  0.3184E+00  0.1918E+00
 -13.183  0.3142E+00  0.1949E+00
 -13.173  0.3113E+00  0.1981E+00
 -13.163  0.3095E+00  0.2012E+00
 -13.153  0.3090E+00  0.2042E+00
 -13.143  0.3097E+00  0.2073E+00
 -13.133  0.3116E+00  0.2105E+00
 -13.123  0.3147E+00  0.2136E+00
 -13.113  0.3190E+00  0.2168E+00
 -13.103  0.3243E+00  0.2200E+00
 -13.093  0.3306E+00  0.2233E+00
 -13.083  0.3378E+00  0.2267E+00
 -13.073  0.3456E+00  0.2302E+00
 -13.063  0.3540E+00  0.2337E+00
 -13.053  0.3626E+00  0.2373E+00
 -13.043  0.3712E+00  0.2411E+00
 -13.033  0.3796E+00  0.2448E+00
 -13.023  0.3875E+00  0.2487E+00
 -13.013  0.3947E+00  0.2527E+00
 -13.003  0.4010E+00  0.2567E+00
 -12.993  0.4061E+00  0.2607E+00
 -12.983  0.4098E+00  0.2648E+00
 -12.973  0.4121E+00  0.2690E+00
 -12.963  0.4128E+00  0.2731E+00
 -12.953  0.4119E+00  0.2772E+00
 -12.943  0.4094E+00  0.2813E+00
 -12.933  0.4052E+00  0.2854E+00
 -12.923  0.3995E+00  0.2894E+00
 -12.913  0.3923E+00  0.2933E+00
 -12.903  0.3838E+00  0.2971E+00
 -12.893  0.3741E+00  0.3009E+00
 -12.883  0.3635E+00  0.3045E+00
 -12.873  0.3519E+00  0.3080E+00
 -12.863  0.3397E+00  0.3114E+00
 -12.853  0.3270E+00  0.3147E+00
 -12.843  0.3139E+00  0.3178E+00
 -12.833  0.3006E+00  0.3208E+00
 -12.823  0.2873E+00  0.3237E+00
 -12.813  0.2740E+00  0.3264E+00
 -12.803  0.2610E+00  0.3290E+00
 -12.793  0.2482E+00  0.3315E+00
 -12.783  0.2359E+00  0.3339E+00
 -12.773  0.2240E+00  0.3361E+00
 -12.763  0.2127E+00  0.3383E+00
 -12.753  0.2021E+00  0.3403E+00
 -12.743  0.1921E+00  0.3422E+00
 -12.733  0.1829E+00  0.3440E+00
 -12.723  0.1745E+00  0.3458E+00
 -12.713  0.1669E+00  0.3474E+00
 -12.703  0.1602E+00  0.3490E+00
 -12.693  0.1544E+00  0.3506E+00
 -12.683  0.1496E+00  0.3521E+00
 -12.673  0.1456E+00  0.3535E+00
 -12.663  0.1426E+00  0.3550E+00
 -12.653  0.1405E+00  0.3564E+00
 -12.643  0.1393E+00  0.3578E+00
 -12.633  0.1390E+00  0.3591E+00
 -12.623  0.1395E+00  0.3605E+00
 -12.613  0.1408E+00  0.3620E+00
 -12.603  0.1428E+00  0.3634E+00
 -12.593  0.1454E+00  0.3648E+00
 -12.583  0.1486E+00  0.3663E+00
 -12.573  0.1523E+00  0.3678E+00
 -12.563  0.1564E+00  0.3694E+00
 -12.553  0.1609E+00  0.3710E+00
 -12.543  0.1656E+00  0.3727E+00
 -12.533  0.1704E+00  0.3744E+00
 -12.523  0.1752E+00  0.3761E+00
 -12.513  0.1800E+00  0.3779E+00
 -12.503  0.1847E+00  0.3798E+00
 -12.493  0.1891E+00  0.3817E+00
 -12.483  0.1933E+00  0.3836E+00
 -12.473  0.1971E+00  0.3856E+00
 -12.463  0.2004E+00  0.3876E+00
 -12.453  0.2032E+00  0.3896E+00
 -12.443  0.2055E+00  0.3917E+00
 -12.433  0.2072E+00  0.3937E+00
 -12.423  0.2082E+00  0.3958E+00
 -12.413  0.2086E+00  0.3979E+00
 -12.403  0.2083E+00  0.4000E+00
 -12.393  0.2073E+00  0.4021E+00
 -12.383  0.2056E+00  0.4041E+00
 -12.373  0.2032E+00  0.4061E+00
 -12.363  0.2000E+00  0.4081E+00
 -12.353  0.1962E+00  0.4101E+00
 -12.343  0.1916E+00  0.4120E+00
 -12.333  0.1864E+00  0.4139E+00
 -12.323  0.1806E+00  0.4157E+00
 -12.313  0.1742E+00  0.4174E+00
 -12.303  0.1674E+00  0.4191E+00
 -12.293  0.1602E+00  0.4207E+00
 -12.283  0.1528E+00  0.4222E+00
 -12.273  0.1452E+00  0.4237E+00
 -12.263  0.1376E+00  0.4251E+00
 -12.253  0.1301E+00  0.4264E+00
 -12.243  0.1229E+00  0.4276E+00
 -12.233  0.1161E+00  0.4288E+00
 -12.223  0.1098E+00  0.4299E+00
 -12.213  0.1041E+00  0.4309E+00
 -12.203  0.9905E-01  0.4319E+00
 -12.193  0.9481E-01  0.4328E+00
 -12.183  0.9138E-01  0.4338E+00
 -12.173  0.8879E-01  0.4346E+00
 -12.163  0.8703E-01  0.4355E+00
 -12.153  0.8607E-01  0.4364E+00
 -12.143  0.8588E-01  0.4372E+00
 -12.133  0.8640E-01  0.4381E+00
 -12.123  0.8755E-01  0.4390E+00
 -12.113  0.8925E-01  0.4399E+00
 -12.103  0.9143E-01  0.4408E+00
 -12.093  0.9400E-01  0.4417E+00
 -12.083  0.9689E-01  0.4427E+00
 -12.073  0.1000E+00  0.4437E+00
 -12.063  0.1034E+00  0.4447E+00
 -12.053  0.1068E+00  0.4458E+00
 -12.043  0.1104E+00  0.4469E+00
 -12.033  0.1140E+00  0.4480E+00
 -12.023  0.1177E+00  0.4492E+00
 -12.013  0.1214E+00  0.4504E+00
 -12.003  0.1251E+00  0.4517E+00
 -11.993  0.1288E+00  0.4530E+00
 -11.983  0.1325E+00  0.4543E+00
 -11.973  0.1362E+00  0.4556E+00
 -11.963  0.1398E+00  0.4570E+00
 -11.953  0.1434E+00  0.4585E+00
 -11.943  0.1468E+00  0.4599E+00
 -11.933  0.1501E+00  0.4614E+00
 -11.923  0.1532E+00  0.4630E+00
 -11.913  0.1561E+00  0.4645E+00
 -11.903  0.1587E+00  0.4661E+00
 -11.893  0.1609E+00  0.4677E+00
 -11.883  0.1629E+00  0.4694E+00
 -11.873  0.1645E+00  0.4710E+00
 -11.863  0.1657E+00  0.4727E+00
 -11.853  0.1666E+00  0.4743E+00
 -11.843  0.1671E+00  0.4760E+00
 -11.833  0.1673E+00  0.4777E+00
 -11.823  0.1672E+00  0.4793E+00
 -11.813  0.1668E+00  0.4810E+00
 -11.803  0.1663E+00  0.4827E+00
 -11.793  0.1656E+00  0.4843E+00
 -11.783  0.1649E+00  0.4860E+00
 -11.773  0.1643E+00  0.4876E+00
 -11.763  0.1637E+00  0.4893E+00
 -11.753  0.1634E+00  0.4909E+00
 -11.743  0.1634E+00  0.4925E+00
 -11.733  0.1637E+00  0.4942E+00
 -11.723  0.1645E+00  0.4958E+00
 -11.713  0.1658E+00  0.4975E+00
 -11.703  0.1675E+00  0.4991E+00
 -11.693  0.1699E+00  0.5008E+00
 -11.683  0.1728E+00  0.5026E+00
 -11.673  0.1762E+00  0.5043E+00
 -11.663  0.1800E+00  0.5061E+00
 -11.653  0.1843E+00  0.5080E+00
 -11.643  0.1889E+00  0.5099E+00
 -11.633  0.1937E+00  0.5118E+00
 -11.623  0.1986E+00  0.5138E+00
 -11.613  0.2035E+00  0.5158E+00
 -11.603  0.2082E+00  0.5179E+00
 -11.593  0.2126E+00  0.5200E+00
 -11.583  0.2167E+00  0.5222E+00
 -11.573  0.2203E+00  0.5244E+00
 -11.563  0.2235E+00  0.5266E+00
 -11.553  0.2261E+00  0.5289E+00
 -11.543  0.2283E+00  0.5312E+00
 -11.533  0.2300E+00  0.5335E+00
 -11.523  0.2312E+00  0.5358E+00
 -11.513  0.2322E+00  0.5381E+00
 -11.503  0.2328E+00  0.5404E+00
 -11.493  0.2334E+00  0.5428E+00
 -11.483  0.2339E+00  0.5451E+00
 -11.473  0.2345E+00  0.5475E+00
 -11.463  0.2353E+00  0.5498E+00
 -11.453  0.2363E+00  0.5522E+00
 -11.443  0.2376E+00  0.5546E+00
 -11.433  0.2394E+00  0.5570E+00
 -11.423  0.2415E+00  0.5594E+00
 -11.413  0.2441E+00  0.5618E+00
 -11.403  0.2471E+00  0.5643E+00
 -11.393  0.2506E+00  0.5668E+00
 -11.383  0.2546E+00  0.5693E+00
 -11.373  0.2591E+00  0.5719E+00
 -11.363  0.2640E+00  0.5746E+00
 -11.353  0.2694E+00  0.5773E+00
 -11.343  0.2752E+00  0.5800E+00
 -11.333  0.2815E+00  0.5828E+00
 -11.323  0.2881E+00  0.5857E+00
 -11.313  0.2951E+00  0.5887E+00
 -11.303  0.3025E+00  0.5917E+00
 -11.293  0.3101E+00  0.5948E+00
 -11.283  0.3179E+00  0.5980E+00
 -11.273  0.3259E+00  0.6012E+00
 -11.263  0.3340E+00  0.6046E+00
 -11.253  0.3421E+00  0.6080E+00
 -11.243  0.3500E+00  0.6115E+00
 -11.233  0.3576E+00  0.6151E+00
 -11.223  0.3650E+00  0.6187E+00
 -11.213  0.3718E+00  0.6224E+00
 -11.203  0.3781E+00  0.6262E+00
 -11.193  0.3838E+00  0.6300E+00
 -11.183  0.3888E+00  0.6339E+00
 -11.173  0.3931E+00  0.6379E+00
 -11.163  0.3965E+00  0.6418E+00
 -11.153  0.3993E+00  0.6458E+00
 -11.143  0.4013E+00  0.6498E+00
 -11.133  0.4027E+00  0.6539E+00
 -11.123  0.4035E+00  0.6579E+00
 -11.113  0.4039E+00  0.6619E+00
 -11.103  0.4039E+00  0.6660E+00
 -11.093  0.4037E+00  0.6700E+00
 -11.083  0.4035E+00  0.6740E+00
 -11.073  0.4034E+00  0.6781E+00
 -11.063  0.4035E+00  0.6821E+00
 -11.053  0.4039E+00  0.6862E+00
 -11.043  0.4047E+00  0.6902E+00
 -11.033  0.4059E+00  0.6943E+00
 -11.023  0.4077E+00  0.6983E+00
 -11.013  0.4100E+00  0.7024E+00
 -11.003  0.4129E+00  0.7066E+00
 -10.993  0.4163E+00  0.7107E+00
 -10.983  0.4201E+00  0.7149E+00
 -10.973  0.4243E+00  0.7192E+00
 -10.963  0.4289E+00  0.7235E+00
 -10.953  0.4337E+00  0.7278E+00
 -10.943  0.4386E+00  0.7322E+00
 -10.933  0.4437E+00  0.7366E+00
 -10.923  0.4488E+00  0.7411E+00
 -10.913  0.4540E+00  0.7457E+00
 -10.903  0.4591E+00  0.7502E+00
 -10.893  0.4642E+00  0.7549E+00
 -10.883  0.4692E+00  0.7596E+00
 -10.873  0.4743E+00  0.7643E+00
 -10.863  0.4795E+00  0.7691E+00
 -10.853  0.4849E+00  0.7740E+00
 -10.843  0.4904E+00  0.7789E+00
 -10.833  0.4963E+00  0.7838E+00
 -10.823  0.5024E+00  0.7889E+00
 -10.813  0.5090E+00  0.7939E+00
 -10.803  0.5161E+00  0.7991E+00
 -10.793  0.5236E+00  0.8043E+00
 -10.783  0.5316E+00  0.8097E+00
 -10.773  0.5401E+00  0.8151E+00
 -10.763  0.5489E+00  0.8205E+00
 -10.753  0.5581E+00  0.8261E+00
 -10.743  0.5674E+00  0.8318E+00
 -10.733  0.5768E+00  0.8376E+00
 -10.723  0.5861E+00  0.8434E+00
 -10.713  0.5953E+00  0.8494E+00
 -10.703  0.6040E+00  0.8554E+00
 -10.693  0.6122E+00  0.8615E+00
 -10.683  0.6198E+00  0.8677E+00
 -10.673  0.6266E+00  0.8740E+00
 -10.663  0.6326E+00  0.8803E+00
 -10.653  0.6377E+00  0.8867E+00
 -10.643  0.6418E+00  0.8931E+00
 -10.633  0.6450E+00  0.8996E+00
 -10.623  0.6473E+00  0.9061E+00
 -10.613  0.6487E+00  0.9125E+00
 -10.603  0.6493E+00  0.9190E+00
 -10.593  0.6492E+00  0.9255E+00
 -10.583  0.6484E+00  0.9320E+00
 -10.573  0.6470E+00  0.9385E+00
 -10.563  0.6452E+00  0.9449E+00
 -10.553  0.6430E+00  0.9514E+00
 -10.543  0.6405E+00  0.9578E+00
 -10.533  0.6379E+00  0.9642E+00
 -10.523  0.6351E+00  0.9705E+00
 -10.513  0.6323E+00  0.9768E+00
 -10.503  0.6296E+00  0.9831E+00
 -10.493  0.6270E+00  0.9894E+00
 -10.483  0.6245E+00  0.9956E+00
 -10.473  0.6222E+00  0.1002E+01
 -10.463  0.6201E+00  0.1008E+01
 -10.453  0.6182E+00  0.1014E+01
 -10.443  0.6166E+00  0.1020E+01
 -10.433  0.6151E+00  0.1027E+01
 -10.423  0.6137E+00  0.1033E+01
 -10.413  0.6123E+00  0.1039E+01
 -10.403  0.6108E+00  0.1045E+01
 -10.393  0.6093E+00  0.1051E+01
 -10.383  0.6074E+00  0.1057E+01
 -10.373  0.6053E+00  0.1063E+01
 -10.363  0.6027E+00  0.1069E+01
 -10.353  0.5997E+00  0.1075E+01
 -10.343  0.5962E+00  0.1081E+01
 -10.333  0.5922E+00  0.1087E+01
 -10.323  0.5877E+00  0.1093E+01
 -10.313  0.5829E+00  0.1099E+01
 -10.303  0.5778E+00  0.1105E+01
 -10.293  0.5726E+00  0.1110E+01
 -10.283  0.5674E+00  0.1116E+01
 -10.273  0.5624E+00  0.1122E+01
 -10.263  0.5578E+00  0.1127E+01
 -10.253  0.5538E+00  0.1133E+01
 -10.243  0.5504E+00  0.1138E+01
 -10.233  0.5479E+00  0.1144E+01
 -10.223  0.5462E+00  0.1149E+01
 -10.213  0.5456E+00  0.1155E+01
 -10.203  0.5458E+00  0.1160E+01
 -10.193  0.5470E+00  0.1166E+01
 -10.183  0.5489E+00  0.1171E+01
 -10.173  0.5515E+00  0.1177E+01
 -10.163  0.5546E+00  0.1182E+01
 -10.153  0.5580E+00  0.1188E+01
 -10.143  0.5614E+00  0.1193E+01
 -10.133  0.5647E+00  0.1199E+01
 -10.123  0.5676E+00  0.1205E+01
 -10.113  0.5700E+00  0.1210E+01
 -10.103  0.5717E+00  0.1216E+01
 -10.093  0.5725E+00  0.1222E+01
 -10.083  0.5726E+00  0.1227E+01
 -10.073  0.5717E+00  0.1233E+01
 -10.063  0.5699E+00  0.1239E+01
 -10.053  0.5674E+00  0.1245E+01
 -10.043  0.5642E+00  0.1250E+01
 -10.033  0.5605E+00  0.1256E+01
 -10.023  0.5564E+00  0.1261E+01
 -10.013  0.5522E+00  0.1267E+01
 -10.003  0.5480E+00  0.1272E+01
  -9.993  0.5441E+00  0.1278E+01
  -9.983  0.5406E+00  0.1283E+01
  -9.973  0.5375E+00  0.1289E+01
  -9.963  0.5351E+00  0.1294E+01
  -9.953  0.5335E+00  0.1299E+01
  -9.943  0.5325E+00  0.1305E+01
  -9.933  0.5322E+00  0.1310E+01
  -9.923  0.5326E+00  0.1315E+01
  -9.913  0.5335E+00  0.1321E+01
  -9.903  0.5348E+00  0.1326E+01
  -9.893  0.5365E+00  0.1331E+01
  -9.883  0.5383E+00  0.1337E+01
  -9.873  0.5401E+00  0.1342E+01
  -9.863  0.5417E+00  0.1347E+01
  -9.853  0.5431E+00  0.1353E+01
  -9.843  0.5441E+00  0.1358E+01
  -9.833  0.5446E+00  0.1364E+01
  -9.823  0.5446E+00  0.1369E+01
  -9.813  0.5440E+00  0.1375E+01
  -9.803  0.5427E+00  0.1380E+01
  -9.793  0.5408E+00  0.1386E+01
  -9.783  0.5383E+00  0.1391E+01
  -9.773  0.5351E+00  0.1396E+01
  -9.763  0.5315E+00  0.1402E+01
  -9.753  0.5273E+00  0.1407E+01
  -9.743  0.5227E+00  0.1412E+01
  -9.733  0.5178E+00  0.1417E+01
  -9.723  0.5127E+00  0.1422E+01
  -9.713  0.5074E+00  0.1427E+01
  -9.703  0.5022E+00  0.1432E+01
  -9.693  0.4972E+00  0.1437E+01
  -9.683  0.4925E+00  0.1442E+01
  -9.673  0.4883E+00  0.1447E+01
  -9.663  0.4848E+00  0.1452E+01
  -9.653  0.4822E+00  0.1457E+01
  -9.643  0.4806E+00  0.1462E+01
  -9.633  0.4802E+00  0.1467E+01
  -9.623  0.4811E+00  0.1471E+01
  -9.613  0.4833E+00  0.1476E+01
  -9.603  0.4869E+00  0.1481E+01
  -9.593  0.4918E+00  0.1486E+01
  -9.583  0.4979E+00  0.1491E+01
  -9.573  0.5052E+00  0.1496E+01
  -9.563  0.5133E+00  0.1501E+01
  -9.553  0.5220E+00  0.1506E+01
  -9.543  0.5310E+00  0.1512E+01
  -9.533  0.5400E+00  0.1517E+01
  -9.523  0.5486E+00  0.1523E+01
  -9.513  0.5565E+00  0.1528E+01
  -9.503  0.5634E+00  0.1534E+01
  -9.493  0.5690E+00  0.1539E+01
  -9.483  0.5730E+00  0.1545E+01
  -9.473  0.5753E+00  0.1551E+01
  -9.463  0.5757E+00  0.1557E+01
  -9.453  0.5743E+00  0.1562E+01
  -9.443  0.5709E+00  0.1568E+01
  -9.433  0.5657E+00  0.1574E+01
  -9.423  0.5588E+00  0.1579E+01
  -9.413  0.5503E+00  0.1585E+01
  -9.403  0.5406E+00  0.1590E+01
  -9.393  0.5298E+00  0.1596E+01
  -9.383  0.5182E+00  0.1601E+01
  -9.373  0.5061E+00  0.1606E+01
  -9.363  0.4938E+00  0.1611E+01
  -9.353  0.4816E+00  0.1616E+01
  -9.343  0.4697E+00  0.1620E+01
  -9.333  0.4583E+00  0.1625E+01
  -9.323  0.4478E+00  0.1629E+01
  -9.313  0.4383E+00  0.1634E+01
  -9.303  0.4300E+00  0.1638E+01
  -9.293  0.4230E+00  0.1642E+01
  -9.283  0.4176E+00  0.1646E+01
  -9.273  0.4139E+00  0.1651E+01
  -9.263  0.4118E+00  0.1655E+01
  -9.253  0.4116E+00  0.1659E+01
  -9.243  0.4132E+00  0.1663E+01
  -9.233  0.4167E+00  0.1667E+01
  -9.223  0.4221E+00  0.1671E+01
  -9.213  0.4292E+00  0.1676E+01
  -9.203  0.4381E+00  0.1680E+01
  -9.193  0.4484E+00  0.1684E+01
  -9.183  0.4601E+00  0.1689E+01
  -9.173  0.4729E+00  0.1694E+01
  -9.163  0.4865E+00  0.1699E+01
  -9.153  0.5005E+00  0.1704E+01
  -9.143  0.5148E+00  0.1709E+01
  -9.133  0.5289E+00  0.1714E+01
  -9.123  0.5423E+00  0.1720E+01
  -9.113  0.5549E+00  0.1725E+01
  -9.103  0.5661E+00  0.1731E+01
  -9.093  0.5757E+00  0.1736E+01
  -9.083  0.5834E+00  0.1742E+01
  -9.073  0.5889E+00  0.1748E+01
  -9.063  0.5921E+00  0.1754E+01
  -9.053  0.5929E+00  0.1760E+01
  -9.043  0.5911E+00  0.1766E+01
  -9.033  0.5868E+00  0.1772E+01
  -9.023  0.5801E+00  0.1778E+01
  -9.013  0.5711E+00  0.1783E+01
  -9.003  0.5600E+00  0.1789E+01
  -8.993  0.5471E+00  0.1794E+01
  -8.983  0.5328E+00  0.1800E+01
  -8.973  0.5173E+00  0.1805E+01
  -8.963  0.5011E+00  0.1810E+01
  -8.953  0.4846E+00  0.1815E+01
  -8.943  0.4681E+00  0.1819E+01
  -8.933  0.4520E+00  0.1824E+01
  -8.923  0.4367E+00  0.1828E+01
  -8.913  0.4226E+00  0.1833E+01
  -8.903  0.4099E+00  0.1837E+01
  -8.893  0.3990E+00  0.1841E+01
  -8.883  0.3899E+00  0.1845E+01
  -8.873  0.3828E+00  0.1848E+01
  -8.863  0.3778E+00  0.1852E+01
  -8.853  0.3750E+00  0.1856E+01
  -8.843  0.3743E+00  0.1860E+01
  -8.833  0.3756E+00  0.1863E+01
  -8.823  0.3788E+00  0.1867E+01
  -8.813  0.3839E+00  0.1871E+01
  -8.803  0.3906E+00  0.1875E+01
  -8.793  0.3987E+00  0.1879E+01
  -8.783  0.4081E+00  0.1883E+01
  -8.773  0.4187E+00  0.1887E+01
  -8.763  0.4301E+00  0.1891E+01
  -8.753  0.4422E+00  0.1896E+01
  -8.743  0.4548E+00  0.1900E+01
  -8.733  0.4676E+00  0.1905E+01
  -8.723  0.4806E+00  0.1910E+01
  -8.713  0.4934E+00  0.1915E+01
  -8.703  0.5059E+00  0.1920E+01
  -8.693  0.5178E+00  0.1925E+01
  -8.683  0.5289E+00  0.1930E+01
  -8.673  0.5390E+00  0.1936E+01
  -8.663  0.5479E+00  0.1941E+01
  -8.653  0.5554E+00  0.1947E+01
  -8.643  0.5615E+00  0.1952E+01
  -8.633  0.5659E+00  0.1958E+01
  -8.623  0.5687E+00  0.1964E+01
  -8.613  0.5698E+00  0.1969E+01
  -8.603  0.5692E+00  0.1975E+01
  -8.593  0.5670E+00  0.1981E+01
  -8.583  0.5634E+00  0.1986E+01
  -8.573  0.5584E+00  0.1992E+01
  -8.563  0.5524E+00  0.1998E+01
  -8.553  0.5455E+00  0.2003E+01
  -8.543  0.5379E+00  0.2008E+01
  -8.533  0.5298E+00  0.2014E+01
  -8.523  0.5215E+00  0.2019E+01
  -8.513  0.5132E+00  0.2024E+01
  -8.503  0.5050E+00  0.2029E+01
  -8.493  0.4971E+00  0.2034E+01
  -8.483  0.4897E+00  0.2039E+01
  -8.473  0.4829E+00  0.2044E+01
  -8.463  0.4767E+00  0.2049E+01
  -8.453  0.4713E+00  0.2053E+01
  -8.443  0.4668E+00  0.2058E+01
  -8.433  0.4631E+00  0.2063E+01
  -8.423  0.4604E+00  0.2067E+01
  -8.413  0.4589E+00  0.2072E+01
  -8.403  0.4584E+00  0.2076E+01
  -8.393  0.4592E+00  0.2081E+01
  -8.383  0.4614E+00  0.2086E+01
  -8.373  0.4649E+00  0.2090E+01
  -8.363  0.4699E+00  0.2095E+01
  -8.353  0.4764E+00  0.2100E+01
  -8.343  0.4843E+00  0.2105E+01
  -8.333  0.4937E+00  0.2109E+01
  -8.323  0.5044E+00  0.2115E+01
  -8.313  0.5163E+00  0.2120E+01
  -8.303  0.5293E+00  0.2125E+01
  -8.293  0.5430E+00  0.2130E+01
  -8.283  0.5573E+00  0.2136E+01
  -8.273  0.5717E+00  0.2142E+01
  -8.263  0.5861E+00  0.2148E+01
  -8.253  0.5999E+00  0.2154E+01
  -8.243  0.6130E+00  0.2160E+01
  -8.233  0.6250E+00  0.2166E+01
  -8.223  0.6355E+00  0.2172E+01
  -8.213  0.6444E+00  0.2179E+01
  -8.203  0.6514E+00  0.2185E+01
  -8.193  0.6565E+00  0.2192E+01
  -8.183  0.6596E+00  0.2198E+01
  -8.173  0.6607E+00  0.2205E+01
  -8.163  0.6598E+00  0.2212E+01
  -8.153  0.6572E+00  0.2218E+01
  -8.143  0.6530E+00  0.2225E+01
  -8.133  0.6474E+00  0.2231E+01
  -8.123  0.6407E+00  0.2238E+01
  -8.113  0.6332E+00  0.2244E+01
  -8.103  0.6252E+00  0.2250E+01
  -8.093  0.6169E+00  0.2256E+01
  -8.083  0.6086E+00  0.2262E+01
  -8.073  0.6006E+00  0.2268E+01
  -8.063  0.5931E+00  0.2274E+01
  -8.053  0.5862E+00  0.2280E+01
  -8.043  0.5802E+00  0.2286E+01
  -8.033  0.5750E+00  0.2292E+01
  -8.023  0.5707E+00  0.2297E+01
  -8.013  0.5675E+00  0.2303E+01
  -8.003  0.5651E+00  0.2309E+01
  -7.993  0.5638E+00  0.2314E+01
  -7.983  0.5632E+00  0.2320E+01
  -7.973  0.5635E+00  0.2326E+01
  -7.963  0.5644E+00  0.2331E+01
  -7.953  0.5658E+00  0.2337E+01
  -7.943  0.5677E+00  0.2343E+01
  -7.933  0.5698E+00  0.2348E+01
  -7.923  0.5720E+00  0.2354E+01
  -7.913  0.5742E+00  0.2360E+01
  -7.903  0.5763E+00  0.2366E+01
  -7.893  0.5780E+00  0.2371E+01
  -7.883  0.5794E+00  0.2377E+01
  -7.873  0.5803E+00  0.2383E+01
  -7.863  0.5806E+00  0.2389E+01
  -7.853  0.5804E+00  0.2395E+01
  -7.843  0.5796E+00  0.2400E+01
  -7.833  0.5782E+00  0.2406E+01
  -7.823  0.5763E+00  0.2412E+01
  -7.813  0.5741E+00  0.2418E+01
  -7.803  0.5716E+00  0.2423E+01
  -7.793  0.5691E+00  0.2429E+01
  -7.783  0.5667E+00  0.2435E+01
  -7.773  0.5646E+00  0.2440E+01
  -7.763  0.5629E+00  0.2446E+01
  -7.753  0.5620E+00  0.2452E+01
  -7.743  0.5619E+00  0.2457E+01
  -7.733  0.5627E+00  0.2463E+01
  -7.723  0.5645E+00  0.2469E+01
  -7.713  0.5674E+00  0.2474E+01
  -7.703  0.5712E+00  0.2480E+01
  -7.693  0.5760E+00  0.2486E+01
  -7.683  0.5815E+00  0.2492E+01
  -7.673  0.5876E+00  0.2497E+01
  -7.663  0.5941E+00  0.2503E+01
  -7.653  0.6007E+00  0.2509E+01
  -7.643  0.6073E+00  0.2515E+01
  -7.633  0.6135E+00  0.2522E+01
  -7.623  0.6193E+00  0.2528E+01
  -7.613  0.6243E+00  0.2534E+01
  -7.603  0.6285E+00  0.2540E+01
  -7.593  0.6318E+00  0.2547E+01
  -7.583  0.6341E+00  0.2553E+01
  -7.573  0.6355E+00  0.2559E+01
  -7.563  0.6361E+00  0.2566E+01
  -7.553  0.6358E+00  0.2572E+01
  -7.543  0.6350E+00  0.2578E+01
  -7.533  0.6337E+00  0.2585E+01
  -7.523  0.6321E+00  0.2591E+01
  -7.513  0.6304E+00  0.2597E+01
  -7.503  0.6289E+00  0.2604E+01
  -7.493  0.6277E+00  0.2610E+01
  -7.483  0.6269E+00  0.2616E+01
  -7.473  0.6268E+00  0.2622E+01
  -7.463  0.6274E+00  0.2629E+01
  -7.453  0.6289E+00  0.2635E+01
  -7.443  0.6313E+00  0.2641E+01
  -7.433  0.6347E+00  0.2648E+01
  -7.423  0.6391E+00  0.2654E+01
  -7.413  0.6445E+00  0.2660E+01
  -7.403  0.6509E+00  0.2667E+01
  -7.393  0.6582E+00  0.2674E+01
  -7.383  0.6663E+00  0.2680E+01
  -7.373  0.6753E+00  0.2687E+01
  -7.363  0.6848E+00  0.2694E+01
  -7.353  0.6948E+00  0.2701E+01
  -7.343  0.7051E+00  0.2708E+01
  -7.333  0.7156E+00  0.2715E+01
  -7.323  0.7260E+00  0.2722E+01
  -7.313  0.7361E+00  0.2730E+01
  -7.303  0.7458E+00  0.2737E+01
  -7.293  0.7548E+00  0.2745E+01
  -7.283  0.7630E+00  0.2752E+01
  -7.273  0.7703E+00  0.2760E+01
  -7.263  0.7766E+00  0.2768E+01
  -7.253  0.7817E+00  0.2776E+01
  -7.243  0.7857E+00  0.2783E+01
  -7.233  0.7887E+00  0.2791E+01
  -7.223  0.7907E+00  0.2799E+01
  -7.213  0.7919E+00  0.2807E+01
  -7.203  0.7924E+00  0.2815E+01
  -7.193  0.7925E+00  0.2823E+01
  -7.183  0.7925E+00  0.2831E+01
  -7.173  0.7926E+00  0.2839E+01
  -7.163  0.7930E+00  0.2847E+01
  -7.153  0.7941E+00  0.2855E+01
  -7.143  0.7960E+00  0.2863E+01
  -7.133  0.7990E+00  0.2871E+01
  -7.123  0.8032E+00  0.2879E+01
  -7.113  0.8088E+00  0.2887E+01
  -7.103  0.8156E+00  0.2895E+01
  -7.093  0.8238E+00  0.2903E+01
  -7.083  0.8333E+00  0.2911E+01
  -7.073  0.8438E+00  0.2920E+01
  -7.063  0.8554E+00  0.2928E+01
  -7.053  0.8676E+00  0.2937E+01
  -7.043  0.8802E+00  0.2946E+01
  -7.033  0.8929E+00  0.2955E+01
  -7.023  0.9055E+00  0.2964E+01
  -7.013  0.9175E+00  0.2973E+01
  -7.003  0.9286E+00  0.2982E+01
  -6.993  0.9386E+00  0.2992E+01
  -6.983  0.9472E+00  0.3001E+01
  -6.973  0.9540E+00  0.3011E+01
  -6.963  0.9590E+00  0.3020E+01
  -6.953  0.9619E+00  0.3030E+01
  -6.943  0.9628E+00  0.3040E+01
  -6.933  0.9614E+00  0.3049E+01
  -6.923  0.9581E+00  0.3059E+01
  -6.913  0.9527E+00  0.3068E+01
  -6.903  0.9456E+00  0.3078E+01
  -6.893  0.9369E+00  0.3087E+01
  -6.883  0.9270E+00  0.3096E+01
  -6.873  0.9162E+00  0.3106E+01
  -6.863  0.9048E+00  0.3115E+01
  -6.853  0.8932E+00  0.3124E+01
  -6.843  0.8818E+00  0.3132E+01
  -6.833  0.8708E+00  0.3141E+01
  -6.823  0.8606E+00  0.3150E+01
  -6.813  0.8514E+00  0.3158E+01
  -6.803  0.8435E+00  0.3167E+01
  -6.793  0.8369E+00  0.3175E+01
  -6.783  0.8318E+00  0.3183E+01
  -6.773  0.8281E+00  0.3192E+01
  -6.763  0.8258E+00  0.3200E+01
  -6.753  0.8248E+00  0.3208E+01
  -6.743  0.8249E+00  0.3216E+01
  -6.733  0.8260E+00  0.3225E+01
  -6.723  0.8278E+00  0.3233E+01
  -6.713  0.8301E+00  0.3241E+01
  -6.703  0.8328E+00  0.3250E+01
  -6.693  0.8356E+00  0.3258E+01
  -6.683  0.8384E+00  0.3266E+01
  -6.673  0.8411E+00  0.3275E+01
  -6.663  0.8435E+00  0.3283E+01
  -6.653  0.8458E+00  0.3292E+01
  -6.643  0.8478E+00  0.3300E+01
  -6.633  0.8496E+00  0.3309E+01
  -6.623  0.8514E+00  0.3317E+01
  -6.613  0.8531E+00  0.3326E+01
  -6.603  0.8549E+00  0.3334E+01
  -6.593  0.8570E+00  0.3343E+01
  -6.583  0.8594E+00  0.3351E+01
  -6.573  0.8621E+00  0.3360E+01
  -6.563  0.8654E+00  0.3369E+01
  -6.553  0.8691E+00  0.3377E+01
  -6.543  0.8734E+00  0.3386E+01
  -6.533  0.8781E+00  0.3395E+01
  -6.523  0.8831E+00  0.3404E+01
  -6.513  0.8884E+00  0.3413E+01
  -6.503  0.8938E+00  0.3421E+01
  -6.493  0.8992E+00  0.3430E+01
  -6.483  0.9045E+00  0.3439E+01
  -6.473  0.9095E+00  0.3449E+01
  -6.463  0.9140E+00  0.3458E+01
  -6.453  0.9179E+00  0.3467E+01
  -6.443  0.9212E+00  0.3476E+01
  -6.433  0.9238E+00  0.3485E+01
  -6.423  0.9256E+00  0.3495E+01
  -6.413  0.9266E+00  0.3504E+01
  -6.403  0.9269E+00  0.3513E+01
  -6.393  0.9265E+00  0.3522E+01
  -6.383  0.9256E+00  0.3532E+01
  -6.373  0.9242E+00  0.3541E+01
  -6.363  0.9225E+00  0.3550E+01
  -6.353  0.9207E+00  0.3559E+01
  -6.343  0.9189E+00  0.3569E+01
  -6.333  0.9172E+00  0.3578E+01
  -6.323  0.9159E+00  0.3587E+01
  -6.313  0.9150E+00  0.3596E+01
  -6.303  0.9147E+00  0.3605E+01
  -6.293  0.9150E+00  0.3614E+01
  -6.283  0.9160E+00  0.3623E+01
  -6.273  0.9176E+00  0.3633E+01
  -6.263  0.9198E+00  0.3642E+01
  -6.253  0.9226E+00  0.3651E+01
  -6.243  0.9258E+00  0.3660E+01
  -6.233  0.9293E+00  0.3670E+01
  -6.223  0.9329E+00  0.3679E+01
  -6.213  0.9366E+00  0.3688E+01
  -6.203  0.9401E+00  0.3698E+01
  -6.193  0.9432E+00  0.3707E+01
  -6.183  0.9460E+00  0.3717E+01
  -6.173  0.9482E+00  0.3726E+01
  -6.163  0.9498E+00  0.3736E+01
  -6.153  0.9507E+00  0.3745E+01
  -6.143  0.9509E+00  0.3755E+01
  -6.133  0.9504E+00  0.3764E+01
  -6.123  0.9492E+00  0.3774E+01
  -6.113  0.9473E+00  0.3783E+01
  -6.103  0.9448E+00  0.3793E+01
  -6.093  0.9417E+00  0.3802E+01
  -6.083  0.9380E+00  0.3811E+01
  -6.073  0.9338E+00  0.3821E+01
  -6.063  0.9290E+00  0.3830E+01
  -6.053  0.9237E+00  0.3839E+01
  -6.043  0.9180E+00  0.3848E+01
  -6.033  0.9117E+00  0.3857E+01
  -6.023  0.9051E+00  0.3867E+01
  -6.013  0.8981E+00  0.3876E+01
  -6.003  0.8909E+00  0.3884E+01
  -5.993  0.8835E+00  0.3893E+01
  -5.983  0.8761E+00  0.3902E+01
  -5.973  0.8689E+00  0.3911E+01
  -5.963  0.8620E+00  0.3919E+01
  -5.953  0.8557E+00  0.3928E+01
  -5.943  0.8504E+00  0.3936E+01
  -5.933  0.8461E+00  0.3945E+01
  -5.923  0.8432E+00  0.3953E+01
  -5.913  0.8418E+00  0.3962E+01
  -5.903  0.8423E+00  0.3970E+01
  -5.893  0.8446E+00  0.3979E+01
  -5.883  0.8489E+00  0.3987E+01
  -5.873  0.8553E+00  0.3996E+01
  -5.863  0.8635E+00  0.4004E+01
  -5.853  0.8734E+00  0.4013E+01
  -5.843  0.8848E+00  0.4022E+01
  -5.833  0.8974E+00  0.4031E+01
  -5.823  0.9108E+00  0.4040E+01
  -5.813  0.9246E+00  0.4049E+01
  -5.803  0.9384E+00  0.4059E+01
  -5.793  0.9517E+00  0.4068E+01
  -5.783  0.9641E+00  0.4078E+01
  -5.773  0.9752E+00  0.4087E+01
  -5.763  0.9847E+00  0.4097E+01
  -5.753  0.9923E+00  0.4107E+01
  -5.743  0.9980E+00  0.4117E+01
  -5.733  0.1001E+01  0.4127E+01
  -5.723  0.1003E+01  0.4137E+01
  -5.713  0.1002E+01  0.4147E+01
  -5.703  0.1000E+01  0.4157E+01
  -5.693  0.9962E+00  0.4167E+01
  -5.683  0.9911E+00  0.4177E+01
  -5.673  0.9852E+00  0.4187E+01
  -5.663  0.9789E+00  0.4197E+01
  -5.653  0.9725E+00  0.4207E+01
  -5.643  0.9664E+00  0.4216E+01
  -5.633  0.9610E+00  0.4226E+01
  -5.623  0.9566E+00  0.4235E+01
  -5.613  0.9535E+00  0.4245E+01
  -5.603  0.9518E+00  0.4254E+01
  -5.593  0.9517E+00  0.4264E+01
  -5.583  0.9532E+00  0.4273E+01
  -5.573  0.9563E+00  0.4283E+01
  -5.563  0.9608E+00  0.4293E+01
  -5.553  0.9667E+00  0.4302E+01
  -5.543  0.9736E+00  0.4312E+01
  -5.533  0.9814E+00  0.4322E+01
  -5.523  0.9897E+00  0.4332E+01
  -5.513  0.9981E+00  0.4342E+01
  -5.503  0.1007E+01  0.4352E+01
  -5.493  0.1014E+01  0.4362E+01
  -5.483  0.1022E+01  0.4372E+01
  -5.473  0.1028E+01  0.4382E+01
  -5.463  0.1033E+01  0.4393E+01
  -5.453  0.1036E+01  0.4403E+01
  -5.443  0.1039E+01  0.4413E+01
  -5.433  0.1039E+01  0.4424E+01
  -5.423  0.1038E+01  0.4434E+01
  -5.413  0.1036E+01  0.4445E+01
  -5.403  0.1032E+01  0.4455E+01
  -5.393  0.1026E+01  0.4465E+01
  -5.383  0.1020E+01  0.4475E+01
  -5.373  0.1012E+01  0.4486E+01
  -5.363  0.1004E+01  0.4496E+01
  -5.353  0.9942E+00  0.4506E+01
  -5.343  0.9844E+00  0.4515E+01
  -5.333  0.9742E+00  0.4525E+01
  -5.323  0.9638E+00  0.4535E+01
  -5.313  0.9533E+00  0.4544E+01
  -5.303  0.9431E+00  0.4554E+01
  -5.293  0.9331E+00  0.4563E+01
  -5.283  0.9235E+00  0.4572E+01
  -5.273  0.9146E+00  0.4581E+01
  -5.263  0.9064E+00  0.4590E+01
  -5.253  0.8991E+00  0.4599E+01
  -5.243  0.8928E+00  0.4608E+01
  -5.233  0.8877E+00  0.4617E+01
  -5.223  0.8840E+00  0.4626E+01
  -5.213  0.8816E+00  0.4635E+01
  -5.203  0.8808E+00  0.4644E+01
  -5.193  0.8818E+00  0.4653E+01
  -5.183  0.8846E+00  0.4661E+01
  -5.173  0.8893E+00  0.4670E+01
  -5.163  0.8960E+00  0.4679E+01
  -5.153  0.9048E+00  0.4688E+01
  -5.143  0.9158E+00  0.4697E+01
  -5.133  0.9289E+00  0.4707E+01
  -5.123  0.9442E+00  0.4716E+01
  -5.113  0.9615E+00  0.4726E+01
  -5.103  0.9807E+00  0.4736E+01
  -5.093  0.1002E+01  0.4746E+01
  -5.083  0.1024E+01  0.4756E+01
  -5.073  0.1048E+01  0.4766E+01
  -5.063  0.1073E+01  0.4777E+01
  -5.053  0.1098E+01  0.4788E+01
  -5.043  0.1124E+01  0.4799E+01
  -5.033  0.1149E+01  0.4811E+01
  -5.023  0.1174E+01  0.4823E+01
  -5.013  0.1198E+01  0.4835E+01
  -5.003  0.1221E+01  0.4847E+01
  -4.993  0.1242E+01  0.4859E+01
  -4.983  0.1261E+01  0.4872E+01
  -4.973  0.1278E+01  0.4885E+01
  -4.963  0.1292E+01  0.4897E+01
  -4.953  0.1303E+01  0.4910E+01
  -4.943  0.1312E+01  0.4924E+01
  -4.933  0.1318E+01  0.4937E+01
  -4.923  0.1322E+01  0.4950E+01
  -4.913  0.1322E+01  0.4963E+01
  -4.903  0.1321E+01  0.4976E+01
  -4.893  0.1316E+01  0.4990E+01
  -4.883  0.1310E+01  0.5003E+01
  -4.873  0.1302E+01  0.5016E+01
  -4.863  0.1292E+01  0.5029E+01
  -4.853  0.1280E+01  0.5041E+01
  -4.843  0.1268E+01  0.5054E+01
  -4.833  0.1254E+01  0.5067E+01
  -4.823  0.1239E+01  0.5079E+01
  -4.813  0.1223E+01  0.5091E+01
  -4.803  0.1207E+01  0.5103E+01
  -4.793  0.1190E+01  0.5115E+01
  -4.783  0.1173E+01  0.5127E+01
  -4.773  0.1155E+01  0.5139E+01
  -4.763  0.1138E+01  0.5150E+01
  -4.753  0.1121E+01  0.5161E+01
  -4.743  0.1104E+01  0.5172E+01
  -4.733  0.1088E+01  0.5183E+01
  -4.723  0.1072E+01  0.5194E+01
  -4.713  0.1058E+01  0.5204E+01
  -4.703  0.1045E+01  0.5215E+01
  -4.693  0.1033E+01  0.5225E+01
  -4.683  0.1023E+01  0.5235E+01
  -4.673  0.1014E+01  0.5245E+01
  -4.663  0.1008E+01  0.5256E+01
  -4.653  0.1004E+01  0.5266E+01
  -4.643  0.1002E+01  0.5276E+01
  -4.633  0.1002E+01  0.5286E+01
  -4.623  0.1004E+01  0.5296E+01
  -4.613  0.1009E+01  0.5306E+01
  -4.603  0.1015E+01  0.5316E+01
  -4.593  0.1024E+01  0.5326E+01
  -4.583  0.1034E+01  0.5337E+01
  -4.573  0.1045E+01  0.5347E+01
  -4.563  0.1058E+01  0.5358E+01
  -4.553  0.1072E+01  0.5368E+01
  -4.543  0.1086E+01  0.5379E+01
  -4.533  0.1101E+01  0.5390E+01
  -4.523  0.1117E+01  0.5401E+01
  -4.513  0.1132E+01  0.5413E+01
  -4.503  0.1147E+01  0.5424E+01
  -4.493  0.1162E+01  0.5436E+01
  -4.483  0.1176E+01  0.5447E+01
  -4.473  0.1190E+01  0.5459E+01
  -4.463  0.1203E+01  0.5471E+01
  -4.453  0.1215E+01  0.5484E+01
  -4.443  0.1226E+01  0.5496E+01
  -4.433  0.1236E+01  0.5508E+01
  -4.423  0.1245E+01  0.5521E+01
  -4.413  0.1254E+01  0.5533E+01
  -4.403  0.1262E+01  0.5546E+01
  -4.393  0.1269E+01  0.5558E+01
  -4.383  0.1275E+01  0.5571E+01
  -4.373  0.1281E+01  0.5584E+01
  -4.363  0.1287E+01  0.5597E+01
  -4.353  0.1292E+01  0.5610E+01
  -4.343  0.1297E+01  0.5623E+01
  -4.333  0.1303E+01  0.5636E+01
  -4.323  0.1308E+01  0.5649E+01
  -4.313  0.1313E+01  0.5662E+01
  -4.303  0.1319E+01  0.5675E+01
  -4.293  0.1324E+01  0.5688E+01
  -4.283  0.1329E+01  0.5702E+01
  -4.273  0.1334E+01  0.5715E+01
  -4.263  0.1338E+01  0.5728E+01
  -4.253  0.1342E+01  0.5742E+01
  -4.243  0.1345E+01  0.5755E+01
  -4.233  0.1348E+01  0.5769E+01
  -4.223  0.1349E+01  0.5782E+01
  -4.213  0.1349E+01  0.5796E+01
  -4.203  0.1347E+01  0.5809E+01
  -4.193  0.1344E+01  0.5823E+01
  -4.183  0.1340E+01  0.5836E+01
  -4.173  0.1333E+01  0.5849E+01
  -4.163  0.1326E+01  0.5863E+01
  -4.153  0.1316E+01  0.5876E+01
  -4.143  0.1305E+01  0.5889E+01
  -4.133  0.1292E+01  0.5902E+01
  -4.123  0.1279E+01  0.5915E+01
  -4.113  0.1264E+01  0.5927E+01
  -4.103  0.1248E+01  0.5940E+01
  -4.093  0.1232E+01  0.5952E+01
  -4.083  0.1216E+01  0.5964E+01
  -4.073  0.1200E+01  0.5976E+01
  -4.063  0.1184E+01  0.5988E+01
  -4.053  0.1169E+01  0.6000E+01
  -4.043  0.1156E+01  0.6011E+01
  -4.033  0.1143E+01  0.6023E+01
  -4.023  0.1133E+01  0.6034E+01
  -4.013  0.1124E+01  0.6045E+01
  -4.003  0.1117E+01  0.6056E+01
  -3.993  0.1112E+01  0.6068E+01
  -3.983  0.1109E+01  0.6079E+01
  -3.973  0.1108E+01  0.6090E+01
  -3.963  0.1108E+01  0.6101E+01
  -3.953  0.1110E+01  0.6112E+01
  -3.943  0.1113E+01  0.6123E+01
  -3.933  0.1117E+01  0.6134E+01
  -3.923  0.1121E+01  0.6145E+01
  -3.913  0.1125E+01  0.6157E+01
  -3.903  0.1129E+01  0.6168E+01
  -3.893  0.1132E+01  0.6179E+01
  -3.883  0.1134E+01  0.6191E+01
  -3.873  0.1134E+01  0.6202E+01
  -3.863  0.1133E+01  0.6213E+01
  -3.853  0.1131E+01  0.6225E+01
  -3.843  0.1126E+01  0.6236E+01
  -3.833  0.1120E+01  0.6247E+01
  -3.823  0.1113E+01  0.6258E+01
  -3.813  0.1104E+01  0.6269E+01
  -3.803  0.1093E+01  0.6280E+01
  -3.793  0.1082E+01  0.6291E+01
  -3.783  0.1070E+01  0.6302E+01
  -3.773  0.1058E+01  0.6312E+01
  -3.763  0.1046E+01  0.6323E+01
  -3.753  0.1034E+01  0.6333E+01
  -3.743  0.1022E+01  0.6343E+01
  -3.733  0.1011E+01  0.6353E+01
  -3.723  0.1001E+01  0.6363E+01
  -3.713  0.9920E+00  0.6373E+01
  -3.703  0.9837E+00  0.6383E+01
  -3.693  0.9764E+00  0.6393E+01
  -3.683  0.9699E+00  0.6403E+01
  -3.673  0.9641E+00  0.6412E+01
  -3.663  0.9589E+00  0.6422E+01
  -3.653  0.9542E+00  0.6431E+01
  -3.643  0.9499E+00  0.6441E+01
  -3.633  0.9460E+00  0.6450E+01
  -3.623  0.9423E+00  0.6460E+01
  -3.613  0.9388E+00  0.6469E+01
  -3.603  0.9357E+00  0.6479E+01
  -3.593  0.9328E+00  0.6488E+01
  -3.583  0.9304E+00  0.6497E+01
  -3.573  0.9285E+00  0.6506E+01
  -3.563  0.9274E+00  0.6516E+01
  -3.553  0.9270E+00  0.6525E+01
  -3.543  0.9275E+00  0.6534E+01
  -3.533  0.9291E+00  0.6544E+01
  -3.523  0.9316E+00  0.6553E+01
  -3.513  0.9353E+00  0.6562E+01
  -3.503  0.9399E+00  0.6572E+01
  -3.493  0.9454E+00  0.6581E+01
  -3.483  0.9516E+00  0.6591E+01
  -3.473  0.9582E+00  0.6600E+01
  -3.463  0.9650E+00  0.6610E+01
  -3.453  0.9716E+00  0.6620E+01
  -3.443  0.9778E+00  0.6629E+01
  -3.433  0.9833E+00  0.6639E+01
  -3.423  0.9876E+00  0.6649E+01
  -3.413  0.9906E+00  0.6659E+01
  -3.403  0.9920E+00  0.6669E+01
  -3.393  0.9916E+00  0.6679E+01
  -3.383  0.9893E+00  0.6689E+01
  -3.373  0.9851E+00  0.6699E+01
  -3.363  0.9791E+00  0.6708E+01
  -3.353  0.9713E+00  0.6718E+01
  -3.343  0.9619E+00  0.6728E+01
  -3.333  0.9511E+00  0.6737E+01
  -3.323  0.9393E+00  0.6747E+01
  -3.313  0.9266E+00  0.6756E+01
  -3.303  0.9134E+00  0.6765E+01
  -3.293  0.9000E+00  0.6774E+01
  -3.283  0.8868E+00  0.6783E+01
  -3.273  0.8739E+00  0.6792E+01
  -3.263  0.8617E+00  0.6800E+01
  -3.253  0.8502E+00  0.6809E+01
  -3.243  0.8398E+00  0.6817E+01
  -3.233  0.8304E+00  0.6825E+01
  -3.223  0.8220E+00  0.6834E+01
  -3.213  0.8147E+00  0.6842E+01
  -3.203  0.8082E+00  0.6850E+01
  -3.193  0.8026E+00  0.6858E+01
  -3.183  0.7975E+00  0.6866E+01
  -3.173  0.7928E+00  0.6874E+01
  -3.163  0.7883E+00  0.6882E+01
  -3.153  0.7836E+00  0.6889E+01
  -3.143  0.7787E+00  0.6897E+01
  -3.133  0.7733E+00  0.6905E+01
  -3.123  0.7672E+00  0.6913E+01
  -3.113  0.7604E+00  0.6920E+01
  -3.103  0.7529E+00  0.6928E+01
  -3.093  0.7445E+00  0.6935E+01
  -3.083  0.7355E+00  0.6943E+01
  -3.073  0.7259E+00  0.6950E+01
  -3.063  0.7160E+00  0.6957E+01
  -3.053  0.7060E+00  0.6964E+01
  -3.043  0.6962E+00  0.6971E+01
  -3.033  0.6869E+00  0.6978E+01
  -3.023  0.6784E+00  0.6985E+01
  -3.013  0.6711E+00  0.6991E+01
  -3.003  0.6651E+00  0.6998E+01
  -2.993  0.6608E+00  0.7005E+01
  -2.983  0.6583E+00  0.7011E+01
  -2.973  0.6579E+00  0.7018E+01
  -2.963  0.6595E+00  0.7024E+01
  -2.953  0.6633E+00  0.7031E+01
  -2.943  0.6692E+00  0.7038E+01
  -2.933  0.6771E+00  0.7045E+01
  -2.923  0.6869E+00  0.7051E+01
  -2.913  0.6984E+00  0.7058E+01
  -2.903  0.7114E+00  0.7065E+01
  -2.893  0.7256E+00  0.7073E+01
  -2.883  0.7408E+00  0.7080E+01
  -2.873  0.7566E+00  0.7088E+01
  -2.863  0.7728E+00  0.7095E+01
  -2.853  0.7891E+00  0.7103E+01
  -2.843  0.8051E+00  0.7111E+01
  -2.833  0.8205E+00  0.7120E+01
  -2.823  0.8352E+00  0.7128E+01
  -2.813  0.8488E+00  0.7136E+01
  -2.803  0.8611E+00  0.7145E+01
  -2.793  0.8719E+00  0.7154E+01
  -2.783  0.8811E+00  0.7163E+01
  -2.773  0.8884E+00  0.7171E+01
  -2.763  0.8938E+00  0.7180E+01
  -2.753  0.8972E+00  0.7189E+01
  -2.743  0.8986E+00  0.7198E+01
  -2.733  0.8980E+00  0.7207E+01
  -2.723  0.8954E+00  0.7216E+01
  -2.713  0.8909E+00  0.7225E+01
  -2.703  0.8846E+00  0.7234E+01
  -2.693  0.8766E+00  0.7243E+01
  -2.683  0.8671E+00  0.7251E+01
  -2.673  0.8562E+00  0.7260E+01
  -2.663  0.8442E+00  0.7268E+01
  -2.653  0.8312E+00  0.7277E+01
  -2.643  0.8175E+00  0.7285E+01
  -2.633  0.8032E+00  0.7293E+01
  -2.623  0.7886E+00  0.7301E+01
  -2.613  0.7738E+00  0.7309E+01
  -2.603  0.7591E+00  0.7316E+01
  -2.593  0.7446E+00  0.7324E+01
  -2.583  0.7306E+00  0.7331E+01
  -2.573  0.7171E+00  0.7338E+01
  -2.563  0.7043E+00  0.7345E+01
  -2.553  0.6925E+00  0.7352E+01
  -2.543  0.6816E+00  0.7359E+01
  -2.533  0.6719E+00  0.7366E+01
  -2.523  0.6634E+00  0.7372E+01
  -2.513  0.6563E+00  0.7379E+01
  -2.503  0.6507E+00  0.7385E+01
  -2.493  0.6466E+00  0.7392E+01
  -2.483  0.6442E+00  0.7398E+01
  -2.473  0.6434E+00  0.7405E+01
  -2.463  0.6444E+00  0.7411E+01
  -2.453  0.6471E+00  0.7418E+01
  -2.443  0.6516E+00  0.7424E+01
  -2.433  0.6577E+00  0.7431E+01
  -2.423  0.6655E+00  0.7437E+01
  -2.413  0.6748E+00  0.7444E+01
  -2.403  0.6856E+00  0.7451E+01
  -2.393  0.6977E+00  0.7458E+01
  -2.383  0.7110E+00  0.7465E+01
  -2.373  0.7253E+00  0.7472E+01
  -2.363  0.7404E+00  0.7480E+01
  -2.353  0.7562E+00  0.7487E+01
  -2.343  0.7726E+00  0.7495E+01
  -2.333  0.7894E+00  0.7503E+01
  -2.323  0.8064E+00  0.7511E+01
  -2.313  0.8236E+00  0.7519E+01
  -2.303  0.8408E+00  0.7528E+01
  -2.293  0.8579E+00  0.7536E+01
  -2.283  0.8750E+00  0.7545E+01
  -2.273  0.8919E+00  0.7554E+01
  -2.263  0.9086E+00  0.7563E+01
  -2.253  0.9251E+00  0.7572E+01
  -2.243  0.9412E+00  0.7582E+01
  -2.233  0.9571E+00  0.7591E+01
  -2.223  0.9725E+00  0.7601E+01
  -2.213  0.9875E+00  0.7611E+01
  -2.203  0.1002E+01  0.7621E+01
  -2.193  0.1016E+01  0.7631E+01
  -2.183  0.1029E+01  0.7641E+01
  -2.173  0.1041E+01  0.7652E+01
  -2.163  0.1051E+01  0.7662E+01
  -2.153  0.1061E+01  0.7673E+01
  -2.143  0.1069E+01  0.7683E+01
  -2.133  0.1075E+01  0.7694E+01
  -2.123  0.1080E+01  0.7705E+01
  -2.113  0.1082E+01  0.7716E+01
  -2.103  0.1082E+01  0.7727E+01
  -2.093  0.1080E+01  0.7737E+01
  -2.083  0.1075E+01  0.7748E+01
  -2.073  0.1068E+01  0.7759E+01
  -2.063  0.1058E+01  0.7769E+01
  -2.053  0.1046E+01  0.7780E+01
  -2.043  0.1031E+01  0.7790E+01
  -2.033  0.1014E+01  0.7800E+01
  -2.023  0.9939E+00  0.7810E+01
  -2.013  0.9720E+00  0.7820E+01
  -2.003  0.9480E+00  0.7829E+01
  -1.993  0.9224E+00  0.7839E+01
  -1.983  0.8953E+00  0.7848E+01
  -1.973  0.8670E+00  0.7856E+01
  -1.963  0.8379E+00  0.7865E+01
  -1.953  0.8083E+00  0.7873E+01
  -1.943  0.7785E+00  0.7881E+01
  -1.933  0.7488E+00  0.7888E+01
  -1.923  0.7195E+00  0.7895E+01
  -1.913  0.6910E+00  0.7902E+01
  -1.903  0.6634E+00  0.7909E+01
  -1.893  0.6369E+00  0.7915E+01
  -1.883  0.6119E+00  0.7921E+01
  -1.873  0.5884E+00  0.7927E+01
  -1.863  0.5665E+00  0.7933E+01
  -1.853  0.5465E+00  0.7938E+01
  -1.843  0.5283E+00  0.7944E+01
  -1.833  0.5121E+00  0.7949E+01
  -1.823  0.4978E+00  0.7954E+01
  -1.813  0.4854E+00  0.7959E+01
  -1.803  0.4750E+00  0.7963E+01
  -1.793  0.4665E+00  0.7968E+01
  -1.783  0.4599E+00  0.7973E+01
  -1.773  0.4550E+00  0.7977E+01
  -1.763  0.4518E+00  0.7982E+01
  -1.753  0.4500E+00  0.7986E+01
  -1.743  0.4497E+00  0.7991E+01
  -1.733  0.4506E+00  0.7995E+01
  -1.723  0.4525E+00  0.8000E+01
  -1.713  0.4553E+00  0.8004E+01
  -1.703  0.4587E+00  0.8009E+01
  -1.693  0.4626E+00  0.8013E+01
  -1.683  0.4668E+00  0.8018E+01
  -1.673  0.4711E+00  0.8023E+01
  -1.663  0.4753E+00  0.8028E+01
  -1.653  0.4793E+00  0.8032E+01
  -1.643  0.4830E+00  0.8037E+01
  -1.633  0.4863E+00  0.8042E+01
  -1.623  0.4891E+00  0.8047E+01
  -1.613  0.4914E+00  0.8052E+01
  -1.603  0.4931E+00  0.8057E+01
  -1.593  0.4944E+00  0.8062E+01
  -1.583  0.4951E+00  0.8067E+01
  -1.573  0.4953E+00  0.8072E+01
  -1.563  0.4951E+00  0.8077E+01
  -1.553  0.4945E+00  0.8082E+01
  -1.543  0.4936E+00  0.8086E+01
  -1.533  0.4923E+00  0.8091E+01
  -1.523  0.4909E+00  0.8096E+01
  -1.513  0.4892E+00  0.8101E+01
  -1.503  0.4873E+00  0.8106E+01
  -1.493  0.4853E+00  0.8111E+01
  -1.483  0.4832E+00  0.8116E+01
  -1.473  0.4810E+00  0.8121E+01
  -1.463  0.4786E+00  0.8125E+01
  -1.453  0.4762E+00  0.8130E+01
  -1.443  0.4737E+00  0.8135E+01
  -1.433  0.4712E+00  0.8140E+01
  -1.423  0.4685E+00  0.8144E+01
  -1.413  0.4658E+00  0.8149E+01
  -1.403  0.4630E+00  0.8154E+01
  -1.393  0.4602E+00  0.8158E+01
  -1.383  0.4572E+00  0.8163E+01
  -1.373  0.4541E+00  0.8167E+01
  -1.363  0.4509E+00  0.8172E+01
  -1.353  0.4476E+00  0.8176E+01
  -1.343  0.4440E+00  0.8181E+01
  -1.333  0.4403E+00  0.8185E+01
  -1.323  0.4364E+00  0.8189E+01
  -1.313  0.4322E+00  0.8194E+01
  -1.303  0.4279E+00  0.8198E+01
  -1.293  0.4233E+00  0.8202E+01
  -1.283  0.4185E+00  0.8206E+01
  -1.273  0.4135E+00  0.8211E+01
  -1.263  0.4084E+00  0.8215E+01
  -1.253  0.4032E+00  0.8219E+01
  -1.243  0.3981E+00  0.8223E+01
  -1.233  0.3930E+00  0.8227E+01
  -1.223  0.3882E+00  0.8230E+01
  -1.213  0.3835E+00  0.8234E+01
  -1.203  0.3793E+00  0.8238E+01
  -1.193  0.3754E+00  0.8242E+01
  -1.183  0.3719E+00  0.8246E+01
  -1.173  0.3689E+00  0.8249E+01
  -1.163  0.3663E+00  0.8253E+01
  -1.153  0.3641E+00  0.8257E+01
  -1.143  0.3623E+00  0.8260E+01
  -1.133  0.3607E+00  0.8264E+01
  -1.123  0.3594E+00  0.8267E+01
  -1.113  0.3582E+00  0.8271E+01
  -1.103  0.3570E+00  0.8275E+01
  -1.093  0.3557E+00  0.8278E+01
  -1.083  0.3543E+00  0.8282E+01
  -1.073  0.3529E+00  0.8285E+01
  -1.063  0.3513E+00  0.8289E+01
  -1.053  0.3495E+00  0.8292E+01
  -1.043  0.3478E+00  0.8296E+01
  -1.033  0.3461E+00  0.8299E+01
  -1.023  0.3446E+00  0.8303E+01
  -1.013  0.3434E+00  0.8306E+01
  -1.003  0.3425E+00  0.8309E+01
  -0.993  0.3421E+00  0.8313E+01
  -0.983  0.3423E+00  0.8316E+01
  -0.973  0.3432E+00  0.8320E+01
  -0.963  0.3446E+00  0.8323E+01
  -0.953  0.3468E+00  0.8327E+01
  -0.943  0.3496E+00  0.8330E+01
  -0.933  0.3529E+00  0.8334E+01
  -0.923  0.3567E+00  0.8337E+01
  -0.913  0.3609E+00  0.8341E+01
  -0.903  0.3654E+00  0.8344E+01
  -0.893  0.3701E+00  0.8348E+01
  -0.883  0.3749E+00  0.8352E+01
  -0.873  0.3798E+00  0.8356E+01
  -0.863  0.3847E+00  0.8360E+01
  -0.853  0.3896E+00  0.8363E+01
  -0.843  0.3945E+00  0.8367E+01
  -0.833  0.3995E+00  0.8371E+01
  -0.823  0.4046E+00  0.8375E+01
  -0.813  0.4099E+00  0.8380E+01
  -0.803  0.4154E+00  0.8384E+01
  -0.793  0.4213E+00  0.8388E+01
  -0.783  0.4276E+00  0.8392E+01
  -0.773  0.4343E+00  0.8397E+01
  -0.763  0.4414E+00  0.8401E+01
  -0.753  0.4490E+00  0.8405E+01
  -0.743  0.4569E+00  0.8410E+01
  -0.733  0.4651E+00  0.8415E+01
  -0.723  0.4736E+00  0.8419E+01
  -0.713  0.4821E+00  0.8424E+01
  -0.703  0.4906E+00  0.8429E+01
  -0.693  0.4989E+00  0.8434E+01
  -0.683  0.5069E+00  0.8439E+01
  -0.673  0.5144E+00  0.8444E+01
  -0.663  0.5213E+00  0.8450E+01
  -0.653  0.5276E+00  0.8455E+01
  -0.643  0.5330E+00  0.8460E+01
  -0.633  0.5377E+00  0.8466E+01
  -0.623  0.5415E+00  0.8471E+01
  -0.613  0.5444E+00  0.8476E+01
  -0.603  0.5465E+00  0.8482E+01
  -0.593  0.5478E+00  0.8487E+01
  -0.583  0.5483E+00  0.8493E+01
  -0.573  0.5482E+00  0.8498E+01
  -0.563  0.5473E+00  0.8504E+01
  -0.553  0.5459E+00  0.8509E+01
  -0.543  0.5439E+00  0.8515E+01
  -0.533  0.5414E+00  0.8520E+01
  -0.523  0.5384E+00  0.8525E+01
  -0.513  0.5350E+00  0.8531E+01
  -0.503  0.5311E+00  0.8536E+01
  -0.493  0.5269E+00  0.8541E+01
  -0.483  0.5222E+00  0.8547E+01
  -0.473  0.5172E+00  0.8552E+01
  -0.463  0.5118E+00  0.8557E+01
  -0.453  0.5060E+00  0.8562E+01
  -0.443  0.4999E+00  0.8567E+01
  -0.433  0.4935E+00  0.8572E+01
  -0.423  0.4868E+00  0.8577E+01
  -0.413  0.4800E+00  0.8582E+01
  -0.403  0.4732E+00  0.8586E+01
  -0.393  0.4663E+00  0.8591E+01
  -0.383  0.4596E+00  0.8596E+01
  -0.373  0.4532E+00  0.8600E+01
  -0.363  0.4472E+00  0.8605E+01
  -0.353  0.4416E+00  0.8609E+01
  -0.343  0.4368E+00  0.8613E+01
  -0.333  0.4326E+00  0.8618E+01
  -0.323  0.4294E+00  0.8622E+01
  -0.313  0.4271E+00  0.8626E+01
  -0.303  0.4258E+00  0.8630E+01
  -0.293  0.4255E+00  0.8635E+01
  -0.283  0.4263E+00  0.8639E+01
  -0.273  0.4281E+00  0.8643E+01
  -0.263  0.4310E+00  0.8648E+01
  -0.253  0.4348E+00  0.8652E+01
  -0.243  0.4395E+00  0.8656E+01
  -0.233  0.4450E+00  0.8661E+01
  -0.223  0.4511E+00  0.8665E+01
  -0.213  0.4578E+00  0.8670E+01
  -0.203  0.4648E+00  0.8675E+01
  -0.193  0.4721E+00  0.8679E+01
  -0.183  0.4796E+00  0.8684E+01
  -0.173  0.4869E+00  0.8689E+01
  -0.163  0.4942E+00  0.8694E+01
  -0.153  0.5011E+00  0.8699E+01
  -0.143  0.5075E+00  0.8704E+01
  -0.133  0.5134E+00  0.8709E+01
  -0.123  0.5187E+00  0.8714E+01
  -0.113  0.5232E+00  0.8720E+01
  -0.103  0.5269E+00  0.8725E+01
  -0.093  0.5298E+00  0.8730E+01
  -0.083  0.5319E+00  0.8735E+01
  -0.073  0.5331E+00  0.8741E+01
  -0.063  0.5334E+00  0.8746E+01
  -0.053  0.5330E+00  0.8751E+01
  -0.043  0.5318E+00  0.8757E+01
  -0.033  0.5301E+00  0.8762E+01
  -0.023  0.5277E+00  0.8767E+01
  -0.013  0.5250E+00  0.8773E+01
  -0.003  0.5220E+00  0.8778E+01
   0.007  0.5189E+00  0.8783E+01
   0.017  0.5158E+00  0.8788E+01
   0.027  0.5128E+00  0.8793E+01
   0.037  0.5102E+00  0.8798E+01
   0.047  0.5081E+00  0.8803E+01
   0.057  0.5065E+00  0.8808E+01
   0.067  0.5056E+00  0.8814E+01
   0.077  0.5055E+00  0.8819E+01
   0.087  0.5062E+00  0.8824E+01
   0.097  0.5077E+00  0.8829E+01
   0.107  0.5102E+00  0.8834E+01
   0.117  0.5135E+00  0.8839E+01
   0.127  0.5177E+00  0.8844E+01
   0.137  0.5226E+00  0.8849E+01
   0.147  0.5284E+00  0.8855E+01
   0.157  0.5348E+00  0.8860E+01
   0.167  0.5419E+00  0.8865E+01
   0.177  0.5495E+00  0.8871E+01
   0.187  0.5577E+00  0.8876E+01
   0.197  0.5663E+00  0.8882E+01
   0.207  0.5752E+00  0.8888E+01
   0.217  0.5844E+00  0.8894E+01
   0.227  0.5939E+00  0.8900E+01
   0.237  0.6035E+00  0.8906E+01
   0.247  0.6132E+00  0.8912E+01
   0.257  0.6229E+00  0.8918E+01
   0.267  0.6324E+00  0.8924E+01
   0.277  0.6417E+00  0.8931E+01
   0.287  0.6506E+00  0.8937E+01
   0.297  0.6590E+00  0.8944E+01
   0.307  0.6668E+00  0.8951E+01
   0.317  0.6738E+00  0.8957E+01
   0.327  0.6800E+00  0.8964E+01
   0.337  0.6852E+00  0.8971E+01
   0.347  0.6895E+00  0.8978E+01
   0.357  0.6926E+00  0.8985E+01
   0.367  0.6947E+00  0.8992E+01
   0.377  0.6958E+00  0.8999E+01
   0.387  0.6958E+00  0.9006E+01
   0.397  0.6948E+00  0.9013E+01
   0.407  0.6930E+00  0.9020E+01
   0.417  0.6905E+00  0.9026E+01
   0.427  0.6873E+00  0.9033E+01
   0.437  0.6836E+00  0.9040E+01
   0.447  0.6794E+00  0.9047E+01
   0.457  0.6750E+00  0.9054E+01
   0.467  0.6703E+00  0.9060E+01
   0.477  0.6655E+00  0.9067E+01
   0.487  0.6605E+00  0.9074E+01
   0.497  0.6555E+00  0.9080E+01
   0.507  0.6505E+00  0.9087E+01
   0.517  0.6455E+00  0.9093E+01
   0.527  0.6404E+00  0.9100E+01
   0.537  0.6354E+00  0.9106E+01
   0.547  0.6305E+00  0.9112E+01
   0.557  0.6256E+00  0.9118E+01
   0.567  0.6207E+00  0.9125E+01
   0.577  0.6160E+00  0.9131E+01
   0.587  0.6115E+00  0.9137E+01
   0.597  0.6070E+00  0.9143E+01
   0.607  0.6028E+00  0.9149E+01
   0.617  0.5986E+00  0.9155E+01
   0.627  0.5947E+00  0.9161E+01
   0.637  0.5908E+00  0.9167E+01
   0.647  0.5871E+00  0.9173E+01
   0.657  0.5834E+00  0.9179E+01
   0.667  0.5797E+00  0.9184E+01
   0.677  0.5759E+00  0.9190E+01
   0.687  0.5720E+00  0.9196E+01
   0.697  0.5680E+00  0.9202E+01
   0.707  0.5638E+00  0.9207E+01
   0.717  0.5595E+00  0.9213E+01
   0.727  0.5551E+00  0.9218E+01
   0.737  0.5507E+00  0.9224E+01
   0.747  0.5462E+00  0.9229E+01
   0.757  0.5420E+00  0.9235E+01
   0.767  0.5380E+00  0.9240E+01
   0.777  0.5344E+00  0.9245E+01
   0.787  0.5314E+00  0.9251E+01
   0.797  0.5290E+00  0.9256E+01
   0.807  0.5274E+00  0.9261E+01
   0.817  0.5266E+00  0.9267E+01
   0.827  0.5266E+00  0.9272E+01
   0.837  0.5275E+00  0.9277E+01
   0.847  0.5293E+00  0.9282E+01
   0.857  0.5317E+00  0.9288E+01
   0.867  0.5347E+00  0.9293E+01
   0.877  0.5382E+00  0.9298E+01
   0.887  0.5418E+00  0.9304E+01
   0.897  0.5456E+00  0.9309E+01
   0.907  0.5491E+00  0.9315E+01
   0.917  0.5524E+00  0.9320E+01
   0.927  0.5551E+00  0.9326E+01
   0.937  0.5572E+00  0.9332E+01
   0.947  0.5586E+00  0.9337E+01
   0.957  0.5593E+00  0.9343E+01
   0.967  0.5592E+00  0.9348E+01
   0.977  0.5585E+00  0.9354E+01
   0.987  0.5572E+00  0.9359E+01
   0.997  0.5556E+00  0.9365E+01
   1.007  0.5538E+00  0.9371E+01
   1.017  0.5520E+00  0.9376E+01
   1.027  0.5505E+00  0.9382E+01
   1.037  0.5496E+00  0.9387E+01
   1.047  0.5494E+00  0.9393E+01
   1.057  0.5503E+00  0.9398E+01
   1.067  0.5522E+00  0.9404E+01
   1.077  0.5555E+00  0.9409E+01
   1.087  0.5601E+00  0.9415E+01
   1.097  0.5662E+00  0.9420E+01
   1.107  0.5736E+00  0.9426E+01
   1.117  0.5823E+00  0.9432E+01
   1.127  0.5922E+00  0.9438E+01
   1.137  0.6030E+00  0.9444E+01
   1.147  0.6145E+00  0.9450E+01
   1.157  0.6266E+00  0.9456E+01
   1.167  0.6387E+00  0.9463E+01
   1.177  0.6508E+00  0.9469E+01
   1.187  0.6624E+00  0.9476E+01
   1.197  0.6733E+00  0.9483E+01
   1.207  0.6833E+00  0.9489E+01
   1.217  0.6920E+00  0.9496E+01
   1.227  0.6994E+00  0.9503E+01
   1.237  0.7053E+00  0.9510E+01
   1.247  0.7096E+00  0.9517E+01
   1.257  0.7124E+00  0.9525E+01
   1.267  0.7138E+00  0.9532E+01
   1.277  0.7138E+00  0.9539E+01
   1.287  0.7128E+00  0.9546E+01
   1.297  0.7108E+00  0.9553E+01
   1.307  0.7083E+00  0.9560E+01
   1.317  0.7055E+00  0.9567E+01
   1.327  0.7029E+00  0.9574E+01
   1.337  0.7007E+00  0.9581E+01
   1.347  0.6994E+00  0.9588E+01
   1.357  0.6994E+00  0.9595E+01
   1.367  0.7008E+00  0.9602E+01
   1.377  0.7042E+00  0.9609E+01
   1.387  0.7097E+00  0.9616E+01
   1.397  0.7175E+00  0.9624E+01
   1.407  0.7278E+00  0.9631E+01
   1.417  0.7407E+00  0.9638E+01
   1.427  0.7561E+00  0.9646E+01
   1.437  0.7740E+00  0.9654E+01
   1.447  0.7941E+00  0.9661E+01
   1.457  0.8162E+00  0.9670E+01
   1.467  0.8399E+00  0.9678E+01
   1.477  0.8649E+00  0.9687E+01
   1.487  0.8905E+00  0.9696E+01
   1.497  0.9164E+00  0.9705E+01
   1.507  0.9418E+00  0.9714E+01
   1.517  0.9663E+00  0.9724E+01
   1.527  0.9893E+00  0.9734E+01
   1.537  0.1010E+01  0.9744E+01
   1.547  0.1029E+01  0.9754E+01
   1.557  0.1045E+01  0.9765E+01
   1.567  0.1058E+01  0.9775E+01
   1.577  0.1067E+01  0.9786E+01
   1.587  0.1074E+01  0.9797E+01
   1.597  0.1077E+01  0.9807E+01
   1.607  0.1077E+01  0.9818E+01
   1.617  0.1075E+01  0.9829E+01
   1.627  0.1071E+01  0.9840E+01
   1.637  0.1064E+01  0.9850E+01
   1.647  0.1056E+01  0.9861E+01
   1.657  0.1047E+01  0.9871E+01
   1.667  0.1038E+01  0.9882E+01
   1.677  0.1029E+01  0.9892E+01
   1.687  0.1019E+01  0.9902E+01
   1.697  0.1011E+01  0.9912E+01
   1.707  0.1003E+01  0.9922E+01
   1.717  0.9965E+00  0.9932E+01
   1.727  0.9911E+00  0.9942E+01
   1.737  0.9870E+00  0.9952E+01
   1.747  0.9842E+00  0.9962E+01
   1.757  0.9828E+00  0.9972E+01
   1.767  0.9827E+00  0.9981E+01
   1.777  0.9839E+00  0.9991E+01
   1.787  0.9863E+00  0.1000E+02
   1.797  0.9900E+00  0.1001E+02
   1.807  0.9949E+00  0.1002E+02
   1.817  0.1001E+01  0.1003E+02
   1.827  0.1008E+01  0.1004E+02
   1.837  0.1017E+01  0.1005E+02
   1.847  0.1027E+01  0.1006E+02
   1.857  0.1037E+01  0.1007E+02
   1.867  0.1049E+01  0.1008E+02
   1.877  0.1062E+01  0.1009E+02
   1.887  0.1076E+01  0.1010E+02
   1.897  0.1091E+01  0.1011E+02
   1.907  0.1107E+01  0.1013E+02
   1.917  0.1123E+01  0.1014E+02
   1.927  0.1140E+01  0.1015E+02
   1.937  0.1156E+01  0.1016E+02
   1.947  0.1173E+01  0.1017E+02
   1.957  0.1189E+01  0.1018E+02
   1.967  0.1205E+01  0.1020E+02
   1.977  0.1221E+01  0.1021E+02
   1.987  0.1236E+01  0.1022E+02
   1.997  0.1250E+01  0.1023E+02
   2.007  0.1264E+01  0.1025E+02
   2.017  0.1278E+01  0.1026E+02
   2.027  0.1291E+01  0.1027E+02
   2.037  0.1303E+01  0.1028E+02
   2.047  0.1315E+01  0.1030E+02
   2.057  0.1327E+01  0.1031E+02
   2.067  0.1338E+01  0.1032E+02
   2.077  0.1349E+01  0.1034E+02
   2.087  0.1360E+01  0.1035E+02
   2.097  0.1369E+01  0.1036E+02
   2.107  0.1378E+01  0.1038E+02
   2.117  0.1386E+01  0.1039E+02
   2.127  0.1392E+01  0.1041E+02
   2.137  0.1397E+01  0.1042E+02
   2.147  0.1400E+01  0.1043E+02
   2.157  0.1401E+01  0.1045E+02
   2.167  0.1399E+01  0.1046E+02
   2.177  0.1395E+01  0.1048E+02
   2.187  0.1389E+01  0.1049E+02
   2.197  0.1381E+01  0.1050E+02
   2.207  0.1371E+01  0.1052E+02
   2.217  0.1360E+01  0.1053E+02
   2.227  0.1347E+01  0.1054E+02
   2.237  0.1334E+01  0.1056E+02
   2.247  0.1321E+01  0.1057E+02
   2.257  0.1308E+01  0.1058E+02
   2.267  0.1296E+01  0.1060E+02
   2.277  0.1286E+01  0.1061E+02
   2.287  0.1278E+01  0.1062E+02
   2.297  0.1272E+01  0.1064E+02
   2.307  0.1269E+01  0.1065E+02
   2.317  0.1269E+01  0.1066E+02
   2.327  0.1272E+01  0.1067E+02
   2.337  0.1278E+01  0.1069E+02
   2.347  0.1287E+01  0.1070E+02
   2.357  0.1298E+01  0.1071E+02
   2.367  0.1311E+01  0.1073E+02
   2.377  0.1326E+01  0.1074E+02
   2.387  0.1343E+01  0.1075E+02
   2.397  0.1360E+01  0.1077E+02
   2.407  0.1378E+01  0.1078E+02
   2.417  0.1395E+01  0.1079E+02
   2.427  0.1412E+01  0.1081E+02
   2.437  0.1428E+01  0.1082E+02
   2.447  0.1443E+01  0.1084E+02
   2.457  0.1457E+01  0.1085E+02
   2.467  0.1469E+01  0.1087E+02
   2.477  0.1479E+01  0.1088E+02
   2.487  0.1487E+01  0.1090E+02
   2.497  0.1493E+01  0.1091E+02
   2.507  0.1497E+01  0.1093E+02
   2.517  0.1499E+01  0.1094E+02
   2.527  0.1499E+01  0.1096E+02
   2.537  0.1498E+01  0.1097E+02
   2.547  0.1495E+01  0.1099E+02
   2.557  0.1490E+01  0.1100E+02
   2.567  0.1483E+01  0.1101E+02
   2.577  0.1475E+01  0.1103E+02
   2.587  0.1465E+01  0.1104E+02
   2.597  0.1454E+01  0.1106E+02
   2.607  0.1441E+01  0.1107E+02
   2.617  0.1428E+01  0.1109E+02
   2.627  0.1414E+01  0.1110E+02
   2.637  0.1399E+01  0.1112E+02
   2.647  0.1384E+01  0.1113E+02
   2.657  0.1369E+01  0.1114E+02
   2.667  0.1354E+01  0.1116E+02
   2.677  0.1340E+01  0.1117E+02
   2.687  0.1328E+01  0.1118E+02
   2.697  0.1317E+01  0.1120E+02
   2.707  0.1307E+01  0.1121E+02
   2.717  0.1301E+01  0.1122E+02
   2.727  0.1296E+01  0.1124E+02
   2.737  0.1295E+01  0.1125E+02
   2.747  0.1296E+01  0.1126E+02
   2.757  0.1300E+01  0.1127E+02
   2.767  0.1306E+01  0.1129E+02
   2.777  0.1315E+01  0.1130E+02
   2.787  0.1325E+01  0.1131E+02
   2.797  0.1337E+01  0.1133E+02
   2.807  0.1350E+01  0.1134E+02
   2.817  0.1364E+01  0.1135E+02
   2.827  0.1378E+01  0.1137E+02
   2.837  0.1392E+01  0.1138E+02
   2.847  0.1405E+01  0.1140E+02
   2.857  0.1418E+01  0.1141E+02
   2.867  0.1429E+01  0.1142E+02
   2.877  0.1439E+01  0.1144E+02
   2.887  0.1448E+01  0.1145E+02
   2.897  0.1455E+01  0.1147E+02
   2.907  0.1460E+01  0.1148E+02
   2.917  0.1464E+01  0.1150E+02
   2.927  0.1467E+01  0.1151E+02
   2.937  0.1468E+01  0.1153E+02
   2.947  0.1468E+01  0.1154E+02
   2.957  0.1468E+01  0.1156E+02
   2.967  0.1466E+01  0.1157E+02
   2.977  0.1464E+01  0.1159E+02
   2.987  0.1461E+01  0.1160E+02
   2.997  0.1458E+01  0.1161E+02
   3.007  0.1454E+01  0.1163E+02
   3.017  0.1449E+01  0.1164E+02
   3.027  0.1445E+01  0.1166E+02
   3.037  0.1440E+01  0.1167E+02
   3.047  0.1435E+01  0.1169E+02
   3.057  0.1431E+01  0.1170E+02
   3.067  0.1427E+01  0.1172E+02
   3.077  0.1423E+01  0.1173E+02
   3.087  0.1420E+01  0.1174E+02
   3.097  0.1418E+01  0.1176E+02
   3.107  0.1417E+01  0.1177E+02
   3.117  0.1417E+01  0.1179E+02
   3.127  0.1419E+01  0.1180E+02
   3.137  0.1423E+01  0.1181E+02
   3.147  0.1427E+01  0.1183E+02
   3.157  0.1434E+01  0.1184E+02
   3.167  0.1441E+01  0.1186E+02
   3.177  0.1450E+01  0.1187E+02
   3.187  0.1459E+01  0.1189E+02
   3.197  0.1469E+01  0.1190E+02
   3.207  0.1479E+01  0.1192E+02
   3.217  0.1489E+01  0.1193E+02
   3.227  0.1499E+01  0.1195E+02
   3.237  0.1508E+01  0.1196E+02
   3.247  0.1517E+01  0.1198E+02
   3.257  0.1524E+01  0.1199E+02
   3.267  0.1531E+01  0.1201E+02
   3.277  0.1537E+01  0.1202E+02
   3.287  0.1542E+01  0.1204E+02
   3.297  0.1546E+01  0.1205E+02
   3.307  0.1551E+01  0.1207E+02
   3.317  0.1555E+01  0.1208E+02
   3.327  0.1559E+01  0.1210E+02
   3.337  0.1564E+01  0.1212E+02
   3.347  0.1569E+01  0.1213E+02
   3.357  0.1574E+01  0.1215E+02
   3.367  0.1580E+01  0.1216E+02
   3.377  0.1587E+01  0.1218E+02
   3.387  0.1594E+01  0.1219E+02
   3.397  0.1602E+01  0.1221E+02
   3.407  0.1609E+01  0.1223E+02
   3.417  0.1616E+01  0.1224E+02
   3.427  0.1623E+01  0.1226E+02
   3.437  0.1628E+01  0.1228E+02
   3.447  0.1633E+01  0.1229E+02
   3.457  0.1636E+01  0.1231E+02
   3.467  0.1638E+01  0.1232E+02
   3.477  0.1638E+01  0.1234E+02
   3.487  0.1636E+01  0.1236E+02
   3.497  0.1632E+01  0.1237E+02
   3.507  0.1626E+01  0.1239E+02
   3.517  0.1619E+01  0.1241E+02
   3.527  0.1611E+01  0.1242E+02
   3.537  0.1601E+01  0.1244E+02
   3.547  0.1591E+01  0.1245E+02
   3.557  0.1580E+01  0.1247E+02
   3.567  0.1569E+01  0.1249E+02
   3.577  0.1559E+01  0.1250E+02
   3.587  0.1549E+01  0.1252E+02
   3.597  0.1540E+01  0.1253E+02
   3.607  0.1532E+01  0.1255E+02
   3.617  0.1525E+01  0.1256E+02
   3.627  0.1520E+01  0.1258E+02
   3.637  0.1515E+01  0.1259E+02
   3.647  0.1513E+01  0.1261E+02
   3.657  0.1511E+01  0.1262E+02
   3.667  0.1511E+01  0.1264E+02
   3.677  0.1513E+01  0.1265E+02
   3.687  0.1515E+01  0.1267E+02
   3.697  0.1519E+01  0.1268E+02
   3.707  0.1524E+01  0.1270E+02
   3.717  0.1530E+01  0.1271E+02
   3.727  0.1537E+01  0.1273E+02
   3.737  0.1546E+01  0.1274E+02
   3.747  0.1556E+01  0.1276E+02
   3.757  0.1568E+01  0.1278E+02
   3.767  0.1580E+01  0.1279E+02
   3.777  0.1594E+01  0.1281E+02
   3.787  0.1610E+01  0.1282E+02
   3.797  0.1626E+01  0.1284E+02
   3.807  0.1643E+01  0.1286E+02
   3.817  0.1661E+01  0.1287E+02
   3.827  0.1679E+01  0.1289E+02
   3.837  0.1696E+01  0.1291E+02
   3.847  0.1713E+01  0.1292E+02
   3.857  0.1729E+01  0.1294E+02
   3.867  0.1743E+01  0.1296E+02
   3.877  0.1756E+01  0.1298E+02
   3.887  0.1766E+01  0.1299E+02
   3.897  0.1775E+01  0.1301E+02
   3.907  0.1781E+01  0.1303E+02
   3.917  0.1785E+01  0.1305E+02
   3.927  0.1787E+01  0.1307E+02
   3.937  0.1787E+01  0.1308E+02
   3.947  0.1785E+01  0.1310E+02
   3.957  0.1782E+01  0.1312E+02
   3.967  0.1778E+01  0.1314E+02
   3.977  0.1774E+01  0.1315E+02
   3.987  0.1769E+01  0.1317E+02
   3.997  0.1764E+01  0.1319E+02
   4.007  0.1760E+01  0.1321E+02
   4.017  0.1757E+01  0.1322E+02
   4.027  0.1755E+01  0.1324E+02
   4.037  0.1755E+01  0.1326E+02
   4.047  0.1756E+01  0.1328E+02
   4.057  0.1758E+01  0.1330E+02
   4.067  0.1763E+01  0.1331E+02
   4.077  0.1769E+01  0.1333E+02
   4.087  0.1777E+01  0.1335E+02
   4.097  0.1787E+01  0.1337E+02
   4.107  0.1799E+01  0.1338E+02
   4.117  0.1813E+01  0.1340E+02
   4.127  0.1827E+01  0.1342E+02
   4.137  0.1843E+01  0.1344E+02
   4.147  0.1860E+01  0.1346E+02
   4.157  0.1877E+01  0.1348E+02
   4.167  0.1895E+01  0.1350E+02
   4.177  0.1912E+01  0.1351E+02
   4.187  0.1929E+01  0.1353E+02
   4.197  0.1944E+01  0.1355E+02
   4.207  0.1959E+01  0.1357E+02
   4.217  0.1971E+01  0.1359E+02
   4.227  0.1981E+01  0.1361E+02
   4.237  0.1989E+01  0.1363E+02
   4.247  0.1993E+01  0.1365E+02
   4.257  0.1995E+01  0.1367E+02
   4.267  0.1993E+01  0.1369E+02
   4.277  0.1988E+01  0.1371E+02
   4.287  0.1980E+01  0.1373E+02
   4.297  0.1969E+01  0.1375E+02
   4.307  0.1955E+01  0.1377E+02
   4.317  0.1939E+01  0.1379E+02
   4.327  0.1921E+01  0.1381E+02
   4.337  0.1901E+01  0.1383E+02
   4.347  0.1880E+01  0.1385E+02
   4.357  0.1859E+01  0.1387E+02
   4.367  0.1838E+01  0.1388E+02
   4.377  0.1817E+01  0.1390E+02
   4.387  0.1797E+01  0.1392E+02
   4.397  0.1778E+01  0.1394E+02
   4.407  0.1760E+01  0.1396E+02
   4.417  0.1745E+01  0.1397E+02
   4.427  0.1731E+01  0.1399E+02
   4.437  0.1719E+01  0.1401E+02
   4.447  0.1709E+01  0.1402E+02
   4.457  0.1700E+01  0.1404E+02
   4.467  0.1693E+01  0.1406E+02
   4.477  0.1687E+01  0.1408E+02
   4.487  0.1682E+01  0.1409E+02
   4.497  0.1677E+01  0.1411E+02
   4.507  0.1672E+01  0.1413E+02
   4.517  0.1667E+01  0.1414E+02
   4.527  0.1661E+01  0.1416E+02
   4.537  0.1655E+01  0.1418E+02
   4.547  0.1647E+01  0.1419E+02
   4.557  0.1638E+01  0.1421E+02
   4.567  0.1628E+01  0.1422E+02
   4.577  0.1616E+01  0.1424E+02
   4.587  0.1603E+01  0.1426E+02
   4.597  0.1589E+01  0.1427E+02
   4.607  0.1573E+01  0.1429E+02
   4.617  0.1557E+01  0.1430E+02
   4.627  0.1540E+01  0.1432E+02
   4.637  0.1524E+01  0.1433E+02
   4.647  0.1507E+01  0.1435E+02
   4.657  0.1491E+01  0.1436E+02
   4.667  0.1476E+01  0.1438E+02
   4.677  0.1463E+01  0.1439E+02
   4.687  0.1452E+01  0.1441E+02
   4.697  0.1444E+01  0.1442E+02
   4.707  0.1438E+01  0.1444E+02
   4.717  0.1436E+01  0.1445E+02
   4.727  0.1436E+01  0.1447E+02
   4.737  0.1441E+01  0.1448E+02
   4.747  0.1448E+01  0.1450E+02
   4.757  0.1459E+01  0.1451E+02
   4.767  0.1474E+01  0.1452E+02
   4.777  0.1491E+01  0.1454E+02
   4.787  0.1511E+01  0.1455E+02
   4.797  0.1532E+01  0.1457E+02
   4.807  0.1555E+01  0.1459E+02
   4.817  0.1579E+01  0.1460E+02
   4.827  0.1603E+01  0.1462E+02
   4.837  0.1627E+01  0.1463E+02
   4.847  0.1649E+01  0.1465E+02
   4.857  0.1670E+01  0.1467E+02
   4.867  0.1689E+01  0.1468E+02
   4.877  0.1705E+01  0.1470E+02
   4.887  0.1719E+01  0.1472E+02
   4.897  0.1729E+01  0.1474E+02
   4.907  0.1736E+01  0.1475E+02
   4.917  0.1741E+01  0.1477E+02
   4.927  0.1742E+01  0.1479E+02
   4.937  0.1742E+01  0.1480E+02
   4.947  0.1739E+01  0.1482E+02
   4.957  0.1734E+01  0.1484E+02
   4.967  0.1728E+01  0.1486E+02
   4.977  0.1721E+01  0.1487E+02
   4.987  0.1715E+01  0.1489E+02
   4.997  0.1708E+01  0.1491E+02
   5.007  0.1703E+01  0.1493E+02
   5.017  0.1698E+01  0.1494E+02
   5.027  0.1696E+01  0.1496E+02
   5.037  0.1695E+01  0.1498E+02
   5.047  0.1696E+01  0.1499E+02
   5.057  0.1700E+01  0.1501E+02
   5.067  0.1706E+01  0.1503E+02
   5.077  0.1714E+01  0.1504E+02
   5.087  0.1725E+01  0.1506E+02
   5.097  0.1737E+01  0.1508E+02
   5.107  0.1751E+01  0.1510E+02
   5.117  0.1767E+01  0.1511E+02
   5.127  0.1783E+01  0.1513E+02
   5.137  0.1801E+01  0.1515E+02
   5.147  0.1818E+01  0.1517E+02
   5.157  0.1836E+01  0.1519E+02
   5.167  0.1854E+01  0.1521E+02
   5.177  0.1872E+01  0.1522E+02
   5.187  0.1888E+01  0.1524E+02
   5.197  0.1904E+01  0.1526E+02
   5.207  0.1919E+01  0.1528E+02
   5.217  0.1933E+01  0.1530E+02
   5.227  0.1945E+01  0.1532E+02
   5.237  0.1957E+01  0.1534E+02
   5.247  0.1967E+01  0.1536E+02
   5.257  0.1976E+01  0.1538E+02
   5.267  0.1984E+01  0.1540E+02
   5.277  0.1990E+01  0.1542E+02
   5.287  0.1996E+01  0.1544E+02
   5.297  0.2001E+01  0.1546E+02
   5.307  0.2005E+01  0.1548E+02
   5.317  0.2008E+01  0.1550E+02
   5.327  0.2011E+01  0.1552E+02
   5.337  0.2014E+01  0.1554E+02
   5.347  0.2017E+01  0.1556E+02
   5.357  0.2020E+01  0.1558E+02
   5.367  0.2023E+01  0.1560E+02
   5.377  0.2027E+01  0.1562E+02
   5.387  0.2031E+01  0.1564E+02
   5.397  0.2036E+01  0.1566E+02
   5.407  0.2042E+01  0.1568E+02
   5.417  0.2049E+01  0.1570E+02
   5.427  0.2057E+01  0.1572E+02
   5.437  0.2065E+01  0.1574E+02
   5.447  0.2073E+01  0.1576E+02
   5.457  0.2082E+01  0.1578E+02
   5.467  0.2091E+01  0.1580E+02
   5.477  0.2099E+01  0.1583E+02
   5.487  0.2107E+01  0.1585E+02
   5.497  0.2114E+01  0.1587E+02
   5.507  0.2120E+01  0.1589E+02
   5.517  0.2123E+01  0.1591E+02
   5.527  0.2125E+01  0.1593E+02
   5.537  0.2125E+01  0.1595E+02
   5.547  0.2123E+01  0.1597E+02
   5.557  0.2118E+01  0.1600E+02
   5.567  0.2111E+01  0.1602E+02
   5.577  0.2101E+01  0.1604E+02
   5.587  0.2088E+01  0.1606E+02
   5.597  0.2073E+01  0.1608E+02
   5.607  0.2054E+01  0.1610E+02
   5.617  0.2034E+01  0.1612E+02
   5.627  0.2011E+01  0.1614E+02
   5.637  0.1985E+01  0.1616E+02
   5.647  0.1958E+01  0.1618E+02
   5.657  0.1928E+01  0.1620E+02
   5.667  0.1897E+01  0.1622E+02
   5.677  0.1865E+01  0.1624E+02
   5.687  0.1832E+01  0.1625E+02
   5.697  0.1799E+01  0.1627E+02
   5.707  0.1766E+01  0.1629E+02
   5.717  0.1733E+01  0.1631E+02
   5.727  0.1702E+01  0.1632E+02
   5.737  0.1672E+01  0.1634E+02
   5.747  0.1644E+01  0.1636E+02
   5.757  0.1620E+01  0.1637E+02
   5.767  0.1598E+01  0.1639E+02
   5.777  0.1581E+01  0.1641E+02
   5.787  0.1567E+01  0.1642E+02
   5.797  0.1557E+01  0.1644E+02
   5.807  0.1552E+01  0.1645E+02
   5.817  0.1550E+01  0.1647E+02
   5.827  0.1553E+01  0.1648E+02
   5.837  0.1560E+01  0.1650E+02
   5.847  0.1569E+01  0.1651E+02
   5.857  0.1582E+01  0.1653E+02
   5.867  0.1598E+01  0.1655E+02
   5.877  0.1615E+01  0.1656E+02
   5.887  0.1633E+01  0.1658E+02
   5.897  0.1653E+01  0.1660E+02
   5.907  0.1672E+01  0.1661E+02
   5.917  0.1692E+01  0.1663E+02
   5.927  0.1711E+01  0.1665E+02
   5.937  0.1729E+01  0.1666E+02
   5.947  0.1747E+01  0.1668E+02
   5.957  0.1764E+01  0.1670E+02
   5.967  0.1780E+01  0.1672E+02
   5.977  0.1795E+01  0.1673E+02
   5.987  0.1809E+01  0.1675E+02
   5.997  0.1823E+01  0.1677E+02
   6.007  0.1836E+01  0.1679E+02
   6.017  0.1849E+01  0.1681E+02
   6.027  0.1861E+01  0.1683E+02
   6.037  0.1874E+01  0.1685E+02
   6.047  0.1887E+01  0.1686E+02
   6.057  0.1900E+01  0.1688E+02
   6.067  0.1913E+01  0.1690E+02
   6.077  0.1926E+01  0.1692E+02
   6.087  0.1939E+01  0.1694E+02
   6.097  0.1952E+01  0.1696E+02
   6.107  0.1965E+01  0.1698E+02
   6.117  0.1977E+01  0.1700E+02
   6.127  0.1988E+01  0.1702E+02
   6.137  0.1998E+01  0.1704E+02
   6.147  0.2007E+01  0.1706E+02
   6.157  0.2014E+01  0.1708E+02
   6.167  0.2019E+01  0.1710E+02
   6.177  0.2023E+01  0.1712E+02
   6.187  0.2024E+01  0.1714E+02
   6.197  0.2024E+01  0.1716E+02
   6.207  0.2021E+01  0.1718E+02
   6.217  0.2017E+01  0.1720E+02
   6.227  0.2012E+01  0.1722E+02
   6.237  0.2006E+01  0.1724E+02
   6.247  0.2000E+01  0.1726E+02
   6.257  0.1994E+01  0.1728E+02
   6.267  0.1989E+01  0.1730E+02
   6.277  0.1984E+01  0.1732E+02
   6.287  0.1982E+01  0.1734E+02
   6.297  0.1982E+01  0.1736E+02
   6.307  0.1984E+01  0.1738E+02
   6.317  0.1989E+01  0.1740E+02
   6.327  0.1998E+01  0.1742E+02
   6.337  0.2009E+01  0.1744E+02
   6.347  0.2024E+01  0.1746E+02
   6.357  0.2042E+01  0.1748E+02
   6.367  0.2063E+01  0.1750E+02
   6.377  0.2086E+01  0.1752E+02
   6.387  0.2111E+01  0.1754E+02
   6.397  0.2138E+01  0.1757E+02
