#  E (eV)   dos(E)     Int dos(E) EFermi =   -0.979 eV
 -10.979  0.7275E+00  0.7275E-02
 -10.969  0.7279E+00  0.1455E-01
 -10.959  0.7283E+00  0.2184E-01
 -10.949  0.7288E+00  0.2912E-01
 -10.939  0.7292E+00  0.3642E-01
 -10.929  0.7296E+00  0.4371E-01
 -10.919  0.7301E+00  0.5101E-01
 -10.909  0.7305E+00  0.5832E-01
 -10.899  0.7309E+00  0.6563E-01
 -10.889  0.7314E+00  0.7294E-01
 -10.879  0.7318E+00  0.8026E-01
 -10.869  0.7322E+00  0.8758E-01
 -10.859  0.7327E+00  0.9491E-01
 -10.849  0.7331E+00  0.1022E+00
 -10.839  0.7335E+00  0.1096E+00
 -10.829  0.7340E+00  0.1169E+00
 -10.819  0.7344E+00  0.1243E+00
 -10.809  0.7348E+00  0.1316E+00
 -10.799  0.7353E+00  0.1390E+00
 -10.789  0.7357E+00  0.1463E+00
 -10.779  0.7362E+00  0.1537E+00
 -10.769  0.7366E+00  0.1610E+00
 -10.759  0.7371E+00  0.1684E+00
 -10.749  0.7375E+00  0.1758E+00
 -10.739  0.7380E+00  0.1832E+00
 -10.729  0.7384E+00  0.1906E+00
 -10.719  0.7389E+00  0.1979E+00
 -10.709  0.7394E+00  0.2053E+00
 -10.699  0.7398E+00  0.2127E+00
 -10.689  0.7403E+00  0.2201E+00
 -10.679  0.7407E+00  0.2275E+00
 -10.669  0.7412E+00  0.2350E+00
 -10.659  0.7417E+00  0.2424E+00
 -10.649  0.7422E+00  0.2498E+00
 -10.639  0.7426E+00  0.2572E+00
 -10.629  0.7431E+00  0.2647E+00
 -10.619  0.7436E+00  0.2721E+00
 -10.609  0.7441E+00  0.2795E+00
 -10.599  0.7445E+00  0.2870E+00
 -10.589  0.7450E+00  0.2944E+00
 -10.579  0.7455E+00  0.3019E+00
 -10.569  0.7460E+00  0.3093E+00
 -10.559  0.7465E+00  0.3168E+00
 -10.549  0.7470E+00  0.3243E+00
 -10.539  0.7475E+00  0.3318E+00
 -10.529  0.7480E+00  0.3392E+00
 -10.519  0.7485E+00  0.3467E+00
 -10.509  0.7490E+00  0.3542E+00
 -10.499  0.7495E+00  0.3617E+00
 -10.489  0.7500E+00  0.3692E+00
 -10.479  0.7505E+00  0.3767E+00
 -10.469  0.7510E+00  0.3842E+00
 -10.459  0.7516E+00  0.3917E+00
 -10.449  0.7521E+00  0.3993E+00
 -10.439  0.7526E+00  0.4068E+00
 -10.429  0.7531E+00  0.4143E+00
 -10.419  0.7537E+00  0.4218E+00
 -10.409  0.7542E+00  0.4294E+00
 -10.399  0.7547E+00  0.4369E+00
 -10.389  0.7553E+00  0.4445E+00
 -10.379  0.7558E+00  0.4520E+00
 -10.369  0.7563E+00  0.4596E+00
 -10.359  0.7569E+00  0.4672E+00
 -10.349  0.7574E+00  0.4748E+00
 -10.339  0.7580E+00  0.4823E+00
 -10.329  0.7585E+00  0.4899E+00
 -10.319  0.7591E+00  0.4975E+00
 -10.309  0.7596E+00  0.5051E+00
 -10.299  0.7602E+00  0.5127E+00
 -10.289  0.7608E+00  0.5203E+00
 -10.279  0.7613E+00  0.5279E+00
 -10.269  0.7619E+00  0.5355E+00
 -10.259  0.7625E+00  0.5432E+00
 -10.249  0.7630E+00  0.5508E+00
 -10.239  0.7636E+00  0.5584E+00
 -10.229  0.7642E+00  0.5661E+00
 -10.219  0.7648E+00  0.5737E+00
 -10.209  0.7654E+00  0.5814E+00
 -10.199  0.7660E+00  0.5890E+00
 -10.189  0.7666E+00  0.5967E+00
 -10.179  0.7672E+00  0.6044E+00
 -10.169  0.7678E+00  0.6121E+00
 -10.159  0.7684E+00  0.6197E+00
 -10.149  0.7690E+00  0.6274E+00
 -10.139  0.7696E+00  0.6351E+00
 -10.129  0.7702E+00  0.6428E+00
 -10.119  0.7708E+00  0.6505E+00
 -10.109  0.7714E+00  0.6582E+00
 -10.099  0.7721E+00  0.6660E+00
 -10.089  0.7727E+00  0.6737E+00
 -10.079  0.7733E+00  0.6814E+00
 -10.069  0.7739E+00  0.6892E+00
 -10.059  0.7746E+00  0.6969E+00
 -10.049  0.7752E+00  0.7047E+00
 -10.039  0.7759E+00  0.7124E+00
 -10.029  0.7765E+00  0.7202E+00
 -10.019  0.7772E+00  0.7280E+00
 -10.009  0.7778E+00  0.7357E+00
  -9.999  0.7785E+00  0.7435E+00
  -9.989  0.7791E+00  0.7513E+00
  -9.979  0.7798E+00  0.7591E+00
  -9.969  0.7805E+00  0.7669E+00
  -9.959  0.7812E+00  0.7747E+00
  -9.949  0.7818E+00  0.7825E+00
  -9.939  0.7825E+00  0.7904E+00
  -9.929  0.7832E+00  0.7982E+00
  -9.919  0.7839E+00  0.8060E+00
  -9.909  0.7846E+00  0.8139E+00
  -9.899  0.7853E+00  0.8217E+00
  -9.889  0.7860E+00  0.8296E+00
  -9.879  0.7867E+00  0.8375E+00
  -9.869  0.7874E+00  0.8453E+00
  -9.859  0.7881E+00  0.8532E+00
  -9.849  0.7888E+00  0.8611E+00
  -9.839  0.7896E+00  0.8690E+00
  -9.829  0.7903E+00  0.8769E+00
  -9.819  0.7910E+00  0.8848E+00
  -9.809  0.7918E+00  0.8927E+00
  -9.799  0.7925E+00  0.9007E+00
  -9.789  0.7933E+00  0.9086E+00
  -9.779  0.7940E+00  0.9165E+00
  -9.769  0.7948E+00  0.9245E+00
  -9.759  0.7956E+00  0.9324E+00
  -9.749  0.7963E+00  0.9404E+00
  -9.739  0.7971E+00  0.9484E+00
  -9.729  0.7979E+00  0.9564E+00
  -9.719  0.7987E+00  0.9643E+00
  -9.709  0.7995E+00  0.9723E+00
  -9.699  0.8004E+00  0.9803E+00
  -9.689  0.8012E+00  0.9884E+00
  -9.679  0.8020E+00  0.9964E+00
  -9.669  0.8029E+00  0.1004E+01
  -9.659  0.8037E+00  0.1012E+01
  -9.649  0.8046E+00  0.1020E+01
  -9.639  0.8055E+00  0.1029E+01
  -9.629  0.8064E+00  0.1037E+01
  -9.619  0.8073E+00  0.1045E+01
  -9.609  0.8083E+00  0.1053E+01
  -9.599  0.8093E+00  0.1061E+01
  -9.589  0.8102E+00  0.1069E+01
  -9.579  0.8113E+00  0.1077E+01
  -9.569  0.8123E+00  0.1085E+01
  -9.559  0.8134E+00  0.1093E+01
  -9.549  0.8145E+00  0.1101E+01
  -9.539  0.8156E+00  0.1110E+01
  -9.529  0.8168E+00  0.1118E+01
  -9.519  0.8180E+00  0.1126E+01
  -9.509  0.8193E+00  0.1134E+01
  -9.499  0.8206E+00  0.1142E+01
  -9.489  0.8219E+00  0.1151E+01
  -9.479  0.8233E+00  0.1159E+01
  -9.469  0.8248E+00  0.1167E+01
  -9.459  0.8263E+00  0.1175E+01
  -9.449  0.8279E+00  0.1184E+01
  -9.439  0.8296E+00  0.1192E+01
  -9.429  0.8313E+00  0.1200E+01
  -9.419  0.8332E+00  0.1209E+01
  -9.409  0.8351E+00  0.1217E+01
  -9.399  0.8371E+00  0.1225E+01
  -9.389  0.8392E+00  0.1234E+01
  -9.379  0.8413E+00  0.1242E+01
  -9.369  0.8436E+00  0.1251E+01
  -9.359  0.8460E+00  0.1259E+01
  -9.349  0.8486E+00  0.1267E+01
  -9.339  0.8512E+00  0.1276E+01
  -9.329  0.8540E+00  0.1285E+01
  -9.319  0.8568E+00  0.1293E+01
  -9.309  0.8599E+00  0.1302E+01
  -9.299  0.8630E+00  0.1310E+01
  -9.289  0.8663E+00  0.1319E+01
  -9.279  0.8697E+00  0.1328E+01
  -9.269  0.8733E+00  0.1336E+01
  -9.259  0.8770E+00  0.1345E+01
  -9.249  0.8808E+00  0.1354E+01
  -9.239  0.8848E+00  0.1363E+01
  -9.229  0.8889E+00  0.1372E+01
  -9.219  0.8932E+00  0.1381E+01
  -9.209  0.8976E+00  0.1390E+01
  -9.199  0.9022E+00  0.1399E+01
  -9.189  0.9069E+00  0.1408E+01
  -9.179  0.9117E+00  0.1417E+01
  -9.169  0.9167E+00  0.1426E+01
  -9.159  0.9218E+00  0.1435E+01
  -9.149  0.9270E+00  0.1444E+01
  -9.139  0.9323E+00  0.1454E+01
  -9.129  0.9377E+00  0.1463E+01
  -9.119  0.9433E+00  0.1473E+01
  -9.109  0.9489E+00  0.1482E+01
  -9.099  0.9546E+00  0.1492E+01
  -9.089  0.9604E+00  0.1501E+01
  -9.079  0.9662E+00  0.1511E+01
  -9.069  0.9721E+00  0.1521E+01
  -9.059  0.9781E+00  0.1530E+01
  -9.049  0.9841E+00  0.1540E+01
  -9.039  0.9901E+00  0.1550E+01
  -9.029  0.9961E+00  0.1560E+01
  -9.019  0.1002E+01  0.1570E+01
  -9.009  0.1008E+01  0.1580E+01
  -8.999  0.1014E+01  0.1590E+01
  -8.989  0.1020E+01  0.1601E+01
  -8.979  0.1026E+01  0.1611E+01
  -8.969  0.1032E+01  0.1621E+01
  -8.959  0.1038E+01  0.1632E+01
  -8.949  0.1044E+01  0.1642E+01
  -8.939  0.1050E+01  0.1652E+01
  -8.929  0.1055E+01  0.1663E+01
  -8.919  0.1061E+01  0.1674E+01
  -8.909  0.1066E+01  0.1684E+01
  -8.899  0.1072E+01  0.1695E+01
  -8.889  0.1077E+01  0.1706E+01
  -8.879  0.1082E+01  0.1717E+01
  -8.869  0.1088E+01  0.1728E+01
  -8.859  0.1093E+01  0.1738E+01
  -8.849  0.1098E+01  0.1749E+01
  -8.839  0.1102E+01  0.1760E+01
  -8.829  0.1107E+01  0.1771E+01
  -8.819  0.1112E+01  0.1783E+01
  -8.809  0.1116E+01  0.1794E+01
  -8.799  0.1121E+01  0.1805E+01
  -8.789  0.1125E+01  0.1816E+01
  -8.779  0.1129E+01  0.1828E+01
  -8.769  0.1133E+01  0.1839E+01
  -8.759  0.1138E+01  0.1850E+01
  -8.749  0.1142E+01  0.1862E+01
  -8.739  0.1146E+01  0.1873E+01
  -8.729  0.1149E+01  0.1885E+01
  -8.719  0.1153E+01  0.1896E+01
  -8.709  0.1157E+01  0.1908E+01
  -8.699  0.1161E+01  0.1919E+01
  -8.689  0.1165E+01  0.1931E+01
  -8.679  0.1168E+01  0.1943E+01
  -8.669  0.1172E+01  0.1954E+01
  -8.659  0.1176E+01  0.1966E+01
  -8.649  0.1180E+01  0.1978E+01
  -8.639  0.1183E+01  0.1990E+01
  -8.629  0.1187E+01  0.2002E+01
  -8.619  0.1191E+01  0.2014E+01
  -8.609  0.1195E+01  0.2025E+01
  -8.599  0.1199E+01  0.2037E+01
  -8.589  0.1203E+01  0.2049E+01
  -8.579  0.1207E+01  0.2062E+01
  -8.569  0.1211E+01  0.2074E+01
  -8.559  0.1215E+01  0.2086E+01
  -8.549  0.1220E+01  0.2098E+01
  -8.539  0.1224E+01  0.2110E+01
  -8.529  0.1229E+01  0.2123E+01
  -8.519  0.1234E+01  0.2135E+01
  -8.509  0.1239E+01  0.2147E+01
  -8.499  0.1244E+01  0.2160E+01
  -8.489  0.1249E+01  0.2172E+01
  -8.479  0.1254E+01  0.2185E+01
  -8.469  0.1260E+01  0.2197E+01
  -8.459  0.1265E+01  0.2210E+01
  -8.449  0.1271E+01  0.2223E+01
  -8.439  0.1277E+01  0.2235E+01
  -8.429  0.1283E+01  0.2248E+01
  -8.419  0.1289E+01  0.2261E+01
  -8.409  0.1296E+01  0.2274E+01
  -8.399  0.1302E+01  0.2287E+01
  -8.389  0.1309E+01  0.2300E+01
  -8.379  0.1316E+01  0.2313E+01
  -8.369  0.1323E+01  0.2327E+01
  -8.359  0.1330E+01  0.2340E+01
  -8.349  0.1337E+01  0.2353E+01
  -8.339  0.1345E+01  0.2367E+01
  -8.329  0.1352E+01  0.2380E+01
  -8.319  0.1360E+01  0.2394E+01
  -8.309  0.1367E+01  0.2408E+01
  -8.299  0.1375E+01  0.2421E+01
  -8.289  0.1383E+01  0.2435E+01
  -8.279  0.1391E+01  0.2449E+01
  -8.269  0.1399E+01  0.2463E+01
  -8.259  0.1407E+01  0.2477E+01
  -8.249  0.1415E+01  0.2491E+01
  -8.239  0.1423E+01  0.2506E+01
  -8.229  0.1431E+01  0.2520E+01
  -8.219  0.1439E+01  0.2534E+01
  -8.209  0.1448E+01  0.2549E+01
  -8.199  0.1456E+01  0.2563E+01
  -8.189  0.1464E+01  0.2578E+01
  -8.179  0.1472E+01  0.2593E+01
  -8.169  0.1480E+01  0.2607E+01
  -8.159  0.1489E+01  0.2622E+01
  -8.149  0.1497E+01  0.2637E+01
  -8.139  0.1505E+01  0.2652E+01
  -8.129  0.1513E+01  0.2667E+01
  -8.119  0.1521E+01  0.2683E+01
  -8.109  0.1529E+01  0.2698E+01
  -8.099  0.1537E+01  0.2713E+01
  -8.089  0.1545E+01  0.2729E+01
  -8.079  0.1553E+01  0.2744E+01
  -8.069  0.1561E+01  0.2760E+01
  -8.059  0.1569E+01  0.2776E+01
  -8.049  0.1577E+01  0.2791E+01
  -8.039  0.1585E+01  0.2807E+01
  -8.029  0.1593E+01  0.2823E+01
  -8.019  0.1601E+01  0.2839E+01
  -8.009  0.1608E+01  0.2855E+01
  -7.999  0.1616E+01  0.2871E+01
  -7.989  0.1624E+01  0.2888E+01
  -7.979  0.1632E+01  0.2904E+01
  -7.969  0.1640E+01  0.2920E+01
  -7.959  0.1648E+01  0.2937E+01
  -7.949  0.1656E+01  0.2953E+01
  -7.939  0.1664E+01  0.2970E+01
  -7.929  0.1672E+01  0.2987E+01
  -7.919  0.1680E+01  0.3004E+01
  -7.909  0.1689E+01  0.3020E+01
  -7.899  0.1697E+01  0.3037E+01
  -7.889  0.1705E+01  0.3054E+01
  -7.879  0.1714E+01  0.3072E+01
  -7.869  0.1723E+01  0.3089E+01
  -7.859  0.1731E+01  0.3106E+01
  -7.849  0.1740E+01  0.3124E+01
  -7.839  0.1749E+01  0.3141E+01
  -7.829  0.1758E+01  0.3159E+01
  -7.819  0.1767E+01  0.3176E+01
  -7.809  0.1776E+01  0.3194E+01
  -7.799  0.1785E+01  0.3212E+01
  -7.789  0.1795E+01  0.3230E+01
  -7.779  0.1804E+01  0.3248E+01
  -7.769  0.1813E+01  0.3266E+01
  -7.759  0.1823E+01  0.3284E+01
  -7.749  0.1832E+01  0.3303E+01
  -7.739  0.1842E+01  0.3321E+01
  -7.729  0.1851E+01  0.3340E+01
  -7.719  0.1861E+01  0.3358E+01
  -7.709  0.1870E+01  0.3377E+01
  -7.699  0.1880E+01  0.3396E+01
  -7.689  0.1889E+01  0.3415E+01
  -7.679  0.1898E+01  0.3434E+01
  -7.669  0.1907E+01  0.3453E+01
  -7.659  0.1916E+01  0.3472E+01
  -7.649  0.1925E+01  0.3491E+01
  -7.639  0.1933E+01  0.3510E+01
  -7.629  0.1942E+01  0.3530E+01
  -7.619  0.1950E+01  0.3549E+01
  -7.609  0.1957E+01  0.3569E+01
  -7.599  0.1965E+01  0.3588E+01
  -7.589  0.1972E+01  0.3608E+01
  -7.579  0.1978E+01  0.3628E+01
  -7.569  0.1984E+01  0.3648E+01
  -7.559  0.1990E+01  0.3668E+01
  -7.549  0.1995E+01  0.3688E+01
  -7.539  0.2000E+01  0.3708E+01
  -7.529  0.2004E+01  0.3728E+01
  -7.519  0.2008E+01  0.3748E+01
  -7.509  0.2011E+01  0.3768E+01
  -7.499  0.2014E+01  0.3788E+01
  -7.489  0.2016E+01  0.3808E+01
  -7.479  0.2018E+01  0.3828E+01
  -7.469  0.2019E+01  0.3849E+01
  -7.459  0.2019E+01  0.3869E+01
  -7.449  0.2018E+01  0.3889E+01
  -7.439  0.2018E+01  0.3909E+01
  -7.429  0.2016E+01  0.3929E+01
  -7.419  0.2014E+01  0.3949E+01
  -7.409  0.2011E+01  0.3970E+01
  -7.399  0.2008E+01  0.3990E+01
  -7.389  0.2004E+01  0.4010E+01
  -7.379  0.2000E+01  0.4030E+01
  -7.369  0.1995E+01  0.4050E+01
  -7.359  0.1989E+01  0.4069E+01
  -7.349  0.1983E+01  0.4089E+01
  -7.339  0.1977E+01  0.4109E+01
  -7.329  0.1970E+01  0.4129E+01
  -7.319  0.1962E+01  0.4148E+01
  -7.309  0.1954E+01  0.4168E+01
  -7.299  0.1946E+01  0.4187E+01
  -7.289  0.1938E+01  0.4207E+01
  -7.279  0.1929E+01  0.4226E+01
  -7.269  0.1920E+01  0.4245E+01
  -7.259  0.1910E+01  0.4264E+01
  -7.249  0.1901E+01  0.4283E+01
  -7.239  0.1891E+01  0.4302E+01
  -7.229  0.1881E+01  0.4321E+01
  -7.219  0.1871E+01  0.4340E+01
  -7.209  0.1861E+01  0.4358E+01
  -7.199  0.1851E+01  0.4377E+01
  -7.189  0.1840E+01  0.4395E+01
  -7.179  0.1830E+01  0.4414E+01
  -7.169  0.1819E+01  0.4432E+01
  -7.159  0.1809E+01  0.4450E+01
  -7.149  0.1799E+01  0.4468E+01
  -7.139  0.1788E+01  0.4486E+01
  -7.129  0.1778E+01  0.4504E+01
  -7.119  0.1768E+01  0.4521E+01
  -7.109  0.1758E+01  0.4539E+01
  -7.099  0.1748E+01  0.4556E+01
  -7.089  0.1738E+01  0.4574E+01
  -7.079  0.1729E+01  0.4591E+01
  -7.069  0.1719E+01  0.4608E+01
  -7.059  0.1710E+01  0.4625E+01
  -7.049  0.1701E+01  0.4642E+01
  -7.039  0.1692E+01  0.4659E+01
  -7.029  0.1683E+01  0.4676E+01
  -7.019  0.1674E+01  0.4693E+01
  -7.009  0.1666E+01  0.4709E+01
  -6.999  0.1657E+01  0.4726E+01
  -6.989  0.1649E+01  0.4742E+01
  -6.979  0.1641E+01  0.4759E+01
  -6.969  0.1633E+01  0.4775E+01
  -6.959  0.1626E+01  0.4791E+01
  -6.949  0.1618E+01  0.4808E+01
  -6.939  0.1611E+01  0.4824E+01
  -6.929  0.1604E+01  0.4840E+01
  -6.919  0.1597E+01  0.4856E+01
  -6.909  0.1590E+01  0.4872E+01
  -6.899  0.1584E+01  0.4887E+01
  -6.889  0.1577E+01  0.4903E+01
  -6.879  0.1571E+01  0.4919E+01
  -6.869  0.1565E+01  0.4935E+01
  -6.859  0.1559E+01  0.4950E+01
  -6.849  0.1553E+01  0.4966E+01
  -6.839  0.1547E+01  0.4981E+01
  -6.829  0.1541E+01  0.4997E+01
  -6.819  0.1536E+01  0.5012E+01
  -6.809  0.1530E+01  0.5027E+01
  -6.799  0.1525E+01  0.5043E+01
  -6.789  0.1520E+01  0.5058E+01
  -6.779  0.1515E+01  0.5073E+01
  -6.769  0.1510E+01  0.5088E+01
  -6.759  0.1505E+01  0.5103E+01
  -6.749  0.1500E+01  0.5118E+01
  -6.739  0.1495E+01  0.5133E+01
  -6.729  0.1491E+01  0.5148E+01
  -6.719  0.1486E+01  0.5163E+01
  -6.709  0.1482E+01  0.5178E+01
  -6.699  0.1477E+01  0.5192E+01
  -6.689  0.1473E+01  0.5207E+01
  -6.679  0.1469E+01  0.5222E+01
  -6.669  0.1464E+01  0.5236E+01
  -6.659  0.1460E+01  0.5251E+01
  -6.649  0.1456E+01  0.5266E+01
  -6.639  0.1452E+01  0.5280E+01
  -6.629  0.1448E+01  0.5295E+01
  -6.619  0.1444E+01  0.5309E+01
  -6.609  0.1441E+01  0.5323E+01
  -6.599  0.1437E+01  0.5338E+01
  -6.589  0.1433E+01  0.5352E+01
  -6.579  0.1429E+01  0.5366E+01
  -6.569  0.1426E+01  0.5381E+01
  -6.559  0.1422E+01  0.5395E+01
  -6.549  0.1419E+01  0.5409E+01
  -6.539  0.1415E+01  0.5423E+01
  -6.529  0.1412E+01  0.5437E+01
  -6.519  0.1408E+01  0.5451E+01
  -6.509  0.1405E+01  0.5465E+01
  -6.499  0.1402E+01  0.5479E+01
  -6.489  0.1398E+01  0.5493E+01
  -6.479  0.1395E+01  0.5507E+01
  -6.469  0.1392E+01  0.5521E+01
  -6.459  0.1389E+01  0.5535E+01
  -6.449  0.1386E+01  0.5549E+01
  -6.439  0.1383E+01  0.5563E+01
  -6.429  0.1380E+01  0.5577E+01
  -6.419  0.1377E+01  0.5590E+01
  -6.409  0.1374E+01  0.5604E+01
  -6.399  0.1371E+01  0.5618E+01
  -6.389  0.1368E+01  0.5632E+01
  -6.379  0.1365E+01  0.5645E+01
  -6.369  0.1362E+01  0.5659E+01
  -6.359  0.1359E+01  0.5672E+01
  -6.349  0.1356E+01  0.5686E+01
  -6.339  0.1354E+01  0.5700E+01
  -6.329  0.1351E+01  0.5713E+01
  -6.319  0.1348E+01  0.5727E+01
  -6.309  0.1346E+01  0.5740E+01
  -6.299  0.1343E+01  0.5753E+01
  -6.289  0.1340E+01  0.5767E+01
  -6.279  0.1338E+01  0.5780E+01
  -6.269  0.1335E+01  0.5794E+01
  -6.259  0.1333E+01  0.5807E+01
  -6.249  0.1330E+01  0.5820E+01
  -6.239  0.1327E+01  0.5833E+01
  -6.229  0.1325E+01  0.5847E+01
  -6.219  0.1323E+01  0.5860E+01
  -6.209  0.1320E+01  0.5873E+01
  -6.199  0.1318E+01  0.5886E+01
  -6.189  0.1315E+01  0.5899E+01
  -6.179  0.1313E+01  0.5913E+01
  -6.169  0.1311E+01  0.5926E+01
  -6.159  0.1308E+01  0.5939E+01
  -6.149  0.1306E+01  0.5952E+01
  -6.139  0.1304E+01  0.5965E+01
  -6.129  0.1301E+01  0.5978E+01
  -6.119  0.1299E+01  0.5991E+01
  -6.109  0.1297E+01  0.6004E+01
  -6.099  0.1295E+01  0.6017E+01
  -6.089  0.1292E+01  0.6030E+01
  -6.079  0.1290E+01  0.6043E+01
  -6.069  0.1288E+01  0.6056E+01
  -6.059  0.1286E+01  0.6068E+01
  -6.049  0.1284E+01  0.6081E+01
  -6.039  0.1282E+01  0.6094E+01
  -6.029  0.1280E+01  0.6107E+01
  -6.019  0.1278E+01  0.6120E+01
  -6.009  0.1276E+01  0.6132E+01
  -5.999  0.1274E+01  0.6145E+01
  -5.989  0.1272E+01  0.6158E+01
  -5.979  0.1270E+01  0.6170E+01
  -5.969  0.1268E+01  0.6183E+01
  -5.959  0.1266E+01  0.6196E+01
  -5.949  0.1264E+01  0.6208E+01
  -5.939  0.1262E+01  0.6221E+01
  -5.929  0.1260E+01  0.6234E+01
  -5.919  0.1258E+01  0.6246E+01
  -5.909  0.1256E+01  0.6259E+01
  -5.899  0.1254E+01  0.6271E+01
  -5.889  0.1252E+01  0.6284E+01
  -5.879  0.1251E+01  0.6296E+01
  -5.869  0.1249E+01  0.6309E+01
  -5.859  0.1247E+01  0.6321E+01
  -5.849  0.1245E+01  0.6334E+01
  -5.839  0.1243E+01  0.6346E+01
  -5.829  0.1242E+01  0.6359E+01
  -5.819  0.1240E+01  0.6371E+01
  -5.809  0.1238E+01  0.6383E+01
  -5.799  0.1236E+01  0.6396E+01
  -5.789  0.1235E+01  0.6408E+01
  -5.779  0.1233E+01  0.6420E+01
  -5.769  0.1231E+01  0.6433E+01
  -5.759  0.1230E+01  0.6445E+01
  -5.749  0.1228E+01  0.6457E+01
  -5.739  0.1226E+01  0.6470E+01
  -5.729  0.1225E+01  0.6482E+01
  -5.719  0.1223E+01  0.6494E+01
  -5.709  0.1221E+01  0.6506E+01
  -5.699  0.1220E+01  0.6519E+01
  -5.689  0.1218E+01  0.6531E+01
  -5.679  0.1217E+01  0.6543E+01
  -5.669  0.1215E+01  0.6555E+01
  -5.659  0.1214E+01  0.6567E+01
  -5.649  0.1212E+01  0.6579E+01
  -5.639  0.1210E+01  0.6591E+01
  -5.629  0.1209E+01  0.6603E+01
  -5.619  0.1207E+01  0.6616E+01
  -5.609  0.1206E+01  0.6628E+01
  -5.599  0.1204E+01  0.6640E+01
  -5.589  0.1203E+01  0.6652E+01
  -5.579  0.1202E+01  0.6664E+01
  -5.569  0.1200E+01  0.6676E+01
  -5.559  0.1199E+01  0.6688E+01
  -5.549  0.1197E+01  0.6700E+01
  -5.539  0.1196E+01  0.6712E+01
  -5.529  0.1195E+01  0.6724E+01
  -5.519  0.1193E+01  0.6735E+01
  -5.509  0.1192E+01  0.6747E+01
  -5.499  0.1190E+01  0.6759E+01
  -5.489  0.1189E+01  0.6771E+01
  -5.479  0.1188E+01  0.6783E+01
  -5.469  0.1186E+01  0.6795E+01
  -5.459  0.1185E+01  0.6807E+01
  -5.449  0.1184E+01  0.6819E+01
  -5.439  0.1182E+01  0.6830E+01
  -5.429  0.1181E+01  0.6842E+01
  -5.419  0.1180E+01  0.6854E+01
  -5.409  0.1179E+01  0.6866E+01
  -5.399  0.1177E+01  0.6878E+01
  -5.389  0.1176E+01  0.6889E+01
  -5.379  0.1175E+01  0.6901E+01
  -5.369  0.1174E+01  0.6913E+01
  -5.359  0.1173E+01  0.6925E+01
  -5.349  0.1171E+01  0.6936E+01
  -5.339  0.1170E+01  0.6948E+01
  -5.329  0.1169E+01  0.6960E+01
  -5.319  0.1168E+01  0.6971E+01
  -5.309  0.1167E+01  0.6983E+01
  -5.299  0.1165E+01  0.6995E+01
  -5.289  0.1164E+01  0.7006E+01
  -5.279  0.1163E+01  0.7018E+01
  -5.269  0.1162E+01  0.7030E+01
  -5.259  0.1161E+01  0.7041E+01
  -5.249  0.1160E+01  0.7053E+01
  -5.239  0.1159E+01  0.7064E+01
  -5.229  0.1158E+01  0.7076E+01
  -5.219  0.1157E+01  0.7088E+01
  -5.209  0.1156E+01  0.7099E+01
  -5.199  0.1155E+01  0.7111E+01
  -5.189  0.1154E+01  0.7122E+01
  -5.179  0.1153E+01  0.7134E+01
  -5.169  0.1152E+01  0.7145E+01
  -5.159  0.1151E+01  0.7157E+01
  -5.149  0.1150E+01  0.7168E+01
  -5.139  0.1149E+01  0.7180E+01
  -5.129  0.1148E+01  0.7191E+01
  -5.119  0.1147E+01  0.7203E+01
  -5.109  0.1146E+01  0.7214E+01
  -5.099  0.1145E+01  0.7226E+01
  -5.089  0.1144E+01  0.7237E+01
  -5.079  0.1143E+01  0.7248E+01
  -5.069  0.1142E+01  0.7260E+01
  -5.059  0.1141E+01  0.7271E+01
  -5.049  0.1140E+01  0.7283E+01
  -5.039  0.1139E+01  0.7294E+01
  -5.029  0.1138E+01  0.7305E+01
  -5.019  0.1138E+01  0.7317E+01
  -5.009  0.1137E+01  0.7328E+01
  -4.999  0.1136E+01  0.7340E+01
  -4.989  0.1135E+01  0.7351E+01
  -4.979  0.1134E+01  0.7362E+01
  -4.969  0.1133E+01  0.7374E+01
  -4.959  0.1133E+01  0.7385E+01
  -4.949  0.1132E+01  0.7396E+01
  -4.939  0.1131E+01  0.7407E+01
  -4.929  0.1130E+01  0.7419E+01
  -4.919  0.1130E+01  0.7430E+01
  -4.909  0.1129E+01  0.7441E+01
  -4.899  0.1128E+01  0.7453E+01
  -4.889  0.1127E+01  0.7464E+01
  -4.879  0.1127E+01  0.7475E+01
  -4.869  0.1126E+01  0.7486E+01
  -4.859  0.1125E+01  0.7498E+01
  -4.849  0.1125E+01  0.7509E+01
  -4.839  0.1124E+01  0.7520E+01
  -4.829  0.1123E+01  0.7531E+01
  -4.819  0.1123E+01  0.7543E+01
  -4.809  0.1122E+01  0.7554E+01
  -4.799  0.1122E+01  0.7565E+01
  -4.789  0.1121E+01  0.7576E+01
  -4.779  0.1120E+01  0.7588E+01
  -4.769  0.1120E+01  0.7599E+01
  -4.759  0.1119E+01  0.7610E+01
  -4.749  0.1119E+01  0.7621E+01
  -4.739  0.1118E+01  0.7632E+01
  -4.729  0.1117E+01  0.7643E+01
  -4.719  0.1117E+01  0.7655E+01
  -4.709  0.1116E+01  0.7666E+01
  -4.699  0.1116E+01  0.7677E+01
  -4.689  0.1115E+01  0.7688E+01
  -4.679  0.1115E+01  0.7699E+01
  -4.669  0.1114E+01  0.7710E+01
  -4.659  0.1114E+01  0.7722E+01
  -4.649  0.1113E+01  0.7733E+01
  -4.639  0.1113E+01  0.7744E+01
  -4.629  0.1112E+01  0.7755E+01
  -4.619  0.1112E+01  0.7766E+01
  -4.609  0.1111E+01  0.7777E+01
  -4.599  0.1111E+01  0.7788E+01
  -4.589  0.1110E+01  0.7799E+01
  -4.579  0.1109E+01  0.7810E+01
  -4.569  0.1109E+01  0.7822E+01
  -4.559  0.1108E+01  0.7833E+01
  -4.549  0.1108E+01  0.7844E+01
  -4.539  0.1107E+01  0.7855E+01
  -4.529  0.1106E+01  0.7866E+01
  -4.519  0.1106E+01  0.7877E+01
  -4.509  0.1105E+01  0.7888E+01
  -4.499  0.1104E+01  0.7899E+01
  -4.489  0.1103E+01  0.7910E+01
  -4.479  0.1102E+01  0.7921E+01
  -4.469  0.1101E+01  0.7932E+01
  -4.459  0.1100E+01  0.7943E+01
  -4.449  0.1099E+01  0.7954E+01
  -4.439  0.1098E+01  0.7965E+01
  -4.429  0.1096E+01  0.7976E+01
  -4.419  0.1095E+01  0.7987E+01
  -4.409  0.1093E+01  0.7998E+01
  -4.399  0.1092E+01  0.8009E+01
  -4.389  0.1090E+01  0.8020E+01
  -4.379  0.1088E+01  0.8031E+01
  -4.369  0.1086E+01  0.8041E+01
  -4.359  0.1084E+01  0.8052E+01
  -4.349  0.1082E+01  0.8063E+01
  -4.339  0.1079E+01  0.8074E+01
  -4.329  0.1077E+01  0.8085E+01
  -4.319  0.1074E+01  0.8095E+01
  -4.309  0.1071E+01  0.8106E+01
  -4.299  0.1068E+01  0.8117E+01
  -4.289  0.1065E+01  0.8127E+01
  -4.279  0.1061E+01  0.8138E+01
  -4.269  0.1058E+01  0.8149E+01
  -4.259  0.1054E+01  0.8159E+01
  -4.249  0.1050E+01  0.8170E+01
  -4.239  0.1046E+01  0.8180E+01
  -4.229  0.1041E+01  0.8190E+01
  -4.219  0.1037E+01  0.8201E+01
  -4.209  0.1032E+01  0.8211E+01
  -4.199  0.1027E+01  0.8221E+01
  -4.189  0.1022E+01  0.8232E+01
  -4.179  0.1017E+01  0.8242E+01
  -4.169  0.1012E+01  0.8252E+01
  -4.159  0.1006E+01  0.8262E+01
  -4.149  0.1001E+01  0.8272E+01
  -4.139  0.9949E+00  0.8282E+01
  -4.129  0.9891E+00  0.8292E+01
  -4.119  0.9832E+00  0.8302E+01
  -4.109  0.9773E+00  0.8311E+01
  -4.099  0.9712E+00  0.8321E+01
  -4.089  0.9652E+00  0.8331E+01
  -4.079  0.9591E+00  0.8340E+01
  -4.069  0.9530E+00  0.8350E+01
  -4.059  0.9469E+00  0.8359E+01
  -4.049  0.9409E+00  0.8369E+01
  -4.039  0.9349E+00  0.8378E+01
  -4.029  0.9289E+00  0.8387E+01
  -4.019  0.9231E+00  0.8397E+01
  -4.009  0.9174E+00  0.8406E+01
  -3.999  0.9118E+00  0.8415E+01
  -3.989  0.9063E+00  0.8424E+01
  -3.979  0.9010E+00  0.8433E+01
  -3.969  0.8959E+00  0.8442E+01
  -3.959  0.8910E+00  0.8451E+01
  -3.949  0.8863E+00  0.8460E+01
  -3.939  0.8819E+00  0.8469E+01
  -3.929  0.8776E+00  0.8477E+01
  -3.919  0.8737E+00  0.8486E+01
  -3.909  0.8700E+00  0.8495E+01
  -3.899  0.8666E+00  0.8503E+01
  -3.889  0.8634E+00  0.8512E+01
  -3.879  0.8606E+00  0.8521E+01
  -3.869  0.8580E+00  0.8529E+01
  -3.859  0.8558E+00  0.8538E+01
  -3.849  0.8539E+00  0.8546E+01
  -3.839  0.8522E+00  0.8555E+01
  -3.829  0.8509E+00  0.8563E+01
  -3.819  0.8499E+00  0.8572E+01
  -3.809  0.8491E+00  0.8580E+01
  -3.799  0.8487E+00  0.8589E+01
  -3.789  0.8486E+00  0.8597E+01
  -3.779  0.8487E+00  0.8606E+01
  -3.769  0.8491E+00  0.8614E+01
  -3.759  0.8497E+00  0.8623E+01
  -3.749  0.8507E+00  0.8631E+01
  -3.739  0.8518E+00  0.8640E+01
  -3.729  0.8532E+00  0.8648E+01
  -3.719  0.8547E+00  0.8657E+01
  -3.709  0.8565E+00  0.8666E+01
  -3.699  0.8585E+00  0.8674E+01
  -3.689  0.8606E+00  0.8683E+01
  -3.679  0.8628E+00  0.8691E+01
  -3.669  0.8652E+00  0.8700E+01
  -3.659  0.8677E+00  0.8709E+01
  -3.649  0.8702E+00  0.8717E+01
  -3.639  0.8729E+00  0.8726E+01
  -3.629  0.8756E+00  0.8735E+01
  -3.619  0.8783E+00  0.8744E+01
  -3.609  0.8811E+00  0.8752E+01
  -3.599  0.8839E+00  0.8761E+01
  -3.589  0.8866E+00  0.8770E+01
  -3.579  0.8893E+00  0.8779E+01
  -3.569  0.8920E+00  0.8788E+01
  -3.559  0.8946E+00  0.8797E+01
  -3.549  0.8971E+00  0.8806E+01
  -3.539  0.8995E+00  0.8815E+01
  -3.529  0.9018E+00  0.8824E+01
  -3.519  0.9039E+00  0.8833E+01
  -3.509  0.9059E+00  0.8842E+01
  -3.499  0.9078E+00  0.8851E+01
  -3.489  0.9095E+00  0.8860E+01
  -3.479  0.9110E+00  0.8869E+01
  -3.469  0.9123E+00  0.8878E+01
  -3.459  0.9134E+00  0.8888E+01
  -3.449  0.9143E+00  0.8897E+01
  -3.439  0.9150E+00  0.8906E+01
  -3.429  0.9154E+00  0.8915E+01
  -3.419  0.9156E+00  0.8924E+01
  -3.409  0.9155E+00  0.8933E+01
  -3.399  0.9152E+00  0.8942E+01
  -3.389  0.9146E+00  0.8952E+01
  -3.379  0.9138E+00  0.8961E+01
  -3.369  0.9126E+00  0.8970E+01
  -3.359  0.9112E+00  0.8979E+01
  -3.349  0.9095E+00  0.8988E+01
  -3.339  0.9075E+00  0.8997E+01
  -3.329  0.9053E+00  0.9006E+01
  -3.319  0.9027E+00  0.9015E+01
  -3.309  0.8998E+00  0.9024E+01
  -3.299  0.8967E+00  0.9033E+01
  -3.289  0.8933E+00  0.9042E+01
  -3.279  0.8896E+00  0.9051E+01
  -3.269  0.8856E+00  0.9060E+01
  -3.259  0.8813E+00  0.9069E+01
  -3.249  0.8767E+00  0.9077E+01
  -3.239  0.8719E+00  0.9086E+01
  -3.229  0.8668E+00  0.9095E+01
  -3.219  0.8615E+00  0.9103E+01
  -3.209  0.8559E+00  0.9112E+01
  -3.199  0.8501E+00  0.9121E+01
  -3.189  0.8441E+00  0.9129E+01
  -3.179  0.8378E+00  0.9137E+01
  -3.169  0.8313E+00  0.9146E+01
  -3.159  0.8246E+00  0.9154E+01
  -3.149  0.8178E+00  0.9162E+01
  -3.139  0.8107E+00  0.9170E+01
  -3.129  0.8035E+00  0.9178E+01
  -3.119  0.7962E+00  0.9186E+01
  -3.109  0.7887E+00  0.9194E+01
  -3.099  0.7811E+00  0.9202E+01
  -3.089  0.7734E+00  0.9210E+01
  -3.079  0.7656E+00  0.9217E+01
  -3.069  0.7577E+00  0.9225E+01
  -3.059  0.7497E+00  0.9232E+01
  -3.049  0.7417E+00  0.9240E+01
  -3.039  0.7337E+00  0.9247E+01
  -3.029  0.7256E+00  0.9254E+01
  -3.019  0.7175E+00  0.9262E+01
  -3.009  0.7094E+00  0.9269E+01
  -2.999  0.7013E+00  0.9276E+01
  -2.989  0.6932E+00  0.9283E+01
  -2.979  0.6852E+00  0.9289E+01
  -2.969  0.6772E+00  0.9296E+01
  -2.959  0.6692E+00  0.9303E+01
  -2.949  0.6613E+00  0.9310E+01
  -2.939  0.6535E+00  0.9316E+01
  -2.929  0.6457E+00  0.9323E+01
  -2.919  0.6380E+00  0.9329E+01
  -2.909  0.6304E+00  0.9335E+01
  -2.899  0.6229E+00  0.9341E+01
  -2.889  0.6155E+00  0.9348E+01
  -2.879  0.6082E+00  0.9354E+01
  -2.869  0.6010E+00  0.9360E+01
  -2.859  0.5939E+00  0.9366E+01
  -2.849  0.5869E+00  0.9371E+01
  -2.839  0.5800E+00  0.9377E+01
  -2.829  0.5732E+00  0.9383E+01
  -2.819  0.5666E+00  0.9389E+01
  -2.809  0.5600E+00  0.9394E+01
  -2.799  0.5536E+00  0.9400E+01
  -2.789  0.5472E+00  0.9405E+01
  -2.779  0.5410E+00  0.9411E+01
  -2.769  0.5349E+00  0.9416E+01
  -2.759  0.5289E+00  0.9421E+01
  -2.749  0.5230E+00  0.9427E+01
  -2.739  0.5172E+00  0.9432E+01
  -2.729  0.5115E+00  0.9437E+01
  -2.719  0.5059E+00  0.9442E+01
  -2.709  0.5004E+00  0.9447E+01
  -2.699  0.4950E+00  0.9452E+01
  -2.689  0.4897E+00  0.9457E+01
  -2.679  0.4845E+00  0.9462E+01
  -2.669  0.4794E+00  0.9466E+01
  -2.659  0.4744E+00  0.9471E+01
  -2.649  0.4694E+00  0.9476E+01
  -2.639  0.4645E+00  0.9480E+01
  -2.629  0.4597E+00  0.9485E+01
  -2.619  0.4550E+00  0.9490E+01
  -2.609  0.4503E+00  0.9494E+01
  -2.599  0.4458E+00  0.9499E+01
  -2.589  0.4412E+00  0.9503E+01
  -2.579  0.4368E+00  0.9507E+01
  -2.569  0.4324E+00  0.9512E+01
  -2.559  0.4281E+00  0.9516E+01
  -2.549  0.4238E+00  0.9520E+01
  -2.539  0.4196E+00  0.9524E+01
  -2.529  0.4154E+00  0.9529E+01
  -2.519  0.4113E+00  0.9533E+01
  -2.509  0.4072E+00  0.9537E+01
  -2.499  0.4032E+00  0.9541E+01
  -2.489  0.3993E+00  0.9545E+01
  -2.479  0.3953E+00  0.9549E+01
  -2.469  0.3915E+00  0.9553E+01
  -2.459  0.3876E+00  0.9557E+01
  -2.449  0.3839E+00  0.9560E+01
  -2.439  0.3801E+00  0.9564E+01
  -2.429  0.3764E+00  0.9568E+01
  -2.419  0.3727E+00  0.9572E+01
  -2.409  0.3691E+00  0.9575E+01
  -2.399  0.3655E+00  0.9579E+01
  -2.389  0.3619E+00  0.9583E+01
  -2.379  0.3584E+00  0.9586E+01
  -2.369  0.3549E+00  0.9590E+01
  -2.359  0.3514E+00  0.9593E+01
  -2.349  0.3480E+00  0.9597E+01
  -2.339  0.3445E+00  0.9600E+01
  -2.329  0.3412E+00  0.9604E+01
  -2.319  0.3378E+00  0.9607E+01
  -2.309  0.3345E+00  0.9610E+01
  -2.299  0.3312E+00  0.9614E+01
  -2.289  0.3279E+00  0.9617E+01
  -2.279  0.3247E+00  0.9620E+01
  -2.269  0.3214E+00  0.9623E+01
  -2.259  0.3182E+00  0.9627E+01
  -2.249  0.3151E+00  0.9630E+01
  -2.239  0.3119E+00  0.9633E+01
  -2.229  0.3088E+00  0.9636E+01
  -2.219  0.3057E+00  0.9639E+01
  -2.209  0.3026E+00  0.9642E+01
  -2.199  0.2995E+00  0.9645E+01
  -2.189  0.2965E+00  0.9648E+01
  -2.179  0.2934E+00  0.9651E+01
  -2.169  0.2904E+00  0.9654E+01
  -2.159  0.2874E+00  0.9657E+01
  -2.149  0.2845E+00  0.9660E+01
  -2.139  0.2815E+00  0.9662E+01
  -2.129  0.2786E+00  0.9665E+01
  -2.119  0.2757E+00  0.9668E+01
  -2.109  0.2728E+00  0.9671E+01
  -2.099  0.2699E+00  0.9673E+01
  -2.089  0.2670E+00  0.9676E+01
  -2.079  0.2642E+00  0.9679E+01
  -2.069  0.2614E+00  0.9681E+01
  -2.059  0.2585E+00  0.9684E+01
  -2.049  0.2557E+00  0.9686E+01
  -2.039  0.2530E+00  0.9689E+01
  -2.029  0.2502E+00  0.9691E+01
  -2.019  0.2474E+00  0.9694E+01
  -2.009  0.2447E+00  0.9696E+01
  -1.999  0.2419E+00  0.9699E+01
  -1.989  0.2392E+00  0.9701E+01
  -1.979  0.2365E+00  0.9703E+01
  -1.969  0.2338E+00  0.9706E+01
  -1.959  0.2312E+00  0.9708E+01
  -1.949  0.2285E+00  0.9710E+01
  -1.939  0.2258E+00  0.9713E+01
  -1.929  0.2232E+00  0.9715E+01
  -1.919  0.2206E+00  0.9717E+01
  -1.909  0.2179E+00  0.9719E+01
  -1.899  0.2153E+00  0.9721E+01
  -1.889  0.2127E+00  0.9724E+01
  -1.879  0.2102E+00  0.9726E+01
  -1.869  0.2076E+00  0.9728E+01
  -1.859  0.2050E+00  0.9730E+01
  -1.849  0.2025E+00  0.9732E+01
  -1.839  0.1999E+00  0.9734E+01
  -1.829  0.1974E+00  0.9736E+01
  -1.819  0.1949E+00  0.9738E+01
  -1.809  0.1923E+00  0.9740E+01
  -1.799  0.1898E+00  0.9742E+01
  -1.789  0.1873E+00  0.9743E+01
  -1.779  0.1848E+00  0.9745E+01
  -1.769  0.1824E+00  0.9747E+01
  -1.759  0.1799E+00  0.9749E+01
  -1.749  0.1774E+00  0.9751E+01
  -1.739  0.1750E+00  0.9752E+01
  -1.729  0.1725E+00  0.9754E+01
  -1.719  0.1701E+00  0.9756E+01
  -1.709  0.1676E+00  0.9758E+01
  -1.699  0.1652E+00  0.9759E+01
  -1.689  0.1628E+00  0.9761E+01
  -1.679  0.1603E+00  0.9762E+01
  -1.669  0.1579E+00  0.9764E+01
  -1.659  0.1555E+00  0.9766E+01
  -1.649  0.1531E+00  0.9767E+01
  -1.639  0.1507E+00  0.9769E+01
  -1.629  0.1484E+00  0.9770E+01
  -1.619  0.1460E+00  0.9772E+01
  -1.609  0.1436E+00  0.9773E+01
  -1.599  0.1412E+00  0.9774E+01
  -1.589  0.1389E+00  0.9776E+01
  -1.579  0.1365E+00  0.9777E+01
  -1.569  0.1342E+00  0.9778E+01
  -1.559  0.1318E+00  0.9780E+01
  -1.549  0.1295E+00  0.9781E+01
  -1.539  0.1272E+00  0.9782E+01
  -1.529  0.1249E+00  0.9784E+01
  -1.519  0.1226E+00  0.9785E+01
  -1.509  0.1203E+00  0.9786E+01
  -1.499  0.1180E+00  0.9787E+01
  -1.489  0.1157E+00  0.9788E+01
  -1.479  0.1134E+00  0.9790E+01
  -1.469  0.1111E+00  0.9791E+01
  -1.459  0.1089E+00  0.9792E+01
  -1.449  0.1066E+00  0.9793E+01
  -1.439  0.1044E+00  0.9794E+01
  -1.429  0.1022E+00  0.9795E+01
  -1.419  0.9996E-01  0.9796E+01
  -1.409  0.9776E-01  0.9797E+01
  -1.399  0.9559E-01  0.9798E+01
  -1.389  0.9343E-01  0.9799E+01
  -1.379  0.9129E-01  0.9800E+01
  -1.369  0.8916E-01  0.9801E+01
  -1.359  0.8706E-01  0.9801E+01
  -1.349  0.8498E-01  0.9802E+01
  -1.339  0.8292E-01  0.9803E+01
  -1.329  0.8089E-01  0.9804E+01
  -1.319  0.7889E-01  0.9805E+01
  -1.309  0.7691E-01  0.9805E+01
  -1.299  0.7497E-01  0.9806E+01
  -1.289  0.7305E-01  0.9807E+01
  -1.279  0.7117E-01  0.9808E+01
  -1.269  0.6932E-01  0.9808E+01
  -1.259  0.6751E-01  0.9809E+01
  -1.249  0.6574E-01  0.9810E+01
  -1.239  0.6401E-01  0.9810E+01
  -1.229  0.6232E-01  0.9811E+01
  -1.219  0.6068E-01  0.9812E+01
  -1.209  0.5909E-01  0.9812E+01
  -1.199  0.5754E-01  0.9813E+01
  -1.189  0.5604E-01  0.9813E+01
  -1.179  0.5460E-01  0.9814E+01
  -1.169  0.5321E-01  0.9814E+01
  -1.159  0.5187E-01  0.9815E+01
  -1.149  0.5059E-01  0.9815E+01
  -1.139  0.4938E-01  0.9816E+01
  -1.129  0.4822E-01  0.9816E+01
  -1.119  0.4713E-01  0.9817E+01
  -1.109  0.4610E-01  0.9817E+01
  -1.099  0.4514E-01  0.9818E+01
  -1.089  0.4425E-01  0.9818E+01
  -1.079  0.4343E-01  0.9819E+01
  -1.069  0.4268E-01  0.9819E+01
  -1.059  0.4200E-01  0.9819E+01
  -1.049  0.4139E-01  0.9820E+01
  -1.039  0.4086E-01  0.9820E+01
  -1.029  0.4040E-01  0.9821E+01
  -1.019  0.4002E-01  0.9821E+01
  -1.009  0.3972E-01  0.9821E+01
  -0.999  0.3950E-01  0.9822E+01
  -0.989  0.3935E-01  0.9822E+01
  -0.979  0.3929E-01  0.9823E+01
  -0.969  0.3930E-01  0.9823E+01
  -0.959  0.3939E-01  0.9823E+01
  -0.949  0.3956E-01  0.9824E+01
  -0.939  0.3982E-01  0.9824E+01
  -0.929  0.4015E-01  0.9825E+01
  -0.919  0.4056E-01  0.9825E+01
  -0.909  0.4105E-01  0.9825E+01
  -0.899  0.4162E-01  0.9826E+01
  -0.889  0.4227E-01  0.9826E+01
  -0.879  0.4300E-01  0.9827E+01
  -0.869  0.4380E-01  0.9827E+01
  -0.859  0.4468E-01  0.9828E+01
  -0.849  0.4563E-01  0.9828E+01
  -0.839  0.4666E-01  0.9829E+01
  -0.829  0.4776E-01  0.9829E+01
  -0.819  0.4893E-01  0.9829E+01
  -0.809  0.5017E-01  0.9830E+01
  -0.799  0.5148E-01  0.9831E+01
  -0.789  0.5286E-01  0.9831E+01
  -0.779  0.5430E-01  0.9832E+01
  -0.769  0.5581E-01  0.9832E+01
  -0.759  0.5738E-01  0.9833E+01
  -0.749  0.5901E-01  0.9833E+01
  -0.739  0.6070E-01  0.9834E+01
  -0.729  0.6244E-01  0.9835E+01
  -0.719  0.6424E-01  0.9835E+01
  -0.709  0.6609E-01  0.9836E+01
  -0.699  0.6800E-01  0.9837E+01
  -0.689  0.6995E-01  0.9837E+01
  -0.679  0.7195E-01  0.9838E+01
  -0.669  0.7400E-01  0.9839E+01
  -0.659  0.7609E-01  0.9839E+01
  -0.649  0.7823E-01  0.9840E+01
  -0.639  0.8041E-01  0.9841E+01
  -0.629  0.8262E-01  0.9842E+01
  -0.619  0.8487E-01  0.9843E+01
  -0.609  0.8716E-01  0.9844E+01
  -0.599  0.8949E-01  0.9844E+01
  -0.589  0.9184E-01  0.9845E+01
  -0.579  0.9423E-01  0.9846E+01
  -0.569  0.9665E-01  0.9847E+01
  -0.559  0.9910E-01  0.9848E+01
  -0.549  0.1016E+00  0.9849E+01
  -0.539  0.1041E+00  0.9850E+01
  -0.529  0.1066E+00  0.9851E+01
  -0.519  0.1092E+00  0.9852E+01
  -0.509  0.1118E+00  0.9854E+01
  -0.499  0.1144E+00  0.9855E+01
  -0.489  0.1170E+00  0.9856E+01
  -0.479  0.1196E+00  0.9857E+01
  -0.469  0.1223E+00  0.9858E+01
  -0.459  0.1250E+00  0.9860E+01
  -0.449  0.1277E+00  0.9861E+01
  -0.439  0.1305E+00  0.9862E+01
  -0.429  0.1333E+00  0.9864E+01
  -0.419  0.1360E+00  0.9865E+01
  -0.409  0.1389E+00  0.9866E+01
  -0.399  0.1417E+00  0.9868E+01
  -0.389  0.1446E+00  0.9869E+01
  -0.379  0.1474E+00  0.9871E+01
  -0.369  0.1503E+00  0.9872E+01
  -0.359  0.1533E+00  0.9874E+01
  -0.349  0.1562E+00  0.9875E+01
  -0.339  0.1592E+00  0.9877E+01
  -0.329  0.1622E+00  0.9878E+01
  -0.319  0.1652E+00  0.9880E+01
  -0.309  0.1683E+00  0.9882E+01
  -0.299  0.1714E+00  0.9883E+01
  -0.289  0.1745E+00  0.9885E+01
  -0.279  0.1776E+00  0.9887E+01
  -0.269  0.1808E+00  0.9889E+01
  -0.259  0.1840E+00  0.9891E+01
  -0.249  0.1873E+00  0.9893E+01
  -0.239  0.1906E+00  0.9894E+01
  -0.229  0.1939E+00  0.9896E+01
  -0.219  0.1973E+00  0.9898E+01
  -0.209  0.2007E+00  0.9900E+01
  -0.199  0.2041E+00  0.9902E+01
  -0.189  0.2076E+00  0.9904E+01
  -0.179  0.2111E+00  0.9907E+01
  -0.169  0.2147E+00  0.9909E+01
  -0.159  0.2184E+00  0.9911E+01
  -0.149  0.2221E+00  0.9913E+01
  -0.139  0.2258E+00  0.9915E+01
  -0.129  0.2296E+00  0.9918E+01
  -0.119  0.2335E+00  0.9920E+01
  -0.109  0.2374E+00  0.9922E+01
  -0.099  0.2414E+00  0.9925E+01
  -0.089  0.2455E+00  0.9927E+01
  -0.079  0.2496E+00  0.9930E+01
  -0.069  0.2539E+00  0.9932E+01
  -0.059  0.2582E+00  0.9935E+01
  -0.049  0.2626E+00  0.9937E+01
  -0.039  0.2671E+00  0.9940E+01
  -0.029  0.2717E+00  0.9943E+01
  -0.019  0.2764E+00  0.9946E+01
  -0.009  0.2812E+00  0.9948E+01
   0.001  0.2861E+00  0.9951E+01
   0.011  0.2911E+00  0.9954E+01
   0.021  0.2963E+00  0.9957E+01
   0.031  0.3016E+00  0.9960E+01
   0.041  0.3070E+00  0.9963E+01
   0.051  0.3126E+00  0.9966E+01
   0.061  0.3183E+00  0.9970E+01
   0.071  0.3241E+00  0.9973E+01
   0.081  0.3302E+00  0.9976E+01
   0.091  0.3364E+00  0.9979E+01
   0.101  0.3427E+00  0.9983E+01
   0.111  0.3493E+00  0.9986E+01
   0.121  0.3560E+00  0.9990E+01
   0.131  0.3630E+00  0.9994E+01
   0.141  0.3701E+00  0.9997E+01
   0.151  0.3774E+00  0.1000E+02
   0.161  0.3850E+00  0.1000E+02
   0.171  0.3927E+00  0.1001E+02
   0.181  0.4007E+00  0.1001E+02
   0.191  0.4088E+00  0.1002E+02
   0.201  0.4173E+00  0.1002E+02
   0.211  0.4259E+00  0.1003E+02
   0.221  0.4347E+00  0.1003E+02
   0.231  0.4438E+00  0.1003E+02
   0.241  0.4531E+00  0.1004E+02
   0.251  0.4627E+00  0.1004E+02
   0.261  0.4724E+00  0.1005E+02
   0.271  0.4824E+00  0.1005E+02
   0.281  0.4926E+00  0.1006E+02
   0.291  0.5030E+00  0.1006E+02
   0.301  0.5136E+00  0.1007E+02
   0.311  0.5244E+00  0.1007E+02
   0.321  0.5354E+00  0.1008E+02
   0.331  0.5466E+00  0.1008E+02
   0.341  0.5579E+00  0.1009E+02
   0.351  0.5694E+00  0.1010E+02
   0.361  0.5810E+00  0.1010E+02
   0.371  0.5927E+00  0.1011E+02
   0.381  0.6045E+00  0.1011E+02
   0.391  0.6164E+00  0.1012E+02
   0.401  0.6284E+00  0.1013E+02
   0.411  0.6404E+00  0.1013E+02
   0.421  0.6524E+00  0.1014E+02
   0.431  0.6645E+00  0.1015E+02
   0.441  0.6765E+00  0.1015E+02
   0.451  0.6885E+00  0.1016E+02
   0.461  0.7004E+00  0.1017E+02
   0.471  0.7122E+00  0.1017E+02
   0.481  0.7240E+00  0.1018E+02
   0.491  0.7356E+00  0.1019E+02
   0.501  0.7470E+00  0.1019E+02
   0.511  0.7583E+00  0.1020E+02
   0.521  0.7693E+00  0.1021E+02
   0.531  0.7802E+00  0.1022E+02
   0.541  0.7908E+00  0.1023E+02
   0.551  0.8011E+00  0.1023E+02
   0.561  0.8111E+00  0.1024E+02
   0.571  0.8209E+00  0.1025E+02
   0.581  0.8303E+00  0.1026E+02
   0.591  0.8394E+00  0.1027E+02
   0.601  0.8481E+00  0.1028E+02
   0.611  0.8565E+00  0.1028E+02
   0.621  0.8645E+00  0.1029E+02
   0.631  0.8721E+00  0.1030E+02
   0.641  0.8793E+00  0.1031E+02
   0.651  0.8861E+00  0.1032E+02
   0.661  0.8924E+00  0.1033E+02
   0.671  0.8984E+00  0.1034E+02
   0.681  0.9039E+00  0.1035E+02
   0.691  0.9089E+00  0.1036E+02
   0.701  0.9136E+00  0.1036E+02
   0.711  0.9178E+00  0.1037E+02
   0.721  0.9215E+00  0.1038E+02
   0.731  0.9248E+00  0.1039E+02
   0.741  0.9277E+00  0.1040E+02
   0.751  0.9301E+00  0.1041E+02
   0.761  0.9321E+00  0.1042E+02
   0.771  0.9337E+00  0.1043E+02
   0.781  0.9348E+00  0.1044E+02
   0.791  0.9355E+00  0.1045E+02
   0.801  0.9358E+00  0.1046E+02
   0.811  0.9358E+00  0.1047E+02
   0.821  0.9353E+00  0.1048E+02
   0.831  0.9344E+00  0.1049E+02
   0.841  0.9332E+00  0.1049E+02
   0.851  0.9316E+00  0.1050E+02
   0.861  0.9296E+00  0.1051E+02
   0.871  0.9273E+00  0.1052E+02
   0.881  0.9247E+00  0.1053E+02
   0.891  0.9218E+00  0.1054E+02
   0.901  0.9186E+00  0.1055E+02
   0.911  0.9151E+00  0.1056E+02
   0.921  0.9113E+00  0.1057E+02
   0.931  0.9072E+00  0.1058E+02
   0.941  0.9030E+00  0.1059E+02
   0.951  0.8984E+00  0.1060E+02
   0.961  0.8937E+00  0.1060E+02
   0.971  0.8888E+00  0.1061E+02
   0.981  0.8837E+00  0.1062E+02
   0.991  0.8784E+00  0.1063E+02
   1.001  0.8730E+00  0.1064E+02
   1.011  0.8674E+00  0.1065E+02
   1.021  0.8617E+00  0.1066E+02
   1.031  0.8559E+00  0.1067E+02
   1.041  0.8500E+00  0.1067E+02
   1.051  0.8440E+00  0.1068E+02
   1.061  0.8380E+00  0.1069E+02
   1.071  0.8319E+00  0.1070E+02
   1.081  0.8258E+00  0.1071E+02
   1.091  0.8197E+00  0.1072E+02
   1.101  0.8135E+00  0.1072E+02
   1.111  0.8074E+00  0.1073E+02
   1.121  0.8012E+00  0.1074E+02
   1.131  0.7951E+00  0.1075E+02
   1.141  0.7890E+00  0.1076E+02
   1.151  0.7830E+00  0.1076E+02
   1.161  0.7770E+00  0.1077E+02
   1.171  0.7711E+00  0.1078E+02
   1.181  0.7652E+00  0.1079E+02
   1.191  0.7594E+00  0.1079E+02
   1.201  0.7537E+00  0.1080E+02
   1.211  0.7481E+00  0.1081E+02
   1.221  0.7425E+00  0.1082E+02
   1.231  0.7371E+00  0.1082E+02
   1.241  0.7317E+00  0.1083E+02
   1.251  0.7265E+00  0.1084E+02
   1.261  0.7213E+00  0.1085E+02
   1.271  0.7163E+00  0.1085E+02
   1.281  0.7113E+00  0.1086E+02
   1.291  0.7065E+00  0.1087E+02
   1.301  0.7018E+00  0.1087E+02
   1.311  0.6972E+00  0.1088E+02
   1.321  0.6927E+00  0.1089E+02
   1.331  0.6883E+00  0.1089E+02
   1.341  0.6840E+00  0.1090E+02
   1.351  0.6798E+00  0.1091E+02
   1.361  0.6757E+00  0.1092E+02
   1.371  0.6717E+00  0.1092E+02
   1.381  0.6677E+00  0.1093E+02
   1.391  0.6639E+00  0.1094E+02
   1.401  0.6602E+00  0.1094E+02
   1.411  0.6566E+00  0.1095E+02
   1.421  0.6531E+00  0.1096E+02
   1.431  0.6496E+00  0.1096E+02
   1.441  0.6462E+00  0.1097E+02
   1.451  0.6429E+00  0.1097E+02
   1.461  0.6397E+00  0.1098E+02
   1.471  0.6366E+00  0.1099E+02
   1.481  0.6335E+00  0.1099E+02
   1.491  0.6305E+00  0.1100E+02
   1.501  0.6276E+00  0.1101E+02
   1.511  0.6247E+00  0.1101E+02
   1.521  0.6219E+00  0.1102E+02
   1.531  0.6191E+00  0.1102E+02
   1.541  0.6164E+00  0.1103E+02
   1.551  0.6138E+00  0.1104E+02
   1.561  0.6112E+00  0.1104E+02
   1.571  0.6087E+00  0.1105E+02
   1.581  0.6062E+00  0.1106E+02
   1.591  0.6038E+00  0.1106E+02
   1.601  0.6014E+00  0.1107E+02
   1.611  0.5990E+00  0.1107E+02
   1.621  0.5967E+00  0.1108E+02
   1.631  0.5945E+00  0.1109E+02
   1.641  0.5922E+00  0.1109E+02
   1.651  0.5900E+00  0.1110E+02
   1.661  0.5879E+00  0.1110E+02
   1.671  0.5858E+00  0.1111E+02
   1.681  0.5837E+00  0.1111E+02
   1.691  0.5817E+00  0.1112E+02
   1.701  0.5797E+00  0.1113E+02
   1.711  0.5777E+00  0.1113E+02
   1.721  0.5758E+00  0.1114E+02
   1.731  0.5738E+00  0.1114E+02
   1.741  0.5720E+00  0.1115E+02
   1.751  0.5701E+00  0.1115E+02
   1.761  0.5683E+00  0.1116E+02
   1.771  0.5665E+00  0.1117E+02
   1.781  0.5648E+00  0.1117E+02
   1.791  0.5631E+00  0.1118E+02
   1.801  0.5614E+00  0.1118E+02
   1.811  0.5597E+00  0.1119E+02
   1.821  0.5581E+00  0.1119E+02
   1.831  0.5566E+00  0.1120E+02
   1.841  0.5550E+00  0.1121E+02
   1.851  0.5535E+00  0.1121E+02
   1.861  0.5520E+00  0.1122E+02
   1.871  0.5506E+00  0.1122E+02
   1.881  0.5492E+00  0.1123E+02
   1.891  0.5479E+00  0.1123E+02
   1.901  0.5466E+00  0.1124E+02
   1.911  0.5454E+00  0.1124E+02
   1.921  0.5442E+00  0.1125E+02
   1.931  0.5430E+00  0.1125E+02
   1.941  0.5419E+00  0.1126E+02
   1.951  0.5409E+00  0.1127E+02
   1.961  0.5400E+00  0.1127E+02
   1.971  0.5391E+00  0.1128E+02
   1.981  0.5382E+00  0.1128E+02
   1.991  0.5375E+00  0.1129E+02
   2.001  0.5368E+00  0.1129E+02
   2.011  0.5362E+00  0.1130E+02
   2.021  0.5357E+00  0.1130E+02
   2.031  0.5353E+00  0.1131E+02
   2.041  0.5350E+00  0.1131E+02
   2.051  0.5348E+00  0.1132E+02
   2.061  0.5346E+00  0.1132E+02
   2.071  0.5346E+00  0.1133E+02
   2.081  0.5347E+00  0.1134E+02
   2.091  0.5349E+00  0.1134E+02
   2.101  0.5352E+00  0.1135E+02
   2.111  0.5357E+00  0.1135E+02
   2.121  0.5363E+00  0.1136E+02
   2.131  0.5370E+00  0.1136E+02
   2.141  0.5378E+00  0.1137E+02
   2.151  0.5388E+00  0.1137E+02
   2.161  0.5399E+00  0.1138E+02
   2.171  0.5411E+00  0.1138E+02
   2.181  0.5425E+00  0.1139E+02
   2.191  0.5440E+00  0.1139E+02
   2.201  0.5457E+00  0.1140E+02
   2.211  0.5475E+00  0.1141E+02
   2.221  0.5495E+00  0.1141E+02
   2.231  0.5516E+00  0.1142E+02
   2.241  0.5539E+00  0.1142E+02
   2.251  0.5562E+00  0.1143E+02
   2.261  0.5588E+00  0.1143E+02
   2.271  0.5614E+00  0.1144E+02
   2.281  0.5642E+00  0.1144E+02
   2.291  0.5672E+00  0.1145E+02
   2.301  0.5702E+00  0.1146E+02
   2.311  0.5734E+00  0.1146E+02
   2.321  0.5767E+00  0.1147E+02
   2.331  0.5801E+00  0.1147E+02
   2.341  0.5837E+00  0.1148E+02
   2.351  0.5873E+00  0.1148E+02
   2.361  0.5910E+00  0.1149E+02
   2.371  0.5949E+00  0.1150E+02
   2.381  0.5988E+00  0.1150E+02
   2.391  0.6028E+00  0.1151E+02
   2.401  0.6069E+00  0.1151E+02
   2.411  0.6110E+00  0.1152E+02
   2.421  0.6153E+00  0.1153E+02
   2.431  0.6195E+00  0.1153E+02
   2.441  0.6239E+00  0.1154E+02
   2.451  0.6283E+00  0.1155E+02
   2.461  0.6327E+00  0.1155E+02
   2.471  0.6372E+00  0.1156E+02
   2.481  0.6417E+00  0.1156E+02
   2.491  0.6463E+00  0.1157E+02
   2.501  0.6509E+00  0.1158E+02
   2.511  0.6555E+00  0.1158E+02
   2.521  0.6602E+00  0.1159E+02
   2.531  0.6648E+00  0.1160E+02
   2.541  0.6695E+00  0.1160E+02
   2.551  0.6742E+00  0.1161E+02
   2.561  0.6789E+00  0.1162E+02
   2.571  0.6837E+00  0.1162E+02
   2.581  0.6884E+00  0.1163E+02
   2.591  0.6931E+00  0.1164E+02
   2.601  0.6979E+00  0.1165E+02
   2.611  0.7026E+00  0.1165E+02
   2.621  0.7073E+00  0.1166E+02
   2.631  0.7121E+00  0.1167E+02
   2.641  0.7168E+00  0.1167E+02
   2.651  0.7215E+00  0.1168E+02
   2.661  0.7262E+00  0.1169E+02
   2.671  0.7309E+00  0.1170E+02
   2.681  0.7356E+00  0.1170E+02
   2.691  0.7402E+00  0.1171E+02
   2.701  0.7448E+00  0.1172E+02
   2.711  0.7494E+00  0.1173E+02
   2.721  0.7540E+00  0.1173E+02
   2.731  0.7585E+00  0.1174E+02
   2.741  0.7630E+00  0.1175E+02
   2.751  0.7675E+00  0.1176E+02
   2.761  0.7718E+00  0.1176E+02
   2.771  0.7762E+00  0.1177E+02
   2.781  0.7805E+00  0.1178E+02
   2.791  0.7847E+00  0.1179E+02
   2.801  0.7888E+00  0.1179E+02
   2.811  0.7929E+00  0.1180E+02
   2.821  0.7969E+00  0.1181E+02
   2.831  0.8008E+00  0.1182E+02
   2.841  0.8047E+00  0.1183E+02
   2.851  0.8084E+00  0.1183E+02
   2.861  0.8121E+00  0.1184E+02
   2.871  0.8156E+00  0.1185E+02
   2.881  0.8191E+00  0.1186E+02
   2.891  0.8224E+00  0.1187E+02
   2.901  0.8257E+00  0.1188E+02
   2.911  0.8288E+00  0.1188E+02
   2.921  0.8319E+00  0.1189E+02
   2.931  0.8348E+00  0.1190E+02
   2.941  0.8376E+00  0.1191E+02
   2.951  0.8404E+00  0.1192E+02
   2.961  0.8430E+00  0.1193E+02
   2.971  0.8455E+00  0.1193E+02
   2.981  0.8480E+00  0.1194E+02
   2.991  0.8503E+00  0.1195E+02
   3.001  0.8526E+00  0.1196E+02
   3.011  0.8547E+00  0.1197E+02
   3.021  0.8568E+00  0.1198E+02
   3.031  0.8589E+00  0.1199E+02
   3.041  0.8608E+00  0.1199E+02
   3.051  0.8627E+00  0.1200E+02
   3.061  0.8646E+00  0.1201E+02
   3.071  0.8664E+00  0.1202E+02
   3.081  0.8681E+00  0.1203E+02
   3.091  0.8698E+00  0.1204E+02
   3.101  0.8716E+00  0.1205E+02
   3.111  0.8733E+00  0.1206E+02
   3.121  0.8749E+00  0.1206E+02
   3.131  0.8766E+00  0.1207E+02
   3.141  0.8783E+00  0.1208E+02
   3.151  0.8801E+00  0.1209E+02
   3.161  0.8818E+00  0.1210E+02
   3.171  0.8836E+00  0.1211E+02
   3.181  0.8855E+00  0.1212E+02
   3.191  0.8873E+00  0.1213E+02
   3.201  0.8893E+00  0.1213E+02
   3.211  0.8913E+00  0.1214E+02
   3.221  0.8933E+00  0.1215E+02
   3.231  0.8955E+00  0.1216E+02
   3.241  0.8977E+00  0.1217E+02
   3.251  0.9000E+00  0.1218E+02
   3.261  0.9024E+00  0.1219E+02
   3.271  0.9049E+00  0.1220E+02
   3.281  0.9074E+00  0.1221E+02
   3.291  0.9101E+00  0.1222E+02
   3.301  0.9128E+00  0.1222E+02
   3.311  0.9156E+00  0.1223E+02
   3.321  0.9185E+00  0.1224E+02
   3.331  0.9215E+00  0.1225E+02
   3.341  0.9246E+00  0.1226E+02
   3.351  0.9277E+00  0.1227E+02
   3.361  0.9309E+00  0.1228E+02
   3.371  0.9342E+00  0.1229E+02
   3.381  0.9376E+00  0.1230E+02
   3.391  0.9410E+00  0.1231E+02
   3.401  0.9445E+00  0.1232E+02
   3.411  0.9479E+00  0.1233E+02
   3.421  0.9515E+00  0.1234E+02
   3.431  0.9550E+00  0.1235E+02
   3.441  0.9586E+00  0.1236E+02
   3.451  0.9622E+00  0.1237E+02
   3.461  0.9658E+00  0.1237E+02
   3.471  0.9694E+00  0.1238E+02
   3.481  0.9729E+00  0.1239E+02
   3.491  0.9765E+00  0.1240E+02
   3.501  0.9800E+00  0.1241E+02
   3.511  0.9835E+00  0.1242E+02
   3.521  0.9869E+00  0.1243E+02
   3.531  0.9903E+00  0.1244E+02
   3.541  0.9936E+00  0.1245E+02
   3.551  0.9968E+00  0.1246E+02
   3.561  0.1000E+01  0.1247E+02
   3.571  0.1003E+01  0.1248E+02
   3.581  0.1006E+01  0.1249E+02
   3.591  0.1009E+01  0.1250E+02
   3.601  0.1012E+01  0.1251E+02
   3.611  0.1015E+01  0.1252E+02
   3.621  0.1017E+01  0.1253E+02
   3.631  0.1020E+01  0.1254E+02
   3.641  0.1022E+01  0.1255E+02
   3.651  0.1025E+01  0.1256E+02
   3.661  0.1027E+01  0.1258E+02
   3.671  0.1029E+01  0.1259E+02
   3.681  0.1031E+01  0.1260E+02
   3.691  0.1033E+01  0.1261E+02
   3.701  0.1035E+01  0.1262E+02
   3.711  0.1037E+01  0.1263E+02
   3.721  0.1038E+01  0.1264E+02
   3.731  0.1040E+01  0.1265E+02
   3.741  0.1042E+01  0.1266E+02
   3.751  0.1043E+01  0.1267E+02
   3.761  0.1045E+01  0.1268E+02
   3.771  0.1046E+01  0.1269E+02
   3.781  0.1047E+01  0.1270E+02
   3.791  0.1049E+01  0.1271E+02
   3.801  0.1050E+01  0.1272E+02
   3.811  0.1051E+01  0.1273E+02
   3.821  0.1053E+01  0.1274E+02
   3.831  0.1054E+01  0.1275E+02
   3.841  0.1055E+01  0.1276E+02
   3.851  0.1057E+01  0.1277E+02
   3.861  0.1058E+01  0.1278E+02
   3.871  0.1059E+01  0.1279E+02
   3.881  0.1061E+01  0.1281E+02
   3.891  0.1062E+01  0.1282E+02
   3.901  0.1064E+01  0.1283E+02
   3.911  0.1066E+01  0.1284E+02
   3.921  0.1067E+01  0.1285E+02
   3.931  0.1069E+01  0.1286E+02
   3.941  0.1071E+01  0.1287E+02
   3.951  0.1073E+01  0.1288E+02
   3.961  0.1075E+01  0.1289E+02
   3.971  0.1077E+01  0.1290E+02
   3.981  0.1079E+01  0.1291E+02
   3.991  0.1082E+01  0.1292E+02
   4.001  0.1084E+01  0.1293E+02
   4.011  0.1087E+01  0.1294E+02
   4.021  0.1090E+01  0.1296E+02
   4.031  0.1093E+01  0.1297E+02
   4.041  0.1096E+01  0.1298E+02
   4.051  0.1099E+01  0.1299E+02
   4.061  0.1102E+01  0.1300E+02
   4.071  0.1106E+01  0.1301E+02
   4.081  0.1109E+01  0.1302E+02
   4.091  0.1113E+01  0.1303E+02
   4.101  0.1117E+01  0.1304E+02
   4.111  0.1121E+01  0.1306E+02
   4.121  0.1125E+01  0.1307E+02
   4.131  0.1129E+01  0.1308E+02
   4.141  0.1133E+01  0.1309E+02
   4.151  0.1138E+01  0.1310E+02
   4.161  0.1142E+01  0.1311E+02
   4.171  0.1147E+01  0.1312E+02
   4.181  0.1151E+01  0.1313E+02
   4.191  0.1156E+01  0.1315E+02
   4.201  0.1161E+01  0.1316E+02
   4.211  0.1166E+01  0.1317E+02
   4.221  0.1171E+01  0.1318E+02
   4.231  0.1176E+01  0.1319E+02
   4.241  0.1182E+01  0.1320E+02
   4.251  0.1187E+01  0.1322E+02
   4.261  0.1192E+01  0.1323E+02
   4.271  0.1198E+01  0.1324E+02
   4.281  0.1203E+01  0.1325E+02
   4.291  0.1209E+01  0.1326E+02
   4.301  0.1214E+01  0.1328E+02
   4.311  0.1220E+01  0.1329E+02
   4.321  0.1226E+01  0.1330E+02
   4.331  0.1231E+01  0.1331E+02
   4.341  0.1237E+01  0.1333E+02
   4.351  0.1243E+01  0.1334E+02
   4.361  0.1248E+01  0.1335E+02
   4.371  0.1254E+01  0.1336E+02
   4.381  0.1260E+01  0.1338E+02
   4.391  0.1266E+01  0.1339E+02
   4.401  0.1272E+01  0.1340E+02
   4.411  0.1277E+01  0.1341E+02
   4.421  0.1283E+01  0.1343E+02
   4.431  0.1289E+01  0.1344E+02
   4.441  0.1295E+01  0.1345E+02
   4.451  0.1300E+01  0.1347E+02
   4.461  0.1306E+01  0.1348E+02
   4.471  0.1312E+01  0.1349E+02
   4.481  0.1317E+01  0.1351E+02
   4.491  0.1323E+01  0.1352E+02
   4.501  0.1328E+01  0.1353E+02
   4.511  0.1334E+01  0.1355E+02
   4.521  0.1339E+01  0.1356E+02
   4.531  0.1344E+01  0.1357E+02
   4.541  0.1350E+01  0.1359E+02
   4.551  0.1355E+01  0.1360E+02
   4.561  0.1360E+01  0.1361E+02
   4.571  0.1365E+01  0.1363E+02
   4.581  0.1370E+01  0.1364E+02
   4.591  0.1375E+01  0.1365E+02
   4.601  0.1379E+01  0.1367E+02
   4.611  0.1384E+01  0.1368E+02
   4.621  0.1389E+01  0.1370E+02
   4.631  0.1393E+01  0.1371E+02
   4.641  0.1397E+01  0.1372E+02
   4.651  0.1401E+01  0.1374E+02
   4.661  0.1405E+01  0.1375E+02
   4.671  0.1409E+01  0.1377E+02
   4.681  0.1413E+01  0.1378E+02
   4.691  0.1417E+01  0.1379E+02
   4.701  0.1420E+01  0.1381E+02
   4.711  0.1423E+01  0.1382E+02
   4.721  0.1427E+01  0.1384E+02
   4.731  0.1430E+01  0.1385E+02
   4.741  0.1433E+01  0.1386E+02
   4.751  0.1435E+01  0.1388E+02
   4.761  0.1438E+01  0.1389E+02
   4.771  0.1440E+01  0.1391E+02
   4.781  0.1443E+01  0.1392E+02
   4.791  0.1445E+01  0.1394E+02
   4.801  0.1447E+01  0.1395E+02
   4.811  0.1449E+01  0.1397E+02
   4.821  0.1450E+01  0.1398E+02
   4.831  0.1452E+01  0.1399E+02
   4.841  0.1453E+01  0.1401E+02
   4.851  0.1455E+01  0.1402E+02
   4.861  0.1456E+01  0.1404E+02
   4.871  0.1457E+01  0.1405E+02
   4.881  0.1457E+01  0.1407E+02
   4.891  0.1458E+01  0.1408E+02
   4.901  0.1459E+01  0.1410E+02
   4.911  0.1459E+01  0.1411E+02
   4.921  0.1459E+01  0.1413E+02
   4.931  0.1459E+01  0.1414E+02
   4.941  0.1459E+01  0.1416E+02
   4.951  0.1459E+01  0.1417E+02
   4.961  0.1458E+01  0.1418E+02
   4.971  0.1458E+01  0.1420E+02
   4.981  0.1457E+01  0.1421E+02
   4.991  0.1456E+01  0.1423E+02
   5.001  0.1455E+01  0.1424E+02
   5.011  0.1454E+01  0.1426E+02
   5.021  0.1453E+01  0.1427E+02
   5.031  0.1451E+01  0.1429E+02
   5.041  0.1450E+01  0.1430E+02
   5.051  0.1448E+01  0.1432E+02
   5.061  0.1446E+01  0.1433E+02
   5.071  0.1444E+01  0.1434E+02
   5.081  0.1443E+01  0.1436E+02
   5.091  0.1440E+01  0.1437E+02
   5.101  0.1438E+01  0.1439E+02
   5.111  0.1436E+01  0.1440E+02
   5.121  0.1434E+01  0.1442E+02
   5.131  0.1432E+01  0.1443E+02
   5.141  0.1429E+01  0.1444E+02
   5.151  0.1427E+01  0.1446E+02
   5.161  0.1424E+01  0.1447E+02
   5.171  0.1422E+01  0.1449E+02
   5.181  0.1420E+01  0.1450E+02
   5.191  0.1417E+01  0.1452E+02
   5.201  0.1415E+01  0.1453E+02
   5.211  0.1413E+01  0.1454E+02
   5.221  0.1410E+01  0.1456E+02
   5.231  0.1408E+01  0.1457E+02
   5.241  0.1406E+01  0.1459E+02
   5.251  0.1404E+01  0.1460E+02
   5.261  0.1403E+01  0.1461E+02
   5.271  0.1401E+01  0.1463E+02
   5.281  0.1399E+01  0.1464E+02
   5.291  0.1398E+01  0.1466E+02
   5.301  0.1397E+01  0.1467E+02
   5.311  0.1396E+01  0.1468E+02
   5.321  0.1395E+01  0.1470E+02
   5.331  0.1394E+01  0.1471E+02
   5.341  0.1394E+01  0.1473E+02
   5.351  0.1394E+01  0.1474E+02
   5.361  0.1394E+01  0.1475E+02
   5.371  0.1394E+01  0.1477E+02
   5.381  0.1394E+01  0.1478E+02
   5.391  0.1395E+01  0.1480E+02
   5.401  0.1396E+01  0.1481E+02
   5.411  0.1397E+01  0.1482E+02
   5.421  0.1398E+01  0.1484E+02
   5.431  0.1400E+01  0.1485E+02
   5.441  0.1401E+01  0.1487E+02
   5.451  0.1403E+01  0.1488E+02
   5.461  0.1405E+01  0.1489E+02
   5.471  0.1407E+01  0.1491E+02
   5.481  0.1410E+01  0.1492E+02
   5.491  0.1412E+01  0.1494E+02
   5.501  0.1415E+01  0.1495E+02
   5.511  0.1417E+01  0.1496E+02
   5.521  0.1420E+01  0.1498E+02
   5.531  0.1423E+01  0.1499E+02
   5.541  0.1427E+01  0.1501E+02
   5.551  0.1430E+01  0.1502E+02
   5.561  0.1433E+01  0.1504E+02
   5.571  0.1437E+01  0.1505E+02
   5.581  0.1440E+01  0.1506E+02
   5.591  0.1444E+01  0.1508E+02
   5.601  0.1447E+01  0.1509E+02
   5.611  0.1451E+01  0.1511E+02
   5.621  0.1455E+01  0.1512E+02
   5.631  0.1459E+01  0.1514E+02
   5.641  0.1463E+01  0.1515E+02
   5.651  0.1467E+01  0.1517E+02
   5.661  0.1471E+01  0.1518E+02
   5.671  0.1475E+01  0.1520E+02
   5.681  0.1479E+01  0.1521E+02
   5.691  0.1484E+01  0.1523E+02
   5.701  0.1488E+01  0.1524E+02
   5.711  0.1492E+01  0.1526E+02
   5.721  0.1497E+01  0.1527E+02
   5.731  0.1501E+01  0.1529E+02
   5.741  0.1506E+01  0.1530E+02
   5.751  0.1510E+01  0.1532E+02
   5.761  0.1515E+01  0.1533E+02
   5.771  0.1520E+01  0.1535E+02
   5.781  0.1525E+01  0.1536E+02
   5.791  0.1530E+01  0.1538E+02
   5.801  0.1535E+01  0.1539E+02
   5.811  0.1540E+01  0.1541E+02
   5.821  0.1545E+01  0.1542E+02
   5.831  0.1550E+01  0.1544E+02
   5.841  0.1556E+01  0.1545E+02
   5.851  0.1561E+01  0.1547E+02
   5.861  0.1567E+01  0.1548E+02
   5.871  0.1573E+01  0.1550E+02
   5.881  0.1578E+01  0.1552E+02
   5.891  0.1584E+01  0.1553E+02
   5.901  0.1590E+01  0.1555E+02
   5.911  0.1596E+01  0.1556E+02
   5.921  0.1603E+01  0.1558E+02
   5.931  0.1609E+01  0.1560E+02
   5.941  0.1615E+01  0.1561E+02
   5.951  0.1622E+01  0.1563E+02
   5.961  0.1628E+01  0.1564E+02
   5.971  0.1635E+01  0.1566E+02
   5.981  0.1642E+01  0.1568E+02
   5.991  0.1649E+01  0.1569E+02
   6.001  0.1656E+01  0.1571E+02
   6.011  0.1663E+01  0.1573E+02
   6.021  0.1670E+01  0.1574E+02
   6.031  0.1677E+01  0.1576E+02
   6.041  0.1684E+01  0.1578E+02
   6.051  0.1692E+01  0.1579E+02
   6.061  0.1700E+01  0.1581E+02
   6.071  0.1707E+01  0.1583E+02
   6.081  0.1715E+01  0.1585E+02
   6.091  0.1723E+01  0.1586E+02
   6.101  0.1732E+01  0.1588E+02
   6.111  0.1740E+01  0.1590E+02
   6.121  0.1748E+01  0.1592E+02
   6.131  0.1757E+01  0.1593E+02
   6.141  0.1766E+01  0.1595E+02
   6.151  0.1775E+01  0.1597E+02
   6.161  0.1785E+01  0.1599E+02
   6.171  0.1794E+01  0.1600E+02
   6.181  0.1804E+01  0.1602E+02
   6.191  0.1814E+01  0.1604E+02
   6.201  0.1825E+01  0.1606E+02
   6.211  0.1836E+01  0.1608E+02
   6.221  0.1847E+01  0.1610E+02
   6.231  0.1858E+01  0.1611E+02
   6.241  0.1870E+01  0.1613E+02
   6.251  0.1882E+01  0.1615E+02
   6.261  0.1894E+01  0.1617E+02
   6.271  0.1907E+01  0.1619E+02
   6.281  0.1921E+01  0.1621E+02
   6.291  0.1934E+01  0.1623E+02
   6.301  0.1948E+01  0.1625E+02
   6.311  0.1963E+01  0.1627E+02
   6.321  0.1978E+01  0.1629E+02
   6.331  0.1993E+01  0.1631E+02
   6.341  0.2009E+01  0.1633E+02
   6.351  0.2025E+01  0.1635E+02
   6.361  0.2041E+01  0.1637E+02
   6.371  0.2058E+01  0.1639E+02
   6.381  0.2076E+01  0.1641E+02
   6.391  0.2094E+01  0.1643E+02
   6.401  0.2112E+01  0.1645E+02
   6.411  0.2130E+01  0.1647E+02
   6.421  0.2149E+01  0.1649E+02
   6.431  0.2169E+01  0.1652E+02
   6.441  0.2188E+01  0.1654E+02
   6.451  0.2208E+01  0.1656E+02
   6.461  0.2228E+01  0.1658E+02
   6.471  0.2248E+01  0.1660E+02
   6.481  0.2269E+01  0.1663E+02
   6.491  0.2290E+01  0.1665E+02
   6.501  0.2311E+01  0.1667E+02
   6.511  0.2332E+01  0.1670E+02
   6.521  0.2353E+01  0.1672E+02
   6.531  0.2374E+01  0.1674E+02
   6.541  0.2395E+01  0.1677E+02
   6.551  0.2416E+01  0.1679E+02
   6.561  0.2437E+01  0.1682E+02
   6.571  0.2458E+01  0.1684E+02
   6.581  0.2478E+01  0.1687E+02
   6.591  0.2499E+01  0.1689E+02
   6.601  0.2519E+01  0.1692E+02
   6.611  0.2539E+01  0.1694E+02
   6.621  0.2559E+01  0.1697E+02
   6.631  0.2578E+01  0.1699E+02
   6.641  0.2597E+01  0.1702E+02
   6.651  0.2616E+01  0.1704E+02
   6.661  0.2634E+01  0.1707E+02
   6.671  0.2652E+01  0.1710E+02
   6.681  0.2670E+01  0.1712E+02
   6.691  0.2687E+01  0.1715E+02
   6.701  0.2703E+01  0.1718E+02
   6.711  0.2719E+01  0.1720E+02
   6.721  0.2735E+01  0.1723E+02
   6.731  0.2750E+01  0.1726E+02
   6.741  0.2764E+01  0.1729E+02
   6.751  0.2778E+01  0.1732E+02
   6.761  0.2792E+01  0.1734E+02
   6.771  0.2804E+01  0.1737E+02
   6.781  0.2817E+01  0.1740E+02
   6.791  0.2829E+01  0.1743E+02
   6.801  0.2840E+01  0.1746E+02
   6.811  0.2851E+01  0.1748E+02
   6.821  0.2862E+01  0.1751E+02
   6.831  0.2872E+01  0.1754E+02
   6.841  0.2882E+01  0.1757E+02
   6.851  0.2891E+01  0.1760E+02
   6.861  0.2900E+01  0.1763E+02
   6.871  0.2908E+01  0.1766E+02
   6.881  0.2916E+01  0.1769E+02
   6.891  0.2924E+01  0.1772E+02
   6.901  0.2932E+01  0.1775E+02
   6.911  0.2939E+01  0.1777E+02
   6.921  0.2946E+01  0.1780E+02
   6.931  0.2953E+01  0.1783E+02
   6.941  0.2960E+01  0.1786E+02
   6.951  0.2966E+01  0.1789E+02
   6.961  0.2973E+01  0.1792E+02
   6.971  0.2979E+01  0.1795E+02
   6.981  0.2985E+01  0.1798E+02
   6.991  0.2991E+01  0.1801E+02
   7.001  0.2998E+01  0.1804E+02
   7.011  0.3004E+01  0.1807E+02
   7.021  0.3011E+01  0.1810E+02
   7.031  0.3017E+01  0.1813E+02
   7.041  0.3024E+01  0.1816E+02
   7.051  0.3031E+01  0.1819E+02
   7.061  0.3038E+01  0.1822E+02
   7.071  0.3046E+01  0.1825E+02
   7.081  0.3054E+01  0.1828E+02
   7.091  0.3062E+01  0.1832E+02
   7.101  0.3071E+01  0.1835E+02
   7.111  0.3080E+01  0.1838E+02
   7.121  0.3089E+01  0.1841E+02
   7.131  0.3099E+01  0.1844E+02
   7.141  0.3110E+01  0.1847E+02
   7.151  0.3121E+01  0.1850E+02
   7.161  0.3132E+01  0.1853E+02
   7.171  0.3144E+01  0.1856E+02
   7.181  0.3157E+01  0.1860E+02
   7.191  0.3170E+01  0.1863E+02
   7.201  0.3184E+01  0.1866E+02
   7.211  0.3199E+01  0.1869E+02
   7.221  0.3214E+01  0.1872E+02
   7.231  0.3230E+01  0.1876E+02
   7.241  0.3246E+01  0.1879E+02
   7.251  0.3263E+01  0.1882E+02
   7.261  0.3281E+01  0.1885E+02
   7.271  0.3299E+01  0.1889E+02
   7.281  0.3318E+01  0.1892E+02
   7.291  0.3337E+01  0.1895E+02
   7.301  0.3357E+01  0.1899E+02
   7.311  0.3377E+01  0.1902E+02
   7.321  0.3397E+01  0.1905E+02
   7.331  0.3418E+01  0.1909E+02
   7.341  0.3438E+01  0.1912E+02
   7.351  0.3459E+01  0.1916E+02
   7.361  0.3481E+01  0.1919E+02
   7.371  0.3502E+01  0.1923E+02
   7.381  0.3523E+01  0.1926E+02
   7.391  0.3543E+01  0.1930E+02
   7.401  0.3564E+01  0.1933E+02
   7.411  0.3584E+01  0.1937E+02
   7.421  0.3604E+01  0.1941E+02
   7.431  0.3624E+01  0.1944E+02
   7.441  0.3643E+01  0.1948E+02
   7.451  0.3661E+01  0.1951E+02
   7.461  0.3678E+01  0.1955E+02
   7.471  0.3695E+01  0.1959E+02
   7.481  0.3711E+01  0.1963E+02
   7.491  0.3725E+01  0.1966E+02
   7.501  0.3739E+01  0.1970E+02
   7.511  0.3752E+01  0.1974E+02
   7.521  0.3763E+01  0.1977E+02
   7.531  0.3774E+01  0.1981E+02
   7.541  0.3783E+01  0.1985E+02
   7.551  0.3790E+01  0.1989E+02
   7.561  0.3797E+01  0.1993E+02
   7.571  0.3802E+01  0.1996E+02
   7.581  0.3806E+01  0.2000E+02
   7.591  0.3808E+01  0.2004E+02
   7.601  0.3809E+01  0.2008E+02
   7.611  0.3809E+01  0.2012E+02
   7.621  0.3807E+01  0.2015E+02
   7.631  0.3804E+01  0.2019E+02
   7.641  0.3800E+01  0.2023E+02
   7.651  0.3795E+01  0.2027E+02
   7.661  0.3788E+01  0.2031E+02
   7.671  0.3780E+01  0.2034E+02
   7.681  0.3771E+01  0.2038E+02
   7.691  0.3762E+01  0.2042E+02
   7.701  0.3751E+01  0.2046E+02
   7.711  0.3739E+01  0.2049E+02
   7.721  0.3726E+01  0.2053E+02
   7.731  0.3713E+01  0.2057E+02
   7.741  0.3699E+01  0.2061E+02
   7.751  0.3684E+01  0.2064E+02
   7.761  0.3669E+01  0.2068E+02
   7.771  0.3654E+01  0.2072E+02
   7.781  0.3638E+01  0.2075E+02
   7.791  0.3621E+01  0.2079E+02
   7.801  0.3605E+01  0.2082E+02
   7.811  0.3588E+01  0.2086E+02
   7.821  0.3572E+01  0.2090E+02
   7.831  0.3555E+01  0.2093E+02
   7.841  0.3538E+01  0.2097E+02
   7.851  0.3521E+01  0.2100E+02
   7.861  0.3505E+01  0.2104E+02
   7.871  0.3488E+01  0.2107E+02
   7.881  0.3472E+01  0.2111E+02
   7.891  0.3456E+01  0.2114E+02
   7.901  0.3441E+01  0.2118E+02
   7.911  0.3426E+01  0.2121E+02
   7.921  0.3411E+01  0.2124E+02
   7.931  0.3396E+01  0.2128E+02
   7.941  0.3382E+01  0.2131E+02
   7.951  0.3369E+01  0.2135E+02
   7.961  0.3356E+01  0.2138E+02
   7.971  0.3343E+01  0.2141E+02
   7.981  0.3331E+01  0.2145E+02
   7.991  0.3319E+01  0.2148E+02
   8.001  0.3308E+01  0.2151E+02
   8.011  0.3297E+01  0.2155E+02
   8.021  0.3286E+01  0.2158E+02
   8.031  0.3276E+01  0.2161E+02
   8.041  0.3266E+01  0.2164E+02
   8.051  0.3257E+01  0.2168E+02
   8.061  0.3248E+01  0.2171E+02
   8.071  0.3240E+01  0.2174E+02
   8.081  0.3232E+01  0.2177E+02
   8.091  0.3224E+01  0.2181E+02
   8.101  0.3217E+01  0.2184E+02
   8.111  0.3210E+01  0.2187E+02
   8.121  0.3203E+01  0.2190E+02
   8.131  0.3196E+01  0.2193E+02
   8.141  0.3190E+01  0.2197E+02
   8.151  0.3184E+01  0.2200E+02
   8.161  0.3178E+01  0.2203E+02
   8.171  0.3172E+01  0.2206E+02
   8.181  0.3166E+01  0.2209E+02
   8.191  0.3161E+01  0.2212E+02
   8.201  0.3156E+01  0.2216E+02
   8.211  0.3151E+01  0.2219E+02
   8.221  0.3146E+01  0.2222E+02
   8.231  0.3141E+01  0.2225E+02
   8.241  0.3136E+01  0.2228E+02
   8.251  0.3131E+01  0.2231E+02
   8.261  0.3126E+01  0.2234E+02
   8.271  0.3122E+01  0.2238E+02
   8.281  0.3117E+01  0.2241E+02
   8.291  0.3113E+01  0.2244E+02
   8.301  0.3108E+01  0.2247E+02
   8.311  0.3104E+01  0.2250E+02
   8.321  0.3099E+01  0.2253E+02
   8.331  0.3095E+01  0.2256E+02
   8.341  0.3091E+01  0.2259E+02
   8.351  0.3086E+01  0.2262E+02
   8.361  0.3082E+01  0.2265E+02
   8.371  0.3078E+01  0.2269E+02
   8.381  0.3073E+01  0.2272E+02
   8.391  0.3069E+01  0.2275E+02
   8.401  0.3065E+01  0.2278E+02
   8.411  0.3061E+01  0.2281E+02
   8.421  0.3057E+01  0.2284E+02
   8.431  0.3052E+01  0.2287E+02
   8.441  0.3048E+01  0.2290E+02
   8.451  0.3044E+01  0.2293E+02
   8.461  0.3040E+01  0.2296E+02
   8.471  0.3036E+01  0.2299E+02
   8.481  0.3032E+01  0.2302E+02
   8.491  0.3028E+01  0.2305E+02
   8.501  0.3025E+01  0.2308E+02
   8.511  0.3021E+01  0.2311E+02
   8.521  0.3017E+01  0.2314E+02
   8.531  0.3013E+01  0.2317E+02
   8.541  0.3010E+01  0.2320E+02
   8.551  0.3006E+01  0.2323E+02
   8.561  0.3003E+01  0.2326E+02
   8.571  0.3000E+01  0.2329E+02
   8.581  0.2997E+01  0.2332E+02
   8.591  0.2994E+01  0.2335E+02
   8.601  0.2991E+01  0.2338E+02
   8.611  0.2988E+01  0.2341E+02
   8.621  0.2985E+01  0.2344E+02
   8.631  0.2983E+01  0.2347E+02
   8.641  0.2980E+01  0.2350E+02
   8.651  0.2978E+01  0.2353E+02
   8.661  0.2976E+01  0.2356E+02
   8.671  0.2974E+01  0.2359E+02
   8.681  0.2973E+01  0.2362E+02
   8.691  0.2971E+01  0.2365E+02
   8.701  0.2970E+01  0.2368E+02
   8.711  0.2969E+01  0.2371E+02
   8.721  0.2968E+01  0.2374E+02
   8.731  0.2967E+01  0.2377E+02
   8.741  0.2967E+01  0.2380E+02
   8.751  0.2966E+01  0.2383E+02
   8.761  0.2966E+01  0.2386E+02
   8.771  0.2966E+01  0.2389E+02
   8.781  0.2966E+01  0.2392E+02
   8.791  0.2967E+01  0.2395E+02
   8.801  0.2968E+01  0.2398E+02
   8.811  0.2969E+01  0.2401E+02
   8.821  0.2970E+01  0.2404E+02
   8.831  0.2971E+01  0.2407E+02
   8.841  0.2973E+01  0.2410E+02
   8.851  0.2974E+01  0.2413E+02
   8.861  0.2976E+01  0.2416E+02
   8.871  0.2978E+01  0.2418E+02
   8.881  0.2980E+01  0.2421E+02
   8.891  0.2983E+01  0.2424E+02
   8.901  0.2985E+01  0.2427E+02
   8.911  0.2988E+01  0.2430E+02
   8.921  0.2991E+01  0.2433E+02
   8.931  0.2994E+01  0.2436E+02
   8.941  0.2997E+01  0.2439E+02
   8.951  0.3000E+01  0.2442E+02
   8.961  0.3003E+01  0.2445E+02
   8.971  0.3006E+01  0.2448E+02
   8.981  0.3010E+01  0.2451E+02
   8.991  0.3013E+01  0.2454E+02
   9.001  0.3017E+01  0.2457E+02
   9.011  0.3020E+01  0.2460E+02
   9.021  0.3024E+01  0.2463E+02
