#  E (eV)   dos(E)     Int dos(E) EFermi =   -2.594 eV
 -12.594  0.4719E+00  0.4719E-02
 -12.584  0.4643E+00  0.9363E-02
 -12.574  0.4549E+00  0.1391E-01
 -12.564  0.4438E+00  0.1835E-01
 -12.554  0.4313E+00  0.2266E-01
 -12.544  0.4179E+00  0.2684E-01
 -12.534  0.4037E+00  0.3088E-01
 -12.524  0.3891E+00  0.3477E-01
 -12.514  0.3744E+00  0.3851E-01
 -12.504  0.3598E+00  0.4211E-01
 -12.494  0.3456E+00  0.4557E-01
 -12.484  0.3318E+00  0.4889E-01
 -12.474  0.3188E+00  0.5207E-01
 -12.464  0.3065E+00  0.5514E-01
 -12.454  0.2951E+00  0.5809E-01
 -12.444  0.2847E+00  0.6094E-01
 -12.434  0.2755E+00  0.6369E-01
 -12.424  0.2674E+00  0.6637E-01
 -12.414  0.2606E+00  0.6897E-01
 -12.404  0.2552E+00  0.7152E-01
 -12.394  0.2512E+00  0.7404E-01
 -12.384  0.2488E+00  0.7652E-01
 -12.374  0.2480E+00  0.7900E-01
 -12.364  0.2490E+00  0.8149E-01
 -12.354  0.2518E+00  0.8401E-01
 -12.344  0.2564E+00  0.8657E-01
 -12.334  0.2628E+00  0.8920E-01
 -12.324  0.2711E+00  0.9191E-01
 -12.314  0.2812E+00  0.9472E-01
 -12.304  0.2928E+00  0.9765E-01
 -12.294  0.3060E+00  0.1007E+00
 -12.284  0.3204E+00  0.1039E+00
 -12.274  0.3358E+00  0.1073E+00
 -12.264  0.3519E+00  0.1108E+00
 -12.254  0.3684E+00  0.1145E+00
 -12.244  0.3850E+00  0.1183E+00
 -12.234  0.4014E+00  0.1223E+00
 -12.224  0.4171E+00  0.1265E+00
 -12.214  0.4319E+00  0.1308E+00
 -12.204  0.4455E+00  0.1353E+00
 -12.194  0.4576E+00  0.1399E+00
 -12.184  0.4680E+00  0.1445E+00
 -12.174  0.4764E+00  0.1493E+00
 -12.164  0.4828E+00  0.1541E+00
 -12.154  0.4871E+00  0.1590E+00
 -12.144  0.4891E+00  0.1639E+00
 -12.134  0.4889E+00  0.1688E+00
 -12.124  0.4866E+00  0.1737E+00
 -12.114  0.4821E+00  0.1785E+00
 -12.104  0.4757E+00  0.1832E+00
 -12.094  0.4674E+00  0.1879E+00
 -12.084  0.4575E+00  0.1925E+00
 -12.074  0.4461E+00  0.1969E+00
 -12.064  0.4336E+00  0.2013E+00
 -12.054  0.4202E+00  0.2055E+00
 -12.044  0.4062E+00  0.2095E+00
 -12.034  0.3919E+00  0.2135E+00
 -12.024  0.3778E+00  0.2172E+00
 -12.014  0.3641E+00  0.2209E+00
 -12.004  0.3513E+00  0.2244E+00
 -11.994  0.3396E+00  0.2278E+00
 -11.984  0.3295E+00  0.2311E+00
 -11.974  0.3212E+00  0.2343E+00
 -11.964  0.3150E+00  0.2374E+00
 -11.954  0.3111E+00  0.2406E+00
 -11.944  0.3097E+00  0.2437E+00
 -11.934  0.3108E+00  0.2468E+00
 -11.924  0.3144E+00  0.2499E+00
 -11.914  0.3203E+00  0.2531E+00
 -11.904  0.3284E+00  0.2564E+00
 -11.894  0.3383E+00  0.2598E+00
 -11.884  0.3496E+00  0.2633E+00
 -11.874  0.3619E+00  0.2669E+00
 -11.864  0.3747E+00  0.2706E+00
 -11.854  0.3874E+00  0.2745E+00
 -11.844  0.3995E+00  0.2785E+00
 -11.834  0.4104E+00  0.2826E+00
 -11.824  0.4197E+00  0.2868E+00
 -11.814  0.4269E+00  0.2911E+00
 -11.804  0.4316E+00  0.2954E+00
 -11.794  0.4338E+00  0.2997E+00
 -11.784  0.4331E+00  0.3041E+00
 -11.774  0.4297E+00  0.3084E+00
 -11.764  0.4236E+00  0.3126E+00
 -11.754  0.4151E+00  0.3167E+00
 -11.744  0.4045E+00  0.3208E+00
 -11.734  0.3922E+00  0.3247E+00
 -11.724  0.3788E+00  0.3285E+00
 -11.714  0.3646E+00  0.3321E+00
 -11.704  0.3504E+00  0.3356E+00
 -11.694  0.3367E+00  0.3390E+00
 -11.684  0.3239E+00  0.3423E+00
 -11.674  0.3125E+00  0.3454E+00
 -11.664  0.3029E+00  0.3484E+00
 -11.654  0.2954E+00  0.3514E+00
 -11.644  0.2903E+00  0.3543E+00
 -11.634  0.2876E+00  0.3571E+00
 -11.624  0.2875E+00  0.3600E+00
 -11.614  0.2898E+00  0.3629E+00
 -11.604  0.2944E+00  0.3659E+00
 -11.594  0.3013E+00  0.3689E+00
 -11.584  0.3101E+00  0.3720E+00
 -11.574  0.3205E+00  0.3752E+00
 -11.564  0.3325E+00  0.3785E+00
 -11.554  0.3455E+00  0.3820E+00
 -11.544  0.3595E+00  0.3856E+00
 -11.534  0.3742E+00  0.3893E+00
 -11.524  0.3893E+00  0.3932E+00
 -11.514  0.4046E+00  0.3972E+00
 -11.504  0.4199E+00  0.4014E+00
 -11.494  0.4351E+00  0.4058E+00
 -11.484  0.4499E+00  0.4103E+00
 -11.474  0.4641E+00  0.4149E+00
 -11.464  0.4776E+00  0.4197E+00
 -11.454  0.4901E+00  0.4246E+00
 -11.444  0.5015E+00  0.4296E+00
 -11.434  0.5115E+00  0.4347E+00
 -11.424  0.5198E+00  0.4399E+00
 -11.414  0.5263E+00  0.4452E+00
 -11.404  0.5306E+00  0.4505E+00
 -11.394  0.5327E+00  0.4558E+00
 -11.384  0.5323E+00  0.4611E+00
 -11.374  0.5295E+00  0.4664E+00
 -11.364  0.5240E+00  0.4717E+00
 -11.354  0.5161E+00  0.4768E+00
 -11.344  0.5058E+00  0.4819E+00
 -11.334  0.4933E+00  0.4868E+00
 -11.324  0.4790E+00  0.4916E+00
 -11.314  0.4631E+00  0.4963E+00
 -11.304  0.4460E+00  0.5007E+00
 -11.294  0.4282E+00  0.5050E+00
 -11.284  0.4101E+00  0.5091E+00
 -11.274  0.3921E+00  0.5130E+00
 -11.264  0.3746E+00  0.5168E+00
 -11.254  0.3579E+00  0.5203E+00
 -11.244  0.3425E+00  0.5238E+00
 -11.234  0.3285E+00  0.5271E+00
 -11.224  0.3160E+00  0.5302E+00
 -11.214  0.3053E+00  0.5333E+00
 -11.204  0.2963E+00  0.5362E+00
 -11.194  0.2892E+00  0.5391E+00
 -11.184  0.2838E+00  0.5420E+00
 -11.174  0.2801E+00  0.5448E+00
 -11.164  0.2781E+00  0.5475E+00
 -11.154  0.2777E+00  0.5503E+00
 -11.144  0.2789E+00  0.5531E+00
 -11.134  0.2816E+00  0.5559E+00
 -11.124  0.2859E+00  0.5588E+00
 -11.114  0.2916E+00  0.5617E+00
 -11.104  0.2988E+00  0.5647E+00
 -11.094  0.3075E+00  0.5678E+00
 -11.084  0.3177E+00  0.5709E+00
 -11.074  0.3294E+00  0.5742E+00
 -11.064  0.3425E+00  0.5777E+00
 -11.054  0.3570E+00  0.5812E+00
 -11.044  0.3727E+00  0.5850E+00
 -11.034  0.3894E+00  0.5888E+00
 -11.024  0.4069E+00  0.5929E+00
 -11.014  0.4250E+00  0.5972E+00
 -11.004  0.4432E+00  0.6016E+00
 -10.994  0.4613E+00  0.6062E+00
 -10.984  0.4788E+00  0.6110E+00
 -10.974  0.4953E+00  0.6160E+00
 -10.964  0.5103E+00  0.6211E+00
 -10.954  0.5236E+00  0.6263E+00
 -10.944  0.5346E+00  0.6316E+00
 -10.934  0.5431E+00  0.6371E+00
 -10.924  0.5488E+00  0.6426E+00
 -10.914  0.5516E+00  0.6481E+00
 -10.904  0.5514E+00  0.6536E+00
 -10.894  0.5481E+00  0.6591E+00
 -10.884  0.5418E+00  0.6645E+00
 -10.874  0.5328E+00  0.6698E+00
 -10.864  0.5214E+00  0.6750E+00
 -10.854  0.5077E+00  0.6801E+00
 -10.844  0.4923E+00  0.6850E+00
 -10.834  0.4755E+00  0.6898E+00
 -10.824  0.4579E+00  0.6944E+00
 -10.814  0.4398E+00  0.6988E+00
 -10.804  0.4217E+00  0.7030E+00
 -10.794  0.4042E+00  0.7070E+00
 -10.784  0.3876E+00  0.7109E+00
 -10.774  0.3722E+00  0.7146E+00
 -10.764  0.3585E+00  0.7182E+00
 -10.754  0.3467E+00  0.7217E+00
 -10.744  0.3372E+00  0.7250E+00
 -10.734  0.3300E+00  0.7283E+00
 -10.724  0.3253E+00  0.7316E+00
 -10.714  0.3232E+00  0.7348E+00
 -10.704  0.3238E+00  0.7381E+00
 -10.694  0.3270E+00  0.7413E+00
 -10.684  0.3328E+00  0.7447E+00
 -10.674  0.3410E+00  0.7481E+00
 -10.664  0.3515E+00  0.7516E+00
 -10.654  0.3641E+00  0.7552E+00
 -10.644  0.3783E+00  0.7590E+00
 -10.634  0.3940E+00  0.7629E+00
 -10.624  0.4106E+00  0.7671E+00
 -10.614  0.4277E+00  0.7713E+00
 -10.604  0.4449E+00  0.7758E+00
 -10.594  0.4616E+00  0.7804E+00
 -10.584  0.4774E+00  0.7852E+00
 -10.574  0.4918E+00  0.7901E+00
 -10.564  0.5043E+00  0.7951E+00
 -10.554  0.5145E+00  0.8003E+00
 -10.544  0.5222E+00  0.8055E+00
 -10.534  0.5270E+00  0.8108E+00
 -10.524  0.5289E+00  0.8161E+00
 -10.514  0.5279E+00  0.8213E+00
 -10.504  0.5241E+00  0.8266E+00
 -10.494  0.5178E+00  0.8318E+00
 -10.484  0.5092E+00  0.8368E+00
 -10.474  0.4988E+00  0.8418E+00
 -10.464  0.4872E+00  0.8467E+00
 -10.454  0.4750E+00  0.8515E+00
 -10.444  0.4627E+00  0.8561E+00
 -10.434  0.4509E+00  0.8606E+00
 -10.424  0.4403E+00  0.8650E+00
 -10.414  0.4314E+00  0.8693E+00
 -10.404  0.4246E+00  0.8736E+00
 -10.394  0.4204E+00  0.8778E+00
 -10.384  0.4189E+00  0.8820E+00
 -10.374  0.4203E+00  0.8862E+00
 -10.364  0.4247E+00  0.8904E+00
 -10.354  0.4319E+00  0.8947E+00
 -10.344  0.4419E+00  0.8991E+00
 -10.334  0.4543E+00  0.9037E+00
 -10.324  0.4688E+00  0.9084E+00
 -10.314  0.4850E+00  0.9132E+00
 -10.304  0.5025E+00  0.9182E+00
 -10.294  0.5209E+00  0.9235E+00
 -10.284  0.5398E+00  0.9289E+00
 -10.274  0.5588E+00  0.9344E+00
 -10.264  0.5777E+00  0.9402E+00
 -10.254  0.5961E+00  0.9462E+00
 -10.244  0.6138E+00  0.9523E+00
 -10.234  0.6308E+00  0.9586E+00
 -10.224  0.6470E+00  0.9651E+00
 -10.214  0.6622E+00  0.9717E+00
 -10.204  0.6766E+00  0.9785E+00
 -10.194  0.6901E+00  0.9854E+00
 -10.184  0.7027E+00  0.9924E+00
 -10.174  0.7145E+00  0.9996E+00
 -10.164  0.7254E+00  0.1007E+01
 -10.154  0.7355E+00  0.1014E+01
 -10.144  0.7446E+00  0.1022E+01
 -10.134  0.7526E+00  0.1029E+01
 -10.124  0.7595E+00  0.1037E+01
 -10.114  0.7651E+00  0.1044E+01
 -10.104  0.7692E+00  0.1052E+01
 -10.094  0.7719E+00  0.1060E+01
 -10.084  0.7728E+00  0.1068E+01
 -10.074  0.7722E+00  0.1075E+01
 -10.064  0.7699E+00  0.1083E+01
 -10.054  0.7660E+00  0.1091E+01
 -10.044  0.7608E+00  0.1098E+01
 -10.034  0.7544E+00  0.1106E+01
 -10.024  0.7471E+00  0.1113E+01
 -10.014  0.7393E+00  0.1121E+01
 -10.004  0.7313E+00  0.1128E+01
  -9.994  0.7235E+00  0.1135E+01
  -9.984  0.7162E+00  0.1142E+01
  -9.974  0.7099E+00  0.1149E+01
  -9.964  0.7048E+00  0.1156E+01
  -9.954  0.7010E+00  0.1163E+01
  -9.944  0.6989E+00  0.1170E+01
  -9.934  0.6983E+00  0.1177E+01
  -9.924  0.6994E+00  0.1184E+01
  -9.914  0.7020E+00  0.1191E+01
  -9.904  0.7060E+00  0.1199E+01
  -9.894  0.7111E+00  0.1206E+01
  -9.884  0.7171E+00  0.1213E+01
  -9.874  0.7237E+00  0.1220E+01
  -9.864  0.7307E+00  0.1227E+01
  -9.854  0.7378E+00  0.1235E+01
  -9.844  0.7448E+00  0.1242E+01
  -9.834  0.7516E+00  0.1250E+01
  -9.824  0.7581E+00  0.1257E+01
  -9.814  0.7642E+00  0.1265E+01
  -9.804  0.7701E+00  0.1273E+01
  -9.794  0.7757E+00  0.1280E+01
  -9.784  0.7812E+00  0.1288E+01
  -9.774  0.7867E+00  0.1296E+01
  -9.764  0.7924E+00  0.1304E+01
  -9.754  0.7984E+00  0.1312E+01
  -9.744  0.8048E+00  0.1320E+01
  -9.734  0.8116E+00  0.1328E+01
  -9.724  0.8187E+00  0.1336E+01
  -9.714  0.8262E+00  0.1345E+01
  -9.704  0.8337E+00  0.1353E+01
  -9.694  0.8411E+00  0.1361E+01
  -9.684  0.8481E+00  0.1370E+01
  -9.674  0.8544E+00  0.1378E+01
  -9.664  0.8597E+00  0.1387E+01
  -9.654  0.8635E+00  0.1396E+01
  -9.644  0.8657E+00  0.1404E+01
  -9.634  0.8660E+00  0.1413E+01
  -9.624  0.8643E+00  0.1422E+01
  -9.614  0.8605E+00  0.1430E+01
  -9.604  0.8547E+00  0.1439E+01
  -9.594  0.8470E+00  0.1447E+01
  -9.584  0.8378E+00  0.1456E+01
  -9.574  0.8272E+00  0.1464E+01
  -9.564  0.8158E+00  0.1472E+01
  -9.554  0.8041E+00  0.1480E+01
  -9.544  0.7925E+00  0.1488E+01
  -9.534  0.7815E+00  0.1496E+01
  -9.524  0.7717E+00  0.1503E+01
  -9.514  0.7634E+00  0.1511E+01
  -9.504  0.7571E+00  0.1519E+01
  -9.494  0.7530E+00  0.1526E+01
  -9.484  0.7514E+00  0.1534E+01
  -9.474  0.7525E+00  0.1541E+01
  -9.464  0.7562E+00  0.1549E+01
  -9.454  0.7625E+00  0.1556E+01
  -9.444  0.7712E+00  0.1564E+01
  -9.434  0.7822E+00  0.1572E+01
  -9.424  0.7952E+00  0.1580E+01
  -9.414  0.8098E+00  0.1588E+01
  -9.404  0.8257E+00  0.1596E+01
  -9.394  0.8425E+00  0.1605E+01
  -9.384  0.8598E+00  0.1613E+01
  -9.374  0.8771E+00  0.1622E+01
  -9.364  0.8942E+00  0.1631E+01
  -9.354  0.9107E+00  0.1640E+01
  -9.344  0.9263E+00  0.1649E+01
  -9.334  0.9408E+00  0.1659E+01
  -9.324  0.9540E+00  0.1668E+01
  -9.314  0.9659E+00  0.1678E+01
  -9.304  0.9763E+00  0.1688E+01
  -9.294  0.9854E+00  0.1698E+01
  -9.284  0.9932E+00  0.1708E+01
  -9.274  0.1000E+01  0.1718E+01
  -9.264  0.1006E+01  0.1728E+01
  -9.254  0.1011E+01  0.1738E+01
  -9.244  0.1016E+01  0.1748E+01
  -9.234  0.1021E+01  0.1758E+01
  -9.224  0.1025E+01  0.1768E+01
  -9.214  0.1030E+01  0.1779E+01
  -9.204  0.1036E+01  0.1789E+01
  -9.194  0.1042E+01  0.1799E+01
  -9.184  0.1048E+01  0.1810E+01
  -9.174  0.1055E+01  0.1820E+01
  -9.164  0.1062E+01  0.1831E+01
  -9.154  0.1069E+01  0.1842E+01
  -9.144  0.1077E+01  0.1853E+01
  -9.134  0.1084E+01  0.1863E+01
  -9.124  0.1091E+01  0.1874E+01
  -9.114  0.1098E+01  0.1885E+01
  -9.104  0.1104E+01  0.1896E+01
  -9.094  0.1108E+01  0.1907E+01
  -9.084  0.1112E+01  0.1918E+01
  -9.074  0.1115E+01  0.1930E+01
  -9.064  0.1116E+01  0.1941E+01
  -9.054  0.1116E+01  0.1952E+01
  -9.044  0.1114E+01  0.1963E+01
  -9.034  0.1110E+01  0.1974E+01
  -9.024  0.1104E+01  0.1985E+01
  -9.014  0.1097E+01  0.1996E+01
  -9.004  0.1088E+01  0.2007E+01
  -8.994  0.1077E+01  0.2018E+01
  -8.984  0.1065E+01  0.2029E+01
  -8.974  0.1052E+01  0.2039E+01
  -8.964  0.1037E+01  0.2049E+01
  -8.954  0.1022E+01  0.2060E+01
  -8.944  0.1007E+01  0.2070E+01
  -8.934  0.9914E+00  0.2080E+01
  -8.924  0.9767E+00  0.2089E+01
  -8.914  0.9628E+00  0.2099E+01
  -8.904  0.9502E+00  0.2108E+01
  -8.894  0.9391E+00  0.2118E+01
  -8.884  0.9299E+00  0.2127E+01
  -8.874  0.9225E+00  0.2136E+01
  -8.864  0.9172E+00  0.2146E+01
  -8.854  0.9138E+00  0.2155E+01
  -8.844  0.9122E+00  0.2164E+01
  -8.834  0.9122E+00  0.2173E+01
  -8.824  0.9134E+00  0.2182E+01
  -8.814  0.9155E+00  0.2191E+01
  -8.804  0.9181E+00  0.2200E+01
  -8.794  0.9207E+00  0.2210E+01
  -8.784  0.9230E+00  0.2219E+01
  -8.774  0.9245E+00  0.2228E+01
  -8.764  0.9250E+00  0.2237E+01
  -8.754  0.9241E+00  0.2247E+01
  -8.744  0.9217E+00  0.2256E+01
  -8.734  0.9177E+00  0.2265E+01
  -8.724  0.9121E+00  0.2274E+01
  -8.714  0.9048E+00  0.2283E+01
  -8.704  0.8960E+00  0.2292E+01
  -8.694  0.8859E+00  0.2301E+01
  -8.684  0.8748E+00  0.2310E+01
  -8.674  0.8628E+00  0.2318E+01
  -8.664  0.8503E+00  0.2327E+01
  -8.654  0.8376E+00  0.2335E+01
  -8.644  0.8249E+00  0.2343E+01
  -8.634  0.8126E+00  0.2352E+01
  -8.624  0.8010E+00  0.2360E+01
  -8.614  0.7902E+00  0.2368E+01
  -8.604  0.7805E+00  0.2375E+01
  -8.594  0.7722E+00  0.2383E+01
  -8.584  0.7652E+00  0.2391E+01
  -8.574  0.7598E+00  0.2398E+01
  -8.564  0.7560E+00  0.2406E+01
  -8.554  0.7538E+00  0.2413E+01
  -8.544  0.7533E+00  0.2421E+01
  -8.534  0.7544E+00  0.2428E+01
  -8.524  0.7571E+00  0.2436E+01
  -8.514  0.7613E+00  0.2444E+01
  -8.504  0.7667E+00  0.2451E+01
  -8.494  0.7733E+00  0.2459E+01
  -8.484  0.7808E+00  0.2467E+01
  -8.474  0.7891E+00  0.2475E+01
  -8.464  0.7977E+00  0.2483E+01
  -8.454  0.8064E+00  0.2491E+01
  -8.444  0.8148E+00  0.2499E+01
  -8.434  0.8227E+00  0.2507E+01
  -8.424  0.8295E+00  0.2515E+01
  -8.414  0.8349E+00  0.2524E+01
  -8.404  0.8386E+00  0.2532E+01
  -8.394  0.8402E+00  0.2541E+01
  -8.384  0.8395E+00  0.2549E+01
  -8.374  0.8362E+00  0.2557E+01
  -8.364  0.8302E+00  0.2566E+01
  -8.354  0.8215E+00  0.2574E+01
  -8.344  0.8102E+00  0.2582E+01
  -8.334  0.7965E+00  0.2590E+01
  -8.324  0.7805E+00  0.2598E+01
  -8.314  0.7628E+00  0.2605E+01
  -8.304  0.7437E+00  0.2613E+01
  -8.294  0.7237E+00  0.2620E+01
  -8.284  0.7034E+00  0.2627E+01
  -8.274  0.6834E+00  0.2634E+01
  -8.264  0.6641E+00  0.2641E+01
  -8.254  0.6462E+00  0.2647E+01
  -8.244  0.6300E+00  0.2653E+01
  -8.234  0.6159E+00  0.2659E+01
  -8.224  0.6042E+00  0.2666E+01
  -8.214  0.5951E+00  0.2671E+01
  -8.204  0.5888E+00  0.2677E+01
  -8.194  0.5853E+00  0.2683E+01
  -8.184  0.5845E+00  0.2689E+01
  -8.174  0.5864E+00  0.2695E+01
  -8.164  0.5907E+00  0.2701E+01
  -8.154  0.5973E+00  0.2707E+01
  -8.144  0.6059E+00  0.2713E+01
  -8.134  0.6162E+00  0.2719E+01
  -8.124  0.6280E+00  0.2725E+01
  -8.114  0.6409E+00  0.2732E+01
  -8.104  0.6546E+00  0.2738E+01
  -8.094  0.6688E+00  0.2745E+01
  -8.084  0.6833E+00  0.2752E+01
  -8.074  0.6978E+00  0.2759E+01
  -8.064  0.7120E+00  0.2766E+01
  -8.054  0.7257E+00  0.2773E+01
  -8.044  0.7387E+00  0.2781E+01
  -8.034  0.7507E+00  0.2788E+01
  -8.024  0.7616E+00  0.2796E+01
  -8.014  0.7714E+00  0.2803E+01
  -8.004  0.7797E+00  0.2811E+01
  -7.994  0.7866E+00  0.2819E+01
  -7.984  0.7920E+00  0.2827E+01
  -7.974  0.7958E+00  0.2835E+01
  -7.964  0.7980E+00  0.2843E+01
  -7.954  0.7987E+00  0.2851E+01
  -7.944  0.7978E+00  0.2859E+01
  -7.934  0.7954E+00  0.2867E+01
  -7.924  0.7916E+00  0.2875E+01
  -7.914  0.7865E+00  0.2883E+01
  -7.904  0.7801E+00  0.2890E+01
  -7.894  0.7724E+00  0.2898E+01
  -7.884  0.7636E+00  0.2906E+01
  -7.874  0.7538E+00  0.2913E+01
  -7.864  0.7428E+00  0.2921E+01
  -7.854  0.7309E+00  0.2928E+01
  -7.844  0.7180E+00  0.2935E+01
  -7.834  0.7042E+00  0.2942E+01
  -7.824  0.6894E+00  0.2949E+01
  -7.814  0.6738E+00  0.2956E+01
  -7.804  0.6574E+00  0.2962E+01
  -7.794  0.6404E+00  0.2969E+01
  -7.784  0.6227E+00  0.2975E+01
  -7.774  0.6047E+00  0.2981E+01
  -7.764  0.5865E+00  0.2987E+01
  -7.754  0.5683E+00  0.2993E+01
  -7.744  0.5505E+00  0.2998E+01
  -7.734  0.5334E+00  0.3004E+01
  -7.724  0.5173E+00  0.3009E+01
  -7.714  0.5027E+00  0.3014E+01
  -7.704  0.4899E+00  0.3019E+01
  -7.694  0.4794E+00  0.3023E+01
  -7.684  0.4714E+00  0.3028E+01
  -7.674  0.4664E+00  0.3033E+01
  -7.664  0.4646E+00  0.3037E+01
  -7.654  0.4662E+00  0.3042E+01
  -7.644  0.4714E+00  0.3047E+01
  -7.634  0.4801E+00  0.3052E+01
  -7.624  0.4925E+00  0.3057E+01
  -7.614  0.5082E+00  0.3062E+01
  -7.604  0.5271E+00  0.3067E+01
  -7.594  0.5487E+00  0.3072E+01
  -7.584  0.5727E+00  0.3078E+01
  -7.574  0.5985E+00  0.3084E+01
  -7.564  0.6256E+00  0.3090E+01
  -7.554  0.6532E+00  0.3097E+01
  -7.544  0.6807E+00  0.3104E+01
  -7.534  0.7075E+00  0.3111E+01
  -7.524  0.7329E+00  0.3118E+01
  -7.514  0.7562E+00  0.3126E+01
  -7.504  0.7768E+00  0.3133E+01
  -7.494  0.7944E+00  0.3141E+01
  -7.484  0.8084E+00  0.3149E+01
  -7.474  0.8185E+00  0.3158E+01
  -7.464  0.8246E+00  0.3166E+01
  -7.454  0.8265E+00  0.3174E+01
  -7.444  0.8241E+00  0.3182E+01
  -7.434  0.8177E+00  0.3191E+01
  -7.424  0.8074E+00  0.3199E+01
  -7.414  0.7934E+00  0.3207E+01
  -7.404  0.7762E+00  0.3214E+01
  -7.394  0.7562E+00  0.3222E+01
  -7.384  0.7339E+00  0.3229E+01
  -7.374  0.7098E+00  0.3236E+01
  -7.364  0.6844E+00  0.3243E+01
  -7.354  0.6583E+00  0.3250E+01
  -7.344  0.6320E+00  0.3256E+01
  -7.334  0.6061E+00  0.3262E+01
  -7.324  0.5811E+00  0.3268E+01
  -7.314  0.5573E+00  0.3274E+01
  -7.304  0.5352E+00  0.3279E+01
  -7.294  0.5151E+00  0.3284E+01
  -7.284  0.4973E+00  0.3289E+01
  -7.274  0.4821E+00  0.3294E+01
  -7.264  0.4694E+00  0.3299E+01
  -7.254  0.4595E+00  0.3303E+01
  -7.244  0.4524E+00  0.3308E+01
  -7.234  0.4479E+00  0.3312E+01
  -7.224  0.4461E+00  0.3317E+01
  -7.214  0.4468E+00  0.3321E+01
  -7.204  0.4499E+00  0.3326E+01
  -7.194  0.4553E+00  0.3330E+01
  -7.184  0.4626E+00  0.3335E+01
  -7.174  0.4719E+00  0.3339E+01
  -7.164  0.4828E+00  0.3344E+01
  -7.154  0.4952E+00  0.3349E+01
  -7.144  0.5089E+00  0.3354E+01
  -7.134  0.5236E+00  0.3360E+01
  -7.124  0.5392E+00  0.3365E+01
  -7.114  0.5555E+00  0.3370E+01
  -7.104  0.5721E+00  0.3376E+01
  -7.094  0.5889E+00  0.3382E+01
  -7.084  0.6055E+00  0.3388E+01
  -7.074  0.6218E+00  0.3394E+01
  -7.064  0.6374E+00  0.3401E+01
  -7.054  0.6521E+00  0.3407E+01
  -7.044  0.6656E+00  0.3414E+01
  -7.034  0.6775E+00  0.3421E+01
  -7.024  0.6878E+00  0.3428E+01
  -7.014  0.6960E+00  0.3435E+01
  -7.004  0.7021E+00  0.3442E+01
  -6.994  0.7060E+00  0.3449E+01
  -6.984  0.7075E+00  0.3456E+01
  -6.974  0.7066E+00  0.3463E+01
  -6.964  0.7033E+00  0.3470E+01
  -6.954  0.6978E+00  0.3477E+01
  -6.944  0.6903E+00  0.3484E+01
  -6.934  0.6808E+00  0.3490E+01
  -6.924  0.6698E+00  0.3497E+01
  -6.914  0.6576E+00  0.3504E+01
  -6.904  0.6444E+00  0.3510E+01
  -6.894  0.6308E+00  0.3517E+01
  -6.884  0.6169E+00  0.3523E+01
  -6.874  0.6034E+00  0.3529E+01
  -6.864  0.5904E+00  0.3535E+01
  -6.854  0.5783E+00  0.3540E+01
  -6.844  0.5673E+00  0.3546E+01
  -6.834  0.5577E+00  0.3552E+01
  -6.824  0.5496E+00  0.3557E+01
  -6.814  0.5431E+00  0.3563E+01
  -6.804  0.5381E+00  0.3568E+01
  -6.794  0.5347E+00  0.3573E+01
  -6.784  0.5326E+00  0.3579E+01
  -6.774  0.5318E+00  0.3584E+01
  -6.764  0.5320E+00  0.3589E+01
  -6.754  0.5329E+00  0.3595E+01
  -6.744  0.5344E+00  0.3600E+01
  -6.734  0.5360E+00  0.3605E+01
  -6.724  0.5375E+00  0.3611E+01
  -6.714  0.5388E+00  0.3616E+01
  -6.704  0.5394E+00  0.3621E+01
  -6.694  0.5394E+00  0.3627E+01
  -6.684  0.5385E+00  0.3632E+01
  -6.674  0.5367E+00  0.3638E+01
  -6.664  0.5339E+00  0.3643E+01
  -6.654  0.5302E+00  0.3648E+01
  -6.644  0.5257E+00  0.3653E+01
  -6.634  0.5206E+00  0.3659E+01
  -6.624  0.5152E+00  0.3664E+01
  -6.614  0.5097E+00  0.3669E+01
  -6.604  0.5044E+00  0.3674E+01
  -6.594  0.4998E+00  0.3679E+01
  -6.584  0.4961E+00  0.3684E+01
  -6.574  0.4937E+00  0.3689E+01
  -6.564  0.4929E+00  0.3694E+01
  -6.554  0.4941E+00  0.3699E+01
  -6.544  0.4974E+00  0.3704E+01
  -6.534  0.5030E+00  0.3709E+01
  -6.524  0.5110E+00  0.3714E+01
  -6.514  0.5213E+00  0.3719E+01
  -6.504  0.5339E+00  0.3724E+01
  -6.494  0.5486E+00  0.3730E+01
  -6.484  0.5650E+00  0.3736E+01
  -6.474  0.5828E+00  0.3741E+01
  -6.464  0.6014E+00  0.3747E+01
  -6.454  0.6204E+00  0.3754E+01
  -6.444  0.6392E+00  0.3760E+01
  -6.434  0.6572E+00  0.3767E+01
  -6.424  0.6737E+00  0.3773E+01
  -6.414  0.6882E+00  0.3780E+01
  -6.404  0.7001E+00  0.3787E+01
  -6.394  0.7090E+00  0.3794E+01
  -6.384  0.7144E+00  0.3801E+01
  -6.374  0.7161E+00  0.3809E+01
  -6.364  0.7140E+00  0.3816E+01
  -6.354  0.7080E+00  0.3823E+01
  -6.344  0.6983E+00  0.3830E+01
  -6.334  0.6850E+00  0.3837E+01
  -6.324  0.6686E+00  0.3843E+01
  -6.314  0.6495E+00  0.3850E+01
  -6.304  0.6283E+00  0.3856E+01
  -6.294  0.6057E+00  0.3862E+01
  -6.284  0.5822E+00  0.3868E+01
  -6.274  0.5585E+00  0.3874E+01
  -6.264  0.5354E+00  0.3879E+01
  -6.254  0.5133E+00  0.3884E+01
  -6.244  0.4930E+00  0.3889E+01
  -6.234  0.4747E+00  0.3894E+01
  -6.224  0.4589E+00  0.3898E+01
  -6.214  0.4458E+00  0.3903E+01
  -6.204  0.4356E+00  0.3907E+01
  -6.194  0.4283E+00  0.3911E+01
  -6.184  0.4240E+00  0.3916E+01
  -6.174  0.4224E+00  0.3920E+01
  -6.164  0.4234E+00  0.3924E+01
  -6.154  0.4267E+00  0.3928E+01
  -6.144  0.4321E+00  0.3933E+01
  -6.134  0.4391E+00  0.3937E+01
  -6.124  0.4474E+00  0.3942E+01
  -6.114  0.4568E+00  0.3946E+01
  -6.104  0.4669E+00  0.3951E+01
  -6.094  0.4773E+00  0.3956E+01
  -6.084  0.4879E+00  0.3960E+01
  -6.074  0.4984E+00  0.3965E+01
  -6.064  0.5087E+00  0.3971E+01
  -6.054  0.5186E+00  0.3976E+01
  -6.044  0.5280E+00  0.3981E+01
  -6.034  0.5370E+00  0.3986E+01
  -6.024  0.5454E+00  0.3992E+01
  -6.014  0.5535E+00  0.3997E+01
  -6.004  0.5611E+00  0.4003E+01
  -5.994  0.5685E+00  0.4009E+01
  -5.984  0.5757E+00  0.4014E+01
  -5.974  0.5827E+00  0.4020E+01
  -5.964  0.5897E+00  0.4026E+01
  -5.954  0.5967E+00  0.4032E+01
  -5.944  0.6036E+00  0.4038E+01
  -5.934  0.6105E+00  0.4044E+01
  -5.924  0.6173E+00  0.4050E+01
  -5.914  0.6239E+00  0.4057E+01
  -5.904  0.6300E+00  0.4063E+01
  -5.894  0.6357E+00  0.4069E+01
  -5.884  0.6406E+00  0.4076E+01
  -5.874  0.6446E+00  0.4082E+01
  -5.864  0.6475E+00  0.4089E+01
  -5.854  0.6490E+00  0.4095E+01
  -5.844  0.6490E+00  0.4102E+01
  -5.834  0.6474E+00  0.4108E+01
  -5.824  0.6440E+00  0.4115E+01
  -5.814  0.6388E+00  0.4121E+01
  -5.804  0.6316E+00  0.4127E+01
  -5.794  0.6227E+00  0.4133E+01
  -5.784  0.6119E+00  0.4140E+01
  -5.774  0.5995E+00  0.4146E+01
  -5.764  0.5856E+00  0.4151E+01
  -5.754  0.5704E+00  0.4157E+01
  -5.744  0.5541E+00  0.4163E+01
  -5.734  0.5369E+00  0.4168E+01
  -5.724  0.5192E+00  0.4173E+01
  -5.714  0.5011E+00  0.4178E+01
  -5.704  0.4829E+00  0.4183E+01
  -5.694  0.4648E+00  0.4188E+01
  -5.684  0.4471E+00  0.4192E+01
  -5.674  0.4298E+00  0.4197E+01
  -5.664  0.4132E+00  0.4201E+01
  -5.654  0.3974E+00  0.4205E+01
  -5.644  0.3825E+00  0.4208E+01
  -5.634  0.3685E+00  0.4212E+01
  -5.624  0.3556E+00  0.4216E+01
  -5.614  0.3436E+00  0.4219E+01
  -5.604  0.3328E+00  0.4222E+01
  -5.594  0.3230E+00  0.4226E+01
  -5.584  0.3143E+00  0.4229E+01
  -5.574  0.3069E+00  0.4232E+01
  -5.564  0.3006E+00  0.4235E+01
  -5.554  0.2955E+00  0.4238E+01
  -5.544  0.2918E+00  0.4241E+01
  -5.534  0.2894E+00  0.4244E+01
  -5.524  0.2884E+00  0.4247E+01
  -5.514  0.2890E+00  0.4249E+01
  -5.504  0.2912E+00  0.4252E+01
  -5.494  0.2950E+00  0.4255E+01
  -5.484  0.3005E+00  0.4258E+01
  -5.474  0.3078E+00  0.4261E+01
  -5.464  0.3168E+00  0.4265E+01
  -5.454  0.3275E+00  0.4268E+01
  -5.444  0.3398E+00  0.4271E+01
  -5.434  0.3536E+00  0.4275E+01
  -5.424  0.3687E+00  0.4278E+01
  -5.414  0.3850E+00  0.4282E+01
  -5.404  0.4020E+00  0.4286E+01
  -5.394  0.4195E+00  0.4290E+01
  -5.384  0.4372E+00  0.4295E+01
  -5.374  0.4547E+00  0.4299E+01
  -5.364  0.4716E+00  0.4304E+01
  -5.354  0.4875E+00  0.4309E+01
  -5.344  0.5020E+00  0.4314E+01
  -5.334  0.5150E+00  0.4319E+01
  -5.324  0.5260E+00  0.4324E+01
  -5.314  0.5350E+00  0.4330E+01
  -5.304  0.5418E+00  0.4335E+01
  -5.294  0.5463E+00  0.4341E+01
  -5.284  0.5487E+00  0.4346E+01
  -5.274  0.5490E+00  0.4352E+01
  -5.264  0.5473E+00  0.4357E+01
  -5.254  0.5440E+00  0.4363E+01
  -5.244  0.5392E+00  0.4368E+01
  -5.234  0.5332E+00  0.4373E+01
  -5.224  0.5264E+00  0.4379E+01
  -5.214  0.5190E+00  0.4384E+01
  -5.204  0.5112E+00  0.4389E+01
  -5.194  0.5034E+00  0.4394E+01
  -5.184  0.4956E+00  0.4399E+01
  -5.174  0.4881E+00  0.4404E+01
  -5.164  0.4808E+00  0.4409E+01
  -5.154  0.4740E+00  0.4413E+01
  -5.144  0.4675E+00  0.4418E+01
  -5.134  0.4613E+00  0.4423E+01
  -5.124  0.4555E+00  0.4427E+01
  -5.114  0.4499E+00  0.4432E+01
  -5.104  0.4444E+00  0.4436E+01
  -5.094  0.4389E+00  0.4440E+01
  -5.084  0.4335E+00  0.4445E+01
  -5.074  0.4279E+00  0.4449E+01
  -5.064  0.4221E+00  0.4453E+01
  -5.054  0.4163E+00  0.4457E+01
  -5.044  0.4103E+00  0.4462E+01
  -5.034  0.4043E+00  0.4466E+01
  -5.024  0.3984E+00  0.4470E+01
  -5.014  0.3927E+00  0.4473E+01
  -5.004  0.3876E+00  0.4477E+01
  -4.994  0.3833E+00  0.4481E+01
  -4.984  0.3801E+00  0.4485E+01
  -4.974  0.3782E+00  0.4489E+01
  -4.964  0.3782E+00  0.4493E+01
  -4.954  0.3802E+00  0.4496E+01
  -4.944  0.3845E+00  0.4500E+01
  -4.934  0.3914E+00  0.4504E+01
  -4.924  0.4012E+00  0.4508E+01
  -4.914  0.4137E+00  0.4512E+01
  -4.904  0.4290E+00  0.4517E+01
  -4.894  0.4469E+00  0.4521E+01
  -4.884  0.4670E+00  0.4526E+01
  -4.874  0.4891E+00  0.4531E+01
  -4.864  0.5124E+00  0.4536E+01
  -4.854  0.5363E+00  0.4541E+01
  -4.844  0.5601E+00  0.4547E+01
  -4.834  0.5829E+00  0.4553E+01
  -4.824  0.6038E+00  0.4559E+01
  -4.814  0.6221E+00  0.4565E+01
  -4.804  0.6369E+00  0.4571E+01
  -4.794  0.6477E+00  0.4578E+01
  -4.784  0.6537E+00  0.4584E+01
  -4.774  0.6547E+00  0.4591E+01
  -4.764  0.6505E+00  0.4597E+01
  -4.754  0.6409E+00  0.4604E+01
  -4.744  0.6261E+00  0.4610E+01
  -4.734  0.6065E+00  0.4616E+01
  -4.724  0.5826E+00  0.4622E+01
  -4.714  0.5550E+00  0.4627E+01
  -4.704  0.5244E+00  0.4633E+01
  -4.694  0.4916E+00  0.4637E+01
  -4.684  0.4575E+00  0.4642E+01
  -4.674  0.4228E+00  0.4646E+01
  -4.664  0.3883E+00  0.4650E+01
  -4.654  0.3547E+00  0.4654E+01
  -4.644  0.3227E+00  0.4657E+01
  -4.634  0.2926E+00  0.4660E+01
  -4.624  0.2649E+00  0.4663E+01
  -4.614  0.2399E+00  0.4665E+01
  -4.604  0.2177E+00  0.4667E+01
  -4.594  0.1985E+00  0.4669E+01
  -4.584  0.1822E+00  0.4671E+01
  -4.574  0.1687E+00  0.4673E+01
  -4.564  0.1580E+00  0.4674E+01
  -4.554  0.1499E+00  0.4676E+01
  -4.544  0.1442E+00  0.4677E+01
  -4.534  0.1407E+00  0.4679E+01
  -4.524  0.1392E+00  0.4680E+01
  -4.514  0.1395E+00  0.4681E+01
  -4.504  0.1414E+00  0.4683E+01
  -4.494  0.1447E+00  0.4684E+01
  -4.484  0.1493E+00  0.4686E+01
  -4.474  0.1549E+00  0.4687E+01
  -4.464  0.1614E+00  0.4689E+01
  -4.454  0.1686E+00  0.4691E+01
  -4.444  0.1766E+00  0.4692E+01
  -4.434  0.1851E+00  0.4694E+01
  -4.424  0.1941E+00  0.4696E+01
  -4.414  0.2035E+00  0.4698E+01
  -4.404  0.2132E+00  0.4700E+01
  -4.394  0.2232E+00  0.4702E+01
  -4.384  0.2334E+00  0.4705E+01
  -4.374  0.2438E+00  0.4707E+01
  -4.364  0.2544E+00  0.4710E+01
  -4.354  0.2649E+00  0.4712E+01
  -4.344  0.2754E+00  0.4715E+01
  -4.334  0.2857E+00  0.4718E+01
  -4.324  0.2956E+00  0.4721E+01
  -4.314  0.3051E+00  0.4724E+01
  -4.304  0.3139E+00  0.4727E+01
  -4.294  0.3219E+00  0.4730E+01
  -4.284  0.3288E+00  0.4734E+01
  -4.274  0.3345E+00  0.4737E+01
  -4.264  0.3388E+00  0.4740E+01
  -4.254  0.3415E+00  0.4744E+01
  -4.244  0.3424E+00  0.4747E+01
  -4.234  0.3415E+00  0.4751E+01
  -4.224  0.3386E+00  0.4754E+01
  -4.214  0.3339E+00  0.4757E+01
  -4.204  0.3272E+00  0.4761E+01
  -4.194  0.3187E+00  0.4764E+01
  -4.184  0.3085E+00  0.4767E+01
  -4.174  0.2968E+00  0.4770E+01
  -4.164  0.2837E+00  0.4773E+01
  -4.154  0.2695E+00  0.4775E+01
  -4.144  0.2544E+00  0.4778E+01
  -4.134  0.2388E+00  0.4780E+01
  -4.124  0.2228E+00  0.4783E+01
  -4.114  0.2067E+00  0.4785E+01
  -4.104  0.1909E+00  0.4787E+01
  -4.094  0.1755E+00  0.4788E+01
  -4.084  0.1608E+00  0.4790E+01
  -4.074  0.1470E+00  0.4791E+01
  -4.064  0.1343E+00  0.4793E+01
  -4.054  0.1228E+00  0.4794E+01
  -4.044  0.1127E+00  0.4795E+01
  -4.034  0.1041E+00  0.4796E+01
  -4.024  0.9697E-01  0.4797E+01
  -4.014  0.9141E-01  0.4798E+01
  -4.004  0.8740E-01  0.4799E+01
  -3.994  0.8493E-01  0.4800E+01
  -3.984  0.8391E-01  0.4801E+01
  -3.974  0.8427E-01  0.4801E+01
  -3.964  0.8588E-01  0.4802E+01
  -3.954  0.8860E-01  0.4803E+01
  -3.944  0.9226E-01  0.4804E+01
  -3.934  0.9670E-01  0.4805E+01
  -3.924  0.1017E+00  0.4806E+01
  -3.914  0.1071E+00  0.4807E+01
  -3.904  0.1128E+00  0.4808E+01
  -3.894  0.1185E+00  0.4809E+01
  -3.884  0.1242E+00  0.4811E+01
  -3.874  0.1296E+00  0.4812E+01
  -3.864  0.1348E+00  0.4813E+01
  -3.854  0.1397E+00  0.4815E+01
  -3.844  0.1443E+00  0.4816E+01
  -3.834  0.1485E+00  0.4818E+01
  -3.824  0.1523E+00  0.4819E+01
  -3.814  0.1560E+00  0.4821E+01
  -3.804  0.1593E+00  0.4822E+01
  -3.794  0.1626E+00  0.4824E+01
  -3.784  0.1656E+00  0.4826E+01
  -3.774  0.1686E+00  0.4827E+01
  -3.764  0.1714E+00  0.4829E+01
  -3.754  0.1741E+00  0.4831E+01
  -3.744  0.1766E+00  0.4833E+01
  -3.734  0.1789E+00  0.4834E+01
  -3.724  0.1808E+00  0.4836E+01
  -3.714  0.1822E+00  0.4838E+01
  -3.704  0.1831E+00  0.4840E+01
  -3.694  0.1833E+00  0.4842E+01
  -3.684  0.1827E+00  0.4843E+01
  -3.674  0.1812E+00  0.4845E+01
  -3.664  0.1789E+00  0.4847E+01
  -3.654  0.1757E+00  0.4849E+01
  -3.644  0.1716E+00  0.4851E+01
  -3.634  0.1666E+00  0.4852E+01
  -3.624  0.1610E+00  0.4854E+01
  -3.614  0.1548E+00  0.4855E+01
  -3.604  0.1481E+00  0.4857E+01
  -3.594  0.1411E+00  0.4858E+01
  -3.584  0.1341E+00  0.4860E+01
  -3.574  0.1270E+00  0.4861E+01
  -3.564  0.1202E+00  0.4862E+01
  -3.554  0.1137E+00  0.4863E+01
  -3.544  0.1075E+00  0.4864E+01
  -3.534  0.1019E+00  0.4865E+01
  -3.524  0.9675E-01  0.4866E+01
  -3.514  0.9213E-01  0.4867E+01
  -3.504  0.8800E-01  0.4868E+01
  -3.494  0.8432E-01  0.4869E+01
  -3.484  0.8101E-01  0.4870E+01
  -3.474  0.7799E-01  0.4871E+01
  -3.464  0.7519E-01  0.4871E+01
  -3.454  0.7252E-01  0.4872E+01
  -3.444  0.6991E-01  0.4873E+01
  -3.434  0.6731E-01  0.4873E+01
  -3.424  0.6467E-01  0.4874E+01
  -3.414  0.6200E-01  0.4875E+01
  -3.404  0.5929E-01  0.4875E+01
  -3.394  0.5658E-01  0.4876E+01
  -3.384  0.5393E-01  0.4876E+01
  -3.374  0.5142E-01  0.4877E+01
  -3.364  0.4912E-01  0.4877E+01
  -3.354  0.4713E-01  0.4878E+01
  -3.344  0.4557E-01  0.4878E+01
  -3.334  0.4452E-01  0.4879E+01
  -3.324  0.4408E-01  0.4879E+01
  -3.314  0.4433E-01  0.4880E+01
  -3.304  0.4531E-01  0.4880E+01
  -3.294  0.4708E-01  0.4881E+01
  -3.284  0.4964E-01  0.4881E+01
  -3.274  0.5297E-01  0.4882E+01
  -3.264  0.5701E-01  0.4882E+01
  -3.254  0.6169E-01  0.4883E+01
  -3.244  0.6690E-01  0.4883E+01
  -3.234  0.7248E-01  0.4884E+01
  -3.224  0.7829E-01  0.4885E+01
  -3.214  0.8414E-01  0.4886E+01
  -3.204  0.8983E-01  0.4887E+01
  -3.194  0.9519E-01  0.4888E+01
  -3.184  0.1000E+00  0.4889E+01
  -3.174  0.1041E+00  0.4890E+01
  -3.164  0.1074E+00  0.4891E+01
  -3.154  0.1096E+00  0.4892E+01
  -3.144  0.1108E+00  0.4893E+01
  -3.134  0.1109E+00  0.4894E+01
  -3.124  0.1097E+00  0.4895E+01
  -3.114  0.1075E+00  0.4896E+01
  -3.104  0.1042E+00  0.4897E+01
  -3.094  0.9990E-01  0.4898E+01
  -3.084  0.9477E-01  0.4899E+01
  -3.074  0.8895E-01  0.4900E+01
  -3.064  0.8259E-01  0.4901E+01
  -3.054  0.7586E-01  0.4902E+01
  -3.044  0.6894E-01  0.4902E+01
  -3.034  0.6197E-01  0.4903E+01
  -3.024  0.5511E-01  0.4904E+01
  -3.014  0.4849E-01  0.4904E+01
  -3.004  0.4220E-01  0.4904E+01
  -2.994  0.3634E-01  0.4905E+01
  -2.984  0.3095E-01  0.4905E+01
  -2.974  0.2609E-01  0.4905E+01
  -2.964  0.2175E-01  0.4906E+01
  -2.954  0.1795E-01  0.4906E+01
  -2.944  0.1467E-01  0.4906E+01
  -2.934  0.1187E-01  0.4906E+01
  -2.924  0.9517E-02  0.4906E+01
  -2.914  0.7581E-02  0.4906E+01
  -2.904  0.6013E-02  0.4906E+01
  -2.894  0.4773E-02  0.4906E+01
  -2.884  0.3823E-02  0.4906E+01
  -2.874  0.3128E-02  0.4906E+01
  -2.864  0.2659E-02  0.4906E+01
  -2.854  0.2393E-02  0.4906E+01
  -2.844  0.2311E-02  0.4906E+01
  -2.834  0.2403E-02  0.4906E+01
  -2.824  0.2661E-02  0.4906E+01
  -2.814  0.3084E-02  0.4907E+01
  -2.804  0.3674E-02  0.4907E+01
  -2.794  0.4434E-02  0.4907E+01
  -2.784  0.5371E-02  0.4907E+01
  -2.774  0.6489E-02  0.4907E+01
  -2.764  0.7793E-02  0.4907E+01
  -2.754  0.9283E-02  0.4907E+01
  -2.744  0.1095E-01  0.4907E+01
  -2.734  0.1280E-01  0.4907E+01
  -2.724  0.1480E-01  0.4907E+01
  -2.714  0.1694E-01  0.4907E+01
  -2.704  0.1917E-01  0.4908E+01
  -2.694  0.2147E-01  0.4908E+01
  -2.684  0.2380E-01  0.4908E+01
  -2.674  0.2608E-01  0.4908E+01
  -2.664  0.2828E-01  0.4909E+01
  -2.654  0.3034E-01  0.4909E+01
  -2.644  0.3220E-01  0.4909E+01
  -2.634  0.3381E-01  0.4910E+01
  -2.624  0.3511E-01  0.4910E+01
  -2.614  0.3607E-01  0.4910E+01
  -2.604  0.3666E-01  0.4911E+01
  -2.594  0.3686E-01  0.4911E+01
  -2.584  0.3666E-01  0.4911E+01
  -2.574  0.3607E-01  0.4912E+01
  -2.564  0.3511E-01  0.4912E+01
  -2.554  0.3381E-01  0.4912E+01
  -2.544  0.3221E-01  0.4913E+01
  -2.534  0.3035E-01  0.4913E+01
  -2.524  0.2829E-01  0.4913E+01
  -2.514  0.2609E-01  0.4914E+01
  -2.504  0.2380E-01  0.4914E+01
  -2.494  0.2148E-01  0.4914E+01
  -2.484  0.1918E-01  0.4914E+01
  -2.474  0.1695E-01  0.4914E+01
  -2.464  0.1481E-01  0.4915E+01
  -2.454  0.1281E-01  0.4915E+01
  -2.444  0.1097E-01  0.4915E+01
  -2.434  0.9309E-02  0.4915E+01
  -2.424  0.7829E-02  0.4915E+01
  -2.414  0.6538E-02  0.4915E+01
  -2.404  0.5438E-02  0.4915E+01
  -2.394  0.4527E-02  0.4915E+01
  -2.384  0.3801E-02  0.4915E+01
  -2.374  0.3258E-02  0.4915E+01
  -2.364  0.2896E-02  0.4915E+01
  -2.354  0.2717E-02  0.4915E+01
  -2.344  0.2728E-02  0.4915E+01
  -2.334  0.2938E-02  0.4915E+01
  -2.324  0.3365E-02  0.4915E+01
  -2.314  0.4031E-02  0.4915E+01
  -2.304  0.4963E-02  0.4915E+01
  -2.294  0.6195E-02  0.4916E+01
  -2.284  0.7765E-02  0.4916E+01
  -2.274  0.9712E-02  0.4916E+01
  -2.264  0.1208E-01  0.4916E+01
  -2.254  0.1490E-01  0.4916E+01
  -2.244  0.1821E-01  0.4916E+01
  -2.234  0.2205E-01  0.4916E+01
  -2.224  0.2642E-01  0.4917E+01
  -2.214  0.3132E-01  0.4917E+01
  -2.204  0.3673E-01  0.4917E+01
  -2.194  0.4263E-01  0.4918E+01
  -2.184  0.4895E-01  0.4918E+01
  -2.174  0.5560E-01  0.4919E+01
  -2.164  0.6248E-01  0.4919E+01
  -2.154  0.6946E-01  0.4920E+01
  -2.144  0.7639E-01  0.4921E+01
  -2.134  0.8312E-01  0.4922E+01
  -2.124  0.8948E-01  0.4923E+01
  -2.114  0.9531E-01  0.4924E+01
  -2.104  0.1004E+00  0.4925E+01
  -2.094  0.1047E+00  0.4926E+01
  -2.084  0.1081E+00  0.4927E+01
  -2.074  0.1104E+00  0.4928E+01
  -2.064  0.1116E+00  0.4929E+01
  -2.054  0.1117E+00  0.4930E+01
  -2.044  0.1107E+00  0.4931E+01
  -2.034  0.1088E+00  0.4932E+01
  -2.024  0.1058E+00  0.4933E+01
  -2.014  0.1022E+00  0.4934E+01
  -2.004  0.9785E-01  0.4935E+01
  -1.994  0.9311E-01  0.4936E+01
  -1.984  0.8811E-01  0.4937E+01
  -1.974  0.8306E-01  0.4938E+01
  -1.964  0.7812E-01  0.4939E+01
  -1.954  0.7347E-01  0.4939E+01
  -1.944  0.6924E-01  0.4940E+01
  -1.934  0.6555E-01  0.4941E+01
  -1.924  0.6246E-01  0.4941E+01
  -1.914  0.6004E-01  0.4942E+01
  -1.904  0.5828E-01  0.4943E+01
  -1.894  0.5717E-01  0.4943E+01
  -1.884  0.5666E-01  0.4944E+01
  -1.874  0.5669E-01  0.4944E+01
  -1.864  0.5715E-01  0.4945E+01
  -1.854  0.5797E-01  0.4945E+01
  -1.844  0.5905E-01  0.4946E+01
  -1.834  0.6029E-01  0.4947E+01
  -1.824  0.6162E-01  0.4947E+01
  -1.814  0.6298E-01  0.4948E+01
  -1.804  0.6434E-01  0.4949E+01
  -1.794  0.6569E-01  0.4949E+01
  -1.784  0.6706E-01  0.4950E+01
  -1.774  0.6849E-01  0.4951E+01
  -1.764  0.7006E-01  0.4951E+01
  -1.754  0.7187E-01  0.4952E+01
  -1.744  0.7403E-01  0.4953E+01
  -1.734  0.7666E-01  0.4953E+01
  -1.724  0.7989E-01  0.4954E+01
  -1.714  0.8383E-01  0.4955E+01
  -1.704  0.8858E-01  0.4956E+01
  -1.694  0.9421E-01  0.4957E+01
  -1.684  0.1008E+00  0.4958E+01
  -1.674  0.1083E+00  0.4959E+01
  -1.664  0.1167E+00  0.4960E+01
  -1.654  0.1259E+00  0.4961E+01
  -1.644  0.1359E+00  0.4963E+01
  -1.634  0.1464E+00  0.4964E+01
  -1.624  0.1572E+00  0.4966E+01
  -1.614  0.1683E+00  0.4968E+01
  -1.604  0.1793E+00  0.4969E+01
  -1.594  0.1900E+00  0.4971E+01
  -1.584  0.2001E+00  0.4973E+01
  -1.574  0.2095E+00  0.4975E+01
  -1.564  0.2179E+00  0.4977E+01
  -1.554  0.2251E+00  0.4980E+01
  -1.544  0.2311E+00  0.4982E+01
  -1.534  0.2356E+00  0.4984E+01
  -1.524  0.2386E+00  0.4987E+01
  -1.514  0.2402E+00  0.4989E+01
  -1.504  0.2401E+00  0.4992E+01
  -1.494  0.2386E+00  0.4994E+01
  -1.484  0.2358E+00  0.4996E+01
  -1.474  0.2316E+00  0.4999E+01
  -1.464  0.2262E+00  0.5001E+01
  -1.454  0.2199E+00  0.5003E+01
  -1.444  0.2127E+00  0.5005E+01
  -1.434  0.2049E+00  0.5007E+01
  -1.424  0.1966E+00  0.5009E+01
  -1.414  0.1880E+00  0.5011E+01
  -1.404  0.1793E+00  0.5013E+01
  -1.394  0.1706E+00  0.5015E+01
  -1.384  0.1622E+00  0.5016E+01
  -1.374  0.1540E+00  0.5018E+01
  -1.364  0.1464E+00  0.5019E+01
  -1.354  0.1394E+00  0.5021E+01
  -1.344  0.1330E+00  0.5022E+01
  -1.334  0.1275E+00  0.5023E+01
  -1.324  0.1230E+00  0.5025E+01
  -1.314  0.1194E+00  0.5026E+01
  -1.304  0.1170E+00  0.5027E+01
  -1.294  0.1159E+00  0.5028E+01
  -1.284  0.1162E+00  0.5029E+01
  -1.274  0.1182E+00  0.5030E+01
  -1.264  0.1218E+00  0.5032E+01
  -1.254  0.1274E+00  0.5033E+01
  -1.244  0.1351E+00  0.5034E+01
  -1.234  0.1450E+00  0.5036E+01
  -1.224  0.1572E+00  0.5037E+01
  -1.214  0.1719E+00  0.5039E+01
  -1.204  0.1892E+00  0.5041E+01
  -1.194  0.2089E+00  0.5043E+01
  -1.184  0.2310E+00  0.5045E+01
  -1.174  0.2554E+00  0.5048E+01
  -1.164  0.2817E+00  0.5051E+01
  -1.154  0.3098E+00  0.5054E+01
  -1.144  0.3391E+00  0.5057E+01
  -1.134  0.3692E+00  0.5061E+01
  -1.124  0.3996E+00  0.5065E+01
  -1.114  0.4299E+00  0.5069E+01
  -1.104  0.4593E+00  0.5074E+01
  -1.094  0.4875E+00  0.5079E+01
  -1.084  0.5139E+00  0.5084E+01
  -1.074  0.5381E+00  0.5089E+01
  -1.064  0.5597E+00  0.5095E+01
  -1.054  0.5784E+00  0.5100E+01
  -1.044  0.5942E+00  0.5106E+01
  -1.034  0.6068E+00  0.5112E+01
  -1.024  0.6164E+00  0.5119E+01
  -1.014  0.6230E+00  0.5125E+01
  -1.004  0.6268E+00  0.5131E+01
  -0.994  0.6281E+00  0.5137E+01
  -0.984  0.6271E+00  0.5144E+01
  -0.974  0.6241E+00  0.5150E+01
  -0.964  0.6195E+00  0.5156E+01
  -0.954  0.6135E+00  0.5162E+01
  -0.944  0.6064E+00  0.5168E+01
  -0.934  0.5985E+00  0.5174E+01
  -0.924  0.5900E+00  0.5180E+01
  -0.914  0.5811E+00  0.5186E+01
  -0.904  0.5720E+00  0.5192E+01
  -0.894  0.5627E+00  0.5197E+01
  -0.884  0.5534E+00  0.5203E+01
  -0.874  0.5442E+00  0.5208E+01
  -0.864  0.5350E+00  0.5214E+01
  -0.854  0.5261E+00  0.5219E+01
  -0.844  0.5174E+00  0.5224E+01
  -0.834  0.5090E+00  0.5229E+01
  -0.824  0.5009E+00  0.5234E+01
  -0.814  0.4931E+00  0.5239E+01
  -0.804  0.4856E+00  0.5244E+01
  -0.794  0.4784E+00  0.5249E+01
  -0.784  0.4715E+00  0.5254E+01
  -0.774  0.4649E+00  0.5258E+01
  -0.764  0.4585E+00  0.5263E+01
  -0.754  0.4523E+00  0.5267E+01
  -0.744  0.4462E+00  0.5272E+01
  -0.734  0.4404E+00  0.5276E+01
  -0.724  0.4346E+00  0.5280E+01
  -0.714  0.4291E+00  0.5285E+01
  -0.704  0.4239E+00  0.5289E+01
  -0.694  0.4190E+00  0.5293E+01
  -0.684  0.4147E+00  0.5297E+01
  -0.674  0.4109E+00  0.5301E+01
  -0.664  0.4080E+00  0.5306E+01
  -0.654  0.4060E+00  0.5310E+01
  -0.644  0.4051E+00  0.5314E+01
  -0.634  0.4054E+00  0.5318E+01
  -0.624  0.4070E+00  0.5322E+01
  -0.614  0.4098E+00  0.5326E+01
  -0.604  0.4140E+00  0.5330E+01
  -0.594  0.4192E+00  0.5334E+01
  -0.584  0.4255E+00  0.5338E+01
  -0.574  0.4325E+00  0.5343E+01
  -0.564  0.4399E+00  0.5347E+01
  -0.554  0.4474E+00  0.5352E+01
  -0.544  0.4547E+00  0.5356E+01
  -0.534  0.4613E+00  0.5361E+01
  -0.524  0.4670E+00  0.5365E+01
  -0.514  0.4714E+00  0.5370E+01
  -0.504  0.4742E+00  0.5375E+01
  -0.494  0.4752E+00  0.5380E+01
  -0.484  0.4742E+00  0.5384E+01
  -0.474  0.4711E+00  0.5389E+01
  -0.464  0.4661E+00  0.5394E+01
  -0.454  0.4590E+00  0.5398E+01
  -0.444  0.4502E+00  0.5403E+01
  -0.434  0.4397E+00  0.5407E+01
  -0.424  0.4280E+00  0.5412E+01
  -0.414  0.4152E+00  0.5416E+01
  -0.404  0.4018E+00  0.5420E+01
  -0.394  0.3880E+00  0.5424E+01
  -0.384  0.3743E+00  0.5427E+01
  -0.374  0.3609E+00  0.5431E+01
  -0.364  0.3482E+00  0.5434E+01
  -0.354  0.3363E+00  0.5438E+01
  -0.344  0.3255E+00  0.5441E+01
  -0.334  0.3160E+00  0.5444E+01
  -0.324  0.3077E+00  0.5447E+01
  -0.314  0.3008E+00  0.5450E+01
  -0.304  0.2952E+00  0.5453E+01
  -0.294  0.2909E+00  0.5456E+01
  -0.284  0.2878E+00  0.5459E+01
  -0.274  0.2856E+00  0.5462E+01
  -0.264  0.2844E+00  0.5465E+01
  -0.254  0.2838E+00  0.5468E+01
  -0.244  0.2837E+00  0.5470E+01
  -0.234  0.2839E+00  0.5473E+01
  -0.224  0.2842E+00  0.5476E+01
  -0.214  0.2845E+00  0.5479E+01
  -0.204  0.2845E+00  0.5482E+01
  -0.194  0.2842E+00  0.5485E+01
  -0.184  0.2834E+00  0.5487E+01
  -0.174  0.2821E+00  0.5490E+01
  -0.164  0.2802E+00  0.5493E+01
  -0.154  0.2776E+00  0.5496E+01
  -0.144  0.2745E+00  0.5499E+01
  -0.134  0.2708E+00  0.5501E+01
  -0.124  0.2666E+00  0.5504E+01
  -0.114  0.2621E+00  0.5507E+01
  -0.104  0.2573E+00  0.5509E+01
  -0.094  0.2525E+00  0.5512E+01
  -0.084  0.2478E+00  0.5514E+01
  -0.074  0.2435E+00  0.5517E+01
  -0.064  0.2398E+00  0.5519E+01
  -0.054  0.2368E+00  0.5521E+01
  -0.044  0.2349E+00  0.5524E+01
  -0.034  0.2342E+00  0.5526E+01
  -0.024  0.2350E+00  0.5528E+01
  -0.014  0.2374E+00  0.5531E+01
  -0.004  0.2414E+00  0.5533E+01
   0.006  0.2473E+00  0.5536E+01
   0.016  0.2550E+00  0.5538E+01
   0.026  0.2643E+00  0.5541E+01
   0.036  0.2753E+00  0.5544E+01
   0.046  0.2877E+00  0.5547E+01
   0.056  0.3011E+00  0.5550E+01
   0.066  0.3153E+00  0.5553E+01
   0.076  0.3300E+00  0.5556E+01
   0.086  0.3445E+00  0.5559E+01
   0.096  0.3586E+00  0.5563E+01
   0.106  0.3717E+00  0.5567E+01
   0.116  0.3835E+00  0.5571E+01
   0.126  0.3934E+00  0.5575E+01
   0.136  0.4012E+00  0.5579E+01
   0.146  0.4065E+00  0.5583E+01
   0.156  0.4092E+00  0.5587E+01
   0.166  0.4091E+00  0.5591E+01
   0.176  0.4062E+00  0.5595E+01
   0.186  0.4005E+00  0.5599E+01
   0.196  0.3921E+00  0.5603E+01
   0.206  0.3814E+00  0.5607E+01
   0.216  0.3686E+00  0.5610E+01
   0.226  0.3541E+00  0.5614E+01
   0.236  0.3382E+00  0.5617E+01
   0.246  0.3215E+00  0.5620E+01
   0.256  0.3044E+00  0.5623E+01
   0.266  0.2872E+00  0.5626E+01
   0.276  0.2705E+00  0.5629E+01
   0.286  0.2547E+00  0.5632E+01
   0.296  0.2400E+00  0.5634E+01
   0.306  0.2267E+00  0.5636E+01
   0.316  0.2152E+00  0.5638E+01
   0.326  0.2054E+00  0.5640E+01
   0.336  0.1976E+00  0.5642E+01
   0.346  0.1918E+00  0.5644E+01
   0.356  0.1879E+00  0.5646E+01
   0.366  0.1858E+00  0.5648E+01
   0.376  0.1856E+00  0.5650E+01
   0.386  0.1870E+00  0.5652E+01
   0.396  0.1899E+00  0.5654E+01
   0.406  0.1943E+00  0.5656E+01
   0.416  0.1998E+00  0.5658E+01
   0.426  0.2065E+00  0.5660E+01
   0.436  0.2141E+00  0.5662E+01
   0.446  0.2226E+00  0.5664E+01
   0.456  0.2318E+00  0.5666E+01
   0.466  0.2417E+00  0.5669E+01
   0.476  0.2521E+00  0.5671E+01
   0.486  0.2631E+00  0.5674E+01
   0.496  0.2743E+00  0.5677E+01
   0.506  0.2858E+00  0.5680E+01
   0.516  0.2975E+00  0.5683E+01
   0.526  0.3092E+00  0.5686E+01
   0.536  0.3208E+00  0.5689E+01
   0.546  0.3321E+00  0.5692E+01
   0.556  0.3431E+00  0.5696E+01
   0.566  0.3535E+00  0.5699E+01
   0.576  0.3633E+00  0.5703E+01
   0.586  0.3723E+00  0.5706E+01
   0.596  0.3804E+00  0.5710E+01
   0.606  0.3876E+00  0.5714E+01
   0.616  0.3938E+00  0.5718E+01
   0.626  0.3991E+00  0.5722E+01
   0.636  0.4034E+00  0.5726E+01
   0.646  0.4069E+00  0.5730E+01
   0.656  0.4096E+00  0.5734E+01
   0.666  0.4118E+00  0.5738E+01
   0.676  0.4135E+00  0.5743E+01
   0.686  0.4150E+00  0.5747E+01
   0.696  0.4166E+00  0.5751E+01
   0.706  0.4185E+00  0.5755E+01
   0.716  0.4208E+00  0.5759E+01
   0.726  0.4239E+00  0.5763E+01
   0.736  0.4278E+00  0.5768E+01
   0.746  0.4328E+00  0.5772E+01
   0.756  0.4390E+00  0.5776E+01
   0.766  0.4463E+00  0.5781E+01
   0.776  0.4546E+00  0.5785E+01
   0.786  0.4641E+00  0.5790E+01
   0.796  0.4743E+00  0.5795E+01
   0.806  0.4852E+00  0.5800E+01
   0.816  0.4964E+00  0.5805E+01
   0.826  0.5077E+00  0.5810E+01
   0.836  0.5187E+00  0.5815E+01
   0.846  0.5291E+00  0.5820E+01
   0.856  0.5386E+00  0.5826E+01
   0.866  0.5469E+00  0.5831E+01
   0.876  0.5537E+00  0.5837E+01
   0.886  0.5589E+00  0.5842E+01
   0.896  0.5622E+00  0.5848E+01
   0.906  0.5636E+00  0.5853E+01
   0.916  0.5629E+00  0.5859E+01
   0.926  0.5603E+00  0.5865E+01
   0.936  0.5558E+00  0.5870E+01
   0.946  0.5494E+00  0.5876E+01
   0.956  0.5414E+00  0.5881E+01
   0.966  0.5318E+00  0.5886E+01
   0.976  0.5209E+00  0.5892E+01
   0.986  0.5090E+00  0.5897E+01
   0.996  0.4962E+00  0.5902E+01
   1.006  0.4829E+00  0.5907E+01
   1.016  0.4693E+00  0.5911E+01
   1.026  0.4557E+00  0.5916E+01
   1.036  0.4425E+00  0.5920E+01
   1.046  0.4300E+00  0.5925E+01
   1.056  0.4184E+00  0.5929E+01
   1.066  0.4082E+00  0.5933E+01
   1.076  0.3995E+00  0.5937E+01
   1.086  0.3928E+00  0.5941E+01
   1.096  0.3882E+00  0.5945E+01
   1.106  0.3859E+00  0.5948E+01
   1.116  0.3861E+00  0.5952E+01
   1.126  0.3890E+00  0.5956E+01
   1.136  0.3946E+00  0.5960E+01
   1.146  0.4028E+00  0.5964E+01
   1.156  0.4137E+00  0.5968E+01
   1.166  0.4270E+00  0.5973E+01
   1.176  0.4426E+00  0.5977E+01
   1.186  0.4603E+00  0.5982E+01
   1.196  0.4798E+00  0.5986E+01
   1.206  0.5008E+00  0.5991E+01
   1.216  0.5230E+00  0.5997E+01
   1.226  0.5462E+00  0.6002E+01
   1.236  0.5699E+00  0.6008E+01
   1.246  0.5941E+00  0.6014E+01
   1.256  0.6183E+00  0.6020E+01
   1.266  0.6424E+00  0.6026E+01
   1.276  0.6661E+00  0.6033E+01
   1.286  0.6894E+00  0.6040E+01
   1.296  0.7119E+00  0.6047E+01
   1.306  0.7337E+00  0.6054E+01
   1.316  0.7546E+00  0.6062E+01
   1.326  0.7744E+00  0.6070E+01
   1.336  0.7933E+00  0.6078E+01
   1.346  0.8110E+00  0.6086E+01
   1.356  0.8275E+00  0.6094E+01
   1.366  0.8429E+00  0.6102E+01
   1.376  0.8570E+00  0.6111E+01
   1.386  0.8699E+00  0.6120E+01
   1.396  0.8815E+00  0.6129E+01
   1.406  0.8918E+00  0.6137E+01
   1.416  0.9008E+00  0.6146E+01
   1.426  0.9085E+00  0.6156E+01
   1.436  0.9151E+00  0.6165E+01
   1.446  0.9204E+00  0.6174E+01
   1.456  0.9247E+00  0.6183E+01
   1.466  0.9279E+00  0.6192E+01
   1.476  0.9301E+00  0.6202E+01
   1.486  0.9314E+00  0.6211E+01
   1.496  0.9319E+00  0.6220E+01
   1.506  0.9317E+00  0.6230E+01
   1.516  0.9308E+00  0.6239E+01
   1.526  0.9292E+00  0.6248E+01
   1.536  0.9271E+00  0.6258E+01
   1.546  0.9244E+00  0.6267E+01
   1.556  0.9213E+00  0.6276E+01
   1.566  0.9176E+00  0.6285E+01
   1.576  0.9135E+00  0.6294E+01
   1.586  0.9089E+00  0.6303E+01
   1.596  0.9039E+00  0.6312E+01
   1.606  0.8985E+00  0.6321E+01
   1.616  0.8927E+00  0.6330E+01
   1.626  0.8866E+00  0.6339E+01
   1.636  0.8802E+00  0.6348E+01
   1.646  0.8737E+00  0.6357E+01
   1.656  0.8670E+00  0.6365E+01
   1.666  0.8603E+00  0.6374E+01
   1.676  0.8537E+00  0.6383E+01
   1.686  0.8474E+00  0.6391E+01
   1.696  0.8413E+00  0.6399E+01
   1.706  0.8356E+00  0.6408E+01
   1.716  0.8305E+00  0.6416E+01
   1.726  0.8260E+00  0.6424E+01
   1.736  0.8224E+00  0.6433E+01
   1.746  0.8196E+00  0.6441E+01
   1.756  0.8178E+00  0.6449E+01
   1.766  0.8170E+00  0.6457E+01
   1.776  0.8174E+00  0.6465E+01
   1.786  0.8190E+00  0.6473E+01
   1.796  0.8217E+00  0.6482E+01
   1.806  0.8256E+00  0.6490E+01
   1.816  0.8307E+00  0.6498E+01
   1.826  0.8368E+00  0.6507E+01
   1.836  0.8438E+00  0.6515E+01
   1.846  0.8516E+00  0.6524E+01
   1.856  0.8600E+00  0.6532E+01
   1.866  0.8688E+00  0.6541E+01
   1.876  0.8779E+00  0.6550E+01
   1.886  0.8870E+00  0.6559E+01
   1.896  0.8960E+00  0.6567E+01
   1.906  0.9047E+00  0.6577E+01
   1.916  0.9129E+00  0.6586E+01
   1.926  0.9204E+00  0.6595E+01
   1.936  0.9272E+00  0.6604E+01
   1.946  0.9331E+00  0.6613E+01
   1.956  0.9382E+00  0.6623E+01
   1.966  0.9424E+00  0.6632E+01
   1.976  0.9456E+00  0.6642E+01
   1.986  0.9480E+00  0.6651E+01
   1.996  0.9495E+00  0.6661E+01
   2.006  0.9502E+00  0.6670E+01
   2.016  0.9504E+00  0.6680E+01
   2.026  0.9500E+00  0.6689E+01
   2.036  0.9492E+00  0.6699E+01
   2.046  0.9483E+00  0.6708E+01
   2.056  0.9474E+00  0.6718E+01
   2.066  0.9468E+00  0.6727E+01
   2.076  0.9468E+00  0.6737E+01
   2.086  0.9477E+00  0.6746E+01
   2.096  0.9498E+00  0.6756E+01
   2.106  0.9535E+00  0.6765E+01
   2.116  0.9591E+00  0.6775E+01
   2.126  0.9669E+00  0.6784E+01
   2.136  0.9773E+00  0.6794E+01
   2.146  0.9904E+00  0.6804E+01
   2.156  0.1006E+01  0.6814E+01
   2.166  0.1025E+01  0.6824E+01
   2.176  0.1047E+01  0.6835E+01
   2.186  0.1072E+01  0.6846E+01
   2.196  0.1100E+01  0.6857E+01
   2.206  0.1129E+01  0.6868E+01
   2.216  0.1160E+01  0.6879E+01
   2.226  0.1192E+01  0.6891E+01
   2.236  0.1224E+01  0.6904E+01
   2.246  0.1256E+01  0.6916E+01
   2.256  0.1286E+01  0.6929E+01
   2.266  0.1314E+01  0.6942E+01
   2.276  0.1340E+01  0.6956E+01
   2.286  0.1361E+01  0.6969E+01
   2.296  0.1379E+01  0.6983E+01
   2.306  0.1391E+01  0.6997E+01
   2.316  0.1399E+01  0.7011E+01
   2.326  0.1402E+01  0.7025E+01
   2.336  0.1400E+01  0.7039E+01
   2.346  0.1394E+01  0.7053E+01
   2.356  0.1382E+01  0.7067E+01
   2.366  0.1367E+01  0.7080E+01
   2.376  0.1349E+01  0.7094E+01
   2.386  0.1328E+01  0.7107E+01
   2.396  0.1306E+01  0.7120E+01
   2.406  0.1282E+01  0.7133E+01
   2.416  0.1258E+01  0.7146E+01
   2.426  0.1234E+01  0.7158E+01
   2.436  0.1212E+01  0.7170E+01
   2.446  0.1191E+01  0.7182E+01
   2.456  0.1172E+01  0.7194E+01
   2.466  0.1155E+01  0.7205E+01
   2.476  0.1141E+01  0.7217E+01
   2.486  0.1131E+01  0.7228E+01
   2.496  0.1123E+01  0.7239E+01
   2.506  0.1119E+01  0.7250E+01
   2.516  0.1118E+01  0.7262E+01
   2.526  0.1120E+01  0.7273E+01
   2.536  0.1124E+01  0.7284E+01
   2.546  0.1132E+01  0.7295E+01
   2.556  0.1141E+01  0.7307E+01
   2.566  0.1153E+01  0.7318E+01
   2.576  0.1166E+01  0.7330E+01
   2.586  0.1180E+01  0.7342E+01
   2.596  0.1195E+01  0.7354E+01
   2.606  0.1211E+01  0.7366E+01
   2.616  0.1227E+01  0.7378E+01
   2.626  0.1243E+01  0.7390E+01
   2.636  0.1258E+01  0.7403E+01
   2.646  0.1273E+01  0.7416E+01
   2.656  0.1288E+01  0.7429E+01
   2.666  0.1301E+01  0.7442E+01
   2.676  0.1313E+01  0.7455E+01
   2.686  0.1324E+01  0.7468E+01
   2.696  0.1333E+01  0.7481E+01
   2.706  0.1340E+01  0.7495E+01
   2.716  0.1346E+01  0.7508E+01
   2.726  0.1350E+01  0.7522E+01
   2.736  0.1352E+01  0.7535E+01
   2.746  0.1352E+01  0.7549E+01
   2.756  0.1350E+01  0.7562E+01
   2.766  0.1347E+01  0.7576E+01
   2.776  0.1342E+01  0.7589E+01
   2.786  0.1335E+01  0.7602E+01
   2.796  0.1327E+01  0.7616E+01
   2.806  0.1318E+01  0.7629E+01
   2.816  0.1308E+01  0.7642E+01
   2.826  0.1299E+01  0.7655E+01
   2.836  0.1290E+01  0.7668E+01
   2.846  0.1281E+01  0.7681E+01
   2.856  0.1274E+01  0.7693E+01
   2.866  0.1268E+01  0.7706E+01
   2.876  0.1264E+01  0.7719E+01
   2.886  0.1262E+01  0.7731E+01
   2.896  0.1262E+01  0.7744E+01
   2.906  0.1265E+01  0.7757E+01
   2.916  0.1269E+01  0.7769E+01
   2.926  0.1275E+01  0.7782E+01
   2.936  0.1283E+01  0.7795E+01
   2.946  0.1292E+01  0.7808E+01
   2.956  0.1302E+01  0.7821E+01
   2.966  0.1312E+01  0.7834E+01
   2.976  0.1323E+01  0.7847E+01
   2.986  0.1332E+01  0.7861E+01
   2.996  0.1341E+01  0.7874E+01
   3.006  0.1349E+01  0.7887E+01
   3.016  0.1354E+01  0.7901E+01
   3.026  0.1358E+01  0.7915E+01
   3.036  0.1360E+01  0.7928E+01
   3.046  0.1360E+01  0.7942E+01
   3.056  0.1357E+01  0.7955E+01
   3.066  0.1352E+01  0.7969E+01
   3.076  0.1346E+01  0.7982E+01
   3.086  0.1337E+01  0.7996E+01
   3.096  0.1328E+01  0.8009E+01
   3.106  0.1317E+01  0.8022E+01
   3.116  0.1306E+01  0.8035E+01
   3.126  0.1294E+01  0.8048E+01
   3.136  0.1282E+01  0.8061E+01
   3.146  0.1271E+01  0.8074E+01
   3.156  0.1260E+01  0.8086E+01
   3.166  0.1250E+01  0.8099E+01
   3.176  0.1242E+01  0.8111E+01
   3.186  0.1234E+01  0.8124E+01
   3.196  0.1228E+01  0.8136E+01
   3.206  0.1224E+01  0.8148E+01
   3.216  0.1221E+01  0.8160E+01
   3.226  0.1219E+01  0.8172E+01
   3.236  0.1218E+01  0.8185E+01
   3.246  0.1219E+01  0.8197E+01
   3.256  0.1221E+01  0.8209E+01
   3.266  0.1224E+01  0.8221E+01
   3.276  0.1228E+01  0.8234E+01
   3.286  0.1232E+01  0.8246E+01
   3.296  0.1238E+01  0.8258E+01
   3.306  0.1243E+01  0.8271E+01
   3.316  0.1250E+01  0.8283E+01
   3.326  0.1256E+01  0.8296E+01
   3.336  0.1263E+01  0.8308E+01
   3.346  0.1270E+01  0.8321E+01
   3.356  0.1277E+01  0.8334E+01
   3.366  0.1285E+01  0.8347E+01
   3.376  0.1292E+01  0.8360E+01
   3.386  0.1300E+01  0.8373E+01
   3.396  0.1308E+01  0.8386E+01
   3.406  0.1316E+01  0.8399E+01
   3.416  0.1324E+01  0.8412E+01
   3.426  0.1332E+01  0.8425E+01
   3.436  0.1340E+01  0.8439E+01
   3.446  0.1348E+01  0.8452E+01
   3.456  0.1357E+01  0.8466E+01
   3.466  0.1366E+01  0.8480E+01
   3.476  0.1375E+01  0.8493E+01
   3.486  0.1385E+01  0.8507E+01
   3.496  0.1395E+01  0.8521E+01
   3.506  0.1405E+01  0.8535E+01
   3.516  0.1415E+01  0.8549E+01
   3.526  0.1425E+01  0.8564E+01
   3.536  0.1435E+01  0.8578E+01
   3.546  0.1444E+01  0.8592E+01
   3.556  0.1453E+01  0.8607E+01
   3.566  0.1461E+01  0.8621E+01
   3.576  0.1468E+01  0.8636E+01
   3.586  0.1474E+01  0.8651E+01
   3.596  0.1478E+01  0.8666E+01
   3.606  0.1481E+01  0.8680E+01
   3.616  0.1482E+01  0.8695E+01
   3.626  0.1482E+01  0.8710E+01
   3.636  0.1480E+01  0.8725E+01
   3.646  0.1477E+01  0.8740E+01
   3.656  0.1473E+01  0.8754E+01
   3.666  0.1468E+01  0.8769E+01
   3.676  0.1463E+01  0.8784E+01
   3.686  0.1458E+01  0.8798E+01
   3.696  0.1453E+01  0.8813E+01
   3.706  0.1448E+01  0.8827E+01
   3.716  0.1444E+01  0.8842E+01
   3.726  0.1440E+01  0.8856E+01
   3.736  0.1437E+01  0.8871E+01
   3.746  0.1435E+01  0.8885E+01
   3.756  0.1434E+01  0.8899E+01
   3.766  0.1433E+01  0.8914E+01
   3.776  0.1433E+01  0.8928E+01
   3.786  0.1433E+01  0.8942E+01
   3.796  0.1433E+01  0.8957E+01
   3.806  0.1434E+01  0.8971E+01
   3.816  0.1435E+01  0.8985E+01
   3.826  0.1437E+01  0.9000E+01
   3.836  0.1438E+01  0.9014E+01
   3.846  0.1440E+01  0.9028E+01
   3.856  0.1442E+01  0.9043E+01
   3.866  0.1445E+01  0.9057E+01
   3.876  0.1449E+01  0.9072E+01
   3.886  0.1453E+01  0.9086E+01
   3.896  0.1459E+01  0.9101E+01
   3.906  0.1466E+01  0.9116E+01
   3.916  0.1475E+01  0.9130E+01
   3.926  0.1485E+01  0.9145E+01
   3.936  0.1497E+01  0.9160E+01
   3.946  0.1510E+01  0.9175E+01
   3.956  0.1525E+01  0.9190E+01
   3.966  0.1542E+01  0.9206E+01
   3.976  0.1561E+01  0.9221E+01
   3.986  0.1580E+01  0.9237E+01
   3.996  0.1601E+01  0.9253E+01
   4.006  0.1622E+01  0.9269E+01
   4.016  0.1643E+01  0.9286E+01
   4.026  0.1664E+01  0.9303E+01
   4.036  0.1684E+01  0.9319E+01
   4.046  0.1703E+01  0.9336E+01
   4.056  0.1721E+01  0.9354E+01
   4.066  0.1737E+01  0.9371E+01
   4.076  0.1752E+01  0.9389E+01
   4.086  0.1763E+01  0.9406E+01
   4.096  0.1773E+01  0.9424E+01
   4.106  0.1779E+01  0.9442E+01
   4.116  0.1784E+01  0.9460E+01
   4.126  0.1785E+01  0.9477E+01
   4.136  0.1784E+01  0.9495E+01
   4.146  0.1780E+01  0.9513E+01
   4.156  0.1773E+01  0.9531E+01
   4.166  0.1764E+01  0.9548E+01
   4.176  0.1752E+01  0.9566E+01
   4.186  0.1738E+01  0.9583E+01
   4.196  0.1722E+01  0.9601E+01
   4.206  0.1703E+01  0.9618E+01
   4.216  0.1683E+01  0.9634E+01
   4.226  0.1660E+01  0.9651E+01
   4.236  0.1636E+01  0.9667E+01
   4.246  0.1610E+01  0.9683E+01
   4.256  0.1584E+01  0.9699E+01
   4.266  0.1557E+01  0.9715E+01
   4.276  0.1531E+01  0.9730E+01
   4.286  0.1505E+01  0.9745E+01
   4.296  0.1482E+01  0.9760E+01
   4.306  0.1461E+01  0.9775E+01
   4.316  0.1443E+01  0.9789E+01
   4.326  0.1429E+01  0.9803E+01
   4.336  0.1420E+01  0.9818E+01
   4.346  0.1416E+01  0.9832E+01
   4.356  0.1418E+01  0.9846E+01
   4.366  0.1425E+01  0.9860E+01
   4.376  0.1439E+01  0.9875E+01
   4.386  0.1458E+01  0.9889E+01
   4.396  0.1482E+01  0.9904E+01
   4.406  0.1511E+01  0.9919E+01
   4.416  0.1544E+01  0.9934E+01
   4.426  0.1581E+01  0.9950E+01
   4.436  0.1619E+01  0.9966E+01
   4.446  0.1660E+01  0.9983E+01
   4.456  0.1701E+01  0.1000E+02
   4.466  0.1742E+01  0.1002E+02
   4.476  0.1781E+01  0.1004E+02
   4.486  0.1818E+01  0.1005E+02
   4.496  0.1853E+01  0.1007E+02
   4.506  0.1885E+01  0.1009E+02
   4.516  0.1912E+01  0.1011E+02
   4.526  0.1936E+01  0.1013E+02
   4.536  0.1956E+01  0.1015E+02
   4.546  0.1971E+01  0.1017E+02
   4.556  0.1983E+01  0.1019E+02
   4.566  0.1990E+01  0.1021E+02
   4.576  0.1994E+01  0.1023E+02
   4.586  0.1994E+01  0.1025E+02
   4.596  0.1992E+01  0.1027E+02
   4.606  0.1987E+01  0.1029E+02
   4.616  0.1979E+01  0.1031E+02
   4.626  0.1969E+01  0.1033E+02
   4.636  0.1958E+01  0.1035E+02
   4.646  0.1944E+01  0.1037E+02
   4.656  0.1929E+01  0.1039E+02
   4.666  0.1913E+01  0.1040E+02
   4.676  0.1896E+01  0.1042E+02
   4.686  0.1878E+01  0.1044E+02
   4.696  0.1859E+01  0.1046E+02
   4.706  0.1840E+01  0.1048E+02
   4.716  0.1820E+01  0.1050E+02
   4.726  0.1800E+01  0.1052E+02
   4.736  0.1780E+01  0.1053E+02
   4.746  0.1762E+01  0.1055E+02
   4.756  0.1744E+01  0.1057E+02
   4.766  0.1728E+01  0.1059E+02
   4.776  0.1714E+01  0.1060E+02
   4.786  0.1703E+01  0.1062E+02
   4.796  0.1695E+01  0.1064E+02
   4.806  0.1691E+01  0.1065E+02
   4.816  0.1690E+01  0.1067E+02
   4.826  0.1694E+01  0.1069E+02
   4.836  0.1702E+01  0.1070E+02
   4.846  0.1714E+01  0.1072E+02
   4.856  0.1731E+01  0.1074E+02
   4.866  0.1753E+01  0.1076E+02
   4.876  0.1778E+01  0.1077E+02
   4.886  0.1806E+01  0.1079E+02
   4.896  0.1838E+01  0.1081E+02
   4.906  0.1871E+01  0.1083E+02
   4.916  0.1907E+01  0.1085E+02
   4.926  0.1943E+01  0.1087E+02
   4.936  0.1980E+01  0.1089E+02
   4.946  0.2016E+01  0.1091E+02
   4.956  0.2051E+01  0.1093E+02
   4.966  0.2083E+01  0.1095E+02
   4.976  0.2113E+01  0.1097E+02
   4.986  0.2140E+01  0.1099E+02
   4.996  0.2163E+01  0.1101E+02
   5.006  0.2182E+01  0.1104E+02
   5.016  0.2197E+01  0.1106E+02
   5.026  0.2207E+01  0.1108E+02
   5.036  0.2213E+01  0.1110E+02
   5.046  0.2215E+01  0.1112E+02
   5.056  0.2213E+01  0.1115E+02
   5.066  0.2208E+01  0.1117E+02
   5.076  0.2199E+01  0.1119E+02
   5.086  0.2189E+01  0.1121E+02
   5.096  0.2176E+01  0.1123E+02
   5.106  0.2164E+01  0.1126E+02
   5.116  0.2151E+01  0.1128E+02
   5.126  0.2140E+01  0.1130E+02
   5.136  0.2131E+01  0.1132E+02
   5.146  0.2125E+01  0.1134E+02
   5.156  0.2123E+01  0.1136E+02
   5.166  0.2126E+01  0.1138E+02
   5.176  0.2134E+01  0.1140E+02
   5.186  0.2147E+01  0.1143E+02
   5.196  0.2166E+01  0.1145E+02
   5.206  0.2191E+01  0.1147E+02
   5.216  0.2222E+01  0.1149E+02
   5.226  0.2257E+01  0.1151E+02
   5.236  0.2297E+01  0.1154E+02
   5.246  0.2340E+01  0.1156E+02
   5.256  0.2386E+01  0.1158E+02
   5.266  0.2432E+01  0.1161E+02
   5.276  0.2478E+01  0.1163E+02
   5.286  0.2522E+01  0.1166E+02
   5.296  0.2562E+01  0.1168E+02
   5.306  0.2597E+01  0.1171E+02
   5.316  0.2626E+01  0.1174E+02
   5.326  0.2648E+01  0.1176E+02
   5.336  0.2661E+01  0.1179E+02
   5.346  0.2666E+01  0.1182E+02
   5.356  0.2661E+01  0.1184E+02
   5.366  0.2647E+01  0.1187E+02
   5.376  0.2625E+01  0.1190E+02
   5.386  0.2594E+01  0.1192E+02
   5.396  0.2555E+01  0.1195E+02
   5.406  0.2511E+01  0.1197E+02
   5.416  0.2462E+01  0.1200E+02
   5.426  0.2409E+01  0.1202E+02
   5.436  0.2354E+01  0.1204E+02
   5.446  0.2299E+01  0.1207E+02
   5.456  0.2244E+01  0.1209E+02
   5.466  0.2192E+01  0.1211E+02
   5.476  0.2143E+01  0.1213E+02
   5.486  0.2098E+01  0.1215E+02
   5.496  0.2059E+01  0.1218E+02
   5.506  0.2024E+01  0.1220E+02
   5.516  0.1995E+01  0.1222E+02
   5.526  0.1971E+01  0.1224E+02
   5.536  0.1953E+01  0.1225E+02
   5.546  0.1940E+01  0.1227E+02
   5.556  0.1933E+01  0.1229E+02
   5.566  0.1929E+01  0.1231E+02
   5.576  0.1930E+01  0.1233E+02
   5.586  0.1935E+01  0.1235E+02
   5.596  0.1943E+01  0.1237E+02
   5.606  0.1955E+01  0.1239E+02
   5.616  0.1970E+01  0.1241E+02
   5.626  0.1989E+01  0.1243E+02
   5.636  0.2011E+01  0.1245E+02
   5.646  0.2037E+01  0.1247E+02
   5.656  0.2067E+01  0.1249E+02
   5.666  0.2101E+01  0.1251E+02
   5.676  0.2139E+01  0.1253E+02
   5.686  0.2181E+01  0.1256E+02
   5.696  0.2228E+01  0.1258E+02
   5.706  0.2279E+01  0.1260E+02
   5.716  0.2334E+01  0.1262E+02
   5.726  0.2393E+01  0.1265E+02
   5.736  0.2455E+01  0.1267E+02
   5.746  0.2519E+01  0.1270E+02
   5.756  0.2584E+01  0.1272E+02
   5.766  0.2650E+01  0.1275E+02
   5.776  0.2715E+01  0.1278E+02
   5.786  0.2778E+01  0.1280E+02
   5.796  0.2837E+01  0.1283E+02
   5.806  0.2893E+01  0.1286E+02
   5.816  0.2942E+01  0.1289E+02
   5.826  0.2985E+01  0.1292E+02
   5.836  0.3020E+01  0.1295E+02
   5.846  0.3046E+01  0.1298E+02
   5.856  0.3064E+01  0.1301E+02
   5.866  0.3071E+01  0.1304E+02
   5.876  0.3069E+01  0.1307E+02
   5.886  0.3058E+01  0.1310E+02
   5.896  0.3037E+01  0.1313E+02
   5.906  0.3008E+01  0.1316E+02
   5.916  0.2972E+01  0.1319E+02
   5.926  0.2928E+01  0.1322E+02
   5.936  0.2880E+01  0.1325E+02
   5.946  0.2826E+01  0.1328E+02
   5.956  0.2770E+01  0.1331E+02
   5.966  0.2712E+01  0.1334E+02
   5.976  0.2653E+01  0.1336E+02
   5.986  0.2594E+01  0.1339E+02
   5.996  0.2537E+01  0.1341E+02
   6.006  0.2482E+01  0.1344E+02
   6.016  0.2430E+01  0.1346E+02
   6.026  0.2380E+01  0.1349E+02
   6.036  0.2335E+01  0.1351E+02
   6.046  0.2294E+01  0.1353E+02
   6.056  0.2257E+01  0.1356E+02
   6.066  0.2223E+01  0.1358E+02
   6.076  0.2194E+01  0.1360E+02
   6.086  0.2169E+01  0.1362E+02
   6.096  0.2147E+01  0.1364E+02
   6.106  0.2128E+01  0.1366E+02
   6.116  0.2111E+01  0.1369E+02
   6.126  0.2097E+01  0.1371E+02
   6.136  0.2084E+01  0.1373E+02
   6.146  0.2072E+01  0.1375E+02
   6.156  0.2061E+01  0.1377E+02
   6.166  0.2049E+01  0.1379E+02
   6.176  0.2037E+01  0.1381E+02
   6.186  0.2023E+01  0.1383E+02
   6.196  0.2007E+01  0.1385E+02
   6.206  0.1990E+01  0.1387E+02
   6.216  0.1970E+01  0.1389E+02
   6.226  0.1947E+01  0.1391E+02
   6.236  0.1922E+01  0.1393E+02
   6.246  0.1894E+01  0.1395E+02
   6.256  0.1864E+01  0.1397E+02
   6.266  0.1832E+01  0.1398E+02
   6.276  0.1798E+01  0.1400E+02
   6.286  0.1763E+01  0.1402E+02
   6.296  0.1727E+01  0.1404E+02
   6.306  0.1691E+01  0.1405E+02
   6.316  0.1656E+01  0.1407E+02
   6.326  0.1621E+01  0.1409E+02
   6.336  0.1588E+01  0.1410E+02
   6.346  0.1556E+01  0.1412E+02
   6.356  0.1527E+01  0.1413E+02
   6.366  0.1500E+01  0.1415E+02
   6.376  0.1476E+01  0.1416E+02
   6.386  0.1455E+01  0.1418E+02
   6.396  0.1438E+01  0.1419E+02
   6.406  0.1425E+01  0.1421E+02
   6.416  0.1416E+01  0.1422E+02
   6.426  0.1411E+01  0.1423E+02
   6.436  0.1411E+01  0.1425E+02
   6.446  0.1415E+01  0.1426E+02
   6.456  0.1424E+01  0.1428E+02
   6.466  0.1437E+01  0.1429E+02
   6.476  0.1454E+01  0.1431E+02
   6.486  0.1476E+01  0.1432E+02
   6.496  0.1501E+01  0.1434E+02
   6.506  0.1530E+01  0.1435E+02
   6.516  0.1562E+01  0.1437E+02
   6.526  0.1597E+01  0.1438E+02
   6.536  0.1633E+01  0.1440E+02
   6.546  0.1670E+01  0.1442E+02
   6.556  0.1708E+01  0.1443E+02
   6.566  0.1746E+01  0.1445E+02
   6.576  0.1782E+01  0.1447E+02
   6.586  0.1818E+01  0.1449E+02
   6.596  0.1852E+01  0.1450E+02
   6.606  0.1883E+01  0.1452E+02
   6.616  0.1912E+01  0.1454E+02
   6.626  0.1939E+01  0.1456E+02
   6.636  0.1962E+01  0.1458E+02
   6.646  0.1983E+01  0.1460E+02
   6.656  0.2002E+01  0.1462E+02
   6.666  0.2018E+01  0.1464E+02
   6.676  0.2031E+01  0.1466E+02
   6.686  0.2042E+01  0.1468E+02
   6.696  0.2050E+01  0.1470E+02
   6.706  0.2056E+01  0.1472E+02
   6.716  0.2060E+01  0.1474E+02
   6.726  0.2062E+01  0.1476E+02
   6.736  0.2061E+01  0.1478E+02
   6.746  0.2058E+01  0.1481E+02
   6.756  0.2052E+01  0.1483E+02
   6.766  0.2043E+01  0.1485E+02
   6.776  0.2031E+01  0.1487E+02
   6.786  0.2016E+01  0.1489E+02
   6.796  0.1998E+01  0.1491E+02
   6.806  0.1976E+01  0.1493E+02
   6.816  0.1951E+01  0.1495E+02
   6.826  0.1923E+01  0.1497E+02
   6.836  0.1891E+01  0.1498E+02
   6.846  0.1857E+01  0.1500E+02
   6.856  0.1821E+01  0.1502E+02
   6.866  0.1784E+01  0.1504E+02
   6.876  0.1745E+01  0.1506E+02
   6.886  0.1706E+01  0.1507E+02
   6.896  0.1667E+01  0.1509E+02
   6.906  0.1629E+01  0.1511E+02
   6.916  0.1593E+01  0.1512E+02
   6.926  0.1559E+01  0.1514E+02
   6.936  0.1527E+01  0.1515E+02
   6.946  0.1498E+01  0.1517E+02
   6.956  0.1473E+01  0.1518E+02
   6.966  0.1450E+01  0.1520E+02
   6.976  0.1430E+01  0.1521E+02
   6.986  0.1413E+01  0.1523E+02
   6.996  0.1399E+01  0.1524E+02
   7.006  0.1387E+01  0.1525E+02
   7.016  0.1377E+01  0.1527E+02
   7.026  0.1368E+01  0.1528E+02
   7.036  0.1361E+01  0.1529E+02
   7.046  0.1354E+01  0.1531E+02
   7.056  0.1347E+01  0.1532E+02
   7.066  0.1341E+01  0.1534E+02
   7.076  0.1334E+01  0.1535E+02
   7.086  0.1328E+01  0.1536E+02
   7.096  0.1321E+01  0.1537E+02
   7.106  0.1315E+01  0.1539E+02
   7.116  0.1309E+01  0.1540E+02
   7.126  0.1304E+01  0.1541E+02
   7.136  0.1301E+01  0.1543E+02
   7.146  0.1298E+01  0.1544E+02
   7.156  0.1298E+01  0.1545E+02
   7.166  0.1299E+01  0.1547E+02
   7.176  0.1304E+01  0.1548E+02
   7.186  0.1311E+01  0.1549E+02
   7.196  0.1321E+01  0.1551E+02
   7.206  0.1334E+01  0.1552E+02
   7.216  0.1350E+01  0.1553E+02
   7.226  0.1369E+01  0.1555E+02
   7.236  0.1391E+01  0.1556E+02
   7.246  0.1416E+01  0.1557E+02
   7.256  0.1442E+01  0.1559E+02
   7.266  0.1471E+01  0.1560E+02
   7.276  0.1502E+01  0.1562E+02
   7.286  0.1533E+01  0.1563E+02
   7.296  0.1565E+01  0.1565E+02
   7.306  0.1598E+01  0.1567E+02
   7.316  0.1630E+01  0.1568E+02
   7.326  0.1662E+01  0.1570E+02
   7.336  0.1693E+01  0.1572E+02
   7.346  0.1723E+01  0.1573E+02
   7.356  0.1752E+01  0.1575E+02
   7.366  0.1778E+01  0.1577E+02
   7.376  0.1803E+01  0.1579E+02
   7.386  0.1825E+01  0.1580E+02
   7.396  0.1845E+01  0.1582E+02
   7.406  0.1863E+01  0.1584E+02
