#  E (eV)   dos(E)     Int dos(E) EFermi =   -1.018 eV
 -11.018  0.9361E+00  0.9361E-02
 -11.008  0.9217E+00  0.1858E-01
 -10.998  0.9037E+00  0.2762E-01
 -10.988  0.8825E+00  0.3644E-01
 -10.978  0.8587E+00  0.4503E-01
 -10.968  0.8330E+00  0.5336E-01
 -10.958  0.8059E+00  0.6142E-01
 -10.948  0.7780E+00  0.6920E-01
 -10.938  0.7497E+00  0.7669E-01
 -10.928  0.7216E+00  0.8391E-01
 -10.918  0.6940E+00  0.9085E-01
 -10.908  0.6674E+00  0.9752E-01
 -10.898  0.6419E+00  0.1039E+00
 -10.888  0.6179E+00  0.1101E+00
 -10.878  0.5956E+00  0.1161E+00
 -10.868  0.5751E+00  0.1218E+00
 -10.858  0.5566E+00  0.1274E+00
 -10.848  0.5404E+00  0.1328E+00
 -10.838  0.5265E+00  0.1381E+00
 -10.828  0.5153E+00  0.1432E+00
 -10.818  0.5068E+00  0.1483E+00
 -10.808  0.5013E+00  0.1533E+00
 -10.798  0.4990E+00  0.1583E+00
 -10.788  0.5000E+00  0.1633E+00
 -10.778  0.5046E+00  0.1683E+00
 -10.768  0.5128E+00  0.1735E+00
 -10.758  0.5248E+00  0.1787E+00
 -10.748  0.5403E+00  0.1841E+00
 -10.738  0.5594E+00  0.1897E+00
 -10.728  0.5819E+00  0.1955E+00
 -10.718  0.6073E+00  0.2016E+00
 -10.708  0.6355E+00  0.2080E+00
 -10.698  0.6658E+00  0.2146E+00
 -10.688  0.6978E+00  0.2216E+00
 -10.678  0.7307E+00  0.2289E+00
 -10.668  0.7641E+00  0.2365E+00
 -10.658  0.7971E+00  0.2445E+00
 -10.648  0.8291E+00  0.2528E+00
 -10.638  0.8595E+00  0.2614E+00
 -10.628  0.8876E+00  0.2703E+00
 -10.618  0.9129E+00  0.2794E+00
 -10.608  0.9348E+00  0.2887E+00
 -10.598  0.9529E+00  0.2983E+00
 -10.588  0.9669E+00  0.3079E+00
 -10.578  0.9765E+00  0.3177E+00
 -10.568  0.9816E+00  0.3275E+00
 -10.558  0.9821E+00  0.3373E+00
 -10.548  0.9781E+00  0.3471E+00
 -10.538  0.9698E+00  0.3568E+00
 -10.528  0.9573E+00  0.3664E+00
 -10.518  0.9409E+00  0.3758E+00
 -10.508  0.9211E+00  0.3850E+00
 -10.498  0.8983E+00  0.3940E+00
 -10.488  0.8730E+00  0.4027E+00
 -10.478  0.8458E+00  0.4112E+00
 -10.468  0.8175E+00  0.4194E+00
 -10.458  0.7886E+00  0.4273E+00
 -10.448  0.7599E+00  0.4349E+00
 -10.438  0.7322E+00  0.4422E+00
 -10.428  0.7061E+00  0.4492E+00
 -10.418  0.6824E+00  0.4561E+00
 -10.408  0.6617E+00  0.4627E+00
 -10.398  0.6447E+00  0.4691E+00
 -10.388  0.6319E+00  0.4754E+00
 -10.378  0.6235E+00  0.4817E+00
 -10.368  0.6200E+00  0.4879E+00
 -10.358  0.6213E+00  0.4941E+00
 -10.348  0.6275E+00  0.5004E+00
 -10.338  0.6382E+00  0.5067E+00
 -10.328  0.6530E+00  0.5133E+00
 -10.318  0.6713E+00  0.5200E+00
 -10.308  0.6924E+00  0.5269E+00
 -10.298  0.7154E+00  0.5341E+00
 -10.288  0.7393E+00  0.5415E+00
 -10.278  0.7632E+00  0.5491E+00
 -10.268  0.7860E+00  0.5570E+00
 -10.258  0.8067E+00  0.5650E+00
 -10.248  0.8245E+00  0.5733E+00
 -10.238  0.8384E+00  0.5816E+00
 -10.228  0.8480E+00  0.5901E+00
 -10.218  0.8527E+00  0.5987E+00
 -10.208  0.8523E+00  0.6072E+00
 -10.198  0.8468E+00  0.6156E+00
 -10.188  0.8364E+00  0.6240E+00
 -10.178  0.8216E+00  0.6322E+00
 -10.168  0.8028E+00  0.6403E+00
 -10.158  0.7809E+00  0.6481E+00
 -10.148  0.7568E+00  0.6556E+00
 -10.138  0.7314E+00  0.6629E+00
 -10.128  0.7057E+00  0.6700E+00
 -10.118  0.6808E+00  0.6768E+00
 -10.108  0.6575E+00  0.6834E+00
 -10.098  0.6369E+00  0.6898E+00
 -10.088  0.6195E+00  0.6959E+00
 -10.078  0.6060E+00  0.7020E+00
 -10.068  0.5968E+00  0.7080E+00
 -10.058  0.5922E+00  0.7139E+00
 -10.048  0.5922E+00  0.7198E+00
 -10.038  0.5968E+00  0.7258E+00
 -10.028  0.6058E+00  0.7318E+00
 -10.018  0.6188E+00  0.7380E+00
 -10.008  0.6354E+00  0.7444E+00
  -9.998  0.6552E+00  0.7509E+00
  -9.988  0.6777E+00  0.7577E+00
  -9.978  0.7023E+00  0.7647E+00
  -9.968  0.7285E+00  0.7720E+00
  -9.958  0.7559E+00  0.7796E+00
  -9.948  0.7841E+00  0.7874E+00
  -9.938  0.8125E+00  0.7956E+00
  -9.928  0.8410E+00  0.8040E+00
  -9.918  0.8690E+00  0.8127E+00
  -9.908  0.8963E+00  0.8216E+00
  -9.898  0.9225E+00  0.8308E+00
  -9.888  0.9473E+00  0.8403E+00
  -9.878  0.9703E+00  0.8500E+00
  -9.868  0.9911E+00  0.8599E+00
  -9.858  0.1009E+01  0.8700E+00
  -9.848  0.1025E+01  0.8803E+00
  -9.838  0.1036E+01  0.8906E+00
  -9.828  0.1044E+01  0.9011E+00
  -9.818  0.1048E+01  0.9116E+00
  -9.808  0.1048E+01  0.9220E+00
  -9.798  0.1043E+01  0.9325E+00
  -9.788  0.1033E+01  0.9428E+00
  -9.778  0.1019E+01  0.9530E+00
  -9.768  0.1000E+01  0.9630E+00
  -9.758  0.9772E+00  0.9728E+00
  -9.748  0.9509E+00  0.9823E+00
  -9.738  0.9215E+00  0.9915E+00
  -9.728  0.8899E+00  0.1000E+01
  -9.718  0.8567E+00  0.1009E+01
  -9.708  0.8227E+00  0.1017E+01
  -9.698  0.7887E+00  0.1025E+01
  -9.688  0.7554E+00  0.1033E+01
  -9.678  0.7234E+00  0.1040E+01
  -9.668  0.6934E+00  0.1047E+01
  -9.658  0.6658E+00  0.1053E+01
  -9.648  0.6411E+00  0.1060E+01
  -9.638  0.6194E+00  0.1066E+01
  -9.628  0.6010E+00  0.1072E+01
  -9.618  0.5859E+00  0.1078E+01
  -9.608  0.5741E+00  0.1084E+01
  -9.598  0.5658E+00  0.1089E+01
  -9.588  0.5607E+00  0.1095E+01
  -9.578  0.5588E+00  0.1101E+01
  -9.568  0.5602E+00  0.1106E+01
  -9.558  0.5647E+00  0.1112E+01
  -9.548  0.5723E+00  0.1117E+01
  -9.538  0.5830E+00  0.1123E+01
  -9.528  0.5969E+00  0.1129E+01
  -9.518  0.6139E+00  0.1135E+01
  -9.508  0.6340E+00  0.1142E+01
  -9.498  0.6571E+00  0.1148E+01
  -9.488  0.6832E+00  0.1155E+01
  -9.478  0.7120E+00  0.1162E+01
  -9.468  0.7433E+00  0.1170E+01
  -9.458  0.7767E+00  0.1177E+01
  -9.448  0.8117E+00  0.1186E+01
  -9.438  0.8478E+00  0.1194E+01
  -9.428  0.8843E+00  0.1203E+01
  -9.418  0.9205E+00  0.1212E+01
  -9.408  0.9555E+00  0.1222E+01
  -9.398  0.9886E+00  0.1232E+01
  -9.388  0.1019E+01  0.1242E+01
  -9.378  0.1046E+01  0.1252E+01
  -9.368  0.1068E+01  0.1263E+01
  -9.358  0.1086E+01  0.1274E+01
  -9.348  0.1098E+01  0.1285E+01
  -9.338  0.1104E+01  0.1296E+01
  -9.328  0.1105E+01  0.1307E+01
  -9.318  0.1099E+01  0.1318E+01
  -9.308  0.1088E+01  0.1329E+01
  -9.298  0.1071E+01  0.1339E+01
  -9.288  0.1050E+01  0.1350E+01
  -9.278  0.1024E+01  0.1360E+01
  -9.268  0.9948E+00  0.1370E+01
  -9.258  0.9631E+00  0.1380E+01
  -9.248  0.9299E+00  0.1389E+01
  -9.238  0.8960E+00  0.1398E+01
  -9.228  0.8625E+00  0.1407E+01
  -9.218  0.8303E+00  0.1415E+01
  -9.208  0.8003E+00  0.1423E+01
  -9.198  0.7733E+00  0.1431E+01
  -9.188  0.7501E+00  0.1438E+01
  -9.178  0.7313E+00  0.1445E+01
  -9.168  0.7174E+00  0.1453E+01
  -9.158  0.7088E+00  0.1460E+01
  -9.148  0.7059E+00  0.1467E+01
  -9.138  0.7088E+00  0.1474E+01
  -9.128  0.7175E+00  0.1481E+01
  -9.118  0.7320E+00  0.1488E+01
  -9.108  0.7521E+00  0.1496E+01
  -9.098  0.7774E+00  0.1504E+01
  -9.088  0.8075E+00  0.1512E+01
  -9.078  0.8418E+00  0.1520E+01
  -9.068  0.8797E+00  0.1529E+01
  -9.058  0.9202E+00  0.1538E+01
  -9.048  0.9626E+00  0.1548E+01
  -9.038  0.1006E+01  0.1558E+01
  -9.028  0.1049E+01  0.1568E+01
  -9.018  0.1091E+01  0.1579E+01
  -9.008  0.1130E+01  0.1591E+01
  -8.998  0.1166E+01  0.1602E+01
  -8.988  0.1199E+01  0.1614E+01
  -8.978  0.1226E+01  0.1626E+01
  -8.968  0.1247E+01  0.1639E+01
  -8.958  0.1263E+01  0.1652E+01
  -8.948  0.1272E+01  0.1664E+01
  -8.938  0.1276E+01  0.1677E+01
  -8.928  0.1273E+01  0.1690E+01
  -8.918  0.1264E+01  0.1702E+01
  -8.908  0.1251E+01  0.1715E+01
  -8.898  0.1233E+01  0.1727E+01
  -8.888  0.1212E+01  0.1739E+01
  -8.878  0.1189E+01  0.1751E+01
  -8.868  0.1165E+01  0.1763E+01
  -8.858  0.1141E+01  0.1774E+01
  -8.848  0.1117E+01  0.1785E+01
  -8.838  0.1096E+01  0.1796E+01
  -8.828  0.1077E+01  0.1807E+01
  -8.818  0.1062E+01  0.1818E+01
  -8.808  0.1051E+01  0.1828E+01
  -8.798  0.1044E+01  0.1839E+01
  -8.788  0.1041E+01  0.1849E+01
  -8.778  0.1042E+01  0.1860E+01
  -8.768  0.1046E+01  0.1870E+01
  -8.758  0.1054E+01  0.1881E+01
  -8.748  0.1065E+01  0.1891E+01
  -8.738  0.1078E+01  0.1902E+01
  -8.728  0.1092E+01  0.1913E+01
  -8.718  0.1107E+01  0.1924E+01
  -8.708  0.1122E+01  0.1935E+01
  -8.698  0.1137E+01  0.1947E+01
  -8.688  0.1151E+01  0.1958E+01
  -8.678  0.1165E+01  0.1970E+01
  -8.668  0.1177E+01  0.1982E+01
  -8.658  0.1187E+01  0.1993E+01
  -8.648  0.1197E+01  0.2005E+01
  -8.638  0.1206E+01  0.2017E+01
  -8.628  0.1215E+01  0.2030E+01
  -8.618  0.1223E+01  0.2042E+01
  -8.608  0.1230E+01  0.2054E+01
  -8.598  0.1238E+01  0.2067E+01
  -8.588  0.1246E+01  0.2079E+01
  -8.578  0.1254E+01  0.2092E+01
  -8.568  0.1263E+01  0.2104E+01
  -8.558  0.1271E+01  0.2117E+01
  -8.548  0.1278E+01  0.2130E+01
  -8.538  0.1285E+01  0.2142E+01
  -8.528  0.1291E+01  0.2155E+01
  -8.518  0.1296E+01  0.2168E+01
  -8.508  0.1299E+01  0.2181E+01
  -8.498  0.1299E+01  0.2194E+01
  -8.488  0.1297E+01  0.2207E+01
  -8.478  0.1293E+01  0.2220E+01
  -8.468  0.1287E+01  0.2233E+01
  -8.458  0.1278E+01  0.2246E+01
  -8.448  0.1268E+01  0.2259E+01
  -8.438  0.1257E+01  0.2271E+01
  -8.428  0.1245E+01  0.2284E+01
  -8.418  0.1233E+01  0.2296E+01
  -8.408  0.1223E+01  0.2308E+01
  -8.398  0.1214E+01  0.2320E+01
  -8.388  0.1207E+01  0.2332E+01
  -8.378  0.1203E+01  0.2344E+01
  -8.368  0.1203E+01  0.2356E+01
  -8.358  0.1207E+01  0.2368E+01
  -8.348  0.1215E+01  0.2381E+01
  -8.338  0.1227E+01  0.2393E+01
  -8.328  0.1243E+01  0.2405E+01
  -8.318  0.1263E+01  0.2418E+01
  -8.308  0.1286E+01  0.2431E+01
  -8.298  0.1311E+01  0.2444E+01
  -8.288  0.1339E+01  0.2457E+01
  -8.278  0.1367E+01  0.2471E+01
  -8.268  0.1396E+01  0.2485E+01
  -8.258  0.1425E+01  0.2499E+01
  -8.248  0.1453E+01  0.2514E+01
  -8.238  0.1480E+01  0.2529E+01
  -8.228  0.1505E+01  0.2544E+01
  -8.218  0.1528E+01  0.2559E+01
  -8.208  0.1549E+01  0.2574E+01
  -8.198  0.1567E+01  0.2590E+01
  -8.188  0.1584E+01  0.2606E+01
  -8.178  0.1598E+01  0.2622E+01
  -8.168  0.1611E+01  0.2638E+01
  -8.158  0.1623E+01  0.2654E+01
  -8.148  0.1633E+01  0.2671E+01
  -8.138  0.1642E+01  0.2687E+01
  -8.128  0.1651E+01  0.2703E+01
  -8.118  0.1658E+01  0.2720E+01
  -8.108  0.1665E+01  0.2737E+01
  -8.098  0.1670E+01  0.2753E+01
  -8.088  0.1675E+01  0.2770E+01
  -8.078  0.1678E+01  0.2787E+01
  -8.068  0.1680E+01  0.2804E+01
  -8.058  0.1681E+01  0.2821E+01
  -8.048  0.1679E+01  0.2837E+01
  -8.038  0.1676E+01  0.2854E+01
  -8.028  0.1671E+01  0.2871E+01
  -8.018  0.1665E+01  0.2887E+01
  -8.008  0.1657E+01  0.2904E+01
  -7.998  0.1647E+01  0.2920E+01
  -7.988  0.1637E+01  0.2937E+01
  -7.978  0.1625E+01  0.2953E+01
  -7.968  0.1613E+01  0.2969E+01
  -7.958  0.1602E+01  0.2985E+01
  -7.948  0.1591E+01  0.3001E+01
  -7.938  0.1581E+01  0.3017E+01
  -7.928  0.1572E+01  0.3033E+01
  -7.918  0.1565E+01  0.3048E+01
  -7.908  0.1561E+01  0.3064E+01
  -7.898  0.1559E+01  0.3080E+01
  -7.888  0.1560E+01  0.3095E+01
  -7.878  0.1564E+01  0.3111E+01
  -7.868  0.1572E+01  0.3126E+01
  -7.858  0.1583E+01  0.3142E+01
  -7.848  0.1597E+01  0.3158E+01
  -7.838  0.1615E+01  0.3174E+01
  -7.828  0.1636E+01  0.3191E+01
  -7.818  0.1660E+01  0.3207E+01
  -7.808  0.1687E+01  0.3224E+01
  -7.798  0.1715E+01  0.3241E+01
  -7.788  0.1746E+01  0.3259E+01
  -7.778  0.1777E+01  0.3277E+01
  -7.768  0.1810E+01  0.3295E+01
  -7.758  0.1842E+01  0.3313E+01
  -7.748  0.1873E+01  0.3332E+01
  -7.738  0.1903E+01  0.3351E+01
  -7.728  0.1931E+01  0.3370E+01
  -7.718  0.1958E+01  0.3390E+01
  -7.708  0.1982E+01  0.3410E+01
  -7.698  0.2003E+01  0.3430E+01
  -7.688  0.2022E+01  0.3450E+01
  -7.678  0.2039E+01  0.3470E+01
  -7.668  0.2054E+01  0.3491E+01
  -7.658  0.2066E+01  0.3511E+01
  -7.648  0.2078E+01  0.3532E+01
  -7.638  0.2088E+01  0.3553E+01
  -7.628  0.2098E+01  0.3574E+01
  -7.618  0.2107E+01  0.3595E+01
  -7.608  0.2117E+01  0.3616E+01
  -7.598  0.2126E+01  0.3638E+01
  -7.588  0.2136E+01  0.3659E+01
  -7.578  0.2146E+01  0.3680E+01
  -7.568  0.2157E+01  0.3702E+01
  -7.558  0.2168E+01  0.3724E+01
  -7.548  0.2180E+01  0.3745E+01
  -7.538  0.2191E+01  0.3767E+01
  -7.528  0.2202E+01  0.3789E+01
  -7.518  0.2211E+01  0.3812E+01
  -7.508  0.2220E+01  0.3834E+01
  -7.498  0.2227E+01  0.3856E+01
  -7.488  0.2231E+01  0.3878E+01
  -7.478  0.2233E+01  0.3901E+01
  -7.468  0.2232E+01  0.3923E+01
  -7.458  0.2227E+01  0.3945E+01
  -7.448  0.2218E+01  0.3967E+01
  -7.438  0.2206E+01  0.3989E+01
  -7.428  0.2189E+01  0.4011E+01
  -7.418  0.2169E+01  0.4033E+01
  -7.408  0.2145E+01  0.4054E+01
  -7.398  0.2118E+01  0.4076E+01
  -7.388  0.2088E+01  0.4097E+01
  -7.378  0.2056E+01  0.4117E+01
  -7.368  0.2023E+01  0.4137E+01
  -7.358  0.1989E+01  0.4157E+01
  -7.348  0.1956E+01  0.4177E+01
  -7.338  0.1924E+01  0.4196E+01
  -7.328  0.1894E+01  0.4215E+01
  -7.318  0.1867E+01  0.4234E+01
  -7.308  0.1843E+01  0.4252E+01
  -7.298  0.1822E+01  0.4270E+01
  -7.288  0.1806E+01  0.4288E+01
  -7.278  0.1793E+01  0.4306E+01
  -7.268  0.1785E+01  0.4324E+01
  -7.258  0.1780E+01  0.4342E+01
  -7.248  0.1778E+01  0.4360E+01
  -7.238  0.1778E+01  0.4377E+01
  -7.228  0.1781E+01  0.4395E+01
  -7.218  0.1785E+01  0.4413E+01
  -7.208  0.1790E+01  0.4431E+01
  -7.198  0.1794E+01  0.4449E+01
  -7.188  0.1798E+01  0.4467E+01
  -7.178  0.1802E+01  0.4485E+01
  -7.168  0.1803E+01  0.4503E+01
  -7.158  0.1803E+01  0.4521E+01
  -7.148  0.1800E+01  0.4539E+01
  -7.138  0.1795E+01  0.4557E+01
  -7.128  0.1788E+01  0.4575E+01
  -7.118  0.1778E+01  0.4593E+01
  -7.108  0.1766E+01  0.4610E+01
  -7.098  0.1752E+01  0.4628E+01
  -7.088  0.1736E+01  0.4645E+01
  -7.078  0.1718E+01  0.4662E+01
  -7.068  0.1699E+01  0.4679E+01
  -7.058  0.1679E+01  0.4696E+01
  -7.048  0.1659E+01  0.4713E+01
  -7.038  0.1639E+01  0.4729E+01
  -7.028  0.1619E+01  0.4745E+01
  -7.018  0.1600E+01  0.4761E+01
  -7.008  0.1582E+01  0.4777E+01
  -6.998  0.1566E+01  0.4793E+01
  -6.988  0.1551E+01  0.4808E+01
  -6.978  0.1539E+01  0.4824E+01
  -6.968  0.1529E+01  0.4839E+01
  -6.958  0.1522E+01  0.4854E+01
  -6.948  0.1518E+01  0.4869E+01
  -6.938  0.1517E+01  0.4885E+01
  -6.928  0.1519E+01  0.4900E+01
  -6.918  0.1524E+01  0.4915E+01
  -6.908  0.1532E+01  0.4930E+01
  -6.898  0.1542E+01  0.4946E+01
  -6.888  0.1553E+01  0.4961E+01
  -6.878  0.1566E+01  0.4977E+01
  -6.868  0.1579E+01  0.4993E+01
  -6.858  0.1592E+01  0.5009E+01
  -6.848  0.1604E+01  0.5025E+01
  -6.838  0.1614E+01  0.5041E+01
  -6.828  0.1622E+01  0.5057E+01
  -6.818  0.1626E+01  0.5073E+01
  -6.808  0.1626E+01  0.5090E+01
  -6.798  0.1621E+01  0.5106E+01
  -6.788  0.1612E+01  0.5122E+01
  -6.778  0.1597E+01  0.5138E+01
  -6.768  0.1578E+01  0.5154E+01
  -6.758  0.1554E+01  0.5169E+01
  -6.748  0.1527E+01  0.5184E+01
  -6.738  0.1496E+01  0.5199E+01
  -6.728  0.1463E+01  0.5214E+01
  -6.718  0.1430E+01  0.5228E+01
  -6.708  0.1396E+01  0.5242E+01
  -6.698  0.1363E+01  0.5256E+01
  -6.688  0.1332E+01  0.5269E+01
  -6.678  0.1304E+01  0.5282E+01
  -6.668  0.1280E+01  0.5295E+01
  -6.658  0.1261E+01  0.5308E+01
  -6.648  0.1246E+01  0.5320E+01
  -6.638  0.1237E+01  0.5333E+01
  -6.628  0.1233E+01  0.5345E+01
  -6.618  0.1234E+01  0.5357E+01
  -6.608  0.1240E+01  0.5370E+01
  -6.598  0.1249E+01  0.5382E+01
  -6.588  0.1263E+01  0.5395E+01
  -6.578  0.1279E+01  0.5407E+01
  -6.568  0.1297E+01  0.5420E+01
  -6.558  0.1317E+01  0.5434E+01
  -6.548  0.1338E+01  0.5447E+01
  -6.538  0.1358E+01  0.5461E+01
  -6.528  0.1378E+01  0.5474E+01
  -6.518  0.1397E+01  0.5488E+01
  -6.508  0.1415E+01  0.5503E+01
  -6.498  0.1431E+01  0.5517E+01
  -6.488  0.1445E+01  0.5531E+01
  -6.478  0.1456E+01  0.5546E+01
  -6.468  0.1466E+01  0.5560E+01
  -6.458  0.1474E+01  0.5575E+01
  -6.448  0.1480E+01  0.5590E+01
  -6.438  0.1484E+01  0.5605E+01
  -6.428  0.1486E+01  0.5620E+01
  -6.418  0.1487E+01  0.5635E+01
  -6.408  0.1487E+01  0.5649E+01
  -6.398  0.1486E+01  0.5664E+01
  -6.388  0.1484E+01  0.5679E+01
  -6.378  0.1481E+01  0.5694E+01
  -6.368  0.1478E+01  0.5709E+01
  -6.358  0.1475E+01  0.5723E+01
  -6.348  0.1471E+01  0.5738E+01
  -6.338  0.1466E+01  0.5753E+01
  -6.328  0.1461E+01  0.5767E+01
  -6.318  0.1455E+01  0.5782E+01
  -6.308  0.1448E+01  0.5797E+01
  -6.298  0.1440E+01  0.5811E+01
  -6.288  0.1430E+01  0.5825E+01
  -6.278  0.1419E+01  0.5839E+01
  -6.268  0.1405E+01  0.5853E+01
  -6.258  0.1390E+01  0.5867E+01
  -6.248  0.1372E+01  0.5881E+01
  -6.238  0.1352E+01  0.5895E+01
  -6.228  0.1330E+01  0.5908E+01
  -6.218  0.1306E+01  0.5921E+01
  -6.208  0.1281E+01  0.5934E+01
  -6.198  0.1255E+01  0.5946E+01
  -6.188  0.1229E+01  0.5959E+01
  -6.178  0.1203E+01  0.5971E+01
  -6.168  0.1177E+01  0.5982E+01
  -6.158  0.1153E+01  0.5994E+01
  -6.148  0.1131E+01  0.6005E+01
  -6.138  0.1112E+01  0.6016E+01
  -6.128  0.1097E+01  0.6027E+01
  -6.118  0.1085E+01  0.6038E+01
  -6.108  0.1077E+01  0.6049E+01
  -6.098  0.1073E+01  0.6060E+01
  -6.088  0.1074E+01  0.6070E+01
  -6.078  0.1079E+01  0.6081E+01
  -6.068  0.1089E+01  0.6092E+01
  -6.058  0.1102E+01  0.6103E+01
  -6.048  0.1119E+01  0.6114E+01
  -6.038  0.1139E+01  0.6126E+01
  -6.028  0.1161E+01  0.6137E+01
  -6.018  0.1185E+01  0.6149E+01
  -6.008  0.1211E+01  0.6161E+01
  -5.998  0.1237E+01  0.6174E+01
  -5.988  0.1264E+01  0.6186E+01
  -5.978  0.1290E+01  0.6199E+01
  -5.968  0.1315E+01  0.6212E+01
  -5.958  0.1339E+01  0.6226E+01
  -5.948  0.1361E+01  0.6239E+01
  -5.938  0.1380E+01  0.6253E+01
  -5.928  0.1397E+01  0.6267E+01
  -5.918  0.1411E+01  0.6281E+01
  -5.908  0.1421E+01  0.6295E+01
  -5.898  0.1428E+01  0.6310E+01
  -5.888  0.1432E+01  0.6324E+01
  -5.878  0.1432E+01  0.6338E+01
  -5.868  0.1428E+01  0.6353E+01
  -5.858  0.1421E+01  0.6367E+01
  -5.848  0.1410E+01  0.6381E+01
  -5.838  0.1396E+01  0.6395E+01
  -5.828  0.1379E+01  0.6409E+01
  -5.818  0.1359E+01  0.6422E+01
  -5.808  0.1336E+01  0.6436E+01
  -5.798  0.1312E+01  0.6449E+01
  -5.788  0.1286E+01  0.6462E+01
  -5.778  0.1259E+01  0.6474E+01
  -5.768  0.1231E+01  0.6487E+01
  -5.758  0.1204E+01  0.6499E+01
  -5.748  0.1178E+01  0.6510E+01
  -5.738  0.1154E+01  0.6522E+01
  -5.728  0.1131E+01  0.6533E+01
  -5.718  0.1111E+01  0.6544E+01
  -5.708  0.1094E+01  0.6555E+01
  -5.698  0.1081E+01  0.6566E+01
  -5.688  0.1071E+01  0.6577E+01
  -5.678  0.1065E+01  0.6587E+01
  -5.668  0.1063E+01  0.6598E+01
  -5.658  0.1066E+01  0.6609E+01
  -5.648  0.1072E+01  0.6619E+01
  -5.638  0.1081E+01  0.6630E+01
  -5.628  0.1094E+01  0.6641E+01
  -5.618  0.1110E+01  0.6652E+01
  -5.608  0.1128E+01  0.6664E+01
  -5.598  0.1148E+01  0.6675E+01
  -5.588  0.1169E+01  0.6687E+01
  -5.578  0.1190E+01  0.6699E+01
  -5.568  0.1211E+01  0.6711E+01
  -5.558  0.1231E+01  0.6723E+01
  -5.548  0.1250E+01  0.6736E+01
  -5.538  0.1266E+01  0.6748E+01
  -5.528  0.1280E+01  0.6761E+01
  -5.518  0.1290E+01  0.6774E+01
  -5.508  0.1297E+01  0.6787E+01
  -5.498  0.1300E+01  0.6800E+01
  -5.488  0.1300E+01  0.6813E+01
  -5.478  0.1295E+01  0.6826E+01
  -5.468  0.1287E+01  0.6839E+01
  -5.458  0.1276E+01  0.6851E+01
  -5.448  0.1261E+01  0.6864E+01
  -5.438  0.1244E+01  0.6877E+01
  -5.428  0.1224E+01  0.6889E+01
  -5.418  0.1203E+01  0.6901E+01
  -5.408  0.1181E+01  0.6913E+01
  -5.398  0.1158E+01  0.6924E+01
  -5.388  0.1135E+01  0.6936E+01
  -5.378  0.1113E+01  0.6947E+01
  -5.368  0.1092E+01  0.6958E+01
  -5.358  0.1073E+01  0.6968E+01
  -5.348  0.1056E+01  0.6979E+01
  -5.338  0.1041E+01  0.6989E+01
  -5.328  0.1029E+01  0.7000E+01
  -5.318  0.1020E+01  0.7010E+01
  -5.308  0.1013E+01  0.7020E+01
  -5.298  0.1010E+01  0.7030E+01
  -5.288  0.1011E+01  0.7040E+01
  -5.278  0.1014E+01  0.7050E+01
  -5.268  0.1021E+01  0.7060E+01
  -5.258  0.1032E+01  0.7071E+01
  -5.248  0.1046E+01  0.7081E+01
  -5.238  0.1062E+01  0.7092E+01
  -5.228  0.1082E+01  0.7103E+01
  -5.218  0.1104E+01  0.7114E+01
  -5.208  0.1129E+01  0.7125E+01
  -5.198  0.1155E+01  0.7137E+01
  -5.188  0.1183E+01  0.7148E+01
  -5.178  0.1211E+01  0.7161E+01
  -5.168  0.1239E+01  0.7173E+01
  -5.158  0.1267E+01  0.7186E+01
  -5.148  0.1292E+01  0.7198E+01
  -5.138  0.1315E+01  0.7212E+01
  -5.128  0.1335E+01  0.7225E+01
  -5.118  0.1351E+01  0.7239E+01
  -5.108  0.1361E+01  0.7252E+01
  -5.098  0.1367E+01  0.7266E+01
  -5.088  0.1367E+01  0.7279E+01
  -5.078  0.1361E+01  0.7293E+01
  -5.068  0.1350E+01  0.7307E+01
  -5.058  0.1333E+01  0.7320E+01
  -5.048  0.1310E+01  0.7333E+01
  -5.038  0.1283E+01  0.7346E+01
  -5.028  0.1252E+01  0.7358E+01
  -5.018  0.1218E+01  0.7371E+01
  -5.008  0.1182E+01  0.7382E+01
  -4.998  0.1145E+01  0.7394E+01
  -4.988  0.1109E+01  0.7405E+01
  -4.978  0.1074E+01  0.7416E+01
  -4.968  0.1041E+01  0.7426E+01
  -4.958  0.1011E+01  0.7436E+01
  -4.948  0.9854E+00  0.7446E+01
  -4.938  0.9643E+00  0.7456E+01
  -4.928  0.9483E+00  0.7465E+01
  -4.918  0.9375E+00  0.7474E+01
  -4.908  0.9320E+00  0.7484E+01
  -4.898  0.9317E+00  0.7493E+01
  -4.888  0.9364E+00  0.7502E+01
  -4.878  0.9454E+00  0.7512E+01
  -4.868  0.9584E+00  0.7522E+01
  -4.858  0.9745E+00  0.7531E+01
  -4.848  0.9929E+00  0.7541E+01
  -4.838  0.1013E+01  0.7551E+01
  -4.828  0.1034E+01  0.7562E+01
  -4.818  0.1054E+01  0.7572E+01
  -4.808  0.1073E+01  0.7583E+01
  -4.798  0.1091E+01  0.7594E+01
  -4.788  0.1106E+01  0.7605E+01
  -4.778  0.1118E+01  0.7616E+01
  -4.768  0.1128E+01  0.7627E+01
  -4.758  0.1133E+01  0.7639E+01
  -4.748  0.1136E+01  0.7650E+01
  -4.738  0.1135E+01  0.7661E+01
  -4.728  0.1132E+01  0.7673E+01
  -4.718  0.1126E+01  0.7684E+01
  -4.708  0.1119E+01  0.7695E+01
  -4.698  0.1111E+01  0.7706E+01
  -4.688  0.1104E+01  0.7717E+01
  -4.678  0.1096E+01  0.7728E+01
  -4.668  0.1091E+01  0.7739E+01
  -4.658  0.1088E+01  0.7750E+01
  -4.648  0.1087E+01  0.7761E+01
  -4.638  0.1090E+01  0.7772E+01
  -4.628  0.1097E+01  0.7783E+01
  -4.618  0.1107E+01  0.7794E+01
  -4.608  0.1120E+01  0.7805E+01
  -4.598  0.1136E+01  0.7816E+01
  -4.588  0.1155E+01  0.7828E+01
  -4.578  0.1176E+01  0.7840E+01
  -4.568  0.1198E+01  0.7852E+01
  -4.558  0.1219E+01  0.7864E+01
  -4.548  0.1241E+01  0.7876E+01
  -4.538  0.1260E+01  0.7889E+01
  -4.528  0.1277E+01  0.7902E+01
  -4.518  0.1290E+01  0.7915E+01
  -4.508  0.1299E+01  0.7928E+01
  -4.498  0.1304E+01  0.7941E+01
  -4.488  0.1304E+01  0.7954E+01
  -4.478  0.1298E+01  0.7967E+01
  -4.468  0.1288E+01  0.7980E+01
  -4.458  0.1273E+01  0.7992E+01
  -4.448  0.1254E+01  0.8005E+01
  -4.438  0.1231E+01  0.8017E+01
  -4.428  0.1205E+01  0.8029E+01
  -4.418  0.1177E+01  0.8041E+01
  -4.408  0.1147E+01  0.8052E+01
  -4.398  0.1117E+01  0.8064E+01
  -4.388  0.1087E+01  0.8074E+01
  -4.378  0.1058E+01  0.8085E+01
  -4.368  0.1031E+01  0.8095E+01
  -4.358  0.1006E+01  0.8105E+01
  -4.348  0.9831E+00  0.8115E+01
  -4.338  0.9631E+00  0.8125E+01
  -4.328  0.9459E+00  0.8134E+01
  -4.318  0.9316E+00  0.8144E+01
  -4.308  0.9201E+00  0.8153E+01
  -4.298  0.9114E+00  0.8162E+01
  -4.288  0.9051E+00  0.8171E+01
  -4.278  0.9011E+00  0.8180E+01
  -4.268  0.8991E+00  0.8189E+01
  -4.258  0.8989E+00  0.8198E+01
  -4.248  0.9002E+00  0.8207E+01
  -4.238  0.9027E+00  0.8216E+01
  -4.228  0.9064E+00  0.8225E+01
  -4.218  0.9111E+00  0.8234E+01
  -4.208  0.9166E+00  0.8243E+01
  -4.198  0.9228E+00  0.8253E+01
  -4.188  0.9297E+00  0.8262E+01
  -4.178  0.9372E+00  0.8271E+01
  -4.168  0.9453E+00  0.8281E+01
  -4.158  0.9539E+00  0.8290E+01
  -4.148  0.9630E+00  0.8300E+01
  -4.138  0.9726E+00  0.8310E+01
  -4.128  0.9825E+00  0.8319E+01
  -4.118  0.9928E+00  0.8329E+01
  -4.108  0.1003E+01  0.8339E+01
  -4.098  0.1014E+01  0.8350E+01
  -4.088  0.1024E+01  0.8360E+01
  -4.078  0.1034E+01  0.8370E+01
  -4.068  0.1043E+01  0.8381E+01
  -4.058  0.1051E+01  0.8391E+01
  -4.048  0.1058E+01  0.8402E+01
  -4.038  0.1064E+01  0.8412E+01
  -4.028  0.1067E+01  0.8423E+01
  -4.018  0.1069E+01  0.8434E+01
  -4.008  0.1068E+01  0.8444E+01
  -3.998  0.1064E+01  0.8455E+01
  -3.988  0.1057E+01  0.8466E+01
  -3.978  0.1048E+01  0.8476E+01
  -3.968  0.1036E+01  0.8486E+01
  -3.958  0.1021E+01  0.8497E+01
  -3.948  0.1003E+01  0.8507E+01
  -3.938  0.9832E+00  0.8516E+01
  -3.928  0.9615E+00  0.8526E+01
  -3.918  0.9382E+00  0.8535E+01
  -3.908  0.9138E+00  0.8545E+01
  -3.898  0.8888E+00  0.8553E+01
  -3.888  0.8637E+00  0.8562E+01
  -3.878  0.8389E+00  0.8570E+01
  -3.868  0.8147E+00  0.8579E+01
  -3.858  0.7917E+00  0.8587E+01
  -3.848  0.7700E+00  0.8594E+01
  -3.838  0.7498E+00  0.8602E+01
  -3.828  0.7314E+00  0.8609E+01
  -3.818  0.7147E+00  0.8616E+01
  -3.808  0.6997E+00  0.8623E+01
  -3.798  0.6865E+00  0.8630E+01
  -3.788  0.6749E+00  0.8637E+01
  -3.778  0.6647E+00  0.8643E+01
  -3.768  0.6559E+00  0.8650E+01
  -3.758  0.6483E+00  0.8657E+01
  -3.748  0.6418E+00  0.8663E+01
  -3.738  0.6363E+00  0.8669E+01
  -3.728  0.6318E+00  0.8676E+01
  -3.718  0.6283E+00  0.8682E+01
  -3.708  0.6259E+00  0.8688E+01
  -3.698  0.6247E+00  0.8694E+01
  -3.688  0.6248E+00  0.8701E+01
  -3.678  0.6266E+00  0.8707E+01
  -3.668  0.6303E+00  0.8713E+01
  -3.658  0.6362E+00  0.8720E+01
  -3.648  0.6446E+00  0.8726E+01
  -3.638  0.6557E+00  0.8733E+01
  -3.628  0.6700E+00  0.8739E+01
  -3.618  0.6876E+00  0.8746E+01
  -3.608  0.7088E+00  0.8753E+01
  -3.598  0.7338E+00  0.8761E+01
  -3.588  0.7625E+00  0.8768E+01
  -3.578  0.7949E+00  0.8776E+01
  -3.568  0.8309E+00  0.8784E+01
  -3.558  0.8701E+00  0.8793E+01
  -3.548  0.9122E+00  0.8802E+01
  -3.538  0.9567E+00  0.8812E+01
  -3.528  0.1003E+01  0.8822E+01
  -3.518  0.1050E+01  0.8832E+01
  -3.508  0.1097E+01  0.8843E+01
  -3.498  0.1143E+01  0.8855E+01
  -3.488  0.1187E+01  0.8867E+01
  -3.478  0.1228E+01  0.8879E+01
  -3.468  0.1265E+01  0.8892E+01
  -3.458  0.1298E+01  0.8905E+01
  -3.448  0.1325E+01  0.8918E+01
  -3.438  0.1345E+01  0.8931E+01
  -3.428  0.1359E+01  0.8945E+01
  -3.418  0.1365E+01  0.8958E+01
  -3.408  0.1364E+01  0.8972E+01
  -3.398  0.1355E+01  0.8986E+01
  -3.388  0.1338E+01  0.8999E+01
  -3.378  0.1315E+01  0.9012E+01
  -3.368  0.1285E+01  0.9025E+01
  -3.358  0.1248E+01  0.9038E+01
  -3.348  0.1207E+01  0.9050E+01
  -3.338  0.1161E+01  0.9061E+01
  -3.328  0.1111E+01  0.9072E+01
  -3.318  0.1059E+01  0.9083E+01
  -3.308  0.1005E+01  0.9093E+01
  -3.298  0.9508E+00  0.9102E+01
  -3.288  0.8963E+00  0.9111E+01
  -3.278  0.8428E+00  0.9120E+01
  -3.268  0.7909E+00  0.9128E+01
  -3.258  0.7413E+00  0.9135E+01
  -3.248  0.6948E+00  0.9142E+01
  -3.238  0.6517E+00  0.9149E+01
  -3.228  0.6126E+00  0.9155E+01
  -3.218  0.5777E+00  0.9161E+01
  -3.208  0.5474E+00  0.9166E+01
  -3.198  0.5219E+00  0.9171E+01
  -3.188  0.5013E+00  0.9176E+01
  -3.178  0.4856E+00  0.9181E+01
  -3.168  0.4750E+00  0.9186E+01
  -3.158  0.4694E+00  0.9191E+01
  -3.148  0.4687E+00  0.9195E+01
  -3.138  0.4727E+00  0.9200E+01
  -3.128  0.4814E+00  0.9205E+01
  -3.118  0.4945E+00  0.9210E+01
  -3.108  0.5117E+00  0.9215E+01
  -3.098  0.5328E+00  0.9220E+01
  -3.088  0.5572E+00  0.9226E+01
  -3.078  0.5846E+00  0.9232E+01
  -3.068  0.6144E+00  0.9238E+01
  -3.058  0.6461E+00  0.9244E+01
  -3.048  0.6791E+00  0.9251E+01
  -3.038  0.7126E+00  0.9258E+01
  -3.028  0.7460E+00  0.9266E+01
  -3.018  0.7784E+00  0.9273E+01
  -3.008  0.8091E+00  0.9281E+01
  -2.998  0.8373E+00  0.9290E+01
  -2.988  0.8624E+00  0.9298E+01
  -2.978  0.8836E+00  0.9307E+01
  -2.968  0.9004E+00  0.9316E+01
  -2.958  0.9121E+00  0.9325E+01
  -2.948  0.9185E+00  0.9335E+01
  -2.938  0.9193E+00  0.9344E+01
  -2.928  0.9144E+00  0.9353E+01
  -2.918  0.9038E+00  0.9362E+01
  -2.908  0.8877E+00  0.9371E+01
  -2.898  0.8664E+00  0.9380E+01
  -2.888  0.8405E+00  0.9388E+01
  -2.878  0.8104E+00  0.9396E+01
  -2.868  0.7770E+00  0.9404E+01
  -2.858  0.7409E+00  0.9411E+01
  -2.848  0.7029E+00  0.9418E+01
  -2.838  0.6638E+00  0.9425E+01
  -2.828  0.6245E+00  0.9431E+01
  -2.818  0.5855E+00  0.9437E+01
  -2.808  0.5477E+00  0.9442E+01
  -2.798  0.5115E+00  0.9448E+01
  -2.788  0.4774E+00  0.9452E+01
  -2.778  0.4458E+00  0.9457E+01
  -2.768  0.4169E+00  0.9461E+01
  -2.758  0.3908E+00  0.9465E+01
  -2.748  0.3677E+00  0.9469E+01
  -2.738  0.3474E+00  0.9472E+01
  -2.728  0.3298E+00  0.9475E+01
  -2.718  0.3147E+00  0.9478E+01
  -2.708  0.3021E+00  0.9481E+01
  -2.698  0.2916E+00  0.9484E+01
  -2.688  0.2832E+00  0.9487E+01
  -2.678  0.2765E+00  0.9490E+01
  -2.668  0.2716E+00  0.9493E+01
  -2.658  0.2683E+00  0.9495E+01
  -2.648  0.2665E+00  0.9498E+01
  -2.638  0.2662E+00  0.9501E+01
  -2.628  0.2674E+00  0.9503E+01
  -2.618  0.2701E+00  0.9506E+01
  -2.608  0.2744E+00  0.9509E+01
  -2.598  0.2803E+00  0.9512E+01
  -2.588  0.2877E+00  0.9515E+01
  -2.578  0.2968E+00  0.9518E+01
  -2.568  0.3073E+00  0.9521E+01
  -2.558  0.3193E+00  0.9524E+01
  -2.548  0.3326E+00  0.9527E+01
  -2.538  0.3470E+00  0.9531E+01
  -2.528  0.3622E+00  0.9534E+01
  -2.518  0.3780E+00  0.9538E+01
  -2.508  0.3941E+00  0.9542E+01
  -2.498  0.4100E+00  0.9546E+01
  -2.488  0.4254E+00  0.9550E+01
  -2.478  0.4400E+00  0.9555E+01
  -2.468  0.4534E+00  0.9559E+01
  -2.458  0.4651E+00  0.9564E+01
  -2.448  0.4750E+00  0.9569E+01
  -2.438  0.4828E+00  0.9573E+01
  -2.428  0.4881E+00  0.9578E+01
  -2.418  0.4911E+00  0.9583E+01
  -2.408  0.4914E+00  0.9588E+01
  -2.398  0.4893E+00  0.9593E+01
  -2.388  0.4847E+00  0.9598E+01
  -2.378  0.4778E+00  0.9603E+01
  -2.368  0.4688E+00  0.9607E+01
  -2.358  0.4579E+00  0.9612E+01
  -2.348  0.4455E+00  0.9616E+01
  -2.338  0.4318E+00  0.9621E+01
  -2.328  0.4170E+00  0.9625E+01
  -2.318  0.4016E+00  0.9629E+01
  -2.308  0.3858E+00  0.9633E+01
  -2.298  0.3699E+00  0.9636E+01
  -2.288  0.3540E+00  0.9640E+01
  -2.278  0.3386E+00  0.9643E+01
  -2.268  0.3236E+00  0.9647E+01
  -2.258  0.3093E+00  0.9650E+01
  -2.248  0.2958E+00  0.9653E+01
  -2.238  0.2831E+00  0.9655E+01
  -2.228  0.2713E+00  0.9658E+01
  -2.218  0.2605E+00  0.9661E+01
  -2.208  0.2506E+00  0.9663E+01
  -2.198  0.2416E+00  0.9666E+01
  -2.188  0.2335E+00  0.9668E+01
  -2.178  0.2262E+00  0.9670E+01
  -2.168  0.2197E+00  0.9673E+01
  -2.158  0.2139E+00  0.9675E+01
  -2.148  0.2089E+00  0.9677E+01
  -2.138  0.2044E+00  0.9679E+01
  -2.128  0.2006E+00  0.9681E+01
  -2.118  0.1974E+00  0.9683E+01
  -2.108  0.1948E+00  0.9685E+01
  -2.098  0.1927E+00  0.9687E+01
  -2.088  0.1913E+00  0.9689E+01
  -2.078  0.1904E+00  0.9690E+01
  -2.068  0.1901E+00  0.9692E+01
  -2.058  0.1904E+00  0.9694E+01
  -2.048  0.1912E+00  0.9696E+01
  -2.038  0.1925E+00  0.9698E+01
  -2.028  0.1943E+00  0.9700E+01
  -2.018  0.1966E+00  0.9702E+01
  -2.008  0.1991E+00  0.9704E+01
  -1.998  0.2020E+00  0.9706E+01
  -1.988  0.2049E+00  0.9708E+01
  -1.978  0.2080E+00  0.9710E+01
  -1.968  0.2110E+00  0.9712E+01
  -1.958  0.2140E+00  0.9714E+01
  -1.948  0.2167E+00  0.9717E+01
  -1.938  0.2193E+00  0.9719E+01
  -1.928  0.2216E+00  0.9721E+01
  -1.918  0.2236E+00  0.9723E+01
  -1.908  0.2254E+00  0.9725E+01
  -1.898  0.2269E+00  0.9728E+01
  -1.888  0.2282E+00  0.9730E+01
  -1.878  0.2294E+00  0.9732E+01
  -1.868  0.2303E+00  0.9735E+01
  -1.858  0.2312E+00  0.9737E+01
  -1.848  0.2319E+00  0.9739E+01
  -1.838  0.2324E+00  0.9742E+01
  -1.828  0.2327E+00  0.9744E+01
  -1.818  0.2328E+00  0.9746E+01
  -1.808  0.2325E+00  0.9749E+01
  -1.798  0.2318E+00  0.9751E+01
  -1.788  0.2305E+00  0.9753E+01
  -1.778  0.2285E+00  0.9755E+01
  -1.768  0.2256E+00  0.9758E+01
  -1.758  0.2219E+00  0.9760E+01
  -1.748  0.2172E+00  0.9762E+01
  -1.738  0.2114E+00  0.9764E+01
  -1.728  0.2046E+00  0.9766E+01
  -1.718  0.1967E+00  0.9768E+01
  -1.708  0.1880E+00  0.9770E+01
  -1.698  0.1784E+00  0.9772E+01
  -1.688  0.1681E+00  0.9774E+01
  -1.678  0.1574E+00  0.9775E+01
  -1.668  0.1464E+00  0.9777E+01
  -1.658  0.1354E+00  0.9778E+01
  -1.648  0.1247E+00  0.9779E+01
  -1.638  0.1144E+00  0.9780E+01
  -1.628  0.1048E+00  0.9781E+01
  -1.618  0.9613E-01  0.9782E+01
  -1.608  0.8854E-01  0.9783E+01
  -1.598  0.8218E-01  0.9784E+01
  -1.588  0.7716E-01  0.9785E+01
  -1.578  0.7353E-01  0.9786E+01
  -1.568  0.7132E-01  0.9786E+01
  -1.558  0.7049E-01  0.9787E+01
  -1.548  0.7098E-01  0.9788E+01
  -1.538  0.7267E-01  0.9788E+01
  -1.528  0.7541E-01  0.9789E+01
  -1.518  0.7904E-01  0.9790E+01
  -1.508  0.8335E-01  0.9791E+01
  -1.498  0.8812E-01  0.9792E+01
  -1.488  0.9311E-01  0.9793E+01
  -1.478  0.9811E-01  0.9794E+01
  -1.468  0.1029E+00  0.9795E+01
  -1.458  0.1072E+00  0.9796E+01
  -1.448  0.1109E+00  0.9797E+01
  -1.438  0.1139E+00  0.9798E+01
  -1.428  0.1159E+00  0.9799E+01
  -1.418  0.1170E+00  0.9800E+01
  -1.408  0.1170E+00  0.9801E+01
  -1.398  0.1160E+00  0.9803E+01
  -1.388  0.1140E+00  0.9804E+01
  -1.378  0.1111E+00  0.9805E+01
  -1.368  0.1073E+00  0.9806E+01
  -1.358  0.1028E+00  0.9807E+01
  -1.348  0.9775E-01  0.9808E+01
  -1.338  0.9223E-01  0.9809E+01
  -1.328  0.8641E-01  0.9810E+01
  -1.318  0.8043E-01  0.9811E+01
  -1.308  0.7441E-01  0.9811E+01
  -1.298  0.6847E-01  0.9812E+01
  -1.288  0.6271E-01  0.9813E+01
  -1.278  0.5722E-01  0.9813E+01
  -1.268  0.5206E-01  0.9814E+01
  -1.258  0.4729E-01  0.9814E+01
  -1.248  0.4295E-01  0.9815E+01
  -1.238  0.3907E-01  0.9815E+01
  -1.228  0.3566E-01  0.9815E+01
  -1.218  0.3273E-01  0.9816E+01
  -1.208  0.3028E-01  0.9816E+01
  -1.198  0.2831E-01  0.9816E+01
  -1.188  0.2682E-01  0.9817E+01
  -1.178  0.2579E-01  0.9817E+01
  -1.168  0.2519E-01  0.9817E+01
  -1.158  0.2501E-01  0.9817E+01
  -1.148  0.2521E-01  0.9818E+01
  -1.138  0.2575E-01  0.9818E+01
  -1.128  0.2659E-01  0.9818E+01
  -1.118  0.2768E-01  0.9818E+01
  -1.108  0.2894E-01  0.9819E+01
  -1.098  0.3033E-01  0.9819E+01
  -1.088  0.3177E-01  0.9819E+01
  -1.078  0.3318E-01  0.9820E+01
  -1.068  0.3451E-01  0.9820E+01
  -1.058  0.3570E-01  0.9820E+01
  -1.048  0.3667E-01  0.9821E+01
  -1.038  0.3738E-01  0.9821E+01
  -1.028  0.3781E-01  0.9821E+01
  -1.018  0.3791E-01  0.9822E+01
  -1.008  0.3770E-01  0.9822E+01
  -0.998  0.3716E-01  0.9823E+01
  -0.988  0.3632E-01  0.9823E+01
  -0.978  0.3522E-01  0.9823E+01
  -0.968  0.3390E-01  0.9824E+01
  -0.958  0.3241E-01  0.9824E+01
  -0.948  0.3081E-01  0.9824E+01
  -0.938  0.2917E-01  0.9824E+01
  -0.928  0.2754E-01  0.9825E+01
  -0.918  0.2600E-01  0.9825E+01
  -0.908  0.2459E-01  0.9825E+01
  -0.898  0.2336E-01  0.9826E+01
  -0.888  0.2237E-01  0.9826E+01
  -0.878  0.2164E-01  0.9826E+01
  -0.868  0.2119E-01  0.9826E+01
  -0.858  0.2105E-01  0.9826E+01
  -0.848  0.2123E-01  0.9827E+01
  -0.838  0.2174E-01  0.9827E+01
  -0.828  0.2257E-01  0.9827E+01
  -0.818  0.2373E-01  0.9827E+01
  -0.808  0.2522E-01  0.9828E+01
  -0.798  0.2705E-01  0.9828E+01
  -0.788  0.2922E-01  0.9828E+01
  -0.778  0.3173E-01  0.9828E+01
  -0.768  0.3461E-01  0.9829E+01
  -0.758  0.3787E-01  0.9829E+01
  -0.748  0.4151E-01  0.9830E+01
  -0.738  0.4554E-01  0.9830E+01
  -0.728  0.4995E-01  0.9830E+01
  -0.718  0.5475E-01  0.9831E+01
  -0.708  0.5990E-01  0.9832E+01
  -0.698  0.6537E-01  0.9832E+01
  -0.688  0.7109E-01  0.9833E+01
  -0.678  0.7699E-01  0.9834E+01
  -0.668  0.8298E-01  0.9835E+01
  -0.658  0.8894E-01  0.9835E+01
  -0.648  0.9476E-01  0.9836E+01
  -0.638  0.1003E+00  0.9837E+01
  -0.628  0.1055E+00  0.9838E+01
  -0.618  0.1101E+00  0.9840E+01
  -0.608  0.1142E+00  0.9841E+01
  -0.598  0.1176E+00  0.9842E+01
  -0.588  0.1202E+00  0.9843E+01
  -0.578  0.1221E+00  0.9844E+01
  -0.568  0.1233E+00  0.9846E+01
  -0.558  0.1238E+00  0.9847E+01
  -0.548  0.1238E+00  0.9848E+01
  -0.538  0.1233E+00  0.9849E+01
  -0.528  0.1225E+00  0.9851E+01
  -0.518  0.1215E+00  0.9852E+01
  -0.508  0.1206E+00  0.9853E+01
  -0.498  0.1199E+00  0.9854E+01
  -0.488  0.1195E+00  0.9855E+01
  -0.478  0.1195E+00  0.9857E+01
  -0.468  0.1200E+00  0.9858E+01
  -0.458  0.1212E+00  0.9859E+01
  -0.448  0.1229E+00  0.9860E+01
  -0.438  0.1252E+00  0.9861E+01
  -0.428  0.1281E+00  0.9863E+01
  -0.418  0.1314E+00  0.9864E+01
  -0.408  0.1350E+00  0.9865E+01
  -0.398  0.1388E+00  0.9867E+01
  -0.388  0.1428E+00  0.9868E+01
  -0.378  0.1468E+00  0.9870E+01
  -0.368  0.1506E+00  0.9871E+01
  -0.358  0.1543E+00  0.9873E+01
  -0.348  0.1578E+00  0.9874E+01
  -0.338  0.1610E+00  0.9876E+01
  -0.328  0.1640E+00  0.9878E+01
  -0.318  0.1667E+00  0.9879E+01
  -0.308  0.1693E+00  0.9881E+01
  -0.298  0.1717E+00  0.9883E+01
  -0.288  0.1742E+00  0.9884E+01
  -0.278  0.1768E+00  0.9886E+01
  -0.268  0.1795E+00  0.9888E+01
  -0.258  0.1824E+00  0.9890E+01
  -0.248  0.1856E+00  0.9892E+01
  -0.238  0.1892E+00  0.9893E+01
  -0.228  0.1931E+00  0.9895E+01
  -0.218  0.1974E+00  0.9897E+01
  -0.208  0.2019E+00  0.9899E+01
  -0.198  0.2067E+00  0.9901E+01
  -0.188  0.2115E+00  0.9904E+01
  -0.178  0.2165E+00  0.9906E+01
  -0.168  0.2213E+00  0.9908E+01
  -0.158  0.2260E+00  0.9910E+01
  -0.148  0.2304E+00  0.9913E+01
  -0.138  0.2344E+00  0.9915E+01
  -0.128  0.2380E+00  0.9917E+01
  -0.118  0.2411E+00  0.9920E+01
  -0.108  0.2437E+00  0.9922E+01
  -0.098  0.2459E+00  0.9925E+01
  -0.088  0.2477E+00  0.9927E+01
  -0.078  0.2493E+00  0.9930E+01
  -0.068  0.2507E+00  0.9932E+01
  -0.058  0.2522E+00  0.9935E+01
  -0.048  0.2540E+00  0.9937E+01
  -0.038  0.2562E+00  0.9940E+01
  -0.028  0.2592E+00  0.9942E+01
  -0.018  0.2629E+00  0.9945E+01
  -0.008  0.2677E+00  0.9948E+01
   0.002  0.2736E+00  0.9950E+01
   0.012  0.2807E+00  0.9953E+01
   0.022  0.2890E+00  0.9956E+01
   0.032  0.2983E+00  0.9959E+01
   0.042  0.3086E+00  0.9962E+01
   0.052  0.3196E+00  0.9965E+01
   0.062  0.3312E+00  0.9969E+01
   0.072  0.3429E+00  0.9972E+01
   0.082  0.3545E+00  0.9976E+01
   0.092  0.3656E+00  0.9979E+01
   0.102  0.3760E+00  0.9983E+01
   0.112  0.3851E+00  0.9987E+01
   0.122  0.3930E+00  0.9991E+01
   0.132  0.3992E+00  0.9995E+01
   0.142  0.4036E+00  0.9999E+01
   0.152  0.4063E+00  0.1000E+02
   0.162  0.4073E+00  0.1001E+02
   0.172  0.4066E+00  0.1001E+02
   0.182  0.4045E+00  0.1002E+02
   0.192  0.4012E+00  0.1002E+02
   0.202  0.3972E+00  0.1002E+02
   0.212  0.3929E+00  0.1003E+02
   0.222  0.3887E+00  0.1003E+02
   0.232  0.3851E+00  0.1003E+02
   0.242  0.3825E+00  0.1004E+02
   0.252  0.3815E+00  0.1004E+02
   0.262  0.3825E+00  0.1005E+02
   0.272  0.3859E+00  0.1005E+02
   0.282  0.3919E+00  0.1005E+02
   0.292  0.4008E+00  0.1006E+02
   0.302  0.4127E+00  0.1006E+02
   0.312  0.4276E+00  0.1007E+02
   0.322  0.4454E+00  0.1007E+02
   0.332  0.4659E+00  0.1008E+02
   0.342  0.4888E+00  0.1008E+02
   0.352  0.5138E+00  0.1009E+02
   0.362  0.5405E+00  0.1009E+02
   0.372  0.5684E+00  0.1010E+02
   0.382  0.5969E+00  0.1010E+02
   0.392  0.6258E+00  0.1011E+02
   0.402  0.6544E+00  0.1012E+02
   0.412  0.6826E+00  0.1012E+02
   0.422  0.7099E+00  0.1013E+02
   0.432  0.7362E+00  0.1014E+02
   0.442  0.7613E+00  0.1014E+02
   0.452  0.7853E+00  0.1015E+02
   0.462  0.8081E+00  0.1016E+02
   0.472  0.8298E+00  0.1017E+02
   0.482  0.8507E+00  0.1018E+02
   0.492  0.8708E+00  0.1019E+02
   0.502  0.8904E+00  0.1019E+02
   0.512  0.9094E+00  0.1020E+02
   0.522  0.9281E+00  0.1021E+02
   0.532  0.9465E+00  0.1022E+02
   0.542  0.9643E+00  0.1023E+02
   0.552  0.9817E+00  0.1024E+02
   0.562  0.9982E+00  0.1025E+02
   0.572  0.1014E+01  0.1026E+02
   0.582  0.1028E+01  0.1027E+02
   0.592  0.1041E+01  0.1028E+02
   0.602  0.1051E+01  0.1029E+02
   0.612  0.1059E+01  0.1030E+02
   0.622  0.1065E+01  0.1031E+02
   0.632  0.1068E+01  0.1033E+02
   0.642  0.1069E+01  0.1034E+02
   0.652  0.1066E+01  0.1035E+02
   0.662  0.1062E+01  0.1036E+02
   0.672  0.1054E+01  0.1037E+02
   0.682  0.1044E+01  0.1038E+02
   0.692  0.1033E+01  0.1039E+02
   0.702  0.1020E+01  0.1040E+02
   0.712  0.1007E+01  0.1041E+02
   0.722  0.9927E+00  0.1042E+02
   0.732  0.9788E+00  0.1043E+02
   0.742  0.9654E+00  0.1044E+02
   0.752  0.9529E+00  0.1045E+02
   0.762  0.9418E+00  0.1046E+02
   0.772  0.9323E+00  0.1047E+02
   0.782  0.9245E+00  0.1048E+02
   0.792  0.9187E+00  0.1048E+02
   0.802  0.9149E+00  0.1049E+02
   0.812  0.9129E+00  0.1050E+02
   0.822  0.9125E+00  0.1051E+02
   0.832  0.9137E+00  0.1052E+02
   0.842  0.9160E+00  0.1053E+02
   0.852  0.9192E+00  0.1054E+02
   0.862  0.9229E+00  0.1055E+02
   0.872  0.9268E+00  0.1056E+02
   0.882  0.9304E+00  0.1057E+02
   0.892  0.9335E+00  0.1058E+02
   0.902  0.9357E+00  0.1059E+02
   0.912  0.9369E+00  0.1060E+02
   0.922  0.9368E+00  0.1060E+02
   0.932  0.9353E+00  0.1061E+02
   0.942  0.9323E+00  0.1062E+02
   0.952  0.9279E+00  0.1063E+02
   0.962  0.9219E+00  0.1064E+02
   0.972  0.9147E+00  0.1065E+02
   0.982  0.9061E+00  0.1066E+02
   0.992  0.8965E+00  0.1067E+02
   1.002  0.8859E+00  0.1068E+02
   1.012  0.8747E+00  0.1069E+02
   1.022  0.8630E+00  0.1070E+02
   1.032  0.8511E+00  0.1070E+02
   1.042  0.8393E+00  0.1071E+02
   1.052  0.8278E+00  0.1072E+02
   1.062  0.8169E+00  0.1073E+02
   1.072  0.8069E+00  0.1074E+02
   1.082  0.7979E+00  0.1074E+02
   1.092  0.7901E+00  0.1075E+02
   1.102  0.7837E+00  0.1076E+02
   1.112  0.7788E+00  0.1077E+02
   1.122  0.7753E+00  0.1078E+02
   1.132  0.7732E+00  0.1078E+02
   1.142  0.7723E+00  0.1079E+02
   1.152  0.7725E+00  0.1080E+02
   1.162  0.7734E+00  0.1081E+02
   1.172  0.7748E+00  0.1081E+02
   1.182  0.7762E+00  0.1082E+02
   1.192  0.7773E+00  0.1083E+02
   1.202  0.7776E+00  0.1084E+02
   1.212  0.7767E+00  0.1085E+02
   1.222  0.7743E+00  0.1085E+02
   1.232  0.7700E+00  0.1086E+02
   1.242  0.7637E+00  0.1087E+02
   1.252  0.7552E+00  0.1088E+02
   1.262  0.7444E+00  0.1088E+02
   1.272  0.7313E+00  0.1089E+02
   1.282  0.7162E+00  0.1090E+02
   1.292  0.6992E+00  0.1091E+02
   1.302  0.6807E+00  0.1091E+02
   1.312  0.6610E+00  0.1092E+02
   1.322  0.6406E+00  0.1093E+02
   1.332  0.6200E+00  0.1093E+02
   1.342  0.5997E+00  0.1094E+02
   1.352  0.5801E+00  0.1094E+02
   1.362  0.5618E+00  0.1095E+02
   1.372  0.5453E+00  0.1095E+02
   1.382  0.5309E+00  0.1096E+02
   1.392  0.5190E+00  0.1096E+02
   1.402  0.5099E+00  0.1097E+02
   1.412  0.5039E+00  0.1097E+02
   1.422  0.5009E+00  0.1098E+02
   1.432  0.5011E+00  0.1098E+02
   1.442  0.5045E+00  0.1099E+02
   1.452  0.5108E+00  0.1100E+02
   1.462  0.5198E+00  0.1100E+02
   1.472  0.5313E+00  0.1101E+02
   1.482  0.5448E+00  0.1101E+02
   1.492  0.5599E+00  0.1102E+02
   1.502  0.5761E+00  0.1102E+02
   1.512  0.5927E+00  0.1103E+02
   1.522  0.6093E+00  0.1103E+02
   1.532  0.6253E+00  0.1104E+02
   1.542  0.6401E+00  0.1105E+02
   1.552  0.6532E+00  0.1105E+02
   1.562  0.6642E+00  0.1106E+02
   1.572  0.6725E+00  0.1107E+02
   1.582  0.6780E+00  0.1107E+02
   1.592  0.6804E+00  0.1108E+02
   1.602  0.6796E+00  0.1109E+02
   1.612  0.6757E+00  0.1109E+02
   1.622  0.6687E+00  0.1110E+02
   1.632  0.6590E+00  0.1111E+02
   1.642  0.6469E+00  0.1111E+02
   1.652  0.6327E+00  0.1112E+02
   1.662  0.6171E+00  0.1113E+02
   1.672  0.6006E+00  0.1113E+02
   1.682  0.5837E+00  0.1114E+02
   1.692  0.5672E+00  0.1114E+02
   1.702  0.5516E+00  0.1115E+02
   1.712  0.5375E+00  0.1115E+02
   1.722  0.5254E+00  0.1116E+02
   1.732  0.5158E+00  0.1117E+02
   1.742  0.5089E+00  0.1117E+02
   1.752  0.5051E+00  0.1118E+02
   1.762  0.5044E+00  0.1118E+02
   1.772  0.5069E+00  0.1119E+02
   1.782  0.5124E+00  0.1119E+02
   1.792  0.5206E+00  0.1120E+02
   1.802  0.5312E+00  0.1120E+02
   1.812  0.5438E+00  0.1121E+02
   1.822  0.5578E+00  0.1121E+02
   1.832  0.5726E+00  0.1122E+02
   1.842  0.5877E+00  0.1122E+02
   1.852  0.6023E+00  0.1123E+02
   1.862  0.6158E+00  0.1124E+02
   1.872  0.6278E+00  0.1124E+02
   1.882  0.6375E+00  0.1125E+02
   1.892  0.6447E+00  0.1125E+02
   1.902  0.6489E+00  0.1126E+02
   1.912  0.6500E+00  0.1127E+02
   1.922  0.6477E+00  0.1127E+02
   1.932  0.6421E+00  0.1128E+02
   1.942  0.6333E+00  0.1129E+02
   1.952  0.6215E+00  0.1129E+02
   1.962  0.6071E+00  0.1130E+02
   1.972  0.5905E+00  0.1131E+02
   1.982  0.5721E+00  0.1131E+02
   1.992  0.5525E+00  0.1132E+02
   2.002  0.5323E+00  0.1132E+02
   2.012  0.5121E+00  0.1133E+02
   2.022  0.4924E+00  0.1133E+02
   2.032  0.4737E+00  0.1134E+02
   2.042  0.4565E+00  0.1134E+02
   2.052  0.4412E+00  0.1135E+02
   2.062  0.4282E+00  0.1135E+02
   2.072  0.4176E+00  0.1135E+02
   2.082  0.4098E+00  0.1136E+02
   2.092  0.4047E+00  0.1136E+02
   2.102  0.4025E+00  0.1137E+02
   2.112  0.4032E+00  0.1137E+02
   2.122  0.4067E+00  0.1137E+02
   2.132  0.4130E+00  0.1138E+02
   2.142  0.4221E+00  0.1138E+02
   2.152  0.4338E+00  0.1139E+02
   2.162  0.4481E+00  0.1139E+02
   2.172  0.4649E+00  0.1140E+02
   2.182  0.4842E+00  0.1140E+02
   2.192  0.5057E+00  0.1141E+02
   2.202  0.5293E+00  0.1141E+02
   2.212  0.5549E+00  0.1142E+02
   2.222  0.5822E+00  0.1142E+02
   2.232  0.6108E+00  0.1143E+02
   2.242  0.6405E+00  0.1144E+02
   2.252  0.6707E+00  0.1144E+02
   2.262  0.7010E+00  0.1145E+02
   2.272  0.7308E+00  0.1146E+02
   2.282  0.7595E+00  0.1146E+02
   2.292  0.7865E+00  0.1147E+02
   2.302  0.8112E+00  0.1148E+02
   2.312  0.8330E+00  0.1149E+02
   2.322  0.8515E+00  0.1150E+02
   2.332  0.8662E+00  0.1151E+02
   2.342  0.8768E+00  0.1151E+02
   2.352  0.8832E+00  0.1152E+02
   2.362  0.8853E+00  0.1153E+02
   2.372  0.8833E+00  0.1154E+02
   2.382  0.8774E+00  0.1155E+02
   2.392  0.8680E+00  0.1156E+02
   2.402  0.8557E+00  0.1157E+02
   2.412  0.8411E+00  0.1158E+02
   2.422  0.8248E+00  0.1158E+02
   2.432  0.8077E+00  0.1159E+02
   2.442  0.7905E+00  0.1160E+02
   2.452  0.7740E+00  0.1161E+02
   2.462  0.7588E+00  0.1161E+02
   2.472  0.7455E+00  0.1162E+02
   2.482  0.7347E+00  0.1163E+02
   2.492  0.7268E+00  0.1164E+02
   2.502  0.7220E+00  0.1164E+02
   2.512  0.7204E+00  0.1165E+02
   2.522  0.7221E+00  0.1166E+02
   2.532  0.7268E+00  0.1167E+02
   2.542  0.7343E+00  0.1167E+02
   2.552  0.7443E+00  0.1168E+02
   2.562  0.7562E+00  0.1169E+02
   2.572  0.7696E+00  0.1170E+02
   2.582  0.7839E+00  0.1170E+02
   2.592  0.7986E+00  0.1171E+02
   2.602  0.8133E+00  0.1172E+02
   2.612  0.8273E+00  0.1173E+02
   2.622  0.8405E+00  0.1174E+02
   2.632  0.8523E+00  0.1174E+02
   2.642  0.8627E+00  0.1175E+02
   2.652  0.8715E+00  0.1176E+02
   2.662  0.8787E+00  0.1177E+02
   2.672  0.8842E+00  0.1178E+02
   2.682  0.8883E+00  0.1179E+02
   2.692  0.8911E+00  0.1180E+02
   2.702  0.8927E+00  0.1181E+02
   2.712  0.8934E+00  0.1182E+02
   2.722  0.8933E+00  0.1182E+02
   2.732  0.8928E+00  0.1183E+02
   2.742  0.8920E+00  0.1184E+02
   2.752  0.8910E+00  0.1185E+02
   2.762  0.8899E+00  0.1186E+02
   2.772  0.8888E+00  0.1187E+02
   2.782  0.8878E+00  0.1188E+02
   2.792  0.8868E+00  0.1189E+02
   2.802  0.8857E+00  0.1190E+02
   2.812  0.8846E+00  0.1190E+02
   2.822  0.8834E+00  0.1191E+02
   2.832  0.8820E+00  0.1192E+02
   2.842  0.8803E+00  0.1193E+02
   2.852  0.8782E+00  0.1194E+02
   2.862  0.8757E+00  0.1195E+02
   2.872  0.8726E+00  0.1196E+02
   2.882  0.8690E+00  0.1197E+02
   2.892  0.8648E+00  0.1197E+02
   2.902  0.8600E+00  0.1198E+02
   2.912  0.8547E+00  0.1199E+02
   2.922  0.8488E+00  0.1200E+02
   2.932  0.8426E+00  0.1201E+02
   2.942  0.8362E+00  0.1202E+02
   2.952  0.8298E+00  0.1203E+02
   2.962  0.8236E+00  0.1203E+02
   2.972  0.8180E+00  0.1204E+02
   2.982  0.8132E+00  0.1205E+02
   2.992  0.8097E+00  0.1206E+02
   3.002  0.8077E+00  0.1207E+02
   3.012  0.8076E+00  0.1207E+02
   3.022  0.8098E+00  0.1208E+02
   3.032  0.8143E+00  0.1209E+02
   3.042  0.8215E+00  0.1210E+02
   3.052  0.8314E+00  0.1211E+02
   3.062  0.8440E+00  0.1212E+02
   3.072  0.8591E+00  0.1212E+02
   3.082  0.8766E+00  0.1213E+02
   3.092  0.8961E+00  0.1214E+02
   3.102  0.9170E+00  0.1215E+02
   3.112  0.9389E+00  0.1216E+02
   3.122  0.9612E+00  0.1217E+02
   3.132  0.9831E+00  0.1218E+02
   3.142  0.1004E+01  0.1219E+02
   3.152  0.1023E+01  0.1220E+02
   3.162  0.1040E+01  0.1221E+02
   3.172  0.1054E+01  0.1222E+02
   3.182  0.1064E+01  0.1223E+02
   3.192  0.1070E+01  0.1224E+02
   3.202  0.1072E+01  0.1225E+02
   3.212  0.1069E+01  0.1226E+02
   3.222  0.1061E+01  0.1227E+02
   3.232  0.1049E+01  0.1228E+02
   3.242  0.1033E+01  0.1229E+02
   3.252  0.1013E+01  0.1231E+02
   3.262  0.9896E+00  0.1231E+02
   3.272  0.9634E+00  0.1232E+02
   3.282  0.9353E+00  0.1233E+02
   3.292  0.9062E+00  0.1234E+02
   3.302  0.8768E+00  0.1235E+02
   3.312  0.8482E+00  0.1236E+02
   3.322  0.8213E+00  0.1237E+02
   3.332  0.7970E+00  0.1238E+02
   3.342  0.7761E+00  0.1238E+02
   3.352  0.7594E+00  0.1239E+02
   3.362  0.7473E+00  0.1240E+02
   3.372  0.7403E+00  0.1241E+02
   3.382  0.7387E+00  0.1241E+02
   3.392  0.7424E+00  0.1242E+02
   3.402  0.7513E+00  0.1243E+02
   3.412  0.7650E+00  0.1244E+02
   3.422  0.7831E+00  0.1244E+02
   3.432  0.8047E+00  0.1245E+02
   3.442  0.8293E+00  0.1246E+02
   3.452  0.8558E+00  0.1247E+02
   3.462  0.8834E+00  0.1248E+02
   3.472  0.9112E+00  0.1249E+02
   3.482  0.9384E+00  0.1250E+02
   3.492  0.9642E+00  0.1251E+02
   3.502  0.9881E+00  0.1252E+02
   3.512  0.1010E+01  0.1253E+02
   3.522  0.1028E+01  0.1254E+02
   3.532  0.1044E+01  0.1255E+02
   3.542  0.1057E+01  0.1256E+02
   3.552  0.1067E+01  0.1257E+02
   3.562  0.1075E+01  0.1258E+02
   3.572  0.1081E+01  0.1259E+02
   3.582  0.1084E+01  0.1260E+02
   3.592  0.1086E+01  0.1261E+02
   3.602  0.1088E+01  0.1262E+02
   3.612  0.1088E+01  0.1263E+02
   3.622  0.1088E+01  0.1264E+02
   3.632  0.1088E+01  0.1266E+02
   3.642  0.1088E+01  0.1267E+02
   3.652  0.1087E+01  0.1268E+02
   3.662  0.1087E+01  0.1269E+02
   3.672  0.1087E+01  0.1270E+02
   3.682  0.1087E+01  0.1271E+02
   3.692  0.1086E+01  0.1272E+02
   3.702  0.1085E+01  0.1273E+02
   3.712  0.1084E+01  0.1274E+02
   3.722  0.1083E+01  0.1275E+02
   3.732  0.1081E+01  0.1276E+02
   3.742  0.1080E+01  0.1277E+02
   3.752  0.1078E+01  0.1279E+02
   3.762  0.1076E+01  0.1280E+02
   3.772  0.1074E+01  0.1281E+02
   3.782  0.1073E+01  0.1282E+02
   3.792  0.1072E+01  0.1283E+02
   3.802  0.1072E+01  0.1284E+02
   3.812  0.1072E+01  0.1285E+02
   3.822  0.1073E+01  0.1286E+02
   3.832  0.1075E+01  0.1287E+02
   3.842  0.1078E+01  0.1288E+02
   3.852  0.1082E+01  0.1289E+02
   3.862  0.1086E+01  0.1290E+02
   3.872  0.1091E+01  0.1291E+02
   3.882  0.1095E+01  0.1293E+02
   3.892  0.1100E+01  0.1294E+02
   3.902  0.1105E+01  0.1295E+02
   3.912  0.1109E+01  0.1296E+02
   3.922  0.1113E+01  0.1297E+02
   3.932  0.1116E+01  0.1298E+02
   3.942  0.1119E+01  0.1299E+02
   3.952  0.1120E+01  0.1300E+02
   3.962  0.1121E+01  0.1301E+02
   3.972  0.1121E+01  0.1303E+02
   3.982  0.1120E+01  0.1304E+02
   3.992  0.1118E+01  0.1305E+02
   4.002  0.1115E+01  0.1306E+02
   4.012  0.1111E+01  0.1307E+02
   4.022  0.1106E+01  0.1308E+02
   4.032  0.1101E+01  0.1309E+02
   4.042  0.1095E+01  0.1310E+02
   4.052  0.1088E+01  0.1311E+02
   4.062  0.1081E+01  0.1312E+02
   4.072  0.1074E+01  0.1314E+02
   4.082  0.1067E+01  0.1315E+02
   4.092  0.1061E+01  0.1316E+02
   4.102  0.1054E+01  0.1317E+02
   4.112  0.1049E+01  0.1318E+02
   4.122  0.1044E+01  0.1319E+02
   4.132  0.1040E+01  0.1320E+02
   4.142  0.1038E+01  0.1321E+02
   4.152  0.1037E+01  0.1322E+02
   4.162  0.1038E+01  0.1323E+02
   4.172  0.1040E+01  0.1324E+02
   4.182  0.1044E+01  0.1325E+02
   4.192  0.1050E+01  0.1326E+02
   4.202  0.1058E+01  0.1327E+02
   4.212  0.1068E+01  0.1328E+02
   4.222  0.1079E+01  0.1329E+02
   4.232  0.1093E+01  0.1330E+02
   4.242  0.1108E+01  0.1332E+02
   4.252  0.1124E+01  0.1333E+02
   4.262  0.1142E+01  0.1334E+02
   4.272  0.1162E+01  0.1335E+02
   4.282  0.1182E+01  0.1336E+02
   4.292  0.1203E+01  0.1337E+02
   4.302  0.1225E+01  0.1339E+02
   4.312  0.1247E+01  0.1340E+02
   4.322  0.1269E+01  0.1341E+02
   4.332  0.1291E+01  0.1342E+02
   4.342  0.1312E+01  0.1344E+02
   4.352  0.1332E+01  0.1345E+02
   4.362  0.1351E+01  0.1346E+02
   4.372  0.1368E+01  0.1348E+02
   4.382  0.1385E+01  0.1349E+02
   4.392  0.1399E+01  0.1351E+02
   4.402  0.1412E+01  0.1352E+02
   4.412  0.1424E+01  0.1353E+02
   4.422  0.1435E+01  0.1355E+02
   4.432  0.1444E+01  0.1356E+02
   4.442  0.1452E+01  0.1358E+02
   4.452  0.1459E+01  0.1359E+02
   4.462  0.1466E+01  0.1361E+02
   4.472  0.1472E+01  0.1362E+02
   4.482  0.1478E+01  0.1364E+02
   4.492  0.1484E+01  0.1365E+02
   4.502  0.1489E+01  0.1367E+02
   4.512  0.1493E+01  0.1368E+02
   4.522  0.1497E+01  0.1370E+02
   4.532  0.1500E+01  0.1371E+02
   4.542  0.1502E+01  0.1373E+02
   4.552  0.1503E+01  0.1374E+02
   4.562  0.1502E+01  0.1376E+02
   4.572  0.1501E+01  0.1377E+02
   4.582  0.1498E+01  0.1379E+02
   4.592  0.1495E+01  0.1380E+02
   4.602  0.1490E+01  0.1382E+02
   4.612  0.1485E+01  0.1383E+02
   4.622  0.1479E+01  0.1384E+02
   4.632  0.1474E+01  0.1386E+02
   4.642  0.1468E+01  0.1387E+02
   4.652  0.1464E+01  0.1389E+02
   4.662  0.1460E+01  0.1390E+02
   4.672  0.1458E+01  0.1392E+02
   4.682  0.1457E+01  0.1393E+02
   4.692  0.1458E+01  0.1395E+02
   4.702  0.1460E+01  0.1396E+02
   4.712  0.1464E+01  0.1398E+02
   4.722  0.1470E+01  0.1399E+02
   4.732  0.1476E+01  0.1401E+02
   4.742  0.1484E+01  0.1402E+02
   4.752  0.1493E+01  0.1404E+02
   4.762  0.1502E+01  0.1405E+02
   4.772  0.1511E+01  0.1407E+02
   4.782  0.1520E+01  0.1408E+02
   4.792  0.1528E+01  0.1410E+02
   4.802  0.1536E+01  0.1411E+02
   4.812  0.1542E+01  0.1413E+02
   4.822  0.1547E+01  0.1414E+02
   4.832  0.1550E+01  0.1416E+02
   4.842  0.1551E+01  0.1417E+02
   4.852  0.1551E+01  0.1419E+02
   4.862  0.1548E+01  0.1420E+02
   4.872  0.1542E+01  0.1422E+02
   4.882  0.1535E+01  0.1424E+02
   4.892  0.1524E+01  0.1425E+02
   4.902  0.1512E+01  0.1427E+02
   4.912  0.1497E+01  0.1428E+02
   4.922  0.1481E+01  0.1430E+02
   4.932  0.1462E+01  0.1431E+02
   4.942  0.1442E+01  0.1432E+02
   4.952  0.1421E+01  0.1434E+02
   4.962  0.1399E+01  0.1435E+02
   4.972  0.1377E+01  0.1437E+02
   4.982  0.1355E+01  0.1438E+02
   4.992  0.1333E+01  0.1439E+02
   5.002  0.1313E+01  0.1441E+02
   5.012  0.1294E+01  0.1442E+02
   5.022  0.1278E+01  0.1443E+02
   5.032  0.1264E+01  0.1444E+02
   5.042  0.1253E+01  0.1446E+02
   5.052  0.1245E+01  0.1447E+02
   5.062  0.1240E+01  0.1448E+02
   5.072  0.1239E+01  0.1449E+02
   5.082  0.1241E+01  0.1451E+02
   5.092  0.1247E+01  0.1452E+02
   5.102  0.1255E+01  0.1453E+02
   5.112  0.1266E+01  0.1454E+02
   5.122  0.1279E+01  0.1456E+02
   5.132  0.1293E+01  0.1457E+02
   5.142  0.1308E+01  0.1458E+02
   5.152  0.1324E+01  0.1460E+02
   5.162  0.1340E+01  0.1461E+02
   5.172  0.1355E+01  0.1462E+02
   5.182  0.1369E+01  0.1464E+02
   5.192  0.1381E+01  0.1465E+02
   5.202  0.1392E+01  0.1467E+02
   5.212  0.1402E+01  0.1468E+02
   5.222  0.1410E+01  0.1469E+02
   5.232  0.1416E+01  0.1471E+02
   5.242  0.1421E+01  0.1472E+02
   5.252  0.1425E+01  0.1474E+02
   5.262  0.1429E+01  0.1475E+02
   5.272  0.1432E+01  0.1476E+02
   5.282  0.1436E+01  0.1478E+02
   5.292  0.1440E+01  0.1479E+02
   5.302  0.1445E+01  0.1481E+02
   5.312  0.1451E+01  0.1482E+02
   5.322  0.1459E+01  0.1484E+02
   5.332  0.1467E+01  0.1485E+02
   5.342  0.1477E+01  0.1487E+02
   5.352  0.1489E+01  0.1488E+02
   5.362  0.1501E+01  0.1490E+02
   5.372  0.1514E+01  0.1491E+02
   5.382  0.1527E+01  0.1493E+02
   5.392  0.1540E+01  0.1494E+02
   5.402  0.1552E+01  0.1496E+02
   5.412  0.1562E+01  0.1497E+02
   5.422  0.1570E+01  0.1499E+02
   5.432  0.1576E+01  0.1500E+02
   5.442  0.1580E+01  0.1502E+02
   5.452  0.1580E+01  0.1504E+02
   5.462  0.1576E+01  0.1505E+02
   5.472  0.1569E+01  0.1507E+02
   5.482  0.1559E+01  0.1508E+02
   5.492  0.1546E+01  0.1510E+02
   5.502  0.1530E+01  0.1511E+02
   5.512  0.1511E+01  0.1513E+02
   5.522  0.1491E+01  0.1514E+02
   5.532  0.1469E+01  0.1516E+02
   5.542  0.1447E+01  0.1517E+02
   5.552  0.1424E+01  0.1519E+02
   5.562  0.1403E+01  0.1520E+02
   5.572  0.1383E+01  0.1522E+02
   5.582  0.1365E+01  0.1523E+02
   5.592  0.1350E+01  0.1524E+02
   5.602  0.1338E+01  0.1526E+02
   5.612  0.1328E+01  0.1527E+02
   5.622  0.1322E+01  0.1528E+02
   5.632  0.1320E+01  0.1530E+02
   5.642  0.1321E+01  0.1531E+02
   5.652  0.1326E+01  0.1532E+02
   5.662  0.1333E+01  0.1534E+02
   5.672  0.1343E+01  0.1535E+02
   5.682  0.1356E+01  0.1536E+02
   5.692  0.1371E+01  0.1538E+02
   5.702  0.1388E+01  0.1539E+02
   5.712  0.1406E+01  0.1540E+02
   5.722  0.1424E+01  0.1542E+02
   5.732  0.1444E+01  0.1543E+02
   5.742  0.1463E+01  0.1545E+02
   5.752  0.1483E+01  0.1546E+02
   5.762  0.1501E+01  0.1548E+02
   5.772  0.1519E+01  0.1549E+02
   5.782  0.1536E+01  0.1551E+02
   5.792  0.1551E+01  0.1552E+02
   5.802  0.1564E+01  0.1554E+02
   5.812  0.1576E+01  0.1555E+02
   5.822  0.1585E+01  0.1557E+02
   5.832  0.1593E+01  0.1559E+02
   5.842  0.1599E+01  0.1560E+02
   5.852  0.1603E+01  0.1562E+02
   5.862  0.1606E+01  0.1563E+02
   5.872  0.1607E+01  0.1565E+02
   5.882  0.1608E+01  0.1567E+02
   5.892  0.1609E+01  0.1568E+02
   5.902  0.1610E+01  0.1570E+02
   5.912  0.1612E+01  0.1571E+02
   5.922  0.1616E+01  0.1573E+02
   5.932  0.1622E+01  0.1575E+02
   5.942  0.1630E+01  0.1576E+02
   5.952  0.1641E+01  0.1578E+02
   5.962  0.1656E+01  0.1580E+02
   5.972  0.1674E+01  0.1581E+02
   5.982  0.1695E+01  0.1583E+02
   5.992  0.1719E+01  0.1585E+02
   6.002  0.1746E+01  0.1586E+02
   6.012  0.1775E+01  0.1588E+02
   6.022  0.1806E+01  0.1590E+02
   6.032  0.1837E+01  0.1592E+02
   6.042  0.1868E+01  0.1594E+02
   6.052  0.1897E+01  0.1596E+02
   6.062  0.1925E+01  0.1598E+02
   6.072  0.1951E+01  0.1600E+02
   6.082  0.1973E+01  0.1602E+02
   6.092  0.1991E+01  0.1604E+02
   6.102  0.2005E+01  0.1606E+02
   6.112  0.2014E+01  0.1608E+02
   6.122  0.2019E+01  0.1610E+02
   6.132  0.2020E+01  0.1612E+02
   6.142  0.2016E+01  0.1614E+02
   6.152  0.2007E+01  0.1616E+02
   6.162  0.1995E+01  0.1618E+02
   6.172  0.1980E+01  0.1620E+02
   6.182  0.1961E+01  0.1622E+02
   6.192  0.1941E+01  0.1623E+02
   6.202  0.1918E+01  0.1625E+02
   6.212  0.1894E+01  0.1627E+02
   6.222  0.1869E+01  0.1629E+02
   6.232  0.1844E+01  0.1631E+02
   6.242  0.1819E+01  0.1633E+02
   6.252  0.1796E+01  0.1635E+02
   6.262  0.1774E+01  0.1636E+02
   6.272  0.1755E+01  0.1638E+02
   6.282  0.1739E+01  0.1640E+02
   6.292  0.1726E+01  0.1642E+02
   6.302  0.1717E+01  0.1643E+02
   6.312  0.1712E+01  0.1645E+02
   6.322  0.1712E+01  0.1647E+02
   6.332  0.1718E+01  0.1648E+02
   6.342  0.1728E+01  0.1650E+02
   6.352  0.1745E+01  0.1652E+02
   6.362  0.1767E+01  0.1654E+02
   6.372  0.1794E+01  0.1655E+02
   6.382  0.1826E+01  0.1657E+02
   6.392  0.1864E+01  0.1659E+02
   6.402  0.1905E+01  0.1661E+02
   6.412  0.1950E+01  0.1663E+02
   6.422  0.1999E+01  0.1665E+02
   6.432  0.2049E+01  0.1667E+02
   6.442  0.2101E+01  0.1669E+02
   6.452  0.2154E+01  0.1671E+02
   6.462  0.2207E+01  0.1674E+02
   6.472  0.2258E+01  0.1676E+02
   6.482  0.2308E+01  0.1678E+02
   6.492  0.2355E+01  0.1680E+02
   6.502  0.2400E+01  0.1683E+02
   6.512  0.2442E+01  0.1685E+02
   6.522  0.2481E+01  0.1688E+02
   6.532  0.2517E+01  0.1690E+02
   6.542  0.2550E+01  0.1693E+02
   6.552  0.2580E+01  0.1695E+02
   6.562  0.2608E+01  0.1698E+02
   6.572  0.2635E+01  0.1701E+02
   6.582  0.2660E+01  0.1703E+02
   6.592  0.2685E+01  0.1706E+02
   6.602  0.2709E+01  0.1709E+02
   6.612  0.2734E+01  0.1711E+02
   6.622  0.2759E+01  0.1714E+02
   6.632  0.2785E+01  0.1717E+02
   6.642  0.2811E+01  0.1720E+02
   6.652  0.2838E+01  0.1723E+02
   6.662  0.2865E+01  0.1726E+02
   6.672  0.2891E+01  0.1728E+02
   6.682  0.2917E+01  0.1731E+02
   6.692  0.2941E+01  0.1734E+02
   6.702  0.2963E+01  0.1737E+02
   6.712  0.2982E+01  0.1740E+02
   6.722  0.2999E+01  0.1743E+02
   6.732  0.3012E+01  0.1746E+02
   6.742  0.3022E+01  0.1749E+02
   6.752  0.3029E+01  0.1752E+02
   6.762  0.3032E+01  0.1755E+02
   6.772  0.3032E+01  0.1758E+02
   6.782  0.3029E+01  0.1761E+02
   6.792  0.3024E+01  0.1764E+02
   6.802  0.3018E+01  0.1767E+02
   6.812  0.3011E+01  0.1770E+02
   6.822  0.3004E+01  0.1773E+02
   6.832  0.2997E+01  0.1776E+02
   6.842  0.2992E+01  0.1779E+02
   6.852  0.2989E+01  0.1782E+02
   6.862  0.2988E+01  0.1785E+02
   6.872  0.2990E+01  0.1788E+02
   6.882  0.2995E+01  0.1791E+02
   6.892  0.3002E+01  0.1794E+02
   6.902  0.3013E+01  0.1797E+02
   6.912  0.3026E+01  0.1800E+02
   6.922  0.3042E+01  0.1803E+02
   6.932  0.3060E+01  0.1807E+02
   6.942  0.3080E+01  0.1810E+02
   6.952  0.3100E+01  0.1813E+02
   6.962  0.3122E+01  0.1816E+02
   6.972  0.3143E+01  0.1819E+02
   6.982  0.3163E+01  0.1822E+02
   6.992  0.3182E+01  0.1825E+02
   7.002  0.3198E+01  0.1829E+02
   7.012  0.3211E+01  0.1832E+02
   7.022  0.3220E+01  0.1835E+02
   7.032  0.3224E+01  0.1838E+02
   7.042  0.3223E+01  0.1841E+02
   7.052  0.3217E+01  0.1845E+02
   7.062  0.3204E+01  0.1848E+02
   7.072  0.3186E+01  0.1851E+02
   7.082  0.3161E+01  0.1854E+02
   7.092  0.3130E+01  0.1857E+02
   7.102  0.3093E+01  0.1860E+02
   7.112  0.3052E+01  0.1863E+02
   7.122  0.3006E+01  0.1866E+02
   7.132  0.2957E+01  0.1869E+02
   7.142  0.2906E+01  0.1872E+02
   7.152  0.2854E+01  0.1875E+02
   7.162  0.2802E+01  0.1878E+02
   7.172  0.2752E+01  0.1881E+02
   7.182  0.2706E+01  0.1883E+02
   7.192  0.2664E+01  0.1886E+02
   7.202  0.2627E+01  0.1889E+02
   7.212  0.2597E+01  0.1891E+02
   7.222  0.2575E+01  0.1894E+02
   7.232  0.2562E+01  0.1896E+02
   7.242  0.2558E+01  0.1899E+02
   7.252  0.2564E+01  0.1902E+02
   7.262  0.2580E+01  0.1904E+02
   7.272  0.2607E+01  0.1907E+02
   7.282  0.2644E+01  0.1909E+02
   7.292  0.2693E+01  0.1912E+02
   7.302  0.2752E+01  0.1915E+02
   7.312  0.2822E+01  0.1918E+02
   7.322  0.2902E+01  0.1921E+02
   7.332  0.2992E+01  0.1924E+02
   7.342  0.3091E+01  0.1927E+02
   7.352  0.3198E+01  0.1930E+02
   7.362  0.3313E+01  0.1933E+02
   7.372  0.3434E+01  0.1937E+02
   7.382  0.3560E+01  0.1940E+02
   7.392  0.3689E+01  0.1944E+02
   7.402  0.3820E+01  0.1948E+02
   7.412  0.3950E+01  0.1952E+02
   7.422  0.4079E+01  0.1956E+02
   7.432  0.4204E+01  0.1960E+02
   7.442  0.4322E+01  0.1964E+02
   7.452  0.4433E+01  0.1969E+02
   7.462  0.4534E+01  0.1973E+02
   7.472  0.4623E+01  0.1978E+02
   7.482  0.4700E+01  0.1983E+02
   7.492  0.4763E+01  0.1987E+02
   7.502  0.4811E+01  0.1992E+02
   7.512  0.4843E+01  0.1997E+02
   7.522  0.4861E+01  0.2002E+02
   7.532  0.4863E+01  0.2007E+02
   7.542  0.4850E+01  0.2011E+02
   7.552  0.4824E+01  0.2016E+02
   7.562  0.4785E+01  0.2021E+02
   7.572  0.4735E+01  0.2026E+02
   7.582  0.4675E+01  0.2031E+02
   7.592  0.4607E+01  0.2035E+02
   7.602  0.4533E+01  0.2040E+02
   7.612  0.4454E+01  0.2044E+02
   7.622  0.4371E+01  0.2048E+02
   7.632  0.4287E+01  0.2053E+02
   7.642  0.4203E+01  0.2057E+02
   7.652  0.4120E+01  0.2061E+02
   7.662  0.4039E+01  0.2065E+02
   7.672  0.3961E+01  0.2069E+02
   7.682  0.3887E+01  0.2073E+02
   7.692  0.3817E+01  0.2077E+02
   7.702  0.3752E+01  0.2081E+02
   7.712  0.3690E+01  0.2084E+02
   7.722  0.3633E+01  0.2088E+02
   7.732  0.3580E+01  0.2091E+02
   7.742  0.3529E+01  0.2095E+02
   7.752  0.3482E+01  0.2098E+02
   7.762  0.3437E+01  0.2102E+02
   7.772  0.3393E+01  0.2105E+02
   7.782  0.3351E+01  0.2109E+02
   7.792  0.3308E+01  0.2112E+02
   7.802  0.3266E+01  0.2115E+02
   7.812  0.3222E+01  0.2118E+02
   7.822  0.3179E+01  0.2122E+02
   7.832  0.3134E+01  0.2125E+02
   7.842  0.3090E+01  0.2128E+02
   7.852  0.3045E+01  0.2131E+02
   7.862  0.3000E+01  0.2134E+02
   7.872  0.2956E+01  0.2137E+02
   7.882  0.2914E+01  0.2140E+02
   7.892  0.2874E+01  0.2143E+02
   7.902  0.2838E+01  0.2145E+02
   7.912  0.2806E+01  0.2148E+02
   7.922  0.2780E+01  0.2151E+02
   7.932  0.2760E+01  0.2154E+02
   7.942  0.2746E+01  0.2157E+02
   7.952  0.2741E+01  0.2159E+02
   7.962  0.2743E+01  0.2162E+02
   7.972  0.2755E+01  0.2165E+02
   7.982  0.2775E+01  0.2168E+02
   7.992  0.2804E+01  0.2170E+02
   8.002  0.2842E+01  0.2173E+02
   8.012  0.2887E+01  0.2176E+02
   8.022  0.2940E+01  0.2179E+02
   8.032  0.3000E+01  0.2182E+02
   8.042  0.3065E+01  0.2185E+02
   8.052  0.3135E+01  0.2188E+02
   8.062  0.3207E+01  0.2191E+02
   8.072  0.3281E+01  0.2195E+02
   8.082  0.3355E+01  0.2198E+02
   8.092  0.3427E+01  0.2202E+02
   8.102  0.3495E+01  0.2205E+02
   8.112  0.3559E+01  0.2209E+02
   8.122  0.3618E+01  0.2212E+02
   8.132  0.3669E+01  0.2216E+02
   8.142  0.3712E+01  0.2220E+02
   8.152  0.3746E+01  0.2223E+02
   8.162  0.3772E+01  0.2227E+02
   8.172  0.3788E+01  0.2231E+02
   8.182  0.3794E+01  0.2235E+02
   8.192  0.3792E+01  0.2238E+02
   8.202  0.3781E+01  0.2242E+02
   8.212  0.3763E+01  0.2246E+02
   8.222  0.3737E+01  0.2250E+02
   8.232  0.3704E+01  0.2253E+02
   8.242  0.3666E+01  0.2257E+02
   8.252  0.3623E+01  0.2261E+02
   8.262  0.3576E+01  0.2264E+02
   8.272  0.3525E+01  0.2268E+02
   8.282  0.3472E+01  0.2271E+02
   8.292  0.3417E+01  0.2275E+02
   8.302  0.3360E+01  0.2278E+02
   8.312  0.3303E+01  0.2281E+02
   8.322  0.3244E+01  0.2285E+02
   8.332  0.3186E+01  0.2288E+02
   8.342  0.3128E+01  0.2291E+02
   8.352  0.3071E+01  0.2294E+02
   8.362  0.3016E+01  0.2297E+02
   8.372  0.2962E+01  0.2300E+02
   8.382  0.2911E+01  0.2303E+02
   8.392  0.2863E+01  0.2306E+02
   8.402  0.2819E+01  0.2309E+02
   8.412  0.2778E+01  0.2311E+02
   8.422  0.2741E+01  0.2314E+02
   8.432  0.2709E+01  0.2317E+02
   8.442  0.2682E+01  0.2319E+02
   8.452  0.2660E+01  0.2322E+02
   8.462  0.2643E+01  0.2325E+02
   8.472  0.2630E+01  0.2327E+02
   8.482  0.2622E+01  0.2330E+02
   8.492  0.2619E+01  0.2333E+02
   8.502  0.2620E+01  0.2335E+02
   8.512  0.2625E+01  0.2338E+02
   8.522  0.2634E+01  0.2341E+02
   8.532  0.2647E+01  0.2343E+02
   8.542  0.2663E+01  0.2346E+02
   8.552  0.2683E+01  0.2349E+02
   8.562  0.2705E+01  0.2351E+02
   8.572  0.2730E+01  0.2354E+02
   8.582  0.2757E+01  0.2357E+02
   8.592  0.2786E+01  0.2360E+02
   8.602  0.2817E+01  0.2362E+02
   8.612  0.2849E+01  0.2365E+02
   8.622  0.2882E+01  0.2368E+02
   8.632  0.2916E+01  0.2371E+02
   8.642  0.2949E+01  0.2374E+02
   8.652  0.2981E+01  0.2377E+02
   8.662  0.3012E+01  0.2380E+02
   8.672  0.3041E+01  0.2383E+02
   8.682  0.3067E+01  0.2386E+02
   8.692  0.3090E+01  0.2389E+02
   8.702  0.3108E+01  0.2392E+02
   8.712  0.3123E+01  0.2395E+02
   8.722  0.3133E+01  0.2398E+02
   8.732  0.3138E+01  0.2402E+02
   8.742  0.3139E+01  0.2405E+02
   8.752  0.3135E+01  0.2408E+02
   8.762  0.3127E+01  0.2411E+02
   8.772  0.3116E+01  0.2414E+02
   8.782  0.3101E+01  0.2417E+02
   8.792  0.3083E+01  0.2420E+02
   8.802  0.3064E+01  0.2423E+02
   8.812  0.3043E+01  0.2426E+02
   8.822  0.3022E+01  0.2429E+02
   8.832  0.3002E+01  0.2432E+02
   8.842  0.2983E+01  0.2435E+02
   8.852  0.2965E+01  0.2438E+02
   8.862  0.2950E+01  0.2441E+02
   8.872  0.2937E+01  0.2444E+02
   8.882  0.2928E+01  0.2447E+02
   8.892  0.2921E+01  0.2450E+02
   8.902  0.2918E+01  0.2453E+02
   8.912  0.2918E+01  0.2456E+02
   8.922  0.2921E+01  0.2459E+02
   8.932  0.2928E+01  0.2462E+02
   8.942  0.2937E+01  0.2465E+02
   8.952  0.2950E+01  0.2468E+02
   8.962  0.2965E+01  0.2471E+02
   8.972  0.2983E+01  0.2474E+02
   8.982  0.3004E+01  0.2477E+02
