#  E (eV)   dos(E)     Int dos(E) EFermi =   -1.311 eV
 -11.311  0.5685E+00  0.5685E-02
 -11.301  0.5683E+00  0.1137E-01
 -11.291  0.5682E+00  0.1705E-01
 -11.281  0.5683E+00  0.2273E-01
 -11.271  0.5689E+00  0.2842E-01
 -11.261  0.5698E+00  0.3412E-01
 -11.251  0.5712E+00  0.3983E-01
 -11.241  0.5728E+00  0.4556E-01
 -11.231  0.5745E+00  0.5130E-01
 -11.221  0.5763E+00  0.5707E-01
 -11.211  0.5779E+00  0.6285E-01
 -11.201  0.5792E+00  0.6864E-01
 -11.191  0.5801E+00  0.7444E-01
 -11.181  0.5805E+00  0.8025E-01
 -11.171  0.5803E+00  0.8605E-01
 -11.161  0.5796E+00  0.9185E-01
 -11.151  0.5785E+00  0.9763E-01
 -11.141  0.5770E+00  0.1034E+00
 -11.131  0.5754E+00  0.1092E+00
 -11.121  0.5737E+00  0.1149E+00
 -11.111  0.5723E+00  0.1206E+00
 -11.101  0.5711E+00  0.1263E+00
 -11.091  0.5705E+00  0.1320E+00
 -11.081  0.5704E+00  0.1377E+00
 -11.071  0.5709E+00  0.1434E+00
 -11.061  0.5720E+00  0.1492E+00
 -11.051  0.5735E+00  0.1549E+00
 -11.041  0.5754E+00  0.1607E+00
 -11.031  0.5773E+00  0.1664E+00
 -11.021  0.5790E+00  0.1722E+00
 -11.011  0.5803E+00  0.1780E+00
 -11.001  0.5808E+00  0.1838E+00
 -10.991  0.5802E+00  0.1896E+00
 -10.981  0.5782E+00  0.1954E+00
 -10.971  0.5747E+00  0.2012E+00
 -10.961  0.5696E+00  0.2069E+00
 -10.951  0.5626E+00  0.2125E+00
 -10.941  0.5540E+00  0.2180E+00
 -10.931  0.5438E+00  0.2235E+00
 -10.921  0.5321E+00  0.2288E+00
 -10.911  0.5194E+00  0.2340E+00
 -10.901  0.5059E+00  0.2390E+00
 -10.891  0.4920E+00  0.2440E+00
 -10.881  0.4781E+00  0.2487E+00
 -10.871  0.4647E+00  0.2534E+00
 -10.861  0.4523E+00  0.2579E+00
 -10.851  0.4411E+00  0.2623E+00
 -10.841  0.4315E+00  0.2666E+00
 -10.831  0.4238E+00  0.2709E+00
 -10.821  0.4182E+00  0.2750E+00
 -10.811  0.4149E+00  0.2792E+00
 -10.801  0.4140E+00  0.2833E+00
 -10.791  0.4154E+00  0.2875E+00
 -10.781  0.4191E+00  0.2917E+00
 -10.771  0.4250E+00  0.2959E+00
 -10.761  0.4330E+00  0.3003E+00
 -10.751  0.4429E+00  0.3047E+00
 -10.741  0.4546E+00  0.3092E+00
 -10.731  0.4680E+00  0.3139E+00
 -10.721  0.4828E+00  0.3187E+00
 -10.711  0.4989E+00  0.3237E+00
 -10.701  0.5162E+00  0.3289E+00
 -10.691  0.5345E+00  0.3342E+00
 -10.681  0.5538E+00  0.3398E+00
 -10.671  0.5738E+00  0.3455E+00
 -10.661  0.5945E+00  0.3515E+00
 -10.651  0.6158E+00  0.3576E+00
 -10.641  0.6373E+00  0.3640E+00
 -10.631  0.6591E+00  0.3706E+00
 -10.621  0.6808E+00  0.3774E+00
 -10.611  0.7021E+00  0.3844E+00
 -10.601  0.7229E+00  0.3916E+00
 -10.591  0.7428E+00  0.3991E+00
 -10.581  0.7614E+00  0.4067E+00
 -10.571  0.7785E+00  0.4145E+00
 -10.561  0.7937E+00  0.4224E+00
 -10.551  0.8068E+00  0.4305E+00
 -10.541  0.8174E+00  0.4386E+00
 -10.531  0.8253E+00  0.4469E+00
 -10.521  0.8304E+00  0.4552E+00
 -10.511  0.8326E+00  0.4635E+00
 -10.501  0.8318E+00  0.4718E+00
 -10.491  0.8281E+00  0.4801E+00
 -10.481  0.8218E+00  0.4883E+00
 -10.471  0.8129E+00  0.4965E+00
 -10.461  0.8018E+00  0.5045E+00
 -10.451  0.7890E+00  0.5124E+00
 -10.441  0.7749E+00  0.5201E+00
 -10.431  0.7600E+00  0.5277E+00
 -10.421  0.7449E+00  0.5352E+00
 -10.411  0.7300E+00  0.5425E+00
 -10.401  0.7161E+00  0.5496E+00
 -10.391  0.7035E+00  0.5567E+00
 -10.381  0.6930E+00  0.5636E+00
 -10.371  0.6849E+00  0.5705E+00
 -10.361  0.6796E+00  0.5773E+00
 -10.351  0.6776E+00  0.5840E+00
 -10.341  0.6790E+00  0.5908E+00
 -10.331  0.6840E+00  0.5977E+00
 -10.321  0.6926E+00  0.6046E+00
 -10.311  0.7049E+00  0.6116E+00
 -10.301  0.7207E+00  0.6188E+00
 -10.291  0.7397E+00  0.6262E+00
 -10.281  0.7617E+00  0.6339E+00
 -10.271  0.7862E+00  0.6417E+00
 -10.261  0.8127E+00  0.6498E+00
 -10.251  0.8408E+00  0.6583E+00
 -10.241  0.8698E+00  0.6669E+00
 -10.231  0.8992E+00  0.6759E+00
 -10.221  0.9285E+00  0.6852E+00
 -10.211  0.9569E+00  0.6948E+00
 -10.201  0.9840E+00  0.7046E+00
 -10.191  0.1009E+01  0.7147E+00
 -10.181  0.1032E+01  0.7250E+00
 -10.171  0.1053E+01  0.7356E+00
 -10.161  0.1070E+01  0.7463E+00
 -10.151  0.1084E+01  0.7571E+00
 -10.141  0.1096E+01  0.7681E+00
 -10.131  0.1104E+01  0.7791E+00
 -10.121  0.1109E+01  0.7902E+00
 -10.111  0.1112E+01  0.8013E+00
 -10.101  0.1113E+01  0.8125E+00
 -10.091  0.1111E+01  0.8236E+00
 -10.081  0.1109E+01  0.8347E+00
 -10.071  0.1106E+01  0.8457E+00
 -10.061  0.1103E+01  0.8567E+00
 -10.051  0.1100E+01  0.8677E+00
 -10.041  0.1098E+01  0.8787E+00
 -10.031  0.1098E+01  0.8897E+00
 -10.021  0.1100E+01  0.9007E+00
 -10.011  0.1103E+01  0.9117E+00
 -10.001  0.1108E+01  0.9228E+00
  -9.991  0.1116E+01  0.9340E+00
  -9.981  0.1125E+01  0.9452E+00
  -9.971  0.1136E+01  0.9566E+00
  -9.961  0.1148E+01  0.9681E+00
  -9.951  0.1161E+01  0.9797E+00
  -9.941  0.1174E+01  0.9914E+00
  -9.931  0.1186E+01  0.1003E+01
  -9.921  0.1198E+01  0.1015E+01
  -9.911  0.1208E+01  0.1027E+01
  -9.901  0.1217E+01  0.1039E+01
  -9.891  0.1223E+01  0.1052E+01
  -9.881  0.1227E+01  0.1064E+01
  -9.871  0.1227E+01  0.1076E+01
  -9.861  0.1225E+01  0.1089E+01
  -9.851  0.1221E+01  0.1101E+01
  -9.841  0.1213E+01  0.1113E+01
  -9.831  0.1204E+01  0.1125E+01
  -9.821  0.1194E+01  0.1137E+01
  -9.811  0.1182E+01  0.1149E+01
  -9.801  0.1170E+01  0.1160E+01
  -9.791  0.1158E+01  0.1172E+01
  -9.781  0.1147E+01  0.1183E+01
  -9.771  0.1138E+01  0.1195E+01
  -9.761  0.1130E+01  0.1206E+01
  -9.751  0.1125E+01  0.1217E+01
  -9.741  0.1122E+01  0.1229E+01
  -9.731  0.1121E+01  0.1240E+01
  -9.721  0.1123E+01  0.1251E+01
  -9.711  0.1127E+01  0.1262E+01
  -9.701  0.1133E+01  0.1274E+01
  -9.691  0.1140E+01  0.1285E+01
  -9.681  0.1147E+01  0.1296E+01
  -9.671  0.1155E+01  0.1308E+01
  -9.661  0.1161E+01  0.1320E+01
  -9.651  0.1167E+01  0.1331E+01
  -9.641  0.1171E+01  0.1343E+01
  -9.631  0.1173E+01  0.1355E+01
  -9.621  0.1173E+01  0.1366E+01
  -9.611  0.1170E+01  0.1378E+01
  -9.601  0.1165E+01  0.1390E+01
  -9.591  0.1159E+01  0.1401E+01
  -9.581  0.1150E+01  0.1413E+01
  -9.571  0.1140E+01  0.1424E+01
  -9.561  0.1129E+01  0.1436E+01
  -9.551  0.1118E+01  0.1447E+01
  -9.541  0.1107E+01  0.1458E+01
  -9.531  0.1098E+01  0.1469E+01
  -9.521  0.1089E+01  0.1480E+01
  -9.511  0.1082E+01  0.1491E+01
  -9.501  0.1077E+01  0.1501E+01
  -9.491  0.1073E+01  0.1512E+01
  -9.481  0.1072E+01  0.1523E+01
  -9.471  0.1073E+01  0.1534E+01
  -9.461  0.1075E+01  0.1544E+01
  -9.451  0.1079E+01  0.1555E+01
  -9.441  0.1083E+01  0.1566E+01
  -9.431  0.1088E+01  0.1577E+01
  -9.421  0.1093E+01  0.1588E+01
  -9.411  0.1099E+01  0.1599E+01
  -9.401  0.1103E+01  0.1610E+01
  -9.391  0.1108E+01  0.1621E+01
  -9.381  0.1111E+01  0.1632E+01
  -9.371  0.1114E+01  0.1643E+01
  -9.361  0.1117E+01  0.1654E+01
  -9.351  0.1119E+01  0.1665E+01
  -9.341  0.1121E+01  0.1677E+01
  -9.331  0.1123E+01  0.1688E+01
  -9.321  0.1125E+01  0.1699E+01
  -9.311  0.1128E+01  0.1710E+01
  -9.301  0.1132E+01  0.1722E+01
  -9.291  0.1136E+01  0.1733E+01
  -9.281  0.1142E+01  0.1744E+01
  -9.271  0.1148E+01  0.1756E+01
  -9.261  0.1154E+01  0.1767E+01
  -9.251  0.1161E+01  0.1779E+01
  -9.241  0.1168E+01  0.1791E+01
  -9.231  0.1175E+01  0.1803E+01
  -9.221  0.1181E+01  0.1814E+01
  -9.211  0.1187E+01  0.1826E+01
  -9.201  0.1191E+01  0.1838E+01
  -9.191  0.1194E+01  0.1850E+01
  -9.181  0.1196E+01  0.1862E+01
  -9.171  0.1195E+01  0.1874E+01
  -9.161  0.1193E+01  0.1886E+01
  -9.151  0.1189E+01  0.1898E+01
  -9.141  0.1184E+01  0.1910E+01
  -9.131  0.1177E+01  0.1921E+01
  -9.121  0.1169E+01  0.1933E+01
  -9.111  0.1161E+01  0.1945E+01
  -9.101  0.1151E+01  0.1956E+01
  -9.091  0.1141E+01  0.1968E+01
  -9.081  0.1132E+01  0.1979E+01
  -9.071  0.1123E+01  0.1990E+01
  -9.061  0.1114E+01  0.2001E+01
  -9.051  0.1107E+01  0.2012E+01
  -9.041  0.1102E+01  0.2023E+01
  -9.031  0.1098E+01  0.2034E+01
  -9.021  0.1095E+01  0.2045E+01
  -9.011  0.1095E+01  0.2056E+01
  -9.001  0.1098E+01  0.2067E+01
  -8.991  0.1102E+01  0.2078E+01
  -8.981  0.1109E+01  0.2089E+01
  -8.971  0.1117E+01  0.2101E+01
  -8.961  0.1128E+01  0.2112E+01
  -8.951  0.1140E+01  0.2123E+01
  -8.941  0.1153E+01  0.2135E+01
  -8.931  0.1167E+01  0.2146E+01
  -8.921  0.1183E+01  0.2158E+01
  -8.911  0.1198E+01  0.2170E+01
  -8.901  0.1214E+01  0.2182E+01
  -8.891  0.1230E+01  0.2195E+01
  -8.881  0.1246E+01  0.2207E+01
  -8.871  0.1261E+01  0.2220E+01
  -8.861  0.1276E+01  0.2233E+01
  -8.851  0.1290E+01  0.2245E+01
  -8.841  0.1303E+01  0.2258E+01
  -8.831  0.1316E+01  0.2272E+01
  -8.821  0.1328E+01  0.2285E+01
  -8.811  0.1340E+01  0.2298E+01
  -8.801  0.1350E+01  0.2312E+01
  -8.791  0.1361E+01  0.2325E+01
  -8.781  0.1370E+01  0.2339E+01
  -8.771  0.1379E+01  0.2353E+01
  -8.761  0.1388E+01  0.2367E+01
  -8.751  0.1396E+01  0.2381E+01
  -8.741  0.1403E+01  0.2395E+01
  -8.731  0.1410E+01  0.2409E+01
  -8.721  0.1416E+01  0.2423E+01
  -8.711  0.1422E+01  0.2437E+01
  -8.701  0.1426E+01  0.2452E+01
  -8.691  0.1429E+01  0.2466E+01
  -8.681  0.1431E+01  0.2480E+01
  -8.671  0.1431E+01  0.2494E+01
  -8.661  0.1430E+01  0.2509E+01
  -8.651  0.1427E+01  0.2523E+01
  -8.641  0.1422E+01  0.2537E+01
  -8.631  0.1415E+01  0.2551E+01
  -8.621  0.1406E+01  0.2565E+01
  -8.611  0.1395E+01  0.2579E+01
  -8.601  0.1381E+01  0.2593E+01
  -8.591  0.1366E+01  0.2607E+01
  -8.581  0.1350E+01  0.2620E+01
  -8.571  0.1332E+01  0.2634E+01
  -8.561  0.1313E+01  0.2647E+01
  -8.551  0.1294E+01  0.2660E+01
  -8.541  0.1275E+01  0.2672E+01
  -8.531  0.1256E+01  0.2685E+01
  -8.521  0.1238E+01  0.2697E+01
  -8.511  0.1221E+01  0.2710E+01
  -8.501  0.1206E+01  0.2722E+01
  -8.491  0.1192E+01  0.2734E+01
  -8.481  0.1181E+01  0.2745E+01
  -8.471  0.1171E+01  0.2757E+01
  -8.461  0.1164E+01  0.2769E+01
  -8.451  0.1159E+01  0.2780E+01
  -8.441  0.1156E+01  0.2792E+01
  -8.431  0.1154E+01  0.2803E+01
  -8.421  0.1153E+01  0.2815E+01
  -8.411  0.1154E+01  0.2827E+01
  -8.401  0.1155E+01  0.2838E+01
  -8.391  0.1157E+01  0.2850E+01
  -8.381  0.1159E+01  0.2861E+01
  -8.371  0.1161E+01  0.2873E+01
  -8.361  0.1163E+01  0.2884E+01
  -8.351  0.1164E+01  0.2896E+01
  -8.341  0.1166E+01  0.2908E+01
  -8.331  0.1167E+01  0.2919E+01
  -8.321  0.1167E+01  0.2931E+01
  -8.311  0.1167E+01  0.2943E+01
  -8.301  0.1166E+01  0.2954E+01
  -8.291  0.1165E+01  0.2966E+01
  -8.281  0.1164E+01  0.2978E+01
  -8.271  0.1162E+01  0.2989E+01
  -8.261  0.1160E+01  0.3001E+01
  -8.251  0.1157E+01  0.3013E+01
  -8.241  0.1153E+01  0.3024E+01
  -8.231  0.1149E+01  0.3036E+01
  -8.221  0.1144E+01  0.3047E+01
  -8.211  0.1139E+01  0.3058E+01
  -8.201  0.1132E+01  0.3070E+01
  -8.191  0.1124E+01  0.3081E+01
  -8.181  0.1116E+01  0.3092E+01
  -8.171  0.1106E+01  0.3103E+01
  -8.161  0.1096E+01  0.3114E+01
  -8.151  0.1084E+01  0.3125E+01
  -8.141  0.1072E+01  0.3136E+01
  -8.131  0.1060E+01  0.3146E+01
  -8.121  0.1048E+01  0.3157E+01
  -8.111  0.1035E+01  0.3167E+01
  -8.101  0.1023E+01  0.3177E+01
  -8.091  0.1012E+01  0.3187E+01
  -8.081  0.1002E+01  0.3197E+01
  -8.071  0.9938E+00  0.3207E+01
  -8.061  0.9868E+00  0.3217E+01
  -8.051  0.9815E+00  0.3227E+01
  -8.041  0.9779E+00  0.3237E+01
  -8.031  0.9761E+00  0.3247E+01
  -8.021  0.9759E+00  0.3256E+01
  -8.011  0.9771E+00  0.3266E+01
  -8.001  0.9794E+00  0.3276E+01
  -7.991  0.9824E+00  0.3286E+01
  -7.981  0.9857E+00  0.3296E+01
  -7.971  0.9891E+00  0.3306E+01
  -7.961  0.9921E+00  0.3315E+01
  -7.951  0.9944E+00  0.3325E+01
  -7.941  0.9958E+00  0.3335E+01
  -7.931  0.9962E+00  0.3345E+01
  -7.921  0.9954E+00  0.3355E+01
  -7.911  0.9936E+00  0.3365E+01
  -7.901  0.9908E+00  0.3375E+01
  -7.891  0.9872E+00  0.3385E+01
  -7.881  0.9831E+00  0.3395E+01
  -7.871  0.9788E+00  0.3405E+01
  -7.861  0.9746E+00  0.3414E+01
  -7.851  0.9707E+00  0.3424E+01
  -7.841  0.9674E+00  0.3434E+01
  -7.831  0.9648E+00  0.3443E+01
  -7.821  0.9632E+00  0.3453E+01
  -7.811  0.9625E+00  0.3463E+01
  -7.801  0.9629E+00  0.3472E+01
  -7.791  0.9642E+00  0.3482E+01
  -7.781  0.9663E+00  0.3492E+01
  -7.771  0.9691E+00  0.3501E+01
  -7.761  0.9724E+00  0.3511E+01
  -7.751  0.9762E+00  0.3521E+01
  -7.741  0.9801E+00  0.3531E+01
  -7.731  0.9842E+00  0.3540E+01
  -7.721  0.9882E+00  0.3550E+01
  -7.711  0.9921E+00  0.3560E+01
  -7.701  0.9958E+00  0.3570E+01
  -7.691  0.9994E+00  0.3580E+01
  -7.681  0.1003E+01  0.3590E+01
  -7.671  0.1006E+01  0.3600E+01
  -7.661  0.1009E+01  0.3610E+01
  -7.651  0.1012E+01  0.3620E+01
  -7.641  0.1014E+01  0.3631E+01
  -7.631  0.1017E+01  0.3641E+01
  -7.621  0.1019E+01  0.3651E+01
  -7.611  0.1022E+01  0.3661E+01
  -7.601  0.1024E+01  0.3671E+01
  -7.591  0.1027E+01  0.3682E+01
  -7.581  0.1030E+01  0.3692E+01
  -7.571  0.1033E+01  0.3702E+01
  -7.561  0.1036E+01  0.3713E+01
  -7.551  0.1040E+01  0.3723E+01
  -7.541  0.1044E+01  0.3734E+01
  -7.531  0.1049E+01  0.3744E+01
  -7.521  0.1054E+01  0.3755E+01
  -7.511  0.1059E+01  0.3765E+01
  -7.501  0.1064E+01  0.3776E+01
  -7.491  0.1070E+01  0.3786E+01
  -7.481  0.1076E+01  0.3797E+01
  -7.471  0.1081E+01  0.3808E+01
  -7.461  0.1086E+01  0.3819E+01
  -7.451  0.1090E+01  0.3830E+01
  -7.441  0.1093E+01  0.3841E+01
  -7.431  0.1094E+01  0.3852E+01
  -7.421  0.1092E+01  0.3863E+01
  -7.411  0.1089E+01  0.3873E+01
  -7.401  0.1083E+01  0.3884E+01
  -7.391  0.1075E+01  0.3895E+01
  -7.381  0.1064E+01  0.3906E+01
  -7.371  0.1051E+01  0.3916E+01
  -7.361  0.1036E+01  0.3927E+01
  -7.351  0.1019E+01  0.3937E+01
  -7.341  0.1002E+01  0.3947E+01
  -7.331  0.9842E+00  0.3957E+01
  -7.321  0.9668E+00  0.3966E+01
  -7.311  0.9505E+00  0.3976E+01
  -7.301  0.9361E+00  0.3985E+01
  -7.291  0.9242E+00  0.3994E+01
  -7.281  0.9154E+00  0.4004E+01
  -7.271  0.9102E+00  0.4013E+01
  -7.261  0.9090E+00  0.4022E+01
  -7.251  0.9121E+00  0.4031E+01
  -7.241  0.9196E+00  0.4040E+01
  -7.231  0.9316E+00  0.4049E+01
  -7.221  0.9478E+00  0.4059E+01
  -7.211  0.9680E+00  0.4069E+01
  -7.201  0.9919E+00  0.4078E+01
  -7.191  0.1019E+01  0.4089E+01
  -7.181  0.1049E+01  0.4099E+01
  -7.171  0.1081E+01  0.4110E+01
  -7.161  0.1115E+01  0.4121E+01
  -7.151  0.1150E+01  0.4133E+01
  -7.141  0.1185E+01  0.4144E+01
  -7.131  0.1219E+01  0.4157E+01
  -7.121  0.1252E+01  0.4169E+01
  -7.111  0.1284E+01  0.4182E+01
  -7.101  0.1313E+01  0.4195E+01
  -7.091  0.1339E+01  0.4209E+01
  -7.081  0.1362E+01  0.4222E+01
  -7.071  0.1380E+01  0.4236E+01
  -7.061  0.1394E+01  0.4250E+01
  -7.051  0.1403E+01  0.4264E+01
  -7.041  0.1407E+01  0.4278E+01
  -7.031  0.1406E+01  0.4292E+01
  -7.021  0.1400E+01  0.4306E+01
  -7.011  0.1389E+01  0.4320E+01
  -7.001  0.1373E+01  0.4334E+01
  -6.991  0.1354E+01  0.4347E+01
  -6.981  0.1330E+01  0.4361E+01
  -6.971  0.1304E+01  0.4374E+01
  -6.961  0.1276E+01  0.4386E+01
  -6.951  0.1246E+01  0.4399E+01
  -6.941  0.1216E+01  0.4411E+01
  -6.931  0.1186E+01  0.4423E+01
  -6.921  0.1157E+01  0.4434E+01
  -6.911  0.1130E+01  0.4446E+01
  -6.901  0.1104E+01  0.4457E+01
  -6.891  0.1082E+01  0.4468E+01
  -6.881  0.1062E+01  0.4478E+01
  -6.871  0.1046E+01  0.4489E+01
  -6.861  0.1034E+01  0.4499E+01
  -6.851  0.1025E+01  0.4509E+01
  -6.841  0.1020E+01  0.4519E+01
  -6.831  0.1019E+01  0.4530E+01
  -6.821  0.1022E+01  0.4540E+01
  -6.811  0.1028E+01  0.4550E+01
  -6.801  0.1038E+01  0.4561E+01
  -6.791  0.1052E+01  0.4571E+01
  -6.781  0.1068E+01  0.4582E+01
  -6.771  0.1088E+01  0.4593E+01
  -6.761  0.1111E+01  0.4604E+01
  -6.751  0.1136E+01  0.4615E+01
  -6.741  0.1164E+01  0.4627E+01
  -6.731  0.1193E+01  0.4639E+01
  -6.721  0.1223E+01  0.4651E+01
  -6.711  0.1254E+01  0.4663E+01
  -6.701  0.1284E+01  0.4676E+01
  -6.691  0.1314E+01  0.4689E+01
  -6.681  0.1341E+01  0.4703E+01
  -6.671  0.1367E+01  0.4716E+01
  -6.661  0.1388E+01  0.4730E+01
  -6.651  0.1406E+01  0.4744E+01
  -6.641  0.1419E+01  0.4759E+01
  -6.631  0.1427E+01  0.4773E+01
  -6.621  0.1429E+01  0.4787E+01
  -6.611  0.1426E+01  0.4801E+01
  -6.601  0.1418E+01  0.4816E+01
  -6.591  0.1404E+01  0.4830E+01
  -6.581  0.1385E+01  0.4843E+01
  -6.571  0.1362E+01  0.4857E+01
  -6.561  0.1336E+01  0.4870E+01
  -6.551  0.1307E+01  0.4884E+01
  -6.541  0.1276E+01  0.4896E+01
  -6.531  0.1244E+01  0.4909E+01
  -6.521  0.1212E+01  0.4921E+01
  -6.511  0.1180E+01  0.4933E+01
  -6.501  0.1150E+01  0.4944E+01
  -6.491  0.1123E+01  0.4955E+01
  -6.481  0.1097E+01  0.4966E+01
  -6.471  0.1075E+01  0.4977E+01
  -6.461  0.1056E+01  0.4988E+01
  -6.451  0.1041E+01  0.4998E+01
  -6.441  0.1030E+01  0.5008E+01
  -6.431  0.1023E+01  0.5019E+01
  -6.421  0.1019E+01  0.5029E+01
  -6.411  0.1020E+01  0.5039E+01
  -6.401  0.1023E+01  0.5049E+01
  -6.391  0.1031E+01  0.5060E+01
  -6.381  0.1041E+01  0.5070E+01
  -6.371  0.1054E+01  0.5080E+01
  -6.361  0.1069E+01  0.5091E+01
  -6.351  0.1087E+01  0.5102E+01
  -6.341  0.1106E+01  0.5113E+01
  -6.331  0.1127E+01  0.5124E+01
  -6.321  0.1148E+01  0.5136E+01
  -6.311  0.1170E+01  0.5148E+01
  -6.301  0.1192E+01  0.5159E+01
  -6.291  0.1213E+01  0.5172E+01
  -6.281  0.1234E+01  0.5184E+01
  -6.271  0.1253E+01  0.5196E+01
  -6.261  0.1270E+01  0.5209E+01
  -6.251  0.1285E+01  0.5222E+01
  -6.241  0.1298E+01  0.5235E+01
  -6.231  0.1308E+01  0.5248E+01
  -6.221  0.1315E+01  0.5261E+01
  -6.211  0.1319E+01  0.5274E+01
  -6.201  0.1321E+01  0.5288E+01
  -6.191  0.1319E+01  0.5301E+01
  -6.181  0.1315E+01  0.5314E+01
  -6.171  0.1308E+01  0.5327E+01
  -6.161  0.1299E+01  0.5340E+01
  -6.151  0.1289E+01  0.5353E+01
  -6.141  0.1277E+01  0.5366E+01
  -6.131  0.1264E+01  0.5378E+01
  -6.121  0.1251E+01  0.5391E+01
  -6.111  0.1238E+01  0.5403E+01
  -6.101  0.1226E+01  0.5416E+01
  -6.091  0.1214E+01  0.5428E+01
  -6.081  0.1204E+01  0.5440E+01
  -6.071  0.1194E+01  0.5452E+01
  -6.061  0.1187E+01  0.5463E+01
  -6.051  0.1180E+01  0.5475E+01
  -6.041  0.1175E+01  0.5487E+01
  -6.031  0.1172E+01  0.5499E+01
  -6.021  0.1169E+01  0.5510E+01
  -6.011  0.1168E+01  0.5522E+01
  -6.001  0.1166E+01  0.5534E+01
  -5.991  0.1166E+01  0.5545E+01
  -5.981  0.1165E+01  0.5557E+01
  -5.971  0.1164E+01  0.5569E+01
  -5.961  0.1164E+01  0.5580E+01
  -5.951  0.1162E+01  0.5592E+01
  -5.941  0.1161E+01  0.5604E+01
  -5.931  0.1159E+01  0.5615E+01
  -5.921  0.1156E+01  0.5627E+01
  -5.911  0.1154E+01  0.5638E+01
  -5.901  0.1152E+01  0.5650E+01
  -5.891  0.1151E+01  0.5661E+01
  -5.881  0.1150E+01  0.5673E+01
  -5.871  0.1150E+01  0.5684E+01
  -5.861  0.1151E+01  0.5696E+01
  -5.851  0.1154E+01  0.5707E+01
  -5.841  0.1158E+01  0.5719E+01
  -5.831  0.1163E+01  0.5731E+01
  -5.821  0.1171E+01  0.5742E+01
  -5.811  0.1180E+01  0.5754E+01
  -5.801  0.1190E+01  0.5766E+01
  -5.791  0.1202E+01  0.5778E+01
  -5.781  0.1214E+01  0.5790E+01
  -5.771  0.1227E+01  0.5802E+01
  -5.761  0.1241E+01  0.5815E+01
  -5.751  0.1254E+01  0.5827E+01
  -5.741  0.1266E+01  0.5840E+01
  -5.731  0.1278E+01  0.5853E+01
  -5.721  0.1288E+01  0.5866E+01
  -5.711  0.1297E+01  0.5879E+01
  -5.701  0.1303E+01  0.5892E+01
  -5.691  0.1308E+01  0.5905E+01
  -5.681  0.1310E+01  0.5918E+01
  -5.671  0.1309E+01  0.5931E+01
  -5.661  0.1306E+01  0.5944E+01
  -5.651  0.1301E+01  0.5957E+01
  -5.641  0.1293E+01  0.5970E+01
  -5.631  0.1284E+01  0.5983E+01
  -5.621  0.1272E+01  0.5996E+01
  -5.611  0.1259E+01  0.6008E+01
  -5.601  0.1245E+01  0.6021E+01
  -5.591  0.1230E+01  0.6033E+01
  -5.581  0.1215E+01  0.6045E+01
  -5.571  0.1200E+01  0.6057E+01
  -5.561  0.1185E+01  0.6069E+01
  -5.551  0.1171E+01  0.6081E+01
  -5.541  0.1157E+01  0.6092E+01
  -5.531  0.1145E+01  0.6104E+01
  -5.521  0.1135E+01  0.6115E+01
  -5.511  0.1126E+01  0.6126E+01
  -5.501  0.1119E+01  0.6137E+01
  -5.491  0.1113E+01  0.6149E+01
  -5.481  0.1110E+01  0.6160E+01
  -5.471  0.1108E+01  0.6171E+01
  -5.461  0.1108E+01  0.6182E+01
  -5.451  0.1110E+01  0.6193E+01
  -5.441  0.1113E+01  0.6204E+01
  -5.431  0.1118E+01  0.6215E+01
  -5.421  0.1124E+01  0.6226E+01
  -5.411  0.1132E+01  0.6238E+01
  -5.401  0.1140E+01  0.6249E+01
  -5.391  0.1150E+01  0.6261E+01
  -5.381  0.1160E+01  0.6272E+01
  -5.371  0.1171E+01  0.6284E+01
  -5.361  0.1182E+01  0.6296E+01
  -5.351  0.1194E+01  0.6308E+01
  -5.341  0.1205E+01  0.6320E+01
  -5.331  0.1217E+01  0.6332E+01
  -5.321  0.1228E+01  0.6344E+01
  -5.311  0.1239E+01  0.6357E+01
  -5.301  0.1250E+01  0.6369E+01
  -5.291  0.1260E+01  0.6382E+01
  -5.281  0.1269E+01  0.6394E+01
  -5.271  0.1277E+01  0.6407E+01
  -5.261  0.1285E+01  0.6420E+01
  -5.251  0.1291E+01  0.6433E+01
  -5.241  0.1295E+01  0.6446E+01
  -5.231  0.1297E+01  0.6459E+01
  -5.221  0.1298E+01  0.6472E+01
  -5.211  0.1296E+01  0.6485E+01
  -5.201  0.1292E+01  0.6498E+01
  -5.191  0.1285E+01  0.6511E+01
  -5.181  0.1275E+01  0.6523E+01
  -5.171  0.1263E+01  0.6536E+01
  -5.161  0.1247E+01  0.6548E+01
  -5.151  0.1228E+01  0.6561E+01
  -5.141  0.1207E+01  0.6573E+01
  -5.131  0.1183E+01  0.6585E+01
  -5.121  0.1158E+01  0.6596E+01
  -5.111  0.1130E+01  0.6607E+01
  -5.101  0.1103E+01  0.6619E+01
  -5.091  0.1075E+01  0.6629E+01
  -5.081  0.1047E+01  0.6640E+01
  -5.071  0.1022E+01  0.6650E+01
  -5.061  0.9984E+00  0.6660E+01
  -5.051  0.9782E+00  0.6670E+01
  -5.041  0.9618E+00  0.6679E+01
  -5.031  0.9499E+00  0.6689E+01
  -5.021  0.9429E+00  0.6698E+01
  -5.011  0.9411E+00  0.6708E+01
  -5.001  0.9447E+00  0.6717E+01
  -4.991  0.9536E+00  0.6727E+01
  -4.981  0.9676E+00  0.6736E+01
  -4.971  0.9862E+00  0.6746E+01
  -4.961  0.1009E+01  0.6756E+01
  -4.951  0.1035E+01  0.6767E+01
  -4.941  0.1063E+01  0.6777E+01
  -4.931  0.1093E+01  0.6788E+01
  -4.921  0.1123E+01  0.6799E+01
  -4.911  0.1152E+01  0.6811E+01
  -4.901  0.1180E+01  0.6823E+01
  -4.891  0.1206E+01  0.6835E+01
  -4.881  0.1228E+01  0.6847E+01
  -4.871  0.1246E+01  0.6860E+01
  -4.861  0.1260E+01  0.6872E+01
  -4.851  0.1270E+01  0.6885E+01
  -4.841  0.1275E+01  0.6898E+01
  -4.831  0.1277E+01  0.6910E+01
  -4.821  0.1274E+01  0.6923E+01
  -4.811  0.1268E+01  0.6936E+01
  -4.801  0.1259E+01  0.6948E+01
  -4.791  0.1249E+01  0.6961E+01
  -4.781  0.1238E+01  0.6973E+01
  -4.771  0.1227E+01  0.6986E+01
  -4.761  0.1216E+01  0.6998E+01
  -4.751  0.1208E+01  0.7010E+01
  -4.741  0.1202E+01  0.7022E+01
  -4.731  0.1198E+01  0.7034E+01
  -4.721  0.1198E+01  0.7046E+01
  -4.711  0.1201E+01  0.7058E+01
  -4.701  0.1208E+01  0.7070E+01
  -4.691  0.1218E+01  0.7082E+01
  -4.681  0.1230E+01  0.7094E+01
  -4.671  0.1244E+01  0.7107E+01
  -4.661  0.1260E+01  0.7119E+01
  -4.651  0.1276E+01  0.7132E+01
  -4.641  0.1291E+01  0.7145E+01
  -4.631  0.1305E+01  0.7158E+01
  -4.621  0.1317E+01  0.7171E+01
  -4.611  0.1325E+01  0.7184E+01
  -4.601  0.1330E+01  0.7198E+01
  -4.591  0.1330E+01  0.7211E+01
  -4.581  0.1326E+01  0.7224E+01
  -4.571  0.1318E+01  0.7238E+01
  -4.561  0.1304E+01  0.7251E+01
  -4.551  0.1287E+01  0.7263E+01
  -4.541  0.1266E+01  0.7276E+01
  -4.531  0.1242E+01  0.7289E+01
  -4.521  0.1216E+01  0.7301E+01
  -4.511  0.1188E+01  0.7313E+01
  -4.501  0.1160E+01  0.7324E+01
  -4.491  0.1133E+01  0.7335E+01
  -4.481  0.1106E+01  0.7347E+01
  -4.471  0.1082E+01  0.7357E+01
  -4.461  0.1060E+01  0.7368E+01
  -4.451  0.1040E+01  0.7378E+01
  -4.441  0.1024E+01  0.7389E+01
  -4.431  0.1011E+01  0.7399E+01
  -4.421  0.1000E+01  0.7409E+01
  -4.411  0.9924E+00  0.7419E+01
  -4.401  0.9871E+00  0.7428E+01
  -4.391  0.9838E+00  0.7438E+01
  -4.381  0.9820E+00  0.7448E+01
  -4.371  0.9814E+00  0.7458E+01
  -4.361  0.9815E+00  0.7468E+01
  -4.351  0.9819E+00  0.7478E+01
  -4.341  0.9824E+00  0.7487E+01
  -4.331  0.9828E+00  0.7497E+01
  -4.321  0.9829E+00  0.7507E+01
  -4.311  0.9826E+00  0.7517E+01
  -4.301  0.9821E+00  0.7527E+01
  -4.291  0.9813E+00  0.7537E+01
  -4.281  0.9806E+00  0.7546E+01
  -4.271  0.9799E+00  0.7556E+01
  -4.261  0.9796E+00  0.7566E+01
  -4.251  0.9799E+00  0.7576E+01
  -4.241  0.9810E+00  0.7586E+01
  -4.231  0.9832E+00  0.7595E+01
  -4.221  0.9865E+00  0.7605E+01
  -4.211  0.9911E+00  0.7615E+01
  -4.201  0.9971E+00  0.7625E+01
  -4.191  0.1005E+01  0.7635E+01
  -4.181  0.1014E+01  0.7645E+01
  -4.171  0.1024E+01  0.7656E+01
  -4.161  0.1036E+01  0.7666E+01
  -4.151  0.1049E+01  0.7676E+01
  -4.141  0.1063E+01  0.7687E+01
  -4.131  0.1078E+01  0.7698E+01
  -4.121  0.1093E+01  0.7709E+01
  -4.111  0.1109E+01  0.7720E+01
  -4.101  0.1124E+01  0.7731E+01
  -4.091  0.1140E+01  0.7742E+01
  -4.081  0.1154E+01  0.7754E+01
  -4.071  0.1168E+01  0.7766E+01
  -4.061  0.1181E+01  0.7777E+01
  -4.051  0.1192E+01  0.7789E+01
  -4.041  0.1202E+01  0.7801E+01
  -4.031  0.1210E+01  0.7814E+01
  -4.021  0.1216E+01  0.7826E+01
  -4.011  0.1219E+01  0.7838E+01
  -4.001  0.1221E+01  0.7850E+01
  -3.991  0.1220E+01  0.7862E+01
  -3.981  0.1216E+01  0.7874E+01
  -3.971  0.1211E+01  0.7887E+01
  -3.961  0.1203E+01  0.7899E+01
  -3.951  0.1193E+01  0.7911E+01
  -3.941  0.1181E+01  0.7922E+01
  -3.931  0.1168E+01  0.7934E+01
  -3.921  0.1154E+01  0.7946E+01
  -3.911  0.1139E+01  0.7957E+01
  -3.901  0.1123E+01  0.7968E+01
  -3.891  0.1107E+01  0.7979E+01
  -3.881  0.1092E+01  0.7990E+01
  -3.871  0.1078E+01  0.8001E+01
  -3.861  0.1065E+01  0.8012E+01
  -3.851  0.1054E+01  0.8022E+01
  -3.841  0.1045E+01  0.8033E+01
  -3.831  0.1039E+01  0.8043E+01
  -3.821  0.1035E+01  0.8053E+01
  -3.811  0.1034E+01  0.8064E+01
  -3.801  0.1035E+01  0.8074E+01
  -3.791  0.1040E+01  0.8084E+01
  -3.781  0.1047E+01  0.8095E+01
  -3.771  0.1057E+01  0.8105E+01
  -3.761  0.1070E+01  0.8116E+01
  -3.751  0.1084E+01  0.8127E+01
  -3.741  0.1101E+01  0.8138E+01
  -3.731  0.1119E+01  0.8149E+01
  -3.721  0.1138E+01  0.8161E+01
  -3.711  0.1158E+01  0.8172E+01
  -3.701  0.1179E+01  0.8184E+01
  -3.691  0.1200E+01  0.8196E+01
  -3.681  0.1220E+01  0.8208E+01
  -3.671  0.1240E+01  0.8221E+01
  -3.661  0.1259E+01  0.8233E+01
  -3.651  0.1276E+01  0.8246E+01
  -3.641  0.1291E+01  0.8259E+01
  -3.631  0.1304E+01  0.8272E+01
  -3.621  0.1314E+01  0.8285E+01
  -3.611  0.1322E+01  0.8298E+01
  -3.601  0.1326E+01  0.8311E+01
  -3.591  0.1326E+01  0.8325E+01
  -3.581  0.1323E+01  0.8338E+01
  -3.571  0.1317E+01  0.8351E+01
  -3.561  0.1307E+01  0.8364E+01
  -3.551  0.1294E+01  0.8377E+01
  -3.541  0.1278E+01  0.8390E+01
  -3.531  0.1260E+01  0.8403E+01
  -3.521  0.1240E+01  0.8415E+01
  -3.511  0.1218E+01  0.8427E+01
  -3.501  0.1194E+01  0.8439E+01
  -3.491  0.1171E+01  0.8451E+01
  -3.481  0.1147E+01  0.8462E+01
  -3.471  0.1124E+01  0.8473E+01
  -3.461  0.1101E+01  0.8484E+01
  -3.451  0.1080E+01  0.8495E+01
  -3.441  0.1060E+01  0.8506E+01
  -3.431  0.1041E+01  0.8516E+01
  -3.421  0.1025E+01  0.8527E+01
  -3.411  0.1010E+01  0.8537E+01
  -3.401  0.9973E+00  0.8547E+01
  -3.391  0.9862E+00  0.8556E+01
  -3.381  0.9770E+00  0.8566E+01
  -3.371  0.9693E+00  0.8576E+01
  -3.361  0.9631E+00  0.8586E+01
  -3.351  0.9582E+00  0.8595E+01
  -3.341  0.9546E+00  0.8605E+01
  -3.331  0.9521E+00  0.8614E+01
  -3.321  0.9506E+00  0.8624E+01
  -3.311  0.9501E+00  0.8633E+01
  -3.301  0.9504E+00  0.8643E+01
  -3.291  0.9515E+00  0.8652E+01
  -3.281  0.9533E+00  0.8662E+01
  -3.271  0.9559E+00  0.8671E+01
  -3.261  0.9592E+00  0.8681E+01
  -3.251  0.9633E+00  0.8691E+01
  -3.241  0.9679E+00  0.8700E+01
  -3.231  0.9732E+00  0.8710E+01
  -3.221  0.9791E+00  0.8720E+01
  -3.211  0.9855E+00  0.8730E+01
  -3.201  0.9923E+00  0.8740E+01
  -3.191  0.9994E+00  0.8749E+01
  -3.181  0.1007E+01  0.8760E+01
  -3.171  0.1014E+01  0.8770E+01
  -3.161  0.1021E+01  0.8780E+01
  -3.151  0.1028E+01  0.8790E+01
  -3.141  0.1035E+01  0.8801E+01
  -3.131  0.1040E+01  0.8811E+01
  -3.121  0.1045E+01  0.8821E+01
  -3.111  0.1049E+01  0.8832E+01
  -3.101  0.1052E+01  0.8842E+01
  -3.091  0.1054E+01  0.8853E+01
  -3.081  0.1054E+01  0.8863E+01
  -3.071  0.1054E+01  0.8874E+01
  -3.061  0.1052E+01  0.8885E+01
  -3.051  0.1050E+01  0.8895E+01
  -3.041  0.1046E+01  0.8906E+01
  -3.031  0.1041E+01  0.8916E+01
  -3.021  0.1036E+01  0.8926E+01
  -3.011  0.1029E+01  0.8937E+01
  -3.001  0.1022E+01  0.8947E+01
  -2.991  0.1015E+01  0.8957E+01
  -2.981  0.1007E+01  0.8967E+01
  -2.971  0.9986E+00  0.8977E+01
  -2.961  0.9900E+00  0.8987E+01
  -2.951  0.9811E+00  0.8997E+01
  -2.941  0.9723E+00  0.9006E+01
  -2.931  0.9635E+00  0.9016E+01
  -2.921  0.9551E+00  0.9026E+01
  -2.911  0.9473E+00  0.9035E+01
  -2.901  0.9402E+00  0.9045E+01
  -2.891  0.9343E+00  0.9054E+01
  -2.881  0.9297E+00  0.9063E+01
  -2.871  0.9267E+00  0.9072E+01
  -2.861  0.9255E+00  0.9082E+01
  -2.851  0.9263E+00  0.9091E+01
  -2.841  0.9292E+00  0.9100E+01
  -2.831  0.9343E+00  0.9110E+01
  -2.821  0.9416E+00  0.9119E+01
  -2.811  0.9509E+00  0.9128E+01
  -2.801  0.9621E+00  0.9138E+01
  -2.791  0.9749E+00  0.9148E+01
  -2.781  0.9890E+00  0.9158E+01
  -2.771  0.1004E+01  0.9168E+01
  -2.761  0.1019E+01  0.9178E+01
  -2.751  0.1035E+01  0.9188E+01
  -2.741  0.1050E+01  0.9199E+01
  -2.731  0.1064E+01  0.9209E+01
  -2.721  0.1077E+01  0.9220E+01
  -2.711  0.1088E+01  0.9231E+01
  -2.701  0.1097E+01  0.9242E+01
  -2.691  0.1103E+01  0.9253E+01
  -2.681  0.1108E+01  0.9264E+01
  -2.671  0.1110E+01  0.9275E+01
  -2.661  0.1109E+01  0.9286E+01
  -2.651  0.1106E+01  0.9297E+01
  -2.641  0.1101E+01  0.9308E+01
  -2.631  0.1094E+01  0.9319E+01
  -2.621  0.1086E+01  0.9330E+01
  -2.611  0.1076E+01  0.9341E+01
  -2.601  0.1065E+01  0.9352E+01
  -2.591  0.1054E+01  0.9362E+01
  -2.581  0.1043E+01  0.9373E+01
  -2.571  0.1032E+01  0.9383E+01
  -2.561  0.1021E+01  0.9393E+01
  -2.551  0.1012E+01  0.9403E+01
  -2.541  0.1003E+01  0.9413E+01
  -2.531  0.9951E+00  0.9423E+01
  -2.521  0.9884E+00  0.9433E+01
  -2.511  0.9827E+00  0.9443E+01
  -2.501  0.9780E+00  0.9453E+01
  -2.491  0.9739E+00  0.9462E+01
  -2.481  0.9704E+00  0.9472E+01
  -2.471  0.9671E+00  0.9482E+01
  -2.461  0.9639E+00  0.9491E+01
  -2.451  0.9603E+00  0.9501E+01
  -2.441  0.9562E+00  0.9511E+01
  -2.431  0.9514E+00  0.9520E+01
  -2.421  0.9455E+00  0.9530E+01
  -2.411  0.9385E+00  0.9539E+01
  -2.401  0.9302E+00  0.9548E+01
  -2.391  0.9206E+00  0.9558E+01
  -2.381  0.9097E+00  0.9567E+01
  -2.371  0.8976E+00  0.9576E+01
  -2.361  0.8845E+00  0.9584E+01
  -2.351  0.8707E+00  0.9593E+01
  -2.341  0.8563E+00  0.9602E+01
  -2.331  0.8419E+00  0.9610E+01
  -2.321  0.8278E+00  0.9618E+01
  -2.311  0.8144E+00  0.9627E+01
  -2.301  0.8023E+00  0.9635E+01
  -2.291  0.7919E+00  0.9642E+01
  -2.281  0.7837E+00  0.9650E+01
  -2.271  0.7782E+00  0.9658E+01
  -2.261  0.7756E+00  0.9666E+01
  -2.251  0.7764E+00  0.9674E+01
  -2.241  0.7807E+00  0.9681E+01
  -2.231  0.7888E+00  0.9689E+01
  -2.221  0.8005E+00  0.9697E+01
  -2.211  0.8159E+00  0.9705E+01
  -2.201  0.8347E+00  0.9714E+01
  -2.191  0.8566E+00  0.9722E+01
  -2.181  0.8811E+00  0.9731E+01
  -2.171  0.9079E+00  0.9740E+01
  -2.161  0.9362E+00  0.9750E+01
  -2.151  0.9654E+00  0.9759E+01
  -2.141  0.9948E+00  0.9769E+01
  -2.131  0.1024E+01  0.9779E+01
  -2.121  0.1051E+01  0.9790E+01
  -2.111  0.1077E+01  0.9801E+01
  -2.101  0.1100E+01  0.9812E+01
  -2.091  0.1121E+01  0.9823E+01
  -2.081  0.1138E+01  0.9834E+01
  -2.071  0.1151E+01  0.9846E+01
  -2.061  0.1160E+01  0.9857E+01
  -2.051  0.1165E+01  0.9869E+01
  -2.041  0.1166E+01  0.9881E+01
  -2.031  0.1163E+01  0.9892E+01
  -2.021  0.1157E+01  0.9904E+01
  -2.011  0.1148E+01  0.9915E+01
  -2.001  0.1136E+01  0.9927E+01
  -1.991  0.1122E+01  0.9938E+01
  -1.981  0.1107E+01  0.9949E+01
  -1.971  0.1091E+01  0.9960E+01
  -1.961  0.1075E+01  0.9971E+01
  -1.951  0.1059E+01  0.9981E+01
  -1.941  0.1045E+01  0.9992E+01
  -1.931  0.1031E+01  0.1000E+02
  -1.921  0.1019E+01  0.1001E+02
  -1.911  0.1008E+01  0.1002E+02
  -1.901  0.9995E+00  0.1003E+02
  -1.891  0.9927E+00  0.1004E+02
  -1.881  0.9878E+00  0.1005E+02
  -1.871  0.9847E+00  0.1006E+02
  -1.861  0.9833E+00  0.1007E+02
  -1.851  0.9833E+00  0.1008E+02
  -1.841  0.9846E+00  0.1009E+02
  -1.831  0.9871E+00  0.1010E+02
  -1.821  0.9905E+00  0.1011E+02
  -1.811  0.9948E+00  0.1012E+02
  -1.801  0.9998E+00  0.1013E+02
  -1.791  0.1005E+01  0.1014E+02
  -1.781  0.1011E+01  0.1015E+02
  -1.771  0.1017E+01  0.1016E+02
  -1.761  0.1024E+01  0.1017E+02
  -1.751  0.1030E+01  0.1018E+02
  -1.741  0.1037E+01  0.1019E+02
  -1.731  0.1043E+01  0.1020E+02
  -1.721  0.1048E+01  0.1021E+02
  -1.711  0.1053E+01  0.1022E+02
  -1.701  0.1056E+01  0.1023E+02
  -1.691  0.1059E+01  0.1025E+02
  -1.681  0.1060E+01  0.1026E+02
  -1.671  0.1060E+01  0.1027E+02
  -1.661  0.1059E+01  0.1028E+02
  -1.651  0.1057E+01  0.1029E+02
  -1.641  0.1054E+01  0.1030E+02
  -1.631  0.1050E+01  0.1031E+02
  -1.621  0.1046E+01  0.1032E+02
  -1.611  0.1042E+01  0.1033E+02
  -1.601  0.1040E+01  0.1034E+02
  -1.591  0.1038E+01  0.1035E+02
  -1.581  0.1040E+01  0.1036E+02
  -1.571  0.1043E+01  0.1037E+02
  -1.561  0.1050E+01  0.1038E+02
  -1.551  0.1060E+01  0.1039E+02
  -1.541  0.1073E+01  0.1040E+02
  -1.531  0.1090E+01  0.1041E+02
  -1.521  0.1110E+01  0.1042E+02
  -1.511  0.1133E+01  0.1044E+02
  -1.501  0.1158E+01  0.1045E+02
  -1.491  0.1184E+01  0.1046E+02
  -1.481  0.1210E+01  0.1047E+02
  -1.471  0.1237E+01  0.1048E+02
  -1.461  0.1262E+01  0.1050E+02
  -1.451  0.1285E+01  0.1051E+02
  -1.441  0.1306E+01  0.1052E+02
  -1.431  0.1323E+01  0.1054E+02
  -1.421  0.1336E+01  0.1055E+02
  -1.411  0.1344E+01  0.1056E+02
  -1.401  0.1348E+01  0.1058E+02
  -1.391  0.1347E+01  0.1059E+02
  -1.381  0.1341E+01  0.1060E+02
  -1.371  0.1331E+01  0.1062E+02
  -1.361  0.1317E+01  0.1063E+02
  -1.351  0.1299E+01  0.1064E+02
  -1.341  0.1277E+01  0.1066E+02
  -1.331  0.1252E+01  0.1067E+02
  -1.321  0.1225E+01  0.1068E+02
  -1.311  0.1196E+01  0.1069E+02
  -1.301  0.1165E+01  0.1070E+02
  -1.291  0.1133E+01  0.1071E+02
  -1.281  0.1100E+01  0.1073E+02
  -1.271  0.1066E+01  0.1074E+02
  -1.261  0.1033E+01  0.1075E+02
  -1.251  0.1001E+01  0.1076E+02
  -1.241  0.9691E+00  0.1077E+02
  -1.231  0.9388E+00  0.1078E+02
  -1.221  0.9101E+00  0.1079E+02
  -1.211  0.8835E+00  0.1079E+02
  -1.201  0.8592E+00  0.1080E+02
  -1.191  0.8377E+00  0.1081E+02
  -1.181  0.8192E+00  0.1082E+02
  -1.171  0.8039E+00  0.1083E+02
  -1.161  0.7920E+00  0.1084E+02
  -1.151  0.7835E+00  0.1084E+02
  -1.141  0.7786E+00  0.1085E+02
  -1.131  0.7771E+00  0.1086E+02
  -1.121  0.7789E+00  0.1087E+02
  -1.111  0.7838E+00  0.1087E+02
  -1.101  0.7915E+00  0.1088E+02
  -1.091  0.8017E+00  0.1089E+02
  -1.081  0.8140E+00  0.1090E+02
  -1.071  0.8279E+00  0.1091E+02
  -1.061  0.8430E+00  0.1091E+02
  -1.051  0.8589E+00  0.1092E+02
  -1.041  0.8752E+00  0.1093E+02
  -1.031  0.8914E+00  0.1094E+02
  -1.021  0.9074E+00  0.1095E+02
  -1.011  0.9229E+00  0.1096E+02
  -1.001  0.9377E+00  0.1097E+02
  -0.991  0.9519E+00  0.1098E+02
  -0.981  0.9655E+00  0.1099E+02
  -0.971  0.9787E+00  0.1100E+02
  -0.961  0.9918E+00  0.1101E+02
  -0.951  0.1005E+01  0.1102E+02
  -0.941  0.1019E+01  0.1103E+02
  -0.931  0.1033E+01  0.1104E+02
  -0.921  0.1049E+01  0.1105E+02
  -0.911  0.1066E+01  0.1106E+02
  -0.901  0.1085E+01  0.1107E+02
  -0.891  0.1105E+01  0.1108E+02
  -0.881  0.1128E+01  0.1109E+02
  -0.871  0.1152E+01  0.1110E+02
  -0.861  0.1177E+01  0.1112E+02
  -0.851  0.1204E+01  0.1113E+02
  -0.841  0.1231E+01  0.1114E+02
  -0.831  0.1258E+01  0.1115E+02
  -0.821  0.1285E+01  0.1117E+02
  -0.811  0.1311E+01  0.1118E+02
  -0.801  0.1335E+01  0.1119E+02
  -0.791  0.1356E+01  0.1121E+02
  -0.781  0.1374E+01  0.1122E+02
  -0.771  0.1389E+01  0.1123E+02
  -0.761  0.1400E+01  0.1125E+02
  -0.751  0.1407E+01  0.1126E+02
  -0.741  0.1410E+01  0.1128E+02
  -0.731  0.1409E+01  0.1129E+02
  -0.721  0.1403E+01  0.1130E+02
  -0.711  0.1393E+01  0.1132E+02
  -0.701  0.1379E+01  0.1133E+02
  -0.691  0.1362E+01  0.1134E+02
  -0.681  0.1342E+01  0.1136E+02
  -0.671  0.1319E+01  0.1137E+02
  -0.661  0.1294E+01  0.1138E+02
  -0.651  0.1268E+01  0.1140E+02
  -0.641  0.1240E+01  0.1141E+02
  -0.631  0.1212E+01  0.1142E+02
  -0.621  0.1184E+01  0.1143E+02
  -0.611  0.1157E+01  0.1145E+02
  -0.601  0.1130E+01  0.1146E+02
  -0.591  0.1105E+01  0.1147E+02
  -0.581  0.1082E+01  0.1148E+02
  -0.571  0.1061E+01  0.1149E+02
  -0.561  0.1043E+01  0.1150E+02
  -0.551  0.1028E+01  0.1151E+02
  -0.541  0.1015E+01  0.1152E+02
  -0.531  0.1005E+01  0.1153E+02
  -0.521  0.9985E+00  0.1154E+02
  -0.511  0.9944E+00  0.1155E+02
  -0.501  0.9929E+00  0.1156E+02
  -0.491  0.9936E+00  0.1157E+02
  -0.481  0.9961E+00  0.1158E+02
  -0.471  0.9999E+00  0.1159E+02
  -0.461  0.1005E+01  0.1160E+02
  -0.451  0.1010E+01  0.1161E+02
  -0.441  0.1014E+01  0.1162E+02
  -0.431  0.1019E+01  0.1163E+02
  -0.421  0.1022E+01  0.1164E+02
  -0.411  0.1023E+01  0.1165E+02
  -0.401  0.1023E+01  0.1166E+02
  -0.391  0.1020E+01  0.1167E+02
  -0.381  0.1015E+01  0.1168E+02
  -0.371  0.1008E+01  0.1169E+02
  -0.361  0.9984E+00  0.1170E+02
  -0.351  0.9867E+00  0.1171E+02
  -0.341  0.9732E+00  0.1172E+02
  -0.331  0.9580E+00  0.1173E+02
  -0.321  0.9415E+00  0.1174E+02
  -0.311  0.9240E+00  0.1175E+02
  -0.301  0.9061E+00  0.1176E+02
  -0.291  0.8880E+00  0.1177E+02
  -0.281  0.8703E+00  0.1178E+02
  -0.271  0.8532E+00  0.1178E+02
  -0.261  0.8371E+00  0.1179E+02
  -0.251  0.8223E+00  0.1180E+02
  -0.241  0.8091E+00  0.1181E+02
  -0.231  0.7976E+00  0.1182E+02
  -0.221  0.7879E+00  0.1182E+02
  -0.211  0.7801E+00  0.1183E+02
  -0.201  0.7741E+00  0.1184E+02
  -0.191  0.7699E+00  0.1185E+02
  -0.181  0.7671E+00  0.1186E+02
  -0.171  0.7656E+00  0.1186E+02
  -0.161  0.7651E+00  0.1187E+02
  -0.151  0.7652E+00  0.1188E+02
  -0.141  0.7655E+00  0.1189E+02
  -0.131  0.7656E+00  0.1189E+02
  -0.121  0.7652E+00  0.1190E+02
  -0.111  0.7639E+00  0.1191E+02
  -0.101  0.7613E+00  0.1192E+02
  -0.091  0.7571E+00  0.1192E+02
  -0.081  0.7512E+00  0.1193E+02
  -0.071  0.7434E+00  0.1194E+02
  -0.061  0.7337E+00  0.1195E+02
  -0.051  0.7221E+00  0.1195E+02
  -0.041  0.7087E+00  0.1196E+02
  -0.031  0.6938E+00  0.1197E+02
  -0.021  0.6777E+00  0.1197E+02
  -0.011  0.6607E+00  0.1198E+02
  -0.001  0.6432E+00  0.1199E+02
   0.009  0.6256E+00  0.1199E+02
   0.019  0.6085E+00  0.1200E+02
   0.029  0.5921E+00  0.1201E+02
   0.039  0.5769E+00  0.1201E+02
   0.049  0.5632E+00  0.1202E+02
   0.059  0.5515E+00  0.1202E+02
   0.069  0.5417E+00  0.1203E+02
   0.079  0.5343E+00  0.1203E+02
   0.089  0.5292E+00  0.1204E+02
   0.099  0.5265E+00  0.1204E+02
   0.109  0.5262E+00  0.1205E+02
   0.119  0.5281E+00  0.1205E+02
   0.129  0.5323E+00  0.1206E+02
   0.139  0.5383E+00  0.1207E+02
   0.149  0.5460E+00  0.1207E+02
   0.159  0.5552E+00  0.1208E+02
   0.169  0.5655E+00  0.1208E+02
   0.179  0.5765E+00  0.1209E+02
   0.189  0.5879E+00  0.1209E+02
   0.199  0.5993E+00  0.1210E+02
   0.209  0.6103E+00  0.1211E+02
   0.219  0.6205E+00  0.1211E+02
   0.229  0.6296E+00  0.1212E+02
   0.239  0.6371E+00  0.1212E+02
   0.249  0.6428E+00  0.1213E+02
   0.259  0.6465E+00  0.1214E+02
   0.269  0.6479E+00  0.1214E+02
   0.279  0.6471E+00  0.1215E+02
   0.289  0.6439E+00  0.1216E+02
   0.299  0.6385E+00  0.1216E+02
   0.309  0.6312E+00  0.1217E+02
   0.319  0.6223E+00  0.1218E+02
   0.329  0.6121E+00  0.1218E+02
   0.339  0.6013E+00  0.1219E+02
   0.349  0.5903E+00  0.1219E+02
   0.359  0.5796E+00  0.1220E+02
   0.369  0.5701E+00  0.1221E+02
   0.379  0.5620E+00  0.1221E+02
   0.389  0.5561E+00  0.1222E+02
   0.399  0.5526E+00  0.1222E+02
   0.409  0.5519E+00  0.1223E+02
   0.419  0.5543E+00  0.1223E+02
   0.429  0.5597E+00  0.1224E+02
   0.439  0.5681E+00  0.1224E+02
   0.449  0.5793E+00  0.1225E+02
   0.459  0.5928E+00  0.1226E+02
   0.469  0.6082E+00  0.1226E+02
   0.479  0.6250E+00  0.1227E+02
   0.489  0.6424E+00  0.1227E+02
   0.499  0.6598E+00  0.1228E+02
   0.509  0.6764E+00  0.1229E+02
   0.519  0.6916E+00  0.1230E+02
   0.529  0.7047E+00  0.1230E+02
   0.539  0.7152E+00  0.1231E+02
   0.549  0.7226E+00  0.1232E+02
   0.559  0.7265E+00  0.1232E+02
   0.569  0.7268E+00  0.1233E+02
   0.579  0.7234E+00  0.1234E+02
   0.589  0.7164E+00  0.1235E+02
   0.599  0.7061E+00  0.1235E+02
   0.609  0.6927E+00  0.1236E+02
   0.619  0.6767E+00  0.1237E+02
   0.629  0.6587E+00  0.1237E+02
   0.639  0.6394E+00  0.1238E+02
   0.649  0.6193E+00  0.1239E+02
   0.659  0.5991E+00  0.1239E+02
   0.669  0.5796E+00  0.1240E+02
   0.679  0.5612E+00  0.1240E+02
   0.689  0.5446E+00  0.1241E+02
   0.699  0.5302E+00  0.1241E+02
   0.709  0.5184E+00  0.1242E+02
   0.719  0.5094E+00  0.1242E+02
   0.729  0.5034E+00  0.1243E+02
   0.739  0.5003E+00  0.1243E+02
   0.749  0.4999E+00  0.1244E+02
   0.759  0.5022E+00  0.1244E+02
   0.769  0.5067E+00  0.1245E+02
   0.779  0.5131E+00  0.1245E+02
   0.789  0.5207E+00  0.1246E+02
   0.799  0.5292E+00  0.1246E+02
   0.809  0.5378E+00  0.1247E+02
   0.819  0.5460E+00  0.1248E+02
   0.829  0.5534E+00  0.1248E+02
   0.839  0.5593E+00  0.1249E+02
   0.849  0.5635E+00  0.1249E+02
   0.859  0.5655E+00  0.1250E+02
   0.869  0.5652E+00  0.1250E+02
   0.879  0.5626E+00  0.1251E+02
   0.889  0.5576E+00  0.1251E+02
   0.899  0.5505E+00  0.1252E+02
   0.909  0.5416E+00  0.1253E+02
   0.919  0.5313E+00  0.1253E+02
   0.929  0.5201E+00  0.1254E+02
   0.939  0.5086E+00  0.1254E+02
   0.949  0.4974E+00  0.1255E+02
   0.959  0.4871E+00  0.1255E+02
   0.969  0.4781E+00  0.1256E+02
   0.979  0.4710E+00  0.1256E+02
   0.989  0.4660E+00  0.1257E+02
   0.999  0.4633E+00  0.1257E+02
   1.009  0.4631E+00  0.1257E+02
   1.019  0.4653E+00  0.1258E+02
   1.029  0.4696E+00  0.1258E+02
   1.039  0.4755E+00  0.1259E+02
   1.049  0.4827E+00  0.1259E+02
   1.059  0.4905E+00  0.1260E+02
   1.069  0.4982E+00  0.1260E+02
   1.079  0.5052E+00  0.1261E+02
   1.089  0.5108E+00  0.1261E+02
   1.099  0.5143E+00  0.1262E+02
   1.109  0.5153E+00  0.1262E+02
   1.119  0.5131E+00  0.1263E+02
   1.129  0.5077E+00  0.1263E+02
   1.139  0.4988E+00  0.1264E+02
   1.149  0.4864E+00  0.1264E+02
   1.159  0.4707E+00  0.1265E+02
   1.169  0.4520E+00  0.1265E+02
   1.179  0.4307E+00  0.1266E+02
   1.189  0.4074E+00  0.1266E+02
   1.199  0.3826E+00  0.1267E+02
   1.209  0.3569E+00  0.1267E+02
   1.219  0.3310E+00  0.1267E+02
   1.229  0.3054E+00  0.1268E+02
   1.239  0.2808E+00  0.1268E+02
   1.249  0.2576E+00  0.1268E+02
   1.259  0.2363E+00  0.1268E+02
   1.269  0.2170E+00  0.1269E+02
   1.279  0.2000E+00  0.1269E+02
   1.289  0.1854E+00  0.1269E+02
   1.299  0.1732E+00  0.1269E+02
   1.309  0.1632E+00  0.1269E+02
   1.319  0.1553E+00  0.1269E+02
   1.329  0.1493E+00  0.1270E+02
   1.339  0.1449E+00  0.1270E+02
   1.349  0.1420E+00  0.1270E+02
   1.359  0.1401E+00  0.1270E+02
   1.369  0.1392E+00  0.1270E+02
   1.379  0.1389E+00  0.1270E+02
   1.389  0.1393E+00  0.1270E+02
   1.399  0.1403E+00  0.1271E+02
   1.409  0.1417E+00  0.1271E+02
   1.419  0.1438E+00  0.1271E+02
   1.429  0.1466E+00  0.1271E+02
   1.439  0.1503E+00  0.1271E+02
   1.449  0.1551E+00  0.1271E+02
   1.459  0.1613E+00  0.1271E+02
   1.469  0.1691E+00  0.1272E+02
   1.479  0.1786E+00  0.1272E+02
   1.489  0.1903E+00  0.1272E+02
   1.499  0.2041E+00  0.1272E+02
   1.509  0.2202E+00  0.1272E+02
   1.519  0.2386E+00  0.1273E+02
   1.529  0.2594E+00  0.1273E+02
   1.539  0.2825E+00  0.1273E+02
   1.549  0.3077E+00  0.1273E+02
   1.559  0.3349E+00  0.1274E+02
   1.569  0.3637E+00  0.1274E+02
   1.579  0.3940E+00  0.1275E+02
   1.589  0.4255E+00  0.1275E+02
   1.599  0.4578E+00  0.1275E+02
   1.609  0.4907E+00  0.1276E+02
   1.619  0.5240E+00  0.1276E+02
   1.629  0.5575E+00  0.1277E+02
   1.639  0.5909E+00  0.1278E+02
   1.649  0.6243E+00  0.1278E+02
   1.659  0.6574E+00  0.1279E+02
   1.669  0.6902E+00  0.1280E+02
   1.679  0.7228E+00  0.1280E+02
   1.689  0.7551E+00  0.1281E+02
   1.699  0.7871E+00  0.1282E+02
   1.709  0.8189E+00  0.1283E+02
   1.719  0.8505E+00  0.1284E+02
   1.729  0.8818E+00  0.1284E+02
   1.739  0.9129E+00  0.1285E+02
   1.749  0.9436E+00  0.1286E+02
   1.759  0.9741E+00  0.1287E+02
   1.769  0.1004E+01  0.1288E+02
   1.779  0.1034E+01  0.1289E+02
   1.789  0.1063E+01  0.1290E+02
   1.799  0.1091E+01  0.1291E+02
   1.809  0.1119E+01  0.1293E+02
   1.819  0.1146E+01  0.1294E+02
   1.829  0.1172E+01  0.1295E+02
   1.839  0.1197E+01  0.1296E+02
   1.849  0.1221E+01  0.1297E+02
   1.859  0.1244E+01  0.1299E+02
   1.869  0.1266E+01  0.1300E+02
   1.879  0.1287E+01  0.1301E+02
   1.889  0.1306E+01  0.1302E+02
   1.899  0.1325E+01  0.1304E+02
   1.909  0.1343E+01  0.1305E+02
   1.919  0.1359E+01  0.1306E+02
   1.929  0.1375E+01  0.1308E+02
   1.939  0.1389E+01  0.1309E+02
   1.949  0.1402E+01  0.1311E+02
   1.959  0.1414E+01  0.1312E+02
   1.969  0.1425E+01  0.1313E+02
   1.979  0.1435E+01  0.1315E+02
   1.989  0.1443E+01  0.1316E+02
   1.999  0.1450E+01  0.1318E+02
   2.009  0.1455E+01  0.1319E+02
   2.019  0.1460E+01  0.1321E+02
   2.029  0.1462E+01  0.1322E+02
   2.039  0.1464E+01  0.1324E+02
   2.049  0.1464E+01  0.1325E+02
   2.059  0.1463E+01  0.1327E+02
   2.069  0.1460E+01  0.1328E+02
   2.079  0.1457E+01  0.1329E+02
   2.089  0.1452E+01  0.1331E+02
   2.099  0.1446E+01  0.1332E+02
   2.109  0.1440E+01  0.1334E+02
   2.119  0.1432E+01  0.1335E+02
   2.129  0.1424E+01  0.1337E+02
   2.139  0.1415E+01  0.1338E+02
   2.149  0.1405E+01  0.1339E+02
   2.159  0.1394E+01  0.1341E+02
   2.169  0.1383E+01  0.1342E+02
   2.179  0.1370E+01  0.1344E+02
   2.189  0.1357E+01  0.1345E+02
   2.199  0.1343E+01  0.1346E+02
   2.209  0.1329E+01  0.1348E+02
   2.219  0.1313E+01  0.1349E+02
   2.229  0.1297E+01  0.1350E+02
   2.239  0.1281E+01  0.1352E+02
   2.249  0.1265E+01  0.1353E+02
   2.259  0.1249E+01  0.1354E+02
   2.269  0.1234E+01  0.1355E+02
   2.279  0.1219E+01  0.1356E+02
   2.289  0.1206E+01  0.1358E+02
   2.299  0.1193E+01  0.1359E+02
   2.309  0.1182E+01  0.1360E+02
   2.319  0.1173E+01  0.1361E+02
   2.329  0.1165E+01  0.1362E+02
   2.339  0.1159E+01  0.1364E+02
   2.349  0.1156E+01  0.1365E+02
   2.359  0.1154E+01  0.1366E+02
   2.369  0.1155E+01  0.1367E+02
   2.379  0.1157E+01  0.1368E+02
   2.389  0.1161E+01  0.1369E+02
   2.399  0.1166E+01  0.1371E+02
   2.409  0.1172E+01  0.1372E+02
   2.419  0.1179E+01  0.1373E+02
   2.429  0.1186E+01  0.1374E+02
   2.439  0.1193E+01  0.1375E+02
   2.449  0.1199E+01  0.1376E+02
   2.459  0.1203E+01  0.1378E+02
   2.469  0.1206E+01  0.1379E+02
   2.479  0.1206E+01  0.1380E+02
   2.489  0.1203E+01  0.1381E+02
   2.499  0.1197E+01  0.1382E+02
   2.509  0.1188E+01  0.1384E+02
   2.519  0.1175E+01  0.1385E+02
   2.529  0.1158E+01  0.1386E+02
   2.539  0.1137E+01  0.1387E+02
   2.549  0.1112E+01  0.1388E+02
   2.559  0.1084E+01  0.1389E+02
   2.569  0.1053E+01  0.1390E+02
   2.579  0.1018E+01  0.1391E+02
   2.589  0.9810E+00  0.1392E+02
   2.599  0.9417E+00  0.1393E+02
   2.609  0.9008E+00  0.1394E+02
   2.619  0.8588E+00  0.1395E+02
   2.629  0.8162E+00  0.1396E+02
   2.639  0.7736E+00  0.1397E+02
   2.649  0.7315E+00  0.1397E+02
   2.659  0.6903E+00  0.1398E+02
   2.669  0.6507E+00  0.1399E+02
   2.679  0.6129E+00  0.1399E+02
   2.689  0.5776E+00  0.1400E+02
   2.699  0.5449E+00  0.1400E+02
   2.709  0.5154E+00  0.1401E+02
   2.719  0.4892E+00  0.1401E+02
   2.729  0.4666E+00  0.1402E+02
   2.739  0.4477E+00  0.1402E+02
   2.749  0.4328E+00  0.1403E+02
   2.759  0.4216E+00  0.1403E+02
   2.769  0.4143E+00  0.1404E+02
   2.779  0.4107E+00  0.1404E+02
   2.789  0.4106E+00  0.1404E+02
   2.799  0.4137E+00  0.1405E+02
   2.809  0.4196E+00  0.1405E+02
   2.819  0.4279E+00  0.1406E+02
   2.829  0.4381E+00  0.1406E+02
   2.839  0.4498E+00  0.1407E+02
   2.849  0.4624E+00  0.1407E+02
   2.859  0.4754E+00  0.1408E+02
   2.869  0.4882E+00  0.1408E+02
   2.879  0.5006E+00  0.1409E+02
   2.889  0.5119E+00  0.1409E+02
   2.899  0.5220E+00  0.1410E+02
   2.909  0.5306E+00  0.1410E+02
   2.919  0.5375E+00  0.1411E+02
   2.929  0.5426E+00  0.1411E+02
   2.939  0.5460E+00  0.1412E+02
   2.949  0.5479E+00  0.1412E+02
   2.959  0.5484E+00  0.1413E+02
   2.969  0.5478E+00  0.1413E+02
   2.979  0.5465E+00  0.1414E+02
   2.989  0.5447E+00  0.1414E+02
   2.999  0.5429E+00  0.1415E+02
   3.009  0.5414E+00  0.1416E+02
   3.019  0.5407E+00  0.1416E+02
   3.029  0.5409E+00  0.1417E+02
   3.039  0.5425E+00  0.1417E+02
   3.049  0.5457E+00  0.1418E+02
   3.059  0.5506E+00  0.1418E+02
   3.069  0.5572E+00  0.1419E+02
   3.079  0.5658E+00  0.1419E+02
   3.089  0.5762E+00  0.1420E+02
   3.099  0.5883E+00  0.1421E+02
   3.109  0.6019E+00  0.1421E+02
   3.119  0.6169E+00  0.1422E+02
   3.129  0.6330E+00  0.1422E+02
   3.139  0.6499E+00  0.1423E+02
   3.149  0.6672E+00  0.1424E+02
   3.159  0.6847E+00  0.1424E+02
   3.169  0.7020E+00  0.1425E+02
   3.179  0.7188E+00  0.1426E+02
   3.189  0.7349E+00  0.1427E+02
   3.199  0.7501E+00  0.1427E+02
   3.209  0.7641E+00  0.1428E+02
   3.219  0.7768E+00  0.1429E+02
   3.229  0.7883E+00  0.1430E+02
   3.239  0.7984E+00  0.1430E+02
   3.249  0.8074E+00  0.1431E+02
   3.259  0.8153E+00  0.1432E+02
   3.269  0.8225E+00  0.1433E+02
   3.279  0.8290E+00  0.1434E+02
   3.289  0.8354E+00  0.1435E+02
   3.299  0.8418E+00  0.1435E+02
   3.309  0.8488E+00  0.1436E+02
   3.319  0.8565E+00  0.1437E+02
   3.329  0.8656E+00  0.1438E+02
   3.339  0.8762E+00  0.1439E+02
   3.349  0.8887E+00  0.1440E+02
   3.359  0.9034E+00  0.1441E+02
   3.369  0.9205E+00  0.1442E+02
   3.379  0.9400E+00  0.1442E+02
   3.389  0.9621E+00  0.1443E+02
   3.399  0.9866E+00  0.1444E+02
   3.409  0.1013E+01  0.1445E+02
   3.419  0.1042E+01  0.1447E+02
   3.429  0.1073E+01  0.1448E+02
   3.439  0.1106E+01  0.1449E+02
   3.449  0.1139E+01  0.1450E+02
   3.459  0.1173E+01  0.1451E+02
   3.469  0.1207E+01  0.1452E+02
   3.479  0.1241E+01  0.1453E+02
   3.489  0.1273E+01  0.1455E+02
   3.499  0.1305E+01  0.1456E+02
   3.509  0.1335E+01  0.1457E+02
   3.519  0.1362E+01  0.1459E+02
   3.529  0.1388E+01  0.1460E+02
   3.539  0.1411E+01  0.1462E+02
   3.549  0.1431E+01  0.1463E+02
   3.559  0.1448E+01  0.1464E+02
   3.569  0.1462E+01  0.1466E+02
   3.579  0.1472E+01  0.1467E+02
   3.589  0.1480E+01  0.1469E+02
   3.599  0.1485E+01  0.1470E+02
   3.609  0.1486E+01  0.1472E+02
   3.619  0.1485E+01  0.1473E+02
   3.629  0.1481E+01  0.1475E+02
   3.639  0.1474E+01  0.1476E+02
   3.649  0.1465E+01  0.1478E+02
   3.659  0.1455E+01  0.1479E+02
   3.669  0.1442E+01  0.1481E+02
   3.679  0.1429E+01  0.1482E+02
   3.689  0.1414E+01  0.1483E+02
   3.699  0.1400E+01  0.1485E+02
   3.709  0.1385E+01  0.1486E+02
   3.719  0.1371E+01  0.1488E+02
   3.729  0.1358E+01  0.1489E+02
   3.739  0.1346E+01  0.1490E+02
   3.749  0.1336E+01  0.1492E+02
   3.759  0.1327E+01  0.1493E+02
   3.769  0.1321E+01  0.1494E+02
   3.779  0.1318E+01  0.1496E+02
   3.789  0.1317E+01  0.1497E+02
   3.799  0.1319E+01  0.1498E+02
   3.809  0.1323E+01  0.1500E+02
   3.819  0.1329E+01  0.1501E+02
   3.829  0.1338E+01  0.1502E+02
   3.839  0.1349E+01  0.1504E+02
   3.849  0.1361E+01  0.1505E+02
   3.859  0.1375E+01  0.1506E+02
   3.869  0.1390E+01  0.1508E+02
   3.879  0.1406E+01  0.1509E+02
   3.889  0.1422E+01  0.1511E+02
   3.899  0.1438E+01  0.1512E+02
   3.909  0.1454E+01  0.1513E+02
   3.919  0.1470E+01  0.1515E+02
   3.929  0.1485E+01  0.1516E+02
   3.939  0.1499E+01  0.1518E+02
   3.949  0.1512E+01  0.1519E+02
   3.959  0.1524E+01  0.1521E+02
   3.969  0.1534E+01  0.1522E+02
   3.979  0.1543E+01  0.1524E+02
   3.989  0.1551E+01  0.1526E+02
   3.999  0.1557E+01  0.1527E+02
   4.009  0.1561E+01  0.1529E+02
   4.019  0.1564E+01  0.1530E+02
   4.029  0.1566E+01  0.1532E+02
   4.039  0.1565E+01  0.1533E+02
   4.049  0.1564E+01  0.1535E+02
   4.059  0.1561E+01  0.1536E+02
   4.069  0.1557E+01  0.1538E+02
   4.079  0.1552E+01  0.1540E+02
   4.089  0.1546E+01  0.1541E+02
   4.099  0.1540E+01  0.1543E+02
   4.109  0.1533E+01  0.1544E+02
   4.119  0.1526E+01  0.1546E+02
   4.129  0.1518E+01  0.1547E+02
   4.139  0.1510E+01  0.1549E+02
   4.149  0.1501E+01  0.1550E+02
   4.159  0.1492E+01  0.1552E+02
   4.169  0.1483E+01  0.1553E+02
   4.179  0.1473E+01  0.1555E+02
   4.189  0.1463E+01  0.1556E+02
   4.199  0.1452E+01  0.1558E+02
   4.209  0.1441E+01  0.1559E+02
   4.219  0.1429E+01  0.1560E+02
   4.229  0.1416E+01  0.1562E+02
   4.239  0.1404E+01  0.1563E+02
   4.249  0.1391E+01  0.1565E+02
   4.259  0.1379E+01  0.1566E+02
   4.269  0.1367E+01  0.1567E+02
   4.279  0.1356E+01  0.1569E+02
   4.289  0.1346E+01  0.1570E+02
   4.299  0.1338E+01  0.1571E+02
   4.309  0.1332E+01  0.1573E+02
   4.319  0.1329E+01  0.1574E+02
   4.329  0.1327E+01  0.1575E+02
   4.339  0.1329E+01  0.1577E+02
   4.349  0.1333E+01  0.1578E+02
   4.359  0.1340E+01  0.1579E+02
   4.369  0.1350E+01  0.1581E+02
   4.379  0.1362E+01  0.1582E+02
   4.389  0.1376E+01  0.1584E+02
   4.399  0.1393E+01  0.1585E+02
   4.409  0.1411E+01  0.1586E+02
   4.419  0.1430E+01  0.1588E+02
   4.429  0.1450E+01  0.1589E+02
   4.439  0.1470E+01  0.1591E+02
   4.449  0.1490E+01  0.1592E+02
   4.459  0.1509E+01  0.1594E+02
   4.469  0.1526E+01  0.1595E+02
   4.479  0.1543E+01  0.1597E+02
   4.489  0.1557E+01  0.1598E+02
   4.499  0.1568E+01  0.1600E+02
   4.509  0.1578E+01  0.1601E+02
   4.519  0.1584E+01  0.1603E+02
   4.529  0.1589E+01  0.1605E+02
   4.539  0.1590E+01  0.1606E+02
   4.549  0.1590E+01  0.1608E+02
   4.559  0.1587E+01  0.1609E+02
   4.569  0.1582E+01  0.1611E+02
   4.579  0.1576E+01  0.1613E+02
   4.589  0.1569E+01  0.1614E+02
   4.599  0.1561E+01  0.1616E+02
   4.609  0.1553E+01  0.1617E+02
   4.619  0.1544E+01  0.1619E+02
   4.629  0.1537E+01  0.1620E+02
   4.639  0.1529E+01  0.1622E+02
   4.649  0.1523E+01  0.1623E+02
   4.659  0.1517E+01  0.1625E+02
   4.669  0.1513E+01  0.1626E+02
   4.679  0.1510E+01  0.1628E+02
   4.689  0.1508E+01  0.1629E+02
   4.699  0.1508E+01  0.1631E+02
   4.709  0.1509E+01  0.1632E+02
   4.719  0.1511E+01  0.1634E+02
   4.729  0.1514E+01  0.1635E+02
   4.739  0.1519E+01  0.1637E+02
   4.749  0.1524E+01  0.1639E+02
   4.759  0.1531E+01  0.1640E+02
   4.769  0.1539E+01  0.1642E+02
   4.779  0.1548E+01  0.1643E+02
   4.789  0.1557E+01  0.1645E+02
   4.799  0.1566E+01  0.1646E+02
   4.809  0.1576E+01  0.1648E+02
   4.819  0.1585E+01  0.1649E+02
   4.829  0.1593E+01  0.1651E+02
   4.839  0.1600E+01  0.1653E+02
   4.849  0.1605E+01  0.1654E+02
   4.859  0.1607E+01  0.1656E+02
   4.869  0.1607E+01  0.1657E+02
   4.879  0.1604E+01  0.1659E+02
   4.889  0.1598E+01  0.1661E+02
   4.899  0.1588E+01  0.1662E+02
   4.909  0.1576E+01  0.1664E+02
   4.919  0.1560E+01  0.1665E+02
   4.929  0.1542E+01  0.1667E+02
   4.939  0.1522E+01  0.1668E+02
   4.949  0.1500E+01  0.1670E+02
   4.959  0.1478E+01  0.1671E+02
   4.969  0.1455E+01  0.1673E+02
   4.979  0.1434E+01  0.1674E+02
   4.989  0.1414E+01  0.1676E+02
   4.999  0.1396E+01  0.1677E+02
   5.009  0.1382E+01  0.1678E+02
   5.019  0.1371E+01  0.1680E+02
   5.029  0.1364E+01  0.1681E+02
   5.039  0.1362E+01  0.1683E+02
   5.049  0.1365E+01  0.1684E+02
   5.059  0.1372E+01  0.1685E+02
   5.069  0.1385E+01  0.1687E+02
   5.079  0.1401E+01  0.1688E+02
   5.089  0.1423E+01  0.1690E+02
   5.099  0.1448E+01  0.1691E+02
   5.109  0.1476E+01  0.1692E+02
   5.119  0.1508E+01  0.1694E+02
   5.129  0.1543E+01  0.1696E+02
   5.139  0.1580E+01  0.1697E+02
   5.149  0.1619E+01  0.1699E+02
   5.159  0.1659E+01  0.1700E+02
   5.169  0.1700E+01  0.1702E+02
   5.179  0.1742E+01  0.1704E+02
   5.189  0.1784E+01  0.1706E+02
   5.199  0.1826E+01  0.1707E+02
   5.209  0.1867E+01  0.1709E+02
   5.219  0.1908E+01  0.1711E+02
   5.229  0.1948E+01  0.1713E+02
   5.239  0.1986E+01  0.1715E+02
   5.249  0.2022E+01  0.1717E+02
   5.259  0.2056E+01  0.1719E+02
   5.269  0.2088E+01  0.1721E+02
   5.279  0.2117E+01  0.1723E+02
   5.289  0.2142E+01  0.1726E+02
   5.299  0.2164E+01  0.1728E+02
   5.309  0.2183E+01  0.1730E+02
   5.319  0.2198E+01  0.1732E+02
   5.329  0.2209E+01  0.1734E+02
   5.339  0.2216E+01  0.1737E+02
   5.349  0.2220E+01  0.1739E+02
   5.359  0.2221E+01  0.1741E+02
   5.369  0.2218E+01  0.1743E+02
   5.379  0.2214E+01  0.1745E+02
   5.389  0.2208E+01  0.1748E+02
   5.399  0.2200E+01  0.1750E+02
   5.409  0.2191E+01  0.1752E+02
   5.419  0.2183E+01  0.1754E+02
   5.429  0.2174E+01  0.1756E+02
   5.439  0.2165E+01  0.1759E+02
   5.449  0.2157E+01  0.1761E+02
   5.459  0.2150E+01  0.1763E+02
   5.469  0.2144E+01  0.1765E+02
   5.479  0.2139E+01  0.1767E+02
   5.489  0.2134E+01  0.1769E+02
   5.499  0.2130E+01  0.1771E+02
   5.509  0.2126E+01  0.1773E+02
   5.519  0.2123E+01  0.1776E+02
   5.529  0.2119E+01  0.1778E+02
   5.539  0.2116E+01  0.1780E+02
   5.549  0.2113E+01  0.1782E+02
   5.559  0.2110E+01  0.1784E+02
   5.569  0.2107E+01  0.1786E+02
   5.579  0.2105E+01  0.1788E+02
   5.589  0.2104E+01  0.1790E+02
   5.599  0.2104E+01  0.1792E+02
   5.609  0.2106E+01  0.1795E+02
   5.619  0.2109E+01  0.1797E+02
   5.629  0.2116E+01  0.1799E+02
   5.639  0.2124E+01  0.1801E+02
   5.649  0.2136E+01  0.1803E+02
   5.659  0.2151E+01  0.1805E+02
   5.669  0.2169E+01  0.1807E+02
   5.679  0.2191E+01  0.1810E+02
   5.689  0.2215E+01  0.1812E+02
   5.699  0.2242E+01  0.1814E+02
   5.709  0.2271E+01  0.1816E+02
   5.719  0.2301E+01  0.1819E+02
   5.729  0.2333E+01  0.1821E+02
   5.739  0.2364E+01  0.1823E+02
   5.749  0.2395E+01  0.1826E+02
   5.759  0.2425E+01  0.1828E+02
   5.769  0.2453E+01  0.1831E+02
   5.779  0.2478E+01  0.1833E+02
   5.789  0.2499E+01  0.1836E+02
   5.799  0.2517E+01  0.1838E+02
   5.809  0.2530E+01  0.1841E+02
   5.819  0.2538E+01  0.1843E+02
   5.829  0.2541E+01  0.1846E+02
   5.839  0.2539E+01  0.1848E+02
   5.849  0.2533E+01  0.1851E+02
   5.859  0.2522E+01  0.1853E+02
   5.869  0.2506E+01  0.1856E+02
   5.879  0.2487E+01  0.1858E+02
   5.889  0.2466E+01  0.1861E+02
   5.899  0.2442E+01  0.1863E+02
   5.909  0.2417E+01  0.1866E+02
   5.919  0.2391E+01  0.1868E+02
   5.929  0.2366E+01  0.1870E+02
   5.939  0.2342E+01  0.1873E+02
   5.949  0.2321E+01  0.1875E+02
   5.959  0.2302E+01  0.1877E+02
   5.969  0.2287E+01  0.1880E+02
   5.979  0.2275E+01  0.1882E+02
   5.989  0.2268E+01  0.1884E+02
   5.999  0.2266E+01  0.1886E+02
   6.009  0.2268E+01  0.1889E+02
   6.019  0.2276E+01  0.1891E+02
   6.029  0.2288E+01  0.1893E+02
   6.039  0.2305E+01  0.1896E+02
   6.049  0.2327E+01  0.1898E+02
   6.059  0.2353E+01  0.1900E+02
   6.069  0.2385E+01  0.1903E+02
   6.079  0.2420E+01  0.1905E+02
   6.089  0.2460E+01  0.1908E+02
   6.099  0.2503E+01  0.1910E+02
   6.109  0.2550E+01  0.1913E+02
   6.119  0.2600E+01  0.1915E+02
   6.129  0.2653E+01  0.1918E+02
   6.139  0.2708E+01  0.1921E+02
   6.149  0.2765E+01  0.1923E+02
   6.159  0.2822E+01  0.1926E+02
   6.169  0.2880E+01  0.1929E+02
   6.179  0.2937E+01  0.1932E+02
   6.189  0.2992E+01  0.1935E+02
   6.199  0.3046E+01  0.1938E+02
   6.209  0.3096E+01  0.1941E+02
   6.219  0.3142E+01  0.1944E+02
   6.229  0.3184E+01  0.1947E+02
   6.239  0.3222E+01  0.1951E+02
   6.249  0.3253E+01  0.1954E+02
   6.259  0.3280E+01  0.1957E+02
   6.269  0.3300E+01  0.1960E+02
   6.279  0.3315E+01  0.1964E+02
   6.289  0.3324E+01  0.1967E+02
   6.299  0.3328E+01  0.1970E+02
   6.309  0.3327E+01  0.1974E+02
   6.319  0.3320E+01  0.1977E+02
   6.329  0.3310E+01  0.1980E+02
   6.339  0.3295E+01  0.1984E+02
   6.349  0.3277E+01  0.1987E+02
   6.359  0.3256E+01  0.1990E+02
   6.369  0.3232E+01  0.1993E+02
   6.379  0.3206E+01  0.1997E+02
   6.389  0.3178E+01  0.2000E+02
   6.399  0.3147E+01  0.2003E+02
   6.409  0.3115E+01  0.2006E+02
   6.419  0.3081E+01  0.2009E+02
   6.429  0.3046E+01  0.2012E+02
   6.439  0.3009E+01  0.2015E+02
   6.449  0.2972E+01  0.2018E+02
   6.459  0.2933E+01  0.2021E+02
   6.469  0.2894E+01  0.2024E+02
   6.479  0.2855E+01  0.2027E+02
   6.489  0.2816E+01  0.2030E+02
   6.499  0.2777E+01  0.2032E+02
   6.509  0.2739E+01  0.2035E+02
   6.519  0.2702E+01  0.2038E+02
   6.529  0.2667E+01  0.2041E+02
   6.539  0.2633E+01  0.2043E+02
   6.549  0.2602E+01  0.2046E+02
   6.559  0.2573E+01  0.2048E+02
   6.569  0.2545E+01  0.2051E+02
   6.579  0.2520E+01  0.2053E+02
   6.589  0.2497E+01  0.2056E+02
   6.599  0.2475E+01  0.2058E+02
   6.609  0.2454E+01  0.2061E+02
   6.619  0.2435E+01  0.2063E+02
   6.629  0.2416E+01  0.2066E+02
   6.639  0.2397E+01  0.2068E+02
   6.649  0.2379E+01  0.2070E+02
   6.659  0.2361E+01  0.2073E+02
   6.669  0.2344E+01  0.2075E+02
   6.679  0.2327E+01  0.2078E+02
   6.689  0.2311E+01  0.2080E+02
   6.699  0.2296E+01  0.2082E+02
   6.709  0.2283E+01  0.2084E+02
   6.719  0.2271E+01  0.2087E+02
   6.729  0.2262E+01  0.2089E+02
   6.739  0.2256E+01  0.2091E+02
   6.749  0.2253E+01  0.2093E+02
   6.759  0.2253E+01  0.2096E+02
   6.769  0.2257E+01  0.2098E+02
   6.779  0.2263E+01  0.2100E+02
   6.789  0.2272E+01  0.2103E+02
   6.799  0.2283E+01  0.2105E+02
   6.809  0.2296E+01  0.2107E+02
   6.819  0.2310E+01  0.2109E+02
   6.829  0.2325E+01  0.2112E+02
   6.839  0.2339E+01  0.2114E+02
   6.849  0.2352E+01  0.2116E+02
   6.859  0.2364E+01  0.2119E+02
   6.869  0.2374E+01  0.2121E+02
   6.879  0.2383E+01  0.2124E+02
   6.889  0.2389E+01  0.2126E+02
   6.899  0.2393E+01  0.2128E+02
   6.909  0.2396E+01  0.2131E+02
   6.919  0.2398E+01  0.2133E+02
   6.929  0.2399E+01  0.2136E+02
   6.939  0.2401E+01  0.2138E+02
   6.949  0.2403E+01  0.2140E+02
   6.959  0.2407E+01  0.2143E+02
   6.969  0.2412E+01  0.2145E+02
   6.979  0.2420E+01  0.2148E+02
   6.989  0.2431E+01  0.2150E+02
   6.999  0.2444E+01  0.2152E+02
   7.009  0.2459E+01  0.2155E+02
   7.019  0.2478E+01  0.2157E+02
   7.029  0.2498E+01  0.2160E+02
   7.039  0.2519E+01  0.2162E+02
   7.049  0.2541E+01  0.2165E+02
   7.059  0.2563E+01  0.2167E+02
   7.069  0.2584E+01  0.2170E+02
   7.079  0.2603E+01  0.2173E+02
   7.089  0.2620E+01  0.2175E+02
   7.099  0.2633E+01  0.2178E+02
   7.109  0.2642E+01  0.2181E+02
   7.119  0.2647E+01  0.2183E+02
   7.129  0.2647E+01  0.2186E+02
   7.139  0.2642E+01  0.2188E+02
   7.149  0.2633E+01  0.2191E+02
   7.159  0.2619E+01  0.2194E+02
   7.169  0.2601E+01  0.2196E+02
   7.179  0.2579E+01  0.2199E+02
   7.189  0.2556E+01  0.2201E+02
   7.199  0.2530E+01  0.2204E+02
   7.209  0.2503E+01  0.2207E+02
   7.219  0.2476E+01  0.2209E+02
   7.229  0.2450E+01  0.2211E+02
   7.239  0.2425E+01  0.2214E+02
   7.249  0.2402E+01  0.2216E+02
   7.259  0.2382E+01  0.2219E+02
   7.269  0.2364E+01  0.2221E+02
   7.279  0.2350E+01  0.2223E+02
   7.289  0.2339E+01  0.2226E+02
   7.299  0.2331E+01  0.2228E+02
   7.309  0.2326E+01  0.2230E+02
   7.319  0.2324E+01  0.2233E+02
   7.329  0.2324E+01  0.2235E+02
   7.339  0.2326E+01  0.2237E+02
   7.349  0.2328E+01  0.2240E+02
   7.359  0.2332E+01  0.2242E+02
   7.369  0.2336E+01  0.2244E+02
   7.379  0.2339E+01  0.2247E+02
   7.389  0.2341E+01  0.2249E+02
   7.399  0.2343E+01  0.2251E+02
   7.409  0.2342E+01  0.2254E+02
   7.419  0.2340E+01  0.2256E+02
   7.429  0.2336E+01  0.2258E+02
   7.439  0.2330E+01  0.2261E+02
   7.449  0.2322E+01  0.2263E+02
   7.459  0.2312E+01  0.2265E+02
   7.469  0.2301E+01  0.2268E+02
   7.479  0.2289E+01  0.2270E+02
   7.489  0.2276E+01  0.2272E+02
   7.499  0.2262E+01  0.2274E+02
   7.509  0.2249E+01  0.2277E+02
   7.519  0.2235E+01  0.2279E+02
   7.529  0.2222E+01  0.2281E+02
   7.539  0.2210E+01  0.2283E+02
   7.549  0.2199E+01  0.2286E+02
   7.559  0.2189E+01  0.2288E+02
   7.569  0.2179E+01  0.2290E+02
   7.579  0.2171E+01  0.2292E+02
   7.589  0.2163E+01  0.2294E+02
   7.599  0.2157E+01  0.2296E+02
   7.609  0.2151E+01  0.2299E+02
   7.619  0.2146E+01  0.2301E+02
   7.629  0.2142E+01  0.2303E+02
   7.639  0.2138E+01  0.2305E+02
   7.649  0.2136E+01  0.2307E+02
   7.659  0.2135E+01  0.2309E+02
   7.669  0.2135E+01  0.2311E+02
   7.679  0.2137E+01  0.2314E+02
   7.689  0.2141E+01  0.2316E+02
   7.699  0.2147E+01  0.2318E+02
   7.709  0.2156E+01  0.2320E+02
   7.719  0.2168E+01  0.2322E+02
   7.729  0.2182E+01  0.2324E+02
   7.739  0.2199E+01  0.2327E+02
   7.749  0.2219E+01  0.2329E+02
   7.759  0.2241E+01  0.2331E+02
   7.769  0.2265E+01  0.2333E+02
   7.779  0.2289E+01  0.2336E+02
   7.789  0.2314E+01  0.2338E+02
   7.799  0.2339E+01  0.2340E+02
   7.809  0.2363E+01  0.2343E+02
   7.819  0.2386E+01  0.2345E+02
   7.829  0.2406E+01  0.2347E+02
   7.839  0.2424E+01  0.2350E+02
   7.849  0.2439E+01  0.2352E+02
   7.859  0.2451E+01  0.2355E+02
   7.869  0.2460E+01  0.2357E+02
   7.879  0.2467E+01  0.2360E+02
   7.889  0.2470E+01  0.2362E+02
   7.899  0.2472E+01  0.2365E+02
   7.909  0.2472E+01  0.2367E+02
   7.919  0.2471E+01  0.2370E+02
   7.929  0.2468E+01  0.2372E+02
   7.939  0.2466E+01  0.2374E+02
   7.949  0.2463E+01  0.2377E+02
   7.959  0.2460E+01  0.2379E+02
   7.969  0.2458E+01  0.2382E+02
   7.979  0.2456E+01  0.2384E+02
   7.989  0.2455E+01  0.2387E+02
   7.999  0.2455E+01  0.2389E+02
   8.009  0.2455E+01  0.2392E+02
   8.019  0.2457E+01  0.2394E+02
   8.029  0.2459E+01  0.2397E+02
   8.039  0.2463E+01  0.2399E+02
   8.049  0.2467E+01  0.2401E+02
   8.059  0.2473E+01  0.2404E+02
   8.069  0.2481E+01  0.2406E+02
   8.079  0.2489E+01  0.2409E+02
   8.089  0.2498E+01  0.2411E+02
   8.099  0.2509E+01  0.2414E+02
   8.109  0.2520E+01  0.2416E+02
   8.119  0.2532E+01  0.2419E+02
   8.129  0.2544E+01  0.2422E+02
   8.139  0.2556E+01  0.2424E+02
   8.149  0.2567E+01  0.2427E+02
   8.159  0.2577E+01  0.2429E+02
   8.169  0.2586E+01  0.2432E+02
   8.179  0.2594E+01  0.2434E+02
   8.189  0.2600E+01  0.2437E+02
   8.199  0.2604E+01  0.2440E+02
   8.209  0.2607E+01  0.2442E+02
   8.219  0.2610E+01  0.2445E+02
   8.229  0.2612E+01  0.2447E+02
   8.239  0.2613E+01  0.2450E+02
   8.249  0.2616E+01  0.2453E+02
   8.259  0.2620E+01  0.2455E+02
   8.269  0.2626E+01  0.2458E+02
   8.279  0.2635E+01  0.2461E+02
   8.289  0.2647E+01  0.2463E+02
   8.299  0.2662E+01  0.2466E+02
   8.309  0.2680E+01  0.2469E+02
   8.319  0.2702E+01  0.2471E+02
   8.329  0.2727E+01  0.2474E+02
   8.339  0.2755E+01  0.2477E+02
   8.349  0.2785E+01  0.2480E+02
   8.359  0.2816E+01  0.2482E+02
   8.369  0.2847E+01  0.2485E+02
   8.379  0.2877E+01  0.2488E+02
   8.389  0.2906E+01  0.2491E+02
   8.399  0.2933E+01  0.2494E+02
   8.409  0.2957E+01  0.2497E+02
   8.419  0.2976E+01  0.2500E+02
   8.429  0.2991E+01  0.2503E+02
   8.439  0.3002E+01  0.2506E+02
   8.449  0.3007E+01  0.2509E+02
   8.459  0.3008E+01  0.2512E+02
   8.469  0.3004E+01  0.2515E+02
   8.479  0.2995E+01  0.2518E+02
   8.489  0.2983E+01  0.2521E+02
   8.499  0.2968E+01  0.2524E+02
   8.509  0.2950E+01  0.2527E+02
   8.519  0.2931E+01  0.2530E+02
   8.529  0.2910E+01  0.2533E+02
   8.539  0.2889E+01  0.2535E+02
   8.549  0.2867E+01  0.2538E+02
   8.559  0.2846E+01  0.2541E+02
   8.569  0.2826E+01  0.2544E+02
   8.579  0.2806E+01  0.2547E+02
   8.589  0.2787E+01  0.2550E+02
   8.599  0.2769E+01  0.2552E+02
   8.609  0.2752E+01  0.2555E+02
   8.619  0.2735E+01  0.2558E+02
   8.629  0.2719E+01  0.2561E+02
   8.639  0.2703E+01  0.2563E+02
   8.649  0.2688E+01  0.2566E+02
   8.659  0.2673E+01  0.2569E+02
   8.669  0.2658E+01  0.2571E+02
   8.679  0.2644E+01  0.2574E+02
   8.689  0.2630E+01  0.2577E+02
