#  E (eV)   dos(E)     Int dos(E) EFermi =   -1.842 eV
 -16.842  0.3475E+00  0.3475E-02
 -16.832  0.3480E+00  0.6955E-02
 -16.822  0.3485E+00  0.1044E-01
 -16.812  0.3490E+00  0.1393E-01
 -16.802  0.3495E+00  0.1742E-01
 -16.792  0.3500E+00  0.2092E-01
 -16.782  0.3505E+00  0.2443E-01
 -16.772  0.3510E+00  0.2794E-01
 -16.762  0.3516E+00  0.3146E-01
 -16.752  0.3521E+00  0.3498E-01
 -16.742  0.3527E+00  0.3850E-01
 -16.732  0.3533E+00  0.4204E-01
 -16.722  0.3539E+00  0.4558E-01
 -16.712  0.3546E+00  0.4912E-01
 -16.702  0.3553E+00  0.5268E-01
 -16.692  0.3559E+00  0.5623E-01
 -16.682  0.3567E+00  0.5980E-01
 -16.672  0.3574E+00  0.6338E-01
 -16.662  0.3582E+00  0.6696E-01
 -16.652  0.3590E+00  0.7055E-01
 -16.642  0.3599E+00  0.7415E-01
 -16.632  0.3608E+00  0.7775E-01
 -16.622  0.3617E+00  0.8137E-01
 -16.612  0.3627E+00  0.8500E-01
 -16.602  0.3637E+00  0.8864E-01
 -16.592  0.3648E+00  0.9228E-01
 -16.582  0.3659E+00  0.9594E-01
 -16.572  0.3670E+00  0.9961E-01
 -16.562  0.3682E+00  0.1033E+00
 -16.552  0.3695E+00  0.1070E+00
 -16.542  0.3708E+00  0.1107E+00
 -16.532  0.3722E+00  0.1144E+00
 -16.522  0.3737E+00  0.1182E+00
 -16.512  0.3752E+00  0.1219E+00
 -16.502  0.3768E+00  0.1257E+00
 -16.492  0.3785E+00  0.1295E+00
 -16.482  0.3802E+00  0.1333E+00
 -16.472  0.3821E+00  0.1371E+00
 -16.462  0.3840E+00  0.1409E+00
 -16.452  0.3860E+00  0.1448E+00
 -16.442  0.3881E+00  0.1487E+00
 -16.432  0.3902E+00  0.1526E+00
 -16.422  0.3924E+00  0.1565E+00
 -16.412  0.3947E+00  0.1604E+00
 -16.402  0.3970E+00  0.1644E+00
 -16.392  0.3994E+00  0.1684E+00
 -16.382  0.4018E+00  0.1724E+00
 -16.372  0.4042E+00  0.1765E+00
 -16.362  0.4066E+00  0.1805E+00
 -16.352  0.4090E+00  0.1846E+00
 -16.342  0.4114E+00  0.1887E+00
 -16.332  0.4137E+00  0.1929E+00
 -16.322  0.4159E+00  0.1970E+00
 -16.312  0.4180E+00  0.2012E+00
 -16.302  0.4199E+00  0.2054E+00
 -16.292  0.4217E+00  0.2096E+00
 -16.282  0.4234E+00  0.2139E+00
 -16.272  0.4248E+00  0.2181E+00
 -16.262  0.4260E+00  0.2224E+00
 -16.252  0.4270E+00  0.2266E+00
 -16.242  0.4277E+00  0.2309E+00
 -16.232  0.4281E+00  0.2352E+00
 -16.222  0.4282E+00  0.2395E+00
 -16.212  0.4279E+00  0.2438E+00
 -16.202  0.4274E+00  0.2480E+00
 -16.192  0.4264E+00  0.2523E+00
 -16.182  0.4252E+00  0.2565E+00
 -16.172  0.4235E+00  0.2608E+00
 -16.162  0.4215E+00  0.2650E+00
 -16.152  0.4192E+00  0.2692E+00
 -16.142  0.4165E+00  0.2734E+00
 -16.132  0.4134E+00  0.2775E+00
 -16.122  0.4100E+00  0.2816E+00
 -16.112  0.4063E+00  0.2857E+00
 -16.102  0.4023E+00  0.2897E+00
 -16.092  0.3981E+00  0.2937E+00
 -16.082  0.3936E+00  0.2976E+00
 -16.072  0.3888E+00  0.3015E+00
 -16.062  0.3839E+00  0.3053E+00
 -16.052  0.3788E+00  0.3091E+00
 -16.042  0.3735E+00  0.3128E+00
 -16.032  0.3682E+00  0.3165E+00
 -16.022  0.3628E+00  0.3202E+00
 -16.012  0.3573E+00  0.3237E+00
 -16.002  0.3517E+00  0.3272E+00
 -15.992  0.3462E+00  0.3307E+00
 -15.982  0.3407E+00  0.3341E+00
 -15.972  0.3352E+00  0.3375E+00
 -15.962  0.3298E+00  0.3408E+00
 -15.952  0.3244E+00  0.3440E+00
 -15.942  0.3191E+00  0.3472E+00
 -15.932  0.3139E+00  0.3503E+00
 -15.922  0.3088E+00  0.3534E+00
 -15.912  0.3038E+00  0.3565E+00
 -15.902  0.2990E+00  0.3595E+00
 -15.892  0.2942E+00  0.3624E+00
 -15.882  0.2895E+00  0.3653E+00
 -15.872  0.2850E+00  0.3681E+00
 -15.862  0.2806E+00  0.3709E+00
 -15.852  0.2763E+00  0.3737E+00
 -15.842  0.2721E+00  0.3764E+00
 -15.832  0.2680E+00  0.3791E+00
 -15.822  0.2640E+00  0.3817E+00
 -15.812  0.2602E+00  0.3844E+00
 -15.802  0.2564E+00  0.3869E+00
 -15.792  0.2527E+00  0.3894E+00
 -15.782  0.2492E+00  0.3919E+00
 -15.772  0.2457E+00  0.3944E+00
 -15.762  0.2424E+00  0.3968E+00
 -15.752  0.2391E+00  0.3992E+00
 -15.742  0.2359E+00  0.4016E+00
 -15.732  0.2328E+00  0.4039E+00
 -15.722  0.2297E+00  0.4062E+00
 -15.712  0.2268E+00  0.4085E+00
 -15.702  0.2239E+00  0.4107E+00
 -15.692  0.2210E+00  0.4129E+00
 -15.682  0.2182E+00  0.4151E+00
 -15.672  0.2155E+00  0.4172E+00
 -15.662  0.2128E+00  0.4194E+00
 -15.652  0.2101E+00  0.4215E+00
 -15.642  0.2075E+00  0.4235E+00
 -15.632  0.2049E+00  0.4256E+00
 -15.622  0.2024E+00  0.4276E+00
 -15.612  0.1999E+00  0.4296E+00
 -15.602  0.1975E+00  0.4316E+00
 -15.592  0.1951E+00  0.4335E+00
 -15.582  0.1928E+00  0.4355E+00
 -15.572  0.1905E+00  0.4374E+00
 -15.562  0.1882E+00  0.4393E+00
 -15.552  0.1860E+00  0.4411E+00
 -15.542  0.1839E+00  0.4430E+00
 -15.532  0.1818E+00  0.4448E+00
 -15.522  0.1798E+00  0.4466E+00
 -15.512  0.1779E+00  0.4484E+00
 -15.502  0.1760E+00  0.4501E+00
 -15.492  0.1743E+00  0.4519E+00
 -15.482  0.1726E+00  0.4536E+00
 -15.472  0.1710E+00  0.4553E+00
 -15.462  0.1695E+00  0.4570E+00
 -15.452  0.1681E+00  0.4587E+00
 -15.442  0.1668E+00  0.4603E+00
 -15.432  0.1657E+00  0.4620E+00
 -15.422  0.1648E+00  0.4636E+00
 -15.412  0.1639E+00  0.4653E+00
 -15.402  0.1633E+00  0.4669E+00
 -15.392  0.1629E+00  0.4685E+00
 -15.382  0.1626E+00  0.4702E+00
 -15.372  0.1626E+00  0.4718E+00
 -15.362  0.1628E+00  0.4734E+00
 -15.352  0.1633E+00  0.4751E+00
 -15.342  0.1640E+00  0.4767E+00
 -15.332  0.1650E+00  0.4783E+00
 -15.322  0.1663E+00  0.4800E+00
 -15.312  0.1679E+00  0.4817E+00
 -15.302  0.1697E+00  0.4834E+00
 -15.292  0.1719E+00  0.4851E+00
 -15.282  0.1744E+00  0.4868E+00
 -15.272  0.1772E+00  0.4886E+00
 -15.262  0.1803E+00  0.4904E+00
 -15.252  0.1836E+00  0.4923E+00
 -15.242  0.1873E+00  0.4941E+00
 -15.232  0.1912E+00  0.4960E+00
 -15.222  0.1954E+00  0.4980E+00
 -15.212  0.1998E+00  0.5000E+00
 -15.202  0.2044E+00  0.5020E+00
 -15.192  0.2091E+00  0.5041E+00
 -15.182  0.2141E+00  0.5063E+00
 -15.172  0.2191E+00  0.5085E+00
 -15.162  0.2243E+00  0.5107E+00
 -15.152  0.2296E+00  0.5130E+00
 -15.142  0.2348E+00  0.5154E+00
 -15.132  0.2401E+00  0.5178E+00
 -15.122  0.2454E+00  0.5202E+00
 -15.112  0.2506E+00  0.5227E+00
 -15.102  0.2557E+00  0.5253E+00
 -15.092  0.2608E+00  0.5279E+00
 -15.082  0.2657E+00  0.5305E+00
 -15.072  0.2704E+00  0.5332E+00
 -15.062  0.2750E+00  0.5360E+00
 -15.052  0.2794E+00  0.5388E+00
 -15.042  0.2836E+00  0.5416E+00
 -15.032  0.2876E+00  0.5445E+00
 -15.022  0.2914E+00  0.5474E+00
 -15.012  0.2949E+00  0.5504E+00
 -15.002  0.2982E+00  0.5533E+00
 -14.992  0.3013E+00  0.5564E+00
 -14.982  0.3041E+00  0.5594E+00
 -14.972  0.3068E+00  0.5625E+00
 -14.962  0.3092E+00  0.5656E+00
 -14.952  0.3113E+00  0.5687E+00
 -14.942  0.3133E+00  0.5718E+00
 -14.932  0.3151E+00  0.5750E+00
 -14.922  0.3167E+00  0.5781E+00
 -14.912  0.3182E+00  0.5813E+00
 -14.902  0.3195E+00  0.5845E+00
 -14.892  0.3206E+00  0.5877E+00
 -14.882  0.3217E+00  0.5909E+00
 -14.872  0.3226E+00  0.5941E+00
 -14.862  0.3234E+00  0.5974E+00
 -14.852  0.3241E+00  0.6006E+00
 -14.842  0.3247E+00  0.6039E+00
 -14.832  0.3253E+00  0.6071E+00
 -14.822  0.3258E+00  0.6104E+00
 -14.812  0.3263E+00  0.6136E+00
 -14.802  0.3267E+00  0.6169E+00
 -14.792  0.3271E+00  0.6202E+00
 -14.782  0.3274E+00  0.6235E+00
 -14.772  0.3278E+00  0.6267E+00
 -14.762  0.3281E+00  0.6300E+00
 -14.752  0.3285E+00  0.6333E+00
 -14.742  0.3288E+00  0.6366E+00
 -14.732  0.3292E+00  0.6399E+00
 -14.722  0.3296E+00  0.6432E+00
 -14.712  0.3300E+00  0.6465E+00
 -14.702  0.3305E+00  0.6498E+00
 -14.692  0.3310E+00  0.6531E+00
 -14.682  0.3316E+00  0.6564E+00
 -14.672  0.3322E+00  0.6597E+00
 -14.662  0.3329E+00  0.6631E+00
 -14.652  0.3337E+00  0.6664E+00
 -14.642  0.3346E+00  0.6697E+00
 -14.632  0.3355E+00  0.6731E+00
 -14.622  0.3366E+00  0.6765E+00
 -14.612  0.3378E+00  0.6798E+00
 -14.602  0.3391E+00  0.6832E+00
 -14.592  0.3405E+00  0.6866E+00
 -14.582  0.3421E+00  0.6901E+00
 -14.572  0.3438E+00  0.6935E+00
 -14.562  0.3457E+00  0.6969E+00
 -14.552  0.3477E+00  0.7004E+00
 -14.542  0.3499E+00  0.7039E+00
 -14.532  0.3523E+00  0.7074E+00
 -14.522  0.3548E+00  0.7110E+00
 -14.512  0.3574E+00  0.7146E+00
 -14.502  0.3602E+00  0.7182E+00
 -14.492  0.3632E+00  0.7218E+00
 -14.482  0.3663E+00  0.7255E+00
 -14.472  0.3695E+00  0.7292E+00
 -14.462  0.3729E+00  0.7329E+00
 -14.452  0.3764E+00  0.7367E+00
 -14.442  0.3799E+00  0.7405E+00
 -14.432  0.3836E+00  0.7443E+00
 -14.422  0.3872E+00  0.7482E+00
 -14.412  0.3910E+00  0.7521E+00
 -14.402  0.3947E+00  0.7560E+00
 -14.392  0.3984E+00  0.7600E+00
 -14.382  0.4021E+00  0.7640E+00
 -14.372  0.4057E+00  0.7681E+00
 -14.362  0.4092E+00  0.7722E+00
 -14.352  0.4126E+00  0.7763E+00
 -14.342  0.4158E+00  0.7805E+00
 -14.332  0.4189E+00  0.7846E+00
 -14.322  0.4217E+00  0.7889E+00
 -14.312  0.4244E+00  0.7931E+00
 -14.302  0.4268E+00  0.7974E+00
 -14.292  0.4289E+00  0.8017E+00
 -14.282  0.4308E+00  0.8060E+00
 -14.272  0.4324E+00  0.8103E+00
 -14.262  0.4337E+00  0.8146E+00
 -14.252  0.4347E+00  0.8190E+00
 -14.242  0.4354E+00  0.8233E+00
 -14.232  0.4358E+00  0.8277E+00
 -14.222  0.4360E+00  0.8321E+00
 -14.212  0.4358E+00  0.8364E+00
 -14.202  0.4353E+00  0.8408E+00
 -14.192  0.4346E+00  0.8451E+00
 -14.182  0.4337E+00  0.8494E+00
 -14.172  0.4325E+00  0.8538E+00
 -14.162  0.4310E+00  0.8581E+00
 -14.152  0.4294E+00  0.8624E+00
 -14.142  0.4276E+00  0.8667E+00
 -14.132  0.4257E+00  0.8709E+00
 -14.122  0.4236E+00  0.8751E+00
 -14.112  0.4214E+00  0.8794E+00
 -14.102  0.4191E+00  0.8835E+00
 -14.092  0.4168E+00  0.8877E+00
 -14.082  0.4143E+00  0.8919E+00
 -14.072  0.4119E+00  0.8960E+00
 -14.062  0.4094E+00  0.9001E+00
 -14.052  0.4069E+00  0.9041E+00
 -14.042  0.4044E+00  0.9082E+00
 -14.032  0.4020E+00  0.9122E+00
 -14.022  0.3995E+00  0.9162E+00
 -14.012  0.3971E+00  0.9202E+00
 -14.002  0.3948E+00  0.9241E+00
 -13.992  0.3925E+00  0.9280E+00
 -13.982  0.3902E+00  0.9319E+00
 -13.972  0.3880E+00  0.9358E+00
 -13.962  0.3859E+00  0.9397E+00
 -13.952  0.3838E+00  0.9435E+00
 -13.942  0.3818E+00  0.9473E+00
 -13.932  0.3798E+00  0.9511E+00
 -13.922  0.3779E+00  0.9549E+00
 -13.912  0.3761E+00  0.9587E+00
 -13.902  0.3743E+00  0.9624E+00
 -13.892  0.3726E+00  0.9661E+00
 -13.882  0.3709E+00  0.9699E+00
 -13.872  0.3693E+00  0.9736E+00
 -13.862  0.3677E+00  0.9772E+00
 -13.852  0.3662E+00  0.9809E+00
 -13.842  0.3647E+00  0.9845E+00
 -13.832  0.3633E+00  0.9882E+00
 -13.822  0.3619E+00  0.9918E+00
 -13.812  0.3605E+00  0.9954E+00
 -13.802  0.3592E+00  0.9990E+00
 -13.792  0.3579E+00  0.1003E+01
 -13.782  0.3566E+00  0.1006E+01
 -13.772  0.3553E+00  0.1010E+01
 -13.762  0.3541E+00  0.1013E+01
 -13.752  0.3529E+00  0.1017E+01
 -13.742  0.3518E+00  0.1020E+01
 -13.732  0.3506E+00  0.1024E+01
 -13.722  0.3495E+00  0.1027E+01
 -13.712  0.3484E+00  0.1031E+01
 -13.702  0.3473E+00  0.1034E+01
 -13.692  0.3462E+00  0.1038E+01
 -13.682  0.3452E+00  0.1041E+01
 -13.672  0.3441E+00  0.1045E+01
 -13.662  0.3431E+00  0.1048E+01
 -13.652  0.3421E+00  0.1051E+01
 -13.642  0.3411E+00  0.1055E+01
 -13.632  0.3401E+00  0.1058E+01
 -13.622  0.3391E+00  0.1062E+01
 -13.612  0.3382E+00  0.1065E+01
 -13.602  0.3372E+00  0.1068E+01
 -13.592  0.3363E+00  0.1072E+01
 -13.582  0.3354E+00  0.1075E+01
 -13.572  0.3345E+00  0.1078E+01
 -13.562  0.3336E+00  0.1082E+01
 -13.552  0.3327E+00  0.1085E+01
 -13.542  0.3318E+00  0.1088E+01
 -13.532  0.3309E+00  0.1092E+01
 -13.522  0.3301E+00  0.1095E+01
 -13.512  0.3292E+00  0.1098E+01
 -13.502  0.3283E+00  0.1102E+01
 -13.492  0.3275E+00  0.1105E+01
 -13.482  0.3267E+00  0.1108E+01
 -13.472  0.3258E+00  0.1111E+01
 -13.462  0.3250E+00  0.1115E+01
 -13.452  0.3242E+00  0.1118E+01
 -13.442  0.3234E+00  0.1121E+01
 -13.432  0.3226E+00  0.1124E+01
 -13.422  0.3218E+00  0.1128E+01
 -13.412  0.3210E+00  0.1131E+01
 -13.402  0.3203E+00  0.1134E+01
 -13.392  0.3195E+00  0.1137E+01
 -13.382  0.3187E+00  0.1140E+01
 -13.372  0.3180E+00  0.1144E+01
 -13.362  0.3172E+00  0.1147E+01
 -13.352  0.3165E+00  0.1150E+01
 -13.342  0.3157E+00  0.1153E+01
 -13.332  0.3150E+00  0.1156E+01
 -13.322  0.3142E+00  0.1159E+01
 -13.312  0.3135E+00  0.1162E+01
 -13.302  0.3128E+00  0.1166E+01
 -13.292  0.3121E+00  0.1169E+01
 -13.282  0.3114E+00  0.1172E+01
 -13.272  0.3106E+00  0.1175E+01
 -13.262  0.3099E+00  0.1178E+01
 -13.252  0.3092E+00  0.1181E+01
 -13.242  0.3085E+00  0.1184E+01
 -13.232  0.3078E+00  0.1187E+01
 -13.222  0.3072E+00  0.1190E+01
 -13.212  0.3065E+00  0.1193E+01
 -13.202  0.3058E+00  0.1197E+01
 -13.192  0.3051E+00  0.1200E+01
 -13.182  0.3045E+00  0.1203E+01
 -13.172  0.3038E+00  0.1206E+01
 -13.162  0.3031E+00  0.1209E+01
 -13.152  0.3025E+00  0.1212E+01
 -13.142  0.3018E+00  0.1215E+01
 -13.132  0.3012E+00  0.1218E+01
 -13.122  0.3005E+00  0.1221E+01
 -13.112  0.2999E+00  0.1224E+01
 -13.102  0.2992E+00  0.1227E+01
 -13.092  0.2986E+00  0.1230E+01
 -13.082  0.2979E+00  0.1233E+01
 -13.072  0.2973E+00  0.1236E+01
 -13.062  0.2967E+00  0.1239E+01
 -13.052  0.2961E+00  0.1242E+01
 -13.042  0.2954E+00  0.1245E+01
 -13.032  0.2948E+00  0.1247E+01
 -13.022  0.2942E+00  0.1250E+01
 -13.012  0.2936E+00  0.1253E+01
 -13.002  0.2930E+00  0.1256E+01
 -12.992  0.2924E+00  0.1259E+01
 -12.982  0.2918E+00  0.1262E+01
 -12.972  0.2912E+00  0.1265E+01
 -12.962  0.2906E+00  0.1268E+01
 -12.952  0.2900E+00  0.1271E+01
 -12.942  0.2894E+00  0.1274E+01
 -12.932  0.2889E+00  0.1277E+01
 -12.922  0.2883E+00  0.1280E+01
 -12.912  0.2877E+00  0.1282E+01
 -12.902  0.2872E+00  0.1285E+01
 -12.892  0.2866E+00  0.1288E+01
 -12.882  0.2861E+00  0.1291E+01
 -12.872  0.2856E+00  0.1294E+01
 -12.862  0.2851E+00  0.1297E+01
 -12.852  0.2846E+00  0.1300E+01
 -12.842  0.2841E+00  0.1302E+01
 -12.832  0.2837E+00  0.1305E+01
 -12.822  0.2832E+00  0.1308E+01
 -12.812  0.2828E+00  0.1311E+01
 -12.802  0.2825E+00  0.1314E+01
 -12.792  0.2821E+00  0.1317E+01
 -12.782  0.2818E+00  0.1319E+01
 -12.772  0.2816E+00  0.1322E+01
 -12.762  0.2814E+00  0.1325E+01
 -12.752  0.2813E+00  0.1328E+01
 -12.742  0.2812E+00  0.1331E+01
 -12.732  0.2812E+00  0.1333E+01
 -12.722  0.2812E+00  0.1336E+01
 -12.712  0.2814E+00  0.1339E+01
 -12.702  0.2816E+00  0.1342E+01
 -12.692  0.2819E+00  0.1345E+01
 -12.682  0.2823E+00  0.1348E+01
 -12.672  0.2828E+00  0.1350E+01
 -12.662  0.2834E+00  0.1353E+01
 -12.652  0.2842E+00  0.1356E+01
 -12.642  0.2850E+00  0.1359E+01
 -12.632  0.2860E+00  0.1362E+01
 -12.622  0.2870E+00  0.1365E+01
 -12.612  0.2882E+00  0.1367E+01
 -12.602  0.2896E+00  0.1370E+01
 -12.592  0.2910E+00  0.1373E+01
 -12.582  0.2925E+00  0.1376E+01
 -12.572  0.2942E+00  0.1379E+01
 -12.562  0.2960E+00  0.1382E+01
 -12.552  0.2978E+00  0.1385E+01
 -12.542  0.2998E+00  0.1388E+01
 -12.532  0.3018E+00  0.1391E+01
 -12.522  0.3039E+00  0.1394E+01
 -12.512  0.3061E+00  0.1397E+01
 -12.502  0.3083E+00  0.1400E+01
 -12.492  0.3106E+00  0.1403E+01
 -12.482  0.3129E+00  0.1407E+01
 -12.472  0.3152E+00  0.1410E+01
 -12.462  0.3175E+00  0.1413E+01
 -12.452  0.3198E+00  0.1416E+01
 -12.442  0.3221E+00  0.1419E+01
 -12.432  0.3244E+00  0.1423E+01
 -12.422  0.3266E+00  0.1426E+01
 -12.412  0.3288E+00  0.1429E+01
 -12.402  0.3308E+00  0.1432E+01
 -12.392  0.3329E+00  0.1436E+01
 -12.382  0.3348E+00  0.1439E+01
 -12.372  0.3367E+00  0.1442E+01
 -12.362  0.3385E+00  0.1446E+01
 -12.352  0.3402E+00  0.1449E+01
 -12.342  0.3418E+00  0.1453E+01
 -12.332  0.3433E+00  0.1456E+01
 -12.322  0.3447E+00  0.1459E+01
 -12.312  0.3460E+00  0.1463E+01
 -12.302  0.3472E+00  0.1466E+01
 -12.292  0.3483E+00  0.1470E+01
 -12.282  0.3494E+00  0.1473E+01
 -12.272  0.3504E+00  0.1477E+01
 -12.262  0.3512E+00  0.1480E+01
 -12.252  0.3521E+00  0.1484E+01
 -12.242  0.3528E+00  0.1487E+01
 -12.232  0.3535E+00  0.1491E+01
 -12.222  0.3541E+00  0.1495E+01
 -12.212  0.3547E+00  0.1498E+01
 -12.202  0.3552E+00  0.1502E+01
 -12.192  0.3557E+00  0.1505E+01
 -12.182  0.3561E+00  0.1509E+01
 -12.172  0.3565E+00  0.1512E+01
 -12.162  0.3569E+00  0.1516E+01
 -12.152  0.3572E+00  0.1519E+01
 -12.142  0.3575E+00  0.1523E+01
 -12.132  0.3578E+00  0.1527E+01
 -12.122  0.3581E+00  0.1530E+01
 -12.112  0.3583E+00  0.1534E+01
 -12.102  0.3586E+00  0.1537E+01
 -12.092  0.3588E+00  0.1541E+01
 -12.082  0.3591E+00  0.1545E+01
 -12.072  0.3593E+00  0.1548E+01
 -12.062  0.3595E+00  0.1552E+01
 -12.052  0.3597E+00  0.1555E+01
 -12.042  0.3599E+00  0.1559E+01
 -12.032  0.3601E+00  0.1563E+01
 -12.022  0.3603E+00  0.1566E+01
 -12.012  0.3605E+00  0.1570E+01
 -12.002  0.3607E+00  0.1573E+01
 -11.992  0.3609E+00  0.1577E+01
 -11.982  0.3611E+00  0.1581E+01
 -11.972  0.3613E+00  0.1584E+01
 -11.962  0.3615E+00  0.1588E+01
 -11.952  0.3617E+00  0.1591E+01
 -11.942  0.3619E+00  0.1595E+01
 -11.932  0.3621E+00  0.1599E+01
 -11.922  0.3623E+00  0.1602E+01
 -11.912  0.3625E+00  0.1606E+01
 -11.902  0.3627E+00  0.1610E+01
 -11.892  0.3629E+00  0.1613E+01
 -11.882  0.3631E+00  0.1617E+01
 -11.872  0.3633E+00  0.1620E+01
 -11.862  0.3635E+00  0.1624E+01
 -11.852  0.3637E+00  0.1628E+01
 -11.842  0.3639E+00  0.1631E+01
 -11.832  0.3641E+00  0.1635E+01
 -11.822  0.3643E+00  0.1639E+01
 -11.812  0.3645E+00  0.1642E+01
 -11.802  0.3647E+00  0.1646E+01
 -11.792  0.3649E+00  0.1650E+01
 -11.782  0.3651E+00  0.1653E+01
 -11.772  0.3653E+00  0.1657E+01
 -11.762  0.3656E+00  0.1661E+01
 -11.752  0.3658E+00  0.1664E+01
 -11.742  0.3660E+00  0.1668E+01
 -11.732  0.3662E+00  0.1671E+01
 -11.722  0.3664E+00  0.1675E+01
 -11.712  0.3667E+00  0.1679E+01
 -11.702  0.3669E+00  0.1682E+01
 -11.692  0.3671E+00  0.1686E+01
 -11.682  0.3673E+00  0.1690E+01
 -11.672  0.3675E+00  0.1694E+01
 -11.662  0.3677E+00  0.1697E+01
 -11.652  0.3679E+00  0.1701E+01
 -11.642  0.3681E+00  0.1705E+01
 -11.632  0.3683E+00  0.1708E+01
 -11.622  0.3685E+00  0.1712E+01
 -11.612  0.3688E+00  0.1716E+01
 -11.602  0.3690E+00  0.1719E+01
 -11.592  0.3692E+00  0.1723E+01
 -11.582  0.3694E+00  0.1727E+01
 -11.572  0.3697E+00  0.1730E+01
 -11.562  0.3699E+00  0.1734E+01
 -11.552  0.3702E+00  0.1738E+01
 -11.542  0.3704E+00  0.1741E+01
 -11.532  0.3707E+00  0.1745E+01
 -11.522  0.3709E+00  0.1749E+01
 -11.512  0.3712E+00  0.1753E+01
 -11.502  0.3714E+00  0.1756E+01
 -11.492  0.3717E+00  0.1760E+01
 -11.482  0.3719E+00  0.1764E+01
 -11.472  0.3721E+00  0.1767E+01
 -11.462  0.3724E+00  0.1771E+01
 -11.452  0.3726E+00  0.1775E+01
 -11.442  0.3728E+00  0.1779E+01
 -11.432  0.3731E+00  0.1782E+01
 -11.422  0.3733E+00  0.1786E+01
 -11.412  0.3735E+00  0.1790E+01
 -11.402  0.3738E+00  0.1794E+01
 -11.392  0.3740E+00  0.1797E+01
 -11.382  0.3742E+00  0.1801E+01
 -11.372  0.3745E+00  0.1805E+01
 -11.362  0.3747E+00  0.1809E+01
 -11.352  0.3750E+00  0.1812E+01
 -11.342  0.3752E+00  0.1816E+01
 -11.332  0.3755E+00  0.1820E+01
 -11.322  0.3757E+00  0.1824E+01
 -11.312  0.3760E+00  0.1827E+01
 -11.302  0.3763E+00  0.1831E+01
 -11.292  0.3766E+00  0.1835E+01
 -11.282  0.3769E+00  0.1839E+01
 -11.272  0.3772E+00  0.1842E+01
 -11.262  0.3775E+00  0.1846E+01
 -11.252  0.3777E+00  0.1850E+01
 -11.242  0.3780E+00  0.1854E+01
 -11.232  0.3783E+00  0.1858E+01
 -11.222  0.3786E+00  0.1861E+01
 -11.212  0.3788E+00  0.1865E+01
 -11.202  0.3791E+00  0.1869E+01
 -11.192  0.3794E+00  0.1873E+01
 -11.182  0.3796E+00  0.1876E+01
 -11.172  0.3799E+00  0.1880E+01
 -11.162  0.3801E+00  0.1884E+01
 -11.152  0.3804E+00  0.1888E+01
 -11.142  0.3806E+00  0.1892E+01
 -11.132  0.3809E+00  0.1896E+01
 -11.122  0.3812E+00  0.1899E+01
 -11.112  0.3814E+00  0.1903E+01
 -11.102  0.3817E+00  0.1907E+01
 -11.092  0.3820E+00  0.1911E+01
 -11.082  0.3823E+00  0.1915E+01
 -11.072  0.3826E+00  0.1918E+01
 -11.062  0.3829E+00  0.1922E+01
 -11.052  0.3833E+00  0.1926E+01
 -11.042  0.3836E+00  0.1930E+01
 -11.032  0.3839E+00  0.1934E+01
 -11.022  0.3842E+00  0.1938E+01
 -11.012  0.3846E+00  0.1941E+01
 -11.002  0.3849E+00  0.1945E+01
 -10.992  0.3852E+00  0.1949E+01
 -10.982  0.3855E+00  0.1953E+01
 -10.972  0.3859E+00  0.1957E+01
 -10.962  0.3862E+00  0.1961E+01
 -10.952  0.3865E+00  0.1965E+01
 -10.942  0.3868E+00  0.1968E+01
 -10.932  0.3871E+00  0.1972E+01
 -10.922  0.3873E+00  0.1976E+01
 -10.912  0.3876E+00  0.1980E+01
 -10.902  0.3879E+00  0.1984E+01
 -10.892  0.3882E+00  0.1988E+01
 -10.882  0.3885E+00  0.1992E+01
 -10.872  0.3888E+00  0.1996E+01
 -10.862  0.3891E+00  0.1999E+01
 -10.852  0.3895E+00  0.2003E+01
 -10.842  0.3898E+00  0.2007E+01
 -10.832  0.3901E+00  0.2011E+01
 -10.822  0.3905E+00  0.2015E+01
 -10.812  0.3908E+00  0.2019E+01
 -10.802  0.3912E+00  0.2023E+01
 -10.792  0.3916E+00  0.2027E+01
 -10.782  0.3919E+00  0.2031E+01
 -10.772  0.3923E+00  0.2035E+01
 -10.762  0.3927E+00  0.2039E+01
 -10.752  0.3931E+00  0.2043E+01
 -10.742  0.3934E+00  0.2046E+01
 -10.732  0.3938E+00  0.2050E+01
 -10.722  0.3942E+00  0.2054E+01
 -10.712  0.3945E+00  0.2058E+01
 -10.702  0.3949E+00  0.2062E+01
 -10.692  0.3952E+00  0.2066E+01
 -10.682  0.3956E+00  0.2070E+01
 -10.672  0.3959E+00  0.2074E+01
 -10.662  0.3963E+00  0.2078E+01
 -10.652  0.3966E+00  0.2082E+01
 -10.642  0.3969E+00  0.2086E+01
 -10.632  0.3973E+00  0.2090E+01
 -10.622  0.3976E+00  0.2094E+01
 -10.612  0.3980E+00  0.2098E+01
 -10.602  0.3984E+00  0.2102E+01
 -10.592  0.3987E+00  0.2106E+01
 -10.582  0.3991E+00  0.2110E+01
 -10.572  0.3995E+00  0.2114E+01
 -10.562  0.3999E+00  0.2118E+01
 -10.552  0.4003E+00  0.2122E+01
 -10.542  0.4008E+00  0.2126E+01
 -10.532  0.4012E+00  0.2130E+01
 -10.522  0.4016E+00  0.2134E+01
 -10.512  0.4021E+00  0.2138E+01
 -10.502  0.4025E+00  0.2142E+01
 -10.492  0.4029E+00  0.2146E+01
 -10.482  0.4034E+00  0.2150E+01
 -10.472  0.4038E+00  0.2154E+01
 -10.462  0.4042E+00  0.2158E+01
 -10.452  0.4046E+00  0.2162E+01
 -10.442  0.4051E+00  0.2166E+01
 -10.432  0.4055E+00  0.2170E+01
 -10.422  0.4059E+00  0.2174E+01
 -10.412  0.4063E+00  0.2178E+01
 -10.402  0.4067E+00  0.2182E+01
 -10.392  0.4071E+00  0.2187E+01
 -10.382  0.4075E+00  0.2191E+01
 -10.372  0.4079E+00  0.2195E+01
 -10.362  0.4083E+00  0.2199E+01
 -10.352  0.4088E+00  0.2203E+01
 -10.342  0.4092E+00  0.2207E+01
 -10.332  0.4096E+00  0.2211E+01
 -10.322  0.4101E+00  0.2215E+01
 -10.312  0.4106E+00  0.2219E+01
 -10.302  0.4111E+00  0.2223E+01
 -10.292  0.4116E+00  0.2227E+01
 -10.282  0.4121E+00  0.2232E+01
 -10.272  0.4126E+00  0.2236E+01
 -10.262  0.4131E+00  0.2240E+01
 -10.252  0.4136E+00  0.2244E+01
 -10.242  0.4141E+00  0.2248E+01
 -10.232  0.4146E+00  0.2252E+01
 -10.222  0.4151E+00  0.2256E+01
 -10.212  0.4156E+00  0.2261E+01
 -10.202  0.4161E+00  0.2265E+01
 -10.192  0.4166E+00  0.2269E+01
 -10.182  0.4171E+00  0.2273E+01
 -10.172  0.4176E+00  0.2277E+01
 -10.162  0.4180E+00  0.2281E+01
 -10.152  0.4185E+00  0.2286E+01
 -10.142  0.4190E+00  0.2290E+01
 -10.132  0.4195E+00  0.2294E+01
 -10.122  0.4200E+00  0.2298E+01
 -10.112  0.4205E+00  0.2302E+01
 -10.102  0.4211E+00  0.2307E+01
 -10.092  0.4216E+00  0.2311E+01
 -10.082  0.4221E+00  0.2315E+01
 -10.072  0.4227E+00  0.2319E+01
 -10.062  0.4232E+00  0.2324E+01
 -10.052  0.4238E+00  0.2328E+01
 -10.042  0.4244E+00  0.2332E+01
 -10.032  0.4250E+00  0.2336E+01
 -10.022  0.4256E+00  0.2341E+01
 -10.012  0.4262E+00  0.2345E+01
 -10.002  0.4269E+00  0.2349E+01
  -9.992  0.4275E+00  0.2353E+01
  -9.982  0.4281E+00  0.2358E+01
  -9.972  0.4288E+00  0.2362E+01
  -9.962  0.4294E+00  0.2366E+01
  -9.952  0.4301E+00  0.2370E+01
  -9.942  0.4307E+00  0.2375E+01
  -9.932  0.4314E+00  0.2379E+01
  -9.922  0.4322E+00  0.2383E+01
  -9.912  0.4329E+00  0.2388E+01
  -9.902  0.4337E+00  0.2392E+01
  -9.892  0.4345E+00  0.2396E+01
  -9.882  0.4354E+00  0.2401E+01
  -9.872  0.4363E+00  0.2405E+01
  -9.862  0.4373E+00  0.2410E+01
  -9.852  0.4383E+00  0.2414E+01
  -9.842  0.4395E+00  0.2418E+01
  -9.832  0.4408E+00  0.2423E+01
  -9.822  0.4421E+00  0.2427E+01
  -9.812  0.4436E+00  0.2432E+01
  -9.802  0.4453E+00  0.2436E+01
  -9.792  0.4470E+00  0.2440E+01
  -9.782  0.4490E+00  0.2445E+01
  -9.772  0.4511E+00  0.2449E+01
  -9.762  0.4534E+00  0.2454E+01
  -9.752  0.4559E+00  0.2459E+01
  -9.742  0.4587E+00  0.2463E+01
  -9.732  0.4617E+00  0.2468E+01
  -9.722  0.4649E+00  0.2472E+01
  -9.712  0.4684E+00  0.2477E+01
  -9.702  0.4722E+00  0.2482E+01
  -9.692  0.4762E+00  0.2487E+01
  -9.682  0.4806E+00  0.2491E+01
  -9.672  0.4853E+00  0.2496E+01
  -9.662  0.4903E+00  0.2501E+01
  -9.652  0.4956E+00  0.2506E+01
  -9.642  0.5012E+00  0.2511E+01
  -9.632  0.5071E+00  0.2516E+01
  -9.622  0.5133E+00  0.2521E+01
  -9.612  0.5199E+00  0.2527E+01
  -9.602  0.5267E+00  0.2532E+01
  -9.592  0.5337E+00  0.2537E+01
  -9.582  0.5410E+00  0.2543E+01
  -9.572  0.5486E+00  0.2548E+01
  -9.562  0.5562E+00  0.2554E+01
  -9.552  0.5641E+00  0.2559E+01
  -9.542  0.5721E+00  0.2565E+01
  -9.532  0.5801E+00  0.2571E+01
  -9.522  0.5882E+00  0.2577E+01
  -9.512  0.5963E+00  0.2583E+01
  -9.502  0.6044E+00  0.2589E+01
  -9.492  0.6125E+00  0.2595E+01
  -9.482  0.6204E+00  0.2601E+01
  -9.472  0.6282E+00  0.2607E+01
  -9.462  0.6359E+00  0.2614E+01
  -9.452  0.6434E+00  0.2620E+01
  -9.442  0.6506E+00  0.2627E+01
  -9.432  0.6576E+00  0.2633E+01
  -9.422  0.6644E+00  0.2640E+01
  -9.412  0.6709E+00  0.2646E+01
  -9.402  0.6772E+00  0.2653E+01
  -9.392  0.6831E+00  0.2660E+01
  -9.382  0.6887E+00  0.2667E+01
  -9.372  0.6941E+00  0.2674E+01
  -9.362  0.6992E+00  0.2681E+01
  -9.352  0.7039E+00  0.2688E+01
  -9.342  0.7084E+00  0.2695E+01
  -9.332  0.7127E+00  0.2702E+01
  -9.322  0.7166E+00  0.2709E+01
  -9.312  0.7203E+00  0.2717E+01
  -9.302  0.7238E+00  0.2724E+01
  -9.292  0.7271E+00  0.2731E+01
  -9.282  0.7301E+00  0.2738E+01
  -9.272  0.7330E+00  0.2746E+01
  -9.262  0.7357E+00  0.2753E+01
  -9.252  0.7382E+00  0.2760E+01
  -9.242  0.7406E+00  0.2768E+01
  -9.232  0.7429E+00  0.2775E+01
  -9.222  0.7451E+00  0.2783E+01
  -9.212  0.7471E+00  0.2790E+01
  -9.202  0.7491E+00  0.2798E+01
  -9.192  0.7510E+00  0.2805E+01
  -9.182  0.7528E+00  0.2813E+01
  -9.172  0.7546E+00  0.2820E+01
  -9.162  0.7564E+00  0.2828E+01
  -9.152  0.7581E+00  0.2835E+01
  -9.142  0.7597E+00  0.2843E+01
  -9.132  0.7614E+00  0.2851E+01
  -9.122  0.7631E+00  0.2858E+01
  -9.112  0.7647E+00  0.2866E+01
  -9.102  0.7664E+00  0.2874E+01
  -9.092  0.7680E+00  0.2881E+01
  -9.082  0.7697E+00  0.2889E+01
  -9.072  0.7714E+00  0.2897E+01
  -9.062  0.7731E+00  0.2904E+01
  -9.052  0.7749E+00  0.2912E+01
  -9.042  0.7766E+00  0.2920E+01
  -9.032  0.7784E+00  0.2928E+01
  -9.022  0.7802E+00  0.2935E+01
  -9.012  0.7821E+00  0.2943E+01
  -9.002  0.7839E+00  0.2951E+01
  -8.992  0.7859E+00  0.2959E+01
  -8.982  0.7878E+00  0.2967E+01
  -8.972  0.7898E+00  0.2975E+01
  -8.962  0.7918E+00  0.2983E+01
  -8.952  0.7938E+00  0.2991E+01
  -8.942  0.7959E+00  0.2999E+01
  -8.932  0.7980E+00  0.3007E+01
  -8.922  0.8002E+00  0.3015E+01
  -8.912  0.8024E+00  0.3023E+01
  -8.902  0.8046E+00  0.3031E+01
  -8.892  0.8069E+00  0.3039E+01
  -8.882  0.8092E+00  0.3047E+01
  -8.872  0.8116E+00  0.3055E+01
  -8.862  0.8141E+00  0.3063E+01
  -8.852  0.8166E+00  0.3071E+01
  -8.842  0.8192E+00  0.3079E+01
  -8.832  0.8218E+00  0.3088E+01
  -8.822  0.8246E+00  0.3096E+01
  -8.812  0.8274E+00  0.3104E+01
  -8.802  0.8303E+00  0.3112E+01
  -8.792  0.8333E+00  0.3121E+01
  -8.782  0.8364E+00  0.3129E+01
  -8.772  0.8395E+00  0.3138E+01
  -8.762  0.8428E+00  0.3146E+01
  -8.752  0.8462E+00  0.3154E+01
  -8.742  0.8497E+00  0.3163E+01
  -8.732  0.8534E+00  0.3171E+01
  -8.722  0.8571E+00  0.3180E+01
  -8.712  0.8610E+00  0.3189E+01
  -8.702  0.8650E+00  0.3197E+01
  -8.692  0.8692E+00  0.3206E+01
  -8.682  0.8735E+00  0.3215E+01
  -8.672  0.8780E+00  0.3223E+01
  -8.662  0.8827E+00  0.3232E+01
  -8.652  0.8875E+00  0.3241E+01
  -8.642  0.8925E+00  0.3250E+01
  -8.632  0.8977E+00  0.3259E+01
  -8.622  0.9031E+00  0.3268E+01
  -8.612  0.9087E+00  0.3277E+01
  -8.602  0.9145E+00  0.3286E+01
  -8.592  0.9205E+00  0.3296E+01
  -8.582  0.9266E+00  0.3305E+01
  -8.572  0.9330E+00  0.3314E+01
  -8.562  0.9395E+00  0.3324E+01
  -8.552  0.9462E+00  0.3333E+01
  -8.542  0.9530E+00  0.3343E+01
  -8.532  0.9599E+00  0.3352E+01
  -8.522  0.9669E+00  0.3362E+01
  -8.512  0.9740E+00  0.3372E+01
  -8.502  0.9812E+00  0.3381E+01
  -8.492  0.9883E+00  0.3391E+01
  -8.482  0.9953E+00  0.3401E+01
  -8.472  0.1002E+01  0.3411E+01
  -8.462  0.1009E+01  0.3421E+01
  -8.452  0.1016E+01  0.3431E+01
  -8.442  0.1022E+01  0.3442E+01
  -8.432  0.1028E+01  0.3452E+01
  -8.422  0.1034E+01  0.3462E+01
  -8.412  0.1040E+01  0.3473E+01
  -8.402  0.1045E+01  0.3483E+01
  -8.392  0.1049E+01  0.3494E+01
  -8.382  0.1053E+01  0.3504E+01
  -8.372  0.1057E+01  0.3515E+01
  -8.362  0.1060E+01  0.3525E+01
  -8.352  0.1062E+01  0.3536E+01
  -8.342  0.1063E+01  0.3547E+01
  -8.332  0.1064E+01  0.3557E+01
  -8.322  0.1065E+01  0.3568E+01
  -8.312  0.1064E+01  0.3579E+01
  -8.302  0.1063E+01  0.3589E+01
  -8.292  0.1062E+01  0.3600E+01
  -8.282  0.1059E+01  0.3610E+01
  -8.272  0.1056E+01  0.3621E+01
  -8.262  0.1052E+01  0.3631E+01
  -8.252  0.1048E+01  0.3642E+01
  -8.242  0.1043E+01  0.3652E+01
  -8.232  0.1038E+01  0.3663E+01
  -8.222  0.1032E+01  0.3673E+01
  -8.212  0.1026E+01  0.3683E+01
  -8.202  0.1020E+01  0.3694E+01
  -8.192  0.1013E+01  0.3704E+01
  -8.182  0.1006E+01  0.3714E+01
  -8.172  0.9984E+00  0.3724E+01
  -8.162  0.9910E+00  0.3734E+01
  -8.152  0.9833E+00  0.3743E+01
  -8.142  0.9757E+00  0.3753E+01
  -8.132  0.9679E+00  0.3763E+01
  -8.122  0.9602E+00  0.3773E+01
  -8.112  0.9526E+00  0.3782E+01
  -8.102  0.9450E+00  0.3791E+01
  -8.092  0.9375E+00  0.3801E+01
  -8.082  0.9301E+00  0.3810E+01
  -8.072  0.9229E+00  0.3819E+01
  -8.062  0.9159E+00  0.3829E+01
  -8.052  0.9090E+00  0.3838E+01
  -8.042  0.9023E+00  0.3847E+01
  -8.032  0.8959E+00  0.3856E+01
  -8.022  0.8896E+00  0.3865E+01
  -8.012  0.8835E+00  0.3873E+01
  -8.002  0.8776E+00  0.3882E+01
  -7.992  0.8719E+00  0.3891E+01
  -7.982  0.8664E+00  0.3900E+01
  -7.972  0.8611E+00  0.3908E+01
  -7.962  0.8560E+00  0.3917E+01
  -7.952  0.8510E+00  0.3925E+01
  -7.942  0.8462E+00  0.3934E+01
  -7.932  0.8416E+00  0.3942E+01
  -7.922  0.8371E+00  0.3950E+01
  -7.912  0.8328E+00  0.3959E+01
  -7.902  0.8286E+00  0.3967E+01
  -7.892  0.8245E+00  0.3975E+01
  -7.882  0.8206E+00  0.3983E+01
  -7.872  0.8167E+00  0.3992E+01
  -7.862  0.8130E+00  0.4000E+01
  -7.852  0.8094E+00  0.4008E+01
  -7.842  0.8059E+00  0.4016E+01
  -7.832  0.8024E+00  0.4024E+01
  -7.822  0.7991E+00  0.4032E+01
  -7.812  0.7959E+00  0.4040E+01
  -7.802  0.7927E+00  0.4048E+01
  -7.792  0.7896E+00  0.4056E+01
  -7.782  0.7866E+00  0.4064E+01
  -7.772  0.7837E+00  0.4071E+01
  -7.762  0.7808E+00  0.4079E+01
  -7.752  0.7780E+00  0.4087E+01
  -7.742  0.7753E+00  0.4095E+01
  -7.732  0.7726E+00  0.4103E+01
  -7.722  0.7699E+00  0.4110E+01
  -7.712  0.7673E+00  0.4118E+01
  -7.702  0.7648E+00  0.4126E+01
  -7.692  0.7622E+00  0.4133E+01
  -7.682  0.7598E+00  0.4141E+01
  -7.672  0.7573E+00  0.4148E+01
  -7.662  0.7550E+00  0.4156E+01
  -7.652  0.7526E+00  0.4163E+01
  -7.642  0.7503E+00  0.4171E+01
  -7.632  0.7480E+00  0.4178E+01
  -7.622  0.7457E+00  0.4186E+01
  -7.612  0.7435E+00  0.4193E+01
  -7.602  0.7414E+00  0.4201E+01
  -7.592  0.7392E+00  0.4208E+01
  -7.582  0.7371E+00  0.4215E+01
  -7.572  0.7350E+00  0.4223E+01
  -7.562  0.7330E+00  0.4230E+01
  -7.552  0.7310E+00  0.4237E+01
  -7.542  0.7290E+00  0.4245E+01
  -7.532  0.7271E+00  0.4252E+01
  -7.522  0.7251E+00  0.4259E+01
  -7.512  0.7233E+00  0.4266E+01
  -7.502  0.7214E+00  0.4274E+01
  -7.492  0.7196E+00  0.4281E+01
  -7.482  0.7177E+00  0.4288E+01
  -7.472  0.7159E+00  0.4295E+01
  -7.462  0.7142E+00  0.4302E+01
  -7.452  0.7124E+00  0.4310E+01
  -7.442  0.7107E+00  0.4317E+01
  -7.432  0.7089E+00  0.4324E+01
  -7.422  0.7072E+00  0.4331E+01
  -7.412  0.7055E+00  0.4338E+01
  -7.402  0.7039E+00  0.4345E+01
  -7.392  0.7022E+00  0.4352E+01
  -7.382  0.7006E+00  0.4359E+01
  -7.372  0.6990E+00  0.4366E+01
  -7.362  0.6974E+00  0.4373E+01
  -7.352  0.6958E+00  0.4380E+01
  -7.342  0.6942E+00  0.4387E+01
  -7.332  0.6927E+00  0.4394E+01
  -7.322  0.6912E+00  0.4401E+01
  -7.312  0.6897E+00  0.4407E+01
  -7.302  0.6882E+00  0.4414E+01
  -7.292  0.6867E+00  0.4421E+01
  -7.282  0.6853E+00  0.4428E+01
  -7.272  0.6838E+00  0.4435E+01
  -7.262  0.6824E+00  0.4442E+01
  -7.252  0.6810E+00  0.4449E+01
  -7.242  0.6796E+00  0.4455E+01
  -7.232  0.6783E+00  0.4462E+01
  -7.222  0.6769E+00  0.4469E+01
  -7.212  0.6755E+00  0.4476E+01
  -7.202  0.6742E+00  0.4482E+01
  -7.192  0.6729E+00  0.4489E+01
  -7.182  0.6715E+00  0.4496E+01
  -7.172  0.6702E+00  0.4503E+01
  -7.162  0.6689E+00  0.4509E+01
  -7.152  0.6676E+00  0.4516E+01
  -7.142  0.6663E+00  0.4523E+01
  -7.132  0.6651E+00  0.4529E+01
  -7.122  0.6638E+00  0.4536E+01
  -7.112  0.6626E+00  0.4543E+01
  -7.102  0.6613E+00  0.4549E+01
  -7.092  0.6601E+00  0.4556E+01
  -7.082  0.6589E+00  0.4562E+01
  -7.072  0.6577E+00  0.4569E+01
  -7.062  0.6565E+00  0.4575E+01
  -7.052  0.6554E+00  0.4582E+01
  -7.042  0.6542E+00  0.4589E+01
  -7.032  0.6531E+00  0.4595E+01
  -7.022  0.6520E+00  0.4602E+01
  -7.012  0.6508E+00  0.4608E+01
  -7.002  0.6497E+00  0.4615E+01
  -6.992  0.6486E+00  0.4621E+01
  -6.982  0.6475E+00  0.4628E+01
  -6.972  0.6464E+00  0.4634E+01
  -6.962  0.6453E+00  0.4640E+01
  -6.952  0.6443E+00  0.4647E+01
  -6.942  0.6432E+00  0.4653E+01
  -6.932  0.6421E+00  0.4660E+01
  -6.922  0.6411E+00  0.4666E+01
  -6.912  0.6400E+00  0.4673E+01
  -6.902  0.6390E+00  0.4679E+01
  -6.892  0.6380E+00  0.4685E+01
  -6.882  0.6369E+00  0.4692E+01
  -6.872  0.6359E+00  0.4698E+01
  -6.862  0.6349E+00  0.4704E+01
  -6.852  0.6339E+00  0.4711E+01
  -6.842  0.6330E+00  0.4717E+01
  -6.832  0.6320E+00  0.4723E+01
  -6.822  0.6310E+00  0.4730E+01
  -6.812  0.6301E+00  0.4736E+01
  -6.802  0.6291E+00  0.4742E+01
  -6.792  0.6282E+00  0.4749E+01
  -6.782  0.6272E+00  0.4755E+01
  -6.772  0.6263E+00  0.4761E+01
  -6.762  0.6254E+00  0.4767E+01
  -6.752  0.6245E+00  0.4774E+01
  -6.742  0.6236E+00  0.4780E+01
  -6.732  0.6227E+00  0.4786E+01
  -6.722  0.6218E+00  0.4792E+01
  -6.712  0.6209E+00  0.4799E+01
  -6.702  0.6200E+00  0.4805E+01
  -6.692  0.6192E+00  0.4811E+01
  -6.682  0.6183E+00  0.4817E+01
  -6.672  0.6174E+00  0.4823E+01
  -6.662  0.6166E+00  0.4829E+01
  -6.652  0.6157E+00  0.4836E+01
  -6.642  0.6149E+00  0.4842E+01
  -6.632  0.6140E+00  0.4848E+01
  -6.622  0.6132E+00  0.4854E+01
  -6.612  0.6124E+00  0.4860E+01
  -6.602  0.6116E+00  0.4866E+01
  -6.592  0.6108E+00  0.4872E+01
  -6.582  0.6100E+00  0.4878E+01
  -6.572  0.6092E+00  0.4885E+01
  -6.562  0.6084E+00  0.4891E+01
  -6.552  0.6076E+00  0.4897E+01
  -6.542  0.6068E+00  0.4903E+01
  -6.532  0.6061E+00  0.4909E+01
  -6.522  0.6053E+00  0.4915E+01
  -6.512  0.6046E+00  0.4921E+01
  -6.502  0.6038E+00  0.4927E+01
  -6.492  0.6031E+00  0.4933E+01
  -6.482  0.6023E+00  0.4939E+01
  -6.472  0.6016E+00  0.4945E+01
  -6.462  0.6009E+00  0.4951E+01
  -6.452  0.6001E+00  0.4957E+01
  -6.442  0.5994E+00  0.4963E+01
  -6.432  0.5987E+00  0.4969E+01
  -6.422  0.5980E+00  0.4975E+01
  -6.412  0.5973E+00  0.4981E+01
  -6.402  0.5966E+00  0.4987E+01
  -6.392  0.5959E+00  0.4993E+01
  -6.382  0.5952E+00  0.4999E+01
  -6.372  0.5945E+00  0.5005E+01
  -6.362  0.5938E+00  0.5011E+01
  -6.352  0.5932E+00  0.5017E+01
  -6.342  0.5925E+00  0.5023E+01
  -6.332  0.5918E+00  0.5029E+01
  -6.322  0.5912E+00  0.5034E+01
  -6.312  0.5906E+00  0.5040E+01
  -6.302  0.5899E+00  0.5046E+01
  -6.292  0.5893E+00  0.5052E+01
  -6.282  0.5887E+00  0.5058E+01
  -6.272  0.5880E+00  0.5064E+01
  -6.262  0.5874E+00  0.5070E+01
  -6.252  0.5868E+00  0.5076E+01
  -6.242  0.5862E+00  0.5082E+01
  -6.232  0.5856E+00  0.5087E+01
  -6.222  0.5850E+00  0.5093E+01
  -6.212  0.5844E+00  0.5099E+01
  -6.202  0.5838E+00  0.5105E+01
  -6.192  0.5832E+00  0.5111E+01
  -6.182  0.5826E+00  0.5117E+01
  -6.172  0.5820E+00  0.5122E+01
  -6.162  0.5814E+00  0.5128E+01
  -6.152  0.5809E+00  0.5134E+01
  -6.142  0.5803E+00  0.5140E+01
  -6.132  0.5798E+00  0.5146E+01
  -6.122  0.5792E+00  0.5151E+01
  -6.112  0.5787E+00  0.5157E+01
  -6.102  0.5781E+00  0.5163E+01
  -6.092  0.5776E+00  0.5169E+01
  -6.082  0.5771E+00  0.5175E+01
  -6.072  0.5766E+00  0.5180E+01
  -6.062  0.5760E+00  0.5186E+01
  -6.052  0.5755E+00  0.5192E+01
  -6.042  0.5750E+00  0.5198E+01
  -6.032  0.5745E+00  0.5203E+01
  -6.022  0.5740E+00  0.5209E+01
  -6.012  0.5735E+00  0.5215E+01
  -6.002  0.5730E+00  0.5220E+01
  -5.992  0.5725E+00  0.5226E+01
  -5.982  0.5721E+00  0.5232E+01
  -5.972  0.5716E+00  0.5238E+01
  -5.962  0.5711E+00  0.5243E+01
  -5.952  0.5706E+00  0.5249E+01
  -5.942  0.5702E+00  0.5255E+01
  -5.932  0.5697E+00  0.5260E+01
  -5.922  0.5693E+00  0.5266E+01
  -5.912  0.5688E+00  0.5272E+01
  -5.902  0.5684E+00  0.5278E+01
  -5.892  0.5679E+00  0.5283E+01
  -5.882  0.5675E+00  0.5289E+01
  -5.872  0.5671E+00  0.5295E+01
  -5.862  0.5667E+00  0.5300E+01
  -5.852  0.5663E+00  0.5306E+01
  -5.842  0.5659E+00  0.5312E+01
  -5.832  0.5655E+00  0.5317E+01
  -5.822  0.5651E+00  0.5323E+01
  -5.812  0.5647E+00  0.5329E+01
  -5.802  0.5643E+00  0.5334E+01
  -5.792  0.5639E+00  0.5340E+01
  -5.782  0.5635E+00  0.5345E+01
  -5.772  0.5631E+00  0.5351E+01
  -5.762  0.5628E+00  0.5357E+01
  -5.752  0.5624E+00  0.5362E+01
  -5.742  0.5620E+00  0.5368E+01
  -5.732  0.5617E+00  0.5374E+01
  -5.722  0.5613E+00  0.5379E+01
  -5.712  0.5610E+00  0.5385E+01
  -5.702  0.5607E+00  0.5390E+01
  -5.692  0.5603E+00  0.5396E+01
  -5.682  0.5600E+00  0.5402E+01
  -5.672  0.5597E+00  0.5407E+01
  -5.662  0.5594E+00  0.5413E+01
  -5.652  0.5591E+00  0.5418E+01
  -5.642  0.5588E+00  0.5424E+01
  -5.632  0.5585E+00  0.5430E+01
  -5.622  0.5582E+00  0.5435E+01
  -5.612  0.5580E+00  0.5441E+01
  -5.602  0.5577E+00  0.5446E+01
  -5.592  0.5574E+00  0.5452E+01
  -5.582  0.5572E+00  0.5457E+01
  -5.572  0.5569E+00  0.5463E+01
  -5.562  0.5566E+00  0.5469E+01
  -5.552  0.5564E+00  0.5474E+01
  -5.542  0.5561E+00  0.5480E+01
  -5.532  0.5559E+00  0.5485E+01
  -5.522  0.5556E+00  0.5491E+01
  -5.512  0.5554E+00  0.5496E+01
  -5.502  0.5552E+00  0.5502E+01
  -5.492  0.5550E+00  0.5507E+01
  -5.482  0.5548E+00  0.5513E+01
  -5.472  0.5546E+00  0.5519E+01
  -5.462  0.5544E+00  0.5524E+01
  -5.452  0.5542E+00  0.5530E+01
  -5.442  0.5541E+00  0.5535E+01
  -5.432  0.5539E+00  0.5541E+01
  -5.422  0.5538E+00  0.5546E+01
  -5.412  0.5536E+00  0.5552E+01
  -5.402  0.5535E+00  0.5557E+01
  -5.392  0.5533E+00  0.5563E+01
  -5.382  0.5532E+00  0.5568E+01
  -5.372  0.5530E+00  0.5574E+01
  -5.362  0.5529E+00  0.5579E+01
  -5.352  0.5527E+00  0.5585E+01
  -5.342  0.5526E+00  0.5590E+01
  -5.332  0.5525E+00  0.5596E+01
  -5.322  0.5523E+00  0.5602E+01
  -5.312  0.5521E+00  0.5607E+01
  -5.302  0.5520E+00  0.5613E+01
  -5.292  0.5518E+00  0.5618E+01
  -5.282  0.5516E+00  0.5624E+01
  -5.272  0.5514E+00  0.5629E+01
  -5.262  0.5512E+00  0.5635E+01
  -5.252  0.5509E+00  0.5640E+01
  -5.242  0.5506E+00  0.5646E+01
  -5.232  0.5503E+00  0.5651E+01
  -5.222  0.5499E+00  0.5657E+01
  -5.212  0.5494E+00  0.5662E+01
  -5.202  0.5489E+00  0.5668E+01
  -5.192  0.5483E+00  0.5673E+01
  -5.182  0.5477E+00  0.5679E+01
  -5.172  0.5469E+00  0.5684E+01
  -5.162  0.5460E+00  0.5690E+01
  -5.152  0.5449E+00  0.5695E+01
  -5.142  0.5438E+00  0.5700E+01
  -5.132  0.5424E+00  0.5706E+01
  -5.122  0.5409E+00  0.5711E+01
  -5.112  0.5392E+00  0.5717E+01
  -5.102  0.5374E+00  0.5722E+01
  -5.092  0.5353E+00  0.5727E+01
  -5.082  0.5331E+00  0.5733E+01
  -5.072  0.5306E+00  0.5738E+01
  -5.062  0.5279E+00  0.5743E+01
  -5.052  0.5249E+00  0.5749E+01
  -5.042  0.5218E+00  0.5754E+01
  -5.032  0.5184E+00  0.5759E+01
  -5.022  0.5148E+00  0.5764E+01
  -5.012  0.5110E+00  0.5769E+01
  -5.002  0.5070E+00  0.5774E+01
  -4.992  0.5027E+00  0.5779E+01
  -4.982  0.4983E+00  0.5784E+01
  -4.972  0.4937E+00  0.5789E+01
  -4.962  0.4889E+00  0.5794E+01
  -4.952  0.4840E+00  0.5799E+01
  -4.942  0.4790E+00  0.5804E+01
  -4.932  0.4739E+00  0.5808E+01
  -4.922  0.4687E+00  0.5813E+01
  -4.912  0.4635E+00  0.5818E+01
  -4.902  0.4583E+00  0.5822E+01
  -4.892  0.4532E+00  0.5827E+01
  -4.882  0.4481E+00  0.5831E+01
  -4.872  0.4430E+00  0.5836E+01
  -4.862  0.4381E+00  0.5840E+01
  -4.852  0.4334E+00  0.5845E+01
  -4.842  0.4288E+00  0.5849E+01
  -4.832  0.4244E+00  0.5853E+01
  -4.822  0.4203E+00  0.5857E+01
  -4.812  0.4164E+00  0.5861E+01
  -4.802  0.4127E+00  0.5866E+01
  -4.792  0.4094E+00  0.5870E+01
  -4.782  0.4063E+00  0.5874E+01
  -4.772  0.4035E+00  0.5878E+01
  -4.762  0.4010E+00  0.5882E+01
  -4.752  0.3989E+00  0.5886E+01
  -4.742  0.3970E+00  0.5890E+01
  -4.732  0.3955E+00  0.5894E+01
  -4.722  0.3942E+00  0.5898E+01
  -4.712  0.3933E+00  0.5902E+01
  -4.702  0.3926E+00  0.5905E+01
  -4.692  0.3922E+00  0.5909E+01
  -4.682  0.3921E+00  0.5913E+01
  -4.672  0.3922E+00  0.5917E+01
  -4.662  0.3926E+00  0.5921E+01
  -4.652  0.3933E+00  0.5925E+01
  -4.642  0.3942E+00  0.5929E+01
  -4.632  0.3953E+00  0.5933E+01
  -4.622  0.3966E+00  0.5937E+01
  -4.612  0.3982E+00  0.5941E+01
  -4.602  0.4000E+00  0.5945E+01
  -4.592  0.4020E+00  0.5949E+01
  -4.582  0.4042E+00  0.5953E+01
  -4.572  0.4066E+00  0.5957E+01
  -4.562  0.4092E+00  0.5961E+01
  -4.552  0.4120E+00  0.5965E+01
  -4.542  0.4149E+00  0.5969E+01
  -4.532  0.4181E+00  0.5974E+01
  -4.522  0.4214E+00  0.5978E+01
  -4.512  0.4249E+00  0.5982E+01
  -4.502  0.4285E+00  0.5986E+01
  -4.492  0.4323E+00  0.5991E+01
  -4.482  0.4362E+00  0.5995E+01
  -4.472  0.4403E+00  0.5999E+01
  -4.462  0.4445E+00  0.6004E+01
  -4.452  0.4487E+00  0.6008E+01
  -4.442  0.4531E+00  0.6013E+01
  -4.432  0.4575E+00  0.6017E+01
  -4.422  0.4620E+00  0.6022E+01
  -4.412  0.4665E+00  0.6027E+01
  -4.402  0.4710E+00  0.6031E+01
  -4.392  0.4755E+00  0.6036E+01
  -4.382  0.4799E+00  0.6041E+01
  -4.372  0.4843E+00  0.6046E+01
  -4.362  0.4885E+00  0.6051E+01
  -4.352  0.4926E+00  0.6056E+01
  -4.342  0.4964E+00  0.6061E+01
  -4.332  0.5001E+00  0.6066E+01
  -4.322  0.5035E+00  0.6071E+01
  -4.312  0.5066E+00  0.6076E+01
  -4.302  0.5094E+00  0.6081E+01
  -4.292  0.5117E+00  0.6086E+01
  -4.282  0.5137E+00  0.6091E+01
  -4.272  0.5153E+00  0.6096E+01
  -4.262  0.5163E+00  0.6101E+01
  -4.252  0.5169E+00  0.6107E+01
  -4.242  0.5170E+00  0.6112E+01
  -4.232  0.5166E+00  0.6117E+01
  -4.222  0.5157E+00  0.6122E+01
  -4.212  0.5143E+00  0.6127E+01
  -4.202  0.5123E+00  0.6132E+01
  -4.192  0.5098E+00  0.6137E+01
  -4.182  0.5069E+00  0.6143E+01
  -4.172  0.5035E+00  0.6148E+01
  -4.162  0.4996E+00  0.6153E+01
  -4.152  0.4953E+00  0.6158E+01
  -4.142  0.4907E+00  0.6162E+01
  -4.132  0.4857E+00  0.6167E+01
  -4.122  0.4804E+00  0.6172E+01
  -4.112  0.4748E+00  0.6177E+01
  -4.102  0.4689E+00  0.6182E+01
  -4.092  0.4629E+00  0.6186E+01
  -4.082  0.4567E+00  0.6191E+01
  -4.072  0.4503E+00  0.6195E+01
  -4.062  0.4439E+00  0.6200E+01
  -4.052  0.4374E+00  0.6204E+01
  -4.042  0.4308E+00  0.6208E+01
  -4.032  0.4243E+00  0.6213E+01
  -4.022  0.4178E+00  0.6217E+01
  -4.012  0.4113E+00  0.6221E+01
  -4.002  0.4049E+00  0.6225E+01
  -3.992  0.3986E+00  0.6229E+01
  -3.982  0.3923E+00  0.6233E+01
  -3.972  0.3862E+00  0.6237E+01
  -3.962  0.3803E+00  0.6240E+01
  -3.952  0.3744E+00  0.6244E+01
  -3.942  0.3688E+00  0.6248E+01
  -3.932  0.3632E+00  0.6252E+01
  -3.922  0.3579E+00  0.6255E+01
  -3.912  0.3527E+00  0.6259E+01
  -3.902  0.3476E+00  0.6262E+01
  -3.892  0.3428E+00  0.6266E+01
  -3.882  0.3380E+00  0.6269E+01
  -3.872  0.3335E+00  0.6272E+01
  -3.862  0.3290E+00  0.6276E+01
  -3.852  0.3247E+00  0.6279E+01
  -3.842  0.3206E+00  0.6282E+01
  -3.832  0.3166E+00  0.6285E+01
  -3.822  0.3126E+00  0.6288E+01
  -3.812  0.3088E+00  0.6291E+01
  -3.802  0.3051E+00  0.6294E+01
  -3.792  0.3015E+00  0.6297E+01
  -3.782  0.2980E+00  0.6300E+01
  -3.772  0.2946E+00  0.6303E+01
  -3.762  0.2912E+00  0.6306E+01
  -3.752  0.2879E+00  0.6309E+01
  -3.742  0.2847E+00  0.6312E+01
  -3.732  0.2816E+00  0.6315E+01
  -3.722  0.2785E+00  0.6318E+01
  -3.712  0.2755E+00  0.6320E+01
  -3.702  0.2725E+00  0.6323E+01
  -3.692  0.2697E+00  0.6326E+01
  -3.682  0.2668E+00  0.6328E+01
  -3.672  0.2641E+00  0.6331E+01
  -3.662  0.2614E+00  0.6334E+01
  -3.652  0.2587E+00  0.6336E+01
  -3.642  0.2561E+00  0.6339E+01
  -3.632  0.2535E+00  0.6341E+01
  -3.622  0.2510E+00  0.6344E+01
  -3.612  0.2485E+00  0.6346E+01
  -3.602  0.2461E+00  0.6349E+01
  -3.592  0.2437E+00  0.6351E+01
  -3.582  0.2413E+00  0.6354E+01
  -3.572  0.2390E+00  0.6356E+01
  -3.562  0.2366E+00  0.6358E+01
  -3.552  0.2344E+00  0.6361E+01
  -3.542  0.2321E+00  0.6363E+01
  -3.532  0.2298E+00  0.6365E+01
  -3.522  0.2276E+00  0.6368E+01
  -3.512  0.2254E+00  0.6370E+01
  -3.502  0.2233E+00  0.6372E+01
  -3.492  0.2211E+00  0.6374E+01
  -3.482  0.2190E+00  0.6377E+01
  -3.472  0.2169E+00  0.6379E+01
  -3.462  0.2148E+00  0.6381E+01
  -3.452  0.2128E+00  0.6383E+01
  -3.442  0.2108E+00  0.6385E+01
  -3.432  0.2088E+00  0.6387E+01
  -3.422  0.2069E+00  0.6389E+01
  -3.412  0.2049E+00  0.6391E+01
  -3.402  0.2030E+00  0.6393E+01
  -3.392  0.2011E+00  0.6395E+01
  -3.382  0.1992E+00  0.6397E+01
  -3.372  0.1974E+00  0.6399E+01
  -3.362  0.1955E+00  0.6401E+01
  -3.352  0.1937E+00  0.6403E+01
  -3.342  0.1919E+00  0.6405E+01
  -3.332  0.1901E+00  0.6407E+01
  -3.322  0.1883E+00  0.6409E+01
  -3.312  0.1865E+00  0.6411E+01
  -3.302  0.1848E+00  0.6413E+01
  -3.292  0.1830E+00  0.6415E+01
  -3.282  0.1813E+00  0.6416E+01
  -3.272  0.1795E+00  0.6418E+01
  -3.262  0.1778E+00  0.6420E+01
  -3.252  0.1761E+00  0.6422E+01
  -3.242  0.1744E+00  0.6423E+01
  -3.232  0.1728E+00  0.6425E+01
  -3.222  0.1711E+00  0.6427E+01
  -3.212  0.1695E+00  0.6429E+01
  -3.202  0.1679E+00  0.6430E+01
  -3.192  0.1663E+00  0.6432E+01
  -3.182  0.1647E+00  0.6434E+01
  -3.172  0.1631E+00  0.6435E+01
  -3.162  0.1615E+00  0.6437E+01
  -3.152  0.1600E+00  0.6438E+01
  -3.142  0.1584E+00  0.6440E+01
  -3.132  0.1569E+00  0.6442E+01
  -3.122  0.1553E+00  0.6443E+01
  -3.112  0.1538E+00  0.6445E+01
  -3.102  0.1523E+00  0.6446E+01
  -3.092  0.1508E+00  0.6448E+01
  -3.082  0.1493E+00  0.6449E+01
  -3.072  0.1478E+00  0.6451E+01
  -3.062  0.1463E+00  0.6452E+01
  -3.052  0.1448E+00  0.6454E+01
  -3.042  0.1434E+00  0.6455E+01
  -3.032  0.1419E+00  0.6456E+01
  -3.022  0.1405E+00  0.6458E+01
  -3.012  0.1390E+00  0.6459E+01
  -3.002  0.1376E+00  0.6461E+01
  -2.992  0.1362E+00  0.6462E+01
  -2.982  0.1347E+00  0.6463E+01
  -2.972  0.1333E+00  0.6465E+01
  -2.962  0.1319E+00  0.6466E+01
  -2.952  0.1306E+00  0.6467E+01
  -2.942  0.1292E+00  0.6469E+01
  -2.932  0.1278E+00  0.6470E+01
  -2.922  0.1265E+00  0.6471E+01
  -2.912  0.1251E+00  0.6472E+01
  -2.902  0.1238E+00  0.6474E+01
  -2.892  0.1224E+00  0.6475E+01
  -2.882  0.1211E+00  0.6476E+01
  -2.872  0.1197E+00  0.6477E+01
  -2.862  0.1184E+00  0.6478E+01
  -2.852  0.1171E+00  0.6480E+01
  -2.842  0.1158E+00  0.6481E+01
  -2.832  0.1144E+00  0.6482E+01
  -2.822  0.1131E+00  0.6483E+01
  -2.812  0.1118E+00  0.6484E+01
  -2.802  0.1105E+00  0.6485E+01
  -2.792  0.1092E+00  0.6486E+01
  -2.782  0.1079E+00  0.6487E+01
  -2.772  0.1066E+00  0.6488E+01
  -2.762  0.1054E+00  0.6489E+01
  -2.752  0.1041E+00  0.6491E+01
  -2.742  0.1028E+00  0.6492E+01
  -2.732  0.1016E+00  0.6493E+01
  -2.722  0.1003E+00  0.6494E+01
  -2.712  0.9909E-01  0.6495E+01
  -2.702  0.9785E-01  0.6496E+01
  -2.692  0.9661E-01  0.6496E+01
  -2.682  0.9538E-01  0.6497E+01
  -2.672  0.9415E-01  0.6498E+01
  -2.662  0.9292E-01  0.6499E+01
  -2.652  0.9170E-01  0.6500E+01
  -2.642  0.9048E-01  0.6501E+01
  -2.632  0.8926E-01  0.6502E+01
  -2.622  0.8805E-01  0.6503E+01
  -2.612  0.8684E-01  0.6504E+01
  -2.602  0.8563E-01  0.6505E+01
  -2.592  0.8443E-01  0.6505E+01
  -2.582  0.8323E-01  0.6506E+01
  -2.572  0.8203E-01  0.6507E+01
  -2.562  0.8084E-01  0.6508E+01
  -2.552  0.7965E-01  0.6509E+01
  -2.542  0.7846E-01  0.6510E+01
  -2.532  0.7728E-01  0.6510E+01
  -2.522  0.7611E-01  0.6511E+01
  -2.512  0.7493E-01  0.6512E+01
  -2.502  0.7376E-01  0.6513E+01
  -2.492  0.7260E-01  0.6513E+01
  -2.482  0.7144E-01  0.6514E+01
  -2.472  0.7028E-01  0.6515E+01
  -2.462  0.6912E-01  0.6515E+01
  -2.452  0.6796E-01  0.6516E+01
  -2.442  0.6681E-01  0.6517E+01
  -2.432  0.6566E-01  0.6517E+01
  -2.422  0.6451E-01  0.6518E+01
  -2.412  0.6336E-01  0.6519E+01
  -2.402  0.6222E-01  0.6519E+01
  -2.392  0.6107E-01  0.6520E+01
  -2.382  0.5993E-01  0.6520E+01
  -2.372  0.5879E-01  0.6521E+01
  -2.362  0.5765E-01  0.6522E+01
  -2.352  0.5652E-01  0.6522E+01
  -2.342  0.5538E-01  0.6523E+01
  -2.332  0.5425E-01  0.6523E+01
  -2.322  0.5312E-01  0.6524E+01
  -2.312  0.5200E-01  0.6524E+01
  -2.302  0.5088E-01  0.6525E+01
  -2.292  0.4975E-01  0.6525E+01
  -2.282  0.4864E-01  0.6526E+01
  -2.272  0.4752E-01  0.6526E+01
  -2.262  0.4640E-01  0.6527E+01
  -2.252  0.4529E-01  0.6527E+01
  -2.242  0.4418E-01  0.6528E+01
  -2.232  0.4307E-01  0.6528E+01
  -2.222  0.4197E-01  0.6529E+01
  -2.212  0.4086E-01  0.6529E+01
  -2.202  0.3976E-01  0.6529E+01
  -2.192  0.3867E-01  0.6530E+01
  -2.182  0.3757E-01  0.6530E+01
  -2.172  0.3648E-01  0.6530E+01
  -2.162  0.3540E-01  0.6531E+01
  -2.152  0.3432E-01  0.6531E+01
  -2.142  0.3325E-01  0.6532E+01
  -2.132  0.3218E-01  0.6532E+01
  -2.122  0.3113E-01  0.6532E+01
  -2.112  0.3008E-01  0.6532E+01
  -2.102  0.2904E-01  0.6533E+01
  -2.092  0.2802E-01  0.6533E+01
  -2.082  0.2701E-01  0.6533E+01
  -2.072  0.2602E-01  0.6534E+01
  -2.062  0.2504E-01  0.6534E+01
  -2.052  0.2408E-01  0.6534E+01
  -2.042  0.2314E-01  0.6534E+01
  -2.032  0.2223E-01  0.6534E+01
  -2.022  0.2134E-01  0.6535E+01
  -2.012  0.2048E-01  0.6535E+01
  -2.002  0.1965E-01  0.6535E+01
  -1.992  0.1885E-01  0.6535E+01
  -1.982  0.1809E-01  0.6535E+01
  -1.972  0.1736E-01  0.6536E+01
  -1.962  0.1668E-01  0.6536E+01
  -1.952  0.1604E-01  0.6536E+01
  -1.942  0.1545E-01  0.6536E+01
  -1.932  0.1490E-01  0.6536E+01
  -1.922  0.1441E-01  0.6536E+01
  -1.912  0.1397E-01  0.6537E+01
  -1.902  0.1359E-01  0.6537E+01
  -1.892  0.1326E-01  0.6537E+01
  -1.882  0.1300E-01  0.6537E+01
  -1.872  0.1279E-01  0.6537E+01
  -1.862  0.1265E-01  0.6537E+01
  -1.852  0.1256E-01  0.6537E+01
  -1.842  0.1254E-01  0.6537E+01
  -1.832  0.1259E-01  0.6538E+01
  -1.822  0.1270E-01  0.6538E+01
  -1.812  0.1287E-01  0.6538E+01
  -1.802  0.1310E-01  0.6538E+01
  -1.792  0.1339E-01  0.6538E+01
  -1.782  0.1375E-01  0.6538E+01
  -1.772  0.1416E-01  0.6538E+01
  -1.762  0.1463E-01  0.6539E+01
  -1.752  0.1515E-01  0.6539E+01
  -1.742  0.1573E-01  0.6539E+01
  -1.732  0.1635E-01  0.6539E+01
  -1.722  0.1703E-01  0.6539E+01
  -1.712  0.1775E-01  0.6539E+01
  -1.702  0.1851E-01  0.6540E+01
  -1.692  0.1932E-01  0.6540E+01
  -1.682  0.2016E-01  0.6540E+01
  -1.672  0.2104E-01  0.6540E+01
  -1.662  0.2195E-01  0.6540E+01
  -1.652  0.2289E-01  0.6541E+01
  -1.642  0.2386E-01  0.6541E+01
  -1.632  0.2485E-01  0.6541E+01
  -1.622  0.2587E-01  0.6541E+01
  -1.612  0.2691E-01  0.6542E+01
  -1.602  0.2797E-01  0.6542E+01
  -1.592  0.2905E-01  0.6542E+01
  -1.582  0.3015E-01  0.6542E+01
  -1.572  0.3126E-01  0.6543E+01
  -1.562  0.3238E-01  0.6543E+01
  -1.552  0.3352E-01  0.6543E+01
  -1.542  0.3467E-01  0.6544E+01
  -1.532  0.3583E-01  0.6544E+01
  -1.522  0.3700E-01  0.6545E+01
  -1.512  0.3818E-01  0.6545E+01
  -1.502  0.3937E-01  0.6545E+01
  -1.492  0.4056E-01  0.6546E+01
  -1.482  0.4177E-01  0.6546E+01
  -1.472  0.4298E-01  0.6547E+01
  -1.462  0.4420E-01  0.6547E+01
  -1.452  0.4542E-01  0.6547E+01
  -1.442  0.4665E-01  0.6548E+01
  -1.432  0.4789E-01  0.6548E+01
  -1.422  0.4913E-01  0.6549E+01
  -1.412  0.5038E-01  0.6549E+01
  -1.402  0.5164E-01  0.6550E+01
  -1.392  0.5290E-01  0.6550E+01
  -1.382  0.5417E-01  0.6551E+01
  -1.372  0.5545E-01  0.6552E+01
  -1.362  0.5673E-01  0.6552E+01
  -1.352  0.5802E-01  0.6553E+01
  -1.342  0.5932E-01  0.6553E+01
  -1.332  0.6063E-01  0.6554E+01
  -1.322  0.6194E-01  0.6555E+01
  -1.312  0.6327E-01  0.6555E+01
  -1.302  0.6460E-01  0.6556E+01
  -1.292  0.6593E-01  0.6556E+01
  -1.282  0.6728E-01  0.6557E+01
  -1.272  0.6863E-01  0.6558E+01
  -1.262  0.7000E-01  0.6559E+01
  -1.252  0.7137E-01  0.6559E+01
  -1.242  0.7274E-01  0.6560E+01
  -1.232  0.7413E-01  0.6561E+01
  -1.222  0.7553E-01  0.6561E+01
  -1.212  0.7694E-01  0.6562E+01
  -1.202  0.7835E-01  0.6563E+01
  -1.192  0.7978E-01  0.6564E+01
  -1.182  0.8122E-01  0.6565E+01
  -1.172  0.8267E-01  0.6565E+01
  -1.162  0.8413E-01  0.6566E+01
  -1.152  0.8561E-01  0.6567E+01
  -1.142  0.8709E-01  0.6568E+01
  -1.132  0.8859E-01  0.6569E+01
  -1.122  0.9011E-01  0.6570E+01
  -1.112  0.9164E-01  0.6571E+01
  -1.102  0.9318E-01  0.6572E+01
  -1.092  0.9473E-01  0.6573E+01
  -1.082  0.9630E-01  0.6574E+01
  -1.072  0.9788E-01  0.6575E+01
  -1.062  0.9948E-01  0.6576E+01
  -1.052  0.1011E+00  0.6577E+01
  -1.042  0.1027E+00  0.6578E+01
  -1.032  0.1044E+00  0.6579E+01
  -1.022  0.1060E+00  0.6580E+01
  -1.012  0.1077E+00  0.6581E+01
  -1.002  0.1094E+00  0.6582E+01
  -0.992  0.1111E+00  0.6583E+01
  -0.982  0.1128E+00  0.6584E+01
  -0.972  0.1146E+00  0.6585E+01
  -0.962  0.1164E+00  0.6586E+01
  -0.952  0.1182E+00  0.6588E+01
  -0.942  0.1200E+00  0.6589E+01
  -0.932  0.1218E+00  0.6590E+01
  -0.922  0.1237E+00  0.6591E+01
  -0.912  0.1256E+00  0.6592E+01
  -0.902  0.1275E+00  0.6594E+01
  -0.892  0.1295E+00  0.6595E+01
  -0.882  0.1315E+00  0.6596E+01
  -0.872  0.1335E+00  0.6598E+01
  -0.862  0.1355E+00  0.6599E+01
  -0.852  0.1376E+00  0.6600E+01
  -0.842  0.1397E+00  0.6602E+01
  -0.832  0.1418E+00  0.6603E+01
  -0.822  0.1440E+00  0.6605E+01
  -0.812  0.1462E+00  0.6606E+01
  -0.802  0.1484E+00  0.6608E+01
  -0.792  0.1507E+00  0.6609E+01
  -0.782  0.1530E+00  0.6611E+01
  -0.772  0.1554E+00  0.6612E+01
  -0.762  0.1578E+00  0.6614E+01
  -0.752  0.1602E+00  0.6615E+01
  -0.742  0.1628E+00  0.6617E+01
  -0.732  0.1653E+00  0.6619E+01
  -0.722  0.1680E+00  0.6620E+01
  -0.712  0.1706E+00  0.6622E+01
  -0.702  0.1734E+00  0.6624E+01
  -0.692  0.1762E+00  0.6626E+01
  -0.682  0.1791E+00  0.6627E+01
  -0.672  0.1821E+00  0.6629E+01
  -0.662  0.1852E+00  0.6631E+01
  -0.652  0.1883E+00  0.6633E+01
  -0.642  0.1916E+00  0.6635E+01
  -0.632  0.1949E+00  0.6637E+01
  -0.622  0.1983E+00  0.6639E+01
  -0.612  0.2019E+00  0.6641E+01
  -0.602  0.2056E+00  0.6643E+01
  -0.592  0.2094E+00  0.6645E+01
  -0.582  0.2133E+00  0.6647E+01
  -0.572  0.2174E+00  0.6649E+01
  -0.562  0.2217E+00  0.6651E+01
  -0.552  0.2261E+00  0.6654E+01
  -0.542  0.2308E+00  0.6656E+01
  -0.532  0.2356E+00  0.6658E+01
  -0.522  0.2406E+00  0.6661E+01
  -0.512  0.2459E+00  0.6663E+01
  -0.502  0.2515E+00  0.6666E+01
  -0.492  0.2573E+00  0.6668E+01
  -0.482  0.2633E+00  0.6671E+01
  -0.472  0.2697E+00  0.6674E+01
  -0.462  0.2763E+00  0.6676E+01
  -0.452  0.2833E+00  0.6679E+01
  -0.442  0.2906E+00  0.6682E+01
  -0.432  0.2982E+00  0.6685E+01
  -0.422  0.3062E+00  0.6688E+01
  -0.412  0.3145E+00  0.6691E+01
  -0.402  0.3232E+00  0.6695E+01
  -0.392  0.3322E+00  0.6698E+01
  -0.382  0.3415E+00  0.6701E+01
  -0.372  0.3512E+00  0.6705E+01
  -0.362  0.3611E+00  0.6708E+01
  -0.352  0.3714E+00  0.6712E+01
  -0.342  0.3820E+00  0.6716E+01
  -0.332  0.3928E+00  0.6720E+01
  -0.322  0.4038E+00  0.6724E+01
  -0.312  0.4151E+00  0.6728E+01
  -0.302  0.4265E+00  0.6732E+01
  -0.292  0.4380E+00  0.6737E+01
  -0.282  0.4496E+00  0.6741E+01
  -0.272  0.4612E+00  0.6746E+01
  -0.262  0.4728E+00  0.6751E+01
  -0.252  0.4843E+00  0.6755E+01
  -0.242  0.4957E+00  0.6760E+01
  -0.232  0.5069E+00  0.6765E+01
  -0.222  0.5179E+00  0.6771E+01
  -0.212  0.5286E+00  0.6776E+01
  -0.202  0.5389E+00  0.6781E+01
  -0.192  0.5488E+00  0.6787E+01
  -0.182  0.5584E+00  0.6792E+01
  -0.172  0.5675E+00  0.6798E+01
  -0.162  0.5760E+00  0.6804E+01
  -0.152  0.5841E+00  0.6810E+01
  -0.142  0.5916E+00  0.6816E+01
  -0.132  0.5985E+00  0.6822E+01
  -0.122  0.6049E+00  0.6828E+01
  -0.112  0.6108E+00  0.6834E+01
  -0.102  0.6160E+00  0.6840E+01
  -0.092  0.6207E+00  0.6846E+01
  -0.082  0.6249E+00  0.6852E+01
  -0.072  0.6285E+00  0.6859E+01
  -0.062  0.6316E+00  0.6865E+01
  -0.052  0.6342E+00  0.6871E+01
  -0.042  0.6364E+00  0.6878E+01
  -0.032  0.6382E+00  0.6884E+01
  -0.022  0.6395E+00  0.6890E+01
  -0.012  0.6405E+00  0.6897E+01
  -0.002  0.6411E+00  0.6903E+01
   0.008  0.6413E+00  0.6910E+01
   0.018  0.6413E+00  0.6916E+01
   0.028  0.6410E+00  0.6922E+01
   0.038  0.6404E+00  0.6929E+01
   0.048  0.6396E+00  0.6935E+01
   0.058  0.6386E+00  0.6942E+01
   0.068  0.6374E+00  0.6948E+01
   0.078  0.6361E+00  0.6954E+01
   0.088  0.6345E+00  0.6961E+01
   0.098  0.6328E+00  0.6967E+01
   0.108  0.6310E+00  0.6973E+01
   0.118  0.6291E+00  0.6980E+01
   0.128  0.6270E+00  0.6986E+01
   0.138  0.6249E+00  0.6992E+01
   0.148  0.6227E+00  0.6998E+01
   0.158  0.6204E+00  0.7005E+01
   0.168  0.6181E+00  0.7011E+01
   0.178  0.6158E+00  0.7017E+01
   0.188  0.6134E+00  0.7023E+01
   0.198  0.6109E+00  0.7029E+01
   0.208  0.6085E+00  0.7035E+01
   0.218  0.6061E+00  0.7041E+01
   0.228  0.6036E+00  0.7047E+01
   0.238  0.6012E+00  0.7053E+01
   0.248  0.5987E+00  0.7059E+01
   0.258  0.5963E+00  0.7065E+01
   0.268  0.5939E+00  0.7071E+01
   0.278  0.5915E+00  0.7077E+01
   0.288  0.5891E+00  0.7083E+01
   0.298  0.5867E+00  0.7089E+01
   0.308  0.5844E+00  0.7095E+01
   0.318  0.5820E+00  0.7101E+01
   0.328  0.5797E+00  0.7106E+01
   0.338  0.5775E+00  0.7112E+01
   0.348  0.5752E+00  0.7118E+01
   0.358  0.5731E+00  0.7124E+01
   0.368  0.5709E+00  0.7129E+01
   0.378  0.5688E+00  0.7135E+01
   0.388  0.5667E+00  0.7141E+01
   0.398  0.5646E+00  0.7146E+01
   0.408  0.5626E+00  0.7152E+01
   0.418  0.5607E+00  0.7158E+01
   0.428  0.5588E+00  0.7163E+01
   0.438  0.5570E+00  0.7169E+01
   0.448  0.5552E+00  0.7174E+01
   0.458  0.5534E+00  0.7180E+01
   0.468  0.5517E+00  0.7185E+01
   0.478  0.5501E+00  0.7191E+01
   0.488  0.5484E+00  0.7196E+01
   0.498  0.5469E+00  0.7202E+01
   0.508  0.5454E+00  0.7207E+01
   0.518  0.5439E+00  0.7213E+01
   0.528  0.5425E+00  0.7218E+01
   0.538  0.5411E+00  0.7224E+01
   0.548  0.5397E+00  0.7229E+01
   0.558  0.5384E+00  0.7234E+01
   0.568  0.5371E+00  0.7240E+01
   0.578  0.5359E+00  0.7245E+01
   0.588  0.5347E+00  0.7250E+01
   0.598  0.5335E+00  0.7256E+01
   0.608  0.5324E+00  0.7261E+01
   0.618  0.5314E+00  0.7266E+01
   0.628  0.5305E+00  0.7272E+01
   0.638  0.5296E+00  0.7277E+01
   0.648  0.5289E+00  0.7282E+01
   0.658  0.5282E+00  0.7288E+01
   0.668  0.5277E+00  0.7293E+01
   0.678  0.5273E+00  0.7298E+01
   0.688  0.5271E+00  0.7303E+01
   0.698  0.5270E+00  0.7309E+01
   0.708  0.5271E+00  0.7314E+01
   0.718  0.5273E+00  0.7319E+01
   0.728  0.5278E+00  0.7324E+01
   0.738  0.5285E+00  0.7330E+01
   0.748  0.5294E+00  0.7335E+01
   0.758  0.5306E+00  0.7340E+01
   0.768  0.5320E+00  0.7346E+01
   0.778  0.5336E+00  0.7351E+01
   0.788  0.5355E+00  0.7356E+01
   0.798  0.5377E+00  0.7362E+01
   0.808  0.5401E+00  0.7367E+01
   0.818  0.5428E+00  0.7373E+01
   0.828  0.5458E+00  0.7378E+01
   0.838  0.5490E+00  0.7384E+01
   0.848  0.5525E+00  0.7389E+01
   0.858  0.5563E+00  0.7395E+01
   0.868  0.5603E+00  0.7400E+01
   0.878  0.5646E+00  0.7406E+01
   0.888  0.5690E+00  0.7412E+01
   0.898  0.5737E+00  0.7417E+01
   0.908  0.5786E+00  0.7423E+01
   0.918  0.5836E+00  0.7429E+01
   0.928  0.5888E+00  0.7435E+01
   0.938  0.5942E+00  0.7441E+01
   0.948  0.5996E+00  0.7447E+01
   0.958  0.6051E+00  0.7453E+01
   0.968  0.6106E+00  0.7459E+01
   0.978  0.6162E+00  0.7465E+01
   0.988  0.6217E+00  0.7471E+01
   0.998  0.6272E+00  0.7478E+01
   1.008  0.6327E+00  0.7484E+01
   1.018  0.6380E+00  0.7490E+01
   1.028  0.6433E+00  0.7497E+01
   1.038  0.6484E+00  0.7503E+01
   1.048  0.6534E+00  0.7510E+01
   1.058  0.6583E+00  0.7516E+01
   1.068  0.6630E+00  0.7523E+01
   1.078  0.6675E+00  0.7530E+01
   1.088  0.6719E+00  0.7536E+01
   1.098  0.6762E+00  0.7543E+01
   1.108  0.6803E+00  0.7550E+01
   1.118  0.6843E+00  0.7557E+01
   1.128  0.6882E+00  0.7564E+01
   1.138  0.6920E+00  0.7570E+01
   1.148  0.6958E+00  0.7577E+01
   1.158  0.6995E+00  0.7584E+01
   1.168  0.7032E+00  0.7591E+01
   1.178  0.7070E+00  0.7599E+01
   1.188  0.7108E+00  0.7606E+01
   1.198  0.7146E+00  0.7613E+01
   1.208  0.7186E+00  0.7620E+01
   1.218  0.7227E+00  0.7627E+01
   1.228  0.7269E+00  0.7634E+01
   1.238  0.7313E+00  0.7642E+01
   1.248  0.7358E+00  0.7649E+01
   1.258  0.7405E+00  0.7657E+01
   1.268  0.7453E+00  0.7664E+01
   1.278  0.7503E+00  0.7672E+01
   1.288  0.7555E+00  0.7679E+01
   1.298  0.7608E+00  0.7687E+01
   1.308  0.7663E+00  0.7694E+01
   1.318  0.7719E+00  0.7702E+01
   1.328  0.7775E+00  0.7710E+01
   1.338  0.7833E+00  0.7718E+01
   1.348  0.7891E+00  0.7726E+01
   1.358  0.7949E+00  0.7734E+01
   1.368  0.8007E+00  0.7742E+01
   1.378  0.8064E+00  0.7750E+01
   1.388  0.8121E+00  0.7758E+01
   1.398  0.8178E+00  0.7766E+01
   1.408  0.8233E+00  0.7774E+01
   1.418  0.8286E+00  0.7782E+01
   1.428  0.8339E+00  0.7791E+01
   1.438  0.8389E+00  0.7799E+01
   1.448  0.8438E+00  0.7808E+01
   1.458  0.8484E+00  0.7816E+01
   1.468  0.8528E+00  0.7825E+01
   1.478  0.8570E+00  0.7833E+01
   1.488  0.8609E+00  0.7842E+01
   1.498  0.8646E+00  0.7850E+01
   1.508  0.8681E+00  0.7859E+01
   1.518  0.8713E+00  0.7868E+01
   1.528  0.8742E+00  0.7877E+01
   1.538  0.8769E+00  0.7885E+01
   1.548  0.8793E+00  0.7894E+01
   1.558  0.8816E+00  0.7903E+01
   1.568  0.8835E+00  0.7912E+01
   1.578  0.8853E+00  0.7921E+01
   1.588  0.8868E+00  0.7929E+01
   1.598  0.8881E+00  0.7938E+01
   1.608  0.8892E+00  0.7947E+01
   1.618  0.8902E+00  0.7956E+01
   1.628  0.8909E+00  0.7965E+01
   1.638  0.8915E+00  0.7974E+01
   1.648  0.8920E+00  0.7983E+01
   1.658  0.8923E+00  0.7992E+01
   1.668  0.8925E+00  0.8001E+01
   1.678  0.8926E+00  0.8010E+01
   1.688  0.8926E+00  0.8019E+01
   1.698  0.8925E+00  0.8028E+01
   1.708  0.8923E+00  0.8036E+01
   1.718  0.8921E+00  0.8045E+01
   1.728  0.8919E+00  0.8054E+01
   1.738  0.8916E+00  0.8063E+01
   1.748  0.8913E+00  0.8072E+01
   1.758  0.8910E+00  0.8081E+01
   1.768  0.8907E+00  0.8090E+01
   1.778  0.8904E+00  0.8099E+01
   1.788  0.8901E+00  0.8108E+01
   1.798  0.8898E+00  0.8117E+01
   1.808  0.8895E+00  0.8126E+01
   1.818  0.8892E+00  0.8134E+01
   1.828  0.8889E+00  0.8143E+01
   1.838  0.8886E+00  0.8152E+01
   1.848  0.8884E+00  0.8161E+01
   1.858  0.8881E+00  0.8170E+01
   1.868  0.8879E+00  0.8179E+01
   1.878  0.8876E+00  0.8188E+01
   1.888  0.8874E+00  0.8197E+01
   1.898  0.8872E+00  0.8205E+01
   1.908  0.8869E+00  0.8214E+01
   1.918  0.8867E+00  0.8223E+01
   1.928  0.8866E+00  0.8232E+01
   1.938  0.8864E+00  0.8241E+01
   1.948  0.8863E+00  0.8250E+01
   1.958  0.8863E+00  0.8259E+01
   1.968  0.8863E+00  0.8268E+01
   1.978  0.8864E+00  0.8276E+01
   1.988  0.8866E+00  0.8285E+01
   1.998  0.8870E+00  0.8294E+01
   2.008  0.8874E+00  0.8303E+01
   2.018  0.8880E+00  0.8312E+01
   2.028  0.8887E+00  0.8321E+01
   2.038  0.8897E+00  0.8330E+01
   2.048  0.8908E+00  0.8339E+01
   2.058  0.8921E+00  0.8347E+01
   2.068  0.8937E+00  0.8356E+01
   2.078  0.8954E+00  0.8365E+01
   2.088  0.8975E+00  0.8374E+01
   2.098  0.8997E+00  0.8383E+01
   2.108  0.9023E+00  0.8392E+01
   2.118  0.9051E+00  0.8401E+01
   2.128  0.9081E+00  0.8410E+01
   2.138  0.9114E+00  0.8420E+01
   2.148  0.9150E+00  0.8429E+01
   2.158  0.9189E+00  0.8438E+01
   2.168  0.9230E+00  0.8447E+01
   2.178  0.9273E+00  0.8456E+01
   2.188  0.9319E+00  0.8466E+01
   2.198  0.9367E+00  0.8475E+01
   2.208  0.9417E+00  0.8485E+01
   2.218  0.9469E+00  0.8494E+01
   2.228  0.9522E+00  0.8504E+01
   2.238  0.9577E+00  0.8513E+01
   2.248  0.9634E+00  0.8523E+01
   2.258  0.9691E+00  0.8532E+01
   2.268  0.9749E+00  0.8542E+01
   2.278  0.9808E+00  0.8552E+01
   2.288  0.9867E+00  0.8562E+01
   2.298  0.9926E+00  0.8572E+01
   2.308  0.9985E+00  0.8582E+01
   2.318  0.1004E+01  0.8592E+01
   2.328  0.1010E+01  0.8602E+01
   2.338  0.1016E+01  0.8612E+01
   2.348  0.1021E+01  0.8622E+01
   2.358  0.1027E+01  0.8633E+01
   2.368  0.1032E+01  0.8643E+01
   2.378  0.1037E+01  0.8653E+01
   2.388  0.1042E+01  0.8664E+01
   2.398  0.1046E+01  0.8674E+01
   2.408  0.1051E+01  0.8685E+01
   2.418  0.1055E+01  0.8695E+01
   2.428  0.1059E+01  0.8706E+01
   2.438  0.1063E+01  0.8716E+01
   2.448  0.1066E+01  0.8727E+01
   2.458  0.1070E+01  0.8738E+01
   2.468  0.1073E+01  0.8748E+01
   2.478  0.1076E+01  0.8759E+01
   2.488  0.1079E+01  0.8770E+01
   2.498  0.1082E+01  0.8781E+01
   2.508  0.1084E+01  0.8792E+01
   2.518  0.1087E+01  0.8803E+01
   2.528  0.1090E+01  0.8813E+01
   2.538  0.1092E+01  0.8824E+01
   2.548  0.1095E+01  0.8835E+01
   2.558  0.1098E+01  0.8846E+01
   2.568  0.1101E+01  0.8857E+01
   2.578  0.1104E+01  0.8868E+01
   2.588  0.1107E+01  0.8879E+01
   2.598  0.1110E+01  0.8891E+01
   2.608  0.1114E+01  0.8902E+01
   2.618  0.1118E+01  0.8913E+01
   2.628  0.1122E+01  0.8924E+01
   2.638  0.1126E+01  0.8935E+01
   2.648  0.1131E+01  0.8947E+01
   2.658  0.1135E+01  0.8958E+01
   2.668  0.1140E+01  0.8969E+01
   2.678  0.1145E+01  0.8981E+01
   2.688  0.1151E+01  0.8992E+01
   2.698  0.1156E+01  0.9004E+01
   2.708  0.1162E+01  0.9016E+01
   2.718  0.1168E+01  0.9027E+01
   2.728  0.1174E+01  0.9039E+01
   2.738  0.1180E+01  0.9051E+01
   2.748  0.1186E+01  0.9063E+01
   2.758  0.1192E+01  0.9074E+01
   2.768  0.1198E+01  0.9086E+01
   2.778  0.1204E+01  0.9099E+01
   2.788  0.1210E+01  0.9111E+01
   2.798  0.1215E+01  0.9123E+01
   2.808  0.1221E+01  0.9135E+01
   2.818  0.1226E+01  0.9147E+01
   2.828  0.1232E+01  0.9160E+01
   2.838  0.1237E+01  0.9172E+01
   2.848  0.1242E+01  0.9184E+01
   2.858  0.1246E+01  0.9197E+01
   2.868  0.1251E+01  0.9209E+01
   2.878  0.1255E+01  0.9222E+01
   2.888  0.1259E+01  0.9234E+01
   2.898  0.1263E+01  0.9247E+01
   2.908  0.1266E+01  0.9260E+01
   2.918  0.1269E+01  0.9272E+01
   2.928  0.1272E+01  0.9285E+01
   2.938  0.1275E+01  0.9298E+01
   2.948  0.1277E+01  0.9311E+01
   2.958  0.1280E+01  0.9323E+01
   2.968  0.1282E+01  0.9336E+01
   2.978  0.1284E+01  0.9349E+01
   2.988  0.1285E+01  0.9362E+01
   2.998  0.1287E+01  0.9375E+01
   3.008  0.1288E+01  0.9388E+01
   3.018  0.1289E+01  0.9401E+01
   3.028  0.1290E+01  0.9414E+01
   3.038  0.1291E+01  0.9426E+01
   3.048  0.1291E+01  0.9439E+01
   3.058  0.1292E+01  0.9452E+01
   3.068  0.1292E+01  0.9465E+01
   3.078  0.1292E+01  0.9478E+01
   3.088  0.1293E+01  0.9491E+01
   3.098  0.1293E+01  0.9504E+01
   3.108  0.1293E+01  0.9517E+01
   3.118  0.1293E+01  0.9530E+01
   3.128  0.1293E+01  0.9543E+01
   3.138  0.1292E+01  0.9556E+01
   3.148  0.1292E+01  0.9569E+01
   3.158  0.1292E+01  0.9582E+01
   3.168  0.1292E+01  0.9594E+01
   3.178  0.1292E+01  0.9607E+01
   3.188  0.1292E+01  0.9620E+01
   3.198  0.1292E+01  0.9633E+01
   3.208  0.1291E+01  0.9646E+01
   3.218  0.1291E+01  0.9659E+01
   3.228  0.1291E+01  0.9672E+01
   3.238  0.1291E+01  0.9685E+01
   3.248  0.1291E+01  0.9698E+01
   3.258  0.1291E+01  0.9711E+01
   3.268  0.1291E+01  0.9724E+01
   3.278  0.1291E+01  0.9736E+01
   3.288  0.1291E+01  0.9749E+01
   3.298  0.1290E+01  0.9762E+01
   3.308  0.1290E+01  0.9775E+01
   3.318  0.1290E+01  0.9788E+01
   3.328  0.1290E+01  0.9801E+01
   3.338  0.1290E+01  0.9814E+01
   3.348  0.1290E+01  0.9827E+01
   3.358  0.1290E+01  0.9840E+01
   3.368  0.1290E+01  0.9853E+01
   3.378  0.1289E+01  0.9865E+01
   3.388  0.1289E+01  0.9878E+01
   3.398  0.1289E+01  0.9891E+01
   3.408  0.1289E+01  0.9904E+01
   3.418  0.1289E+01  0.9917E+01
   3.428  0.1288E+01  0.9930E+01
   3.438  0.1288E+01  0.9943E+01
   3.448  0.1288E+01  0.9956E+01
   3.458  0.1288E+01  0.9969E+01
   3.468  0.1288E+01  0.9981E+01
   3.478  0.1288E+01  0.9994E+01
   3.488  0.1288E+01  0.1001E+02
   3.498  0.1288E+01  0.1002E+02
   3.508  0.1288E+01  0.1003E+02
   3.518  0.1288E+01  0.1005E+02
   3.528  0.1288E+01  0.1006E+02
   3.538  0.1288E+01  0.1007E+02
   3.548  0.1288E+01  0.1008E+02
   3.558  0.1288E+01  0.1010E+02
   3.568  0.1288E+01  0.1011E+02
   3.578  0.1288E+01  0.1012E+02
   3.588  0.1289E+01  0.1014E+02
   3.598  0.1289E+01  0.1015E+02
   3.608  0.1289E+01  0.1016E+02
   3.618  0.1290E+01  0.1017E+02
   3.628  0.1290E+01  0.1019E+02
   3.638  0.1290E+01  0.1020E+02
   3.648  0.1290E+01  0.1021E+02
   3.658  0.1291E+01  0.1023E+02
   3.668  0.1291E+01  0.1024E+02
   3.678  0.1291E+01  0.1025E+02
   3.688  0.1291E+01  0.1027E+02
   3.698  0.1291E+01  0.1028E+02
   3.708  0.1292E+01  0.1029E+02
   3.718  0.1292E+01  0.1030E+02
   3.728  0.1292E+01  0.1032E+02
   3.738  0.1292E+01  0.1033E+02
   3.748  0.1292E+01  0.1034E+02
   3.758  0.1292E+01  0.1036E+02
   3.768  0.1293E+01  0.1037E+02
   3.778  0.1293E+01  0.1038E+02
   3.788  0.1294E+01  0.1039E+02
   3.798  0.1294E+01  0.1041E+02
   3.808  0.1295E+01  0.1042E+02
   3.818  0.1296E+01  0.1043E+02
   3.828  0.1297E+01  0.1045E+02
   3.838  0.1299E+01  0.1046E+02
   3.848  0.1300E+01  0.1047E+02
   3.858  0.1302E+01  0.1049E+02
   3.868  0.1304E+01  0.1050E+02
   3.878  0.1307E+01  0.1051E+02
   3.888  0.1309E+01  0.1052E+02
   3.898  0.1312E+01  0.1054E+02
   3.908  0.1316E+01  0.1055E+02
   3.918  0.1319E+01  0.1056E+02
   3.928  0.1323E+01  0.1058E+02
   3.938  0.1328E+01  0.1059E+02
   3.948  0.1332E+01  0.1060E+02
   3.958  0.1337E+01  0.1062E+02
   3.968  0.1342E+01  0.1063E+02
   3.978  0.1347E+01  0.1064E+02
   3.988  0.1353E+01  0.1066E+02
   3.998  0.1359E+01  0.1067E+02
   4.008  0.1365E+01  0.1068E+02
   4.018  0.1371E+01  0.1070E+02
   4.028  0.1377E+01  0.1071E+02
   4.038  0.1383E+01  0.1073E+02
   4.048  0.1389E+01  0.1074E+02
   4.058  0.1396E+01  0.1075E+02
   4.068  0.1402E+01  0.1077E+02
   4.078  0.1409E+01  0.1078E+02
   4.088  0.1415E+01  0.1080E+02
   4.098  0.1421E+01  0.1081E+02
   4.108  0.1427E+01  0.1082E+02
   4.118  0.1433E+01  0.1084E+02
   4.128  0.1438E+01  0.1085E+02
   4.138  0.1444E+01  0.1087E+02
   4.148  0.1449E+01  0.1088E+02
   4.158  0.1454E+01  0.1090E+02
   4.168  0.1459E+01  0.1091E+02
   4.178  0.1463E+01  0.1093E+02
   4.188  0.1467E+01  0.1094E+02
   4.198  0.1471E+01  0.1096E+02
   4.208  0.1475E+01  0.1097E+02
   4.218  0.1478E+01  0.1098E+02
   4.228  0.1481E+01  0.1100E+02
   4.238  0.1485E+01  0.1101E+02
   4.248  0.1487E+01  0.1103E+02
   4.258  0.1490E+01  0.1104E+02
   4.268  0.1493E+01  0.1106E+02
   4.278  0.1495E+01  0.1107E+02
   4.288  0.1498E+01  0.1109E+02
   4.298  0.1500E+01  0.1110E+02
   4.308  0.1502E+01  0.1112E+02
   4.318  0.1505E+01  0.1113E+02
   4.328  0.1507E+01  0.1115E+02
   4.338  0.1510E+01  0.1116E+02
   4.348  0.1512E+01  0.1118E+02
   4.358  0.1515E+01  0.1119E+02
   4.368  0.1518E+01  0.1121E+02
   4.378  0.1521E+01  0.1122E+02
   4.388  0.1524E+01  0.1124E+02
   4.398  0.1528E+01  0.1126E+02
   4.408  0.1531E+01  0.1127E+02
   4.418  0.1535E+01  0.1129E+02
   4.428  0.1539E+01  0.1130E+02
   4.438  0.1544E+01  0.1132E+02
   4.448  0.1548E+01  0.1133E+02
   4.458  0.1553E+01  0.1135E+02
   4.468  0.1557E+01  0.1136E+02
   4.478  0.1562E+01  0.1138E+02
   4.488  0.1567E+01  0.1139E+02
   4.498  0.1572E+01  0.1141E+02
   4.508  0.1577E+01  0.1143E+02
   4.518  0.1582E+01  0.1144E+02
   4.528  0.1587E+01  0.1146E+02
   4.538  0.1592E+01  0.1147E+02
   4.548  0.1597E+01  0.1149E+02
   4.558  0.1601E+01  0.1151E+02
   4.568  0.1606E+01  0.1152E+02
   4.578  0.1610E+01  0.1154E+02
   4.588  0.1615E+01  0.1155E+02
   4.598  0.1619E+01  0.1157E+02
   4.608  0.1623E+01  0.1159E+02
   4.618  0.1627E+01  0.1160E+02
   4.628  0.1630E+01  0.1162E+02
   4.638  0.1634E+01  0.1164E+02
   4.648  0.1638E+01  0.1165E+02
   4.658  0.1641E+01  0.1167E+02
   4.668  0.1644E+01  0.1168E+02
   4.678  0.1647E+01  0.1170E+02
   4.688  0.1650E+01  0.1172E+02
   4.698  0.1654E+01  0.1173E+02
   4.708  0.1657E+01  0.1175E+02
   4.718  0.1660E+01  0.1177E+02
   4.728  0.1662E+01  0.1178E+02
   4.738  0.1665E+01  0.1180E+02
   4.748  0.1668E+01  0.1182E+02
   4.758  0.1671E+01  0.1183E+02
   4.768  0.1673E+01  0.1185E+02
   4.778  0.1675E+01  0.1187E+02
   4.788  0.1677E+01  0.1188E+02
   4.798  0.1679E+01  0.1190E+02
   4.808  0.1681E+01  0.1192E+02
   4.818  0.1682E+01  0.1193E+02
   4.828  0.1683E+01  0.1195E+02
   4.838  0.1684E+01  0.1197E+02
   4.848  0.1684E+01  0.1199E+02
   4.858  0.1683E+01  0.1200E+02
   4.868  0.1683E+01  0.1202E+02
   4.878  0.1682E+01  0.1204E+02
   4.888  0.1680E+01  0.1205E+02
   4.898  0.1678E+01  0.1207E+02
   4.908  0.1676E+01  0.1209E+02
   4.918  0.1674E+01  0.1210E+02
   4.928  0.1671E+01  0.1212E+02
   4.938  0.1668E+01  0.1214E+02
   4.948  0.1665E+01  0.1215E+02
   4.958  0.1662E+01  0.1217E+02
   4.968  0.1659E+01  0.1219E+02
   4.978  0.1656E+01  0.1220E+02
   4.988  0.1653E+01  0.1222E+02
   4.998  0.1650E+01  0.1224E+02
   5.008  0.1647E+01  0.1225E+02
   5.018  0.1645E+01  0.1227E+02
   5.028  0.1643E+01  0.1229E+02
   5.038  0.1642E+01  0.1230E+02
   5.048  0.1641E+01  0.1232E+02
   5.058  0.1641E+01  0.1233E+02
   5.068  0.1641E+01  0.1235E+02
   5.078  0.1641E+01  0.1237E+02
   5.088  0.1643E+01  0.1238E+02
   5.098  0.1644E+01  0.1240E+02
   5.108  0.1646E+01  0.1242E+02
   5.118  0.1649E+01  0.1243E+02
   5.128  0.1652E+01  0.1245E+02
   5.138  0.1655E+01  0.1247E+02
   5.148  0.1659E+01  0.1248E+02
   5.158  0.1662E+01  0.1250E+02
   5.168  0.1666E+01  0.1252E+02
   5.178  0.1671E+01  0.1253E+02
   5.188  0.1675E+01  0.1255E+02
   5.198  0.1679E+01  0.1257E+02
   5.208  0.1684E+01  0.1258E+02
   5.218  0.1688E+01  0.1260E+02
   5.228  0.1692E+01  0.1262E+02
   5.238  0.1696E+01  0.1263E+02
   5.248  0.1700E+01  0.1265E+02
   5.258  0.1704E+01  0.1267E+02
   5.268  0.1708E+01  0.1268E+02
   5.278  0.1712E+01  0.1270E+02
   5.288  0.1715E+01  0.1272E+02
   5.298  0.1718E+01  0.1274E+02
   5.308  0.1721E+01  0.1275E+02
   5.318  0.1724E+01  0.1277E+02
   5.328  0.1727E+01  0.1279E+02
   5.338  0.1730E+01  0.1281E+02
   5.348  0.1733E+01  0.1282E+02
   5.358  0.1735E+01  0.1284E+02
   5.368  0.1738E+01  0.1286E+02
   5.378  0.1740E+01  0.1287E+02
   5.388  0.1743E+01  0.1289E+02
   5.398  0.1746E+01  0.1291E+02
   5.408  0.1748E+01  0.1293E+02
   5.418  0.1751E+01  0.1294E+02
   5.428  0.1755E+01  0.1296E+02
   5.438  0.1758E+01  0.1298E+02
   5.448  0.1762E+01  0.1300E+02
   5.458  0.1766E+01  0.1302E+02
   5.468  0.1770E+01  0.1303E+02
   5.478  0.1775E+01  0.1305E+02
   5.488  0.1781E+01  0.1307E+02
   5.498  0.1787E+01  0.1309E+02
   5.508  0.1793E+01  0.1310E+02
   5.518  0.1800E+01  0.1312E+02
   5.528  0.1808E+01  0.1314E+02
   5.538  0.1817E+01  0.1316E+02
   5.548  0.1826E+01  0.1318E+02
   5.558  0.1835E+01  0.1320E+02
   5.568  0.1845E+01  0.1321E+02
   5.578  0.1856E+01  0.1323E+02
   5.588  0.1867E+01  0.1325E+02
   5.598  0.1879E+01  0.1327E+02
   5.608  0.1892E+01  0.1329E+02
   5.618  0.1904E+01  0.1331E+02
   5.628  0.1917E+01  0.1333E+02
   5.638  0.1930E+01  0.1335E+02
   5.648  0.1943E+01  0.1337E+02
   5.658  0.1957E+01  0.1338E+02
   5.668  0.1970E+01  0.1340E+02
   5.678  0.1983E+01  0.1342E+02
   5.688  0.1996E+01  0.1344E+02
   5.698  0.2008E+01  0.1346E+02
   5.708  0.2020E+01  0.1348E+02
   5.718  0.2032E+01  0.1351E+02
   5.728  0.2044E+01  0.1353E+02
   5.738  0.2055E+01  0.1355E+02
   5.748  0.2065E+01  0.1357E+02
   5.758  0.2075E+01  0.1359E+02
   5.768  0.2084E+01  0.1361E+02
   5.778  0.2093E+01  0.1363E+02
   5.788  0.2102E+01  0.1365E+02
   5.798  0.2110E+01  0.1367E+02
   5.808  0.2118E+01  0.1369E+02
   5.818  0.2126E+01  0.1371E+02
   5.828  0.2134E+01  0.1374E+02
   5.838  0.2141E+01  0.1376E+02
   5.848  0.2149E+01  0.1378E+02
   5.858  0.2156E+01  0.1380E+02
   5.868  0.2164E+01  0.1382E+02
   5.878  0.2172E+01  0.1384E+02
   5.888  0.2180E+01  0.1386E+02
   5.898  0.2188E+01  0.1389E+02
   5.908  0.2197E+01  0.1391E+02
   5.918  0.2206E+01  0.1393E+02
   5.928  0.2215E+01  0.1395E+02
   5.938  0.2225E+01  0.1398E+02
   5.948  0.2235E+01  0.1400E+02
   5.958  0.2245E+01  0.1402E+02
   5.968  0.2256E+01  0.1404E+02
   5.978  0.2267E+01  0.1407E+02
   5.988  0.2278E+01  0.1409E+02
   5.998  0.2289E+01  0.1411E+02
   6.008  0.2300E+01  0.1413E+02
   6.018  0.2312E+01  0.1416E+02
   6.028  0.2323E+01  0.1418E+02
   6.038  0.2334E+01  0.1420E+02
   6.048  0.2346E+01  0.1423E+02
   6.058  0.2357E+01  0.1425E+02
   6.068  0.2368E+01  0.1427E+02
   6.078  0.2378E+01  0.1430E+02
   6.088  0.2388E+01  0.1432E+02
   6.098  0.2398E+01  0.1435E+02
   6.108  0.2408E+01  0.1437E+02
   6.118  0.2417E+01  0.1439E+02
   6.128  0.2426E+01  0.1442E+02
   6.138  0.2435E+01  0.1444E+02
   6.148  0.2443E+01  0.1447E+02
   6.158  0.2450E+01  0.1449E+02
   6.168  0.2457E+01  0.1452E+02
   6.178  0.2464E+01  0.1454E+02
   6.188  0.2471E+01  0.1457E+02
   6.198  0.2477E+01  0.1459E+02
   6.208  0.2483E+01  0.1462E+02
   6.218  0.2489E+01  0.1464E+02
   6.228  0.2495E+01  0.1466E+02
   6.238  0.2500E+01  0.1469E+02
   6.248  0.2505E+01  0.1472E+02
   6.258  0.2511E+01  0.1474E+02
   6.268  0.2516E+01  0.1477E+02
   6.278  0.2521E+01  0.1479E+02
   6.288  0.2527E+01  0.1482E+02
   6.298  0.2533E+01  0.1484E+02
   6.308  0.2539E+01  0.1487E+02
   6.318  0.2545E+01  0.1489E+02
   6.328  0.2552E+01  0.1492E+02
   6.338  0.2560E+01  0.1494E+02
   6.348  0.2568E+01  0.1497E+02
   6.358  0.2576E+01  0.1499E+02
   6.368  0.2586E+01  0.1502E+02
   6.378  0.2596E+01  0.1505E+02
   6.388  0.2607E+01  0.1507E+02
   6.398  0.2619E+01  0.1510E+02
   6.408  0.2632E+01  0.1512E+02
   6.418  0.2646E+01  0.1515E+02
   6.428  0.2661E+01  0.1518E+02
   6.438  0.2677E+01  0.1520E+02
   6.448  0.2694E+01  0.1523E+02
   6.458  0.2713E+01  0.1526E+02
   6.468  0.2732E+01  0.1529E+02
   6.478  0.2752E+01  0.1531E+02
   6.488  0.2774E+01  0.1534E+02
   6.498  0.2796E+01  0.1537E+02
   6.508  0.2818E+01  0.1540E+02
   6.518  0.2842E+01  0.1543E+02
   6.528  0.2866E+01  0.1545E+02
   6.538  0.2890E+01  0.1548E+02
   6.548  0.2914E+01  0.1551E+02
   6.558  0.2938E+01  0.1554E+02
   6.568  0.2962E+01  0.1557E+02
   6.578  0.2986E+01  0.1560E+02
   6.588  0.3008E+01  0.1563E+02
   6.598  0.3030E+01  0.1566E+02
   6.608  0.3051E+01  0.1569E+02
   6.618  0.3071E+01  0.1572E+02
   6.628  0.3089E+01  0.1575E+02
   6.638  0.3106E+01  0.1579E+02
   6.648  0.3121E+01  0.1582E+02
   6.658  0.3134E+01  0.1585E+02
   6.668  0.3145E+01  0.1588E+02
   6.678  0.3155E+01  0.1591E+02
   6.688  0.3162E+01  0.1594E+02
   6.698  0.3167E+01  0.1597E+02
   6.708  0.3171E+01  0.1601E+02
   6.718  0.3172E+01  0.1604E+02
   6.728  0.3171E+01  0.1607E+02
   6.738  0.3169E+01  0.1610E+02
   6.748  0.3165E+01  0.1613E+02
   6.758  0.3159E+01  0.1616E+02
   6.768  0.3152E+01  0.1620E+02
   6.778  0.3143E+01  0.1623E+02
   6.788  0.3133E+01  0.1626E+02
   6.798  0.3123E+01  0.1629E+02
   6.808  0.3111E+01  0.1632E+02
   6.818  0.3098E+01  0.1635E+02
   6.828  0.3085E+01  0.1638E+02
   6.838  0.3071E+01  0.1641E+02
   6.848  0.3057E+01  0.1644E+02
   6.858  0.3043E+01  0.1647E+02
   6.868  0.3028E+01  0.1650E+02
   6.878  0.3014E+01  0.1653E+02
   6.888  0.3000E+01  0.1656E+02
   6.898  0.2985E+01  0.1659E+02
   6.908  0.2971E+01  0.1662E+02
   6.918  0.2958E+01  0.1665E+02
   6.928  0.2944E+01  0.1668E+02
   6.938  0.2931E+01  0.1671E+02
   6.948  0.2918E+01  0.1674E+02
   6.958  0.2905E+01  0.1677E+02
   6.968  0.2893E+01  0.1680E+02
   6.978  0.2881E+01  0.1683E+02
   6.988  0.2870E+01  0.1686E+02
   6.998  0.2859E+01  0.1689E+02
   7.008  0.2848E+01  0.1691E+02
   7.018  0.2837E+01  0.1694E+02
   7.028  0.2827E+01  0.1697E+02
   7.038  0.2817E+01  0.1700E+02
   7.048  0.2808E+01  0.1703E+02
   7.058  0.2799E+01  0.1706E+02
   7.068  0.2790E+01  0.1708E+02
   7.078  0.2781E+01  0.1711E+02
   7.088  0.2773E+01  0.1714E+02
   7.098  0.2765E+01  0.1717E+02
   7.108  0.2757E+01  0.1719E+02
   7.118  0.2750E+01  0.1722E+02
   7.128  0.2743E+01  0.1725E+02
   7.138  0.2736E+01  0.1728E+02
   7.148  0.2730E+01  0.1730E+02
   7.158  0.2724E+01  0.1733E+02
   7.168  0.2718E+01  0.1736E+02
   7.178  0.2713E+01  0.1738E+02
   7.188  0.2708E+01  0.1741E+02
   7.198  0.2703E+01  0.1744E+02
   7.208  0.2699E+01  0.1747E+02
   7.218  0.2695E+01  0.1749E+02
   7.228  0.2691E+01  0.1752E+02
   7.238  0.2688E+01  0.1755E+02
   7.248  0.2684E+01  0.1757E+02
   7.258  0.2681E+01  0.1760E+02
   7.268  0.2679E+01  0.1763E+02
   7.278  0.2676E+01  0.1765E+02
   7.288  0.2674E+01  0.1768E+02
   7.298  0.2672E+01  0.1771E+02
   7.308  0.2670E+01  0.1773E+02
   7.318  0.2668E+01  0.1776E+02
   7.328  0.2666E+01  0.1779E+02
   7.338  0.2664E+01  0.1781E+02
   7.348  0.2663E+01  0.1784E+02
   7.358  0.2661E+01  0.1787E+02
   7.368  0.2659E+01  0.1789E+02
   7.378  0.2657E+01  0.1792E+02
   7.388  0.2655E+01  0.1795E+02
   7.398  0.2653E+01  0.1797E+02
   7.408  0.2651E+01  0.1800E+02
   7.418  0.2648E+01  0.1803E+02
   7.428  0.2646E+01  0.1805E+02
   7.438  0.2643E+01  0.1808E+02
   7.448  0.2640E+01  0.1811E+02
   7.458  0.2637E+01  0.1813E+02
   7.468  0.2634E+01  0.1816E+02
   7.478  0.2631E+01  0.1818E+02
   7.488  0.2628E+01  0.1821E+02
   7.498  0.2624E+01  0.1824E+02
   7.508  0.2621E+01  0.1826E+02
   7.518  0.2618E+01  0.1829E+02
   7.528  0.2615E+01  0.1832E+02
   7.538  0.2612E+01  0.1834E+02
   7.548  0.2609E+01  0.1837E+02
   7.558  0.2606E+01  0.1839E+02
   7.568  0.2603E+01  0.1842E+02
   7.578  0.2601E+01  0.1845E+02
   7.588  0.2599E+01  0.1847E+02
   7.598  0.2597E+01  0.1850E+02
   7.608  0.2595E+01  0.1852E+02
   7.618  0.2593E+01  0.1855E+02
   7.628  0.2591E+01  0.1858E+02
   7.638  0.2590E+01  0.1860E+02
   7.648  0.2588E+01  0.1863E+02
   7.658  0.2587E+01  0.1865E+02
   7.668  0.2586E+01  0.1868E+02
   7.678  0.2585E+01  0.1871E+02
   7.688  0.2583E+01  0.1873E+02
   7.698  0.2582E+01  0.1876E+02
   7.708  0.2581E+01  0.1878E+02
   7.718  0.2580E+01  0.1881E+02
   7.728  0.2578E+01  0.1883E+02
   7.738  0.2577E+01  0.1886E+02
   7.748  0.2576E+01  0.1889E+02
   7.758  0.2574E+01  0.1891E+02
   7.768  0.2573E+01  0.1894E+02
   7.778  0.2571E+01  0.1896E+02
   7.788  0.2570E+01  0.1899E+02
   7.798  0.2568E+01  0.1901E+02
   7.808  0.2566E+01  0.1904E+02
   7.818  0.2564E+01  0.1907E+02
   7.828  0.2563E+01  0.1909E+02
   7.838  0.2561E+01  0.1912E+02
   7.848  0.2559E+01  0.1914E+02
   7.858  0.2558E+01  0.1917E+02
   7.868  0.2556E+01  0.1919E+02
   7.878  0.2555E+01  0.1922E+02
   7.888  0.2553E+01  0.1924E+02
   7.898  0.2552E+01  0.1927E+02
   7.908  0.2550E+01  0.1930E+02
   7.918  0.2549E+01  0.1932E+02
   7.928  0.2548E+01  0.1935E+02
   7.938  0.2547E+01  0.1937E+02
   7.948  0.2546E+01  0.1940E+02
   7.958  0.2545E+01  0.1942E+02
   7.968  0.2544E+01  0.1945E+02
   7.978  0.2543E+01  0.1947E+02
   7.988  0.2542E+01  0.1950E+02
   7.998  0.2541E+01  0.1952E+02
   8.008  0.2541E+01  0.1955E+02
   8.018  0.2540E+01  0.1958E+02
   8.028  0.2539E+01  0.1960E+02
   8.038  0.2539E+01  0.1963E+02
   8.048  0.2538E+01  0.1965E+02
   8.058  0.2538E+01  0.1968E+02
   8.068  0.2537E+01  0.1970E+02
   8.078  0.2537E+01  0.1973E+02
   8.088  0.2536E+01  0.1975E+02
   8.098  0.2536E+01  0.1978E+02
   8.108  0.2535E+01  0.1980E+02
   8.118  0.2535E+01  0.1983E+02
   8.128  0.2534E+01  0.1985E+02
   8.138  0.2534E+01  0.1988E+02
   8.148  0.2533E+01  0.1991E+02
   8.158  0.2532E+01  0.1993E+02
   8.168  0.2532E+01  0.1996E+02
   8.178  0.2531E+01  0.1998E+02
   8.188  0.2531E+01  0.2001E+02
   8.198  0.2530E+01  0.2003E+02
   8.208  0.2529E+01  0.2006E+02
   8.218  0.2529E+01  0.2008E+02
   8.228  0.2528E+01  0.2011E+02
   8.238  0.2528E+01  0.2013E+02
   8.248  0.2527E+01  0.2016E+02
   8.258  0.2527E+01  0.2018E+02
   8.268  0.2527E+01  0.2021E+02
   8.278  0.2526E+01  0.2023E+02
   8.288  0.2526E+01  0.2026E+02
   8.298  0.2526E+01  0.2028E+02
   8.308  0.2525E+01  0.2031E+02
   8.318  0.2525E+01  0.2034E+02
   8.328  0.2525E+01  0.2036E+02
   8.338  0.2525E+01  0.2039E+02
   8.348  0.2525E+01  0.2041E+02
   8.358  0.2525E+01  0.2044E+02
   8.368  0.2526E+01  0.2046E+02
   8.378  0.2526E+01  0.2049E+02
   8.388  0.2526E+01  0.2051E+02
   8.398  0.2526E+01  0.2054E+02
   8.408  0.2527E+01  0.2056E+02
   8.418  0.2528E+01  0.2059E+02
   8.428  0.2528E+01  0.2061E+02
   8.438  0.2529E+01  0.2064E+02
   8.448  0.2530E+01  0.2066E+02
   8.458  0.2532E+01  0.2069E+02
   8.468  0.2533E+01  0.2071E+02
   8.478  0.2535E+01  0.2074E+02
   8.488  0.2537E+01  0.2076E+02
   8.498  0.2539E+01  0.2079E+02
   8.508  0.2542E+01  0.2082E+02
   8.518  0.2545E+01  0.2084E+02
   8.528  0.2548E+01  0.2087E+02
   8.538  0.2552E+01  0.2089E+02
   8.548  0.2557E+01  0.2092E+02
   8.558  0.2562E+01  0.2094E+02
   8.568  0.2567E+01  0.2097E+02
   8.578  0.2574E+01  0.2099E+02
   8.588  0.2580E+01  0.2102E+02
   8.598  0.2588E+01  0.2105E+02
   8.608  0.2596E+01  0.2107E+02
   8.618  0.2604E+01  0.2110E+02
   8.628  0.2613E+01  0.2112E+02
   8.638  0.2623E+01  0.2115E+02
   8.648  0.2634E+01  0.2118E+02
   8.658  0.2645E+01  0.2120E+02
   8.668  0.2657E+01  0.2123E+02
   8.678  0.2669E+01  0.2126E+02
   8.688  0.2682E+01  0.2128E+02
   8.698  0.2695E+01  0.2131E+02
   8.708  0.2709E+01  0.2134E+02
   8.718  0.2723E+01  0.2136E+02
   8.728  0.2738E+01  0.2139E+02
   8.738  0.2753E+01  0.2142E+02
   8.748  0.2768E+01  0.2145E+02
   8.758  0.2784E+01  0.2148E+02
   8.768  0.2800E+01  0.2150E+02
   8.778  0.2815E+01  0.2153E+02
   8.788  0.2831E+01  0.2156E+02
   8.798  0.2846E+01  0.2159E+02
   8.808  0.2861E+01  0.2162E+02
   8.818  0.2876E+01  0.2165E+02
   8.828  0.2891E+01  0.2167E+02
   8.838  0.2905E+01  0.2170E+02
   8.848  0.2918E+01  0.2173E+02
   8.858  0.2931E+01  0.2176E+02
   8.868  0.2943E+01  0.2179E+02
   8.878  0.2954E+01  0.2182E+02
   8.888  0.2964E+01  0.2185E+02
   8.898  0.2973E+01  0.2188E+02
   8.908  0.2981E+01  0.2191E+02
   8.918  0.2988E+01  0.2194E+02
   8.928  0.2994E+01  0.2197E+02
   8.938  0.2999E+01  0.2200E+02
   8.948  0.3003E+01  0.2203E+02
   8.958  0.3006E+01  0.2206E+02
   8.968  0.3008E+01  0.2209E+02
   8.978  0.3008E+01  0.2212E+02
   8.988  0.3008E+01  0.2215E+02
   8.998  0.3007E+01  0.2218E+02
   9.008  0.3004E+01  0.2221E+02
   9.018  0.3002E+01  0.2224E+02
   9.028  0.2998E+01  0.2227E+02
   9.038  0.2994E+01  0.2230E+02
   9.048  0.2989E+01  0.2233E+02
   9.058  0.2984E+01  0.2236E+02
   9.068  0.2978E+01  0.2239E+02
   9.078  0.2972E+01  0.2242E+02
   9.088  0.2966E+01  0.2245E+02
   9.098  0.2960E+01  0.2248E+02
   9.108  0.2954E+01  0.2251E+02
   9.118  0.2947E+01  0.2254E+02
   9.128  0.2941E+01  0.2257E+02
   9.138  0.2935E+01  0.2260E+02
   9.148  0.2929E+01  0.2263E+02
   9.158  0.2923E+01  0.2266E+02
   9.168  0.2918E+01  0.2268E+02
   9.178  0.2912E+01  0.2271E+02
   9.188  0.2907E+01  0.2274E+02
   9.198  0.2903E+01  0.2277E+02
   9.208  0.2898E+01  0.2280E+02
   9.218  0.2894E+01  0.2283E+02
   9.228  0.2891E+01  0.2286E+02
   9.238  0.2888E+01  0.2289E+02
   9.248  0.2885E+01  0.2292E+02
   9.258  0.2882E+01  0.2295E+02
   9.268  0.2880E+01  0.2297E+02
   9.278  0.2878E+01  0.2300E+02
   9.288  0.2876E+01  0.2303E+02
   9.298  0.2875E+01  0.2306E+02
   9.308  0.2874E+01  0.2309E+02
   9.318  0.2874E+01  0.2312E+02
   9.328  0.2874E+01  0.2315E+02
   9.338  0.2874E+01  0.2318E+02
   9.348  0.2874E+01  0.2320E+02
   9.358  0.2875E+01  0.2323E+02
   9.368  0.2876E+01  0.2326E+02
   9.378  0.2877E+01  0.2329E+02
   9.388  0.2879E+01  0.2332E+02
   9.398  0.2880E+01  0.2335E+02
   9.408  0.2882E+01  0.2338E+02
   9.418  0.2884E+01  0.2341E+02
   9.428  0.2886E+01  0.2343E+02
   9.438  0.2888E+01  0.2346E+02
   9.448  0.2890E+01  0.2349E+02
   9.458  0.2892E+01  0.2352E+02
   9.468  0.2894E+01  0.2355E+02
   9.478  0.2896E+01  0.2358E+02
   9.488  0.2898E+01  0.2361E+02
   9.498  0.2900E+01  0.2364E+02
   9.508  0.2901E+01  0.2367E+02
   9.518  0.2903E+01  0.2369E+02
   9.528  0.2904E+01  0.2372E+02
   9.538  0.2906E+01  0.2375E+02
   9.548  0.2907E+01  0.2378E+02
   9.558  0.2908E+01  0.2381E+02
   9.568  0.2909E+01  0.2384E+02
   9.578  0.2910E+01  0.2387E+02
   9.588  0.2911E+01  0.2390E+02
   9.598  0.2912E+01  0.2393E+02
   9.608  0.2912E+01  0.2396E+02
   9.618  0.2913E+01  0.2399E+02
   9.628  0.2913E+01  0.2401E+02
   9.638  0.2914E+01  0.2404E+02
   9.648  0.2914E+01  0.2407E+02
   9.658  0.2914E+01  0.2410E+02
   9.668  0.2914E+01  0.2413E+02
   9.678  0.2914E+01  0.2416E+02
   9.688  0.2914E+01  0.2419E+02
   9.698  0.2913E+01  0.2422E+02
   9.708  0.2913E+01  0.2425E+02
   9.718  0.2912E+01  0.2428E+02
   9.728  0.2911E+01  0.2431E+02
   9.738  0.2909E+01  0.2434E+02
   9.748  0.2907E+01  0.2436E+02
   9.758  0.2905E+01  0.2439E+02
   9.768  0.2902E+01  0.2442E+02
   9.778  0.2899E+01  0.2445E+02
   9.788  0.2895E+01  0.2448E+02
   9.798  0.2891E+01  0.2451E+02
   9.808  0.2886E+01  0.2454E+02
   9.818  0.2881E+01  0.2457E+02
   9.828  0.2875E+01  0.2460E+02
   9.838  0.2869E+01  0.2462E+02
   9.848  0.2863E+01  0.2465E+02
   9.858  0.2857E+01  0.2468E+02
   9.868  0.2850E+01  0.2471E+02
   9.878  0.2844E+01  0.2474E+02
   9.888  0.2837E+01  0.2477E+02
   9.898  0.2830E+01  0.2480E+02
   9.908  0.2824E+01  0.2482E+02
   9.918  0.2818E+01  0.2485E+02
   9.928  0.2812E+01  0.2488E+02
   9.938  0.2807E+01  0.2491E+02
   9.948  0.2802E+01  0.2494E+02
   9.958  0.2798E+01  0.2496E+02
   9.968  0.2795E+01  0.2499E+02
   9.978  0.2793E+01  0.2502E+02
   9.988  0.2791E+01  0.2505E+02
   9.998  0.2790E+01  0.2508E+02
  10.008  0.2790E+01  0.2510E+02
  10.018  0.2791E+01  0.2513E+02
  10.028  0.2792E+01  0.2516E+02
  10.038  0.2795E+01  0.2519E+02
  10.048  0.2798E+01  0.2522E+02
  10.058  0.2802E+01  0.2524E+02
  10.068  0.2806E+01  0.2527E+02
  10.078  0.2811E+01  0.2530E+02
  10.088  0.2816E+01  0.2533E+02
  10.098  0.2821E+01  0.2536E+02
  10.108  0.2827E+01  0.2538E+02
  10.118  0.2833E+01  0.2541E+02
  10.128  0.2838E+01  0.2544E+02
  10.138  0.2844E+01  0.2547E+02
  10.148  0.2849E+01  0.2550E+02
  10.158  0.2854E+01  0.2553E+02
  10.168  0.2859E+01  0.2555E+02
  10.178  0.2863E+01  0.2558E+02
  10.188  0.2866E+01  0.2561E+02
  10.198  0.2870E+01  0.2564E+02
  10.208  0.2872E+01  0.2567E+02
  10.218  0.2874E+01  0.2570E+02
  10.228  0.2876E+01  0.2573E+02
  10.238  0.2877E+01  0.2576E+02
  10.248  0.2877E+01  0.2578E+02
  10.258  0.2877E+01  0.2581E+02
  10.268  0.2877E+01  0.2584E+02
  10.278  0.2876E+01  0.2587E+02
  10.288  0.2875E+01  0.2590E+02
  10.298  0.2873E+01  0.2593E+02
  10.308  0.2872E+01  0.2596E+02
  10.318  0.2870E+01  0.2599E+02
  10.328  0.2869E+01  0.2601E+02
  10.338  0.2867E+01  0.2604E+02
  10.348  0.2866E+01  0.2607E+02
  10.358  0.2865E+01  0.2610E+02
  10.368  0.2864E+01  0.2613E+02
  10.378  0.2863E+01  0.2616E+02
  10.388  0.2863E+01  0.2619E+02
  10.398  0.2863E+01  0.2621E+02
  10.408  0.2863E+01  0.2624E+02
  10.418  0.2864E+01  0.2627E+02
  10.428  0.2865E+01  0.2630E+02
  10.438  0.2866E+01  0.2633E+02
  10.448  0.2868E+01  0.2636E+02
  10.458  0.2870E+01  0.2639E+02
  10.468  0.2872E+01  0.2642E+02
  10.478  0.2874E+01  0.2644E+02
  10.488  0.2877E+01  0.2647E+02
  10.498  0.2880E+01  0.2650E+02
  10.508  0.2882E+01  0.2653E+02
  10.518  0.2885E+01  0.2656E+02
  10.528  0.2888E+01  0.2659E+02
  10.538  0.2891E+01  0.2662E+02
  10.548  0.2894E+01  0.2665E+02
  10.558  0.2897E+01  0.2668E+02
  10.568  0.2900E+01  0.2670E+02
  10.578  0.2902E+01  0.2673E+02
  10.588  0.2905E+01  0.2676E+02
  10.598  0.2908E+01  0.2679E+02
  10.608  0.2910E+01  0.2682E+02
  10.618  0.2913E+01  0.2685E+02
  10.628  0.2916E+01  0.2688E+02
  10.638  0.2919E+01  0.2691E+02
  10.648  0.2922E+01  0.2694E+02
  10.658  0.2925E+01  0.2697E+02
  10.668  0.2928E+01  0.2700E+02
  10.678  0.2932E+01  0.2703E+02
  10.688  0.2936E+01  0.2705E+02
  10.698  0.2940E+01  0.2708E+02
  10.708  0.2945E+01  0.2711E+02
  10.718  0.2950E+01  0.2714E+02
  10.728  0.2956E+01  0.2717E+02
  10.738  0.2962E+01  0.2720E+02
  10.748  0.2969E+01  0.2723E+02
  10.758  0.2977E+01  0.2726E+02
  10.768  0.2985E+01  0.2729E+02
  10.778  0.2993E+01  0.2732E+02
  10.788  0.3002E+01  0.2735E+02
  10.798  0.3011E+01  0.2738E+02
  10.808  0.3021E+01  0.2741E+02
  10.818  0.3032E+01  0.2744E+02
  10.828  0.3042E+01  0.2747E+02
  10.838  0.3053E+01  0.2750E+02
  10.848  0.3064E+01  0.2753E+02
  10.858  0.3076E+01  0.2756E+02
  10.868  0.3087E+01  0.2760E+02
  10.878  0.3099E+01  0.2763E+02
  10.888  0.3110E+01  0.2766E+02
  10.898  0.3122E+01  0.2769E+02
  10.908  0.3134E+01  0.2772E+02
  10.918  0.3145E+01  0.2775E+02
  10.928  0.3156E+01  0.2778E+02
  10.938  0.3168E+01  0.2781E+02
  10.948  0.3179E+01  0.2785E+02
  10.958  0.3190E+01  0.2788E+02
  10.968  0.3200E+01  0.2791E+02
  10.978  0.3211E+01  0.2794E+02
  10.988  0.3221E+01  0.2797E+02
  10.998  0.3231E+01  0.2801E+02
  11.008  0.3240E+01  0.2804E+02
  11.018  0.3249E+01  0.2807E+02
  11.028  0.3258E+01  0.2810E+02
  11.038  0.3267E+01  0.2814E+02
  11.048  0.3275E+01  0.2817E+02
  11.058  0.3282E+01  0.2820E+02
  11.068  0.3289E+01  0.2824E+02
  11.078  0.3295E+01  0.2827E+02
  11.088  0.3301E+01  0.2830E+02
  11.098  0.3306E+01  0.2833E+02
  11.108  0.3311E+01  0.2837E+02
  11.118  0.3314E+01  0.2840E+02
  11.128  0.3317E+01  0.2843E+02
  11.138  0.3319E+01  0.2847E+02
  11.148  0.3321E+01  0.2850E+02
  11.158  0.3321E+01  0.2853E+02
  11.168  0.3321E+01  0.2857E+02
  11.178  0.3320E+01  0.2860E+02
  11.188  0.3319E+01  0.2863E+02
  11.198  0.3316E+01  0.2867E+02
  11.208  0.3313E+01  0.2870E+02
  11.218  0.3310E+01  0.2873E+02
  11.228  0.3306E+01  0.2877E+02
  11.238  0.3302E+01  0.2880E+02
  11.248  0.3298E+01  0.2883E+02
  11.258  0.3293E+01  0.2886E+02
  11.268  0.3288E+01  0.2890E+02
  11.278  0.3284E+01  0.2893E+02
  11.288  0.3279E+01  0.2896E+02
  11.298  0.3275E+01  0.2900E+02
  11.308  0.3271E+01  0.2903E+02
  11.318  0.3267E+01  0.2906E+02
  11.328  0.3263E+01  0.2909E+02
  11.338  0.3261E+01  0.2913E+02
  11.348  0.3258E+01  0.2916E+02
  11.358  0.3256E+01  0.2919E+02
  11.368  0.3254E+01  0.2922E+02
  11.378  0.3253E+01  0.2926E+02
  11.388  0.3252E+01  0.2929E+02
  11.398  0.3251E+01  0.2932E+02
  11.408  0.3251E+01  0.2935E+02
  11.418  0.3251E+01  0.2939E+02
  11.428  0.3251E+01  0.2942E+02
  11.438  0.3251E+01  0.2945E+02
  11.448  0.3250E+01  0.2948E+02
  11.458  0.3250E+01  0.2952E+02
  11.468  0.3249E+01  0.2955E+02
  11.478  0.3248E+01  0.2958E+02
  11.488  0.3247E+01  0.2961E+02
  11.498  0.3245E+01  0.2965E+02
  11.508  0.3243E+01  0.2968E+02
  11.518  0.3240E+01  0.2971E+02
  11.528  0.3236E+01  0.2974E+02
  11.538  0.3232E+01  0.2978E+02
  11.548  0.3227E+01  0.2981E+02
  11.558  0.3221E+01  0.2984E+02
  11.568  0.3215E+01  0.2987E+02
  11.578  0.3208E+01  0.2990E+02
  11.588  0.3201E+01  0.2994E+02
  11.598  0.3194E+01  0.2997E+02
  11.608  0.3186E+01  0.3000E+02
  11.618  0.3178E+01  0.3003E+02
  11.628  0.3170E+01  0.3006E+02
  11.638  0.3162E+01  0.3010E+02
  11.648  0.3154E+01  0.3013E+02
  11.658  0.3146E+01  0.3016E+02
  11.668  0.3139E+01  0.3019E+02
  11.678  0.3132E+01  0.3022E+02
  11.688  0.3125E+01  0.3025E+02
  11.698  0.3119E+01  0.3028E+02
  11.708  0.3114E+01  0.3031E+02
  11.718  0.3110E+01  0.3035E+02
  11.728  0.3106E+01  0.3038E+02
  11.738  0.3102E+01  0.3041E+02
  11.748  0.3100E+01  0.3044E+02
  11.758  0.3098E+01  0.3047E+02
  11.768  0.3097E+01  0.3050E+02
  11.778  0.3096E+01  0.3053E+02
  11.788  0.3095E+01  0.3056E+02
  11.798  0.3095E+01  0.3059E+02
  11.808  0.3095E+01  0.3062E+02
  11.818  0.3095E+01  0.3066E+02
  11.828  0.3095E+01  0.3069E+02
  11.838  0.3096E+01  0.3072E+02
  11.848  0.3095E+01  0.3075E+02
  11.858  0.3095E+01  0.3078E+02
  11.868  0.3094E+01  0.3081E+02
  11.878  0.3092E+01  0.3084E+02
  11.888  0.3090E+01  0.3087E+02
  11.898  0.3087E+01  0.3090E+02
  11.908  0.3084E+01  0.3093E+02
  11.918  0.3079E+01  0.3096E+02
  11.928  0.3074E+01  0.3100E+02
  11.938  0.3068E+01  0.3103E+02
  11.948  0.3062E+01  0.3106E+02
  11.958  0.3054E+01  0.3109E+02
  11.968  0.3046E+01  0.3112E+02
  11.978  0.3038E+01  0.3115E+02
  11.988  0.3029E+01  0.3118E+02
  11.998  0.3020E+01  0.3121E+02
  12.008  0.3010E+01  0.3124E+02
  12.018  0.3000E+01  0.3127E+02
  12.028  0.2990E+01  0.3130E+02
  12.038  0.2981E+01  0.3133E+02
  12.048  0.2971E+01  0.3136E+02
  12.058  0.2962E+01  0.3139E+02
  12.068  0.2954E+01  0.3142E+02
  12.078  0.2946E+01  0.3145E+02
  12.088  0.2939E+01  0.3148E+02
  12.098  0.2933E+01  0.3151E+02
  12.108  0.2927E+01  0.3153E+02
  12.118  0.2923E+01  0.3156E+02
  12.128  0.2919E+01  0.3159E+02
  12.138  0.2917E+01  0.3162E+02
  12.148  0.2916E+01  0.3165E+02
  12.158  0.2916E+01  0.3168E+02
  12.168  0.2917E+01  0.3171E+02
  12.178  0.2919E+01  0.3174E+02
  12.188  0.2922E+01  0.3177E+02
  12.198  0.2926E+01  0.3180E+02
  12.208  0.2931E+01  0.3183E+02
  12.218  0.2938E+01  0.3186E+02
  12.228  0.2945E+01  0.3189E+02
  12.238  0.2952E+01  0.3192E+02
  12.248  0.2961E+01  0.3194E+02
  12.258  0.2970E+01  0.3197E+02
  12.268  0.2979E+01  0.3200E+02
  12.278  0.2989E+01  0.3203E+02
  12.288  0.3000E+01  0.3206E+02
  12.298  0.3010E+01  0.3209E+02
  12.308  0.3021E+01  0.3212E+02
  12.318  0.3032E+01  0.3215E+02
  12.328  0.3042E+01  0.3219E+02
  12.338  0.3053E+01  0.3222E+02
  12.348  0.3063E+01  0.3225E+02
  12.358  0.3074E+01  0.3228E+02
  12.368  0.3084E+01  0.3231E+02
  12.378  0.3093E+01  0.3234E+02
  12.388  0.3102E+01  0.3237E+02
  12.398  0.3111E+01  0.3240E+02
  12.408  0.3120E+01  0.3243E+02
  12.418  0.3128E+01  0.3246E+02
  12.428  0.3135E+01  0.3249E+02
  12.438  0.3142E+01  0.3253E+02
  12.448  0.3149E+01  0.3256E+02
  12.458  0.3155E+01  0.3259E+02
  12.468  0.3161E+01  0.3262E+02
  12.478  0.3167E+01  0.3265E+02
  12.488  0.3172E+01  0.3268E+02
  12.498  0.3177E+01  0.3272E+02
  12.508  0.3182E+01  0.3275E+02
  12.518  0.3186E+01  0.3278E+02
  12.528  0.3190E+01  0.3281E+02
  12.538  0.3194E+01  0.3284E+02
  12.548  0.3198E+01  0.3288E+02
  12.558  0.3202E+01  0.3291E+02
  12.568  0.3206E+01  0.3294E+02
  12.578  0.3210E+01  0.3297E+02
  12.588  0.3214E+01  0.3300E+02
  12.598  0.3217E+01  0.3304E+02
  12.608  0.3221E+01  0.3307E+02
  12.618  0.3225E+01  0.3310E+02
  12.628  0.3229E+01  0.3313E+02
  12.638  0.3233E+01  0.3317E+02
  12.648  0.3237E+01  0.3320E+02
  12.658  0.3241E+01  0.3323E+02
  12.668  0.3245E+01  0.3326E+02
  12.678  0.3250E+01  0.3329E+02
  12.688  0.3254E+01  0.3333E+02
  12.698  0.3259E+01  0.3336E+02
  12.708  0.3264E+01  0.3339E+02
  12.718  0.3268E+01  0.3343E+02
  12.728  0.3273E+01  0.3346E+02
  12.738  0.3278E+01  0.3349E+02
  12.748  0.3283E+01  0.3352E+02
  12.758  0.3288E+01  0.3356E+02
  12.768  0.3292E+01  0.3359E+02
  12.778  0.3297E+01  0.3362E+02
  12.788  0.3301E+01  0.3366E+02
  12.798  0.3305E+01  0.3369E+02
  12.808  0.3309E+01  0.3372E+02
  12.818  0.3312E+01  0.3375E+02
  12.828  0.3314E+01  0.3379E+02
  12.838  0.3316E+01  0.3382E+02
  12.848  0.3318E+01  0.3385E+02
  12.858  0.3318E+01  0.3389E+02
  12.868  0.3317E+01  0.3392E+02
  12.878  0.3316E+01  0.3395E+02
  12.888  0.3314E+01  0.3399E+02
  12.898  0.3310E+01  0.3402E+02
  12.908  0.3305E+01  0.3405E+02
  12.918  0.3300E+01  0.3409E+02
  12.928  0.3293E+01  0.3412E+02
  12.938  0.3285E+01  0.3415E+02
  12.948  0.3276E+01  0.3418E+02
  12.958  0.3266E+01  0.3422E+02
  12.968  0.3255E+01  0.3425E+02
  12.978  0.3243E+01  0.3428E+02
  12.988  0.3230E+01  0.3431E+02
  12.998  0.3217E+01  0.3435E+02
  13.008  0.3203E+01  0.3438E+02
  13.018  0.3189E+01  0.3441E+02
  13.028  0.3175E+01  0.3444E+02
  13.038  0.3161E+01  0.3447E+02
  13.048  0.3146E+01  0.3451E+02
  13.058  0.3132E+01  0.3454E+02
  13.068  0.3118E+01  0.3457E+02
  13.078  0.3105E+01  0.3460E+02
  13.088  0.3092E+01  0.3463E+02
  13.098  0.3080E+01  0.3466E+02
  13.108  0.3068E+01  0.3469E+02
  13.118  0.3057E+01  0.3472E+02
  13.128  0.3047E+01  0.3475E+02
  13.138  0.3038E+01  0.3478E+02
  13.148  0.3030E+01  0.3481E+02
  13.158  0.3023E+01  0.3484E+02
