#  E (eV)   dos(E)     Int dos(E) EFermi =   -2.731 eV
 -12.731  0.4881E+00  0.4881E-02
 -12.721  0.4991E+00  0.9872E-02
 -12.711  0.5112E+00  0.1498E-01
 -12.701  0.5242E+00  0.2023E-01
 -12.691  0.5381E+00  0.2561E-01
 -12.681  0.5528E+00  0.3113E-01
 -12.671  0.5680E+00  0.3681E-01
 -12.661  0.5836E+00  0.4265E-01
 -12.651  0.5995E+00  0.4865E-01
 -12.641  0.6154E+00  0.5480E-01
 -12.631  0.6312E+00  0.6111E-01
 -12.621  0.6467E+00  0.6758E-01
 -12.611  0.6619E+00  0.7420E-01
 -12.601  0.6765E+00  0.8096E-01
 -12.591  0.6905E+00  0.8787E-01
 -12.581  0.7037E+00  0.9490E-01
 -12.571  0.7160E+00  0.1021E+00
 -12.561  0.7275E+00  0.1093E+00
 -12.551  0.7379E+00  0.1167E+00
 -12.541  0.7473E+00  0.1242E+00
 -12.531  0.7556E+00  0.1317E+00
 -12.521  0.7628E+00  0.1394E+00
 -12.511  0.7688E+00  0.1471E+00
 -12.501  0.7736E+00  0.1548E+00
 -12.491  0.7772E+00  0.1626E+00
 -12.481  0.7796E+00  0.1704E+00
 -12.471  0.7808E+00  0.1782E+00
 -12.461  0.7808E+00  0.1860E+00
 -12.451  0.7796E+00  0.1938E+00
 -12.441  0.7772E+00  0.2016E+00
 -12.431  0.7738E+00  0.2093E+00
 -12.421  0.7695E+00  0.2170E+00
 -12.411  0.7642E+00  0.2246E+00
 -12.401  0.7582E+00  0.2322E+00
 -12.391  0.7515E+00  0.2397E+00
 -12.381  0.7444E+00  0.2472E+00
 -12.371  0.7369E+00  0.2545E+00
 -12.361  0.7293E+00  0.2618E+00
 -12.351  0.7217E+00  0.2690E+00
 -12.341  0.7143E+00  0.2762E+00
 -12.331  0.7071E+00  0.2833E+00
 -12.321  0.7004E+00  0.2903E+00
 -12.311  0.6942E+00  0.2972E+00
 -12.301  0.6887E+00  0.3041E+00
 -12.291  0.6840E+00  0.3109E+00
 -12.281  0.6800E+00  0.3177E+00
 -12.271  0.6770E+00  0.3245E+00
 -12.261  0.6748E+00  0.3313E+00
 -12.251  0.6737E+00  0.3380E+00
 -12.241  0.6735E+00  0.3447E+00
 -12.231  0.6744E+00  0.3515E+00
 -12.221  0.6763E+00  0.3582E+00
 -12.211  0.6793E+00  0.3650E+00
 -12.201  0.6833E+00  0.3719E+00
 -12.191  0.6884E+00  0.3787E+00
 -12.181  0.6943E+00  0.3857E+00
 -12.171  0.7012E+00  0.3927E+00
 -12.161  0.7089E+00  0.3998E+00
 -12.151  0.7171E+00  0.4070E+00
 -12.141  0.7259E+00  0.4142E+00
 -12.131  0.7349E+00  0.4216E+00
 -12.121  0.7440E+00  0.4290E+00
 -12.111  0.7528E+00  0.4365E+00
 -12.101  0.7611E+00  0.4441E+00
 -12.091  0.7686E+00  0.4518E+00
 -12.081  0.7751E+00  0.4596E+00
 -12.071  0.7803E+00  0.4674E+00
 -12.061  0.7840E+00  0.4752E+00
 -12.051  0.7860E+00  0.4831E+00
 -12.041  0.7862E+00  0.4909E+00
 -12.031  0.7846E+00  0.4988E+00
 -12.021  0.7811E+00  0.5066E+00
 -12.011  0.7759E+00  0.5144E+00
 -12.001  0.7690E+00  0.5221E+00
 -11.991  0.7606E+00  0.5297E+00
 -11.981  0.7510E+00  0.5372E+00
 -11.971  0.7404E+00  0.5446E+00
 -11.961  0.7290E+00  0.5519E+00
 -11.951  0.7173E+00  0.5590E+00
 -11.941  0.7053E+00  0.5661E+00
 -11.931  0.6935E+00  0.5730E+00
 -11.921  0.6819E+00  0.5798E+00
 -11.911  0.6708E+00  0.5865E+00
 -11.901  0.6603E+00  0.5932E+00
 -11.891  0.6505E+00  0.5997E+00
 -11.881  0.6414E+00  0.6061E+00
 -11.871  0.6330E+00  0.6124E+00
 -11.861  0.6253E+00  0.6187E+00
 -11.851  0.6183E+00  0.6248E+00
 -11.841  0.6119E+00  0.6310E+00
 -11.831  0.6060E+00  0.6370E+00
 -11.821  0.6006E+00  0.6430E+00
 -11.811  0.5956E+00  0.6490E+00
 -11.801  0.5912E+00  0.6549E+00
 -11.791  0.5873E+00  0.6608E+00
 -11.781  0.5839E+00  0.6666E+00
 -11.771  0.5812E+00  0.6724E+00
 -11.761  0.5793E+00  0.6782E+00
 -11.751  0.5782E+00  0.6840E+00
 -11.741  0.5782E+00  0.6898E+00
 -11.731  0.5792E+00  0.6956E+00
 -11.721  0.5815E+00  0.7014E+00
 -11.711  0.5851E+00  0.7072E+00
 -11.701  0.5900E+00  0.7131E+00
 -11.691  0.5962E+00  0.7191E+00
 -11.681  0.6036E+00  0.7251E+00
 -11.671  0.6122E+00  0.7312E+00
 -11.661  0.6218E+00  0.7375E+00
 -11.651  0.6322E+00  0.7438E+00
 -11.641  0.6431E+00  0.7502E+00
 -11.631  0.6542E+00  0.7568E+00
 -11.621  0.6654E+00  0.7634E+00
 -11.611  0.6761E+00  0.7702E+00
 -11.601  0.6863E+00  0.7770E+00
 -11.591  0.6955E+00  0.7840E+00
 -11.581  0.7036E+00  0.7910E+00
 -11.571  0.7102E+00  0.7981E+00
 -11.561  0.7152E+00  0.8053E+00
 -11.551  0.7184E+00  0.8125E+00
 -11.541  0.7198E+00  0.8197E+00
 -11.531  0.7194E+00  0.8269E+00
 -11.521  0.7171E+00  0.8340E+00
 -11.511  0.7130E+00  0.8412E+00
 -11.501  0.7073E+00  0.8482E+00
 -11.491  0.7002E+00  0.8552E+00
 -11.481  0.6918E+00  0.8622E+00
 -11.471  0.6825E+00  0.8690E+00
 -11.461  0.6725E+00  0.8757E+00
 -11.451  0.6622E+00  0.8823E+00
 -11.441  0.6518E+00  0.8888E+00
 -11.431  0.6417E+00  0.8953E+00
 -11.421  0.6322E+00  0.9016E+00
 -11.411  0.6237E+00  0.9078E+00
 -11.401  0.6163E+00  0.9140E+00
 -11.391  0.6104E+00  0.9201E+00
 -11.381  0.6061E+00  0.9261E+00
 -11.371  0.6036E+00  0.9322E+00
 -11.361  0.6030E+00  0.9382E+00
 -11.351  0.6042E+00  0.9443E+00
 -11.341  0.6072E+00  0.9503E+00
 -11.331  0.6118E+00  0.9564E+00
 -11.321  0.6178E+00  0.9626E+00
 -11.311  0.6249E+00  0.9689E+00
 -11.301  0.6330E+00  0.9752E+00
 -11.291  0.6415E+00  0.9816E+00
 -11.281  0.6502E+00  0.9881E+00
 -11.271  0.6586E+00  0.9947E+00
 -11.261  0.6666E+00  0.1001E+01
 -11.251  0.6737E+00  0.1008E+01
 -11.241  0.6798E+00  0.1015E+01
 -11.231  0.6847E+00  0.1022E+01
 -11.221  0.6882E+00  0.1029E+01
 -11.211  0.6903E+00  0.1036E+01
 -11.201  0.6911E+00  0.1042E+01
 -11.191  0.6906E+00  0.1049E+01
 -11.181  0.6890E+00  0.1056E+01
 -11.171  0.6866E+00  0.1063E+01
 -11.161  0.6834E+00  0.1070E+01
 -11.151  0.6798E+00  0.1077E+01
 -11.141  0.6760E+00  0.1084E+01
 -11.131  0.6722E+00  0.1090E+01
 -11.121  0.6688E+00  0.1097E+01
 -11.111  0.6659E+00  0.1104E+01
 -11.101  0.6637E+00  0.1110E+01
 -11.091  0.6624E+00  0.1117E+01
 -11.081  0.6621E+00  0.1123E+01
 -11.071  0.6630E+00  0.1130E+01
 -11.061  0.6652E+00  0.1137E+01
 -11.051  0.6686E+00  0.1143E+01
 -11.041  0.6735E+00  0.1150E+01
 -11.031  0.6797E+00  0.1157E+01
 -11.021  0.6872E+00  0.1164E+01
 -11.011  0.6960E+00  0.1171E+01
 -11.001  0.7059E+00  0.1178E+01
 -10.991  0.7168E+00  0.1185E+01
 -10.981  0.7286E+00  0.1192E+01
 -10.971  0.7409E+00  0.1200E+01
 -10.961  0.7535E+00  0.1207E+01
 -10.951  0.7662E+00  0.1215E+01
 -10.941  0.7785E+00  0.1223E+01
 -10.931  0.7901E+00  0.1231E+01
 -10.921  0.8008E+00  0.1239E+01
 -10.911  0.8102E+00  0.1247E+01
 -10.901  0.8180E+00  0.1255E+01
 -10.891  0.8239E+00  0.1263E+01
 -10.881  0.8279E+00  0.1271E+01
 -10.871  0.8298E+00  0.1280E+01
 -10.861  0.8296E+00  0.1288E+01
 -10.851  0.8273E+00  0.1296E+01
 -10.841  0.8231E+00  0.1304E+01
 -10.831  0.8171E+00  0.1313E+01
 -10.821  0.8097E+00  0.1321E+01
 -10.811  0.8011E+00  0.1329E+01
 -10.801  0.7918E+00  0.1337E+01
 -10.791  0.7821E+00  0.1345E+01
 -10.781  0.7724E+00  0.1352E+01
 -10.771  0.7633E+00  0.1360E+01
 -10.761  0.7550E+00  0.1367E+01
 -10.751  0.7479E+00  0.1375E+01
 -10.741  0.7423E+00  0.1382E+01
 -10.731  0.7384E+00  0.1390E+01
 -10.721  0.7365E+00  0.1397E+01
 -10.711  0.7366E+00  0.1404E+01
 -10.701  0.7387E+00  0.1412E+01
 -10.691  0.7428E+00  0.1419E+01
 -10.681  0.7488E+00  0.1427E+01
 -10.671  0.7565E+00  0.1434E+01
 -10.661  0.7658E+00  0.1442E+01
 -10.651  0.7763E+00  0.1450E+01
 -10.641  0.7878E+00  0.1458E+01
 -10.631  0.8001E+00  0.1466E+01
 -10.621  0.8128E+00  0.1474E+01
 -10.611  0.8258E+00  0.1482E+01
 -10.601  0.8388E+00  0.1490E+01
 -10.591  0.8516E+00  0.1499E+01
 -10.581  0.8639E+00  0.1508E+01
 -10.571  0.8757E+00  0.1516E+01
 -10.561  0.8868E+00  0.1525E+01
 -10.551  0.8971E+00  0.1534E+01
 -10.541  0.9066E+00  0.1543E+01
 -10.531  0.9151E+00  0.1552E+01
 -10.521  0.9227E+00  0.1562E+01
 -10.511  0.9294E+00  0.1571E+01
 -10.501  0.9353E+00  0.1580E+01
 -10.491  0.9404E+00  0.1590E+01
 -10.481  0.9447E+00  0.1599E+01
 -10.471  0.9483E+00  0.1609E+01
 -10.461  0.9515E+00  0.1618E+01
 -10.451  0.9541E+00  0.1628E+01
 -10.441  0.9565E+00  0.1637E+01
 -10.431  0.9585E+00  0.1647E+01
 -10.421  0.9604E+00  0.1656E+01
 -10.411  0.9622E+00  0.1666E+01
 -10.401  0.9640E+00  0.1676E+01
 -10.391  0.9657E+00  0.1685E+01
 -10.381  0.9675E+00  0.1695E+01
 -10.371  0.9693E+00  0.1705E+01
 -10.361  0.9710E+00  0.1714E+01
 -10.351  0.9728E+00  0.1724E+01
 -10.341  0.9746E+00  0.1734E+01
 -10.331  0.9763E+00  0.1744E+01
 -10.321  0.9780E+00  0.1753E+01
 -10.311  0.9796E+00  0.1763E+01
 -10.301  0.9812E+00  0.1773E+01
 -10.291  0.9827E+00  0.1783E+01
 -10.281  0.9843E+00  0.1793E+01
 -10.271  0.9859E+00  0.1803E+01
 -10.261  0.9876E+00  0.1812E+01
 -10.251  0.9894E+00  0.1822E+01
 -10.241  0.9914E+00  0.1832E+01
 -10.231  0.9936E+00  0.1842E+01
 -10.221  0.9961E+00  0.1852E+01
 -10.211  0.9989E+00  0.1862E+01
 -10.201  0.1002E+01  0.1872E+01
 -10.191  0.1005E+01  0.1882E+01
 -10.181  0.1009E+01  0.1892E+01
 -10.171  0.1013E+01  0.1902E+01
 -10.161  0.1018E+01  0.1913E+01
 -10.151  0.1023E+01  0.1923E+01
 -10.141  0.1028E+01  0.1933E+01
 -10.131  0.1033E+01  0.1943E+01
 -10.121  0.1038E+01  0.1954E+01
 -10.111  0.1043E+01  0.1964E+01
 -10.101  0.1048E+01  0.1975E+01
 -10.091  0.1052E+01  0.1985E+01
 -10.081  0.1056E+01  0.1996E+01
 -10.071  0.1060E+01  0.2006E+01
 -10.061  0.1063E+01  0.2017E+01
 -10.051  0.1065E+01  0.2028E+01
 -10.041  0.1066E+01  0.2038E+01
 -10.031  0.1067E+01  0.2049E+01
 -10.021  0.1066E+01  0.2060E+01
 -10.011  0.1065E+01  0.2070E+01
 -10.001  0.1062E+01  0.2081E+01
  -9.991  0.1059E+01  0.2091E+01
  -9.981  0.1055E+01  0.2102E+01
  -9.971  0.1049E+01  0.2113E+01
  -9.961  0.1043E+01  0.2123E+01
  -9.951  0.1036E+01  0.2133E+01
  -9.941  0.1029E+01  0.2144E+01
  -9.931  0.1021E+01  0.2154E+01
  -9.921  0.1012E+01  0.2164E+01
  -9.911  0.1004E+01  0.2174E+01
  -9.901  0.9946E+00  0.2184E+01
  -9.891  0.9856E+00  0.2194E+01
  -9.881  0.9767E+00  0.2204E+01
  -9.871  0.9681E+00  0.2213E+01
  -9.861  0.9599E+00  0.2223E+01
  -9.851  0.9524E+00  0.2232E+01
  -9.841  0.9457E+00  0.2242E+01
  -9.831  0.9401E+00  0.2251E+01
  -9.821  0.9358E+00  0.2261E+01
  -9.811  0.9329E+00  0.2270E+01
  -9.801  0.9316E+00  0.2279E+01
  -9.791  0.9320E+00  0.2289E+01
  -9.781  0.9343E+00  0.2298E+01
  -9.771  0.9385E+00  0.2307E+01
  -9.761  0.9445E+00  0.2317E+01
  -9.751  0.9523E+00  0.2326E+01
  -9.741  0.9616E+00  0.2336E+01
  -9.731  0.9723E+00  0.2346E+01
  -9.721  0.9840E+00  0.2355E+01
  -9.711  0.9963E+00  0.2365E+01
  -9.701  0.1009E+01  0.2375E+01
  -9.691  0.1021E+01  0.2386E+01
  -9.681  0.1033E+01  0.2396E+01
  -9.671  0.1044E+01  0.2406E+01
  -9.661  0.1053E+01  0.2417E+01
  -9.651  0.1061E+01  0.2428E+01
  -9.641  0.1067E+01  0.2438E+01
  -9.631  0.1070E+01  0.2449E+01
  -9.621  0.1071E+01  0.2460E+01
  -9.611  0.1071E+01  0.2470E+01
  -9.601  0.1068E+01  0.2481E+01
  -9.591  0.1063E+01  0.2492E+01
  -9.581  0.1056E+01  0.2502E+01
  -9.571  0.1048E+01  0.2513E+01
  -9.561  0.1039E+01  0.2523E+01
  -9.551  0.1030E+01  0.2533E+01
  -9.541  0.1020E+01  0.2544E+01
  -9.531  0.1009E+01  0.2554E+01
  -9.521  0.9991E+00  0.2564E+01
  -9.511  0.9891E+00  0.2574E+01
  -9.501  0.9796E+00  0.2583E+01
  -9.491  0.9706E+00  0.2593E+01
  -9.481  0.9621E+00  0.2603E+01
  -9.471  0.9543E+00  0.2612E+01
  -9.461  0.9470E+00  0.2622E+01
  -9.451  0.9403E+00  0.2631E+01
  -9.441  0.9342E+00  0.2640E+01
  -9.431  0.9285E+00  0.2650E+01
  -9.421  0.9234E+00  0.2659E+01
  -9.411  0.9188E+00  0.2668E+01
  -9.401  0.9148E+00  0.2677E+01
  -9.391  0.9115E+00  0.2686E+01
  -9.381  0.9089E+00  0.2696E+01
  -9.371  0.9071E+00  0.2705E+01
  -9.361  0.9062E+00  0.2714E+01
  -9.351  0.9065E+00  0.2723E+01
  -9.341  0.9079E+00  0.2732E+01
  -9.331  0.9106E+00  0.2741E+01
  -9.321  0.9147E+00  0.2750E+01
  -9.311  0.9202E+00  0.2759E+01
  -9.301  0.9271E+00  0.2769E+01
  -9.291  0.9353E+00  0.2778E+01
  -9.281  0.9447E+00  0.2787E+01
  -9.271  0.9552E+00  0.2797E+01
  -9.261  0.9664E+00  0.2807E+01
  -9.251  0.9782E+00  0.2816E+01
  -9.241  0.9901E+00  0.2826E+01
  -9.231  0.1002E+01  0.2836E+01
  -9.221  0.1013E+01  0.2846E+01
  -9.211  0.1023E+01  0.2857E+01
  -9.201  0.1032E+01  0.2867E+01
  -9.191  0.1040E+01  0.2877E+01
  -9.181  0.1045E+01  0.2888E+01
  -9.171  0.1048E+01  0.2898E+01
  -9.161  0.1049E+01  0.2909E+01
  -9.151  0.1047E+01  0.2919E+01
  -9.141  0.1042E+01  0.2930E+01
  -9.131  0.1035E+01  0.2940E+01
  -9.121  0.1026E+01  0.2950E+01
  -9.111  0.1014E+01  0.2960E+01
  -9.101  0.9995E+00  0.2970E+01
  -9.091  0.9833E+00  0.2980E+01
  -9.081  0.9654E+00  0.2990E+01
  -9.071  0.9460E+00  0.2999E+01
  -9.061  0.9253E+00  0.3009E+01
  -9.051  0.9036E+00  0.3018E+01
  -9.041  0.8812E+00  0.3026E+01
  -9.031  0.8582E+00  0.3035E+01
  -9.021  0.8349E+00  0.3043E+01
  -9.011  0.8113E+00  0.3052E+01
  -9.001  0.7878E+00  0.3059E+01
  -8.991  0.7643E+00  0.3067E+01
  -8.981  0.7412E+00  0.3074E+01
  -8.971  0.7185E+00  0.3082E+01
  -8.961  0.6963E+00  0.3089E+01
  -8.951  0.6750E+00  0.3095E+01
  -8.941  0.6546E+00  0.3102E+01
  -8.931  0.6354E+00  0.3108E+01
  -8.921  0.6175E+00  0.3114E+01
  -8.911  0.6011E+00  0.3120E+01
  -8.901  0.5865E+00  0.3126E+01
  -8.891  0.5737E+00  0.3132E+01
  -8.881  0.5629E+00  0.3138E+01
  -8.871  0.5542E+00  0.3143E+01
  -8.861  0.5475E+00  0.3149E+01
  -8.851  0.5429E+00  0.3154E+01
  -8.841  0.5403E+00  0.3159E+01
  -8.831  0.5394E+00  0.3165E+01
  -8.821  0.5401E+00  0.3170E+01
  -8.811  0.5423E+00  0.3176E+01
  -8.801  0.5454E+00  0.3181E+01
  -8.791  0.5494E+00  0.3187E+01
  -8.781  0.5539E+00  0.3192E+01
  -8.771  0.5587E+00  0.3198E+01
  -8.761  0.5634E+00  0.3203E+01
  -8.751  0.5680E+00  0.3209E+01
  -8.741  0.5722E+00  0.3215E+01
  -8.731  0.5759E+00  0.3221E+01
  -8.721  0.5792E+00  0.3226E+01
  -8.711  0.5820E+00  0.3232E+01
  -8.701  0.5845E+00  0.3238E+01
  -8.691  0.5867E+00  0.3244E+01
  -8.681  0.5889E+00  0.3250E+01
  -8.671  0.5912E+00  0.3256E+01
  -8.661  0.5938E+00  0.3262E+01
  -8.651  0.5969E+00  0.3268E+01
  -8.641  0.6006E+00  0.3274E+01
  -8.631  0.6052E+00  0.3280E+01
  -8.621  0.6107E+00  0.3286E+01
  -8.611  0.6171E+00  0.3292E+01
  -8.601  0.6245E+00  0.3298E+01
  -8.591  0.6329E+00  0.3305E+01
  -8.581  0.6420E+00  0.3311E+01
  -8.571  0.6519E+00  0.3317E+01
  -8.561  0.6623E+00  0.3324E+01
  -8.551  0.6730E+00  0.3331E+01
  -8.541  0.6839E+00  0.3338E+01
  -8.531  0.6947E+00  0.3345E+01
  -8.521  0.7052E+00  0.3352E+01
  -8.511  0.7153E+00  0.3359E+01
  -8.501  0.7248E+00  0.3366E+01
  -8.491  0.7337E+00  0.3373E+01
  -8.481  0.7417E+00  0.3381E+01
  -8.471  0.7491E+00  0.3388E+01
  -8.461  0.7557E+00  0.3396E+01
  -8.451  0.7617E+00  0.3403E+01
  -8.441  0.7672E+00  0.3411E+01
  -8.431  0.7724E+00  0.3419E+01
  -8.421  0.7775E+00  0.3427E+01
  -8.411  0.7828E+00  0.3434E+01
  -8.401  0.7884E+00  0.3442E+01
  -8.391  0.7947E+00  0.3450E+01
  -8.381  0.8019E+00  0.3458E+01
  -8.371  0.8101E+00  0.3466E+01
  -8.361  0.8196E+00  0.3475E+01
  -8.351  0.8306E+00  0.3483E+01
  -8.341  0.8430E+00  0.3491E+01
  -8.331  0.8570E+00  0.3500E+01
  -8.321  0.8724E+00  0.3509E+01
  -8.311  0.8893E+00  0.3518E+01
  -8.301  0.9075E+00  0.3527E+01
  -8.291  0.9267E+00  0.3536E+01
  -8.281  0.9467E+00  0.3545E+01
  -8.271  0.9672E+00  0.3555E+01
  -8.261  0.9879E+00  0.3565E+01
  -8.251  0.1008E+01  0.3575E+01
  -8.241  0.1028E+01  0.3585E+01
  -8.231  0.1048E+01  0.3596E+01
  -8.221  0.1066E+01  0.3606E+01
  -8.211  0.1082E+01  0.3617E+01
  -8.201  0.1097E+01  0.3628E+01
  -8.191  0.1110E+01  0.3639E+01
  -8.181  0.1121E+01  0.3651E+01
  -8.171  0.1129E+01  0.3662E+01
  -8.161  0.1136E+01  0.3673E+01
  -8.151  0.1141E+01  0.3685E+01
  -8.141  0.1143E+01  0.3696E+01
  -8.131  0.1144E+01  0.3707E+01
  -8.121  0.1143E+01  0.3719E+01
  -8.111  0.1140E+01  0.3730E+01
  -8.101  0.1136E+01  0.3742E+01
  -8.091  0.1131E+01  0.3753E+01
  -8.081  0.1126E+01  0.3764E+01
  -8.071  0.1119E+01  0.3775E+01
  -8.061  0.1113E+01  0.3787E+01
  -8.051  0.1106E+01  0.3798E+01
  -8.041  0.1099E+01  0.3809E+01
  -8.031  0.1092E+01  0.3819E+01
  -8.021  0.1086E+01  0.3830E+01
  -8.011  0.1080E+01  0.3841E+01
  -8.001  0.1074E+01  0.3852E+01
  -7.991  0.1070E+01  0.3863E+01
  -7.981  0.1066E+01  0.3873E+01
  -7.971  0.1063E+01  0.3884E+01
  -7.961  0.1062E+01  0.3894E+01
  -7.951  0.1061E+01  0.3905E+01
  -7.941  0.1062E+01  0.3916E+01
  -7.931  0.1064E+01  0.3926E+01
  -7.921  0.1068E+01  0.3937E+01
  -7.911  0.1073E+01  0.3948E+01
  -7.901  0.1081E+01  0.3959E+01
  -7.891  0.1090E+01  0.3969E+01
  -7.881  0.1101E+01  0.3980E+01
  -7.871  0.1113E+01  0.3992E+01
  -7.861  0.1128E+01  0.4003E+01
  -7.851  0.1144E+01  0.4014E+01
  -7.841  0.1161E+01  0.4026E+01
  -7.831  0.1180E+01  0.4038E+01
  -7.821  0.1199E+01  0.4050E+01
  -7.811  0.1219E+01  0.4062E+01
  -7.801  0.1238E+01  0.4074E+01
  -7.791  0.1256E+01  0.4087E+01
  -7.781  0.1273E+01  0.4100E+01
  -7.771  0.1289E+01  0.4112E+01
  -7.761  0.1302E+01  0.4125E+01
  -7.751  0.1312E+01  0.4139E+01
  -7.741  0.1319E+01  0.4152E+01
  -7.731  0.1323E+01  0.4165E+01
  -7.721  0.1323E+01  0.4178E+01
  -7.711  0.1320E+01  0.4191E+01
  -7.701  0.1313E+01  0.4205E+01
  -7.691  0.1304E+01  0.4218E+01
  -7.681  0.1292E+01  0.4231E+01
  -7.671  0.1279E+01  0.4243E+01
  -7.661  0.1263E+01  0.4256E+01
  -7.651  0.1247E+01  0.4268E+01
  -7.641  0.1231E+01  0.4281E+01
  -7.631  0.1215E+01  0.4293E+01
  -7.621  0.1200E+01  0.4305E+01
  -7.611  0.1186E+01  0.4317E+01
  -7.601  0.1175E+01  0.4329E+01
  -7.591  0.1166E+01  0.4340E+01
  -7.581  0.1160E+01  0.4352E+01
  -7.571  0.1157E+01  0.4363E+01
  -7.561  0.1157E+01  0.4375E+01
  -7.551  0.1159E+01  0.4387E+01
  -7.541  0.1165E+01  0.4398E+01
  -7.531  0.1173E+01  0.4410E+01
  -7.521  0.1183E+01  0.4422E+01
  -7.511  0.1196E+01  0.4434E+01
  -7.501  0.1210E+01  0.4446E+01
  -7.491  0.1226E+01  0.4458E+01
  -7.481  0.1243E+01  0.4470E+01
  -7.471  0.1260E+01  0.4483E+01
  -7.461  0.1278E+01  0.4496E+01
  -7.451  0.1295E+01  0.4509E+01
  -7.441  0.1312E+01  0.4522E+01
  -7.431  0.1329E+01  0.4535E+01
  -7.421  0.1344E+01  0.4549E+01
  -7.411  0.1358E+01  0.4562E+01
  -7.401  0.1371E+01  0.4576E+01
  -7.391  0.1382E+01  0.4590E+01
  -7.381  0.1392E+01  0.4604E+01
  -7.371  0.1400E+01  0.4618E+01
  -7.361  0.1406E+01  0.4632E+01
  -7.351  0.1410E+01  0.4646E+01
  -7.341  0.1412E+01  0.4660E+01
  -7.331  0.1413E+01  0.4674E+01
  -7.321  0.1411E+01  0.4688E+01
  -7.311  0.1408E+01  0.4702E+01
  -7.301  0.1403E+01  0.4716E+01
  -7.291  0.1396E+01  0.4730E+01
  -7.281  0.1389E+01  0.4744E+01
  -7.271  0.1380E+01  0.4758E+01
  -7.261  0.1371E+01  0.4772E+01
  -7.251  0.1362E+01  0.4785E+01
  -7.241  0.1352E+01  0.4799E+01
  -7.231  0.1344E+01  0.4812E+01
  -7.221  0.1335E+01  0.4826E+01
  -7.211  0.1328E+01  0.4839E+01
  -7.201  0.1322E+01  0.4852E+01
  -7.191  0.1318E+01  0.4865E+01
  -7.181  0.1315E+01  0.4878E+01
  -7.171  0.1313E+01  0.4892E+01
  -7.161  0.1314E+01  0.4905E+01
  -7.151  0.1316E+01  0.4918E+01
  -7.141  0.1319E+01  0.4931E+01
  -7.131  0.1323E+01  0.4944E+01
  -7.121  0.1327E+01  0.4958E+01
  -7.111  0.1333E+01  0.4971E+01
  -7.101  0.1338E+01  0.4984E+01
  -7.091  0.1344E+01  0.4998E+01
  -7.081  0.1348E+01  0.5011E+01
  -7.071  0.1353E+01  0.5025E+01
  -7.061  0.1357E+01  0.5038E+01
  -7.051  0.1359E+01  0.5052E+01
  -7.041  0.1361E+01  0.5065E+01
  -7.031  0.1363E+01  0.5079E+01
  -7.021  0.1363E+01  0.5093E+01
  -7.011  0.1364E+01  0.5106E+01
  -7.001  0.1363E+01  0.5120E+01
  -6.991  0.1363E+01  0.5134E+01
  -6.981  0.1363E+01  0.5147E+01
  -6.971  0.1362E+01  0.5161E+01
  -6.961  0.1363E+01  0.5174E+01
  -6.951  0.1363E+01  0.5188E+01
  -6.941  0.1364E+01  0.5202E+01
  -6.931  0.1366E+01  0.5215E+01
  -6.921  0.1368E+01  0.5229E+01
  -6.911  0.1371E+01  0.5243E+01
  -6.901  0.1374E+01  0.5257E+01
  -6.891  0.1378E+01  0.5270E+01
  -6.881  0.1382E+01  0.5284E+01
  -6.871  0.1387E+01  0.5298E+01
  -6.861  0.1392E+01  0.5312E+01
  -6.851  0.1398E+01  0.5326E+01
  -6.841  0.1404E+01  0.5340E+01
  -6.831  0.1411E+01  0.5354E+01
  -6.821  0.1419E+01  0.5368E+01
  -6.811  0.1427E+01  0.5383E+01
  -6.801  0.1435E+01  0.5397E+01
  -6.791  0.1444E+01  0.5411E+01
  -6.781  0.1454E+01  0.5426E+01
  -6.771  0.1464E+01  0.5441E+01
  -6.761  0.1474E+01  0.5455E+01
  -6.751  0.1485E+01  0.5470E+01
  -6.741  0.1495E+01  0.5485E+01
  -6.731  0.1505E+01  0.5500E+01
  -6.721  0.1515E+01  0.5515E+01
  -6.711  0.1523E+01  0.5530E+01
  -6.701  0.1531E+01  0.5546E+01
  -6.691  0.1537E+01  0.5561E+01
  -6.681  0.1542E+01  0.5577E+01
  -6.671  0.1544E+01  0.5592E+01
  -6.661  0.1544E+01  0.5607E+01
  -6.651  0.1541E+01  0.5623E+01
  -6.641  0.1536E+01  0.5638E+01
  -6.631  0.1528E+01  0.5654E+01
  -6.621  0.1517E+01  0.5669E+01
  -6.611  0.1503E+01  0.5684E+01
  -6.601  0.1486E+01  0.5699E+01
  -6.591  0.1467E+01  0.5713E+01
  -6.581  0.1445E+01  0.5728E+01
  -6.571  0.1422E+01  0.5742E+01
  -6.561  0.1397E+01  0.5756E+01
  -6.551  0.1371E+01  0.5770E+01
  -6.541  0.1344E+01  0.5783E+01
  -6.531  0.1317E+01  0.5796E+01
  -6.521  0.1291E+01  0.5809E+01
  -6.511  0.1266E+01  0.5822E+01
  -6.501  0.1241E+01  0.5834E+01
  -6.491  0.1219E+01  0.5846E+01
  -6.481  0.1198E+01  0.5858E+01
  -6.471  0.1179E+01  0.5870E+01
  -6.461  0.1163E+01  0.5882E+01
  -6.451  0.1149E+01  0.5893E+01
  -6.441  0.1137E+01  0.5905E+01
  -6.431  0.1127E+01  0.5916E+01
  -6.421  0.1119E+01  0.5927E+01
  -6.411  0.1112E+01  0.5938E+01
  -6.401  0.1107E+01  0.5949E+01
  -6.391  0.1103E+01  0.5960E+01
  -6.381  0.1100E+01  0.5971E+01
  -6.371  0.1098E+01  0.5982E+01
  -6.361  0.1096E+01  0.5993E+01
  -6.351  0.1095E+01  0.6004E+01
  -6.341  0.1094E+01  0.6015E+01
  -6.331  0.1094E+01  0.6026E+01
  -6.321  0.1094E+01  0.6037E+01
  -6.311  0.1095E+01  0.6048E+01
  -6.301  0.1097E+01  0.6059E+01
  -6.291  0.1100E+01  0.6070E+01
  -6.281  0.1104E+01  0.6081E+01
  -6.271  0.1109E+01  0.6092E+01
  -6.261  0.1115E+01  0.6103E+01
  -6.251  0.1123E+01  0.6114E+01
  -6.241  0.1133E+01  0.6126E+01
  -6.231  0.1143E+01  0.6137E+01
  -6.221  0.1155E+01  0.6149E+01
  -6.211  0.1168E+01  0.6160E+01
  -6.201  0.1181E+01  0.6172E+01
  -6.191  0.1195E+01  0.6184E+01
  -6.181  0.1209E+01  0.6196E+01
  -6.171  0.1224E+01  0.6209E+01
  -6.161  0.1237E+01  0.6221E+01
  -6.151  0.1251E+01  0.6233E+01
  -6.141  0.1263E+01  0.6246E+01
  -6.131  0.1275E+01  0.6259E+01
  -6.121  0.1285E+01  0.6272E+01
  -6.111  0.1295E+01  0.6285E+01
  -6.101  0.1303E+01  0.6298E+01
  -6.091  0.1311E+01  0.6311E+01
  -6.081  0.1318E+01  0.6324E+01
  -6.071  0.1324E+01  0.6337E+01
  -6.061  0.1330E+01  0.6350E+01
  -6.051  0.1335E+01  0.6364E+01
  -6.041  0.1341E+01  0.6377E+01
  -6.031  0.1346E+01  0.6391E+01
  -6.021  0.1352E+01  0.6404E+01
  -6.011  0.1358E+01  0.6418E+01
  -6.001  0.1365E+01  0.6431E+01
  -5.991  0.1372E+01  0.6445E+01
  -5.981  0.1380E+01  0.6459E+01
  -5.971  0.1390E+01  0.6473E+01
  -5.961  0.1400E+01  0.6487E+01
  -5.951  0.1412E+01  0.6501E+01
  -5.941  0.1424E+01  0.6515E+01
  -5.931  0.1439E+01  0.6530E+01
  -5.921  0.1454E+01  0.6544E+01
  -5.911  0.1471E+01  0.6559E+01
  -5.901  0.1490E+01  0.6574E+01
  -5.891  0.1509E+01  0.6589E+01
  -5.881  0.1530E+01  0.6604E+01
  -5.871  0.1551E+01  0.6620E+01
  -5.861  0.1572E+01  0.6635E+01
  -5.851  0.1594E+01  0.6651E+01
  -5.841  0.1615E+01  0.6667E+01
  -5.831  0.1636E+01  0.6684E+01
  -5.821  0.1655E+01  0.6700E+01
  -5.811  0.1672E+01  0.6717E+01
  -5.801  0.1688E+01  0.6734E+01
  -5.791  0.1701E+01  0.6751E+01
  -5.781  0.1711E+01  0.6768E+01
  -5.771  0.1718E+01  0.6785E+01
  -5.761  0.1721E+01  0.6802E+01
  -5.751  0.1722E+01  0.6820E+01
  -5.741  0.1719E+01  0.6837E+01
  -5.731  0.1714E+01  0.6854E+01
  -5.721  0.1705E+01  0.6871E+01
  -5.711  0.1694E+01  0.6888E+01
  -5.701  0.1681E+01  0.6905E+01
  -5.691  0.1666E+01  0.6921E+01
  -5.681  0.1650E+01  0.6938E+01
  -5.671  0.1632E+01  0.6954E+01
  -5.661  0.1614E+01  0.6970E+01
  -5.651  0.1596E+01  0.6986E+01
  -5.641  0.1577E+01  0.7002E+01
  -5.631  0.1558E+01  0.7018E+01
  -5.621  0.1540E+01  0.7033E+01
  -5.611  0.1523E+01  0.7048E+01
  -5.601  0.1505E+01  0.7063E+01
  -5.591  0.1489E+01  0.7078E+01
  -5.581  0.1473E+01  0.7093E+01
  -5.571  0.1458E+01  0.7108E+01
  -5.561  0.1444E+01  0.7122E+01
  -5.551  0.1431E+01  0.7136E+01
  -5.541  0.1419E+01  0.7151E+01
  -5.531  0.1408E+01  0.7165E+01
  -5.521  0.1398E+01  0.7179E+01
  -5.511  0.1390E+01  0.7193E+01
  -5.501  0.1383E+01  0.7206E+01
  -5.491  0.1378E+01  0.7220E+01
  -5.481  0.1374E+01  0.7234E+01
  -5.471  0.1372E+01  0.7248E+01
  -5.461  0.1372E+01  0.7261E+01
  -5.451  0.1373E+01  0.7275E+01
  -5.441  0.1376E+01  0.7289E+01
  -5.431  0.1380E+01  0.7303E+01
  -5.421  0.1385E+01  0.7316E+01
  -5.411  0.1392E+01  0.7330E+01
  -5.401  0.1400E+01  0.7344E+01
  -5.391  0.1409E+01  0.7358E+01
  -5.381  0.1418E+01  0.7373E+01
  -5.371  0.1428E+01  0.7387E+01
  -5.361  0.1438E+01  0.7401E+01
  -5.351  0.1447E+01  0.7416E+01
  -5.341  0.1457E+01  0.7430E+01
  -5.331  0.1466E+01  0.7445E+01
  -5.321  0.1475E+01  0.7460E+01
  -5.311  0.1484E+01  0.7475E+01
  -5.301  0.1491E+01  0.7490E+01
  -5.291  0.1499E+01  0.7504E+01
  -5.281  0.1506E+01  0.7520E+01
  -5.271  0.1512E+01  0.7535E+01
  -5.261  0.1518E+01  0.7550E+01
  -5.251  0.1524E+01  0.7565E+01
  -5.241  0.1529E+01  0.7580E+01
  -5.231  0.1535E+01  0.7596E+01
  -5.221  0.1540E+01  0.7611E+01
  -5.211  0.1545E+01  0.7627E+01
  -5.201  0.1550E+01  0.7642E+01
  -5.191  0.1554E+01  0.7658E+01
  -5.181  0.1558E+01  0.7673E+01
  -5.171  0.1561E+01  0.7689E+01
  -5.161  0.1563E+01  0.7704E+01
  -5.151  0.1564E+01  0.7720E+01
  -5.141  0.1563E+01  0.7736E+01
  -5.131  0.1561E+01  0.7751E+01
  -5.121  0.1556E+01  0.7767E+01
  -5.111  0.1550E+01  0.7782E+01
  -5.101  0.1541E+01  0.7798E+01
  -5.091  0.1529E+01  0.7813E+01
  -5.081  0.1516E+01  0.7828E+01
  -5.071  0.1500E+01  0.7843E+01
  -5.061  0.1482E+01  0.7858E+01
  -5.051  0.1462E+01  0.7873E+01
  -5.041  0.1441E+01  0.7887E+01
  -5.031  0.1418E+01  0.7901E+01
  -5.021  0.1395E+01  0.7915E+01
  -5.011  0.1372E+01  0.7929E+01
  -5.001  0.1349E+01  0.7942E+01
  -4.991  0.1326E+01  0.7956E+01
  -4.981  0.1304E+01  0.7969E+01
  -4.971  0.1284E+01  0.7982E+01
  -4.961  0.1266E+01  0.7994E+01
  -4.951  0.1249E+01  0.8007E+01
  -4.941  0.1235E+01  0.8019E+01
  -4.931  0.1223E+01  0.8031E+01
  -4.921  0.1214E+01  0.8043E+01
  -4.911  0.1207E+01  0.8055E+01
  -4.901  0.1202E+01  0.8068E+01
  -4.891  0.1200E+01  0.8080E+01
  -4.881  0.1200E+01  0.8092E+01
  -4.871  0.1203E+01  0.8104E+01
  -4.861  0.1208E+01  0.8116E+01
  -4.851  0.1215E+01  0.8128E+01
  -4.841  0.1224E+01  0.8140E+01
  -4.831  0.1235E+01  0.8152E+01
  -4.821  0.1247E+01  0.8165E+01
  -4.811  0.1261E+01  0.8177E+01
  -4.801  0.1276E+01  0.8190E+01
  -4.791  0.1292E+01  0.8203E+01
  -4.781  0.1309E+01  0.8216E+01
  -4.771  0.1327E+01  0.8229E+01
  -4.761  0.1345E+01  0.8243E+01
  -4.751  0.1363E+01  0.8257E+01
  -4.741  0.1381E+01  0.8270E+01
  -4.731  0.1398E+01  0.8284E+01
  -4.721  0.1415E+01  0.8298E+01
  -4.711  0.1432E+01  0.8313E+01
  -4.701  0.1448E+01  0.8327E+01
  -4.691  0.1463E+01  0.8342E+01
  -4.681  0.1477E+01  0.8357E+01
  -4.671  0.1491E+01  0.8372E+01
  -4.661  0.1503E+01  0.8387E+01
  -4.651  0.1515E+01  0.8402E+01
  -4.641  0.1527E+01  0.8417E+01
  -4.631  0.1537E+01  0.8432E+01
  -4.621  0.1547E+01  0.8448E+01
  -4.611  0.1557E+01  0.8463E+01
  -4.601  0.1566E+01  0.8479E+01
  -4.591  0.1574E+01  0.8495E+01
  -4.581  0.1582E+01  0.8511E+01
  -4.571  0.1590E+01  0.8527E+01
  -4.561  0.1596E+01  0.8543E+01
  -4.551  0.1602E+01  0.8559E+01
  -4.541  0.1607E+01  0.8575E+01
  -4.531  0.1610E+01  0.8591E+01
  -4.521  0.1613E+01  0.8607E+01
  -4.511  0.1615E+01  0.8623E+01
  -4.501  0.1615E+01  0.8639E+01
  -4.491  0.1614E+01  0.8655E+01
  -4.481  0.1613E+01  0.8671E+01
  -4.471  0.1610E+01  0.8688E+01
  -4.461  0.1607E+01  0.8704E+01
  -4.451  0.1604E+01  0.8720E+01
  -4.441  0.1600E+01  0.8736E+01
  -4.431  0.1597E+01  0.8752E+01
  -4.421  0.1594E+01  0.8768E+01
  -4.411  0.1592E+01  0.8783E+01
  -4.401  0.1592E+01  0.8799E+01
  -4.391  0.1593E+01  0.8815E+01
  -4.381  0.1596E+01  0.8831E+01
  -4.371  0.1601E+01  0.8847E+01
  -4.361  0.1609E+01  0.8863E+01
  -4.351  0.1619E+01  0.8880E+01
  -4.341  0.1631E+01  0.8896E+01
  -4.331  0.1646E+01  0.8912E+01
  -4.321  0.1663E+01  0.8929E+01
  -4.311  0.1683E+01  0.8946E+01
  -4.301  0.1705E+01  0.8963E+01
  -4.291  0.1729E+01  0.8980E+01
  -4.281  0.1754E+01  0.8998E+01
  -4.271  0.1781E+01  0.9016E+01
  -4.261  0.1809E+01  0.9034E+01
  -4.251  0.1838E+01  0.9052E+01
  -4.241  0.1867E+01  0.9071E+01
  -4.231  0.1896E+01  0.9090E+01
  -4.221  0.1924E+01  0.9109E+01
  -4.211  0.1952E+01  0.9128E+01
  -4.201  0.1979E+01  0.9148E+01
  -4.191  0.2004E+01  0.9168E+01
  -4.181  0.2028E+01  0.9188E+01
  -4.171  0.2049E+01  0.9209E+01
  -4.161  0.2069E+01  0.9230E+01
  -4.151  0.2085E+01  0.9251E+01
  -4.141  0.2100E+01  0.9272E+01
  -4.131  0.2111E+01  0.9293E+01
  -4.121  0.2119E+01  0.9314E+01
  -4.111  0.2125E+01  0.9335E+01
  -4.101  0.2128E+01  0.9356E+01
  -4.091  0.2128E+01  0.9378E+01
  -4.081  0.2125E+01  0.9399E+01
  -4.071  0.2119E+01  0.9420E+01
  -4.061  0.2111E+01  0.9441E+01
  -4.051  0.2101E+01  0.9462E+01
  -4.041  0.2088E+01  0.9483E+01
  -4.031  0.2074E+01  0.9504E+01
  -4.021  0.2058E+01  0.9524E+01
  -4.011  0.2041E+01  0.9545E+01
  -4.001  0.2023E+01  0.9565E+01
  -3.991  0.2005E+01  0.9585E+01
  -3.981  0.1986E+01  0.9605E+01
  -3.971  0.1967E+01  0.9625E+01
  -3.961  0.1949E+01  0.9644E+01
  -3.951  0.1931E+01  0.9663E+01
  -3.941  0.1914E+01  0.9683E+01
  -3.931  0.1899E+01  0.9702E+01
  -3.921  0.1886E+01  0.9720E+01
  -3.911  0.1875E+01  0.9739E+01
  -3.901  0.1867E+01  0.9758E+01
  -3.891  0.1861E+01  0.9776E+01
  -3.881  0.1859E+01  0.9795E+01
  -3.871  0.1860E+01  0.9814E+01
  -3.861  0.1864E+01  0.9832E+01
  -3.851  0.1873E+01  0.9851E+01
  -3.841  0.1885E+01  0.9870E+01
  -3.831  0.1901E+01  0.9889E+01
  -3.821  0.1921E+01  0.9908E+01
  -3.811  0.1945E+01  0.9928E+01
  -3.801  0.1973E+01  0.9947E+01
  -3.791  0.2004E+01  0.9967E+01
  -3.781  0.2039E+01  0.9988E+01
  -3.771  0.2077E+01  0.1001E+02
  -3.761  0.2117E+01  0.1003E+02
  -3.751  0.2159E+01  0.1005E+02
  -3.741  0.2203E+01  0.1007E+02
  -3.731  0.2249E+01  0.1010E+02
  -3.721  0.2294E+01  0.1012E+02
  -3.711  0.2340E+01  0.1014E+02
  -3.701  0.2385E+01  0.1017E+02
  -3.691  0.2429E+01  0.1019E+02
  -3.681  0.2472E+01  0.1021E+02
  -3.671  0.2512E+01  0.1024E+02
  -3.661  0.2550E+01  0.1027E+02
  -3.651  0.2585E+01  0.1029E+02
  -3.641  0.2616E+01  0.1032E+02
  -3.631  0.2645E+01  0.1034E+02
  -3.621  0.2670E+01  0.1037E+02
  -3.611  0.2691E+01  0.1040E+02
  -3.601  0.2708E+01  0.1042E+02
  -3.591  0.2721E+01  0.1045E+02
  -3.581  0.2731E+01  0.1048E+02
  -3.571  0.2738E+01  0.1051E+02
  -3.561  0.2741E+01  0.1053E+02
  -3.551  0.2741E+01  0.1056E+02
  -3.541  0.2738E+01  0.1059E+02
  -3.531  0.2732E+01  0.1062E+02
  -3.521  0.2725E+01  0.1064E+02
  -3.511  0.2715E+01  0.1067E+02
  -3.501  0.2704E+01  0.1070E+02
  -3.491  0.2692E+01  0.1072E+02
  -3.481  0.2678E+01  0.1075E+02
  -3.471  0.2665E+01  0.1078E+02
  -3.461  0.2651E+01  0.1080E+02
  -3.451  0.2637E+01  0.1083E+02
  -3.441  0.2623E+01  0.1086E+02
  -3.431  0.2609E+01  0.1088E+02
  -3.421  0.2596E+01  0.1091E+02
  -3.411  0.2584E+01  0.1093E+02
  -3.401  0.2573E+01  0.1096E+02
  -3.391  0.2563E+01  0.1099E+02
  -3.381  0.2553E+01  0.1101E+02
  -3.371  0.2544E+01  0.1104E+02
  -3.361  0.2537E+01  0.1106E+02
  -3.351  0.2530E+01  0.1109E+02
  -3.341  0.2524E+01  0.1111E+02
  -3.331  0.2519E+01  0.1114E+02
  -3.321  0.2515E+01  0.1116E+02
  -3.311  0.2511E+01  0.1119E+02
  -3.301  0.2509E+01  0.1121E+02
  -3.291  0.2507E+01  0.1124E+02
  -3.281  0.2505E+01  0.1126E+02
  -3.271  0.2504E+01  0.1129E+02
  -3.261  0.2504E+01  0.1131E+02
  -3.251  0.2504E+01  0.1134E+02
  -3.241  0.2504E+01  0.1136E+02
  -3.231  0.2504E+01  0.1139E+02
  -3.221  0.2504E+01  0.1141E+02
  -3.211  0.2503E+01  0.1144E+02
  -3.201  0.2503E+01  0.1146E+02
  -3.191  0.2502E+01  0.1149E+02
  -3.181  0.2501E+01  0.1151E+02
  -3.171  0.2500E+01  0.1154E+02
  -3.161  0.2499E+01  0.1156E+02
  -3.151  0.2497E+01  0.1159E+02
  -3.141  0.2495E+01  0.1161E+02
  -3.131  0.2493E+01  0.1164E+02
  -3.121  0.2492E+01  0.1166E+02
  -3.111  0.2490E+01  0.1169E+02
  -3.101  0.2489E+01  0.1171E+02
  -3.091  0.2488E+01  0.1174E+02
  -3.081  0.2487E+01  0.1176E+02
  -3.071  0.2486E+01  0.1179E+02
  -3.061  0.2485E+01  0.1181E+02
  -3.051  0.2485E+01  0.1184E+02
  -3.041  0.2483E+01  0.1186E+02
  -3.031  0.2481E+01  0.1189E+02
  -3.021  0.2479E+01  0.1191E+02
  -3.011  0.2475E+01  0.1194E+02
  -3.001  0.2470E+01  0.1196E+02
  -2.991  0.2463E+01  0.1199E+02
  -2.981  0.2454E+01  0.1201E+02
  -2.971  0.2443E+01  0.1204E+02
  -2.961  0.2430E+01  0.1206E+02
  -2.951  0.2415E+01  0.1208E+02
  -2.941  0.2398E+01  0.1211E+02
  -2.931  0.2379E+01  0.1213E+02
  -2.921  0.2358E+01  0.1216E+02
  -2.911  0.2335E+01  0.1218E+02
  -2.901  0.2310E+01  0.1220E+02
  -2.891  0.2284E+01  0.1222E+02
  -2.881  0.2256E+01  0.1225E+02
  -2.871  0.2228E+01  0.1227E+02
  -2.861  0.2198E+01  0.1229E+02
  -2.851  0.2168E+01  0.1231E+02
  -2.841  0.2137E+01  0.1233E+02
  -2.831  0.2106E+01  0.1236E+02
  -2.821  0.2073E+01  0.1238E+02
  -2.811  0.2040E+01  0.1240E+02
  -2.801  0.2007E+01  0.1242E+02
  -2.791  0.1972E+01  0.1244E+02
  -2.781  0.1937E+01  0.1246E+02
  -2.771  0.1901E+01  0.1247E+02
  -2.761  0.1864E+01  0.1249E+02
  -2.751  0.1826E+01  0.1251E+02
  -2.741  0.1787E+01  0.1253E+02
  -2.731  0.1748E+01  0.1255E+02
  -2.721  0.1709E+01  0.1256E+02
  -2.711  0.1670E+01  0.1258E+02
  -2.701  0.1632E+01  0.1260E+02
  -2.691  0.1594E+01  0.1261E+02
  -2.681  0.1557E+01  0.1263E+02
  -2.671  0.1522E+01  0.1264E+02
  -2.661  0.1489E+01  0.1266E+02
  -2.651  0.1458E+01  0.1267E+02
  -2.641  0.1429E+01  0.1269E+02
  -2.631  0.1404E+01  0.1270E+02
  -2.621  0.1382E+01  0.1272E+02
  -2.611  0.1363E+01  0.1273E+02
  -2.601  0.1346E+01  0.1274E+02
  -2.591  0.1333E+01  0.1276E+02
  -2.581  0.1323E+01  0.1277E+02
  -2.571  0.1315E+01  0.1278E+02
  -2.561  0.1309E+01  0.1280E+02
  -2.551  0.1306E+01  0.1281E+02
  -2.541  0.1303E+01  0.1282E+02
  -2.531  0.1301E+01  0.1283E+02
  -2.521  0.1300E+01  0.1285E+02
  -2.511  0.1298E+01  0.1286E+02
  -2.501  0.1296E+01  0.1287E+02
  -2.491  0.1293E+01  0.1289E+02
  -2.481  0.1290E+01  0.1290E+02
  -2.471  0.1285E+01  0.1291E+02
  -2.461  0.1279E+01  0.1292E+02
  -2.451  0.1272E+01  0.1294E+02
  -2.441  0.1264E+01  0.1295E+02
  -2.431  0.1254E+01  0.1296E+02
  -2.421  0.1245E+01  0.1298E+02
  -2.411  0.1235E+01  0.1299E+02
  -2.401  0.1224E+01  0.1300E+02
  -2.391  0.1214E+01  0.1301E+02
  -2.381  0.1205E+01  0.1302E+02
  -2.371  0.1196E+01  0.1304E+02
  -2.361  0.1187E+01  0.1305E+02
  -2.351  0.1180E+01  0.1306E+02
  -2.341  0.1173E+01  0.1307E+02
  -2.331  0.1168E+01  0.1308E+02
  -2.321  0.1163E+01  0.1309E+02
  -2.311  0.1159E+01  0.1311E+02
  -2.301  0.1155E+01  0.1312E+02
  -2.291  0.1152E+01  0.1313E+02
  -2.281  0.1149E+01  0.1314E+02
  -2.271  0.1146E+01  0.1315E+02
  -2.261  0.1144E+01  0.1316E+02
  -2.251  0.1142E+01  0.1318E+02
  -2.241  0.1140E+01  0.1319E+02
  -2.231  0.1138E+01  0.1320E+02
  -2.221  0.1137E+01  0.1321E+02
  -2.211  0.1136E+01  0.1322E+02
  -2.201  0.1136E+01  0.1323E+02
  -2.191  0.1136E+01  0.1324E+02
  -2.181  0.1138E+01  0.1325E+02
  -2.171  0.1140E+01  0.1327E+02
  -2.161  0.1144E+01  0.1328E+02
  -2.151  0.1150E+01  0.1329E+02
  -2.141  0.1156E+01  0.1330E+02
  -2.131  0.1163E+01  0.1331E+02
  -2.121  0.1172E+01  0.1332E+02
  -2.111  0.1181E+01  0.1334E+02
  -2.101  0.1190E+01  0.1335E+02
  -2.091  0.1200E+01  0.1336E+02
  -2.081  0.1209E+01  0.1337E+02
  -2.071  0.1217E+01  0.1338E+02
  -2.061  0.1224E+01  0.1340E+02
  -2.051  0.1230E+01  0.1341E+02
  -2.041  0.1233E+01  0.1342E+02
  -2.031  0.1234E+01  0.1343E+02
  -2.021  0.1233E+01  0.1345E+02
  -2.011  0.1229E+01  0.1346E+02
  -2.001  0.1223E+01  0.1347E+02
  -1.991  0.1214E+01  0.1348E+02
  -1.981  0.1202E+01  0.1349E+02
  -1.971  0.1188E+01  0.1351E+02
  -1.961  0.1171E+01  0.1352E+02
  -1.951  0.1153E+01  0.1353E+02
  -1.941  0.1134E+01  0.1354E+02
  -1.931  0.1113E+01  0.1355E+02
  -1.921  0.1092E+01  0.1356E+02
  -1.911  0.1071E+01  0.1357E+02
  -1.901  0.1049E+01  0.1358E+02
  -1.891  0.1028E+01  0.1359E+02
  -1.881  0.1007E+01  0.1360E+02
  -1.871  0.9873E+00  0.1361E+02
  -1.861  0.9682E+00  0.1362E+02
  -1.851  0.9500E+00  0.1363E+02
  -1.841  0.9329E+00  0.1364E+02
  -1.831  0.9169E+00  0.1365E+02
  -1.821  0.9020E+00  0.1366E+02
  -1.811  0.8883E+00  0.1367E+02
  -1.801  0.8758E+00  0.1368E+02
  -1.791  0.8646E+00  0.1369E+02
  -1.781  0.8547E+00  0.1370E+02
  -1.771  0.8464E+00  0.1370E+02
  -1.761  0.8397E+00  0.1371E+02
  -1.751  0.8347E+00  0.1372E+02
  -1.741  0.8315E+00  0.1373E+02
  -1.731  0.8305E+00  0.1374E+02
  -1.721  0.8315E+00  0.1375E+02
  -1.711  0.8349E+00  0.1375E+02
  -1.701  0.8406E+00  0.1376E+02
  -1.691  0.8486E+00  0.1377E+02
  -1.681  0.8590E+00  0.1378E+02
  -1.671  0.8717E+00  0.1379E+02
  -1.661  0.8865E+00  0.1380E+02
  -1.651  0.9032E+00  0.1381E+02
  -1.641  0.9217E+00  0.1382E+02
  -1.631  0.9417E+00  0.1382E+02
  -1.621  0.9628E+00  0.1383E+02
  -1.611  0.9847E+00  0.1384E+02
  -1.601  0.1007E+01  0.1385E+02
  -1.591  0.1030E+01  0.1386E+02
  -1.581  0.1052E+01  0.1388E+02
  -1.571  0.1074E+01  0.1389E+02
  -1.561  0.1095E+01  0.1390E+02
  -1.551  0.1115E+01  0.1391E+02
  -1.541  0.1133E+01  0.1392E+02
  -1.531  0.1150E+01  0.1393E+02
  -1.521  0.1165E+01  0.1394E+02
  -1.511  0.1177E+01  0.1395E+02
  -1.501  0.1188E+01  0.1397E+02
  -1.491  0.1196E+01  0.1398E+02
  -1.481  0.1201E+01  0.1399E+02
  -1.471  0.1204E+01  0.1400E+02
  -1.461  0.1204E+01  0.1401E+02
  -1.451  0.1202E+01  0.1403E+02
  -1.441  0.1197E+01  0.1404E+02
  -1.431  0.1190E+01  0.1405E+02
  -1.421  0.1181E+01  0.1406E+02
  -1.411  0.1170E+01  0.1407E+02
  -1.401  0.1158E+01  0.1409E+02
  -1.391  0.1144E+01  0.1410E+02
  -1.381  0.1131E+01  0.1411E+02
  -1.371  0.1117E+01  0.1412E+02
  -1.361  0.1104E+01  0.1413E+02
  -1.351  0.1092E+01  0.1414E+02
  -1.341  0.1082E+01  0.1415E+02
  -1.331  0.1074E+01  0.1416E+02
  -1.321  0.1069E+01  0.1417E+02
  -1.311  0.1066E+01  0.1418E+02
  -1.301  0.1068E+01  0.1419E+02
  -1.291  0.1073E+01  0.1421E+02
  -1.281  0.1081E+01  0.1422E+02
  -1.271  0.1094E+01  0.1423E+02
  -1.261  0.1110E+01  0.1424E+02
  -1.251  0.1130E+01  0.1425E+02
  -1.241  0.1154E+01  0.1426E+02
  -1.231  0.1181E+01  0.1427E+02
  -1.221  0.1211E+01  0.1429E+02
  -1.211  0.1243E+01  0.1430E+02
  -1.201  0.1278E+01  0.1431E+02
  -1.191  0.1315E+01  0.1432E+02
  -1.181  0.1354E+01  0.1434E+02
  -1.171  0.1394E+01  0.1435E+02
  -1.161  0.1436E+01  0.1437E+02
  -1.151  0.1478E+01  0.1438E+02
  -1.141  0.1521E+01  0.1440E+02
  -1.131  0.1565E+01  0.1441E+02
  -1.121  0.1609E+01  0.1443E+02
  -1.111  0.1653E+01  0.1444E+02
  -1.101  0.1698E+01  0.1446E+02
  -1.091  0.1743E+01  0.1448E+02
  -1.081  0.1788E+01  0.1450E+02
  -1.071  0.1833E+01  0.1451E+02
  -1.061  0.1878E+01  0.1453E+02
  -1.051  0.1923E+01  0.1455E+02
  -1.041  0.1968E+01  0.1457E+02
  -1.031  0.2013E+01  0.1459E+02
  -1.021  0.2058E+01  0.1461E+02
  -1.011  0.2103E+01  0.1463E+02
  -1.001  0.2148E+01  0.1466E+02
  -0.991  0.2193E+01  0.1468E+02
  -0.981  0.2237E+01  0.1470E+02
  -0.971  0.2281E+01  0.1472E+02
  -0.961  0.2324E+01  0.1475E+02
  -0.951  0.2367E+01  0.1477E+02
  -0.941  0.2409E+01  0.1479E+02
  -0.931  0.2450E+01  0.1482E+02
  -0.921  0.2489E+01  0.1484E+02
  -0.911  0.2527E+01  0.1487E+02
  -0.901  0.2563E+01  0.1489E+02
  -0.891  0.2597E+01  0.1492E+02
  -0.881  0.2628E+01  0.1495E+02
  -0.871  0.2656E+01  0.1497E+02
  -0.861  0.2680E+01  0.1500E+02
  -0.851  0.2701E+01  0.1503E+02
  -0.841  0.2716E+01  0.1505E+02
  -0.831  0.2727E+01  0.1508E+02
  -0.821  0.2733E+01  0.1511E+02
  -0.811  0.2734E+01  0.1514E+02
  -0.801  0.2729E+01  0.1516E+02
  -0.791  0.2718E+01  0.1519E+02
  -0.781  0.2702E+01  0.1522E+02
  -0.771  0.2680E+01  0.1524E+02
  -0.761  0.2652E+01  0.1527E+02
  -0.751  0.2620E+01  0.1530E+02
  -0.741  0.2582E+01  0.1532E+02
  -0.731  0.2540E+01  0.1535E+02
  -0.721  0.2495E+01  0.1537E+02
  -0.711  0.2446E+01  0.1540E+02
  -0.701  0.2394E+01  0.1542E+02
  -0.691  0.2340E+01  0.1544E+02
  -0.681  0.2285E+01  0.1547E+02
  -0.671  0.2230E+01  0.1549E+02
  -0.661  0.2174E+01  0.1551E+02
  -0.651  0.2120E+01  0.1553E+02
  -0.641  0.2066E+01  0.1555E+02
  -0.631  0.2014E+01  0.1557E+02
  -0.621  0.1964E+01  0.1559E+02
  -0.611  0.1917E+01  0.1561E+02
  -0.601  0.1872E+01  0.1563E+02
  -0.591  0.1829E+01  0.1565E+02
  -0.581  0.1789E+01  0.1567E+02
  -0.571  0.1752E+01  0.1568E+02
  -0.561  0.1716E+01  0.1570E+02
  -0.551  0.1683E+01  0.1572E+02
  -0.541  0.1652E+01  0.1573E+02
  -0.531  0.1622E+01  0.1575E+02
  -0.521  0.1594E+01  0.1577E+02
  -0.511  0.1566E+01  0.1578E+02
  -0.501  0.1540E+01  0.1580E+02
  -0.491  0.1514E+01  0.1581E+02
  -0.481  0.1489E+01  0.1583E+02
  -0.471  0.1465E+01  0.1584E+02
  -0.461  0.1441E+01  0.1586E+02
  -0.451  0.1417E+01  0.1587E+02
  -0.441  0.1394E+01  0.1589E+02
  -0.431  0.1372E+01  0.1590E+02
  -0.421  0.1349E+01  0.1591E+02
  -0.411  0.1328E+01  0.1593E+02
  -0.401  0.1306E+01  0.1594E+02
  -0.391  0.1285E+01  0.1595E+02
  -0.381  0.1263E+01  0.1596E+02
  -0.371  0.1242E+01  0.1598E+02
  -0.361  0.1220E+01  0.1599E+02
  -0.351  0.1199E+01  0.1600E+02
  -0.341  0.1177E+01  0.1601E+02
  -0.331  0.1155E+01  0.1602E+02
  -0.321  0.1132E+01  0.1604E+02
  -0.311  0.1110E+01  0.1605E+02
  -0.301  0.1087E+01  0.1606E+02
  -0.291  0.1064E+01  0.1607E+02
  -0.281  0.1042E+01  0.1608E+02
  -0.271  0.1020E+01  0.1609E+02
  -0.261  0.9983E+00  0.1610E+02
  -0.251  0.9774E+00  0.1611E+02
  -0.241  0.9574E+00  0.1612E+02
  -0.231  0.9383E+00  0.1613E+02
  -0.221  0.9202E+00  0.1614E+02
  -0.211  0.9031E+00  0.1615E+02
  -0.201  0.8871E+00  0.1615E+02
  -0.191  0.8720E+00  0.1616E+02
  -0.181  0.8577E+00  0.1617E+02
  -0.171  0.8442E+00  0.1618E+02
  -0.161  0.8312E+00  0.1619E+02
  -0.151  0.8187E+00  0.1620E+02
  -0.141  0.8065E+00  0.1620E+02
  -0.131  0.7946E+00  0.1621E+02
  -0.121  0.7829E+00  0.1622E+02
  -0.111  0.7713E+00  0.1623E+02
  -0.101  0.7600E+00  0.1624E+02
  -0.091  0.7489E+00  0.1624E+02
  -0.081  0.7382E+00  0.1625E+02
  -0.071  0.7281E+00  0.1626E+02
  -0.061  0.7188E+00  0.1627E+02
  -0.051  0.7105E+00  0.1627E+02
  -0.041  0.7035E+00  0.1628E+02
  -0.031  0.6980E+00  0.1629E+02
  -0.021  0.6942E+00  0.1629E+02
  -0.011  0.6924E+00  0.1630E+02
  -0.001  0.6928E+00  0.1631E+02
   0.009  0.6955E+00  0.1631E+02
   0.019  0.7006E+00  0.1632E+02
   0.029  0.7082E+00  0.1633E+02
   0.039  0.7183E+00  0.1634E+02
   0.049  0.7308E+00  0.1634E+02
   0.059  0.7455E+00  0.1635E+02
   0.069  0.7622E+00  0.1636E+02
   0.079  0.7808E+00  0.1637E+02
   0.089  0.8008E+00  0.1637E+02
   0.099  0.8221E+00  0.1638E+02
   0.109  0.8440E+00  0.1639E+02
   0.119  0.8664E+00  0.1640E+02
   0.129  0.8887E+00  0.1641E+02
   0.139  0.9105E+00  0.1642E+02
   0.149  0.9315E+00  0.1643E+02
   0.159  0.9512E+00  0.1644E+02
   0.169  0.9694E+00  0.1645E+02
   0.179  0.9857E+00  0.1646E+02
   0.189  0.1000E+01  0.1647E+02
   0.199  0.1012E+01  0.1648E+02
   0.209  0.1022E+01  0.1649E+02
   0.219  0.1029E+01  0.1650E+02
   0.229  0.1034E+01  0.1651E+02
   0.239  0.1037E+01  0.1652E+02
   0.249  0.1038E+01  0.1653E+02
   0.259  0.1037E+01  0.1654E+02
   0.269  0.1035E+01  0.1655E+02
   0.279  0.1031E+01  0.1656E+02
   0.289  0.1026E+01  0.1657E+02
   0.299  0.1020E+01  0.1658E+02
   0.309  0.1015E+01  0.1659E+02
   0.319  0.1008E+01  0.1660E+02
   0.329  0.1003E+01  0.1661E+02
   0.339  0.9969E+00  0.1662E+02
   0.349  0.9918E+00  0.1663E+02
   0.359  0.9873E+00  0.1664E+02
   0.369  0.9834E+00  0.1665E+02
   0.379  0.9803E+00  0.1666E+02
   0.389  0.9778E+00  0.1667E+02
   0.399  0.9760E+00  0.1668E+02
   0.409  0.9747E+00  0.1669E+02
   0.419  0.9739E+00  0.1670E+02
   0.429  0.9733E+00  0.1671E+02
   0.439  0.9730E+00  0.1672E+02
   0.449  0.9726E+00  0.1673E+02
   0.459  0.9720E+00  0.1674E+02
   0.469  0.9711E+00  0.1675E+02
   0.479  0.9697E+00  0.1676E+02
   0.489  0.9675E+00  0.1677E+02
   0.499  0.9646E+00  0.1677E+02
   0.509  0.9606E+00  0.1678E+02
   0.519  0.9556E+00  0.1679E+02
   0.529  0.9493E+00  0.1680E+02
   0.539  0.9417E+00  0.1681E+02
   0.549  0.9328E+00  0.1682E+02
   0.559  0.9224E+00  0.1683E+02
   0.569  0.9105E+00  0.1684E+02
   0.579  0.8973E+00  0.1685E+02
   0.589  0.8827E+00  0.1686E+02
   0.599  0.8669E+00  0.1687E+02
   0.609  0.8499E+00  0.1688E+02
   0.619  0.8320E+00  0.1688E+02
   0.629  0.8134E+00  0.1689E+02
   0.639  0.7942E+00  0.1690E+02
   0.649  0.7748E+00  0.1691E+02
   0.659  0.7554E+00  0.1692E+02
   0.669  0.7363E+00  0.1692E+02
   0.679  0.7178E+00  0.1693E+02
   0.689  0.7000E+00  0.1694E+02
   0.699  0.6833E+00  0.1694E+02
   0.709  0.6678E+00  0.1695E+02
   0.719  0.6536E+00  0.1696E+02
   0.729  0.6408E+00  0.1696E+02
   0.739  0.6294E+00  0.1697E+02
   0.749  0.6194E+00  0.1698E+02
   0.759  0.6106E+00  0.1698E+02
   0.769  0.6030E+00  0.1699E+02
   0.779  0.5963E+00  0.1699E+02
   0.789  0.5904E+00  0.1700E+02
   0.799  0.5849E+00  0.1701E+02
   0.809  0.5798E+00  0.1701E+02
   0.819  0.5746E+00  0.1702E+02
   0.829  0.5694E+00  0.1702E+02
   0.839  0.5639E+00  0.1703E+02
   0.849  0.5580E+00  0.1703E+02
   0.859  0.5516E+00  0.1704E+02
   0.869  0.5449E+00  0.1704E+02
   0.879  0.5377E+00  0.1705E+02
   0.889  0.5303E+00  0.1706E+02
   0.899  0.5227E+00  0.1706E+02
   0.909  0.5152E+00  0.1707E+02
   0.919  0.5078E+00  0.1707E+02
   0.929  0.5009E+00  0.1708E+02
   0.939  0.4946E+00  0.1708E+02
   0.949  0.4891E+00  0.1709E+02
   0.959  0.4845E+00  0.1709E+02
   0.969  0.4809E+00  0.1710E+02
   0.979  0.4784E+00  0.1710E+02
   0.989  0.4771E+00  0.1711E+02
   0.999  0.4769E+00  0.1711E+02
   1.009  0.4777E+00  0.1711E+02
   1.019  0.4795E+00  0.1712E+02
   1.029  0.4820E+00  0.1712E+02
   1.039  0.4852E+00  0.1713E+02
   1.049  0.4887E+00  0.1713E+02
   1.059  0.4924E+00  0.1714E+02
   1.069  0.4960E+00  0.1714E+02
   1.079  0.4994E+00  0.1715E+02
   1.089  0.5024E+00  0.1715E+02
   1.099  0.5047E+00  0.1716E+02
   1.109  0.5063E+00  0.1716E+02
   1.119  0.5070E+00  0.1717E+02
   1.129  0.5069E+00  0.1717E+02
   1.139  0.5060E+00  0.1718E+02
   1.149  0.5043E+00  0.1718E+02
   1.159  0.5020E+00  0.1719E+02
   1.169  0.4991E+00  0.1719E+02
   1.179  0.4959E+00  0.1720E+02
   1.189  0.4926E+00  0.1720E+02
   1.199  0.4893E+00  0.1721E+02
   1.209  0.4864E+00  0.1721E+02
   1.219  0.4839E+00  0.1722E+02
   1.229  0.4822E+00  0.1722E+02
   1.239  0.4814E+00  0.1723E+02
   1.249  0.4818E+00  0.1723E+02
   1.259  0.4833E+00  0.1724E+02
   1.269  0.4863E+00  0.1724E+02
   1.279  0.4908E+00  0.1725E+02
   1.289  0.4967E+00  0.1725E+02
   1.299  0.5043E+00  0.1726E+02
   1.309  0.5136E+00  0.1726E+02
   1.319  0.5244E+00  0.1727E+02
   1.329  0.5368E+00  0.1727E+02
   1.339  0.5508E+00  0.1728E+02
   1.349  0.5662E+00  0.1728E+02
   1.359  0.5829E+00  0.1729E+02
   1.369  0.6009E+00  0.1730E+02
   1.379  0.6199E+00  0.1730E+02
   1.389  0.6398E+00  0.1731E+02
   1.399  0.6603E+00  0.1732E+02
   1.409  0.6812E+00  0.1732E+02
   1.419  0.7023E+00  0.1733E+02
   1.429  0.7234E+00  0.1734E+02
   1.439  0.7442E+00  0.1734E+02
   1.449  0.7644E+00  0.1735E+02
   1.459  0.7839E+00  0.1736E+02
   1.469  0.8024E+00  0.1737E+02
   1.479  0.8198E+00  0.1738E+02
   1.489  0.8360E+00  0.1738E+02
   1.499  0.8509E+00  0.1739E+02
   1.509  0.8646E+00  0.1740E+02
   1.519  0.8769E+00  0.1741E+02
   1.529  0.8881E+00  0.1742E+02
   1.539  0.8982E+00  0.1743E+02
   1.549  0.9075E+00  0.1744E+02
   1.559  0.9161E+00  0.1745E+02
   1.569  0.9243E+00  0.1746E+02
   1.579  0.9324E+00  0.1747E+02
   1.589  0.9406E+00  0.1747E+02
   1.599  0.9491E+00  0.1748E+02
   1.609  0.9583E+00  0.1749E+02
   1.619  0.9683E+00  0.1750E+02
   1.629  0.9793E+00  0.1751E+02
   1.639  0.9913E+00  0.1752E+02
   1.649  0.1005E+01  0.1753E+02
   1.659  0.1019E+01  0.1754E+02
   1.669  0.1034E+01  0.1755E+02
   1.679  0.1051E+01  0.1756E+02
   1.689  0.1068E+01  0.1757E+02
   1.699  0.1085E+01  0.1759E+02
   1.709  0.1103E+01  0.1760E+02
   1.719  0.1121E+01  0.1761E+02
   1.729  0.1138E+01  0.1762E+02
   1.739  0.1155E+01  0.1763E+02
   1.749  0.1172E+01  0.1764E+02
   1.759  0.1187E+01  0.1765E+02
   1.769  0.1202E+01  0.1767E+02
   1.779  0.1215E+01  0.1768E+02
   1.789  0.1228E+01  0.1769E+02
   1.799  0.1239E+01  0.1770E+02
   1.809  0.1250E+01  0.1772E+02
   1.819  0.1261E+01  0.1773E+02
   1.829  0.1272E+01  0.1774E+02
   1.839  0.1282E+01  0.1775E+02
   1.849  0.1293E+01  0.1777E+02
   1.859  0.1305E+01  0.1778E+02
   1.869  0.1318E+01  0.1779E+02
   1.879  0.1332E+01  0.1781E+02
   1.889  0.1348E+01  0.1782E+02
   1.899  0.1365E+01  0.1783E+02
   1.909  0.1383E+01  0.1785E+02
   1.919  0.1403E+01  0.1786E+02
   1.929  0.1424E+01  0.1788E+02
   1.939  0.1446E+01  0.1789E+02
   1.949  0.1468E+01  0.1790E+02
   1.959  0.1491E+01  0.1792E+02
   1.969  0.1512E+01  0.1793E+02
   1.979  0.1533E+01  0.1795E+02
   1.989  0.1552E+01  0.1797E+02
   1.999  0.1570E+01  0.1798E+02
   2.009  0.1584E+01  0.1800E+02
   2.019  0.1596E+01  0.1801E+02
   2.029  0.1604E+01  0.1803E+02
   2.039  0.1609E+01  0.1805E+02
   2.049  0.1611E+01  0.1806E+02
   2.059  0.1608E+01  0.1808E+02
   2.069  0.1602E+01  0.1809E+02
   2.079  0.1592E+01  0.1811E+02
   2.089  0.1580E+01  0.1813E+02
   2.099  0.1564E+01  0.1814E+02
   2.109  0.1546E+01  0.1816E+02
   2.119  0.1527E+01  0.1817E+02
   2.129  0.1506E+01  0.1819E+02
   2.139  0.1484E+01  0.1820E+02
   2.149  0.1461E+01  0.1822E+02
   2.159  0.1439E+01  0.1823E+02
   2.169  0.1418E+01  0.1824E+02
   2.179  0.1397E+01  0.1826E+02
   2.189  0.1378E+01  0.1827E+02
   2.199  0.1360E+01  0.1829E+02
   2.209  0.1344E+01  0.1830E+02
   2.219  0.1330E+01  0.1831E+02
   2.229  0.1317E+01  0.1833E+02
   2.239  0.1307E+01  0.1834E+02
   2.249  0.1298E+01  0.1835E+02
   2.259  0.1291E+01  0.1836E+02
   2.269  0.1285E+01  0.1838E+02
   2.279  0.1281E+01  0.1839E+02
   2.289  0.1278E+01  0.1840E+02
   2.299  0.1275E+01  0.1842E+02
   2.309  0.1274E+01  0.1843E+02
   2.319  0.1273E+01  0.1844E+02
   2.329  0.1272E+01  0.1845E+02
   2.339  0.1271E+01  0.1847E+02
   2.349  0.1270E+01  0.1848E+02
   2.359  0.1268E+01  0.1849E+02
   2.369  0.1267E+01  0.1850E+02
   2.379  0.1265E+01  0.1852E+02
   2.389  0.1264E+01  0.1853E+02
   2.399  0.1262E+01  0.1854E+02
   2.409  0.1260E+01  0.1856E+02
   2.419  0.1258E+01  0.1857E+02
   2.429  0.1256E+01  0.1858E+02
   2.439  0.1255E+01  0.1859E+02
   2.449  0.1255E+01  0.1861E+02
   2.459  0.1256E+01  0.1862E+02
   2.469  0.1258E+01  0.1863E+02
   2.479  0.1261E+01  0.1864E+02
   2.489  0.1266E+01  0.1866E+02
   2.499  0.1273E+01  0.1867E+02
   2.509  0.1281E+01  0.1868E+02
   2.519  0.1291E+01  0.1869E+02
   2.529  0.1302E+01  0.1871E+02
   2.539  0.1315E+01  0.1872E+02
   2.549  0.1329E+01  0.1873E+02
   2.559  0.1344E+01  0.1875E+02
   2.569  0.1360E+01  0.1876E+02
   2.579  0.1377E+01  0.1877E+02
   2.589  0.1394E+01  0.1879E+02
   2.599  0.1411E+01  0.1880E+02
   2.609  0.1427E+01  0.1882E+02
   2.619  0.1443E+01  0.1883E+02
   2.629  0.1459E+01  0.1885E+02
   2.639  0.1473E+01  0.1886E+02
   2.649  0.1487E+01  0.1888E+02
   2.659  0.1499E+01  0.1889E+02
   2.669  0.1511E+01  0.1891E+02
   2.679  0.1522E+01  0.1892E+02
   2.689  0.1532E+01  0.1894E+02
   2.699  0.1541E+01  0.1895E+02
   2.709  0.1550E+01  0.1897E+02
   2.719  0.1558E+01  0.1898E+02
   2.729  0.1566E+01  0.1900E+02
   2.739  0.1574E+01  0.1901E+02
   2.749  0.1582E+01  0.1903E+02
   2.759  0.1590E+01  0.1905E+02
   2.769  0.1598E+01  0.1906E+02
   2.779  0.1607E+01  0.1908E+02
   2.789  0.1615E+01  0.1909E+02
   2.799  0.1625E+01  0.1911E+02
   2.809  0.1634E+01  0.1913E+02
   2.819  0.1644E+01  0.1914E+02
   2.829  0.1654E+01  0.1916E+02
   2.839  0.1664E+01  0.1918E+02
   2.849  0.1674E+01  0.1919E+02
   2.859  0.1684E+01  0.1921E+02
   2.869  0.1693E+01  0.1923E+02
   2.879  0.1702E+01  0.1924E+02
   2.889  0.1711E+01  0.1926E+02
   2.899  0.1718E+01  0.1928E+02
   2.909  0.1725E+01  0.1930E+02
   2.919  0.1730E+01  0.1931E+02
   2.929  0.1735E+01  0.1933E+02
   2.939  0.1738E+01  0.1935E+02
   2.949  0.1741E+01  0.1936E+02
   2.959  0.1742E+01  0.1938E+02
   2.969  0.1742E+01  0.1940E+02
   2.979  0.1741E+01  0.1942E+02
   2.989  0.1740E+01  0.1943E+02
   2.999  0.1738E+01  0.1945E+02
   3.009  0.1735E+01  0.1947E+02
   3.019  0.1732E+01  0.1949E+02
   3.029  0.1728E+01  0.1950E+02
   3.039  0.1725E+01  0.1952E+02
   3.049  0.1721E+01  0.1954E+02
   3.059  0.1717E+01  0.1956E+02
   3.069  0.1714E+01  0.1957E+02
   3.079  0.1711E+01  0.1959E+02
   3.089  0.1708E+01  0.1961E+02
   3.099  0.1705E+01  0.1962E+02
   3.109  0.1702E+01  0.1964E+02
   3.119  0.1700E+01  0.1966E+02
   3.129  0.1698E+01  0.1967E+02
   3.139  0.1695E+01  0.1969E+02
   3.149  0.1693E+01  0.1971E+02
   3.159  0.1691E+01  0.1973E+02
   3.169  0.1688E+01  0.1974E+02
   3.179  0.1685E+01  0.1976E+02
   3.189  0.1683E+01  0.1978E+02
   3.199  0.1679E+01  0.1979E+02
   3.209  0.1676E+01  0.1981E+02
   3.219  0.1673E+01  0.1983E+02
   3.229  0.1669E+01  0.1984E+02
   3.239  0.1666E+01  0.1986E+02
   3.249  0.1662E+01  0.1988E+02
   3.259  0.1659E+01  0.1989E+02
   3.269  0.1656E+01  0.1991E+02
   3.279  0.1654E+01  0.1993E+02
   3.289  0.1652E+01  0.1994E+02
   3.299  0.1650E+01  0.1996E+02
   3.309  0.1650E+01  0.1998E+02
   3.319  0.1650E+01  0.1999E+02
   3.329  0.1651E+01  0.2001E+02
   3.339  0.1653E+01  0.2003E+02
   3.349  0.1655E+01  0.2004E+02
   3.359  0.1658E+01  0.2006E+02
   3.369  0.1662E+01  0.2007E+02
   3.379  0.1666E+01  0.2009E+02
   3.389  0.1670E+01  0.2011E+02
   3.399  0.1675E+01  0.2013E+02
   3.409  0.1680E+01  0.2014E+02
   3.419  0.1684E+01  0.2016E+02
   3.429  0.1689E+01  0.2018E+02
   3.439  0.1694E+01  0.2019E+02
   3.449  0.1698E+01  0.2021E+02
   3.459  0.1702E+01  0.2023E+02
   3.469  0.1706E+01  0.2024E+02
   3.479  0.1710E+01  0.2026E+02
   3.489  0.1713E+01  0.2028E+02
   3.499  0.1717E+01  0.2029E+02
   3.509  0.1720E+01  0.2031E+02
   3.519  0.1724E+01  0.2033E+02
   3.529  0.1728E+01  0.2035E+02
   3.539  0.1731E+01  0.2036E+02
   3.549  0.1735E+01  0.2038E+02
   3.559  0.1738E+01  0.2040E+02
   3.569  0.1742E+01  0.2042E+02
   3.579  0.1746E+01  0.2043E+02
   3.589  0.1749E+01  0.2045E+02
   3.599  0.1752E+01  0.2047E+02
   3.609  0.1756E+01  0.2049E+02
   3.619  0.1759E+01  0.2050E+02
   3.629  0.1762E+01  0.2052E+02
   3.639  0.1765E+01  0.2054E+02
   3.649  0.1769E+01  0.2056E+02
   3.659  0.1772E+01  0.2057E+02
   3.669  0.1776E+01  0.2059E+02
   3.679  0.1781E+01  0.2061E+02
   3.689  0.1785E+01  0.2063E+02
   3.699  0.1790E+01  0.2065E+02
   3.709  0.1796E+01  0.2066E+02
   3.719  0.1802E+01  0.2068E+02
   3.729  0.1808E+01  0.2070E+02
   3.739  0.1814E+01  0.2072E+02
   3.749  0.1819E+01  0.2074E+02
   3.759  0.1825E+01  0.2075E+02
   3.769  0.1829E+01  0.2077E+02
   3.779  0.1832E+01  0.2079E+02
   3.789  0.1834E+01  0.2081E+02
   3.799  0.1834E+01  0.2083E+02
   3.809  0.1832E+01  0.2085E+02
   3.819  0.1828E+01  0.2086E+02
   3.829  0.1822E+01  0.2088E+02
   3.839  0.1813E+01  0.2090E+02
   3.849  0.1802E+01  0.2092E+02
   3.859  0.1790E+01  0.2094E+02
   3.869  0.1775E+01  0.2095E+02
   3.879  0.1759E+01  0.2097E+02
   3.889  0.1741E+01  0.2099E+02
   3.899  0.1723E+01  0.2101E+02
   3.909  0.1704E+01  0.2102E+02
   3.919  0.1685E+01  0.2104E+02
   3.929  0.1666E+01  0.2106E+02
   3.939  0.1649E+01  0.2107E+02
   3.949  0.1632E+01  0.2109E+02
   3.959  0.1617E+01  0.2111E+02
   3.969  0.1603E+01  0.2112E+02
   3.979  0.1592E+01  0.2114E+02
   3.989  0.1582E+01  0.2115E+02
   3.999  0.1575E+01  0.2117E+02
   4.009  0.1570E+01  0.2119E+02
   4.019  0.1567E+01  0.2120E+02
   4.029  0.1567E+01  0.2122E+02
   4.039  0.1569E+01  0.2123E+02
   4.049  0.1572E+01  0.2125E+02
   4.059  0.1578E+01  0.2126E+02
   4.069  0.1585E+01  0.2128E+02
   4.079  0.1594E+01  0.2130E+02
   4.089  0.1605E+01  0.2131E+02
   4.099  0.1616E+01  0.2133E+02
   4.109  0.1629E+01  0.2134E+02
   4.119  0.1643E+01  0.2136E+02
   4.129  0.1658E+01  0.2138E+02
   4.139  0.1673E+01  0.2139E+02
   4.149  0.1690E+01  0.2141E+02
   4.159  0.1706E+01  0.2143E+02
   4.169  0.1724E+01  0.2145E+02
   4.179  0.1741E+01  0.2146E+02
   4.189  0.1759E+01  0.2148E+02
   4.199  0.1777E+01  0.2150E+02
   4.209  0.1795E+01  0.2152E+02
   4.219  0.1814E+01  0.2153E+02
   4.229  0.1832E+01  0.2155E+02
   4.239  0.1851E+01  0.2157E+02
   4.249  0.1870E+01  0.2159E+02
   4.259  0.1889E+01  0.2161E+02
   4.269  0.1909E+01  0.2163E+02
   4.279  0.1928E+01  0.2165E+02
   4.289  0.1949E+01  0.2167E+02
   4.299  0.1969E+01  0.2169E+02
   4.309  0.1990E+01  0.2171E+02
   4.319  0.2010E+01  0.2173E+02
   4.329  0.2032E+01  0.2175E+02
   4.339  0.2053E+01  0.2177E+02
   4.349  0.2074E+01  0.2179E+02
   4.359  0.2096E+01  0.2181E+02
   4.369  0.2117E+01  0.2183E+02
   4.379  0.2137E+01  0.2185E+02
   4.389  0.2158E+01  0.2187E+02
   4.399  0.2177E+01  0.2189E+02
   4.409  0.2195E+01  0.2192E+02
   4.419  0.2213E+01  0.2194E+02
   4.429  0.2229E+01  0.2196E+02
   4.439  0.2243E+01  0.2198E+02
   4.449  0.2255E+01  0.2201E+02
   4.459  0.2265E+01  0.2203E+02
   4.469  0.2273E+01  0.2205E+02
   4.479  0.2278E+01  0.2207E+02
   4.489  0.2281E+01  0.2210E+02
   4.499  0.2281E+01  0.2212E+02
   4.509  0.2279E+01  0.2214E+02
   4.519  0.2274E+01  0.2216E+02
   4.529  0.2267E+01  0.2219E+02
   4.539  0.2258E+01  0.2221E+02
   4.549  0.2248E+01  0.2223E+02
   4.559  0.2235E+01  0.2226E+02
   4.569  0.2222E+01  0.2228E+02
   4.579  0.2208E+01  0.2230E+02
   4.589  0.2193E+01  0.2232E+02
   4.599  0.2179E+01  0.2234E+02
   4.609  0.2165E+01  0.2236E+02
   4.619  0.2151E+01  0.2239E+02
   4.629  0.2139E+01  0.2241E+02
   4.639  0.2128E+01  0.2243E+02
   4.649  0.2118E+01  0.2245E+02
   4.659  0.2110E+01  0.2247E+02
   4.669  0.2103E+01  0.2249E+02
   4.679  0.2098E+01  0.2251E+02
   4.689  0.2095E+01  0.2253E+02
   4.699  0.2093E+01  0.2256E+02
   4.709  0.2094E+01  0.2258E+02
   4.719  0.2095E+01  0.2260E+02
   4.729  0.2099E+01  0.2262E+02
   4.739  0.2105E+01  0.2264E+02
   4.749  0.2112E+01  0.2266E+02
   4.759  0.2121E+01  0.2268E+02
   4.769  0.2131E+01  0.2270E+02
   4.779  0.2144E+01  0.2272E+02
   4.789  0.2158E+01  0.2275E+02
   4.799  0.2173E+01  0.2277E+02
   4.809  0.2190E+01  0.2279E+02
   4.819  0.2208E+01  0.2281E+02
   4.829  0.2227E+01  0.2283E+02
   4.839  0.2247E+01  0.2286E+02
   4.849  0.2266E+01  0.2288E+02
   4.859  0.2285E+01  0.2290E+02
   4.869  0.2304E+01  0.2292E+02
   4.879  0.2322E+01  0.2295E+02
   4.889  0.2338E+01  0.2297E+02
   4.899  0.2353E+01  0.2299E+02
   4.909  0.2365E+01  0.2302E+02
   4.919  0.2376E+01  0.2304E+02
   4.929  0.2384E+01  0.2307E+02
   4.939  0.2390E+01  0.2309E+02
   4.949  0.2394E+01  0.2311E+02
   4.959  0.2395E+01  0.2314E+02
   4.969  0.2396E+01  0.2316E+02
   4.979  0.2394E+01  0.2319E+02
   4.989  0.2392E+01  0.2321E+02
   4.999  0.2389E+01  0.2323E+02
   5.009  0.2385E+01  0.2326E+02
   5.019  0.2382E+01  0.2328E+02
   5.029  0.2379E+01  0.2331E+02
   5.039  0.2376E+01  0.2333E+02
   5.049  0.2374E+01  0.2335E+02
   5.059  0.2373E+01  0.2338E+02
   5.069  0.2373E+01  0.2340E+02
   5.079  0.2372E+01  0.2342E+02
   5.089  0.2372E+01  0.2345E+02
   5.099  0.2372E+01  0.2347E+02
   5.109  0.2371E+01  0.2349E+02
   5.119  0.2369E+01  0.2352E+02
   5.129  0.2365E+01  0.2354E+02
   5.139  0.2359E+01  0.2357E+02
   5.149  0.2350E+01  0.2359E+02
   5.159  0.2338E+01  0.2361E+02
   5.169  0.2322E+01  0.2364E+02
   5.179  0.2303E+01  0.2366E+02
   5.189  0.2281E+01  0.2368E+02
   5.199  0.2254E+01  0.2370E+02
   5.209  0.2225E+01  0.2373E+02
   5.219  0.2192E+01  0.2375E+02
   5.229  0.2157E+01  0.2377E+02
   5.239  0.2121E+01  0.2379E+02
   5.249  0.2083E+01  0.2381E+02
   5.259  0.2044E+01  0.2383E+02
   5.269  0.2006E+01  0.2385E+02
   5.279  0.1968E+01  0.2387E+02
   5.289  0.1932E+01  0.2389E+02
   5.299  0.1898E+01  0.2391E+02
   5.309  0.1866E+01  0.2393E+02
   5.319  0.1837E+01  0.2395E+02
   5.329  0.1810E+01  0.2397E+02
   5.339  0.1786E+01  0.2398E+02
   5.349  0.1765E+01  0.2400E+02
   5.359  0.1747E+01  0.2402E+02
   5.369  0.1732E+01  0.2404E+02
   5.379  0.1719E+01  0.2405E+02
   5.389  0.1708E+01  0.2407E+02
   5.399  0.1700E+01  0.2409E+02
   5.409  0.1693E+01  0.2410E+02
   5.419  0.1688E+01  0.2412E+02
   5.429  0.1685E+01  0.2414E+02
   5.439  0.1682E+01  0.2415E+02
   5.449  0.1681E+01  0.2417E+02
   5.459  0.1681E+01  0.2419E+02
   5.469  0.1681E+01  0.2421E+02
   5.479  0.1682E+01  0.2422E+02
   5.489  0.1683E+01  0.2424E+02
   5.499  0.1684E+01  0.2426E+02
   5.509  0.1686E+01  0.2427E+02
   5.519  0.1687E+01  0.2429E+02
   5.529  0.1687E+01  0.2431E+02
   5.539  0.1687E+01  0.2432E+02
   5.549  0.1686E+01  0.2434E+02
   5.559  0.1684E+01  0.2436E+02
   5.569  0.1680E+01  0.2437E+02
   5.579  0.1675E+01  0.2439E+02
   5.589  0.1668E+01  0.2441E+02
   5.599  0.1659E+01  0.2442E+02
   5.609  0.1649E+01  0.2444E+02
   5.619  0.1637E+01  0.2446E+02
   5.629  0.1623E+01  0.2447E+02
   5.639  0.1608E+01  0.2449E+02
   5.649  0.1593E+01  0.2450E+02
   5.659  0.1577E+01  0.2452E+02
   5.669  0.1562E+01  0.2454E+02
   5.679  0.1547E+01  0.2455E+02
   5.689  0.1533E+01  0.2457E+02
   5.699  0.1522E+01  0.2458E+02
   5.709  0.1513E+01  0.2460E+02
   5.719  0.1507E+01  0.2461E+02
   5.729  0.1505E+01  0.2463E+02
   5.739  0.1507E+01  0.2464E+02
   5.749  0.1513E+01  0.2466E+02
   5.759  0.1524E+01  0.2467E+02
   5.769  0.1540E+01  0.2469E+02
   5.779  0.1560E+01  0.2470E+02
   5.789  0.1585E+01  0.2472E+02
   5.799  0.1614E+01  0.2474E+02
   5.809  0.1647E+01  0.2475E+02
   5.819  0.1684E+01  0.2477E+02
   5.829  0.1724E+01  0.2479E+02
   5.839  0.1766E+01  0.2480E+02
   5.849  0.1809E+01  0.2482E+02
   5.859  0.1854E+01  0.2484E+02
   5.869  0.1899E+01  0.2486E+02
   5.879  0.1945E+01  0.2488E+02
   5.889  0.1989E+01  0.2490E+02
   5.899  0.2032E+01  0.2492E+02
   5.909  0.2073E+01  0.2494E+02
   5.919  0.2112E+01  0.2496E+02
   5.929  0.2148E+01  0.2498E+02
   5.939  0.2181E+01  0.2500E+02
   5.949  0.2210E+01  0.2503E+02
   5.959  0.2236E+01  0.2505E+02
   5.969  0.2258E+01  0.2507E+02
   5.979  0.2277E+01  0.2509E+02
   5.989  0.2291E+01  0.2512E+02
   5.999  0.2302E+01  0.2514E+02
   6.009  0.2309E+01  0.2516E+02
   6.019  0.2313E+01  0.2519E+02
   6.029  0.2313E+01  0.2521E+02
   6.039  0.2311E+01  0.2523E+02
   6.049  0.2306E+01  0.2526E+02
   6.059  0.2298E+01  0.2528E+02
   6.069  0.2289E+01  0.2530E+02
   6.079  0.2278E+01  0.2532E+02
   6.089  0.2266E+01  0.2535E+02
   6.099  0.2253E+01  0.2537E+02
   6.109  0.2239E+01  0.2539E+02
   6.119  0.2225E+01  0.2541E+02
   6.129  0.2211E+01  0.2544E+02
   6.139  0.2197E+01  0.2546E+02
   6.149  0.2184E+01  0.2548E+02
   6.159  0.2171E+01  0.2550E+02
   6.169  0.2159E+01  0.2552E+02
   6.179  0.2147E+01  0.2554E+02
   6.189  0.2137E+01  0.2557E+02
   6.199  0.2127E+01  0.2559E+02
   6.209  0.2118E+01  0.2561E+02
   6.219  0.2110E+01  0.2563E+02
   6.229  0.2102E+01  0.2565E+02
   6.239  0.2094E+01  0.2567E+02
   6.249  0.2087E+01  0.2569E+02
   6.259  0.2079E+01  0.2571E+02
   6.269  0.2072E+01  0.2573E+02
   6.279  0.2064E+01  0.2575E+02
   6.289  0.2057E+01  0.2578E+02
   6.299  0.2049E+01  0.2580E+02
   6.309  0.2042E+01  0.2582E+02
   6.319  0.2035E+01  0.2584E+02
   6.329  0.2029E+01  0.2586E+02
   6.339  0.2025E+01  0.2588E+02
   6.349  0.2021E+01  0.2590E+02
   6.359  0.2020E+01  0.2592E+02
   6.369  0.2020E+01  0.2594E+02
   6.379  0.2024E+01  0.2596E+02
   6.389  0.2029E+01  0.2598E+02
   6.399  0.2038E+01  0.2600E+02
   6.409  0.2049E+01  0.2602E+02
   6.419  0.2063E+01  0.2604E+02
   6.429  0.2079E+01  0.2606E+02
   6.439  0.2097E+01  0.2608E+02
   6.449  0.2117E+01  0.2610E+02
   6.459  0.2137E+01  0.2612E+02
   6.469  0.2158E+01  0.2615E+02
   6.479  0.2179E+01  0.2617E+02
   6.489  0.2199E+01  0.2619E+02
   6.499  0.2218E+01  0.2621E+02
   6.509  0.2234E+01  0.2623E+02
   6.519  0.2249E+01  0.2626E+02
   6.529  0.2260E+01  0.2628E+02
   6.539  0.2269E+01  0.2630E+02
   6.549  0.2274E+01  0.2632E+02
   6.559  0.2277E+01  0.2635E+02
   6.569  0.2277E+01  0.2637E+02
   6.579  0.2274E+01  0.2639E+02
   6.589  0.2269E+01  0.2642E+02
   6.599  0.2261E+01  0.2644E+02
   6.609  0.2253E+01  0.2646E+02
   6.619  0.2243E+01  0.2648E+02
   6.629  0.2232E+01  0.2651E+02
   6.639  0.2220E+01  0.2653E+02
   6.649  0.2209E+01  0.2655E+02
   6.659  0.2197E+01  0.2657E+02
   6.669  0.2186E+01  0.2659E+02
   6.679  0.2175E+01  0.2662E+02
   6.689  0.2165E+01  0.2664E+02
   6.699  0.2155E+01  0.2666E+02
   6.709  0.2146E+01  0.2668E+02
   6.719  0.2136E+01  0.2670E+02
   6.729  0.2127E+01  0.2672E+02
   6.739  0.2119E+01  0.2674E+02
   6.749  0.2110E+01  0.2676E+02
   6.759  0.2101E+01  0.2679E+02
   6.769  0.2091E+01  0.2681E+02
   6.779  0.2081E+01  0.2683E+02
   6.789  0.2070E+01  0.2685E+02
   6.799  0.2059E+01  0.2687E+02
   6.809  0.2047E+01  0.2689E+02
   6.819  0.2034E+01  0.2691E+02
   6.829  0.2020E+01  0.2693E+02
   6.839  0.2007E+01  0.2695E+02
   6.849  0.1993E+01  0.2697E+02
   6.859  0.1980E+01  0.2699E+02
   6.869  0.1967E+01  0.2701E+02
   6.879  0.1956E+01  0.2703E+02
   6.889  0.1946E+01  0.2705E+02
   6.899  0.1939E+01  0.2707E+02
   6.909  0.1935E+01  0.2709E+02
   6.919  0.1935E+01  0.2711E+02
   6.929  0.1939E+01  0.2713E+02
   6.939  0.1947E+01  0.2715E+02
   6.949  0.1960E+01  0.2716E+02
   6.959  0.1978E+01  0.2718E+02
   6.969  0.2002E+01  0.2720E+02
   6.979  0.2030E+01  0.2722E+02
   6.989  0.2063E+01  0.2725E+02
   6.999  0.2100E+01  0.2727E+02
   7.009  0.2140E+01  0.2729E+02
   7.019  0.2183E+01  0.2731E+02
   7.029  0.2227E+01  0.2733E+02
   7.039  0.2272E+01  0.2735E+02
   7.049  0.2316E+01  0.2738E+02
   7.059  0.2359E+01  0.2740E+02
   7.069  0.2398E+01  0.2743E+02
   7.079  0.2434E+01  0.2745E+02
   7.089  0.2464E+01  0.2747E+02
   7.099  0.2489E+01  0.2750E+02
   7.109  0.2506E+01  0.2752E+02
   7.119  0.2517E+01  0.2755E+02
   7.129  0.2520E+01  0.2757E+02
   7.139  0.2516E+01  0.2760E+02
   7.149  0.2504E+01  0.2763E+02
   7.159  0.2485E+01  0.2765E+02
   7.169  0.2460E+01  0.2767E+02
   7.179  0.2429E+01  0.2770E+02
   7.189  0.2392E+01  0.2772E+02
   7.199  0.2353E+01  0.2775E+02
   7.209  0.2310E+01  0.2777E+02
   7.219  0.2266E+01  0.2779E+02
   7.229  0.2221E+01  0.2781E+02
   7.239  0.2177E+01  0.2784E+02
   7.249  0.2136E+01  0.2786E+02
   7.259  0.2097E+01  0.2788E+02
   7.269  0.2061E+01  0.2790E+02
