#  E (eV)   dos(E)     Int dos(E) EFermi =   -2.595 eV
 -12.595  0.4613E+00  0.4613E-02
 -12.585  0.4511E+00  0.9124E-02
 -12.575  0.4394E+00  0.1352E-01
 -12.565  0.4265E+00  0.1778E-01
 -12.555  0.4128E+00  0.2191E-01
 -12.545  0.3984E+00  0.2590E-01
 -12.535  0.3838E+00  0.2973E-01
 -12.525  0.3691E+00  0.3342E-01
 -12.515  0.3546E+00  0.3697E-01
 -12.505  0.3405E+00  0.4038E-01
 -12.495  0.3269E+00  0.4364E-01
 -12.485  0.3140E+00  0.4678E-01
 -12.475  0.3020E+00  0.4980E-01
 -12.465  0.2908E+00  0.5271E-01
 -12.455  0.2807E+00  0.5552E-01
 -12.445  0.2717E+00  0.5824E-01
 -12.435  0.2638E+00  0.6087E-01
 -12.425  0.2572E+00  0.6345E-01
 -12.415  0.2521E+00  0.6597E-01
 -12.405  0.2484E+00  0.6845E-01
 -12.395  0.2463E+00  0.7092E-01
 -12.385  0.2460E+00  0.7337E-01
 -12.375  0.2474E+00  0.7585E-01
 -12.365  0.2507E+00  0.7836E-01
 -12.355  0.2559E+00  0.8091E-01
 -12.345  0.2630E+00  0.8354E-01
 -12.335  0.2720E+00  0.8626E-01
 -12.325  0.2827E+00  0.8909E-01
 -12.315  0.2952E+00  0.9204E-01
 -12.305  0.3091E+00  0.9513E-01
 -12.295  0.3242E+00  0.9838E-01
 -12.285  0.3403E+00  0.1018E+00
 -12.275  0.3571E+00  0.1053E+00
 -12.265  0.3742E+00  0.1091E+00
 -12.255  0.3913E+00  0.1130E+00
 -12.245  0.4080E+00  0.1171E+00
 -12.235  0.4240E+00  0.1213E+00
 -12.225  0.4390E+00  0.1257E+00
 -12.215  0.4526E+00  0.1302E+00
 -12.205  0.4646E+00  0.1349E+00
 -12.195  0.4747E+00  0.1396E+00
 -12.185  0.4828E+00  0.1445E+00
 -12.175  0.4887E+00  0.1493E+00
 -12.165  0.4923E+00  0.1543E+00
 -12.155  0.4937E+00  0.1592E+00
 -12.145  0.4927E+00  0.1641E+00
 -12.135  0.4894E+00  0.1690E+00
 -12.125  0.4840E+00  0.1739E+00
 -12.115  0.4766E+00  0.1786E+00
 -12.105  0.4673E+00  0.1833E+00
 -12.095  0.4564E+00  0.1879E+00
 -12.085  0.4441E+00  0.1923E+00
 -12.075  0.4307E+00  0.1966E+00
 -12.065  0.4164E+00  0.2008E+00
 -12.055  0.4017E+00  0.2048E+00
 -12.045  0.3869E+00  0.2087E+00
 -12.035  0.3723E+00  0.2124E+00
 -12.025  0.3584E+00  0.2160E+00
 -12.015  0.3454E+00  0.2194E+00
 -12.005  0.3338E+00  0.2228E+00
 -11.995  0.3239E+00  0.2260E+00
 -11.985  0.3160E+00  0.2292E+00
 -11.975  0.3104E+00  0.2323E+00
 -11.965  0.3072E+00  0.2353E+00
 -11.955  0.3065E+00  0.2384E+00
 -11.945  0.3084E+00  0.2415E+00
 -11.935  0.3127E+00  0.2446E+00
 -11.925  0.3194E+00  0.2478E+00
 -11.915  0.3282E+00  0.2511E+00
 -11.905  0.3387E+00  0.2545E+00
 -11.895  0.3505E+00  0.2580E+00
 -11.885  0.3632E+00  0.2616E+00
 -11.875  0.3761E+00  0.2654E+00
 -11.865  0.3888E+00  0.2693E+00
 -11.855  0.4008E+00  0.2733E+00
 -11.845  0.4114E+00  0.2774E+00
 -11.835  0.4202E+00  0.2816E+00
 -11.825  0.4268E+00  0.2859E+00
 -11.815  0.4310E+00  0.2902E+00
 -11.805  0.4324E+00  0.2945E+00
 -11.795  0.4311E+00  0.2988E+00
 -11.785  0.4271E+00  0.3031E+00
 -11.775  0.4205E+00  0.3073E+00
 -11.765  0.4116E+00  0.3114E+00
 -11.755  0.4008E+00  0.3154E+00
 -11.745  0.3884E+00  0.3193E+00
 -11.735  0.3750E+00  0.3230E+00
 -11.725  0.3612E+00  0.3267E+00
 -11.715  0.3475E+00  0.3301E+00
 -11.705  0.3343E+00  0.3335E+00
 -11.695  0.3223E+00  0.3367E+00
 -11.685  0.3117E+00  0.3398E+00
 -11.675  0.3031E+00  0.3428E+00
 -11.665  0.2967E+00  0.3458E+00
 -11.655  0.2926E+00  0.3487E+00
 -11.645  0.2909E+00  0.3516E+00
 -11.635  0.2917E+00  0.3546E+00
 -11.625  0.2949E+00  0.3575E+00
 -11.615  0.3003E+00  0.3605E+00
 -11.605  0.3077E+00  0.3636E+00
 -11.595  0.3170E+00  0.3668E+00
 -11.585  0.3278E+00  0.3700E+00
 -11.575  0.3399E+00  0.3734E+00
 -11.565  0.3530E+00  0.3770E+00
 -11.555  0.3668E+00  0.3806E+00
 -11.545  0.3812E+00  0.3844E+00
 -11.535  0.3959E+00  0.3884E+00
 -11.525  0.4107E+00  0.3925E+00
 -11.515  0.4255E+00  0.3968E+00
 -11.505  0.4399E+00  0.4012E+00
 -11.495  0.4540E+00  0.4057E+00
 -11.485  0.4675E+00  0.4104E+00
 -11.475  0.4802E+00  0.4152E+00
 -11.465  0.4919E+00  0.4201E+00
 -11.455  0.5025E+00  0.4251E+00
 -11.445  0.5117E+00  0.4302E+00
 -11.435  0.5192E+00  0.4354E+00
 -11.425  0.5248E+00  0.4407E+00
 -11.415  0.5284E+00  0.4460E+00
 -11.405  0.5298E+00  0.4513E+00
 -11.395  0.5287E+00  0.4566E+00
 -11.385  0.5252E+00  0.4618E+00
 -11.375  0.5193E+00  0.4670E+00
 -11.365  0.5109E+00  0.4721E+00
 -11.355  0.5002E+00  0.4771E+00
 -11.345  0.4875E+00  0.4820E+00
 -11.335  0.4730E+00  0.4867E+00
 -11.325  0.4571E+00  0.4913E+00
 -11.315  0.4401E+00  0.4957E+00
 -11.305  0.4225E+00  0.4999E+00
 -11.295  0.4047E+00  0.5040E+00
 -11.285  0.3870E+00  0.5078E+00
 -11.275  0.3700E+00  0.5115E+00
 -11.265  0.3538E+00  0.5151E+00
 -11.255  0.3388E+00  0.5185E+00
 -11.245  0.3253E+00  0.5217E+00
 -11.235  0.3133E+00  0.5248E+00
 -11.225  0.3029E+00  0.5279E+00
 -11.215  0.2943E+00  0.5308E+00
 -11.205  0.2875E+00  0.5337E+00
 -11.195  0.2823E+00  0.5365E+00
 -11.185  0.2789E+00  0.5393E+00
 -11.175  0.2771E+00  0.5421E+00
 -11.165  0.2769E+00  0.5448E+00
 -11.155  0.2783E+00  0.5476E+00
 -11.145  0.2812E+00  0.5504E+00
 -11.135  0.2857E+00  0.5533E+00
 -11.125  0.2917E+00  0.5562E+00
 -11.115  0.2993E+00  0.5592E+00
 -11.105  0.3085E+00  0.5623E+00
 -11.095  0.3192E+00  0.5655E+00
 -11.085  0.3315E+00  0.5688E+00
 -11.075  0.3452E+00  0.5723E+00
 -11.065  0.3604E+00  0.5759E+00
 -11.055  0.3768E+00  0.5796E+00
 -11.045  0.3942E+00  0.5836E+00
 -11.035  0.4124E+00  0.5877E+00
 -11.025  0.4311E+00  0.5920E+00
 -11.015  0.4499E+00  0.5965E+00
 -11.005  0.4684E+00  0.6012E+00
 -10.995  0.4862E+00  0.6060E+00
 -10.985  0.5029E+00  0.6111E+00
 -10.975  0.5179E+00  0.6163E+00
 -10.965  0.5309E+00  0.6216E+00
 -10.955  0.5416E+00  0.6270E+00
 -10.945  0.5495E+00  0.6325E+00
 -10.935  0.5546E+00  0.6380E+00
 -10.925  0.5565E+00  0.6436E+00
 -10.915  0.5553E+00  0.6491E+00
 -10.905  0.5510E+00  0.6546E+00
 -10.895  0.5437E+00  0.6601E+00
 -10.885  0.5336E+00  0.6654E+00
 -10.875  0.5210E+00  0.6706E+00
 -10.865  0.5063E+00  0.6757E+00
 -10.855  0.4899E+00  0.6806E+00
 -10.845  0.4723E+00  0.6853E+00
 -10.835  0.4539E+00  0.6899E+00
 -10.825  0.4353E+00  0.6942E+00
 -10.815  0.4168E+00  0.6984E+00
 -10.805  0.3989E+00  0.7024E+00
 -10.795  0.3822E+00  0.7062E+00
 -10.785  0.3669E+00  0.7099E+00
 -10.775  0.3533E+00  0.7134E+00
 -10.765  0.3419E+00  0.7168E+00
 -10.755  0.3327E+00  0.7201E+00
 -10.745  0.3259E+00  0.7234E+00
 -10.735  0.3218E+00  0.7266E+00
 -10.725  0.3204E+00  0.7298E+00
 -10.715  0.3216E+00  0.7330E+00
 -10.705  0.3254E+00  0.7363E+00
 -10.695  0.3319E+00  0.7396E+00
 -10.685  0.3407E+00  0.7430E+00
 -10.675  0.3518E+00  0.7465E+00
 -10.665  0.3648E+00  0.7502E+00
 -10.655  0.3794E+00  0.7540E+00
 -10.645  0.3954E+00  0.7579E+00
 -10.635  0.4122E+00  0.7620E+00
 -10.625  0.4294E+00  0.7663E+00
 -10.615  0.4465E+00  0.7708E+00
 -10.605  0.4631E+00  0.7754E+00
 -10.595  0.4786E+00  0.7802E+00
 -10.585  0.4926E+00  0.7851E+00
 -10.575  0.5046E+00  0.7902E+00
 -10.565  0.5143E+00  0.7953E+00
 -10.555  0.5214E+00  0.8006E+00
 -10.545  0.5256E+00  0.8058E+00
 -10.535  0.5270E+00  0.8111E+00
 -10.525  0.5255E+00  0.8163E+00
 -10.515  0.5213E+00  0.8215E+00
 -10.505  0.5147E+00  0.8267E+00
 -10.495  0.5061E+00  0.8318E+00
 -10.485  0.4958E+00  0.8367E+00
 -10.475  0.4845E+00  0.8416E+00
 -10.465  0.4727E+00  0.8463E+00
 -10.455  0.4610E+00  0.8509E+00
 -10.445  0.4501E+00  0.8554E+00
 -10.435  0.4404E+00  0.8598E+00
 -10.425  0.4324E+00  0.8641E+00
 -10.415  0.4267E+00  0.8684E+00
 -10.405  0.4234E+00  0.8726E+00
 -10.395  0.4228E+00  0.8769E+00
 -10.385  0.4251E+00  0.8811E+00
 -10.375  0.4301E+00  0.8854E+00
 -10.365  0.4378E+00  0.8898E+00
 -10.355  0.4480E+00  0.8943E+00
 -10.345  0.4604E+00  0.8989E+00
 -10.335  0.4747E+00  0.9036E+00
 -10.325  0.4904E+00  0.9085E+00
 -10.315  0.5072E+00  0.9136E+00
 -10.305  0.5246E+00  0.9188E+00
 -10.295  0.5425E+00  0.9243E+00
 -10.285  0.5603E+00  0.9299E+00
 -10.275  0.5779E+00  0.9356E+00
 -10.265  0.5950E+00  0.9416E+00
 -10.255  0.6115E+00  0.9477E+00
 -10.245  0.6274E+00  0.9540E+00
 -10.235  0.6424E+00  0.9604E+00
 -10.225  0.6568E+00  0.9670E+00
 -10.215  0.6704E+00  0.9737E+00
 -10.205  0.6833E+00  0.9805E+00
 -10.195  0.6955E+00  0.9875E+00
 -10.185  0.7071E+00  0.9945E+00
 -10.175  0.7180E+00  0.1002E+01
 -10.165  0.7281E+00  0.1009E+01
 -10.155  0.7374E+00  0.1016E+01
 -10.145  0.7457E+00  0.1024E+01
 -10.135  0.7529E+00  0.1031E+01
 -10.125  0.7589E+00  0.1039E+01
 -10.115  0.7635E+00  0.1047E+01
 -10.105  0.7665E+00  0.1054E+01
 -10.095  0.7679E+00  0.1062E+01
 -10.085  0.7677E+00  0.1070E+01
 -10.075  0.7658E+00  0.1077E+01
 -10.065  0.7624E+00  0.1085E+01
 -10.055  0.7576E+00  0.1092E+01
 -10.045  0.7517E+00  0.1100E+01
 -10.035  0.7449E+00  0.1107E+01
 -10.025  0.7376E+00  0.1115E+01
 -10.015  0.7302E+00  0.1122E+01
 -10.005  0.7230E+00  0.1129E+01
  -9.995  0.7164E+00  0.1136E+01
  -9.985  0.7108E+00  0.1144E+01
  -9.975  0.7064E+00  0.1151E+01
  -9.965  0.7034E+00  0.1158E+01
  -9.955  0.7020E+00  0.1165E+01
  -9.945  0.7023E+00  0.1172E+01
  -9.935  0.7041E+00  0.1179E+01
  -9.925  0.7074E+00  0.1186E+01
  -9.915  0.7120E+00  0.1193E+01
  -9.905  0.7176E+00  0.1200E+01
  -9.895  0.7240E+00  0.1207E+01
  -9.885  0.7309E+00  0.1215E+01
  -9.875  0.7379E+00  0.1222E+01
  -9.865  0.7450E+00  0.1230E+01
  -9.855  0.7518E+00  0.1237E+01
  -9.845  0.7581E+00  0.1245E+01
  -9.835  0.7641E+00  0.1252E+01
  -9.825  0.7695E+00  0.1260E+01
  -9.815  0.7745E+00  0.1268E+01
  -9.805  0.7793E+00  0.1276E+01
  -9.795  0.7838E+00  0.1283E+01
  -9.785  0.7884E+00  0.1291E+01
  -9.775  0.7932E+00  0.1299E+01
  -9.765  0.7983E+00  0.1307E+01
  -9.755  0.8039E+00  0.1315E+01
  -9.745  0.8100E+00  0.1323E+01
  -9.735  0.8166E+00  0.1331E+01
  -9.725  0.8237E+00  0.1340E+01
  -9.715  0.8309E+00  0.1348E+01
  -9.705  0.8382E+00  0.1356E+01
  -9.695  0.8452E+00  0.1365E+01
  -9.685  0.8516E+00  0.1373E+01
  -9.675  0.8570E+00  0.1382E+01
  -9.665  0.8611E+00  0.1391E+01
  -9.655  0.8635E+00  0.1399E+01
  -9.645  0.8641E+00  0.1408E+01
  -9.635  0.8627E+00  0.1416E+01
  -9.625  0.8593E+00  0.1425E+01
  -9.615  0.8538E+00  0.1434E+01
  -9.605  0.8464E+00  0.1442E+01
  -9.595  0.8374E+00  0.1450E+01
  -9.585  0.8271E+00  0.1459E+01
  -9.575  0.8160E+00  0.1467E+01
  -9.565  0.8045E+00  0.1475E+01
  -9.555  0.7932E+00  0.1483E+01
  -9.545  0.7826E+00  0.1491E+01
  -9.535  0.7731E+00  0.1498E+01
  -9.525  0.7652E+00  0.1506E+01
  -9.515  0.7593E+00  0.1514E+01
  -9.505  0.7558E+00  0.1521E+01
  -9.495  0.7547E+00  0.1529E+01
  -9.485  0.7563E+00  0.1536E+01
  -9.475  0.7605E+00  0.1544E+01
  -9.465  0.7673E+00  0.1552E+01
  -9.455  0.7766E+00  0.1559E+01
  -9.445  0.7881E+00  0.1567E+01
  -9.435  0.8015E+00  0.1575E+01
  -9.425  0.8164E+00  0.1583E+01
  -9.415  0.8326E+00  0.1592E+01
  -9.405  0.8496E+00  0.1600E+01
  -9.395  0.8670E+00  0.1609E+01
  -9.385  0.8844E+00  0.1618E+01
  -9.375  0.9015E+00  0.1627E+01
  -9.365  0.9178E+00  0.1636E+01
  -9.355  0.9332E+00  0.1645E+01
  -9.345  0.9474E+00  0.1655E+01
  -9.335  0.9603E+00  0.1664E+01
  -9.325  0.9717E+00  0.1674E+01
  -9.315  0.9818E+00  0.1684E+01
  -9.305  0.9904E+00  0.1694E+01
  -9.295  0.9979E+00  0.1704E+01
  -9.285  0.1004E+01  0.1714E+01
  -9.275  0.1010E+01  0.1724E+01
  -9.265  0.1015E+01  0.1734E+01
  -9.255  0.1020E+01  0.1744E+01
  -9.245  0.1024E+01  0.1754E+01
  -9.235  0.1029E+01  0.1765E+01
  -9.225  0.1034E+01  0.1775E+01
  -9.215  0.1040E+01  0.1786E+01
  -9.205  0.1046E+01  0.1796E+01
  -9.195  0.1053E+01  0.1806E+01
  -9.185  0.1060E+01  0.1817E+01
  -9.175  0.1067E+01  0.1828E+01
  -9.165  0.1075E+01  0.1839E+01
  -9.155  0.1083E+01  0.1849E+01
  -9.145  0.1091E+01  0.1860E+01
  -9.135  0.1098E+01  0.1871E+01
  -9.125  0.1105E+01  0.1882E+01
  -9.115  0.1111E+01  0.1893E+01
  -9.105  0.1115E+01  0.1905E+01
  -9.095  0.1119E+01  0.1916E+01
  -9.085  0.1121E+01  0.1927E+01
  -9.075  0.1122E+01  0.1938E+01
  -9.065  0.1120E+01  0.1949E+01
  -9.055  0.1117E+01  0.1961E+01
  -9.045  0.1112E+01  0.1972E+01
  -9.035  0.1105E+01  0.1983E+01
  -9.025  0.1096E+01  0.1994E+01
  -9.015  0.1085E+01  0.2004E+01
  -9.005  0.1073E+01  0.2015E+01
  -8.995  0.1059E+01  0.2026E+01
  -8.985  0.1043E+01  0.2036E+01
  -8.975  0.1027E+01  0.2047E+01
  -8.965  0.1011E+01  0.2057E+01
  -8.955  0.9942E+00  0.2067E+01
  -8.945  0.9779E+00  0.2076E+01
  -8.935  0.9623E+00  0.2086E+01
  -8.925  0.9478E+00  0.2095E+01
  -8.915  0.9348E+00  0.2105E+01
  -8.905  0.9235E+00  0.2114E+01
  -8.895  0.9143E+00  0.2123E+01
  -8.885  0.9071E+00  0.2132E+01
  -8.875  0.9021E+00  0.2141E+01
  -8.865  0.8991E+00  0.2150E+01
  -8.855  0.8981E+00  0.2159E+01
  -8.845  0.8987E+00  0.2168E+01
  -8.835  0.9006E+00  0.2177E+01
  -8.825  0.9035E+00  0.2186E+01
  -8.815  0.9069E+00  0.2195E+01
  -8.805  0.9104E+00  0.2204E+01
  -8.795  0.9136E+00  0.2214E+01
  -8.785  0.9162E+00  0.2223E+01
  -8.775  0.9177E+00  0.2232E+01
  -8.765  0.9178E+00  0.2241E+01
  -8.755  0.9165E+00  0.2250E+01
  -8.745  0.9134E+00  0.2259E+01
  -8.735  0.9087E+00  0.2268E+01
  -8.725  0.9022E+00  0.2277E+01
  -8.715  0.8942E+00  0.2286E+01
  -8.705  0.8847E+00  0.2295E+01
  -8.695  0.8740E+00  0.2304E+01
  -8.685  0.8624E+00  0.2313E+01
  -8.675  0.8500E+00  0.2321E+01
  -8.665  0.8373E+00  0.2330E+01
  -8.655  0.8246E+00  0.2338E+01
  -8.645  0.8121E+00  0.2346E+01
  -8.635  0.8002E+00  0.2354E+01
  -8.625  0.7891E+00  0.2362E+01
  -8.615  0.7791E+00  0.2370E+01
  -8.605  0.7704E+00  0.2377E+01
  -8.595  0.7631E+00  0.2385E+01
  -8.585  0.7575E+00  0.2392E+01
  -8.575  0.7535E+00  0.2400E+01
  -8.565  0.7511E+00  0.2408E+01
  -8.555  0.7505E+00  0.2415E+01
  -8.545  0.7515E+00  0.2423E+01
  -8.535  0.7541E+00  0.2430E+01
  -8.525  0.7581E+00  0.2438E+01
  -8.515  0.7634E+00  0.2445E+01
  -8.505  0.7698E+00  0.2453E+01
  -8.495  0.7771E+00  0.2461E+01
  -8.485  0.7850E+00  0.2469E+01
  -8.475  0.7932E+00  0.2477E+01
  -8.465  0.8015E+00  0.2485E+01
  -8.455  0.8094E+00  0.2493E+01
  -8.445  0.8167E+00  0.2501E+01
  -8.435  0.8230E+00  0.2509E+01
  -8.425  0.8280E+00  0.2517E+01
  -8.415  0.8312E+00  0.2526E+01
  -8.405  0.8325E+00  0.2534E+01
  -8.395  0.8316E+00  0.2542E+01
  -8.385  0.8282E+00  0.2551E+01
  -8.375  0.8224E+00  0.2559E+01
  -8.365  0.8140E+00  0.2567E+01
  -8.355  0.8032E+00  0.2575E+01
  -8.345  0.7901E+00  0.2583E+01
  -8.335  0.7750E+00  0.2591E+01
  -8.325  0.7583E+00  0.2598E+01
  -8.315  0.7403E+00  0.2606E+01
  -8.305  0.7216E+00  0.2613E+01
  -8.295  0.7026E+00  0.2620E+01
  -8.285  0.6839E+00  0.2627E+01
  -8.275  0.6659E+00  0.2633E+01
  -8.265  0.6491E+00  0.2640E+01
  -8.255  0.6340E+00  0.2646E+01
  -8.245  0.6207E+00  0.2652E+01
  -8.235  0.6097E+00  0.2658E+01
  -8.225  0.6010E+00  0.2664E+01
  -8.215  0.5949E+00  0.2670E+01
  -8.205  0.5912E+00  0.2676E+01
  -8.195  0.5901E+00  0.2682E+01
  -8.185  0.5912E+00  0.2688E+01
  -8.175  0.5946E+00  0.2694E+01
  -8.165  0.6000E+00  0.2700E+01
  -8.155  0.6072E+00  0.2706E+01
  -8.145  0.6160E+00  0.2712E+01
  -8.135  0.6262E+00  0.2719E+01
  -8.125  0.6374E+00  0.2725E+01
  -8.115  0.6495E+00  0.2731E+01
  -8.105  0.6623E+00  0.2738E+01
  -8.095  0.6754E+00  0.2745E+01
  -8.085  0.6887E+00  0.2752E+01
  -8.075  0.7020E+00  0.2759E+01
  -8.065  0.7150E+00  0.2766E+01
  -8.055  0.7275E+00  0.2773E+01
  -8.045  0.7395E+00  0.2781E+01
  -8.035  0.7506E+00  0.2788E+01
  -8.025  0.7607E+00  0.2796E+01
  -8.015  0.7698E+00  0.2803E+01
  -8.005  0.7776E+00  0.2811E+01
  -7.995  0.7841E+00  0.2819E+01
  -7.985  0.7891E+00  0.2827E+01
  -7.975  0.7927E+00  0.2835E+01
  -7.965  0.7948E+00  0.2843E+01
  -7.955  0.7953E+00  0.2851E+01
  -7.945  0.7944E+00  0.2859E+01
  -7.935  0.7919E+00  0.2867E+01
  -7.925  0.7880E+00  0.2874E+01
  -7.915  0.7827E+00  0.2882E+01
  -7.905  0.7760E+00  0.2890E+01
  -7.895  0.7679E+00  0.2898E+01
  -7.885  0.7586E+00  0.2905E+01
  -7.875  0.7481E+00  0.2913E+01
  -7.865  0.7364E+00  0.2920E+01
  -7.855  0.7235E+00  0.2927E+01
  -7.845  0.7095E+00  0.2934E+01
  -7.835  0.6945E+00  0.2941E+01
  -7.825  0.6785E+00  0.2948E+01
  -7.815  0.6616E+00  0.2955E+01
  -7.805  0.6439E+00  0.2961E+01
  -7.795  0.6256E+00  0.2968E+01
  -7.785  0.6069E+00  0.2974E+01
  -7.775  0.5880E+00  0.2979E+01
  -7.765  0.5692E+00  0.2985E+01
  -7.755  0.5507E+00  0.2991E+01
  -7.745  0.5330E+00  0.2996E+01
  -7.735  0.5164E+00  0.3001E+01
  -7.725  0.5012E+00  0.3006E+01
  -7.715  0.4879E+00  0.3011E+01
  -7.705  0.4769E+00  0.3016E+01
  -7.695  0.4685E+00  0.3021E+01
  -7.685  0.4630E+00  0.3025E+01
  -7.675  0.4607E+00  0.3030E+01
  -7.665  0.4618E+00  0.3034E+01
  -7.655  0.4665E+00  0.3039E+01
  -7.645  0.4748E+00  0.3044E+01
  -7.635  0.4866E+00  0.3049E+01
  -7.625  0.5019E+00  0.3054E+01
  -7.615  0.5204E+00  0.3059E+01
  -7.605  0.5417E+00  0.3064E+01
  -7.595  0.5655E+00  0.3070E+01
  -7.585  0.5912E+00  0.3076E+01
  -7.575  0.6182E+00  0.3082E+01
  -7.565  0.6459E+00  0.3089E+01
  -7.555  0.6737E+00  0.3095E+01
  -7.545  0.7009E+00  0.3102E+01
  -7.535  0.7269E+00  0.3110E+01
  -7.525  0.7508E+00  0.3117E+01
  -7.515  0.7723E+00  0.3125E+01
  -7.505  0.7907E+00  0.3133E+01
  -7.495  0.8056E+00  0.3141E+01
  -7.485  0.8166E+00  0.3149E+01
  -7.475  0.8235E+00  0.3157E+01
  -7.465  0.8262E+00  0.3165E+01
  -7.455  0.8246E+00  0.3174E+01
  -7.445  0.8188E+00  0.3182E+01
  -7.435  0.8091E+00  0.3190E+01
  -7.425  0.7955E+00  0.3198E+01
  -7.415  0.7787E+00  0.3206E+01
  -7.405  0.7589E+00  0.3213E+01
  -7.395  0.7366E+00  0.3221E+01
  -7.385  0.7125E+00  0.3228E+01
  -7.375  0.6871E+00  0.3235E+01
  -7.365  0.6609E+00  0.3241E+01
  -7.355  0.6346E+00  0.3248E+01
  -7.345  0.6085E+00  0.3254E+01
  -7.335  0.5833E+00  0.3259E+01
  -7.325  0.5595E+00  0.3265E+01
  -7.315  0.5373E+00  0.3270E+01
  -7.305  0.5172E+00  0.3276E+01
  -7.295  0.4994E+00  0.3281E+01
  -7.285  0.4841E+00  0.3285E+01
  -7.275  0.4715E+00  0.3290E+01
  -7.265  0.4616E+00  0.3295E+01
  -7.255  0.4544E+00  0.3299E+01
  -7.245  0.4500E+00  0.3304E+01
  -7.235  0.4482E+00  0.3308E+01
  -7.225  0.4489E+00  0.3313E+01
  -7.215  0.4519E+00  0.3317E+01
  -7.205  0.4571E+00  0.3322E+01
  -7.195  0.4642E+00  0.3327E+01
  -7.185  0.4731E+00  0.3331E+01
  -7.175  0.4835E+00  0.3336E+01
  -7.165  0.4953E+00  0.3341E+01
  -7.155  0.5082E+00  0.3346E+01
  -7.145  0.5221E+00  0.3351E+01
  -7.135  0.5367E+00  0.3357E+01
  -7.125  0.5518E+00  0.3362E+01
  -7.115  0.5673E+00  0.3368E+01
  -7.105  0.5829E+00  0.3374E+01
  -7.095  0.5983E+00  0.3380E+01
  -7.085  0.6135E+00  0.3386E+01
  -7.075  0.6281E+00  0.3392E+01
  -7.065  0.6419E+00  0.3399E+01
  -7.055  0.6547E+00  0.3405E+01
  -7.045  0.6662E+00  0.3412E+01
  -7.035  0.6763E+00  0.3419E+01
  -7.025  0.6847E+00  0.3425E+01
  -7.015  0.6913E+00  0.3432E+01
  -7.005  0.6959E+00  0.3439E+01
  -6.995  0.6985E+00  0.3446E+01
  -6.985  0.6988E+00  0.3453E+01
  -6.975  0.6971E+00  0.3460E+01
  -6.965  0.6932E+00  0.3467E+01
  -6.955  0.6874E+00  0.3474E+01
  -6.945  0.6797E+00  0.3481E+01
  -6.935  0.6705E+00  0.3487E+01
  -6.925  0.6598E+00  0.3494E+01
  -6.915  0.6481E+00  0.3501E+01
  -6.905  0.6358E+00  0.3507E+01
  -6.895  0.6230E+00  0.3513E+01
  -6.885  0.6102E+00  0.3519E+01
  -6.875  0.5978E+00  0.3525E+01
  -6.865  0.5860E+00  0.3531E+01
  -6.855  0.5752E+00  0.3537E+01
  -6.845  0.5654E+00  0.3543E+01
  -6.835  0.5570E+00  0.3548E+01
  -6.825  0.5501E+00  0.3554E+01
  -6.815  0.5446E+00  0.3559E+01
  -6.805  0.5405E+00  0.3564E+01
  -6.795  0.5378E+00  0.3570E+01
  -6.785  0.5363E+00  0.3575E+01
  -6.775  0.5358E+00  0.3581E+01
  -6.765  0.5361E+00  0.3586E+01
  -6.755  0.5369E+00  0.3591E+01
  -6.745  0.5380E+00  0.3597E+01
  -6.735  0.5390E+00  0.3602E+01
  -6.725  0.5398E+00  0.3607E+01
  -6.715  0.5400E+00  0.3613E+01
  -6.705  0.5396E+00  0.3618E+01
  -6.695  0.5383E+00  0.3624E+01
  -6.685  0.5361E+00  0.3629E+01
  -6.675  0.5329E+00  0.3634E+01
  -6.665  0.5289E+00  0.3640E+01
  -6.655  0.5241E+00  0.3645E+01
  -6.645  0.5186E+00  0.3650E+01
  -6.635  0.5128E+00  0.3655E+01
  -6.625  0.5068E+00  0.3660E+01
  -6.615  0.5010E+00  0.3665E+01
  -6.605  0.4958E+00  0.3670E+01
  -6.595  0.4915E+00  0.3675E+01
  -6.585  0.4884E+00  0.3680E+01
  -6.575  0.4870E+00  0.3685E+01
  -6.565  0.4874E+00  0.3690E+01
  -6.555  0.4900E+00  0.3695E+01
  -6.545  0.4948E+00  0.3700E+01
  -6.535  0.5021E+00  0.3705E+01
  -6.525  0.5119E+00  0.3710E+01
  -6.515  0.5240E+00  0.3715E+01
  -6.505  0.5383E+00  0.3720E+01
  -6.495  0.5545E+00  0.3726E+01
  -6.485  0.5723E+00  0.3732E+01
  -6.475  0.5912E+00  0.3738E+01
  -6.465  0.6107E+00  0.3744E+01
  -6.455  0.6303E+00  0.3750E+01
  -6.445  0.6492E+00  0.3756E+01
  -6.435  0.6669E+00  0.3763E+01
  -6.425  0.6829E+00  0.3770E+01
  -6.415  0.6964E+00  0.3777E+01
  -6.405  0.7070E+00  0.3784E+01
  -6.395  0.7142E+00  0.3791E+01
  -6.385  0.7178E+00  0.3798E+01
  -6.375  0.7175E+00  0.3805E+01
  -6.365  0.7133E+00  0.3813E+01
  -6.355  0.7051E+00  0.3820E+01
  -6.345  0.6933E+00  0.3827E+01
  -6.335  0.6780E+00  0.3833E+01
  -6.325  0.6599E+00  0.3840E+01
  -6.315  0.6393E+00  0.3846E+01
  -6.305  0.6170E+00  0.3852E+01
  -6.295  0.5935E+00  0.3858E+01
  -6.285  0.5696E+00  0.3864E+01
  -6.275  0.5460E+00  0.3870E+01
  -6.265  0.5232E+00  0.3875E+01
  -6.255  0.5019E+00  0.3880E+01
  -6.245  0.4826E+00  0.3885E+01
  -6.235  0.4656E+00  0.3889E+01
  -6.225  0.4513E+00  0.3894E+01
  -6.215  0.4398E+00  0.3898E+01
  -6.205  0.4314E+00  0.3903E+01
  -6.195  0.4258E+00  0.3907E+01
  -6.185  0.4231E+00  0.3911E+01
  -6.175  0.4230E+00  0.3915E+01
  -6.165  0.4254E+00  0.3920E+01
  -6.155  0.4298E+00  0.3924E+01
  -6.145  0.4360E+00  0.3928E+01
  -6.135  0.4437E+00  0.3933E+01
  -6.125  0.4525E+00  0.3937E+01
  -6.115  0.4620E+00  0.3942E+01
  -6.105  0.4720E+00  0.3946E+01
  -6.095  0.4822E+00  0.3951E+01
  -6.085  0.4923E+00  0.3956E+01
  -6.075  0.5023E+00  0.3961E+01
  -6.065  0.5118E+00  0.3966E+01
  -6.055  0.5210E+00  0.3972E+01
  -6.045  0.5297E+00  0.3977E+01
  -6.035  0.5379E+00  0.3982E+01
  -6.025  0.5457E+00  0.3988E+01
  -6.015  0.5532E+00  0.3993E+01
  -6.005  0.5604E+00  0.3999E+01
  -5.995  0.5674E+00  0.4005E+01
  -5.985  0.5744E+00  0.4010E+01
  -5.975  0.5813E+00  0.4016E+01
  -5.965  0.5883E+00  0.4022E+01
  -5.955  0.5954E+00  0.4028E+01
  -5.945  0.6025E+00  0.4034E+01
  -5.935  0.6096E+00  0.4040E+01
  -5.925  0.6167E+00  0.4046E+01
  -5.915  0.6234E+00  0.4052E+01
  -5.905  0.6298E+00  0.4059E+01
  -5.895  0.6356E+00  0.4065E+01
  -5.885  0.6406E+00  0.4071E+01
  -5.875  0.6446E+00  0.4078E+01
  -5.865  0.6474E+00  0.4084E+01
  -5.855  0.6487E+00  0.4091E+01
  -5.845  0.6484E+00  0.4097E+01
  -5.835  0.6464E+00  0.4104E+01
  -5.825  0.6425E+00  0.4110E+01
  -5.815  0.6367E+00  0.4117E+01
  -5.805  0.6290E+00  0.4123E+01
  -5.795  0.6194E+00  0.4129E+01
  -5.785  0.6080E+00  0.4135E+01
  -5.775  0.5950E+00  0.4141E+01
  -5.765  0.5805E+00  0.4147E+01
  -5.755  0.5647E+00  0.4153E+01
  -5.745  0.5479E+00  0.4158E+01
  -5.735  0.5303E+00  0.4163E+01
  -5.725  0.5122E+00  0.4169E+01
  -5.715  0.4938E+00  0.4173E+01
  -5.705  0.4754E+00  0.4178E+01
  -5.695  0.4573E+00  0.4183E+01
  -5.685  0.4395E+00  0.4187E+01
  -5.675  0.4223E+00  0.4191E+01
  -5.665  0.4059E+00  0.4195E+01
  -5.655  0.3903E+00  0.4199E+01
  -5.645  0.3756E+00  0.4203E+01
  -5.635  0.3619E+00  0.4207E+01
  -5.625  0.3493E+00  0.4210E+01
  -5.615  0.3378E+00  0.4214E+01
  -5.605  0.3273E+00  0.4217E+01
  -5.595  0.3180E+00  0.4220E+01
  -5.585  0.3098E+00  0.4223E+01
  -5.575  0.3027E+00  0.4226E+01
  -5.565  0.2969E+00  0.4229E+01
  -5.555  0.2923E+00  0.4232E+01
  -5.545  0.2890E+00  0.4235E+01
  -5.535  0.2871E+00  0.4238E+01
  -5.525  0.2867E+00  0.4241E+01
  -5.515  0.2877E+00  0.4244E+01
  -5.505  0.2904E+00  0.4246E+01
  -5.495  0.2946E+00  0.4249E+01
  -5.485  0.3006E+00  0.4252E+01
  -5.475  0.3084E+00  0.4256E+01
  -5.465  0.3178E+00  0.4259E+01
  -5.455  0.3290E+00  0.4262E+01
  -5.445  0.3417E+00  0.4265E+01
  -5.435  0.3559E+00  0.4269E+01
  -5.425  0.3714E+00  0.4273E+01
  -5.415  0.3879E+00  0.4277E+01
  -5.405  0.4052E+00  0.4281E+01
  -5.395  0.4229E+00  0.4285E+01
  -5.385  0.4407E+00  0.4289E+01
  -5.375  0.4582E+00  0.4294E+01
  -5.365  0.4750E+00  0.4299E+01
  -5.355  0.4907E+00  0.4303E+01
  -5.345  0.5051E+00  0.4309E+01
  -5.335  0.5178E+00  0.4314E+01
  -5.325  0.5285E+00  0.4319E+01
  -5.315  0.5372E+00  0.4324E+01
  -5.305  0.5436E+00  0.4330E+01
  -5.295  0.5478E+00  0.4335E+01
  -5.285  0.5498E+00  0.4341E+01
  -5.275  0.5497E+00  0.4346E+01
  -5.265  0.5478E+00  0.4352E+01
  -5.255  0.5442E+00  0.4357E+01
  -5.245  0.5392E+00  0.4363E+01
  -5.235  0.5331E+00  0.4368E+01
  -5.225  0.5262E+00  0.4373E+01
  -5.215  0.5187E+00  0.4378E+01
  -5.205  0.5110E+00  0.4383E+01
  -5.195  0.5032E+00  0.4389E+01
  -5.185  0.4955E+00  0.4393E+01
  -5.175  0.4880E+00  0.4398E+01
  -5.165  0.4808E+00  0.4403E+01
  -5.155  0.4740E+00  0.4408E+01
  -5.145  0.4676E+00  0.4413E+01
  -5.135  0.4615E+00  0.4417E+01
  -5.125  0.4556E+00  0.4422E+01
  -5.115  0.4500E+00  0.4426E+01
  -5.105  0.4444E+00  0.4431E+01
  -5.095  0.4389E+00  0.4435E+01
  -5.085  0.4332E+00  0.4439E+01
  -5.075  0.4275E+00  0.4444E+01
  -5.065  0.4215E+00  0.4448E+01
  -5.055  0.4155E+00  0.4452E+01
  -5.045  0.4093E+00  0.4456E+01
  -5.035  0.4031E+00  0.4460E+01
  -5.025  0.3971E+00  0.4464E+01
  -5.015  0.3913E+00  0.4468E+01
  -5.005  0.3862E+00  0.4472E+01
  -4.995  0.3819E+00  0.4476E+01
  -4.985  0.3787E+00  0.4480E+01
  -4.975  0.3771E+00  0.4483E+01
  -4.965  0.3773E+00  0.4487E+01
  -4.955  0.3796E+00  0.4491E+01
  -4.945  0.3844E+00  0.4495E+01
  -4.935  0.3919E+00  0.4499E+01
  -4.925  0.4021E+00  0.4503E+01
  -4.915  0.4152E+00  0.4507E+01
  -4.905  0.4310E+00  0.4511E+01
  -4.895  0.4494E+00  0.4516E+01
  -4.885  0.4700E+00  0.4520E+01
  -4.875  0.4923E+00  0.4525E+01
  -4.865  0.5159E+00  0.4530E+01
  -4.855  0.5398E+00  0.4536E+01
  -4.845  0.5635E+00  0.4541E+01
  -4.835  0.5860E+00  0.4547E+01
  -4.825  0.6065E+00  0.4553E+01
  -4.815  0.6242E+00  0.4560E+01
  -4.805  0.6383E+00  0.4566E+01
  -4.795  0.6481E+00  0.4572E+01
  -4.785  0.6532E+00  0.4579E+01
  -4.775  0.6532E+00  0.4586E+01
  -4.765  0.6479E+00  0.4592E+01
  -4.755  0.6373E+00  0.4598E+01
  -4.745  0.6216E+00  0.4605E+01
  -4.735  0.6012E+00  0.4611E+01
  -4.725  0.5766E+00  0.4616E+01
  -4.715  0.5484E+00  0.4622E+01
  -4.705  0.5174E+00  0.4627E+01
  -4.695  0.4844E+00  0.4632E+01
  -4.685  0.4502E+00  0.4636E+01
  -4.675  0.4155E+00  0.4641E+01
  -4.665  0.3812E+00  0.4644E+01
  -4.655  0.3480E+00  0.4648E+01
  -4.645  0.3163E+00  0.4651E+01
  -4.635  0.2867E+00  0.4654E+01
  -4.625  0.2596E+00  0.4656E+01
  -4.615  0.2352E+00  0.4659E+01
  -4.605  0.2136E+00  0.4661E+01
  -4.595  0.1950E+00  0.4663E+01
  -4.585  0.1792E+00  0.4665E+01
  -4.575  0.1664E+00  0.4666E+01
  -4.565  0.1562E+00  0.4668E+01
  -4.555  0.1486E+00  0.4669E+01
  -4.545  0.1433E+00  0.4671E+01
  -4.535  0.1402E+00  0.4672E+01
  -4.525  0.1391E+00  0.4674E+01
  -4.515  0.1397E+00  0.4675E+01
  -4.505  0.1419E+00  0.4676E+01
  -4.495  0.1454E+00  0.4678E+01
  -4.485  0.1501E+00  0.4679E+01
  -4.475  0.1559E+00  0.4681E+01
  -4.465  0.1625E+00  0.4683E+01
  -4.455  0.1698E+00  0.4684E+01
  -4.445  0.1778E+00  0.4686E+01
  -4.435  0.1864E+00  0.4688E+01
  -4.425  0.1953E+00  0.4690E+01
  -4.415  0.2047E+00  0.4692E+01
  -4.405  0.2144E+00  0.4694E+01
  -4.395  0.2244E+00  0.4696E+01
  -4.385  0.2345E+00  0.4699E+01
  -4.375  0.2449E+00  0.4701E+01
  -4.365  0.2553E+00  0.4704E+01
  -4.355  0.2658E+00  0.4706E+01
  -4.345  0.2762E+00  0.4709E+01
  -4.335  0.2864E+00  0.4712E+01
  -4.325  0.2962E+00  0.4715E+01
  -4.315  0.3056E+00  0.4718E+01
  -4.305  0.3143E+00  0.4721E+01
  -4.295  0.3221E+00  0.4724E+01
  -4.285  0.3289E+00  0.4728E+01
  -4.275  0.3344E+00  0.4731E+01
  -4.265  0.3385E+00  0.4734E+01
  -4.255  0.3410E+00  0.4738E+01
  -4.245  0.3417E+00  0.4741E+01
  -4.235  0.3406E+00  0.4745E+01
  -4.225  0.3376E+00  0.4748E+01
  -4.215  0.3326E+00  0.4751E+01
  -4.205  0.3258E+00  0.4755E+01
  -4.195  0.3171E+00  0.4758E+01
  -4.185  0.3068E+00  0.4761E+01
  -4.175  0.2949E+00  0.4764E+01
  -4.165  0.2817E+00  0.4767E+01
  -4.155  0.2674E+00  0.4769E+01
  -4.145  0.2522E+00  0.4772E+01
  -4.135  0.2365E+00  0.4774E+01
  -4.125  0.2205E+00  0.4776E+01
  -4.115  0.2045E+00  0.4778E+01
  -4.105  0.1887E+00  0.4780E+01
  -4.095  0.1734E+00  0.4782E+01
  -4.085  0.1588E+00  0.4784E+01
  -4.075  0.1452E+00  0.4785E+01
  -4.065  0.1326E+00  0.4786E+01
  -4.055  0.1213E+00  0.4788E+01
  -4.045  0.1114E+00  0.4789E+01
  -4.035  0.1029E+00  0.4790E+01
  -4.025  0.9601E-01  0.4791E+01
  -4.015  0.9066E-01  0.4792E+01
  -4.005  0.8687E-01  0.4792E+01
  -3.995  0.8461E-01  0.4793E+01
  -3.985  0.8380E-01  0.4794E+01
  -3.975  0.8434E-01  0.4795E+01
  -3.965  0.8612E-01  0.4796E+01
  -3.955  0.8899E-01  0.4797E+01
  -3.945  0.9278E-01  0.4798E+01
  -3.935  0.9730E-01  0.4799E+01
  -3.925  0.1024E+00  0.4800E+01
  -3.915  0.1078E+00  0.4801E+01
  -3.905  0.1135E+00  0.4802E+01
  -3.895  0.1192E+00  0.4803E+01
  -3.885  0.1248E+00  0.4804E+01
  -3.875  0.1302E+00  0.4806E+01
  -3.865  0.1353E+00  0.4807E+01
  -3.855  0.1401E+00  0.4808E+01
  -3.845  0.1446E+00  0.4810E+01
  -3.835  0.1487E+00  0.4811E+01
  -3.825  0.1525E+00  0.4813E+01
  -3.815  0.1560E+00  0.4814E+01
  -3.805  0.1594E+00  0.4816E+01
  -3.795  0.1625E+00  0.4818E+01
  -3.785  0.1655E+00  0.4819E+01
  -3.775  0.1685E+00  0.4821E+01
  -3.765  0.1713E+00  0.4823E+01
  -3.755  0.1740E+00  0.4824E+01
  -3.745  0.1765E+00  0.4826E+01
  -3.735  0.1787E+00  0.4828E+01
  -3.725  0.1806E+00  0.4830E+01
  -3.715  0.1820E+00  0.4832E+01
  -3.705  0.1828E+00  0.4833E+01
  -3.695  0.1829E+00  0.4835E+01
  -3.685  0.1823E+00  0.4837E+01
  -3.675  0.1808E+00  0.4839E+01
  -3.665  0.1784E+00  0.4841E+01
  -3.655  0.1751E+00  0.4842E+01
  -3.645  0.1710E+00  0.4844E+01
  -3.635  0.1660E+00  0.4846E+01
  -3.625  0.1603E+00  0.4847E+01
  -3.615  0.1541E+00  0.4849E+01
  -3.605  0.1474E+00  0.4850E+01
  -3.595  0.1404E+00  0.4852E+01
  -3.585  0.1334E+00  0.4853E+01
  -3.575  0.1264E+00  0.4854E+01
  -3.565  0.1196E+00  0.4856E+01
  -3.555  0.1131E+00  0.4857E+01
  -3.545  0.1070E+00  0.4858E+01
  -3.535  0.1014E+00  0.4859E+01
  -3.525  0.9635E-01  0.4860E+01
  -3.515  0.9178E-01  0.4861E+01
  -3.505  0.8770E-01  0.4862E+01
  -3.495  0.8405E-01  0.4862E+01
  -3.485  0.8076E-01  0.4863E+01
  -3.475  0.7777E-01  0.4864E+01
  -3.465  0.7497E-01  0.4865E+01
  -3.455  0.7230E-01  0.4865E+01
  -3.445  0.6968E-01  0.4866E+01
  -3.435  0.6706E-01  0.4867E+01
  -3.425  0.6441E-01  0.4867E+01
  -3.415  0.6171E-01  0.4868E+01
  -3.405  0.5899E-01  0.4869E+01
  -3.395  0.5627E-01  0.4869E+01
  -3.385  0.5361E-01  0.4870E+01
  -3.375  0.5109E-01  0.4870E+01
  -3.365  0.4880E-01  0.4871E+01
  -3.355  0.4684E-01  0.4871E+01
  -3.345  0.4530E-01  0.4872E+01
  -3.335  0.4428E-01  0.4872E+01
  -3.325  0.4389E-01  0.4873E+01
  -3.315  0.4418E-01  0.4873E+01
  -3.305  0.4523E-01  0.4873E+01
  -3.295  0.4705E-01  0.4874E+01
  -3.285  0.4967E-01  0.4874E+01
  -3.275  0.5305E-01  0.4875E+01
  -3.265  0.5715E-01  0.4875E+01
  -3.255  0.6187E-01  0.4876E+01
  -3.245  0.6711E-01  0.4877E+01
  -3.235  0.7273E-01  0.4878E+01
  -3.225  0.7855E-01  0.4878E+01
  -3.215  0.8441E-01  0.4879E+01
  -3.205  0.9010E-01  0.4880E+01
  -3.195  0.9544E-01  0.4881E+01
  -3.185  0.1002E+00  0.4882E+01
  -3.175  0.1043E+00  0.4883E+01
  -3.165  0.1075E+00  0.4884E+01
  -3.155  0.1097E+00  0.4885E+01
  -3.145  0.1108E+00  0.4886E+01
  -3.135  0.1108E+00  0.4887E+01
  -3.125  0.1096E+00  0.4889E+01
  -3.115  0.1073E+00  0.4890E+01
  -3.105  0.1040E+00  0.4891E+01
  -3.095  0.9964E-01  0.4892E+01
  -3.085  0.9447E-01  0.4893E+01
  -3.075  0.8861E-01  0.4893E+01
  -3.065  0.8223E-01  0.4894E+01
  -3.055  0.7548E-01  0.4895E+01
  -3.045  0.6855E-01  0.4896E+01
  -3.035  0.6159E-01  0.4896E+01
  -3.025  0.5474E-01  0.4897E+01
  -3.015  0.4813E-01  0.4897E+01
  -3.005  0.4187E-01  0.4898E+01
  -2.995  0.3603E-01  0.4898E+01
  -2.985  0.3067E-01  0.4898E+01
  -2.975  0.2583E-01  0.4899E+01
  -2.965  0.2153E-01  0.4899E+01
  -2.955  0.1776E-01  0.4899E+01
  -2.945  0.1450E-01  0.4899E+01
  -2.935  0.1172E-01  0.4899E+01
  -2.925  0.9399E-02  0.4899E+01
  -2.915  0.7483E-02  0.4900E+01
  -2.905  0.5933E-02  0.4900E+01
  -2.895  0.4709E-02  0.4900E+01
  -2.885  0.3772E-02  0.4900E+01
  -2.875  0.3088E-02  0.4900E+01
  -2.865  0.2628E-02  0.4900E+01
  -2.855  0.2368E-02  0.4900E+01
  -2.845  0.2292E-02  0.4900E+01
  -2.835  0.2388E-02  0.4900E+01
  -2.825  0.2649E-02  0.4900E+01
  -2.815  0.3075E-02  0.4900E+01
  -2.805  0.3666E-02  0.4900E+01
  -2.795  0.4428E-02  0.4900E+01
  -2.785  0.5365E-02  0.4900E+01
  -2.775  0.6484E-02  0.4900E+01
  -2.765  0.7787E-02  0.4900E+01
  -2.755  0.9277E-02  0.4900E+01
  -2.745  0.1095E-01  0.4900E+01
  -2.735  0.1279E-01  0.4900E+01
  -2.725  0.1479E-01  0.4901E+01
  -2.715  0.1693E-01  0.4901E+01
  -2.705  0.1917E-01  0.4901E+01
  -2.695  0.2147E-01  0.4901E+01
  -2.685  0.2379E-01  0.4901E+01
  -2.675  0.2608E-01  0.4902E+01
  -2.665  0.2828E-01  0.4902E+01
  -2.655  0.3034E-01  0.4902E+01
  -2.645  0.3220E-01  0.4903E+01
  -2.635  0.3380E-01  0.4903E+01
  -2.625  0.3511E-01  0.4903E+01
  -2.615  0.3607E-01  0.4904E+01
  -2.605  0.3666E-01  0.4904E+01
  -2.595  0.3686E-01  0.4904E+01
  -2.585  0.3666E-01  0.4905E+01
  -2.575  0.3608E-01  0.4905E+01
  -2.565  0.3512E-01  0.4905E+01
  -2.555  0.3381E-01  0.4906E+01
  -2.545  0.3221E-01  0.4906E+01
  -2.535  0.3035E-01  0.4906E+01
  -2.525  0.2830E-01  0.4907E+01
  -2.515  0.2610E-01  0.4907E+01
  -2.505  0.2381E-01  0.4907E+01
  -2.495  0.2149E-01  0.4907E+01
  -2.485  0.1919E-01  0.4908E+01
  -2.475  0.1695E-01  0.4908E+01
  -2.465  0.1482E-01  0.4908E+01
  -2.455  0.1282E-01  0.4908E+01
  -2.445  0.1098E-01  0.4908E+01
  -2.435  0.9312E-02  0.4908E+01
  -2.425  0.7830E-02  0.4908E+01
  -2.415  0.6538E-02  0.4908E+01
  -2.405  0.5436E-02  0.4908E+01
  -2.395  0.4522E-02  0.4909E+01
  -2.385  0.3793E-02  0.4909E+01
  -2.375  0.3245E-02  0.4909E+01
  -2.365  0.2877E-02  0.4909E+01
  -2.355  0.2692E-02  0.4909E+01
  -2.345  0.2693E-02  0.4909E+01
  -2.335  0.2893E-02  0.4909E+01
  -2.325  0.3306E-02  0.4909E+01
  -2.315  0.3955E-02  0.4909E+01
  -2.305  0.4868E-02  0.4909E+01
  -2.295  0.6077E-02  0.4909E+01
  -2.285  0.7620E-02  0.4909E+01
  -2.275  0.9537E-02  0.4909E+01
  -2.265  0.1187E-01  0.4909E+01
  -2.255  0.1465E-01  0.4909E+01
  -2.245  0.1793E-01  0.4909E+01
  -2.235  0.2172E-01  0.4910E+01
  -2.225  0.2604E-01  0.4910E+01
  -2.215  0.3090E-01  0.4910E+01
  -2.205  0.3628E-01  0.4911E+01
  -2.195  0.4214E-01  0.4911E+01
  -2.185  0.4843E-01  0.4912E+01
  -2.175  0.5505E-01  0.4912E+01
  -2.165  0.6192E-01  0.4913E+01
  -2.155  0.6890E-01  0.4913E+01
  -2.145  0.7584E-01  0.4914E+01
  -2.135  0.8259E-01  0.4915E+01
  -2.125  0.8899E-01  0.4916E+01
  -2.115  0.9486E-01  0.4917E+01
  -2.105  0.1001E+00  0.4918E+01
  -2.095  0.1044E+00  0.4919E+01
  -2.085  0.1078E+00  0.4920E+01
  -2.075  0.1102E+00  0.4921E+01
  -2.065  0.1115E+00  0.4922E+01
  -2.055  0.1117E+00  0.4923E+01
  -2.045  0.1108E+00  0.4924E+01
  -2.035  0.1089E+00  0.4925E+01
  -2.025  0.1060E+00  0.4927E+01
  -2.015  0.1024E+00  0.4928E+01
  -2.005  0.9811E-01  0.4929E+01
  -1.995  0.9337E-01  0.4929E+01
  -1.985  0.8837E-01  0.4930E+01
  -1.975  0.8329E-01  0.4931E+01
  -1.965  0.7832E-01  0.4932E+01
  -1.955  0.7361E-01  0.4933E+01
  -1.945  0.6932E-01  0.4933E+01
  -1.935  0.6556E-01  0.4934E+01
  -1.925  0.6240E-01  0.4935E+01
  -1.915  0.5990E-01  0.4935E+01
  -1.905  0.5808E-01  0.4936E+01
  -1.895  0.5691E-01  0.4936E+01
  -1.885  0.5635E-01  0.4937E+01
  -1.875  0.5634E-01  0.4938E+01
  -1.865  0.5679E-01  0.4938E+01
  -1.855  0.5760E-01  0.4939E+01
  -1.845  0.5868E-01  0.4939E+01
  -1.835  0.5993E-01  0.4940E+01
  -1.825  0.6129E-01  0.4941E+01
  -1.815  0.6268E-01  0.4941E+01
  -1.805  0.6407E-01  0.4942E+01
  -1.795  0.6545E-01  0.4942E+01
  -1.785  0.6683E-01  0.4943E+01
  -1.775  0.6826E-01  0.4944E+01
  -1.765  0.6982E-01  0.4944E+01
  -1.755  0.7160E-01  0.4945E+01
  -1.745  0.7370E-01  0.4946E+01
  -1.735  0.7625E-01  0.4947E+01
  -1.725  0.7937E-01  0.4947E+01
  -1.715  0.8318E-01  0.4948E+01
  -1.705  0.8778E-01  0.4949E+01
  -1.695  0.9325E-01  0.4950E+01
  -1.685  0.9963E-01  0.4951E+01
  -1.675  0.1069E+00  0.4952E+01
  -1.665  0.1152E+00  0.4953E+01
  -1.655  0.1242E+00  0.4955E+01
  -1.645  0.1340E+00  0.4956E+01
  -1.635  0.1443E+00  0.4957E+01
  -1.625  0.1551E+00  0.4959E+01
  -1.615  0.1660E+00  0.4961E+01
  -1.605  0.1769E+00  0.4962E+01
  -1.595  0.1876E+00  0.4964E+01
  -1.585  0.1977E+00  0.4966E+01
  -1.575  0.2072E+00  0.4968E+01
  -1.565  0.2157E+00  0.4970E+01
  -1.555  0.2230E+00  0.4973E+01
  -1.545  0.2291E+00  0.4975E+01
  -1.535  0.2339E+00  0.4977E+01
  -1.525  0.2371E+00  0.4980E+01
  -1.515  0.2389E+00  0.4982E+01
  -1.505  0.2391E+00  0.4984E+01
  -1.495  0.2379E+00  0.4987E+01
  -1.485  0.2352E+00  0.4989E+01
  -1.475  0.2313E+00  0.4991E+01
  -1.465  0.2262E+00  0.4994E+01
  -1.455  0.2201E+00  0.4996E+01
  -1.445  0.2131E+00  0.4998E+01
  -1.435  0.2055E+00  0.5000E+01
  -1.425  0.1973E+00  0.5002E+01
  -1.415  0.1888E+00  0.5004E+01
  -1.405  0.1802E+00  0.5006E+01
  -1.395  0.1716E+00  0.5008E+01
  -1.385  0.1631E+00  0.5009E+01
  -1.375  0.1550E+00  0.5011E+01
  -1.365  0.1473E+00  0.5012E+01
  -1.355  0.1401E+00  0.5014E+01
  -1.345  0.1336E+00  0.5015E+01
  -1.335  0.1279E+00  0.5016E+01
  -1.325  0.1231E+00  0.5017E+01
  -1.315  0.1193E+00  0.5019E+01
  -1.305  0.1165E+00  0.5020E+01
  -1.295  0.1150E+00  0.5021E+01
  -1.285  0.1148E+00  0.5022E+01
  -1.275  0.1162E+00  0.5023E+01
  -1.265  0.1192E+00  0.5024E+01
  -1.255  0.1240E+00  0.5026E+01
  -1.245  0.1309E+00  0.5027E+01
  -1.235  0.1399E+00  0.5028E+01
  -1.225  0.1512E+00  0.5030E+01
  -1.215  0.1649E+00  0.5032E+01
  -1.205  0.1812E+00  0.5033E+01
  -1.195  0.1999E+00  0.5035E+01
  -1.185  0.2210E+00  0.5038E+01
  -1.175  0.2444E+00  0.5040E+01
  -1.165  0.2699E+00  0.5043E+01
  -1.155  0.2972E+00  0.5046E+01
  -1.145  0.3259E+00  0.5049E+01
  -1.135  0.3556E+00  0.5052E+01
  -1.125  0.3858E+00  0.5056E+01
  -1.115  0.4159E+00  0.5061E+01
  -1.105  0.4453E+00  0.5065E+01
  -1.095  0.4737E+00  0.5070E+01
  -1.085  0.5003E+00  0.5075E+01
  -1.075  0.5249E+00  0.5080E+01
  -1.065  0.5469E+00  0.5085E+01
  -1.055  0.5662E+00  0.5091E+01
  -1.045  0.5825E+00  0.5097E+01
  -1.035  0.5957E+00  0.5103E+01
  -1.025  0.6058E+00  0.5109E+01
  -1.015  0.6129E+00  0.5115E+01
  -1.005  0.6172E+00  0.5121E+01
  -0.995  0.6190E+00  0.5127E+01
  -0.985  0.6185E+00  0.5134E+01
  -0.975  0.6160E+00  0.5140E+01
  -0.965  0.6119E+00  0.5146E+01
  -0.955  0.6065E+00  0.5152E+01
  -0.945  0.6002E+00  0.5158E+01
  -0.935  0.5930E+00  0.5164E+01
  -0.925  0.5853E+00  0.5170E+01
  -0.915  0.5773E+00  0.5176E+01
  -0.905  0.5691E+00  0.5181E+01
  -0.895  0.5609E+00  0.5187E+01
  -0.885  0.5526E+00  0.5192E+01
  -0.875  0.5443E+00  0.5198E+01
  -0.865  0.5362E+00  0.5203E+01
  -0.855  0.5282E+00  0.5208E+01
  -0.845  0.5204E+00  0.5214E+01
  -0.835  0.5127E+00  0.5219E+01
  -0.825  0.5053E+00  0.5224E+01
  -0.815  0.4980E+00  0.5229E+01
  -0.805  0.4910E+00  0.5234E+01
  -0.795  0.4842E+00  0.5239E+01
  -0.785  0.4777E+00  0.5243E+01
  -0.775  0.4713E+00  0.5248E+01
  -0.765  0.4651E+00  0.5253E+01
  -0.755  0.4591E+00  0.5257E+01
  -0.745  0.4532E+00  0.5262E+01
  -0.735  0.4475E+00  0.5266E+01
  -0.725  0.4418E+00  0.5271E+01
  -0.715  0.4364E+00  0.5275E+01
  -0.705  0.4311E+00  0.5279E+01
  -0.695  0.4261E+00  0.5284E+01
  -0.685  0.4215E+00  0.5288E+01
  -0.675  0.4174E+00  0.5292E+01
  -0.665  0.4139E+00  0.5296E+01
  -0.655  0.4113E+00  0.5300E+01
  -0.645  0.4097E+00  0.5304E+01
  -0.635  0.4092E+00  0.5308E+01
  -0.625  0.4099E+00  0.5313E+01
  -0.615  0.4118E+00  0.5317E+01
  -0.605  0.4151E+00  0.5321E+01
  -0.595  0.4195E+00  0.5325E+01
  -0.585  0.4250E+00  0.5329E+01
  -0.575  0.4314E+00  0.5334E+01
  -0.565  0.4384E+00  0.5338E+01
  -0.555  0.4458E+00  0.5342E+01
  -0.545  0.4531E+00  0.5347E+01
  -0.535  0.4601E+00  0.5352E+01
  -0.525  0.4663E+00  0.5356E+01
  -0.515  0.4714E+00  0.5361E+01
  -0.505  0.4750E+00  0.5366E+01
  -0.495  0.4770E+00  0.5370E+01
  -0.485  0.4770E+00  0.5375E+01
  -0.475  0.4751E+00  0.5380E+01
  -0.465  0.4710E+00  0.5385E+01
  -0.455  0.4649E+00  0.5389E+01
  -0.445  0.4568E+00  0.5394E+01
  -0.435  0.4469E+00  0.5398E+01
  -0.425  0.4356E+00  0.5403E+01
  -0.415  0.4230E+00  0.5407E+01
  -0.405  0.4095E+00  0.5411E+01
  -0.395  0.3954E+00  0.5415E+01
  -0.385  0.3812E+00  0.5419E+01
  -0.375  0.3672E+00  0.5422E+01
  -0.365  0.3536E+00  0.5426E+01
  -0.355  0.3408E+00  0.5429E+01
  -0.345  0.3289E+00  0.5433E+01
  -0.335  0.3183E+00  0.5436E+01
  -0.325  0.3090E+00  0.5439E+01
  -0.315  0.3011E+00  0.5442E+01
  -0.305  0.2947E+00  0.5445E+01
  -0.295  0.2896E+00  0.5448E+01
  -0.285  0.2858E+00  0.5451E+01
  -0.275  0.2831E+00  0.5454E+01
  -0.265  0.2816E+00  0.5456E+01
  -0.255  0.2808E+00  0.5459E+01
  -0.245  0.2808E+00  0.5462E+01
  -0.235  0.2812E+00  0.5465E+01
  -0.225  0.2819E+00  0.5468E+01
  -0.215  0.2826E+00  0.5470E+01
  -0.205  0.2833E+00  0.5473E+01
  -0.195  0.2837E+00  0.5476E+01
  -0.185  0.2837E+00  0.5479E+01
  -0.175  0.2832E+00  0.5482E+01
  -0.165  0.2821E+00  0.5485E+01
  -0.155  0.2804E+00  0.5487E+01
  -0.145  0.2780E+00  0.5490E+01
  -0.135  0.2750E+00  0.5493E+01
  -0.125  0.2714E+00  0.5496E+01
  -0.115  0.2673E+00  0.5498E+01
  -0.105  0.2628E+00  0.5501E+01
  -0.095  0.2581E+00  0.5504E+01
  -0.085  0.2534E+00  0.5506E+01
  -0.075  0.2488E+00  0.5509E+01
  -0.065  0.2446E+00  0.5511E+01
  -0.055  0.2411E+00  0.5513E+01
  -0.045  0.2384E+00  0.5516E+01
  -0.035  0.2368E+00  0.5518E+01
  -0.025  0.2365E+00  0.5521E+01
  -0.015  0.2377E+00  0.5523E+01
  -0.005  0.2406E+00  0.5525E+01
   0.005  0.2453E+00  0.5528E+01
   0.015  0.2518E+00  0.5530E+01
   0.025  0.2600E+00  0.5533E+01
   0.035  0.2700E+00  0.5536E+01
   0.045  0.2815E+00  0.5538E+01
   0.055  0.2943E+00  0.5541E+01
   0.065  0.3080E+00  0.5544E+01
   0.075  0.3224E+00  0.5548E+01
   0.085  0.3370E+00  0.5551E+01
   0.095  0.3514E+00  0.5555E+01
   0.105  0.3651E+00  0.5558E+01
   0.115  0.3777E+00  0.5562E+01
   0.125  0.3886E+00  0.5566E+01
   0.135  0.3977E+00  0.5570E+01
   0.145  0.4044E+00  0.5574E+01
   0.155  0.4086E+00  0.5578E+01
   0.165  0.4100E+00  0.5582E+01
   0.175  0.4086E+00  0.5586E+01
   0.185  0.4044E+00  0.5590E+01
   0.195  0.3974E+00  0.5594E+01
   0.205  0.3879E+00  0.5598E+01
   0.215  0.3761E+00  0.5602E+01
   0.225  0.3624E+00  0.5605E+01
   0.235  0.3471E+00  0.5609E+01
   0.245  0.3306E+00  0.5612E+01
   0.255  0.3135E+00  0.5615E+01
   0.265  0.2962E+00  0.5618E+01
   0.275  0.2790E+00  0.5621E+01
   0.285  0.2625E+00  0.5624E+01
   0.295  0.2469E+00  0.5626E+01
   0.305  0.2326E+00  0.5628E+01
   0.315  0.2199E+00  0.5631E+01
   0.325  0.2089E+00  0.5633E+01
   0.335  0.1997E+00  0.5635E+01
   0.345  0.1925E+00  0.5637E+01
   0.355  0.1871E+00  0.5639E+01
   0.365  0.1836E+00  0.5640E+01
   0.375  0.1818E+00  0.5642E+01
   0.385  0.1816E+00  0.5644E+01
   0.395  0.1830E+00  0.5646E+01
   0.405  0.1856E+00  0.5648E+01
   0.415  0.1893E+00  0.5650E+01
   0.425  0.1941E+00  0.5652E+01
   0.435  0.1997E+00  0.5654E+01
   0.445  0.2060E+00  0.5656E+01
   0.455  0.2130E+00  0.5658E+01
   0.465  0.2204E+00  0.5660E+01
   0.475  0.2283E+00  0.5662E+01
   0.485  0.2366E+00  0.5665E+01
   0.495  0.2452E+00  0.5667E+01
   0.505  0.2541E+00  0.5670E+01
   0.515  0.2631E+00  0.5672E+01
   0.525  0.2722E+00  0.5675E+01
   0.535  0.2814E+00  0.5678E+01
   0.545  0.2906E+00  0.5681E+01
   0.555  0.2997E+00  0.5684E+01
   0.565  0.3086E+00  0.5687E+01
   0.575  0.3172E+00  0.5690E+01
   0.585  0.3254E+00  0.5693E+01
   0.595  0.3333E+00  0.5696E+01
   0.605  0.3407E+00  0.5700E+01
   0.615  0.3475E+00  0.5703E+01
   0.625  0.3539E+00  0.5707E+01
   0.635  0.3597E+00  0.5711E+01
   0.645  0.3650E+00  0.5714E+01
   0.655  0.3699E+00  0.5718E+01
   0.665  0.3744E+00  0.5722E+01
   0.675  0.3786E+00  0.5725E+01
   0.685  0.3828E+00  0.5729E+01
   0.695  0.3869E+00  0.5733E+01
   0.705  0.3913E+00  0.5737E+01
   0.715  0.3960E+00  0.5741E+01
   0.725  0.4012E+00  0.5745E+01
   0.735  0.4072E+00  0.5749E+01
   0.745  0.4139E+00  0.5753E+01
   0.755  0.4216E+00  0.5757E+01
   0.765  0.4303E+00  0.5762E+01
   0.775  0.4399E+00  0.5766E+01
   0.785  0.4504E+00  0.5771E+01
   0.795  0.4617E+00  0.5775E+01
   0.805  0.4736E+00  0.5780E+01
   0.815  0.4859E+00  0.5785E+01
   0.825  0.4983E+00  0.5790E+01
   0.835  0.5105E+00  0.5795E+01
   0.845  0.5222E+00  0.5800E+01
   0.855  0.5329E+00  0.5805E+01
   0.865  0.5425E+00  0.5811E+01
   0.875  0.5505E+00  0.5816E+01
   0.885  0.5567E+00  0.5822E+01
   0.895  0.5610E+00  0.5828E+01
   0.905  0.5630E+00  0.5833E+01
   0.915  0.5629E+00  0.5839E+01
   0.925  0.5605E+00  0.5844E+01
   0.935  0.5560E+00  0.5850E+01
   0.945  0.5494E+00  0.5855E+01
   0.955  0.5410E+00  0.5861E+01
   0.965  0.5309E+00  0.5866E+01
   0.975  0.5196E+00  0.5871E+01
   0.985  0.5071E+00  0.5876E+01
   0.995  0.4939E+00  0.5881E+01
   1.005  0.4802E+00  0.5886E+01
   1.015  0.4664E+00  0.5891E+01
   1.025  0.4526E+00  0.5895E+01
   1.035  0.4391E+00  0.5900E+01
   1.045  0.4261E+00  0.5904E+01
   1.055  0.4139E+00  0.5908E+01
   1.065  0.4024E+00  0.5912E+01
   1.075  0.3919E+00  0.5916E+01
   1.085  0.3824E+00  0.5920E+01
   1.095  0.3740E+00  0.5924E+01
   1.105  0.3667E+00  0.5927E+01
   1.115  0.3606E+00  0.5931E+01
   1.125  0.3557E+00  0.5935E+01
   1.135  0.3519E+00  0.5938E+01
   1.145  0.3493E+00  0.5942E+01
   1.155  0.3479E+00  0.5945E+01
   1.165  0.3476E+00  0.5948E+01
   1.175  0.3485E+00  0.5952E+01
   1.185  0.3506E+00  0.5955E+01
   1.195  0.3537E+00  0.5959E+01
   1.205  0.3581E+00  0.5963E+01
   1.215  0.3636E+00  0.5966E+01
   1.225  0.3702E+00  0.5970E+01
   1.235  0.3780E+00  0.5974E+01
   1.245  0.3869E+00  0.5978E+01
   1.255  0.3970E+00  0.5982E+01
   1.265  0.4082E+00  0.5986E+01
   1.275  0.4205E+00  0.5990E+01
   1.285  0.4337E+00  0.5994E+01
   1.295  0.4479E+00  0.5999E+01
   1.305  0.4628E+00  0.6003E+01
   1.315  0.4783E+00  0.6008E+01
   1.325  0.4943E+00  0.6013E+01
   1.335  0.5105E+00  0.6018E+01
   1.345  0.5268E+00  0.6023E+01
   1.355  0.5428E+00  0.6029E+01
   1.365  0.5583E+00  0.6034E+01
   1.375  0.5732E+00  0.6040E+01
   1.385  0.5871E+00  0.6046E+01
   1.395  0.6000E+00  0.6052E+01
   1.405  0.6117E+00  0.6058E+01
   1.415  0.6221E+00  0.6064E+01
   1.425  0.6312E+00  0.6071E+01
   1.435  0.6389E+00  0.6077E+01
   1.445  0.6454E+00  0.6084E+01
   1.455  0.6506E+00  0.6090E+01
   1.465  0.6549E+00  0.6097E+01
   1.475  0.6583E+00  0.6103E+01
   1.485  0.6610E+00  0.6110E+01
   1.495  0.6632E+00  0.6116E+01
   1.505  0.6651E+00  0.6123E+01
   1.515  0.6668E+00  0.6130E+01
   1.525  0.6685E+00  0.6136E+01
   1.535  0.6703E+00  0.6143E+01
   1.545  0.6723E+00  0.6150E+01
   1.555  0.6745E+00  0.6157E+01
   1.565  0.6769E+00  0.6163E+01
   1.575  0.6796E+00  0.6170E+01
   1.585  0.6825E+00  0.6177E+01
   1.595  0.6856E+00  0.6184E+01
   1.605  0.6888E+00  0.6191E+01
   1.615  0.6922E+00  0.6198E+01
   1.625  0.6956E+00  0.6205E+01
   1.635  0.6991E+00  0.6212E+01
   1.645  0.7026E+00  0.6219E+01
   1.655  0.7061E+00  0.6226E+01
   1.665  0.7096E+00  0.6233E+01
   1.675  0.7131E+00  0.6240E+01
   1.685  0.7167E+00  0.6247E+01
   1.695  0.7204E+00  0.6254E+01
   1.705  0.7242E+00  0.6261E+01
   1.715  0.7281E+00  0.6269E+01
   1.725  0.7322E+00  0.6276E+01
   1.735  0.7365E+00  0.6283E+01
   1.745  0.7411E+00  0.6291E+01
   1.755  0.7459E+00  0.6298E+01
   1.765  0.7510E+00  0.6306E+01
   1.775  0.7564E+00  0.6313E+01
   1.785  0.7620E+00  0.6321E+01
   1.795  0.7679E+00  0.6329E+01
   1.805  0.7741E+00  0.6336E+01
   1.815  0.7804E+00  0.6344E+01
   1.825  0.7868E+00  0.6352E+01
   1.835  0.7933E+00  0.6360E+01
   1.845  0.7997E+00  0.6368E+01
   1.855  0.8061E+00  0.6376E+01
   1.865  0.8122E+00  0.6384E+01
   1.875  0.8181E+00  0.6392E+01
   1.885  0.8236E+00  0.6401E+01
   1.895  0.8288E+00  0.6409E+01
   1.905  0.8334E+00  0.6417E+01
   1.915  0.8375E+00  0.6426E+01
   1.925  0.8411E+00  0.6434E+01
   1.935  0.8440E+00  0.6442E+01
   1.945  0.8464E+00  0.6451E+01
   1.955  0.8481E+00  0.6459E+01
   1.965  0.8492E+00  0.6468E+01
   1.975  0.8498E+00  0.6476E+01
   1.985  0.8498E+00  0.6485E+01
   1.995  0.8494E+00  0.6493E+01
   2.005  0.8485E+00  0.6502E+01
   2.015  0.8472E+00  0.6510E+01
   2.025  0.8456E+00  0.6519E+01
   2.035  0.8439E+00  0.6527E+01
   2.045  0.8420E+00  0.6536E+01
   2.055  0.8402E+00  0.6544E+01
   2.065  0.8385E+00  0.6552E+01
   2.075  0.8371E+00  0.6561E+01
   2.085  0.8360E+00  0.6569E+01
   2.095  0.8353E+00  0.6578E+01
   2.105  0.8353E+00  0.6586E+01
   2.115  0.8359E+00  0.6594E+01
   2.125  0.8372E+00  0.6603E+01
   2.135  0.8394E+00  0.6611E+01
   2.145  0.8424E+00  0.6619E+01
   2.155  0.8464E+00  0.6628E+01
   2.165  0.8513E+00  0.6636E+01
   2.175  0.8572E+00  0.6645E+01
   2.185  0.8642E+00  0.6654E+01
   2.195  0.8722E+00  0.6662E+01
   2.205  0.8814E+00  0.6671E+01
   2.215  0.8916E+00  0.6680E+01
   2.225  0.9029E+00  0.6689E+01
   2.235  0.9152E+00  0.6698E+01
   2.245  0.9286E+00  0.6708E+01
   2.255  0.9429E+00  0.6717E+01
   2.265  0.9581E+00  0.6727E+01
   2.275  0.9739E+00  0.6736E+01
   2.285  0.9902E+00  0.6746E+01
   2.295  0.1007E+01  0.6756E+01
   2.305  0.1023E+01  0.6767E+01
   2.315  0.1039E+01  0.6777E+01
   2.325  0.1055E+01  0.6787E+01
   2.335  0.1070E+01  0.6798E+01
   2.345  0.1083E+01  0.6809E+01
   2.355  0.1094E+01  0.6820E+01
   2.365  0.1104E+01  0.6831E+01
   2.375  0.1111E+01  0.6842E+01
   2.385  0.1116E+01  0.6853E+01
   2.395  0.1119E+01  0.6864E+01
   2.405  0.1118E+01  0.6876E+01
   2.415  0.1115E+01  0.6887E+01
   2.425  0.1109E+01  0.6898E+01
   2.435  0.1101E+01  0.6909E+01
   2.445  0.1090E+01  0.6920E+01
   2.455  0.1077E+01  0.6931E+01
   2.465  0.1062E+01  0.6941E+01
   2.475  0.1046E+01  0.6952E+01
   2.485  0.1029E+01  0.6962E+01
   2.495  0.1012E+01  0.6972E+01
   2.505  0.9947E+00  0.6982E+01
   2.515  0.9781E+00  0.6992E+01
   2.525  0.9626E+00  0.7001E+01
   2.535  0.9489E+00  0.7011E+01
   2.545  0.9372E+00  0.7020E+01
   2.555  0.9280E+00  0.7030E+01
   2.565  0.9218E+00  0.7039E+01
   2.575  0.9188E+00  0.7048E+01
   2.585  0.9192E+00  0.7057E+01
   2.595  0.9232E+00  0.7066E+01
   2.605  0.9309E+00  0.7076E+01
   2.615  0.9422E+00  0.7085E+01
   2.625  0.9571E+00  0.7095E+01
   2.635  0.9754E+00  0.7104E+01
   2.645  0.9968E+00  0.7114E+01
   2.655  0.1021E+01  0.7125E+01
   2.665  0.1048E+01  0.7135E+01
   2.675  0.1076E+01  0.7146E+01
   2.685  0.1107E+01  0.7157E+01
   2.695  0.1138E+01  0.7168E+01
   2.705  0.1170E+01  0.7180E+01
   2.715  0.1201E+01  0.7192E+01
   2.725  0.1232E+01  0.7204E+01
   2.735  0.1262E+01  0.7217E+01
   2.745  0.1290E+01  0.7230E+01
   2.755  0.1316E+01  0.7243E+01
   2.765  0.1339E+01  0.7256E+01
   2.775  0.1359E+01  0.7270E+01
   2.785  0.1376E+01  0.7284E+01
   2.795  0.1389E+01  0.7298E+01
   2.805  0.1399E+01  0.7312E+01
   2.815  0.1405E+01  0.7326E+01
   2.825  0.1407E+01  0.7340E+01
   2.835  0.1405E+01  0.7354E+01
   2.845  0.1400E+01  0.7368E+01
   2.855  0.1393E+01  0.7382E+01
   2.865  0.1383E+01  0.7396E+01
   2.875  0.1370E+01  0.7409E+01
   2.885  0.1356E+01  0.7423E+01
   2.895  0.1341E+01  0.7436E+01
   2.905  0.1326E+01  0.7449E+01
   2.915  0.1310E+01  0.7463E+01
   2.925  0.1295E+01  0.7476E+01
   2.935  0.1281E+01  0.7488E+01
   2.945  0.1268E+01  0.7501E+01
   2.955  0.1257E+01  0.7514E+01
   2.965  0.1248E+01  0.7526E+01
   2.975  0.1240E+01  0.7538E+01
   2.985  0.1235E+01  0.7551E+01
   2.995  0.1232E+01  0.7563E+01
   3.005  0.1231E+01  0.7575E+01
   3.015  0.1232E+01  0.7588E+01
   3.025  0.1235E+01  0.7600E+01
   3.035  0.1240E+01  0.7613E+01
   3.045  0.1246E+01  0.7625E+01
   3.055  0.1254E+01  0.7638E+01
   3.065  0.1262E+01  0.7650E+01
   3.075  0.1270E+01  0.7663E+01
   3.085  0.1279E+01  0.7676E+01
   3.095  0.1287E+01  0.7689E+01
   3.105  0.1296E+01  0.7701E+01
   3.115  0.1303E+01  0.7715E+01
   3.125  0.1310E+01  0.7728E+01
   3.135  0.1315E+01  0.7741E+01
   3.145  0.1320E+01  0.7754E+01
   3.155  0.1323E+01  0.7767E+01
   3.165  0.1325E+01  0.7780E+01
   3.175  0.1325E+01  0.7794E+01
   3.185  0.1324E+01  0.7807E+01
   3.195  0.1322E+01  0.7820E+01
   3.205  0.1319E+01  0.7833E+01
   3.215  0.1315E+01  0.7847E+01
   3.225  0.1310E+01  0.7860E+01
   3.235  0.1305E+01  0.7873E+01
   3.245  0.1299E+01  0.7886E+01
   3.255  0.1292E+01  0.7899E+01
   3.265  0.1285E+01  0.7911E+01
   3.275  0.1278E+01  0.7924E+01
   3.285  0.1271E+01  0.7937E+01
   3.295  0.1263E+01  0.7950E+01
   3.305  0.1256E+01  0.7962E+01
   3.315  0.1250E+01  0.7975E+01
   3.325  0.1243E+01  0.7987E+01
   3.335  0.1237E+01  0.7999E+01
   3.345  0.1232E+01  0.8012E+01
   3.355  0.1227E+01  0.8024E+01
   3.365  0.1224E+01  0.8036E+01
   3.375  0.1221E+01  0.8048E+01
   3.385  0.1218E+01  0.8061E+01
   3.395  0.1217E+01  0.8073E+01
   3.405  0.1216E+01  0.8085E+01
   3.415  0.1216E+01  0.8097E+01
   3.425  0.1217E+01  0.8109E+01
   3.435  0.1219E+01  0.8121E+01
   3.445  0.1221E+01  0.8134E+01
   3.455  0.1223E+01  0.8146E+01
   3.465  0.1226E+01  0.8158E+01
   3.475  0.1229E+01  0.8170E+01
   3.485  0.1233E+01  0.8183E+01
   3.495  0.1238E+01  0.8195E+01
   3.505  0.1243E+01  0.8208E+01
   3.515  0.1249E+01  0.8220E+01
   3.525  0.1256E+01  0.8233E+01
   3.535  0.1264E+01  0.8245E+01
   3.545  0.1273E+01  0.8258E+01
   3.555  0.1284E+01  0.8271E+01
   3.565  0.1296E+01  0.8284E+01
   3.575  0.1309E+01  0.8297E+01
   3.585  0.1323E+01  0.8310E+01
   3.595  0.1337E+01  0.8324E+01
   3.605  0.1352E+01  0.8337E+01
   3.615  0.1367E+01  0.8351E+01
   3.625  0.1382E+01  0.8365E+01
   3.635  0.1395E+01  0.8378E+01
   3.645  0.1407E+01  0.8393E+01
   3.655  0.1416E+01  0.8407E+01
   3.665  0.1424E+01  0.8421E+01
   3.675  0.1429E+01  0.8435E+01
   3.685  0.1430E+01  0.8450E+01
   3.695  0.1429E+01  0.8464E+01
   3.705  0.1425E+01  0.8478E+01
   3.715  0.1418E+01  0.8492E+01
   3.725  0.1408E+01  0.8506E+01
   3.735  0.1396E+01  0.8520E+01
   3.745  0.1383E+01  0.8534E+01
   3.755  0.1368E+01  0.8548E+01
   3.765  0.1351E+01  0.8561E+01
   3.775  0.1335E+01  0.8575E+01
   3.785  0.1318E+01  0.8588E+01
   3.795  0.1301E+01  0.8601E+01
   3.805  0.1286E+01  0.8614E+01
   3.815  0.1271E+01  0.8626E+01
   3.825  0.1257E+01  0.8639E+01
   3.835  0.1245E+01  0.8651E+01
   3.845  0.1234E+01  0.8664E+01
   3.855  0.1225E+01  0.8676E+01
   3.865  0.1217E+01  0.8688E+01
   3.875  0.1211E+01  0.8700E+01
   3.885  0.1208E+01  0.8712E+01
   3.895  0.1206E+01  0.8724E+01
   3.905  0.1206E+01  0.8736E+01
   3.915  0.1209E+01  0.8749E+01
   3.925  0.1214E+01  0.8761E+01
   3.935  0.1221E+01  0.8773E+01
   3.945  0.1231E+01  0.8785E+01
   3.955  0.1244E+01  0.8798E+01
   3.965  0.1260E+01  0.8810E+01
   3.975  0.1278E+01  0.8823E+01
   3.985  0.1299E+01  0.8836E+01
   3.995  0.1322E+01  0.8849E+01
   4.005  0.1348E+01  0.8863E+01
   4.015  0.1376E+01  0.8877E+01
   4.025  0.1405E+01  0.8891E+01
   4.035  0.1435E+01  0.8905E+01
   4.045  0.1465E+01  0.8920E+01
   4.055  0.1495E+01  0.8935E+01
   4.065  0.1524E+01  0.8950E+01
   4.075  0.1551E+01  0.8965E+01
   4.085  0.1575E+01  0.8981E+01
   4.095  0.1596E+01  0.8997E+01
   4.105  0.1614E+01  0.9013E+01
   4.115  0.1627E+01  0.9029E+01
   4.125  0.1636E+01  0.9046E+01
   4.135  0.1641E+01  0.9062E+01
   4.145  0.1640E+01  0.9079E+01
   4.155  0.1635E+01  0.9095E+01
   4.165  0.1626E+01  0.9111E+01
   4.175  0.1614E+01  0.9127E+01
   4.185  0.1598E+01  0.9143E+01
   4.195  0.1579E+01  0.9159E+01
   4.205  0.1558E+01  0.9175E+01
   4.215  0.1537E+01  0.9190E+01
   4.225  0.1515E+01  0.9205E+01
   4.235  0.1493E+01  0.9220E+01
   4.245  0.1472E+01  0.9235E+01
   4.255  0.1453E+01  0.9249E+01
   4.265  0.1436E+01  0.9264E+01
   4.275  0.1422E+01  0.9278E+01
   4.285  0.1411E+01  0.9292E+01
   4.295  0.1404E+01  0.9306E+01
   4.305  0.1400E+01  0.9320E+01
   4.315  0.1400E+01  0.9334E+01
   4.325  0.1404E+01  0.9348E+01
   4.335  0.1412E+01  0.9362E+01
   4.345  0.1423E+01  0.9376E+01
   4.355  0.1438E+01  0.9391E+01
   4.365  0.1456E+01  0.9405E+01
   4.375  0.1477E+01  0.9420E+01
   4.385  0.1501E+01  0.9435E+01
   4.395  0.1528E+01  0.9450E+01
   4.405  0.1556E+01  0.9466E+01
   4.415  0.1585E+01  0.9482E+01
   4.425  0.1616E+01  0.9498E+01
   4.435  0.1646E+01  0.9515E+01
   4.445  0.1677E+01  0.9531E+01
   4.455  0.1708E+01  0.9548E+01
   4.465  0.1737E+01  0.9566E+01
   4.475  0.1765E+01  0.9583E+01
   4.485  0.1792E+01  0.9601E+01
   4.495  0.1816E+01  0.9619E+01
   4.505  0.1838E+01  0.9638E+01
   4.515  0.1858E+01  0.9656E+01
   4.525  0.1874E+01  0.9675E+01
   4.535  0.1887E+01  0.9694E+01
   4.545  0.1898E+01  0.9713E+01
   4.555  0.1905E+01  0.9732E+01
   4.565  0.1909E+01  0.9751E+01
   4.575  0.1910E+01  0.9770E+01
   4.585  0.1909E+01  0.9789E+01
   4.595  0.1905E+01  0.9808E+01
   4.605  0.1898E+01  0.9827E+01
   4.615  0.1890E+01  0.9846E+01
   4.625  0.1880E+01  0.9865E+01
   4.635  0.1868E+01  0.9884E+01
   4.645  0.1856E+01  0.9902E+01
   4.655  0.1843E+01  0.9921E+01
   4.665  0.1829E+01  0.9939E+01
   4.675  0.1816E+01  0.9957E+01
   4.685  0.1802E+01  0.9975E+01
   4.695  0.1787E+01  0.9993E+01
   4.705  0.1773E+01  0.1001E+02
   4.715  0.1759E+01  0.1003E+02
   4.725  0.1745E+01  0.1005E+02
   4.735  0.1731E+01  0.1006E+02
   4.745  0.1717E+01  0.1008E+02
   4.755  0.1703E+01  0.1010E+02
   4.765  0.1689E+01  0.1011E+02
   4.775  0.1675E+01  0.1013E+02
   4.785  0.1662E+01  0.1015E+02
   4.795  0.1649E+01  0.1016E+02
   4.805  0.1637E+01  0.1018E+02
   4.815  0.1627E+01  0.1020E+02
   4.825  0.1619E+01  0.1021E+02
   4.835  0.1613E+01  0.1023E+02
   4.845  0.1611E+01  0.1025E+02
   4.855  0.1612E+01  0.1026E+02
   4.865  0.1617E+01  0.1028E+02
   4.875  0.1626E+01  0.1029E+02
   4.885  0.1640E+01  0.1031E+02
   4.895  0.1660E+01  0.1033E+02
   4.905  0.1684E+01  0.1034E+02
   4.915  0.1713E+01  0.1036E+02
   4.925  0.1748E+01  0.1038E+02
   4.935  0.1786E+01  0.1040E+02
   4.945  0.1829E+01  0.1041E+02
   4.955  0.1875E+01  0.1043E+02
   4.965  0.1923E+01  0.1045E+02
   4.975  0.1972E+01  0.1047E+02
   4.985  0.2023E+01  0.1049E+02
   4.995  0.2073E+01  0.1051E+02
   5.005  0.2122E+01  0.1053E+02
   5.015  0.2168E+01  0.1056E+02
   5.025  0.2212E+01  0.1058E+02
   5.035  0.2252E+01  0.1060E+02
   5.045  0.2288E+01  0.1062E+02
   5.055  0.2318E+01  0.1065E+02
   5.065  0.2344E+01  0.1067E+02
   5.075  0.2364E+01  0.1069E+02
   5.085  0.2378E+01  0.1072E+02
   5.095  0.2388E+01  0.1074E+02
   5.105  0.2392E+01  0.1077E+02
   5.115  0.2391E+01  0.1079E+02
   5.125  0.2386E+01  0.1081E+02
   5.135  0.2378E+01  0.1084E+02
   5.145  0.2366E+01  0.1086E+02
   5.155  0.2353E+01  0.1088E+02
   5.165  0.2338E+01  0.1091E+02
   5.175  0.2323E+01  0.1093E+02
   5.185  0.2307E+01  0.1095E+02
   5.195  0.2293E+01  0.1098E+02
   5.205  0.2280E+01  0.1100E+02
   5.215  0.2269E+01  0.1102E+02
   5.225  0.2261E+01  0.1104E+02
   5.235  0.2256E+01  0.1107E+02
   5.245  0.2254E+01  0.1109E+02
   5.255  0.2254E+01  0.1111E+02
   5.265  0.2258E+01  0.1113E+02
   5.275  0.2265E+01  0.1116E+02
   5.285  0.2274E+01  0.1118E+02
   5.295  0.2285E+01  0.1120E+02
   5.305  0.2298E+01  0.1123E+02
   5.315  0.2311E+01  0.1125E+02
   5.325  0.2324E+01  0.1127E+02
   5.335  0.2337E+01  0.1130E+02
   5.345  0.2349E+01  0.1132E+02
   5.355  0.2358E+01  0.1134E+02
   5.365  0.2364E+01  0.1137E+02
   5.375  0.2367E+01  0.1139E+02
   5.385  0.2366E+01  0.1141E+02
   5.395  0.2360E+01  0.1144E+02
   5.405  0.2351E+01  0.1146E+02
   5.415  0.2337E+01  0.1148E+02
   5.425  0.2319E+01  0.1151E+02
   5.435  0.2299E+01  0.1153E+02
   5.445  0.2275E+01  0.1155E+02
   5.455  0.2250E+01  0.1158E+02
   5.465  0.2224E+01  0.1160E+02
   5.475  0.2198E+01  0.1162E+02
   5.485  0.2173E+01  0.1164E+02
   5.495  0.2151E+01  0.1166E+02
   5.505  0.2132E+01  0.1168E+02
   5.515  0.2117E+01  0.1171E+02
   5.525  0.2107E+01  0.1173E+02
   5.535  0.2102E+01  0.1175E+02
   5.545  0.2102E+01  0.1177E+02
   5.555  0.2107E+01  0.1179E+02
   5.565  0.2117E+01  0.1181E+02
   5.575  0.2131E+01  0.1183E+02
   5.585  0.2148E+01  0.1185E+02
   5.595  0.2167E+01  0.1188E+02
   5.605  0.2188E+01  0.1190E+02
   5.615  0.2210E+01  0.1192E+02
   5.625  0.2231E+01  0.1194E+02
   5.635  0.2250E+01  0.1196E+02
   5.645  0.2267E+01  0.1199E+02
   5.655  0.2281E+01  0.1201E+02
   5.665  0.2293E+01  0.1203E+02
   5.675  0.2301E+01  0.1206E+02
   5.685  0.2305E+01  0.1208E+02
   5.695  0.2308E+01  0.1210E+02
   5.705  0.2308E+01  0.1212E+02
   5.715  0.2307E+01  0.1215E+02
   5.725  0.2305E+01  0.1217E+02
   5.735  0.2305E+01  0.1219E+02
   5.745  0.2307E+01  0.1222E+02
   5.755  0.2312E+01  0.1224E+02
   5.765  0.2321E+01  0.1226E+02
   5.775  0.2336E+01  0.1229E+02
   5.785  0.2356E+01  0.1231E+02
   5.795  0.2382E+01  0.1233E+02
   5.805  0.2416E+01  0.1236E+02
   5.815  0.2455E+01  0.1238E+02
   5.825  0.2501E+01  0.1241E+02
   5.835  0.2552E+01  0.1243E+02
   5.845  0.2608E+01  0.1246E+02
   5.855  0.2668E+01  0.1249E+02
   5.865  0.2729E+01  0.1251E+02
   5.875  0.2790E+01  0.1254E+02
   5.885  0.2851E+01  0.1257E+02
   5.895  0.2909E+01  0.1260E+02
   5.905  0.2963E+01  0.1263E+02
   5.915  0.3010E+01  0.1266E+02
   5.925  0.3051E+01  0.1269E+02
   5.935  0.3084E+01  0.1272E+02
   5.945  0.3107E+01  0.1275E+02
   5.955  0.3121E+01  0.1278E+02
   5.965  0.3125E+01  0.1281E+02
   5.975  0.3118E+01  0.1284E+02
   5.985  0.3101E+01  0.1288E+02
   5.995  0.3075E+01  0.1291E+02
   6.005  0.3039E+01  0.1294E+02
   6.015  0.2996E+01  0.1297E+02
   6.025  0.2946E+01  0.1300E+02
   6.035  0.2890E+01  0.1303E+02
   6.045  0.2829E+01  0.1305E+02
   6.055  0.2765E+01  0.1308E+02
   6.065  0.2699E+01  0.1311E+02
   6.075  0.2632E+01  0.1313E+02
   6.085  0.2565E+01  0.1316E+02
   6.095  0.2499E+01  0.1319E+02
   6.105  0.2435E+01  0.1321E+02
   6.115  0.2373E+01  0.1323E+02
   6.125  0.2314E+01  0.1326E+02
   6.135  0.2257E+01  0.1328E+02
   6.145  0.2203E+01  0.1330E+02
   6.155  0.2153E+01  0.1332E+02
   6.165  0.2104E+01  0.1334E+02
   6.175  0.2058E+01  0.1336E+02
   6.185  0.2015E+01  0.1338E+02
   6.195  0.1973E+01  0.1340E+02
   6.205  0.1933E+01  0.1342E+02
   6.215  0.1894E+01  0.1344E+02
   6.225  0.1857E+01  0.1346E+02
   6.235  0.1822E+01  0.1348E+02
   6.245  0.1789E+01  0.1350E+02
   6.255  0.1758E+01  0.1351E+02
   6.265  0.1729E+01  0.1353E+02
   6.275  0.1704E+01  0.1355E+02
   6.285  0.1681E+01  0.1357E+02
   6.295  0.1661E+01  0.1358E+02
   6.305  0.1645E+01  0.1360E+02
   6.315  0.1633E+01  0.1362E+02
   6.325  0.1624E+01  0.1363E+02
   6.335  0.1618E+01  0.1365E+02
   6.345  0.1616E+01  0.1366E+02
   6.355  0.1615E+01  0.1368E+02
   6.365  0.1618E+01  0.1370E+02
   6.375  0.1621E+01  0.1371E+02
   6.385  0.1626E+01  0.1373E+02
   6.395  0.1631E+01  0.1374E+02
   6.405  0.1636E+01  0.1376E+02
   6.415  0.1640E+01  0.1378E+02
   6.425  0.1645E+01  0.1379E+02
   6.435  0.1648E+01  0.1381E+02
   6.445  0.1651E+01  0.1383E+02
   6.455  0.1654E+01  0.1384E+02
   6.465  0.1657E+01  0.1386E+02
   6.475  0.1660E+01  0.1388E+02
   6.485  0.1665E+01  0.1389E+02
   6.495  0.1672E+01  0.1391E+02
   6.505  0.1681E+01  0.1393E+02
   6.515  0.1693E+01  0.1394E+02
   6.525  0.1708E+01  0.1396E+02
   6.535  0.1727E+01  0.1398E+02
   6.545  0.1750E+01  0.1400E+02
   6.555  0.1776E+01  0.1401E+02
   6.565  0.1806E+01  0.1403E+02
   6.575  0.1838E+01  0.1405E+02
   6.585  0.1872E+01  0.1407E+02
   6.595  0.1906E+01  0.1409E+02
   6.605  0.1941E+01  0.1411E+02
   6.615  0.1974E+01  0.1413E+02
   6.625  0.2005E+01  0.1415E+02
   6.635  0.2033E+01  0.1417E+02
   6.645  0.2056E+01  0.1419E+02
   6.655  0.2075E+01  0.1421E+02
   6.665  0.2088E+01  0.1423E+02
   6.675  0.2095E+01  0.1425E+02
   6.685  0.2095E+01  0.1427E+02
   6.695  0.2090E+01  0.1429E+02
   6.705  0.2078E+01  0.1431E+02
   6.715  0.2060E+01  0.1433E+02
   6.725  0.2037E+01  0.1435E+02
   6.735  0.2009E+01  0.1437E+02
   6.745  0.1977E+01  0.1439E+02
   6.755  0.1941E+01  0.1441E+02
   6.765  0.1903E+01  0.1443E+02
   6.775  0.1862E+01  0.1445E+02
   6.785  0.1821E+01  0.1447E+02
   6.795  0.1779E+01  0.1449E+02
   6.805  0.1738E+01  0.1450E+02
   6.815  0.1697E+01  0.1452E+02
   6.825  0.1658E+01  0.1454E+02
   6.835  0.1621E+01  0.1455E+02
   6.845  0.1587E+01  0.1457E+02
   6.855  0.1556E+01  0.1459E+02
   6.865  0.1528E+01  0.1460E+02
   6.875  0.1504E+01  0.1462E+02
   6.885  0.1484E+01  0.1463E+02
   6.895  0.1468E+01  0.1465E+02
   6.905  0.1456E+01  0.1466E+02
   6.915  0.1449E+01  0.1467E+02
   6.925  0.1444E+01  0.1469E+02
   6.935  0.1444E+01  0.1470E+02
   6.945  0.1447E+01  0.1472E+02
   6.955  0.1453E+01  0.1473E+02
   6.965  0.1463E+01  0.1475E+02
   6.975  0.1474E+01  0.1476E+02
   6.985  0.1488E+01  0.1478E+02
   6.995  0.1503E+01  0.1479E+02
   7.005  0.1519E+01  0.1481E+02
   7.015  0.1537E+01  0.1482E+02
   7.025  0.1555E+01  0.1484E+02
   7.035  0.1574E+01  0.1485E+02
   7.045  0.1592E+01  0.1487E+02
   7.055  0.1610E+01  0.1489E+02
   7.065  0.1627E+01  0.1490E+02
   7.075  0.1642E+01  0.1492E+02
   7.085  0.1656E+01  0.1493E+02
   7.095  0.1668E+01  0.1495E+02
   7.105  0.1678E+01  0.1497E+02
   7.115  0.1684E+01  0.1498E+02
   7.125  0.1688E+01  0.1500E+02
   7.135  0.1688E+01  0.1502E+02
   7.145  0.1685E+01  0.1504E+02
   7.155  0.1679E+01  0.1505E+02
   7.165  0.1669E+01  0.1507E+02
   7.175  0.1656E+01  0.1509E+02
   7.185  0.1640E+01  0.1510E+02
   7.195  0.1622E+01  0.1512E+02
   7.205  0.1602E+01  0.1513E+02
   7.215  0.1581E+01  0.1515E+02
   7.225  0.1560E+01  0.1517E+02
   7.235  0.1538E+01  0.1518E+02
   7.245  0.1518E+01  0.1520E+02
   7.255  0.1499E+01  0.1521E+02
   7.265  0.1482E+01  0.1523E+02
   7.275  0.1467E+01  0.1524E+02
   7.285  0.1456E+01  0.1526E+02
   7.295  0.1448E+01  0.1527E+02
   7.305  0.1444E+01  0.1528E+02
   7.315  0.1443E+01  0.1530E+02
   7.325  0.1446E+01  0.1531E+02
   7.335  0.1452E+01  0.1533E+02
   7.345  0.1463E+01  0.1534E+02
   7.355  0.1476E+01  0.1536E+02
   7.365  0.1493E+01  0.1537E+02
   7.375  0.1512E+01  0.1539E+02
   7.385  0.1534E+01  0.1540E+02
   7.395  0.1559E+01  0.1542E+02
   7.405  0.1585E+01  0.1543E+02
