#  E (eV)   dos(E)     Int dos(E) EFermi =  -23.826 eV
 -33.826  0.4732E+00  0.4732E-02
 -33.816  0.4663E+00  0.9395E-02
 -33.806  0.4573E+00  0.1397E-01
 -33.796  0.4466E+00  0.1843E-01
 -33.786  0.4346E+00  0.2278E-01
 -33.776  0.4214E+00  0.2699E-01
 -33.766  0.4074E+00  0.3107E-01
 -33.756  0.3929E+00  0.3500E-01
 -33.746  0.3782E+00  0.3878E-01
 -33.736  0.3635E+00  0.4241E-01
 -33.726  0.3491E+00  0.4590E-01
 -33.716  0.3352E+00  0.4926E-01
 -33.706  0.3220E+00  0.5248E-01
 -33.696  0.3095E+00  0.5557E-01
 -33.686  0.2979E+00  0.5855E-01
 -33.676  0.2873E+00  0.6142E-01
 -33.666  0.2778E+00  0.6420E-01
 -33.656  0.2695E+00  0.6690E-01
 -33.646  0.2625E+00  0.6952E-01
 -33.636  0.2568E+00  0.7209E-01
 -33.626  0.2526E+00  0.7462E-01
 -33.616  0.2499E+00  0.7711E-01
 -33.606  0.2488E+00  0.7960E-01
 -33.596  0.2495E+00  0.8210E-01
 -33.586  0.2519E+00  0.8462E-01
 -33.576  0.2561E+00  0.8718E-01
 -33.566  0.2622E+00  0.8980E-01
 -33.556  0.2701E+00  0.9250E-01
 -33.546  0.2797E+00  0.9530E-01
 -33.536  0.2909E+00  0.9821E-01
 -33.526  0.3036E+00  0.1012E+00
 -33.516  0.3176E+00  0.1044E+00
 -33.506  0.3326E+00  0.1077E+00
 -33.496  0.3484E+00  0.1112E+00
 -33.486  0.3646E+00  0.1149E+00
 -33.476  0.3810E+00  0.1187E+00
 -33.466  0.3972E+00  0.1227E+00
 -33.456  0.4129E+00  0.1268E+00
 -33.446  0.4277E+00  0.1311E+00
 -33.436  0.4413E+00  0.1355E+00
 -33.426  0.4536E+00  0.1400E+00
 -33.416  0.4642E+00  0.1447E+00
 -33.406  0.4729E+00  0.1494E+00
 -33.396  0.4797E+00  0.1542E+00
 -33.386  0.4844E+00  0.1590E+00
 -33.376  0.4869E+00  0.1639E+00
 -33.366  0.4872E+00  0.1688E+00
 -33.356  0.4854E+00  0.1736E+00
 -33.346  0.4815E+00  0.1784E+00
 -33.336  0.4756E+00  0.1832E+00
 -33.326  0.4679E+00  0.1879E+00
 -33.316  0.4586E+00  0.1925E+00
 -33.306  0.4478E+00  0.1969E+00
 -33.296  0.4357E+00  0.2013E+00
 -33.286  0.4228E+00  0.2055E+00
 -33.276  0.4092E+00  0.2096E+00
 -33.266  0.3952E+00  0.2136E+00
 -33.256  0.3813E+00  0.2174E+00
 -33.246  0.3677E+00  0.2211E+00
 -33.236  0.3549E+00  0.2246E+00
 -33.226  0.3431E+00  0.2280E+00
 -33.216  0.3327E+00  0.2314E+00
 -33.206  0.3241E+00  0.2346E+00
 -33.196  0.3175E+00  0.2378E+00
 -33.186  0.3131E+00  0.2409E+00
 -33.176  0.3111E+00  0.2440E+00
 -33.166  0.3115E+00  0.2471E+00
 -33.156  0.3145E+00  0.2503E+00
 -33.146  0.3198E+00  0.2535E+00
 -33.136  0.3273E+00  0.2567E+00
 -33.126  0.3367E+00  0.2601E+00
 -33.116  0.3477E+00  0.2636E+00
 -33.106  0.3597E+00  0.2672E+00
 -33.096  0.3723E+00  0.2709E+00
 -33.086  0.3850E+00  0.2748E+00
 -33.076  0.3972E+00  0.2787E+00
 -33.066  0.4084E+00  0.2828E+00
 -33.056  0.4181E+00  0.2870E+00
 -33.046  0.4257E+00  0.2913E+00
 -33.036  0.4311E+00  0.2956E+00
 -33.026  0.4339E+00  0.2999E+00
 -33.016  0.4339E+00  0.3042E+00
 -33.006  0.4311E+00  0.3086E+00
 -32.996  0.4256E+00  0.3128E+00
 -32.986  0.4176E+00  0.3170E+00
 -32.976  0.4075E+00  0.3211E+00
 -32.966  0.3955E+00  0.3250E+00
 -32.956  0.3822E+00  0.3288E+00
 -32.946  0.3682E+00  0.3325E+00
 -32.936  0.3539E+00  0.3361E+00
 -32.926  0.3399E+00  0.3395E+00
 -32.916  0.3267E+00  0.3427E+00
 -32.906  0.3148E+00  0.3459E+00
 -32.896  0.3046E+00  0.3489E+00
 -32.886  0.2965E+00  0.3519E+00
 -32.876  0.2906E+00  0.3548E+00
 -32.866  0.2872E+00  0.3577E+00
 -32.856  0.2864E+00  0.3605E+00
 -32.846  0.2880E+00  0.3634E+00
 -32.836  0.2920E+00  0.3663E+00
 -32.826  0.2982E+00  0.3693E+00
 -32.816  0.3065E+00  0.3724E+00
 -32.806  0.3166E+00  0.3755E+00
 -32.796  0.3282E+00  0.3788E+00
 -32.786  0.3410E+00  0.3822E+00
 -32.776  0.3549E+00  0.3858E+00
 -32.766  0.3695E+00  0.3895E+00
 -32.756  0.3846E+00  0.3933E+00
 -32.746  0.4000E+00  0.3973E+00
 -32.736  0.4155E+00  0.4015E+00
 -32.726  0.4309E+00  0.4058E+00
 -32.716  0.4459E+00  0.4102E+00
 -32.706  0.4605E+00  0.4149E+00
 -32.696  0.4743E+00  0.4196E+00
 -32.686  0.4873E+00  0.4245E+00
 -32.676  0.4991E+00  0.4295E+00
 -32.666  0.5095E+00  0.4346E+00
 -32.656  0.5183E+00  0.4397E+00
 -32.646  0.5253E+00  0.4450E+00
 -32.636  0.5303E+00  0.4503E+00
 -32.626  0.5329E+00  0.4556E+00
 -32.616  0.5332E+00  0.4610E+00
 -32.606  0.5309E+00  0.4663E+00
 -32.596  0.5261E+00  0.4715E+00
 -32.586  0.5187E+00  0.4767E+00
 -32.576  0.5090E+00  0.4818E+00
 -32.566  0.4970E+00  0.4868E+00
 -32.556  0.4830E+00  0.4916E+00
 -32.546  0.4674E+00  0.4963E+00
 -32.536  0.4506E+00  0.5008E+00
 -32.526  0.4329E+00  0.5051E+00
 -32.516  0.4147E+00  0.5093E+00
 -32.506  0.3966E+00  0.5132E+00
 -32.496  0.3790E+00  0.5170E+00
 -32.486  0.3621E+00  0.5206E+00
 -32.476  0.3463E+00  0.5241E+00
 -32.466  0.3319E+00  0.5274E+00
 -32.456  0.3190E+00  0.5306E+00
 -32.446  0.3079E+00  0.5337E+00
 -32.436  0.2985E+00  0.5367E+00
 -32.426  0.2910E+00  0.5396E+00
 -32.416  0.2852E+00  0.5424E+00
 -32.406  0.2812E+00  0.5452E+00
 -32.396  0.2788E+00  0.5480E+00
 -32.386  0.2781E+00  0.5508E+00
 -32.376  0.2790E+00  0.5536E+00
 -32.366  0.2814E+00  0.5564E+00
 -32.356  0.2853E+00  0.5593E+00
 -32.346  0.2907E+00  0.5622E+00
 -32.336  0.2975E+00  0.5652E+00
 -32.326  0.3058E+00  0.5682E+00
 -32.316  0.3156E+00  0.5714E+00
 -32.306  0.3269E+00  0.5746E+00
 -32.296  0.3395E+00  0.5780E+00
 -32.286  0.3535E+00  0.5816E+00
 -32.276  0.3688E+00  0.5853E+00
 -32.266  0.3851E+00  0.5891E+00
 -32.256  0.4023E+00  0.5931E+00
 -32.246  0.4200E+00  0.5973E+00
 -32.236  0.4381E+00  0.6017E+00
 -32.226  0.4560E+00  0.6063E+00
 -32.216  0.4735E+00  0.6110E+00
 -32.206  0.4901E+00  0.6159E+00
 -32.196  0.5054E+00  0.6210E+00
 -32.186  0.5191E+00  0.6261E+00
 -32.176  0.5306E+00  0.6315E+00
 -32.166  0.5397E+00  0.6369E+00
 -32.156  0.5461E+00  0.6423E+00
 -32.146  0.5497E+00  0.6478E+00
 -32.136  0.5503E+00  0.6533E+00
 -32.126  0.5479E+00  0.6588E+00
 -32.116  0.5425E+00  0.6642E+00
 -32.106  0.5344E+00  0.6696E+00
 -32.096  0.5237E+00  0.6748E+00
 -32.086  0.5107E+00  0.6799E+00
 -32.076  0.4959E+00  0.6849E+00
 -32.066  0.4796E+00  0.6897E+00
 -32.056  0.4623E+00  0.6943E+00
 -32.046  0.4445E+00  0.6987E+00
 -32.036  0.4266E+00  0.7030E+00
 -32.026  0.4090E+00  0.7071E+00
 -32.016  0.3922E+00  0.7110E+00
 -32.006  0.3766E+00  0.7148E+00
 -31.996  0.3626E+00  0.7184E+00
 -31.986  0.3503E+00  0.7219E+00
 -31.976  0.3402E+00  0.7253E+00
 -31.966  0.3324E+00  0.7286E+00
 -31.956  0.3271E+00  0.7319E+00
 -31.946  0.3243E+00  0.7351E+00
 -31.936  0.3242E+00  0.7384E+00
 -31.926  0.3267E+00  0.7417E+00
 -31.916  0.3318E+00  0.7450E+00
 -31.906  0.3394E+00  0.7484E+00
 -31.896  0.3493E+00  0.7519E+00
 -31.886  0.3612E+00  0.7555E+00
 -31.876  0.3750E+00  0.7592E+00
 -31.866  0.3902E+00  0.7631E+00
 -31.856  0.4066E+00  0.7672E+00
 -31.846  0.4235E+00  0.7714E+00
 -31.836  0.4407E+00  0.7758E+00
 -31.826  0.4575E+00  0.7804E+00
 -31.816  0.4736E+00  0.7851E+00
 -31.806  0.4883E+00  0.7900E+00
 -31.796  0.5013E+00  0.7950E+00
 -31.786  0.5122E+00  0.8002E+00
 -31.776  0.5205E+00  0.8054E+00
 -31.766  0.5261E+00  0.8106E+00
 -31.756  0.5289E+00  0.8159E+00
 -31.746  0.5287E+00  0.8212E+00
 -31.736  0.5256E+00  0.8265E+00
 -31.726  0.5200E+00  0.8317E+00
 -31.716  0.5121E+00  0.8368E+00
 -31.706  0.5023E+00  0.8418E+00
 -31.696  0.4911E+00  0.8467E+00
 -31.686  0.4791E+00  0.8515E+00
 -31.676  0.4669E+00  0.8562E+00
 -31.666  0.4552E+00  0.8607E+00
 -31.656  0.4444E+00  0.8652E+00
 -31.646  0.4352E+00  0.8695E+00
 -31.636  0.4281E+00  0.8738E+00
 -31.626  0.4233E+00  0.8780E+00
 -31.616  0.4214E+00  0.8822E+00
 -31.606  0.4223E+00  0.8865E+00
 -31.596  0.4262E+00  0.8907E+00
 -31.586  0.4330E+00  0.8951E+00
 -31.576  0.4426E+00  0.8995E+00
 -31.566  0.4547E+00  0.9040E+00
 -31.556  0.4690E+00  0.9087E+00
 -31.546  0.4852E+00  0.9136E+00
 -31.536  0.5027E+00  0.9186E+00
 -31.526  0.5212E+00  0.9238E+00
 -31.516  0.5403E+00  0.9292E+00
 -31.506  0.5595E+00  0.9348E+00
 -31.496  0.5786E+00  0.9406E+00
 -31.486  0.5973E+00  0.9466E+00
 -31.476  0.6153E+00  0.9527E+00
 -31.466  0.6326E+00  0.9591E+00
 -31.456  0.6489E+00  0.9655E+00
 -31.446  0.6643E+00  0.9722E+00
 -31.436  0.6787E+00  0.9790E+00
 -31.426  0.6922E+00  0.9859E+00
 -31.416  0.7048E+00  0.9929E+00
 -31.406  0.7165E+00  0.1000E+01
 -31.396  0.7273E+00  0.1007E+01
 -31.386  0.7372E+00  0.1015E+01
 -31.376  0.7461E+00  0.1022E+01
 -31.366  0.7540E+00  0.1030E+01
 -31.356  0.7608E+00  0.1037E+01
 -31.346  0.7663E+00  0.1045E+01
 -31.336  0.7704E+00  0.1053E+01
 -31.326  0.7730E+00  0.1060E+01
 -31.316  0.7741E+00  0.1068E+01
 -31.306  0.7735E+00  0.1076E+01
 -31.296  0.7713E+00  0.1084E+01
 -31.286  0.7676E+00  0.1091E+01
 -31.276  0.7625E+00  0.1099E+01
 -31.266  0.7562E+00  0.1107E+01
 -31.256  0.7491E+00  0.1114E+01
 -31.246  0.7413E+00  0.1121E+01
 -31.236  0.7333E+00  0.1129E+01
 -31.226  0.7254E+00  0.1136E+01
 -31.216  0.7181E+00  0.1143E+01
 -31.206  0.7115E+00  0.1150E+01
 -31.196  0.7061E+00  0.1157E+01
 -31.186  0.7020E+00  0.1164E+01
 -31.176  0.6995E+00  0.1171E+01
 -31.166  0.6985E+00  0.1178E+01
 -31.156  0.6991E+00  0.1185E+01
 -31.146  0.7013E+00  0.1192E+01
 -31.136  0.7048E+00  0.1199E+01
 -31.126  0.7095E+00  0.1207E+01
 -31.116  0.7151E+00  0.1214E+01
 -31.106  0.7214E+00  0.1221E+01
 -31.096  0.7282E+00  0.1228E+01
 -31.086  0.7351E+00  0.1236E+01
 -31.076  0.7421E+00  0.1243E+01
 -31.066  0.7489E+00  0.1250E+01
 -31.056  0.7555E+00  0.1258E+01
 -31.046  0.7619E+00  0.1266E+01
 -31.036  0.7680E+00  0.1273E+01
 -31.026  0.7739E+00  0.1281E+01
 -31.016  0.7797E+00  0.1289E+01
 -31.006  0.7856E+00  0.1297E+01
 -30.996  0.7916E+00  0.1305E+01
 -30.986  0.7978E+00  0.1313E+01
 -30.976  0.8044E+00  0.1321E+01
 -30.966  0.8113E+00  0.1329E+01
 -30.956  0.8185E+00  0.1337E+01
 -30.946  0.8260E+00  0.1345E+01
 -30.936  0.8335E+00  0.1353E+01
 -30.926  0.8408E+00  0.1362E+01
 -30.916  0.8476E+00  0.1370E+01
 -30.906  0.8537E+00  0.1379E+01
 -30.896  0.8588E+00  0.1388E+01
 -30.886  0.8626E+00  0.1396E+01
 -30.876  0.8647E+00  0.1405E+01
 -30.866  0.8650E+00  0.1413E+01
 -30.856  0.8634E+00  0.1422E+01
 -30.846  0.8597E+00  0.1431E+01
 -30.836  0.8542E+00  0.1439E+01
 -30.826  0.8468E+00  0.1448E+01
 -30.816  0.8379E+00  0.1456E+01
 -30.806  0.8277E+00  0.1464E+01
 -30.796  0.8168E+00  0.1472E+01
 -30.786  0.8054E+00  0.1481E+01
 -30.776  0.7942E+00  0.1488E+01
 -30.766  0.7836E+00  0.1496E+01
 -30.756  0.7740E+00  0.1504E+01
 -30.746  0.7659E+00  0.1512E+01
 -30.736  0.7597E+00  0.1519E+01
 -30.726  0.7556E+00  0.1527E+01
 -30.716  0.7538E+00  0.1534E+01
 -30.706  0.7546E+00  0.1542E+01
 -30.696  0.7579E+00  0.1550E+01
 -30.686  0.7636E+00  0.1557E+01
 -30.676  0.7718E+00  0.1565E+01
 -30.666  0.7821E+00  0.1573E+01
 -30.656  0.7943E+00  0.1581E+01
 -30.646  0.8082E+00  0.1589E+01
 -30.636  0.8234E+00  0.1597E+01
 -30.626  0.8394E+00  0.1605E+01
 -30.616  0.8561E+00  0.1614E+01
 -30.606  0.8729E+00  0.1623E+01
 -30.596  0.8895E+00  0.1632E+01
 -30.586  0.9057E+00  0.1641E+01
 -30.576  0.9212E+00  0.1650E+01
 -30.566  0.9357E+00  0.1659E+01
 -30.556  0.9490E+00  0.1669E+01
 -30.546  0.9612E+00  0.1678E+01
 -30.536  0.9720E+00  0.1688E+01
 -30.526  0.9817E+00  0.1698E+01
 -30.516  0.9902E+00  0.1708E+01
 -30.506  0.9976E+00  0.1718E+01
 -30.496  0.1004E+01  0.1728E+01
 -30.486  0.1010E+01  0.1738E+01
 -30.476  0.1016E+01  0.1748E+01
 -30.466  0.1021E+01  0.1758E+01
 -30.456  0.1026E+01  0.1768E+01
 -30.446  0.1032E+01  0.1779E+01
 -30.436  0.1038E+01  0.1789E+01
 -30.426  0.1044E+01  0.1800E+01
 -30.416  0.1050E+01  0.1810E+01
 -30.406  0.1056E+01  0.1821E+01
 -30.396  0.1063E+01  0.1831E+01
 -30.386  0.1070E+01  0.1842E+01
 -30.376  0.1077E+01  0.1853E+01
 -30.366  0.1084E+01  0.1864E+01
 -30.356  0.1090E+01  0.1874E+01
 -30.346  0.1096E+01  0.1885E+01
 -30.336  0.1101E+01  0.1896E+01
 -30.326  0.1105E+01  0.1908E+01
 -30.316  0.1108E+01  0.1919E+01
 -30.306  0.1110E+01  0.1930E+01
 -30.296  0.1110E+01  0.1941E+01
 -30.286  0.1109E+01  0.1952E+01
 -30.276  0.1107E+01  0.1963E+01
 -30.266  0.1103E+01  0.1974E+01
 -30.256  0.1098E+01  0.1985E+01
 -30.246  0.1091E+01  0.1996E+01
 -30.236  0.1082E+01  0.2007E+01
 -30.226  0.1072E+01  0.2017E+01
 -30.216  0.1060E+01  0.2028E+01
 -30.206  0.1048E+01  0.2038E+01
 -30.196  0.1034E+01  0.2049E+01
 -30.186  0.1020E+01  0.2059E+01
 -30.176  0.1005E+01  0.2069E+01
 -30.166  0.9910E+00  0.2079E+01
 -30.156  0.9771E+00  0.2089E+01
 -30.146  0.9640E+00  0.2098E+01
 -30.136  0.9521E+00  0.2108E+01
 -30.126  0.9416E+00  0.2117E+01
 -30.116  0.9329E+00  0.2127E+01
 -30.106  0.9260E+00  0.2136E+01
 -30.096  0.9210E+00  0.2145E+01
 -30.086  0.9179E+00  0.2154E+01
 -30.076  0.9166E+00  0.2163E+01
 -30.066  0.9168E+00  0.2173E+01
 -30.056  0.9181E+00  0.2182E+01
 -30.046  0.9203E+00  0.2191E+01
 -30.036  0.9230E+00  0.2200E+01
 -30.026  0.9256E+00  0.2210E+01
 -30.016  0.9278E+00  0.2219E+01
 -30.006  0.9293E+00  0.2228E+01
 -29.996  0.9296E+00  0.2237E+01
 -29.986  0.9286E+00  0.2247E+01
 -29.976  0.9260E+00  0.2256E+01
 -29.966  0.9217E+00  0.2265E+01
 -29.956  0.9158E+00  0.2274E+01
 -29.946  0.9082E+00  0.2283E+01
 -29.936  0.8992E+00  0.2292E+01
 -29.926  0.8888E+00  0.2301E+01
 -29.916  0.8774E+00  0.2310E+01
 -29.906  0.8653E+00  0.2319E+01
 -29.896  0.8526E+00  0.2327E+01
 -29.886  0.8397E+00  0.2336E+01
 -29.876  0.8270E+00  0.2344E+01
 -29.866  0.8147E+00  0.2352E+01
 -29.856  0.8030E+00  0.2360E+01
 -29.846  0.7923E+00  0.2368E+01
 -29.836  0.7826E+00  0.2376E+01
 -29.826  0.7742E+00  0.2384E+01
 -29.816  0.7672E+00  0.2391E+01
 -29.806  0.7617E+00  0.2399E+01
 -29.796  0.7578E+00  0.2406E+01
 -29.786  0.7555E+00  0.2414E+01
 -29.776  0.7547E+00  0.2422E+01
 -29.766  0.7555E+00  0.2429E+01
 -29.756  0.7578E+00  0.2437E+01
 -29.746  0.7616E+00  0.2444E+01
 -29.736  0.7666E+00  0.2452E+01
 -29.726  0.7728E+00  0.2460E+01
 -29.716  0.7799E+00  0.2467E+01
 -29.706  0.7878E+00  0.2475E+01
 -29.696  0.7961E+00  0.2483E+01
 -29.686  0.8046E+00  0.2491E+01
 -29.676  0.8129E+00  0.2499E+01
 -29.666  0.8207E+00  0.2508E+01
 -29.656  0.8276E+00  0.2516E+01
 -29.646  0.8332E+00  0.2524E+01
 -29.636  0.8371E+00  0.2533E+01
 -29.626  0.8391E+00  0.2541E+01
 -29.616  0.8388E+00  0.2549E+01
 -29.606  0.8360E+00  0.2558E+01
 -29.596  0.8306E+00  0.2566E+01
 -29.586  0.8224E+00  0.2574E+01
 -29.576  0.8116E+00  0.2582E+01
 -29.566  0.7983E+00  0.2590E+01
 -29.556  0.7827E+00  0.2598E+01
 -29.546  0.7653E+00  0.2606E+01
 -29.536  0.7463E+00  0.2613E+01
 -29.526  0.7264E+00  0.2621E+01
 -29.516  0.7060E+00  0.2628E+01
 -29.506  0.6858E+00  0.2635E+01
 -29.496  0.6661E+00  0.2641E+01
 -29.486  0.6477E+00  0.2648E+01
 -29.476  0.6309E+00  0.2654E+01
 -29.466  0.6161E+00  0.2660E+01
 -29.456  0.6037E+00  0.2666E+01
 -29.446  0.5939E+00  0.2672E+01
 -29.436  0.5870E+00  0.2678E+01
 -29.426  0.5828E+00  0.2684E+01
 -29.416  0.5816E+00  0.2690E+01
 -29.406  0.5830E+00  0.2695E+01
 -29.396  0.5871E+00  0.2701E+01
 -29.386  0.5936E+00  0.2707E+01
 -29.376  0.6023E+00  0.2713E+01
 -29.366  0.6128E+00  0.2719E+01
 -29.356  0.6248E+00  0.2726E+01
 -29.346  0.6381E+00  0.2732E+01
 -29.336  0.6523E+00  0.2739E+01
 -29.326  0.6671E+00  0.2745E+01
 -29.316  0.6822E+00  0.2752E+01
 -29.306  0.6973E+00  0.2759E+01
 -29.296  0.7121E+00  0.2766E+01
 -29.286  0.7263E+00  0.2773E+01
 -29.276  0.7398E+00  0.2781E+01
 -29.266  0.7522E+00  0.2788E+01
 -29.256  0.7635E+00  0.2796E+01
 -29.246  0.7735E+00  0.2804E+01
 -29.236  0.7820E+00  0.2812E+01
 -29.226  0.7890E+00  0.2819E+01
 -29.216  0.7944E+00  0.2827E+01
 -29.206  0.7982E+00  0.2835E+01
 -29.196  0.8003E+00  0.2843E+01
 -29.186  0.8009E+00  0.2851E+01
 -29.176  0.7999E+00  0.2859E+01
 -29.166  0.7974E+00  0.2867E+01
 -29.156  0.7935E+00  0.2875E+01
 -29.146  0.7882E+00  0.2883E+01
 -29.136  0.7816E+00  0.2891E+01
 -29.126  0.7739E+00  0.2899E+01
 -29.116  0.7650E+00  0.2906E+01
 -29.106  0.7551E+00  0.2914E+01
 -29.096  0.7441E+00  0.2921E+01
 -29.086  0.7322E+00  0.2929E+01
 -29.076  0.7193E+00  0.2936E+01
 -29.066  0.7056E+00  0.2943E+01
 -29.056  0.6909E+00  0.2950E+01
 -29.046  0.6754E+00  0.2957E+01
 -29.036  0.6592E+00  0.2963E+01
 -29.026  0.6423E+00  0.2970E+01
 -29.016  0.6248E+00  0.2976E+01
 -29.006  0.6069E+00  0.2982E+01
 -28.996  0.5888E+00  0.2988E+01
 -28.986  0.5707E+00  0.2994E+01
 -28.976  0.5529E+00  0.2999E+01
 -28.966  0.5357E+00  0.3004E+01
 -28.956  0.5196E+00  0.3010E+01
 -28.946  0.5048E+00  0.3015E+01
 -28.936  0.4918E+00  0.3020E+01
 -28.926  0.4810E+00  0.3024E+01
 -28.916  0.4728E+00  0.3029E+01
 -28.906  0.4674E+00  0.3034E+01
 -28.896  0.4653E+00  0.3038E+01
 -28.886  0.4666E+00  0.3043E+01
 -28.876  0.4714E+00  0.3048E+01
 -28.866  0.4799E+00  0.3053E+01
 -28.856  0.4919E+00  0.3058E+01
 -28.846  0.5074E+00  0.3063E+01
 -28.836  0.5261E+00  0.3068E+01
 -28.826  0.5475E+00  0.3073E+01
 -28.816  0.5714E+00  0.3079E+01
 -28.806  0.5970E+00  0.3085E+01
 -28.796  0.6239E+00  0.3091E+01
 -28.786  0.6514E+00  0.3098E+01
 -28.776  0.6789E+00  0.3105E+01
 -28.766  0.7056E+00  0.3112E+01
 -28.756  0.7309E+00  0.3119E+01
 -28.746  0.7541E+00  0.3126E+01
 -28.736  0.7748E+00  0.3134E+01
 -28.726  0.7924E+00  0.3142E+01
 -28.716  0.8065E+00  0.3150E+01
 -28.706  0.8168E+00  0.3158E+01
 -28.696  0.8230E+00  0.3167E+01
 -28.686  0.8252E+00  0.3175E+01
 -28.676  0.8232E+00  0.3183E+01
 -28.666  0.8172E+00  0.3191E+01
 -28.656  0.8074E+00  0.3199E+01
 -28.646  0.7940E+00  0.3207E+01
 -28.636  0.7773E+00  0.3215E+01
 -28.626  0.7579E+00  0.3223E+01
 -28.616  0.7362E+00  0.3230E+01
 -28.606  0.7126E+00  0.3237E+01
 -28.596  0.6877E+00  0.3244E+01
 -28.586  0.6620E+00  0.3251E+01
 -28.576  0.6360E+00  0.3257E+01
 -28.566  0.6103E+00  0.3263E+01
 -28.556  0.5853E+00  0.3269E+01
 -28.546  0.5615E+00  0.3275E+01
 -28.536  0.5392E+00  0.3280E+01
 -28.526  0.5188E+00  0.3285E+01
 -28.516  0.5006E+00  0.3290E+01
 -28.506  0.4848E+00  0.3295E+01
 -28.496  0.4715E+00  0.3300E+01
 -28.486  0.4610E+00  0.3304E+01
 -28.476  0.4531E+00  0.3309E+01
 -28.466  0.4479E+00  0.3313E+01
 -28.456  0.4454E+00  0.3318E+01
 -28.446  0.4454E+00  0.3322E+01
 -28.436  0.4478E+00  0.3327E+01
 -28.426  0.4526E+00  0.3331E+01
 -28.416  0.4595E+00  0.3336E+01
 -28.406  0.4684E+00  0.3341E+01
 -28.396  0.4791E+00  0.3345E+01
 -28.386  0.4913E+00  0.3350E+01
 -28.376  0.5050E+00  0.3355E+01
 -28.366  0.5200E+00  0.3360E+01
 -28.356  0.5359E+00  0.3366E+01
 -28.346  0.5525E+00  0.3371E+01
 -28.336  0.5697E+00  0.3377E+01
 -28.326  0.5872E+00  0.3383E+01
 -28.316  0.6046E+00  0.3389E+01
 -28.306  0.6217E+00  0.3395E+01
 -28.296  0.6381E+00  0.3402E+01
 -28.286  0.6536E+00  0.3408E+01
 -28.276  0.6678E+00  0.3415E+01
 -28.266  0.6805E+00  0.3422E+01
 -28.256  0.6913E+00  0.3428E+01
 -28.246  0.7001E+00  0.3435E+01
 -28.236  0.7065E+00  0.3443E+01
 -28.226  0.7106E+00  0.3450E+01
 -28.216  0.7121E+00  0.3457E+01
 -28.206  0.7110E+00  0.3464E+01
 -28.196  0.7075E+00  0.3471E+01
 -28.186  0.7016E+00  0.3478E+01
 -28.176  0.6935E+00  0.3485E+01
 -28.166  0.6835E+00  0.3492E+01
 -28.156  0.6719E+00  0.3498E+01
 -28.146  0.6589E+00  0.3505E+01
 -28.136  0.6451E+00  0.3512E+01
 -28.126  0.6308E+00  0.3518E+01
 -28.116  0.6164E+00  0.3524E+01
 -28.106  0.6022E+00  0.3530E+01
 -28.096  0.5887E+00  0.3536E+01
 -28.086  0.5762E+00  0.3542E+01
 -28.076  0.5648E+00  0.3547E+01
 -28.066  0.5549E+00  0.3553E+01
 -28.056  0.5465E+00  0.3558E+01
 -28.046  0.5398E+00  0.3564E+01
 -28.036  0.5347E+00  0.3569E+01
 -28.026  0.5312E+00  0.3574E+01
 -28.016  0.5291E+00  0.3580E+01
 -28.006  0.5283E+00  0.3585E+01
 -27.996  0.5286E+00  0.3590E+01
 -27.986  0.5296E+00  0.3596E+01
 -27.976  0.5312E+00  0.3601E+01
 -27.966  0.5331E+00  0.3606E+01
 -27.956  0.5350E+00  0.3612E+01
 -27.946  0.5366E+00  0.3617E+01
 -27.936  0.5378E+00  0.3622E+01
 -27.926  0.5382E+00  0.3628E+01
 -27.916  0.5379E+00  0.3633E+01
 -27.906  0.5366E+00  0.3638E+01
 -27.896  0.5345E+00  0.3644E+01
 -27.886  0.5314E+00  0.3649E+01
 -27.876  0.5276E+00  0.3654E+01
 -27.866  0.5231E+00  0.3660E+01
 -27.856  0.5182E+00  0.3665E+01
 -27.846  0.5132E+00  0.3670E+01
 -27.836  0.5084E+00  0.3675E+01
 -27.826  0.5040E+00  0.3680E+01
 -27.816  0.5006E+00  0.3685E+01
 -27.806  0.4983E+00  0.3690E+01
 -27.796  0.4976E+00  0.3695E+01
 -27.786  0.4986E+00  0.3700E+01
 -27.776  0.5017E+00  0.3705E+01
 -27.766  0.5070E+00  0.3710E+01
 -27.756  0.5146E+00  0.3715E+01
 -27.746  0.5244E+00  0.3720E+01
 -27.736  0.5365E+00  0.3726E+01
 -27.726  0.5505E+00  0.3731E+01
 -27.716  0.5662E+00  0.3737E+01
 -27.706  0.5833E+00  0.3743E+01
 -27.696  0.6012E+00  0.3749E+01
 -27.686  0.6195E+00  0.3755E+01
 -27.676  0.6376E+00  0.3761E+01
 -27.666  0.6549E+00  0.3768E+01
 -27.656  0.6709E+00  0.3775E+01
 -27.646  0.6849E+00  0.3781E+01
 -27.636  0.6965E+00  0.3788E+01
 -27.626  0.7051E+00  0.3796E+01
 -27.616  0.7105E+00  0.3803E+01
 -27.606  0.7123E+00  0.3810E+01
 -27.596  0.7104E+00  0.3817E+01
 -27.586  0.7047E+00  0.3824E+01
 -27.576  0.6954E+00  0.3831E+01
 -27.566  0.6826E+00  0.3838E+01
 -27.556  0.6668E+00  0.3844E+01
 -27.546  0.6483E+00  0.3851E+01
 -27.536  0.6277E+00  0.3857E+01
 -27.526  0.6057E+00  0.3863E+01
 -27.516  0.5827E+00  0.3869E+01
 -27.506  0.5595E+00  0.3875E+01
 -27.496  0.5368E+00  0.3880E+01
 -27.486  0.5150E+00  0.3885E+01
 -27.476  0.4947E+00  0.3890E+01
 -27.466  0.4765E+00  0.3895E+01
 -27.456  0.4606E+00  0.3899E+01
 -27.446  0.4473E+00  0.3904E+01
 -27.436  0.4368E+00  0.3908E+01
 -27.426  0.4292E+00  0.3913E+01
 -27.416  0.4244E+00  0.3917E+01
 -27.406  0.4224E+00  0.3921E+01
 -27.396  0.4229E+00  0.3925E+01
 -27.386  0.4258E+00  0.3929E+01
 -27.376  0.4308E+00  0.3934E+01
 -27.366  0.4376E+00  0.3938E+01
 -27.356  0.4457E+00  0.3943E+01
 -27.346  0.4550E+00  0.3947E+01
 -27.336  0.4651E+00  0.3952E+01
 -27.326  0.4756E+00  0.3957E+01
 -27.316  0.4865E+00  0.3961E+01
 -27.306  0.4973E+00  0.3966E+01
 -27.296  0.5079E+00  0.3972E+01
 -27.286  0.5182E+00  0.3977E+01
 -27.276  0.5281E+00  0.3982E+01
 -27.266  0.5375E+00  0.3987E+01
 -27.256  0.5464E+00  0.3993E+01
 -27.246  0.5549E+00  0.3998E+01
 -27.236  0.5630E+00  0.4004E+01
 -27.226  0.5707E+00  0.4010E+01
 -27.216  0.5781E+00  0.4015E+01
 -27.206  0.5854E+00  0.4021E+01
 -27.196  0.5924E+00  0.4027E+01
 -27.186  0.5994E+00  0.4033E+01
 -27.176  0.6063E+00  0.4039E+01
 -27.166  0.6130E+00  0.4045E+01
 -27.156  0.6195E+00  0.4052E+01
 -27.146  0.6257E+00  0.4058E+01
 -27.136  0.6316E+00  0.4064E+01
 -27.126  0.6368E+00  0.4071E+01
 -27.116  0.6414E+00  0.4077E+01
 -27.106  0.6450E+00  0.4083E+01
 -27.096  0.6474E+00  0.4090E+01
 -27.086  0.6486E+00  0.4096E+01
 -27.076  0.6483E+00  0.4103E+01
 -27.066  0.6464E+00  0.4109E+01
 -27.056  0.6427E+00  0.4116E+01
 -27.046  0.6372E+00  0.4122E+01
 -27.036  0.6299E+00  0.4128E+01
 -27.026  0.6209E+00  0.4135E+01
 -27.016  0.6101E+00  0.4141E+01
 -27.006  0.5976E+00  0.4147E+01
 -26.996  0.5838E+00  0.4153E+01
 -26.986  0.5687E+00  0.4158E+01
 -26.976  0.5525E+00  0.4164E+01
 -26.966  0.5355E+00  0.4169E+01
 -26.956  0.5180E+00  0.4174E+01
 -26.946  0.5002E+00  0.4179E+01
 -26.936  0.4823E+00  0.4184E+01
 -26.926  0.4645E+00  0.4189E+01
 -26.916  0.4471E+00  0.4193E+01
 -26.906  0.4302E+00  0.4198E+01
 -26.896  0.4139E+00  0.4202E+01
 -26.886  0.3983E+00  0.4206E+01
 -26.876  0.3837E+00  0.4210E+01
 -26.866  0.3699E+00  0.4213E+01
 -26.856  0.3571E+00  0.4217E+01
 -26.846  0.3454E+00  0.4220E+01
 -26.836  0.3346E+00  0.4224E+01
 -26.826  0.3249E+00  0.4227E+01
 -26.816  0.3163E+00  0.4230E+01
 -26.806  0.3089E+00  0.4233E+01
 -26.796  0.3026E+00  0.4236E+01
 -26.786  0.2975E+00  0.4239E+01
 -26.776  0.2938E+00  0.4242E+01
 -26.766  0.2914E+00  0.4245E+01
 -26.756  0.2904E+00  0.4248E+01
 -26.746  0.2909E+00  0.4251E+01
 -26.736  0.2931E+00  0.4254E+01
 -26.726  0.2969E+00  0.4257E+01
 -26.716  0.3024E+00  0.4260E+01
 -26.706  0.3097E+00  0.4263E+01
 -26.696  0.3187E+00  0.4266E+01
 -26.686  0.3293E+00  0.4269E+01
 -26.676  0.3416E+00  0.4273E+01
 -26.666  0.3554E+00  0.4276E+01
 -26.656  0.3705E+00  0.4280E+01
 -26.646  0.3866E+00  0.4284E+01
 -26.636  0.4035E+00  0.4288E+01
 -26.626  0.4209E+00  0.4292E+01
 -26.616  0.4384E+00  0.4296E+01
 -26.606  0.4556E+00  0.4301E+01
 -26.596  0.4723E+00  0.4306E+01
 -26.586  0.4879E+00  0.4311E+01
 -26.576  0.5022E+00  0.4316E+01
 -26.566  0.5148E+00  0.4321E+01
 -26.556  0.5256E+00  0.4326E+01
 -26.546  0.5342E+00  0.4331E+01
 -26.536  0.5407E+00  0.4337E+01
 -26.526  0.5450E+00  0.4342E+01
 -26.516  0.5470E+00  0.4348E+01
 -26.506  0.5470E+00  0.4353E+01
 -26.496  0.5451E+00  0.4359E+01
 -26.486  0.5416E+00  0.4364E+01
 -26.476  0.5366E+00  0.4369E+01
 -26.466  0.5305E+00  0.4375E+01
 -26.456  0.5235E+00  0.4380E+01
 -26.446  0.5160E+00  0.4385E+01
 -26.436  0.5082E+00  0.4390E+01
 -26.426  0.5003E+00  0.4395E+01
 -26.416  0.4924E+00  0.4400E+01
 -26.406  0.4849E+00  0.4405E+01
 -26.396  0.4777E+00  0.4410E+01
 -26.386  0.4708E+00  0.4414E+01
 -26.376  0.4644E+00  0.4419E+01
 -26.366  0.4583E+00  0.4424E+01
 -26.356  0.4526E+00  0.4428E+01
 -26.346  0.4471E+00  0.4433E+01
 -26.336  0.4417E+00  0.4437E+01
 -26.326  0.4364E+00  0.4441E+01
 -26.316  0.4311E+00  0.4446E+01
 -26.306  0.4258E+00  0.4450E+01
 -26.296  0.4202E+00  0.4454E+01
 -26.286  0.4146E+00  0.4458E+01
 -26.276  0.4089E+00  0.4462E+01
 -26.266  0.4031E+00  0.4466E+01
 -26.256  0.3975E+00  0.4470E+01
 -26.246  0.3922E+00  0.4474E+01
 -26.236  0.3873E+00  0.4478E+01
 -26.226  0.3833E+00  0.4482E+01
 -26.216  0.3803E+00  0.4486E+01
 -26.206  0.3787E+00  0.4490E+01
 -26.196  0.3788E+00  0.4493E+01
 -26.186  0.3810E+00  0.4497E+01
 -26.176  0.3855E+00  0.4501E+01
 -26.166  0.3926E+00  0.4505E+01
 -26.156  0.4024E+00  0.4509E+01
 -26.146  0.4149E+00  0.4513E+01
 -26.136  0.4303E+00  0.4518E+01
 -26.126  0.4482E+00  0.4522E+01
 -26.116  0.4683E+00  0.4527E+01
 -26.106  0.4903E+00  0.4532E+01
 -26.096  0.5136E+00  0.4537E+01
 -26.086  0.5375E+00  0.4542E+01
 -26.076  0.5612E+00  0.4548E+01
 -26.066  0.5839E+00  0.4554E+01
 -26.056  0.6048E+00  0.4560E+01
 -26.046  0.6230E+00  0.4566E+01
 -26.036  0.6379E+00  0.4572E+01
 -26.026  0.6486E+00  0.4579E+01
 -26.016  0.6546E+00  0.4585E+01
 -26.006  0.6556E+00  0.4592E+01
 -25.996  0.6513E+00  0.4598E+01
 -25.986  0.6417E+00  0.4605E+01
 -25.976  0.6269E+00  0.4611E+01
 -25.966  0.6073E+00  0.4617E+01
 -25.956  0.5834E+00  0.4623E+01
 -25.946  0.5557E+00  0.4628E+01
 -25.936  0.5251E+00  0.4634E+01
 -25.926  0.4923E+00  0.4639E+01
 -25.916  0.4581E+00  0.4643E+01
 -25.906  0.4234E+00  0.4647E+01
 -25.896  0.3889E+00  0.4651E+01
 -25.886  0.3552E+00  0.4655E+01
 -25.876  0.3231E+00  0.4658E+01
 -25.866  0.2929E+00  0.4661E+01
 -25.856  0.2652E+00  0.4664E+01
 -25.846  0.2401E+00  0.4666E+01
 -25.836  0.2179E+00  0.4668E+01
 -25.826  0.1986E+00  0.4670E+01
 -25.816  0.1822E+00  0.4672E+01
 -25.806  0.1687E+00  0.4674E+01
 -25.796  0.1580E+00  0.4675E+01
 -25.786  0.1498E+00  0.4677E+01
 -25.776  0.1441E+00  0.4678E+01
 -25.766  0.1405E+00  0.4680E+01
 -25.756  0.1390E+00  0.4681E+01
 -25.746  0.1393E+00  0.4682E+01
 -25.736  0.1411E+00  0.4684E+01
 -25.726  0.1444E+00  0.4685E+01
 -25.716  0.1489E+00  0.4687E+01
 -25.706  0.1545E+00  0.4688E+01
 -25.696  0.1611E+00  0.4690E+01
 -25.686  0.1684E+00  0.4692E+01
 -25.676  0.1764E+00  0.4693E+01
 -25.666  0.1849E+00  0.4695E+01
 -25.656  0.1940E+00  0.4697E+01
 -25.646  0.2034E+00  0.4699E+01
 -25.636  0.2133E+00  0.4701E+01
 -25.626  0.2234E+00  0.4704E+01
 -25.616  0.2337E+00  0.4706E+01
 -25.606  0.2442E+00  0.4708E+01
 -25.596  0.2548E+00  0.4711E+01
 -25.586  0.2655E+00  0.4714E+01
 -25.576  0.2760E+00  0.4716E+01
 -25.566  0.2864E+00  0.4719E+01
 -25.556  0.2964E+00  0.4722E+01
 -25.546  0.3059E+00  0.4725E+01
 -25.536  0.3148E+00  0.4728E+01
 -25.526  0.3228E+00  0.4732E+01
 -25.516  0.3297E+00  0.4735E+01
 -25.506  0.3353E+00  0.4738E+01
 -25.496  0.3395E+00  0.4742E+01
 -25.486  0.3421E+00  0.4745E+01
 -25.476  0.3430E+00  0.4749E+01
 -25.466  0.3420E+00  0.4752E+01
 -25.456  0.3391E+00  0.4755E+01
 -25.446  0.3342E+00  0.4759E+01
 -25.436  0.3275E+00  0.4762E+01
 -25.426  0.3189E+00  0.4765E+01
 -25.416  0.3086E+00  0.4768E+01
 -25.406  0.2968E+00  0.4771E+01
 -25.396  0.2836E+00  0.4774E+01
 -25.386  0.2694E+00  0.4777E+01
 -25.376  0.2543E+00  0.4779E+01
 -25.366  0.2386E+00  0.4782E+01
 -25.356  0.2226E+00  0.4784E+01
 -25.346  0.2066E+00  0.4786E+01
 -25.336  0.1908E+00  0.4788E+01
 -25.326  0.1754E+00  0.4790E+01
 -25.316  0.1608E+00  0.4791E+01
 -25.306  0.1470E+00  0.4793E+01
 -25.296  0.1344E+00  0.4794E+01
 -25.286  0.1229E+00  0.4795E+01
 -25.276  0.1128E+00  0.4796E+01
 -25.266  0.1042E+00  0.4797E+01
 -25.256  0.9708E-01  0.4798E+01
 -25.246  0.9150E-01  0.4799E+01
 -25.236  0.8747E-01  0.4800E+01
 -25.226  0.8495E-01  0.4801E+01
 -25.216  0.8390E-01  0.4802E+01
 -25.206  0.8420E-01  0.4803E+01
 -25.196  0.8576E-01  0.4804E+01
 -25.186  0.8843E-01  0.4804E+01
 -25.176  0.9204E-01  0.4805E+01
 -25.166  0.9644E-01  0.4806E+01
 -25.156  0.1014E+00  0.4807E+01
 -25.146  0.1068E+00  0.4808E+01
 -25.136  0.1125E+00  0.4810E+01
 -25.126  0.1182E+00  0.4811E+01
 -25.116  0.1239E+00  0.4812E+01
 -25.106  0.1294E+00  0.4813E+01
 -25.096  0.1347E+00  0.4815E+01
 -25.086  0.1396E+00  0.4816E+01
 -25.076  0.1442E+00  0.4817E+01
 -25.066  0.1485E+00  0.4819E+01
 -25.056  0.1525E+00  0.4820E+01
 -25.046  0.1561E+00  0.4822E+01
 -25.036  0.1596E+00  0.4824E+01
 -25.026  0.1629E+00  0.4825E+01
 -25.016  0.1660E+00  0.4827E+01
 -25.006  0.1690E+00  0.4829E+01
 -24.996  0.1718E+00  0.4830E+01
 -24.986  0.1745E+00  0.4832E+01
 -24.976  0.1771E+00  0.4834E+01
 -24.966  0.1793E+00  0.4836E+01
 -24.956  0.1812E+00  0.4837E+01
 -24.946  0.1826E+00  0.4839E+01
 -24.936  0.1834E+00  0.4841E+01
 -24.926  0.1836E+00  0.4843E+01
 -24.916  0.1830E+00  0.4845E+01
 -24.906  0.1815E+00  0.4847E+01
 -24.896  0.1791E+00  0.4848E+01
 -24.886  0.1759E+00  0.4850E+01
 -24.876  0.1717E+00  0.4852E+01
 -24.866  0.1668E+00  0.4854E+01
 -24.856  0.1611E+00  0.4855E+01
 -24.846  0.1549E+00  0.4857E+01
 -24.836  0.1482E+00  0.4858E+01
 -24.826  0.1412E+00  0.4860E+01
 -24.816  0.1341E+00  0.4861E+01
 -24.806  0.1270E+00  0.4862E+01
 -24.796  0.1202E+00  0.4863E+01
 -24.786  0.1136E+00  0.4865E+01
 -24.776  0.1075E+00  0.4866E+01
 -24.766  0.1018E+00  0.4867E+01
 -24.756  0.9666E-01  0.4868E+01
 -24.746  0.9203E-01  0.4868E+01
 -24.736  0.8789E-01  0.4869E+01
 -24.726  0.8420E-01  0.4870E+01
 -24.716  0.8090E-01  0.4871E+01
 -24.706  0.7789E-01  0.4872E+01
 -24.696  0.7510E-01  0.4873E+01
 -24.686  0.7245E-01  0.4873E+01
 -24.676  0.6986E-01  0.4874E+01
 -24.666  0.6729E-01  0.4875E+01
 -24.656  0.6469E-01  0.4875E+01
 -24.646  0.6205E-01  0.4876E+01
 -24.636  0.5938E-01  0.4877E+01
 -24.626  0.5670E-01  0.4877E+01
 -24.616  0.5409E-01  0.4878E+01
 -24.606  0.5160E-01  0.4878E+01
 -24.596  0.4932E-01  0.4879E+01
 -24.586  0.4736E-01  0.4879E+01
 -24.576  0.4580E-01  0.4880E+01
 -24.566  0.4476E-01  0.4880E+01
 -24.556  0.4432E-01  0.4880E+01
 -24.546  0.4456E-01  0.4881E+01
 -24.536  0.4553E-01  0.4881E+01
 -24.526  0.4728E-01  0.4882E+01
 -24.516  0.4982E-01  0.4882E+01
 -24.506  0.5311E-01  0.4883E+01
 -24.496  0.5713E-01  0.4883E+01
 -24.486  0.6177E-01  0.4884E+01
 -24.476  0.6694E-01  0.4885E+01
 -24.466  0.7249E-01  0.4885E+01
 -24.456  0.7826E-01  0.4886E+01
 -24.446  0.8407E-01  0.4887E+01
 -24.436  0.8974E-01  0.4888E+01
 -24.426  0.9507E-01  0.4889E+01
 -24.416  0.9988E-01  0.4890E+01
 -24.406  0.1040E+00  0.4891E+01
 -24.396  0.1072E+00  0.4892E+01
 -24.386  0.1095E+00  0.4893E+01
 -24.376  0.1107E+00  0.4894E+01
 -24.366  0.1107E+00  0.4895E+01
 -24.356  0.1096E+00  0.4896E+01
 -24.346  0.1074E+00  0.4897E+01
 -24.336  0.1041E+00  0.4899E+01
 -24.326  0.9986E-01  0.4900E+01
 -24.316  0.9477E-01  0.4900E+01
 -24.306  0.8897E-01  0.4901E+01
 -24.296  0.8264E-01  0.4902E+01
 -24.286  0.7594E-01  0.4903E+01
 -24.276  0.6904E-01  0.4904E+01
 -24.266  0.6209E-01  0.4904E+01
 -24.256  0.5524E-01  0.4905E+01
 -24.246  0.4863E-01  0.4905E+01
 -24.236  0.4235E-01  0.4906E+01
 -24.226  0.3648E-01  0.4906E+01
 -24.216  0.3110E-01  0.4906E+01
 -24.206  0.2622E-01  0.4907E+01
 -24.196  0.2188E-01  0.4907E+01
 -24.186  0.1807E-01  0.4907E+01
 -24.176  0.1478E-01  0.4907E+01
 -24.166  0.1197E-01  0.4907E+01
 -24.156  0.9608E-02  0.4907E+01
 -24.146  0.7662E-02  0.4908E+01
 -24.136  0.6086E-02  0.4908E+01
 -24.126  0.4840E-02  0.4908E+01
 -24.116  0.3886E-02  0.4908E+01
 -24.106  0.3188E-02  0.4908E+01
 -24.096  0.2719E-02  0.4908E+01
 -24.086  0.2453E-02  0.4908E+01
 -24.076  0.2375E-02  0.4908E+01
 -24.066  0.2471E-02  0.4908E+01
 -24.056  0.2735E-02  0.4908E+01
 -24.046  0.3165E-02  0.4908E+01
 -24.036  0.3762E-02  0.4908E+01
 -24.026  0.4530E-02  0.4908E+01
 -24.016  0.5473E-02  0.4908E+01
 -24.006  0.6596E-02  0.4908E+01
 -23.996  0.7903E-02  0.4908E+01
 -23.986  0.9392E-02  0.4908E+01
 -23.976  0.1106E-01  0.4908E+01
 -23.966  0.1290E-01  0.4908E+01
 -23.956  0.1489E-01  0.4909E+01
 -23.946  0.1701E-01  0.4909E+01
 -23.936  0.1922E-01  0.4909E+01
 -23.926  0.2150E-01  0.4909E+01
 -23.916  0.2379E-01  0.4909E+01
 -23.906  0.2605E-01  0.4910E+01
 -23.896  0.2822E-01  0.4910E+01
 -23.886  0.3024E-01  0.4910E+01
 -23.876  0.3207E-01  0.4911E+01
 -23.866  0.3364E-01  0.4911E+01
 -23.856  0.3492E-01  0.4911E+01
 -23.846  0.3586E-01  0.4912E+01
 -23.836  0.3644E-01  0.4912E+01
 -23.826  0.3664E-01  0.4912E+01
 -23.816  0.3644E-01  0.4913E+01
 -23.806  0.3586E-01  0.4913E+01
 -23.796  0.3491E-01  0.4913E+01
 -23.786  0.3363E-01  0.4914E+01
 -23.776  0.3205E-01  0.4914E+01
 -23.766  0.3022E-01  0.4914E+01
 -23.756  0.2820E-01  0.4915E+01
 -23.746  0.2603E-01  0.4915E+01
 -23.736  0.2377E-01  0.4915E+01
 -23.726  0.2148E-01  0.4915E+01
 -23.716  0.1921E-01  0.4916E+01
 -23.706  0.1699E-01  0.4916E+01
 -23.696  0.1488E-01  0.4916E+01
 -23.686  0.1289E-01  0.4916E+01
 -23.676  0.1106E-01  0.4916E+01
 -23.666  0.9403E-02  0.4916E+01
 -23.656  0.7925E-02  0.4916E+01
 -23.646  0.6635E-02  0.4916E+01
 -23.636  0.5534E-02  0.4916E+01
 -23.626  0.4620E-02  0.4916E+01
 -23.616  0.3891E-02  0.4917E+01
 -23.606  0.3346E-02  0.4917E+01
 -23.596  0.2983E-02  0.4917E+01
 -23.586  0.2805E-02  0.4917E+01
 -23.576  0.2819E-02  0.4917E+01
 -23.566  0.3036E-02  0.4917E+01
 -23.556  0.3473E-02  0.4917E+01
 -23.546  0.4152E-02  0.4917E+01
 -23.536  0.5102E-02  0.4917E+01
 -23.526  0.6356E-02  0.4917E+01
 -23.516  0.7951E-02  0.4917E+01
 -23.506  0.9927E-02  0.4917E+01
 -23.496  0.1232E-01  0.4917E+01
 -23.486  0.1518E-01  0.4917E+01
 -23.476  0.1853E-01  0.4917E+01
 -23.466  0.2240E-01  0.4918E+01
 -23.456  0.2680E-01  0.4918E+01
 -23.446  0.3173E-01  0.4918E+01
 -23.436  0.3717E-01  0.4919E+01
 -23.426  0.4308E-01  0.4919E+01
 -23.416  0.4941E-01  0.4920E+01
 -23.406  0.5606E-01  0.4920E+01
 -23.396  0.6292E-01  0.4921E+01
 -23.386  0.6988E-01  0.4921E+01
 -23.376  0.7678E-01  0.4922E+01
 -23.366  0.8347E-01  0.4923E+01
 -23.356  0.8977E-01  0.4924E+01
 -23.346  0.9554E-01  0.4925E+01
 -23.336  0.1006E+00  0.4926E+01
 -23.326  0.1048E+00  0.4927E+01
 -23.316  0.1081E+00  0.4928E+01
 -23.306  0.1104E+00  0.4929E+01
 -23.296  0.1115E+00  0.4930E+01
 -23.286  0.1116E+00  0.4931E+01
 -23.276  0.1106E+00  0.4933E+01
 -23.266  0.1085E+00  0.4934E+01
 -23.256  0.1056E+00  0.4935E+01
 -23.246  0.1019E+00  0.4936E+01
 -23.236  0.9766E-01  0.4937E+01
 -23.226  0.9296E-01  0.4938E+01
 -23.216  0.8803E-01  0.4938E+01
 -23.206  0.8304E-01  0.4939E+01
 -23.196  0.7818E-01  0.4940E+01
 -23.186  0.7361E-01  0.4941E+01
 -23.176  0.6946E-01  0.4942E+01
 -23.166  0.6584E-01  0.4942E+01
 -23.156  0.6283E-01  0.4943E+01
 -23.146  0.6047E-01  0.4943E+01
 -23.136  0.5876E-01  0.4944E+01
 -23.126  0.5768E-01  0.4945E+01
 -23.116  0.5719E-01  0.4945E+01
 -23.106  0.5722E-01  0.4946E+01
 -23.096  0.5767E-01  0.4946E+01
 -23.086  0.5846E-01  0.4947E+01
 -23.076  0.5949E-01  0.4947E+01
 -23.066  0.6068E-01  0.4948E+01
 -23.056  0.6195E-01  0.4949E+01
 -23.046  0.6325E-01  0.4949E+01
 -23.036  0.6456E-01  0.4950E+01
 -23.026  0.6588E-01  0.4951E+01
 -23.016  0.6722E-01  0.4951E+01
 -23.006  0.6865E-01  0.4952E+01
 -22.996  0.7024E-01  0.4953E+01
 -22.986  0.7209E-01  0.4953E+01
 -22.976  0.7433E-01  0.4954E+01
 -22.966  0.7707E-01  0.4955E+01
 -22.956  0.8044E-01  0.4956E+01
 -22.946  0.8454E-01  0.4957E+01
 -22.936  0.8948E-01  0.4957E+01
 -22.926  0.9531E-01  0.4958E+01
 -22.916  0.1021E+00  0.4959E+01
 -22.906  0.1098E+00  0.4961E+01
 -22.896  0.1184E+00  0.4962E+01
 -22.886  0.1279E+00  0.4963E+01
 -22.876  0.1380E+00  0.4964E+01
 -22.866  0.1487E+00  0.4966E+01
 -22.856  0.1597E+00  0.4967E+01
 -22.846  0.1709E+00  0.4969E+01
 -22.836  0.1820E+00  0.4971E+01
 -22.826  0.1927E+00  0.4973E+01
 -22.816  0.2028E+00  0.4975E+01
 -22.806  0.2122E+00  0.4977E+01
 -22.796  0.2205E+00  0.4979E+01
 -22.786  0.2276E+00  0.4982E+01
 -22.776  0.2334E+00  0.4984E+01
 -22.766  0.2377E+00  0.4986E+01
 -22.756  0.2405E+00  0.4989E+01
 -22.746  0.2418E+00  0.4991E+01
 -22.736  0.2415E+00  0.4994E+01
 -22.726  0.2398E+00  0.4996E+01
 -22.716  0.2366E+00  0.4998E+01
 -22.706  0.2321E+00  0.5001E+01
 -22.696  0.2265E+00  0.5003E+01
 -22.686  0.2200E+00  0.5005E+01
 -22.676  0.2126E+00  0.5007E+01
 -22.666  0.2046E+00  0.5009E+01
 -22.656  0.1961E+00  0.5011E+01
 -22.646  0.1874E+00  0.5013E+01
 -22.636  0.1787E+00  0.5015E+01
 -22.626  0.1700E+00  0.5017E+01
 -22.616  0.1615E+00  0.5018E+01
 -22.606  0.1535E+00  0.5020E+01
 -22.596  0.1460E+00  0.5021E+01
 -22.586  0.1391E+00  0.5023E+01
 -22.576  0.1330E+00  0.5024E+01
 -22.566  0.1278E+00  0.5025E+01
 -22.556  0.1236E+00  0.5026E+01
 -22.546  0.1205E+00  0.5028E+01
 -22.536  0.1187E+00  0.5029E+01
 -22.526  0.1182E+00  0.5030E+01
 -22.516  0.1193E+00  0.5031E+01
 -22.506  0.1221E+00  0.5032E+01
 -22.496  0.1267E+00  0.5034E+01
 -22.486  0.1334E+00  0.5035E+01
 -22.476  0.1423E+00  0.5036E+01
 -22.466  0.1534E+00  0.5038E+01
 -22.456  0.1671E+00  0.5040E+01
 -22.446  0.1832E+00  0.5041E+01
 -22.436  0.2018E+00  0.5043E+01
 -22.426  0.2229E+00  0.5046E+01
 -22.416  0.2463E+00  0.5048E+01
 -22.406  0.2719E+00  0.5051E+01
 -22.396  0.2993E+00  0.5054E+01
 -22.386  0.3283E+00  0.5057E+01
 -22.376  0.3583E+00  0.5061E+01
 -22.366  0.3890E+00  0.5065E+01
 -22.356  0.4198E+00  0.5069E+01
 -22.346  0.4502E+00  0.5073E+01
 -22.336  0.4797E+00  0.5078E+01
 -22.326  0.5077E+00  0.5083E+01
 -22.316  0.5339E+00  0.5089E+01
 -22.306  0.5577E+00  0.5094E+01
 -22.296  0.5789E+00  0.5100E+01
 -22.286  0.5972E+00  0.5106E+01
 -22.276  0.6125E+00  0.5112E+01
 -22.266  0.6246E+00  0.5118E+01
 -22.256  0.6337E+00  0.5125E+01
 -22.246  0.6397E+00  0.5131E+01
 -22.236  0.6429E+00  0.5137E+01
 -22.226  0.6435E+00  0.5144E+01
 -22.216  0.6417E+00  0.5150E+01
 -22.206  0.6378E+00  0.5157E+01
 -22.196  0.6321E+00  0.5163E+01
 -22.186  0.6250E+00  0.5169E+01
 -22.176  0.6165E+00  0.5175E+01
 -22.166  0.6072E+00  0.5181E+01
 -22.156  0.5971E+00  0.5187E+01
 -22.146  0.5865E+00  0.5193E+01
 -22.136  0.5755E+00  0.5199E+01
 -22.126  0.5645E+00  0.5205E+01
 -22.116  0.5535E+00  0.5210E+01
 -22.106  0.5425E+00  0.5216E+01
 -22.096  0.5319E+00  0.5221E+01
 -22.086  0.5215E+00  0.5226E+01
 -22.076  0.5116E+00  0.5231E+01
 -22.066  0.5021E+00  0.5236E+01
 -22.056  0.4930E+00  0.5241E+01
 -22.046  0.4844E+00  0.5246E+01
 -22.036  0.4763E+00  0.5251E+01
 -22.026  0.4686E+00  0.5256E+01
 -22.016  0.4612E+00  0.5260E+01
 -22.006  0.4542E+00  0.5265E+01
 -21.996  0.4475E+00  0.5269E+01
 -21.986  0.4410E+00  0.5274E+01
 -21.976  0.4347E+00  0.5278E+01
 -21.966  0.4287E+00  0.5282E+01
 -21.956  0.4229E+00  0.5286E+01
 -21.946  0.4175E+00  0.5291E+01
 -21.936  0.4125E+00  0.5295E+01
 -21.926  0.4080E+00  0.5299E+01
 -21.916  0.4042E+00  0.5303E+01
 -21.906  0.4013E+00  0.5307E+01
 -21.896  0.3993E+00  0.5311E+01
 -21.886  0.3985E+00  0.5315E+01
 -21.876  0.3989E+00  0.5319E+01
 -21.866  0.4006E+00  0.5323E+01
 -21.856  0.4036E+00  0.5327E+01
 -21.846  0.4079E+00  0.5331E+01
 -21.836  0.4133E+00  0.5335E+01
 -21.826  0.4197E+00  0.5339E+01
 -21.816  0.4268E+00  0.5344E+01
 -21.806  0.4343E+00  0.5348E+01
 -21.796  0.4419E+00  0.5352E+01
 -21.786  0.4493E+00  0.5357E+01
 -21.776  0.4561E+00  0.5361E+01
 -21.766  0.4619E+00  0.5366E+01
 -21.756  0.4664E+00  0.5371E+01
 -21.746  0.4694E+00  0.5375E+01
 -21.736  0.4707E+00  0.5380E+01
 -21.726  0.4701E+00  0.5385E+01
 -21.716  0.4676E+00  0.5389E+01
 -21.706  0.4631E+00  0.5394E+01
 -21.696  0.4567E+00  0.5399E+01
 -21.686  0.4486E+00  0.5403E+01
 -21.676  0.4390E+00  0.5408E+01
 -21.666  0.4282E+00  0.5412E+01
 -21.656  0.4164E+00  0.5416E+01
 -21.646  0.4040E+00  0.5420E+01
 -21.636  0.3912E+00  0.5424E+01
 -21.626  0.3784E+00  0.5428E+01
 -21.616  0.3660E+00  0.5431E+01
 -21.606  0.3541E+00  0.5435E+01
 -21.596  0.3429E+00  0.5438E+01
 -21.586  0.3327E+00  0.5442E+01
 -21.576  0.3237E+00  0.5445E+01
 -21.566  0.3157E+00  0.5448E+01
 -21.556  0.3090E+00  0.5451E+01
 -21.546  0.3035E+00  0.5454E+01
 -21.536  0.2991E+00  0.5457E+01
 -21.526  0.2957E+00  0.5460E+01
 -21.516  0.2932E+00  0.5463E+01
 -21.506  0.2914E+00  0.5466E+01
 -21.496  0.2902E+00  0.5469E+01
 -21.486  0.2893E+00  0.5472E+01
 -21.476  0.2887E+00  0.5475E+01
 -21.466  0.2881E+00  0.5478E+01
 -21.456  0.2874E+00  0.5480E+01
 -21.446  0.2865E+00  0.5483E+01
 -21.436  0.2852E+00  0.5486E+01
 -21.426  0.2834E+00  0.5489E+01
 -21.416  0.2812E+00  0.5492E+01
 -21.406  0.2784E+00  0.5495E+01
 -21.396  0.2751E+00  0.5497E+01
 -21.386  0.2713E+00  0.5500E+01
 -21.376  0.2670E+00  0.5503E+01
 -21.366  0.2625E+00  0.5505E+01
 -21.356  0.2576E+00  0.5508E+01
 -21.346  0.2527E+00  0.5510E+01
 -21.336  0.2479E+00  0.5513E+01
 -21.326  0.2433E+00  0.5515E+01
 -21.316  0.2391E+00  0.5518E+01
 -21.306  0.2356E+00  0.5520E+01
 -21.296  0.2329E+00  0.5522E+01
 -21.286  0.2313E+00  0.5525E+01
 -21.276  0.2309E+00  0.5527E+01
 -21.266  0.2319E+00  0.5529E+01
 -21.256  0.2345E+00  0.5532E+01
 -21.246  0.2388E+00  0.5534E+01
 -21.236  0.2448E+00  0.5537E+01
 -21.226  0.2525E+00  0.5539E+01
 -21.216  0.2620E+00  0.5542E+01
 -21.206  0.2729E+00  0.5544E+01
 -21.196  0.2853E+00  0.5547E+01
 -21.186  0.2987E+00  0.5550E+01
 -21.176  0.3128E+00  0.5553E+01
 -21.166  0.3274E+00  0.5557E+01
 -21.156  0.3419E+00  0.5560E+01
 -21.146  0.3559E+00  0.5564E+01
 -21.136  0.3691E+00  0.5567E+01
 -21.126  0.3809E+00  0.5571E+01
 -21.116  0.3909E+00  0.5575E+01
 -21.106  0.3989E+00  0.5579E+01
 -21.096  0.4044E+00  0.5583E+01
 -21.086  0.4074E+00  0.5587E+01
 -21.076  0.4077E+00  0.5591E+01
 -21.066  0.4051E+00  0.5595E+01
 -21.056  0.3999E+00  0.5599E+01
 -21.046  0.3920E+00  0.5603E+01
 -21.036  0.3818E+00  0.5607E+01
 -21.026  0.3695E+00  0.5611E+01
 -21.016  0.3555E+00  0.5614E+01
 -21.006  0.3402E+00  0.5618E+01
 -20.996  0.3239E+00  0.5621E+01
 -20.986  0.3072E+00  0.5624E+01
 -20.976  0.2904E+00  0.5627E+01
 -20.966  0.2740E+00  0.5630E+01
 -20.956  0.2583E+00  0.5632E+01
 -20.946  0.2437E+00  0.5635E+01
 -20.936  0.2305E+00  0.5637E+01
 -20.926  0.2188E+00  0.5639E+01
 -20.916  0.2089E+00  0.5641E+01
 -20.906  0.2007E+00  0.5643E+01
 -20.896  0.1944E+00  0.5645E+01
 -20.886  0.1900E+00  0.5647E+01
 -20.876  0.1872E+00  0.5649E+01
 -20.866  0.1861E+00  0.5651E+01
 -20.856  0.1864E+00  0.5653E+01
 -20.846  0.1881E+00  0.5655E+01
 -20.836  0.1908E+00  0.5656E+01
 -20.826  0.1945E+00  0.5658E+01
 -20.816  0.1988E+00  0.5660E+01
 -20.806  0.2038E+00  0.5662E+01
 -20.796  0.2091E+00  0.5664E+01
 -20.786  0.2146E+00  0.5667E+01
 -20.776  0.2202E+00  0.5669E+01
 -20.766  0.2258E+00  0.5671E+01
 -20.756  0.2312E+00  0.5673E+01
 -20.746  0.2362E+00  0.5676E+01
 -20.736  0.2409E+00  0.5678E+01
 -20.726  0.2450E+00  0.5681E+01
 -20.716  0.2486E+00  0.5683E+01
 -20.706  0.2516E+00  0.5686E+01
 -20.696  0.2538E+00  0.5688E+01
 -20.686  0.2553E+00  0.5691E+01
 -20.676  0.2560E+00  0.5693E+01
 -20.666  0.2559E+00  0.5696E+01
 -20.656  0.2550E+00  0.5698E+01
 -20.646  0.2534E+00  0.5701E+01
 -20.636  0.2510E+00  0.5703E+01
 -20.626  0.2480E+00  0.5706E+01
 -20.616  0.2444E+00  0.5708E+01
 -20.606  0.2403E+00  0.5711E+01
 -20.596  0.2359E+00  0.5713E+01
 -20.586  0.2314E+00  0.5715E+01
 -20.576  0.2269E+00  0.5718E+01
 -20.566  0.2227E+00  0.5720E+01
 -20.556  0.2188E+00  0.5722E+01
 -20.546  0.2156E+00  0.5724E+01
 -20.536  0.2131E+00  0.5726E+01
 -20.526  0.2117E+00  0.5729E+01
 -20.516  0.2115E+00  0.5731E+01
 -20.506  0.2126E+00  0.5733E+01
 -20.496  0.2151E+00  0.5735E+01
 -20.486  0.2192E+00  0.5737E+01
 -20.476  0.2248E+00  0.5739E+01
 -20.466  0.2318E+00  0.5742E+01
 -20.456  0.2402E+00  0.5744E+01
 -20.446  0.2498E+00  0.5747E+01
 -20.436  0.2603E+00  0.5749E+01
 -20.426  0.2716E+00  0.5752E+01
 -20.416  0.2832E+00  0.5755E+01
 -20.406  0.2948E+00  0.5758E+01
 -20.396  0.3061E+00  0.5761E+01
 -20.386  0.3167E+00  0.5764E+01
 -20.376  0.3261E+00  0.5767E+01
 -20.366  0.3341E+00  0.5771E+01
 -20.356  0.3404E+00  0.5774E+01
 -20.346  0.3446E+00  0.5777E+01
 -20.336  0.3467E+00  0.5781E+01
 -20.326  0.3465E+00  0.5784E+01
 -20.316  0.3439E+00  0.5788E+01
 -20.306  0.3389E+00  0.5791E+01
 -20.296  0.3317E+00  0.5794E+01
 -20.286  0.3224E+00  0.5798E+01
 -20.276  0.3112E+00  0.5801E+01
 -20.266  0.2984E+00  0.5804E+01
 -20.256  0.2843E+00  0.5807E+01
 -20.246  0.2692E+00  0.5809E+01
 -20.236  0.2535E+00  0.5812E+01
 -20.226  0.2375E+00  0.5814E+01
 -20.216  0.2216E+00  0.5816E+01
 -20.206  0.2062E+00  0.5818E+01
 -20.196  0.1916E+00  0.5820E+01
 -20.186  0.1779E+00  0.5822E+01
 -20.176  0.1656E+00  0.5824E+01
 -20.166  0.1547E+00  0.5825E+01
 -20.156  0.1454E+00  0.5827E+01
 -20.146  0.1377E+00  0.5828E+01
 -20.136  0.1318E+00  0.5830E+01
 -20.126  0.1275E+00  0.5831E+01
 -20.116  0.1248E+00  0.5832E+01
 -20.106  0.1236E+00  0.5833E+01
 -20.096  0.1237E+00  0.5835E+01
 -20.086  0.1250E+00  0.5836E+01
 -20.076  0.1273E+00  0.5837E+01
 -20.066  0.1304E+00  0.5838E+01
 -20.056  0.1342E+00  0.5840E+01
 -20.046  0.1385E+00  0.5841E+01
 -20.036  0.1432E+00  0.5843E+01
 -20.026  0.1483E+00  0.5844E+01
 -20.016  0.1536E+00  0.5846E+01
 -20.006  0.1593E+00  0.5847E+01
 -19.996  0.1652E+00  0.5849E+01
 -19.986  0.1715E+00  0.5850E+01
 -19.976  0.1782E+00  0.5852E+01
 -19.966  0.1854E+00  0.5854E+01
 -19.956  0.1932E+00  0.5856E+01
 -19.946  0.2017E+00  0.5858E+01
 -19.936  0.2109E+00  0.5860E+01
 -19.926  0.2208E+00  0.5862E+01
 -19.916  0.2314E+00  0.5865E+01
 -19.906  0.2427E+00  0.5867E+01
 -19.896  0.2545E+00  0.5870E+01
 -19.886  0.2667E+00  0.5872E+01
 -19.876  0.2793E+00  0.5875E+01
 -19.866  0.2919E+00  0.5878E+01
 -19.856  0.3045E+00  0.5881E+01
 -19.846  0.3168E+00  0.5884E+01
 -19.836  0.3287E+00  0.5888E+01
 -19.826  0.3400E+00  0.5891E+01
 -19.816  0.3505E+00  0.5894E+01
 -19.806  0.3602E+00  0.5898E+01
 -19.796  0.3690E+00  0.5902E+01
 -19.786  0.3768E+00  0.5906E+01
 -19.776  0.3837E+00  0.5909E+01
 -19.766  0.3896E+00  0.5913E+01
 -19.756  0.3947E+00  0.5917E+01
 -19.746  0.3989E+00  0.5921E+01
 -19.736  0.4023E+00  0.5925E+01
 -19.726  0.4051E+00  0.5929E+01
 -19.716  0.4073E+00  0.5933E+01
 -19.706  0.4090E+00  0.5937E+01
 -19.696  0.4103E+00  0.5942E+01
 -19.686  0.4113E+00  0.5946E+01
 -19.676  0.4119E+00  0.5950E+01
 -19.666  0.4124E+00  0.5954E+01
 -19.656  0.4128E+00  0.5958E+01
 -19.646  0.4131E+00  0.5962E+01
 -19.636  0.4133E+00  0.5966E+01
 -19.626  0.4136E+00  0.5970E+01
 -19.616  0.4140E+00  0.5975E+01
 -19.606  0.4146E+00  0.5979E+01
 -19.596  0.4153E+00  0.5983E+01
 -19.586  0.4162E+00  0.5987E+01
 -19.576  0.4174E+00  0.5991E+01
 -19.566  0.4188E+00  0.5995E+01
 -19.556  0.4203E+00  0.6000E+01
 -19.546  0.4221E+00  0.6004E+01
 -19.536  0.4240E+00  0.6008E+01
 -19.526  0.4259E+00  0.6012E+01
 -19.516  0.4279E+00  0.6017E+01
 -19.506  0.4298E+00  0.6021E+01
 -19.496  0.4316E+00  0.6025E+01
 -19.486  0.4332E+00  0.6030E+01
 -19.476  0.4345E+00  0.6034E+01
 -19.466  0.4354E+00  0.6038E+01
 -19.456  0.4360E+00  0.6043E+01
 -19.446  0.4362E+00  0.6047E+01
 -19.436  0.4359E+00  0.6051E+01
 -19.426  0.4352E+00  0.6056E+01
 -19.416  0.4340E+00  0.6060E+01
 -19.406  0.4323E+00  0.6064E+01
 -19.396  0.4301E+00  0.6069E+01
 -19.386  0.4274E+00  0.6073E+01
 -19.376  0.4242E+00  0.6077E+01
 -19.366  0.4207E+00  0.6081E+01
 -19.356  0.4167E+00  0.6086E+01
 -19.346  0.4124E+00  0.6090E+01
 -19.336  0.4078E+00  0.6094E+01
 -19.326  0.4031E+00  0.6098E+01
 -19.316  0.3983E+00  0.6102E+01
 -19.306  0.3936E+00  0.6106E+01
 -19.296  0.3890E+00  0.6110E+01
 -19.286  0.3846E+00  0.6113E+01
 -19.276  0.3807E+00  0.6117E+01
 -19.266  0.3773E+00  0.6121E+01
 -19.256  0.3745E+00  0.6125E+01
 -19.246  0.3723E+00  0.6128E+01
 -19.236  0.3710E+00  0.6132E+01
 -19.226  0.3704E+00  0.6136E+01
 -19.216  0.3707E+00  0.6140E+01
 -19.206  0.3718E+00  0.6143E+01
 -19.196  0.3738E+00  0.6147E+01
 -19.186  0.3766E+00  0.6151E+01
 -19.176  0.3803E+00  0.6155E+01
 -19.166  0.3847E+00  0.6158E+01
 -19.156  0.3900E+00  0.6162E+01
 -19.146  0.3959E+00  0.6166E+01
 -19.136  0.4026E+00  0.6170E+01
 -19.126  0.4099E+00  0.6174E+01
 -19.116  0.4179E+00  0.6179E+01
 -19.106  0.4265E+00  0.6183E+01
 -19.096  0.4355E+00  0.6187E+01
 -19.086  0.4450E+00  0.6192E+01
 -19.076  0.4549E+00  0.6196E+01
 -19.066  0.4649E+00  0.6201E+01
 -19.056  0.4750E+00  0.6206E+01
 -19.046  0.4849E+00  0.6210E+01
 -19.036  0.4946E+00  0.6215E+01
 -19.026  0.5037E+00  0.6220E+01
 -19.016  0.5122E+00  0.6226E+01
 -19.006  0.5198E+00  0.6231E+01
 -18.996  0.5262E+00  0.6236E+01
 -18.986  0.5314E+00  0.6241E+01
 -18.976  0.5351E+00  0.6247E+01
 -18.966  0.5372E+00  0.6252E+01
 -18.956  0.5377E+00  0.6257E+01
 -18.946  0.5364E+00  0.6263E+01
 -18.936  0.5335E+00  0.6268E+01
 -18.926  0.5289E+00  0.6273E+01
 -18.916  0.5227E+00  0.6279E+01
 -18.906  0.5150E+00  0.6284E+01
 -18.896  0.5060E+00  0.6289E+01
 -18.886  0.4959E+00  0.6294E+01
 -18.876  0.4848E+00  0.6299E+01
 -18.866  0.4729E+00  0.6303E+01
 -18.856  0.4605E+00  0.6308E+01
 -18.846  0.4478E+00  0.6312E+01
 -18.836  0.4350E+00  0.6317E+01
 -18.826  0.4222E+00  0.6321E+01
 -18.816  0.4097E+00  0.6325E+01
 -18.806  0.3975E+00  0.6329E+01
 -18.796  0.3859E+00  0.6333E+01
 -18.786  0.3750E+00  0.6337E+01
 -18.776  0.3649E+00  0.6340E+01
 -18.766  0.3556E+00  0.6344E+01
 -18.756  0.3472E+00  0.6347E+01
 -18.746  0.3399E+00  0.6351E+01
 -18.736  0.3335E+00  0.6354E+01
 -18.726  0.3283E+00  0.6357E+01
 -18.716  0.3242E+00  0.6361E+01
 -18.706  0.3211E+00  0.6364E+01
 -18.696  0.3193E+00  0.6367E+01
 -18.686  0.3185E+00  0.6370E+01
 -18.676  0.3190E+00  0.6373E+01
 -18.666  0.3206E+00  0.6377E+01
 -18.656  0.3233E+00  0.6380E+01
 -18.646  0.3272E+00  0.6383E+01
 -18.636  0.3322E+00  0.6386E+01
 -18.626  0.3383E+00  0.6390E+01
 -18.616  0.3455E+00  0.6393E+01
 -18.606  0.3536E+00  0.6397E+01
 -18.596  0.3625E+00  0.6400E+01
 -18.586  0.3722E+00  0.6404E+01
 -18.576  0.3825E+00  0.6408E+01
 -18.566  0.3932E+00  0.6412E+01
 -18.556  0.4041E+00  0.6416E+01
 -18.546  0.4149E+00  0.6420E+01
 -18.536  0.4256E+00  0.6424E+01
 -18.526  0.4357E+00  0.6429E+01
 -18.516  0.4451E+00  0.6433E+01
 -18.506  0.4537E+00  0.6438E+01
 -18.496  0.4610E+00  0.6442E+01
 -18.486  0.4671E+00  0.6447E+01
 -18.476  0.4718E+00  0.6452E+01
 -18.466  0.4750E+00  0.6457E+01
 -18.456  0.4767E+00  0.6461E+01
 -18.446  0.4769E+00  0.6466E+01
 -18.436  0.4756E+00  0.6471E+01
 -18.426  0.4730E+00  0.6476E+01
 -18.416  0.4691E+00  0.6480E+01
 -18.406  0.4642E+00  0.6485E+01
 -18.396  0.4584E+00  0.6489E+01
 -18.386  0.4519E+00  0.6494E+01
 -18.376  0.4448E+00  0.6498E+01
 -18.366  0.4374E+00  0.6503E+01
 -18.356  0.4299E+00  0.6507E+01
 -18.346  0.4225E+00  0.6511E+01
 -18.336  0.4152E+00  0.6515E+01
 -18.326  0.4084E+00  0.6520E+01
 -18.316  0.4021E+00  0.6524E+01
 -18.306  0.3966E+00  0.6528E+01
 -18.296  0.3919E+00  0.6531E+01
 -18.286  0.3883E+00  0.6535E+01
 -18.276  0.3859E+00  0.6539E+01
 -18.266  0.3848E+00  0.6543E+01
 -18.256  0.3851E+00  0.6547E+01
 -18.246  0.3869E+00  0.6551E+01
 -18.236  0.3903E+00  0.6555E+01
 -18.226  0.3952E+00  0.6559E+01
 -18.216  0.4017E+00  0.6563E+01
 -18.206  0.4095E+00  0.6567E+01
 -18.196  0.4186E+00  0.6571E+01
 -18.186  0.4288E+00  0.6575E+01
 -18.176  0.4397E+00  0.6580E+01
 -18.166  0.4512E+00  0.6584E+01
 -18.156  0.4627E+00  0.6589E+01
 -18.146  0.4740E+00  0.6593E+01
 -18.136  0.4846E+00  0.6598E+01
 -18.126  0.4943E+00  0.6603E+01
 -18.116  0.5025E+00  0.6608E+01
 -18.106  0.5089E+00  0.6613E+01
 -18.096  0.5133E+00  0.6619E+01
 -18.086  0.5153E+00  0.6624E+01
 -18.076  0.5149E+00  0.6629E+01
 -18.066  0.5120E+00  0.6634E+01
 -18.056  0.5065E+00  0.6639E+01
 -18.046  0.4984E+00  0.6644E+01
 -18.036  0.4881E+00  0.6649E+01
 -18.026  0.4756E+00  0.6654E+01
 -18.016  0.4613E+00  0.6658E+01
 -18.006  0.4455E+00  0.6663E+01
 -17.996  0.4286E+00  0.6667E+01
 -17.986  0.4111E+00  0.6671E+01
 -17.976  0.3934E+00  0.6675E+01
 -17.966  0.3759E+00  0.6679E+01
 -17.956  0.3590E+00  0.6682E+01
 -17.946  0.3431E+00  0.6686E+01
 -17.936  0.3286E+00  0.6689E+01
 -17.926  0.3158E+00  0.6692E+01
 -17.916  0.3050E+00  0.6695E+01
 -17.906  0.2963E+00  0.6698E+01
 -17.896  0.2899E+00  0.6701E+01
 -17.886  0.2858E+00  0.6704E+01
 -17.876  0.2842E+00  0.6707E+01
 -17.866  0.2850E+00  0.6710E+01
 -17.856  0.2882E+00  0.6713E+01
 -17.846  0.2937E+00  0.6716E+01
 -17.836  0.3014E+00  0.6719E+01
 -17.826  0.3111E+00  0.6722E+01
 -17.816  0.3227E+00  0.6725E+01
 -17.806  0.3360E+00  0.6728E+01
 -17.796  0.3509E+00  0.6732E+01
 -17.786  0.3671E+00  0.6735E+01
 -17.776  0.3845E+00  0.6739E+01
 -17.766  0.4027E+00  0.6743E+01
 -17.756  0.4215E+00  0.6748E+01
 -17.746  0.4407E+00  0.6752E+01
 -17.736  0.4599E+00  0.6757E+01
 -17.726  0.4788E+00  0.6761E+01
 -17.716  0.4971E+00  0.6766E+01
 -17.706  0.5145E+00  0.6771E+01
 -17.696  0.5307E+00  0.6777E+01
 -17.686  0.5453E+00  0.6782E+01
 -17.676  0.5580E+00  0.6788E+01
 -17.666  0.5685E+00  0.6793E+01
 -17.656  0.5767E+00  0.6799E+01
 -17.646  0.5823E+00  0.6805E+01
 -17.636  0.5851E+00  0.6811E+01
 -17.626  0.5851E+00  0.6817E+01
 -17.616  0.5822E+00  0.6823E+01
 -17.606  0.5765E+00  0.6828E+01
 -17.596  0.5680E+00  0.6834E+01
 -17.586  0.5567E+00  0.6840E+01
 -17.576  0.5429E+00  0.6845E+01
 -17.566  0.5267E+00  0.6850E+01
 -17.556  0.5084E+00  0.6855E+01
 -17.546  0.4882E+00  0.6860E+01
 -17.536  0.4664E+00  0.6865E+01
 -17.526  0.4432E+00  0.6869E+01
 -17.516  0.4190E+00  0.6874E+01
 -17.506  0.3940E+00  0.6877E+01
 -17.496  0.3686E+00  0.6881E+01
 -17.486  0.3430E+00  0.6885E+01
 -17.476  0.3175E+00  0.6888E+01
 -17.466  0.2923E+00  0.6891E+01
 -17.456  0.2678E+00  0.6893E+01
 -17.446  0.2441E+00  0.6896E+01
 -17.436  0.2216E+00  0.6898E+01
 -17.426  0.2003E+00  0.6900E+01
 -17.416  0.1804E+00  0.6902E+01
 -17.406  0.1622E+00  0.6903E+01
 -17.396  0.1459E+00  0.6905E+01
 -17.386  0.1314E+00  0.6906E+01
 -17.376  0.1191E+00  0.6907E+01
 -17.366  0.1089E+00  0.6909E+01
 -17.356  0.1010E+00  0.6910E+01
 -17.346  0.9543E-01  0.6910E+01
 -17.336  0.9233E-01  0.6911E+01
 -17.326  0.9172E-01  0.6912E+01
 -17.316  0.9364E-01  0.6913E+01
 -17.306  0.9809E-01  0.6914E+01
 -17.296  0.1051E+00  0.6915E+01
 -17.286  0.1145E+00  0.6916E+01
 -17.276  0.1263E+00  0.6918E+01
 -17.266  0.1403E+00  0.6919E+01
 -17.256  0.1565E+00  0.6921E+01
 -17.246  0.1745E+00  0.6922E+01
 -17.236  0.1941E+00  0.6924E+01
 -17.226  0.2151E+00  0.6926E+01
 -17.216  0.2371E+00  0.6929E+01
 -17.206  0.2598E+00  0.6931E+01
 -17.196  0.2827E+00  0.6934E+01
 -17.186  0.3056E+00  0.6937E+01
 -17.176  0.3280E+00  0.6941E+01
 -17.166  0.3497E+00  0.6944E+01
 -17.156  0.3701E+00  0.6948E+01
 -17.146  0.3892E+00  0.6952E+01
 -17.136  0.4066E+00  0.6956E+01
 -17.126  0.4220E+00  0.6960E+01
 -17.116  0.4355E+00  0.6964E+01
 -17.106  0.4468E+00  0.6969E+01
 -17.096  0.4559E+00  0.6973E+01
 -17.086  0.4628E+00  0.6978E+01
 -17.076  0.4677E+00  0.6983E+01
 -17.066  0.4705E+00  0.6987E+01
 -17.056  0.4715E+00  0.6992E+01
 -17.046  0.4709E+00  0.6997E+01
 -17.036  0.4687E+00  0.7001E+01
 -17.026  0.4653E+00  0.7006E+01
 -17.016  0.4609E+00  0.7011E+01
 -17.006  0.4557E+00  0.7015E+01
 -16.996  0.4499E+00  0.7020E+01
 -16.986  0.4437E+00  0.7024E+01
 -16.976  0.4374E+00  0.7029E+01
 -16.966  0.4309E+00  0.7033E+01
 -16.956  0.4246E+00  0.7037E+01
 -16.946  0.4185E+00  0.7041E+01
 -16.936  0.4127E+00  0.7045E+01
 -16.926  0.4073E+00  0.7050E+01
 -16.916  0.4022E+00  0.7054E+01
 -16.906  0.3976E+00  0.7058E+01
 -16.896  0.3935E+00  0.7062E+01
 -16.886  0.3898E+00  0.7065E+01
 -16.876  0.3866E+00  0.7069E+01
 -16.866  0.3840E+00  0.7073E+01
 -16.856  0.3820E+00  0.7077E+01
 -16.846  0.3806E+00  0.7081E+01
 -16.836  0.3800E+00  0.7085E+01
 -16.826  0.3803E+00  0.7088E+01
 -16.816  0.3816E+00  0.7092E+01
 -16.806  0.3841E+00  0.7096E+01
 -16.796  0.3877E+00  0.7100E+01
 -16.786  0.3927E+00  0.7104E+01
 -16.776  0.3991E+00  0.7108E+01
 -16.766  0.4068E+00  0.7112E+01
 -16.756  0.4159E+00  0.7116E+01
 -16.746  0.4262E+00  0.7120E+01
 -16.736  0.4376E+00  0.7125E+01
 -16.726  0.4497E+00  0.7129E+01
 -16.716  0.4623E+00  0.7134E+01
 -16.706  0.4751E+00  0.7139E+01
 -16.696  0.4877E+00  0.7143E+01
 -16.686  0.4996E+00  0.7148E+01
 -16.676  0.5105E+00  0.7154E+01
 -16.666  0.5200E+00  0.7159E+01
 -16.656  0.5277E+00  0.7164E+01
 -16.646  0.5334E+00  0.7169E+01
 -16.636  0.5369E+00  0.7175E+01
 -16.626  0.5380E+00  0.7180E+01
 -16.616  0.5367E+00  0.7185E+01
 -16.606  0.5330E+00  0.7191E+01
 -16.596  0.5272E+00  0.7196E+01
 -16.586  0.5193E+00  0.7201E+01
 -16.576  0.5098E+00  0.7206E+01
 -16.566  0.4989E+00  0.7211E+01
 -16.556  0.4870E+00  0.7216E+01
 -16.546  0.4747E+00  0.7221E+01
 -16.536  0.4622E+00  0.7226E+01
 -16.526  0.4500E+00  0.7230E+01
 -16.516  0.4385E+00  0.7234E+01
 -16.506  0.4282E+00  0.7239E+01
 -16.496  0.4193E+00  0.7243E+01
 -16.486  0.4122E+00  0.7247E+01
 -16.476  0.4071E+00  0.7251E+01
 -16.466  0.4043E+00  0.7255E+01
 -16.456  0.4039E+00  0.7259E+01
 -16.446  0.4061E+00  0.7263E+01
 -16.436  0.4110E+00  0.7267E+01
 -16.426  0.4186E+00  0.7272E+01
 -16.416  0.4290E+00  0.7276E+01
 -16.406  0.4421E+00  0.7280E+01
 -16.396  0.4579E+00  0.7285E+01
 -16.386  0.4764E+00  0.7290E+01
 -16.376  0.4973E+00  0.7295E+01
 -16.366  0.5206E+00  0.7300E+01
 -16.356  0.5460E+00  0.7305E+01
 -16.346  0.5732E+00  0.7311E+01
 -16.336  0.6020E+00  0.7317E+01
 -16.326  0.6321E+00  0.7323E+01
 -16.316  0.6629E+00  0.7330E+01
 -16.306  0.6942E+00  0.7337E+01
 -16.296  0.7255E+00  0.7344E+01
 -16.286  0.7563E+00  0.7352E+01
 -16.276  0.7862E+00  0.7360E+01
 -16.266  0.8148E+00  0.7368E+01
 -16.256  0.8416E+00  0.7376E+01
 -16.246  0.8663E+00  0.7385E+01
 -16.236  0.8887E+00  0.7394E+01
 -16.226  0.9084E+00  0.7403E+01
 -16.216  0.9254E+00  0.7412E+01
 -16.206  0.9394E+00  0.7421E+01
 -16.196  0.9506E+00  0.7431E+01
 -16.186  0.9590E+00  0.7440E+01
 -16.176  0.9646E+00  0.7450E+01
 -16.166  0.9676E+00  0.7460E+01
 -16.156  0.9681E+00  0.7470E+01
 -16.146  0.9665E+00  0.7479E+01
 -16.136  0.9630E+00  0.7489E+01
 -16.126  0.9578E+00  0.7498E+01
 -16.116  0.9512E+00  0.7508E+01
 -16.106  0.9436E+00  0.7517E+01
 -16.096  0.9352E+00  0.7527E+01
 -16.086  0.9264E+00  0.7536E+01
 -16.076  0.9176E+00  0.7545E+01
 -16.066  0.9090E+00  0.7554E+01
 -16.056  0.9010E+00  0.7563E+01
 -16.046  0.8940E+00  0.7572E+01
 -16.036  0.8883E+00  0.7581E+01
 -16.026  0.8841E+00  0.7590E+01
 -16.016  0.8818E+00  0.7599E+01
 -16.006  0.8815E+00  0.7608E+01
 -15.996  0.8836E+00  0.7616E+01
 -15.986  0.8879E+00  0.7625E+01
 -15.976  0.8947E+00  0.7634E+01
 -15.966  0.9038E+00  0.7643E+01
 -15.956  0.9152E+00  0.7652E+01
 -15.946  0.9287E+00  0.7662E+01
 -15.936  0.9440E+00  0.7671E+01
 -15.926  0.9608E+00  0.7681E+01
 -15.916  0.9786E+00  0.7690E+01
 -15.906  0.9972E+00  0.7700E+01
 -15.896  0.1016E+01  0.7711E+01
 -15.886  0.1034E+01  0.7721E+01
 -15.876  0.1052E+01  0.7731E+01
 -15.866  0.1069E+01  0.7742E+01
 -15.856  0.1083E+01  0.7753E+01
 -15.846  0.1096E+01  0.7764E+01
 -15.836  0.1107E+01  0.7775E+01
 -15.826  0.1114E+01  0.7786E+01
 -15.816  0.1120E+01  0.7797E+01
 -15.806  0.1122E+01  0.7809E+01
 -15.796  0.1121E+01  0.7820E+01
 -15.786  0.1118E+01  0.7831E+01
 -15.776  0.1113E+01  0.7842E+01
 -15.766  0.1106E+01  0.7853E+01
 -15.756  0.1096E+01  0.7864E+01
 -15.746  0.1086E+01  0.7875E+01
 -15.736  0.1075E+01  0.7886E+01
 -15.726  0.1064E+01  0.7896E+01
 -15.716  0.1053E+01  0.7907E+01
 -15.706  0.1043E+01  0.7917E+01
 -15.696  0.1035E+01  0.7928E+01
 -15.686  0.1029E+01  0.7938E+01
 -15.676  0.1026E+01  0.7948E+01
 -15.666  0.1026E+01  0.7958E+01
 -15.656  0.1029E+01  0.7969E+01
 -15.646  0.1037E+01  0.7979E+01
 -15.636  0.1049E+01  0.7990E+01
 -15.626  0.1065E+01  0.8000E+01
 -15.616  0.1086E+01  0.8011E+01
 -15.606  0.1111E+01  0.8022E+01
 -15.596  0.1141E+01  0.8034E+01
 -15.586  0.1176E+01  0.8045E+01
 -15.576  0.1214E+01  0.8058E+01
 -15.566  0.1256E+01  0.8070E+01
 -15.556  0.1302E+01  0.8083E+01
 -15.546  0.1351E+01  0.8097E+01
 -15.536  0.1402E+01  0.8111E+01
 -15.526  0.1455E+01  0.8125E+01
 -15.516  0.1510E+01  0.8140E+01
 -15.506  0.1565E+01  0.8156E+01
 -15.496  0.1620E+01  0.8172E+01
 -15.486  0.1674E+01  0.8189E+01
 -15.476  0.1727E+01  0.8206E+01
 -15.466  0.1777E+01  0.8224E+01
 -15.456  0.1825E+01  0.8242E+01
 -15.446  0.1870E+01  0.8261E+01
 -15.436  0.1910E+01  0.8280E+01
 -15.426  0.1947E+01  0.8299E+01
 -15.416  0.1979E+01  0.8319E+01
 -15.406  0.2006E+01  0.8339E+01
 -15.396  0.2028E+01  0.8360E+01
 -15.386  0.2045E+01  0.8380E+01
 -15.376  0.2057E+01  0.8401E+01
 -15.366  0.2064E+01  0.8421E+01
 -15.356  0.2066E+01  0.8442E+01
 -15.346  0.2064E+01  0.8463E+01
 -15.336  0.2057E+01  0.8483E+01
 -15.326  0.2046E+01  0.8504E+01
 -15.316  0.2030E+01  0.8524E+01
 -15.306  0.2011E+01  0.8544E+01
 -15.296  0.1989E+01  0.8564E+01
 -15.286  0.1963E+01  0.8584E+01
 -15.276  0.1933E+01  0.8603E+01
 -15.266  0.1901E+01  0.8622E+01
 -15.256  0.1866E+01  0.8641E+01
 -15.246  0.1828E+01  0.8659E+01
 -15.236  0.1788E+01  0.8677E+01
 -15.226  0.1745E+01  0.8694E+01
 -15.216  0.1701E+01  0.8711E+01
 -15.206  0.1655E+01  0.8728E+01
 -15.196  0.1608E+01  0.8744E+01
 -15.186  0.1560E+01  0.8759E+01
 -15.176  0.1512E+01  0.8774E+01
 -15.166  0.1465E+01  0.8789E+01
 -15.156  0.1418E+01  0.8803E+01
 -15.146  0.1373E+01  0.8817E+01
 -15.136  0.1330E+01  0.8830E+01
 -15.126  0.1290E+01  0.8843E+01
 -15.116  0.1253E+01  0.8856E+01
 -15.106  0.1219E+01  0.8868E+01
 -15.096  0.1189E+01  0.8880E+01
 -15.086  0.1163E+01  0.8891E+01
 -15.076  0.1140E+01  0.8903E+01
 -15.066  0.1122E+01  0.8914E+01
 -15.056  0.1108E+01  0.8925E+01
 -15.046  0.1097E+01  0.8936E+01
 -15.036  0.1090E+01  0.8947E+01
 -15.026  0.1085E+01  0.8958E+01
 -15.016  0.1084E+01  0.8969E+01
 -15.006  0.1084E+01  0.8980E+01
 -14.996  0.1087E+01  0.8990E+01
 -14.986  0.1091E+01  0.9001E+01
 -14.976  0.1097E+01  0.9012E+01
 -14.966  0.1103E+01  0.9023E+01
 -14.956  0.1111E+01  0.9034E+01
 -14.946  0.1119E+01  0.9046E+01
 -14.936  0.1127E+01  0.9057E+01
 -14.926  0.1136E+01  0.9068E+01
 -14.916  0.1146E+01  0.9080E+01
 -14.906  0.1156E+01  0.9091E+01
 -14.896  0.1167E+01  0.9103E+01
 -14.886  0.1177E+01  0.9115E+01
 -14.876  0.1188E+01  0.9127E+01
 -14.866  0.1199E+01  0.9139E+01
 -14.856  0.1210E+01  0.9151E+01
 -14.846  0.1221E+01  0.9163E+01
 -14.836  0.1231E+01  0.9175E+01
 -14.826  0.1240E+01  0.9188E+01
 -14.816  0.1248E+01  0.9200E+01
 -14.806  0.1254E+01  0.9213E+01
 -14.796  0.1259E+01  0.9225E+01
 -14.786  0.1262E+01  0.9238E+01
 -14.776  0.1262E+01  0.9250E+01
 -14.766  0.1261E+01  0.9263E+01
 -14.756  0.1258E+01  0.9276E+01
 -14.746  0.1252E+01  0.9288E+01
 -14.736  0.1244E+01  0.9301E+01
 -14.726  0.1235E+01  0.9313E+01
 -14.716  0.1224E+01  0.9325E+01
 -14.706  0.1212E+01  0.9337E+01
 -14.696  0.1198E+01  0.9349E+01
 -14.686  0.1184E+01  0.9361E+01
 -14.676  0.1169E+01  0.9373E+01
 -14.666  0.1154E+01  0.9384E+01
 -14.656  0.1139E+01  0.9396E+01
 -14.646  0.1124E+01  0.9407E+01
 -14.636  0.1110E+01  0.9418E+01
 -14.626  0.1096E+01  0.9429E+01
 -14.616  0.1083E+01  0.9440E+01
 -14.606  0.1071E+01  0.9451E+01
 -14.596  0.1060E+01  0.9461E+01
 -14.586  0.1051E+01  0.9472E+01
 -14.576  0.1043E+01  0.9482E+01
 -14.566  0.1036E+01  0.9493E+01
 -14.556  0.1032E+01  0.9503E+01
 -14.546  0.1029E+01  0.9513E+01
 -14.536  0.1028E+01  0.9523E+01
 -14.526  0.1030E+01  0.9534E+01
 -14.516  0.1033E+01  0.9544E+01
 -14.506  0.1037E+01  0.9554E+01
 -14.496  0.1044E+01  0.9565E+01
 -14.486  0.1051E+01  0.9575E+01
 -14.476  0.1060E+01  0.9586E+01
 -14.466  0.1069E+01  0.9597E+01
 -14.456  0.1079E+01  0.9607E+01
 -14.446  0.1088E+01  0.9618E+01
 -14.436  0.1098E+01  0.9629E+01
 -14.426  0.1107E+01  0.9640E+01
 -14.416  0.1115E+01  0.9652E+01
 -14.406  0.1122E+01  0.9663E+01
 -14.396  0.1129E+01  0.9674E+01
 -14.386  0.1134E+01  0.9685E+01
 -14.376  0.1139E+01  0.9697E+01
 -14.366  0.1143E+01  0.9708E+01
 -14.356  0.1146E+01  0.9720E+01
 -14.346  0.1148E+01  0.9731E+01
 -14.336  0.1150E+01  0.9743E+01
 -14.326  0.1151E+01  0.9754E+01
 -14.316  0.1151E+01  0.9766E+01
 -14.306  0.1151E+01  0.9777E+01
 -14.296  0.1149E+01  0.9789E+01
 -14.286  0.1146E+01  0.9800E+01
 -14.276  0.1143E+01  0.9812E+01
 -14.266  0.1138E+01  0.9823E+01
 -14.256  0.1132E+01  0.9834E+01
 -14.246  0.1124E+01  0.9845E+01
 -14.236  0.1115E+01  0.9857E+01
 -14.226  0.1105E+01  0.9868E+01
 -14.216  0.1093E+01  0.9879E+01
 -14.206  0.1081E+01  0.9889E+01
 -14.196  0.1068E+01  0.9900E+01
 -14.186  0.1055E+01  0.9911E+01
 -14.176  0.1042E+01  0.9921E+01
 -14.166  0.1029E+01  0.9931E+01
 -14.156  0.1017E+01  0.9942E+01
 -14.146  0.1006E+01  0.9952E+01
 -14.136  0.9956E+00  0.9962E+01
 -14.126  0.9864E+00  0.9971E+01
 -14.116  0.9783E+00  0.9981E+01
 -14.106  0.9712E+00  0.9991E+01
 -14.096  0.9649E+00  0.1000E+02
 -14.086  0.9593E+00  0.1001E+02
 -14.076  0.9541E+00  0.1002E+02
 -14.066  0.9488E+00  0.1003E+02
 -14.056  0.9433E+00  0.1004E+02
 -14.046  0.9372E+00  0.1005E+02
 -14.036  0.9302E+00  0.1006E+02
 -14.026  0.9223E+00  0.1007E+02
 -14.016  0.9132E+00  0.1008E+02
 -14.006  0.9031E+00  0.1008E+02
 -13.996  0.8921E+00  0.1009E+02
 -13.986  0.8805E+00  0.1010E+02
 -13.976  0.8686E+00  0.1011E+02
 -13.966  0.8568E+00  0.1012E+02
 -13.956  0.8459E+00  0.1013E+02
 -13.946  0.8363E+00  0.1014E+02
 -13.936  0.8286E+00  0.1014E+02
 -13.926  0.8236E+00  0.1015E+02
 -13.916  0.8217E+00  0.1016E+02
 -13.906  0.8233E+00  0.1017E+02
 -13.896  0.8289E+00  0.1018E+02
 -13.886  0.8387E+00  0.1019E+02
 -13.876  0.8526E+00  0.1019E+02
 -13.866  0.8706E+00  0.1020E+02
 -13.856  0.8924E+00  0.1021E+02
 -13.846  0.9176E+00  0.1022E+02
 -13.836  0.9455E+00  0.1023E+02
 -13.826  0.9755E+00  0.1024E+02
