#  E (eV)   dos(E)     Int dos(E) EFermi =   -0.920 eV
 -15.919  0.6946E+00  0.6946E-02
 -15.909  0.6955E+00  0.1390E-01
 -15.899  0.6965E+00  0.2087E-01
 -15.889  0.6974E+00  0.2784E-01
 -15.880  0.6984E+00  0.3482E-01
 -15.869  0.6994E+00  0.4182E-01
 -15.859  0.7005E+00  0.4882E-01
 -15.849  0.7015E+00  0.5584E-01
 -15.839  0.7026E+00  0.6287E-01
 -15.829  0.7038E+00  0.6990E-01
 -15.819  0.7049E+00  0.7695E-01
 -15.809  0.7061E+00  0.8401E-01
 -15.800  0.7074E+00  0.9109E-01
 -15.790  0.7086E+00  0.9817E-01
 -15.780  0.7100E+00  0.1053E+00
 -15.770  0.7113E+00  0.1124E+00
 -15.760  0.7128E+00  0.1195E+00
 -15.750  0.7143E+00  0.1267E+00
 -15.740  0.7158E+00  0.1338E+00
 -15.729  0.7174E+00  0.1410E+00
 -15.720  0.7191E+00  0.1482E+00
 -15.710  0.7209E+00  0.1554E+00
 -15.700  0.7227E+00  0.1626E+00
 -15.690  0.7246E+00  0.1699E+00
 -15.679  0.7266E+00  0.1771E+00
 -15.669  0.7287E+00  0.1844E+00
 -15.659  0.7309E+00  0.1917E+00
 -15.649  0.7332E+00  0.1991E+00
 -15.639  0.7356E+00  0.2064E+00
 -15.630  0.7381E+00  0.2138E+00
 -15.619  0.7407E+00  0.2212E+00
 -15.609  0.7434E+00  0.2286E+00
 -15.599  0.7463E+00  0.2361E+00
 -15.589  0.7493E+00  0.2436E+00
 -15.579  0.7525E+00  0.2511E+00
 -15.569  0.7558E+00  0.2587E+00
 -15.560  0.7592E+00  0.2663E+00
 -15.550  0.7629E+00  0.2739E+00
 -15.540  0.7666E+00  0.2816E+00
 -15.530  0.7705E+00  0.2893E+00
 -15.520  0.7746E+00  0.2970E+00
 -15.510  0.7788E+00  0.3048E+00
 -15.500  0.7832E+00  0.3126E+00
 -15.490  0.7876E+00  0.3205E+00
 -15.479  0.7922E+00  0.3284E+00
 -15.470  0.7968E+00  0.3364E+00
 -15.460  0.8015E+00  0.3444E+00
 -15.450  0.8062E+00  0.3525E+00
 -15.440  0.8110E+00  0.3606E+00
 -15.429  0.8157E+00  0.3687E+00
 -15.419  0.8203E+00  0.3769E+00
 -15.409  0.8248E+00  0.3852E+00
 -15.399  0.8292E+00  0.3935E+00
 -15.389  0.8334E+00  0.4018E+00
 -15.379  0.8373E+00  0.4102E+00
 -15.369  0.8409E+00  0.4186E+00
 -15.359  0.8443E+00  0.4270E+00
 -15.349  0.8472E+00  0.4355E+00
 -15.339  0.8497E+00  0.4440E+00
 -15.329  0.8517E+00  0.4525E+00
 -15.320  0.8532E+00  0.4611E+00
 -15.310  0.8542E+00  0.4696E+00
 -15.300  0.8546E+00  0.4781E+00
 -15.290  0.8543E+00  0.4867E+00
 -15.280  0.8534E+00  0.4952E+00
 -15.270  0.8519E+00  0.5037E+00
 -15.260  0.8496E+00  0.5122E+00
 -15.250  0.8466E+00  0.5207E+00
 -15.239  0.8430E+00  0.5291E+00
 -15.229  0.8386E+00  0.5375E+00
 -15.220  0.8335E+00  0.5459E+00
 -15.210  0.8278E+00  0.5541E+00
 -15.200  0.8214E+00  0.5623E+00
 -15.189  0.8143E+00  0.5705E+00
 -15.179  0.8067E+00  0.5786E+00
 -15.169  0.7985E+00  0.5865E+00
 -15.159  0.7898E+00  0.5944E+00
 -15.149  0.7807E+00  0.6023E+00
 -15.139  0.7712E+00  0.6100E+00
 -15.129  0.7612E+00  0.6176E+00
 -15.119  0.7510E+00  0.6251E+00
 -15.109  0.7406E+00  0.6325E+00
 -15.099  0.7299E+00  0.6398E+00
 -15.089  0.7191E+00  0.6470E+00
 -15.080  0.7082E+00  0.6541E+00
 -15.070  0.6973E+00  0.6610E+00
 -15.060  0.6864E+00  0.6679E+00
 -15.050  0.6754E+00  0.6747E+00
 -15.040  0.6646E+00  0.6813E+00
 -15.030  0.6539E+00  0.6878E+00
 -15.020  0.6433E+00  0.6943E+00
 -15.010  0.6329E+00  0.7006E+00
 -15.000  0.6226E+00  0.7068E+00
 -14.989  0.6126E+00  0.7130E+00
 -14.979  0.6027E+00  0.7190E+00
 -14.970  0.5931E+00  0.7249E+00
 -14.960  0.5837E+00  0.7307E+00
 -14.950  0.5745E+00  0.7365E+00
 -14.939  0.5655E+00  0.7421E+00
 -14.929  0.5568E+00  0.7477E+00
 -14.919  0.5483E+00  0.7532E+00
 -14.909  0.5401E+00  0.7586E+00
 -14.899  0.5320E+00  0.7639E+00
 -14.889  0.5242E+00  0.7692E+00
 -14.879  0.5166E+00  0.7743E+00
 -14.869  0.5092E+00  0.7794E+00
 -14.859  0.5020E+00  0.7844E+00
 -14.850  0.4950E+00  0.7894E+00
 -14.840  0.4882E+00  0.7943E+00
 -14.830  0.4815E+00  0.7991E+00
 -14.820  0.4750E+00  0.8038E+00
 -14.810  0.4687E+00  0.8085E+00
 -14.800  0.4625E+00  0.8131E+00
 -14.790  0.4565E+00  0.8177E+00
 -14.780  0.4506E+00  0.8222E+00
 -14.770  0.4448E+00  0.8267E+00
 -14.760  0.4391E+00  0.8311E+00
 -14.749  0.4335E+00  0.8354E+00
 -14.739  0.4281E+00  0.8397E+00
 -14.729  0.4227E+00  0.8439E+00
 -14.720  0.4175E+00  0.8481E+00
 -14.710  0.4123E+00  0.8522E+00
 -14.700  0.4072E+00  0.8563E+00
 -14.689  0.4022E+00  0.8603E+00
 -14.679  0.3973E+00  0.8643E+00
 -14.669  0.3925E+00  0.8682E+00
 -14.659  0.3878E+00  0.8721E+00
 -14.649  0.3832E+00  0.8759E+00
 -14.639  0.3787E+00  0.8797E+00
 -14.629  0.3743E+00  0.8834E+00
 -14.619  0.3700E+00  0.8871E+00
 -14.609  0.3658E+00  0.8908E+00
 -14.600  0.3617E+00  0.8944E+00
 -14.590  0.3578E+00  0.8980E+00
 -14.580  0.3540E+00  0.9015E+00
 -14.570  0.3504E+00  0.9050E+00
 -14.560  0.3470E+00  0.9085E+00
 -14.550  0.3437E+00  0.9119E+00
 -14.540  0.3407E+00  0.9153E+00
 -14.530  0.3378E+00  0.9187E+00
 -14.520  0.3352E+00  0.9221E+00
 -14.510  0.3329E+00  0.9254E+00
 -14.499  0.3309E+00  0.9287E+00
 -14.489  0.3292E+00  0.9320E+00
 -14.479  0.3278E+00  0.9353E+00
 -14.470  0.3268E+00  0.9385E+00
 -14.460  0.3262E+00  0.9418E+00
 -14.449  0.3260E+00  0.9451E+00
 -14.439  0.3262E+00  0.9483E+00
 -14.429  0.3270E+00  0.9516E+00
 -14.419  0.3283E+00  0.9549E+00
 -14.409  0.3301E+00  0.9582E+00
 -14.399  0.3324E+00  0.9615E+00
 -14.389  0.3353E+00  0.9649E+00
 -14.379  0.3388E+00  0.9683E+00
 -14.370  0.3429E+00  0.9717E+00
 -14.360  0.3476E+00  0.9752E+00
 -14.350  0.3529E+00  0.9787E+00
 -14.340  0.3588E+00  0.9823E+00
 -14.330  0.3652E+00  0.9859E+00
 -14.320  0.3722E+00  0.9896E+00
 -14.309  0.3797E+00  0.9934E+00
 -14.300  0.3878E+00  0.9973E+00
 -14.290  0.3963E+00  0.1001E+01
 -14.280  0.4052E+00  0.1005E+01
 -14.270  0.4145E+00  0.1009E+01
 -14.260  0.4241E+00  0.1014E+01
 -14.249  0.4341E+00  0.1018E+01
 -14.239  0.4442E+00  0.1023E+01
 -14.229  0.4545E+00  0.1027E+01
 -14.220  0.4649E+00  0.1032E+01
 -14.210  0.4754E+00  0.1036E+01
 -14.199  0.4858E+00  0.1041E+01
 -14.189  0.4962E+00  0.1046E+01
 -14.179  0.5065E+00  0.1051E+01
 -14.169  0.5166E+00  0.1057E+01
 -14.159  0.5264E+00  0.1062E+01
 -14.149  0.5360E+00  0.1067E+01
 -14.139  0.5452E+00  0.1073E+01
 -14.129  0.5542E+00  0.1078E+01
 -14.119  0.5627E+00  0.1084E+01
 -14.110  0.5708E+00  0.1089E+01
 -14.100  0.5785E+00  0.1095E+01
 -14.090  0.5858E+00  0.1101E+01
 -14.080  0.5926E+00  0.1107E+01
 -14.070  0.5989E+00  0.1113E+01
 -14.059  0.6048E+00  0.1119E+01
 -14.050  0.6103E+00  0.1125E+01
 -14.040  0.6153E+00  0.1131E+01
 -14.030  0.6199E+00  0.1138E+01
 -14.020  0.6241E+00  0.1144E+01
 -14.009  0.6279E+00  0.1150E+01
 -13.999  0.6313E+00  0.1156E+01
 -13.989  0.6344E+00  0.1163E+01
 -13.979  0.6372E+00  0.1169E+01
 -13.970  0.6397E+00  0.1175E+01
 -13.959  0.6419E+00  0.1182E+01
 -13.949  0.6439E+00  0.1188E+01
 -13.939  0.6456E+00  0.1195E+01
 -13.929  0.6472E+00  0.1201E+01
 -13.919  0.6485E+00  0.1208E+01
 -13.910  0.6498E+00  0.1214E+01
 -13.900  0.6509E+00  0.1221E+01
 -13.890  0.6519E+00  0.1227E+01
 -13.880  0.6527E+00  0.1234E+01
 -13.870  0.6536E+00  0.1240E+01
 -13.860  0.6543E+00  0.1247E+01
 -13.850  0.6551E+00  0.1253E+01
 -13.840  0.6558E+00  0.1260E+01
 -13.830  0.6565E+00  0.1267E+01
 -13.820  0.6572E+00  0.1273E+01
 -13.809  0.6579E+00  0.1280E+01
 -13.800  0.6587E+00  0.1286E+01
 -13.790  0.6596E+00  0.1293E+01
 -13.780  0.6605E+00  0.1299E+01
 -13.770  0.6615E+00  0.1306E+01
 -13.759  0.6626E+00  0.1313E+01
 -13.749  0.6638E+00  0.1319E+01
 -13.739  0.6651E+00  0.1326E+01
 -13.729  0.6666E+00  0.1333E+01
 -13.720  0.6683E+00  0.1339E+01
 -13.709  0.6702E+00  0.1346E+01
 -13.699  0.6722E+00  0.1353E+01
 -13.689  0.6745E+00  0.1360E+01
 -13.679  0.6770E+00  0.1366E+01
 -13.669  0.6798E+00  0.1373E+01
 -13.659  0.6828E+00  0.1380E+01
 -13.649  0.6861E+00  0.1387E+01
 -13.640  0.6897E+00  0.1394E+01
 -13.630  0.6936E+00  0.1401E+01
 -13.620  0.6979E+00  0.1408E+01
 -13.610  0.7024E+00  0.1415E+01
 -13.600  0.7072E+00  0.1422E+01
 -13.590  0.7124E+00  0.1429E+01
 -13.580  0.7179E+00  0.1436E+01
 -13.569  0.7236E+00  0.1443E+01
 -13.559  0.7297E+00  0.1451E+01
 -13.550  0.7360E+00  0.1458E+01
 -13.540  0.7426E+00  0.1465E+01
 -13.530  0.7494E+00  0.1473E+01
 -13.519  0.7565E+00  0.1480E+01
 -13.509  0.7636E+00  0.1488E+01
 -13.499  0.7709E+00  0.1496E+01
 -13.489  0.7783E+00  0.1504E+01
 -13.479  0.7857E+00  0.1511E+01
 -13.470  0.7931E+00  0.1519E+01
 -13.460  0.8005E+00  0.1527E+01
 -13.450  0.8077E+00  0.1535E+01
 -13.440  0.8148E+00  0.1544E+01
 -13.430  0.8216E+00  0.1552E+01
 -13.419  0.8282E+00  0.1560E+01
 -13.409  0.8344E+00  0.1568E+01
 -13.399  0.8403E+00  0.1577E+01
 -13.389  0.8458E+00  0.1585E+01
 -13.380  0.8508E+00  0.1594E+01
 -13.370  0.8553E+00  0.1602E+01
 -13.360  0.8593E+00  0.1611E+01
 -13.350  0.8628E+00  0.1620E+01
 -13.340  0.8657E+00  0.1628E+01
 -13.330  0.8680E+00  0.1637E+01
 -13.319  0.8697E+00  0.1646E+01
 -13.309  0.8708E+00  0.1654E+01
 -13.300  0.8713E+00  0.1663E+01
 -13.290  0.8712E+00  0.1672E+01
 -13.280  0.8706E+00  0.1680E+01
 -13.269  0.8694E+00  0.1689E+01
 -13.259  0.8678E+00  0.1698E+01
 -13.249  0.8656E+00  0.1706E+01
 -13.239  0.8630E+00  0.1715E+01
 -13.229  0.8600E+00  0.1724E+01
 -13.220  0.8566E+00  0.1732E+01
 -13.210  0.8529E+00  0.1741E+01
 -13.200  0.8489E+00  0.1749E+01
 -13.190  0.8447E+00  0.1758E+01
 -13.180  0.8402E+00  0.1766E+01
 -13.169  0.8356E+00  0.1774E+01
 -13.159  0.8308E+00  0.1783E+01
 -13.149  0.8260E+00  0.1791E+01
 -13.139  0.8210E+00  0.1799E+01
 -13.130  0.8161E+00  0.1807E+01
 -13.120  0.8111E+00  0.1815E+01
 -13.110  0.8062E+00  0.1824E+01
 -13.100  0.8013E+00  0.1832E+01
 -13.090  0.7965E+00  0.1840E+01
 -13.079  0.7917E+00  0.1847E+01
 -13.069  0.7871E+00  0.1855E+01
 -13.059  0.7825E+00  0.1863E+01
 -13.050  0.7781E+00  0.1871E+01
 -13.040  0.7737E+00  0.1879E+01
 -13.030  0.7695E+00  0.1886E+01
 -13.019  0.7654E+00  0.1894E+01
 -13.009  0.7615E+00  0.1902E+01
 -12.999  0.7576E+00  0.1909E+01
 -12.989  0.7539E+00  0.1917E+01
 -12.979  0.7503E+00  0.1924E+01
 -12.970  0.7468E+00  0.1932E+01
 -12.960  0.7434E+00  0.1939E+01
 -12.950  0.7401E+00  0.1947E+01
 -12.940  0.7369E+00  0.1954E+01
 -12.929  0.7338E+00  0.1961E+01
 -12.919  0.7308E+00  0.1969E+01
 -12.909  0.7278E+00  0.1976E+01
 -12.899  0.7250E+00  0.1983E+01
 -12.890  0.7222E+00  0.1990E+01
 -12.880  0.7195E+00  0.1997E+01
 -12.870  0.7169E+00  0.2005E+01
 -12.860  0.7143E+00  0.2012E+01
 -12.850  0.7118E+00  0.2019E+01
 -12.840  0.7093E+00  0.2026E+01
 -12.829  0.7069E+00  0.2033E+01
 -12.819  0.7046E+00  0.2040E+01
 -12.809  0.7022E+00  0.2047E+01
 -12.800  0.7000E+00  0.2054E+01
 -12.790  0.6977E+00  0.2061E+01
 -12.779  0.6955E+00  0.2068E+01
 -12.769  0.6934E+00  0.2075E+01
 -12.759  0.6912E+00  0.2082E+01
 -12.749  0.6892E+00  0.2089E+01
 -12.740  0.6871E+00  0.2096E+01
 -12.729  0.6851E+00  0.2103E+01
 -12.720  0.6831E+00  0.2109E+01
 -12.710  0.6811E+00  0.2116E+01
 -12.700  0.6791E+00  0.2123E+01
 -12.690  0.6772E+00  0.2130E+01
 -12.679  0.6753E+00  0.2137E+01
 -12.669  0.6734E+00  0.2143E+01
 -12.660  0.6716E+00  0.2150E+01
 -12.650  0.6697E+00  0.2157E+01
 -12.639  0.6679E+00  0.2163E+01
 -12.630  0.6661E+00  0.2170E+01
 -12.620  0.6644E+00  0.2177E+01
 -12.610  0.6626E+00  0.2183E+01
 -12.600  0.6609E+00  0.2190E+01
 -12.590  0.6591E+00  0.2196E+01
 -12.579  0.6574E+00  0.2203E+01
 -12.569  0.6557E+00  0.2210E+01
 -12.559  0.6541E+00  0.2216E+01
 -12.550  0.6524E+00  0.2223E+01
 -12.540  0.6508E+00  0.2229E+01
 -12.529  0.6491E+00  0.2236E+01
 -12.519  0.6475E+00  0.2242E+01
 -12.509  0.6459E+00  0.2249E+01
 -12.499  0.6443E+00  0.2255E+01
 -12.489  0.6427E+00  0.2261E+01
 -12.479  0.6412E+00  0.2268E+01
 -12.470  0.6396E+00  0.2274E+01
 -12.460  0.6381E+00  0.2281E+01
 -12.450  0.6366E+00  0.2287E+01
 -12.439  0.6351E+00  0.2293E+01
 -12.430  0.6335E+00  0.2300E+01
 -12.420  0.6321E+00  0.2306E+01
 -12.410  0.6306E+00  0.2312E+01
 -12.400  0.6291E+00  0.2319E+01
 -12.389  0.6276E+00  0.2325E+01
 -12.380  0.6262E+00  0.2331E+01
 -12.370  0.6247E+00  0.2337E+01
 -12.360  0.6233E+00  0.2344E+01
 -12.350  0.6219E+00  0.2350E+01
 -12.339  0.6205E+00  0.2356E+01
 -12.329  0.6191E+00  0.2362E+01
 -12.319  0.6177E+00  0.2368E+01
 -12.309  0.6163E+00  0.2375E+01
 -12.300  0.6149E+00  0.2381E+01
 -12.289  0.6135E+00  0.2387E+01
 -12.279  0.6122E+00  0.2393E+01
 -12.269  0.6108E+00  0.2399E+01
 -12.259  0.6095E+00  0.2405E+01
 -12.250  0.6081E+00  0.2411E+01
 -12.239  0.6068E+00  0.2417E+01
 -12.229  0.6055E+00  0.2423E+01
 -12.220  0.6042E+00  0.2429E+01
 -12.210  0.6029E+00  0.2435E+01
 -12.200  0.6016E+00  0.2441E+01
 -12.190  0.6003E+00  0.2447E+01
 -12.180  0.5990E+00  0.2453E+01
 -12.170  0.5977E+00  0.2459E+01
 -12.160  0.5964E+00  0.2465E+01
 -12.150  0.5952E+00  0.2471E+01
 -12.139  0.5939E+00  0.2477E+01
 -12.130  0.5926E+00  0.2483E+01
 -12.120  0.5914E+00  0.2489E+01
 -12.110  0.5902E+00  0.2495E+01
 -12.100  0.5889E+00  0.2501E+01
 -12.089  0.5877E+00  0.2507E+01
 -12.079  0.5865E+00  0.2513E+01
 -12.069  0.5853E+00  0.2519E+01
 -12.059  0.5841E+00  0.2524E+01
 -12.050  0.5829E+00  0.2530E+01
 -12.039  0.5817E+00  0.2536E+01
 -12.029  0.5805E+00  0.2542E+01
 -12.020  0.5793E+00  0.2548E+01
 -12.010  0.5782E+00  0.2553E+01
 -11.999  0.5770E+00  0.2559E+01
 -11.989  0.5759E+00  0.2565E+01
 -11.979  0.5748E+00  0.2571E+01
 -11.970  0.5737E+00  0.2576E+01
 -11.960  0.5726E+00  0.2582E+01
 -11.950  0.5716E+00  0.2588E+01
 -11.940  0.5706E+00  0.2594E+01
 -11.930  0.5696E+00  0.2599E+01
 -11.920  0.5686E+00  0.2605E+01
 -11.910  0.5677E+00  0.2611E+01
 -11.899  0.5668E+00  0.2616E+01
 -11.889  0.5660E+00  0.2622E+01
 -11.880  0.5653E+00  0.2628E+01
 -11.870  0.5646E+00  0.2633E+01
 -11.860  0.5640E+00  0.2639E+01
 -11.849  0.5634E+00  0.2645E+01
 -11.839  0.5630E+00  0.2650E+01
 -11.829  0.5627E+00  0.2656E+01
 -11.819  0.5625E+00  0.2661E+01
 -11.809  0.5624E+00  0.2667E+01
 -11.800  0.5624E+00  0.2673E+01
 -11.789  0.5626E+00  0.2678E+01
 -11.780  0.5630E+00  0.2684E+01
 -11.770  0.5636E+00  0.2690E+01
 -11.760  0.5643E+00  0.2695E+01
 -11.749  0.5652E+00  0.2701E+01
 -11.739  0.5664E+00  0.2707E+01
 -11.729  0.5677E+00  0.2712E+01
 -11.720  0.5693E+00  0.2718E+01
 -11.710  0.5711E+00  0.2724E+01
 -11.700  0.5731E+00  0.2729E+01
 -11.690  0.5754E+00  0.2735E+01
 -11.680  0.5779E+00  0.2741E+01
 -11.670  0.5807E+00  0.2747E+01
 -11.660  0.5836E+00  0.2752E+01
 -11.649  0.5868E+00  0.2758E+01
 -11.639  0.5902E+00  0.2764E+01
 -11.630  0.5939E+00  0.2770E+01
 -11.620  0.5977E+00  0.2776E+01
 -11.610  0.6017E+00  0.2782E+01
 -11.599  0.6058E+00  0.2788E+01
 -11.589  0.6101E+00  0.2794E+01
 -11.579  0.6145E+00  0.2801E+01
 -11.569  0.6189E+00  0.2807E+01
 -11.559  0.6235E+00  0.2813E+01
 -11.549  0.6281E+00  0.2819E+01
 -11.540  0.6327E+00  0.2826E+01
 -11.530  0.6373E+00  0.2832E+01
 -11.520  0.6419E+00  0.2838E+01
 -11.510  0.6464E+00  0.2845E+01
 -11.499  0.6509E+00  0.2851E+01
 -11.489  0.6552E+00  0.2858E+01
 -11.480  0.6595E+00  0.2864E+01
 -11.470  0.6636E+00  0.2871E+01
 -11.460  0.6675E+00  0.2878E+01
 -11.450  0.6714E+00  0.2884E+01
 -11.440  0.6750E+00  0.2891E+01
 -11.430  0.6785E+00  0.2898E+01
 -11.420  0.6817E+00  0.2905E+01
 -11.409  0.6848E+00  0.2912E+01
 -11.399  0.6877E+00  0.2919E+01
 -11.389  0.6905E+00  0.2925E+01
 -11.380  0.6930E+00  0.2932E+01
 -11.370  0.6954E+00  0.2939E+01
 -11.360  0.6975E+00  0.2946E+01
 -11.349  0.6996E+00  0.2953E+01
 -11.339  0.7014E+00  0.2960E+01
 -11.329  0.7031E+00  0.2967E+01
 -11.319  0.7047E+00  0.2974E+01
 -11.309  0.7061E+00  0.2981E+01
 -11.300  0.7074E+00  0.2989E+01
 -11.290  0.7086E+00  0.2996E+01
 -11.280  0.7097E+00  0.3003E+01
 -11.270  0.7107E+00  0.3010E+01
 -11.259  0.7116E+00  0.3017E+01
 -11.249  0.7124E+00  0.3024E+01
 -11.240  0.7132E+00  0.3031E+01
 -11.230  0.7139E+00  0.3038E+01
 -11.220  0.7146E+00  0.3045E+01
 -11.210  0.7152E+00  0.3053E+01
 -11.200  0.7158E+00  0.3060E+01
 -11.190  0.7163E+00  0.3067E+01
 -11.180  0.7168E+00  0.3074E+01
 -11.170  0.7173E+00  0.3081E+01
 -11.159  0.7178E+00  0.3088E+01
 -11.149  0.7182E+00  0.3096E+01
 -11.139  0.7186E+00  0.3103E+01
 -11.130  0.7191E+00  0.3110E+01
 -11.120  0.7195E+00  0.3117E+01
 -11.109  0.7199E+00  0.3124E+01
 -11.099  0.7203E+00  0.3132E+01
 -11.089  0.7207E+00  0.3139E+01
 -11.079  0.7211E+00  0.3146E+01
 -11.069  0.7215E+00  0.3153E+01
 -11.059  0.7219E+00  0.3160E+01
 -11.050  0.7223E+00  0.3168E+01
 -11.040  0.7227E+00  0.3175E+01
 -11.030  0.7231E+00  0.3182E+01
 -11.020  0.7235E+00  0.3189E+01
 -11.009  0.7239E+00  0.3197E+01
 -11.000  0.7243E+00  0.3204E+01
 -10.990  0.7247E+00  0.3211E+01
 -10.980  0.7251E+00  0.3218E+01
 -10.970  0.7254E+00  0.3226E+01
 -10.960  0.7258E+00  0.3233E+01
 -10.950  0.7262E+00  0.3240E+01
 -10.940  0.7266E+00  0.3247E+01
 -10.930  0.7270E+00  0.3255E+01
 -10.919  0.7274E+00  0.3262E+01
 -10.909  0.7278E+00  0.3269E+01
 -10.899  0.7282E+00  0.3277E+01
 -10.889  0.7286E+00  0.3284E+01
 -10.880  0.7291E+00  0.3291E+01
 -10.870  0.7295E+00  0.3298E+01
 -10.859  0.7299E+00  0.3306E+01
 -10.849  0.7304E+00  0.3313E+01
 -10.839  0.7308E+00  0.3320E+01
 -10.829  0.7312E+00  0.3328E+01
 -10.819  0.7317E+00  0.3335E+01
 -10.809  0.7321E+00  0.3342E+01
 -10.800  0.7325E+00  0.3350E+01
 -10.790  0.7330E+00  0.3357E+01
 -10.780  0.7334E+00  0.3364E+01
 -10.770  0.7338E+00  0.3372E+01
 -10.760  0.7342E+00  0.3379E+01
 -10.750  0.7346E+00  0.3386E+01
 -10.740  0.7351E+00  0.3394E+01
 -10.730  0.7355E+00  0.3401E+01
 -10.720  0.7359E+00  0.3408E+01
 -10.710  0.7363E+00  0.3416E+01
 -10.700  0.7368E+00  0.3423E+01
 -10.690  0.7372E+00  0.3430E+01
 -10.680  0.7376E+00  0.3438E+01
 -10.669  0.7381E+00  0.3445E+01
 -10.659  0.7385E+00  0.3453E+01
 -10.649  0.7390E+00  0.3460E+01
 -10.639  0.7395E+00  0.3467E+01
 -10.630  0.7400E+00  0.3475E+01
 -10.619  0.7405E+00  0.3482E+01
 -10.609  0.7410E+00  0.3490E+01
 -10.599  0.7415E+00  0.3497E+01
 -10.590  0.7419E+00  0.3504E+01
 -10.580  0.7424E+00  0.3512E+01
 -10.569  0.7429E+00  0.3519E+01
 -10.559  0.7434E+00  0.3527E+01
 -10.550  0.7439E+00  0.3534E+01
 -10.540  0.7444E+00  0.3542E+01
 -10.530  0.7449E+00  0.3549E+01
 -10.520  0.7453E+00  0.3556E+01
 -10.510  0.7458E+00  0.3564E+01
 -10.500  0.7463E+00  0.3571E+01
 -10.490  0.7467E+00  0.3579E+01
 -10.479  0.7472E+00  0.3586E+01
 -10.470  0.7476E+00  0.3594E+01
 -10.460  0.7481E+00  0.3601E+01
 -10.450  0.7486E+00  0.3609E+01
 -10.440  0.7491E+00  0.3616E+01
 -10.430  0.7496E+00  0.3624E+01
 -10.419  0.7501E+00  0.3631E+01
 -10.409  0.7506E+00  0.3639E+01
 -10.399  0.7511E+00  0.3646E+01
 -10.389  0.7517E+00  0.3654E+01
 -10.380  0.7522E+00  0.3661E+01
 -10.369  0.7528E+00  0.3669E+01
 -10.359  0.7533E+00  0.3676E+01
 -10.350  0.7539E+00  0.3684E+01
 -10.340  0.7545E+00  0.3691E+01
 -10.329  0.7550E+00  0.3699E+01
 -10.319  0.7556E+00  0.3707E+01
 -10.309  0.7562E+00  0.3714E+01
 -10.300  0.7567E+00  0.3722E+01
 -10.290  0.7573E+00  0.3729E+01
 -10.280  0.7578E+00  0.3737E+01
 -10.270  0.7583E+00  0.3744E+01
 -10.260  0.7588E+00  0.3752E+01
 -10.250  0.7594E+00  0.3760E+01
 -10.240  0.7599E+00  0.3767E+01
 -10.229  0.7604E+00  0.3775E+01
 -10.220  0.7609E+00  0.3782E+01
 -10.210  0.7614E+00  0.3790E+01
 -10.200  0.7620E+00  0.3798E+01
 -10.190  0.7625E+00  0.3805E+01
 -10.179  0.7631E+00  0.3813E+01
 -10.169  0.7636E+00  0.3821E+01
 -10.159  0.7642E+00  0.3828E+01
 -10.149  0.7648E+00  0.3836E+01
 -10.139  0.7654E+00  0.3844E+01
 -10.130  0.7661E+00  0.3851E+01
 -10.119  0.7667E+00  0.3859E+01
 -10.110  0.7674E+00  0.3867E+01
 -10.100  0.7680E+00  0.3874E+01
 -10.090  0.7687E+00  0.3882E+01
 -10.079  0.7693E+00  0.3890E+01
 -10.069  0.7700E+00  0.3897E+01
 -10.059  0.7706E+00  0.3905E+01
 -10.050  0.7712E+00  0.3913E+01
 -10.040  0.7718E+00  0.3920E+01
 -10.030  0.7725E+00  0.3928E+01
 -10.020  0.7731E+00  0.3936E+01
 -10.010  0.7737E+00  0.3944E+01
 -10.000  0.7743E+00  0.3951E+01
  -9.990  0.7748E+00  0.3959E+01
  -9.979  0.7754E+00  0.3967E+01
  -9.970  0.7760E+00  0.3975E+01
  -9.960  0.7766E+00  0.3982E+01
  -9.950  0.7772E+00  0.3990E+01
  -9.940  0.7778E+00  0.3998E+01
  -9.929  0.7785E+00  0.4006E+01
  -9.919  0.7791E+00  0.4014E+01
  -9.909  0.7798E+00  0.4021E+01
  -9.899  0.7805E+00  0.4029E+01
  -9.889  0.7812E+00  0.4037E+01
  -9.879  0.7819E+00  0.4045E+01
  -9.870  0.7826E+00  0.4053E+01
  -9.860  0.7834E+00  0.4060E+01
  -9.850  0.7841E+00  0.4068E+01
  -9.840  0.7848E+00  0.4076E+01
  -9.829  0.7856E+00  0.4084E+01
  -9.819  0.7863E+00  0.4092E+01
  -9.810  0.7871E+00  0.4100E+01
  -9.800  0.7878E+00  0.4108E+01
  -9.790  0.7885E+00  0.4115E+01
  -9.780  0.7892E+00  0.4123E+01
  -9.770  0.7900E+00  0.4131E+01
  -9.760  0.7907E+00  0.4139E+01
  -9.750  0.7913E+00  0.4147E+01
  -9.739  0.7920E+00  0.4155E+01
  -9.729  0.7927E+00  0.4163E+01
  -9.720  0.7934E+00  0.4171E+01
  -9.710  0.7941E+00  0.4179E+01
  -9.700  0.7948E+00  0.4187E+01
  -9.689  0.7955E+00  0.4195E+01
  -9.679  0.7962E+00  0.4203E+01
  -9.669  0.7970E+00  0.4211E+01
  -9.659  0.7978E+00  0.4219E+01
  -9.649  0.7985E+00  0.4227E+01
  -9.639  0.7993E+00  0.4235E+01
  -9.630  0.8002E+00  0.4243E+01
  -9.620  0.8010E+00  0.4251E+01
  -9.610  0.8018E+00  0.4259E+01
  -9.600  0.8027E+00  0.4267E+01
  -9.589  0.8035E+00  0.4275E+01
  -9.579  0.8044E+00  0.4283E+01
  -9.570  0.8053E+00  0.4291E+01
  -9.560  0.8061E+00  0.4299E+01
  -9.550  0.8070E+00  0.4307E+01
  -9.540  0.8079E+00  0.4315E+01
  -9.530  0.8087E+00  0.4323E+01
  -9.520  0.8095E+00  0.4331E+01
  -9.510  0.8104E+00  0.4339E+01
  -9.500  0.8112E+00  0.4347E+01
  -9.489  0.8120E+00  0.4355E+01
  -9.479  0.8128E+00  0.4364E+01
  -9.470  0.8137E+00  0.4372E+01
  -9.460  0.8145E+00  0.4380E+01
  -9.450  0.8153E+00  0.4388E+01
  -9.439  0.8162E+00  0.4396E+01
  -9.429  0.8171E+00  0.4404E+01
  -9.419  0.8180E+00  0.4413E+01
  -9.409  0.8190E+00  0.4421E+01
  -9.400  0.8200E+00  0.4429E+01
  -9.389  0.8210E+00  0.4437E+01
  -9.380  0.8220E+00  0.4445E+01
  -9.370  0.8231E+00  0.4454E+01
  -9.360  0.8243E+00  0.4462E+01
  -9.350  0.8254E+00  0.4470E+01
  -9.340  0.8267E+00  0.4478E+01
  -9.330  0.8280E+00  0.4487E+01
  -9.320  0.8293E+00  0.4495E+01
  -9.310  0.8307E+00  0.4503E+01
  -9.300  0.8322E+00  0.4512E+01
  -9.290  0.8337E+00  0.4520E+01
  -9.280  0.8354E+00  0.4528E+01
  -9.270  0.8371E+00  0.4537E+01
  -9.260  0.8389E+00  0.4545E+01
  -9.249  0.8409E+00  0.4553E+01
  -9.239  0.8430E+00  0.4562E+01
  -9.229  0.8453E+00  0.4570E+01
  -9.220  0.8478E+00  0.4579E+01
  -9.210  0.8504E+00  0.4587E+01
  -9.200  0.8533E+00  0.4596E+01
  -9.189  0.8564E+00  0.4604E+01
  -9.179  0.8598E+00  0.4613E+01
  -9.169  0.8634E+00  0.4622E+01
  -9.160  0.8674E+00  0.4630E+01
  -9.149  0.8716E+00  0.4639E+01
  -9.139  0.8761E+00  0.4648E+01
  -9.130  0.8810E+00  0.4657E+01
  -9.120  0.8862E+00  0.4665E+01
  -9.110  0.8917E+00  0.4674E+01
  -9.099  0.8975E+00  0.4683E+01
  -9.089  0.9036E+00  0.4692E+01
  -9.079  0.9101E+00  0.4701E+01
  -9.070  0.9168E+00  0.4711E+01
  -9.060  0.9238E+00  0.4720E+01
  -9.050  0.9310E+00  0.4729E+01
  -9.040  0.9385E+00  0.4739E+01
  -9.030  0.9462E+00  0.4748E+01
  -9.020  0.9541E+00  0.4758E+01
  -9.010  0.9621E+00  0.4767E+01
  -8.999  0.9702E+00  0.4777E+01
  -8.989  0.9785E+00  0.4787E+01
  -8.979  0.9868E+00  0.4797E+01
  -8.970  0.9951E+00  0.4807E+01
  -8.960  0.1003E+01  0.4817E+01
  -8.950  0.1012E+01  0.4827E+01
  -8.940  0.1020E+01  0.4837E+01
  -8.930  0.1028E+01  0.4847E+01
  -8.920  0.1036E+01  0.4858E+01
  -8.910  0.1044E+01  0.4868E+01
  -8.899  0.1052E+01  0.4878E+01
  -8.889  0.1059E+01  0.4889E+01
  -8.880  0.1066E+01  0.4900E+01
  -8.870  0.1073E+01  0.4910E+01
  -8.860  0.1080E+01  0.4921E+01
  -8.849  0.1086E+01  0.4932E+01
  -8.839  0.1093E+01  0.4943E+01
  -8.830  0.1098E+01  0.4954E+01
  -8.820  0.1104E+01  0.4965E+01
  -8.809  0.1109E+01  0.4976E+01
  -8.800  0.1114E+01  0.4987E+01
  -8.790  0.1119E+01  0.4998E+01
  -8.780  0.1123E+01  0.5010E+01
  -8.770  0.1128E+01  0.5021E+01
  -8.760  0.1132E+01  0.5032E+01
  -8.749  0.1135E+01  0.5044E+01
  -8.739  0.1139E+01  0.5055E+01
  -8.729  0.1142E+01  0.5066E+01
  -8.720  0.1145E+01  0.5078E+01
  -8.710  0.1148E+01  0.5089E+01
  -8.700  0.1151E+01  0.5101E+01
  -8.690  0.1153E+01  0.5112E+01
  -8.680  0.1156E+01  0.5124E+01
  -8.670  0.1159E+01  0.5136E+01
  -8.659  0.1161E+01  0.5147E+01
  -8.649  0.1163E+01  0.5159E+01
  -8.639  0.1166E+01  0.5170E+01
  -8.630  0.1168E+01  0.5182E+01
  -8.620  0.1170E+01  0.5194E+01
  -8.610  0.1172E+01  0.5206E+01
  -8.599  0.1174E+01  0.5217E+01
  -8.590  0.1177E+01  0.5229E+01
  -8.580  0.1179E+01  0.5241E+01
  -8.570  0.1181E+01  0.5253E+01
  -8.559  0.1184E+01  0.5265E+01
  -8.550  0.1186E+01  0.5276E+01
  -8.540  0.1188E+01  0.5288E+01
  -8.530  0.1191E+01  0.5300E+01
  -8.520  0.1193E+01  0.5312E+01
  -8.509  0.1196E+01  0.5324E+01
  -8.499  0.1199E+01  0.5336E+01
  -8.489  0.1202E+01  0.5348E+01
  -8.479  0.1205E+01  0.5360E+01
  -8.470  0.1208E+01  0.5372E+01
  -8.460  0.1212E+01  0.5384E+01
  -8.450  0.1216E+01  0.5397E+01
  -8.440  0.1220E+01  0.5409E+01
  -8.430  0.1224E+01  0.5421E+01
  -8.420  0.1228E+01  0.5433E+01
  -8.409  0.1233E+01  0.5446E+01
  -8.399  0.1238E+01  0.5458E+01
  -8.389  0.1243E+01  0.5470E+01
  -8.380  0.1249E+01  0.5483E+01
  -8.370  0.1255E+01  0.5495E+01
  -8.359  0.1262E+01  0.5508E+01
  -8.350  0.1268E+01  0.5521E+01
  -8.340  0.1275E+01  0.5533E+01
  -8.330  0.1283E+01  0.5546E+01
  -8.320  0.1290E+01  0.5559E+01
  -8.309  0.1298E+01  0.5572E+01
  -8.300  0.1307E+01  0.5585E+01
  -8.290  0.1315E+01  0.5598E+01
  -8.280  0.1324E+01  0.5612E+01
  -8.270  0.1334E+01  0.5625E+01
  -8.259  0.1343E+01  0.5638E+01
  -8.249  0.1353E+01  0.5652E+01
  -8.239  0.1363E+01  0.5666E+01
  -8.230  0.1373E+01  0.5679E+01
  -8.220  0.1383E+01  0.5693E+01
  -8.210  0.1393E+01  0.5707E+01
  -8.200  0.1403E+01  0.5721E+01
  -8.190  0.1413E+01  0.5735E+01
  -8.180  0.1424E+01  0.5749E+01
  -8.169  0.1434E+01  0.5764E+01
  -8.159  0.1444E+01  0.5778E+01
  -8.149  0.1454E+01  0.5793E+01
  -8.139  0.1464E+01  0.5807E+01
  -8.130  0.1474E+01  0.5822E+01
  -8.120  0.1483E+01  0.5837E+01
  -8.110  0.1493E+01  0.5852E+01
  -8.100  0.1502E+01  0.5867E+01
  -8.090  0.1511E+01  0.5882E+01
  -8.080  0.1519E+01  0.5897E+01
  -8.069  0.1528E+01  0.5913E+01
  -8.059  0.1536E+01  0.5928E+01
  -8.050  0.1544E+01  0.5943E+01
  -8.040  0.1551E+01  0.5959E+01
  -8.030  0.1559E+01  0.5974E+01
  -8.019  0.1566E+01  0.5990E+01
  -8.009  0.1573E+01  0.6006E+01
  -8.000  0.1580E+01  0.6022E+01
  -7.990  0.1587E+01  0.6037E+01
  -7.980  0.1593E+01  0.6053E+01
  -7.970  0.1600E+01  0.6069E+01
  -7.960  0.1606E+01  0.6085E+01
  -7.950  0.1612E+01  0.6102E+01
  -7.940  0.1618E+01  0.6118E+01
  -7.929  0.1624E+01  0.6134E+01
  -7.920  0.1630E+01  0.6150E+01
  -7.909  0.1637E+01  0.6167E+01
  -7.899  0.1643E+01  0.6183E+01
  -7.889  0.1649E+01  0.6200E+01
  -7.880  0.1655E+01  0.6216E+01
  -7.870  0.1661E+01  0.6233E+01
  -7.860  0.1668E+01  0.6249E+01
  -7.850  0.1674E+01  0.6266E+01
  -7.840  0.1681E+01  0.6283E+01
  -7.830  0.1688E+01  0.6300E+01
  -7.820  0.1695E+01  0.6317E+01
  -7.809  0.1702E+01  0.6334E+01
  -7.800  0.1710E+01  0.6351E+01
  -7.790  0.1718E+01  0.6368E+01
  -7.779  0.1726E+01  0.6385E+01
  -7.769  0.1734E+01  0.6403E+01
  -7.760  0.1742E+01  0.6420E+01
  -7.750  0.1751E+01  0.6438E+01
  -7.740  0.1760E+01  0.6455E+01
  -7.730  0.1770E+01  0.6473E+01
  -7.720  0.1780E+01  0.6491E+01
  -7.710  0.1790E+01  0.6509E+01
  -7.700  0.1801E+01  0.6527E+01
  -7.689  0.1812E+01  0.6545E+01
  -7.679  0.1823E+01  0.6563E+01
  -7.670  0.1835E+01  0.6581E+01
  -7.659  0.1847E+01  0.6600E+01
  -7.649  0.1859E+01  0.6618E+01
  -7.640  0.1872E+01  0.6637E+01
  -7.630  0.1885E+01  0.6656E+01
  -7.620  0.1899E+01  0.6675E+01
  -7.610  0.1912E+01  0.6694E+01
  -7.600  0.1926E+01  0.6713E+01
  -7.590  0.1940E+01  0.6733E+01
  -7.580  0.1954E+01  0.6752E+01
  -7.570  0.1968E+01  0.6772E+01
  -7.559  0.1983E+01  0.6792E+01
  -7.550  0.1997E+01  0.6812E+01
  -7.539  0.2010E+01  0.6832E+01
  -7.529  0.2024E+01  0.6852E+01
  -7.520  0.2037E+01  0.6872E+01
  -7.510  0.2049E+01  0.6893E+01
  -7.500  0.2061E+01  0.6914E+01
  -7.490  0.2072E+01  0.6934E+01
  -7.480  0.2083E+01  0.6955E+01
  -7.470  0.2092E+01  0.6976E+01
  -7.460  0.2101E+01  0.6997E+01
  -7.450  0.2109E+01  0.7018E+01
  -7.439  0.2115E+01  0.7039E+01
  -7.429  0.2120E+01  0.7061E+01
  -7.420  0.2124E+01  0.7082E+01
  -7.409  0.2127E+01  0.7103E+01
  -7.400  0.2128E+01  0.7124E+01
  -7.390  0.2128E+01  0.7146E+01
  -7.380  0.2127E+01  0.7167E+01
  -7.370  0.2124E+01  0.7188E+01
  -7.360  0.2120E+01  0.7209E+01
  -7.350  0.2115E+01  0.7230E+01
  -7.340  0.2108E+01  0.7252E+01
  -7.330  0.2101E+01  0.7273E+01
  -7.319  0.2092E+01  0.7293E+01
  -7.309  0.2082E+01  0.7314E+01
  -7.300  0.2071E+01  0.7335E+01
  -7.289  0.2059E+01  0.7356E+01
  -7.280  0.2047E+01  0.7376E+01
  -7.270  0.2033E+01  0.7396E+01
  -7.260  0.2020E+01  0.7417E+01
  -7.250  0.2005E+01  0.7437E+01
  -7.240  0.1991E+01  0.7457E+01
  -7.230  0.1976E+01  0.7476E+01
  -7.220  0.1960E+01  0.7496E+01
  -7.210  0.1945E+01  0.7515E+01
  -7.200  0.1930E+01  0.7535E+01
  -7.189  0.1914E+01  0.7554E+01
  -7.179  0.1899E+01  0.7573E+01
  -7.169  0.1884E+01  0.7592E+01
  -7.160  0.1869E+01  0.7610E+01
  -7.150  0.1855E+01  0.7629E+01
  -7.140  0.1840E+01  0.7647E+01
  -7.130  0.1826E+01  0.7666E+01
  -7.120  0.1813E+01  0.7684E+01
  -7.110  0.1800E+01  0.7702E+01
  -7.099  0.1787E+01  0.7720E+01
  -7.090  0.1774E+01  0.7737E+01
  -7.080  0.1762E+01  0.7755E+01
  -7.069  0.1751E+01  0.7772E+01
  -7.059  0.1740E+01  0.7790E+01
  -7.049  0.1729E+01  0.7807E+01
  -7.040  0.1718E+01  0.7824E+01
  -7.030  0.1708E+01  0.7841E+01
  -7.020  0.1698E+01  0.7858E+01
  -7.010  0.1689E+01  0.7875E+01
  -7.000  0.1680E+01  0.7892E+01
  -6.990  0.1671E+01  0.7909E+01
  -6.980  0.1662E+01  0.7925E+01
  -6.970  0.1654E+01  0.7942E+01
  -6.960  0.1646E+01  0.7958E+01
  -6.949  0.1638E+01  0.7975E+01
  -6.939  0.1631E+01  0.7991E+01
  -6.930  0.1623E+01  0.8007E+01
  -6.920  0.1616E+01  0.8023E+01
  -6.910  0.1609E+01  0.8040E+01
  -6.900  0.1603E+01  0.8056E+01
  -6.890  0.1596E+01  0.8071E+01
  -6.880  0.1590E+01  0.8087E+01
  -6.870  0.1583E+01  0.8103E+01
  -6.860  0.1577E+01  0.8119E+01
  -6.849  0.1571E+01  0.8135E+01
  -6.840  0.1565E+01  0.8150E+01
  -6.829  0.1560E+01  0.8166E+01
  -6.819  0.1554E+01  0.8182E+01
  -6.810  0.1549E+01  0.8197E+01
  -6.800  0.1543E+01  0.8212E+01
  -6.790  0.1538E+01  0.8228E+01
  -6.780  0.1533E+01  0.8243E+01
  -6.770  0.1528E+01  0.8258E+01
  -6.760  0.1523E+01  0.8274E+01
  -6.750  0.1518E+01  0.8289E+01
  -6.740  0.1513E+01  0.8304E+01
  -6.729  0.1508E+01  0.8319E+01
  -6.720  0.1504E+01  0.8334E+01
  -6.710  0.1499E+01  0.8349E+01
  -6.699  0.1495E+01  0.8364E+01
  -6.690  0.1490E+01  0.8379E+01
  -6.680  0.1486E+01  0.8394E+01
  -6.670  0.1481E+01  0.8409E+01
  -6.660  0.1477E+01  0.8423E+01
  -6.650  0.1473E+01  0.8438E+01
  -6.640  0.1469E+01  0.8453E+01
  -6.630  0.1465E+01  0.8467E+01
  -6.620  0.1461E+01  0.8482E+01
  -6.609  0.1457E+01  0.8497E+01
  -6.599  0.1453E+01  0.8511E+01
  -6.590  0.1449E+01  0.8526E+01
  -6.579  0.1445E+01  0.8540E+01
  -6.570  0.1442E+01  0.8555E+01
  -6.560  0.1438E+01  0.8569E+01
  -6.550  0.1434E+01  0.8583E+01
  -6.540  0.1431E+01  0.8598E+01
  -6.530  0.1427E+01  0.8612E+01
  -6.520  0.1424E+01  0.8626E+01
  -6.510  0.1420E+01  0.8640E+01
  -6.500  0.1417E+01  0.8654E+01
  -6.490  0.1413E+01  0.8669E+01
  -6.479  0.1410E+01  0.8683E+01
  -6.470  0.1407E+01  0.8697E+01
  -6.459  0.1403E+01  0.8711E+01
  -6.450  0.1400E+01  0.8725E+01
  -6.440  0.1397E+01  0.8739E+01
  -6.430  0.1394E+01  0.8753E+01
  -6.420  0.1391E+01  0.8767E+01
  -6.410  0.1388E+01  0.8780E+01
  -6.400  0.1384E+01  0.8794E+01
  -6.389  0.1381E+01  0.8808E+01
  -6.380  0.1378E+01  0.8822E+01
  -6.370  0.1376E+01  0.8836E+01
  -6.359  0.1373E+01  0.8849E+01
  -6.349  0.1370E+01  0.8863E+01
  -6.340  0.1367E+01  0.8877E+01
  -6.330  0.1364E+01  0.8890E+01
  -6.320  0.1361E+01  0.8904E+01
  -6.310  0.1359E+01  0.8918E+01
  -6.300  0.1356E+01  0.8931E+01
  -6.290  0.1353E+01  0.8945E+01
  -6.280  0.1350E+01  0.8958E+01
  -6.270  0.1348E+01  0.8972E+01
  -6.260  0.1345E+01  0.8985E+01
  -6.250  0.1342E+01  0.8999E+01
  -6.239  0.1340E+01  0.9012E+01
  -6.229  0.1337E+01  0.9025E+01
  -6.220  0.1335E+01  0.9039E+01
  -6.210  0.1332E+01  0.9052E+01
  -6.200  0.1330E+01  0.9065E+01
  -6.190  0.1327E+01  0.9079E+01
  -6.180  0.1325E+01  0.9092E+01
  -6.170  0.1322E+01  0.9105E+01
  -6.160  0.1320E+01  0.9118E+01
  -6.150  0.1317E+01  0.9131E+01
  -6.139  0.1315E+01  0.9145E+01
  -6.130  0.1313E+01  0.9158E+01
  -6.120  0.1310E+01  0.9171E+01
  -6.109  0.1308E+01  0.9184E+01
  -6.099  0.1306E+01  0.9197E+01
  -6.090  0.1303E+01  0.9210E+01
  -6.080  0.1301E+01  0.9223E+01
  -6.070  0.1299E+01  0.9236E+01
  -6.060  0.1297E+01  0.9249E+01
  -6.050  0.1295E+01  0.9262E+01
  -6.040  0.1292E+01  0.9275E+01
  -6.030  0.1290E+01  0.9288E+01
  -6.019  0.1288E+01  0.9301E+01
  -6.010  0.1286E+01  0.9313E+01
  -6.000  0.1284E+01  0.9326E+01
  -5.989  0.1282E+01  0.9339E+01
  -5.979  0.1280E+01  0.9352E+01
  -5.970  0.1278E+01  0.9365E+01
  -5.960  0.1276E+01  0.9377E+01
  -5.950  0.1273E+01  0.9390E+01
  -5.940  0.1271E+01  0.9403E+01
  -5.930  0.1269E+01  0.9416E+01
  -5.920  0.1268E+01  0.9428E+01
  -5.910  0.1266E+01  0.9441E+01
  -5.900  0.1264E+01  0.9453E+01
  -5.889  0.1262E+01  0.9466E+01
  -5.880  0.1260E+01  0.9479E+01
  -5.869  0.1258E+01  0.9491E+01
  -5.859  0.1256E+01  0.9504E+01
  -5.850  0.1254E+01  0.9516E+01
  -5.840  0.1252E+01  0.9529E+01
  -5.830  0.1251E+01  0.9541E+01
  -5.820  0.1249E+01  0.9554E+01
  -5.810  0.1247E+01  0.9566E+01
  -5.800  0.1245E+01  0.9579E+01
  -5.790  0.1243E+01  0.9591E+01
  -5.780  0.1242E+01  0.9604E+01
  -5.769  0.1240E+01  0.9616E+01
  -5.760  0.1238E+01  0.9628E+01
  -5.750  0.1236E+01  0.9641E+01
  -5.739  0.1235E+01  0.9653E+01
  -5.730  0.1233E+01  0.9665E+01
  -5.720  0.1231E+01  0.9678E+01
  -5.710  0.1230E+01  0.9690E+01
  -5.700  0.1228E+01  0.9702E+01
  -5.690  0.1226E+01  0.9715E+01
  -5.680  0.1225E+01  0.9727E+01
  -5.670  0.1223E+01  0.9739E+01
  -5.660  0.1221E+01  0.9751E+01
  -5.649  0.1220E+01  0.9764E+01
  -5.639  0.1218E+01  0.9776E+01
  -5.630  0.1217E+01  0.9788E+01
  -5.620  0.1215E+01  0.9800E+01
  -5.610  0.1214E+01  0.9812E+01
  -5.600  0.1212E+01  0.9824E+01
  -5.590  0.1211E+01  0.9836E+01
  -5.580  0.1209E+01  0.9848E+01
  -5.570  0.1207E+01  0.9861E+01
  -5.560  0.1206E+01  0.9873E+01
  -5.550  0.1205E+01  0.9885E+01
  -5.540  0.1203E+01  0.9897E+01
  -5.529  0.1202E+01  0.9909E+01
  -5.519  0.1200E+01  0.9921E+01
  -5.510  0.1199E+01  0.9933E+01
  -5.500  0.1197E+01  0.9945E+01
  -5.490  0.1196E+01  0.9957E+01
  -5.480  0.1194E+01  0.9969E+01
  -5.470  0.1193E+01  0.9980E+01
  -5.460  0.1192E+01  0.9992E+01
  -5.450  0.1190E+01  0.1000E+02
  -5.440  0.1189E+01  0.1002E+02
  -5.429  0.1188E+01  0.1003E+02
  -5.420  0.1186E+01  0.1004E+02
  -5.410  0.1185E+01  0.1005E+02
  -5.399  0.1184E+01  0.1006E+02
  -5.389  0.1182E+01  0.1008E+02
  -5.380  0.1181E+01  0.1009E+02
  -5.370  0.1180E+01  0.1010E+02
  -5.360  0.1179E+01  0.1011E+02
  -5.350  0.1177E+01  0.1012E+02
  -5.340  0.1176E+01  0.1013E+02
  -5.330  0.1175E+01  0.1015E+02
  -5.320  0.1174E+01  0.1016E+02
  -5.309  0.1172E+01  0.1017E+02
  -5.300  0.1171E+01  0.1018E+02
  -5.290  0.1170E+01  0.1019E+02
  -5.279  0.1169E+01  0.1020E+02
  -5.269  0.1168E+01  0.1022E+02
  -5.260  0.1166E+01  0.1023E+02
  -5.250  0.1165E+01  0.1024E+02
  -5.240  0.1164E+01  0.1025E+02
  -5.230  0.1163E+01  0.1026E+02
  -5.220  0.1162E+01  0.1027E+02
  -5.210  0.1161E+01  0.1029E+02
  -5.200  0.1160E+01  0.1030E+02
  -5.190  0.1159E+01  0.1031E+02
  -5.179  0.1158E+01  0.1032E+02
  -5.170  0.1156E+01  0.1033E+02
  -5.159  0.1155E+01  0.1034E+02
  -5.149  0.1154E+01  0.1036E+02
  -5.140  0.1153E+01  0.1037E+02
  -5.130  0.1152E+01  0.1038E+02
  -5.120  0.1151E+01  0.1039E+02
  -5.110  0.1150E+01  0.1040E+02
  -5.100  0.1149E+01  0.1041E+02
  -5.090  0.1148E+01  0.1042E+02
  -5.080  0.1147E+01  0.1044E+02
  -5.070  0.1146E+01  0.1045E+02
  -5.059  0.1145E+01  0.1046E+02
  -5.050  0.1144E+01  0.1047E+02
  -5.040  0.1143E+01  0.1048E+02
  -5.029  0.1143E+01  0.1049E+02
  -5.020  0.1142E+01  0.1050E+02
  -5.010  0.1141E+01  0.1052E+02
  -5.000  0.1140E+01  0.1053E+02
  -4.990  0.1139E+01  0.1054E+02
  -4.980  0.1138E+01  0.1055E+02
  -4.970  0.1137E+01  0.1056E+02
  -4.960  0.1136E+01  0.1057E+02
  -4.950  0.1135E+01  0.1058E+02
  -4.939  0.1135E+01  0.1060E+02
  -4.929  0.1134E+01  0.1061E+02
  -4.920  0.1133E+01  0.1062E+02
  -4.909  0.1132E+01  0.1063E+02
  -4.900  0.1131E+01  0.1064E+02
  -4.890  0.1131E+01  0.1065E+02
  -4.880  0.1130E+01  0.1066E+02
  -4.870  0.1129E+01  0.1067E+02
  -4.860  0.1128E+01  0.1069E+02
  -4.850  0.1127E+01  0.1070E+02
  -4.840  0.1127E+01  0.1071E+02
  -4.830  0.1126E+01  0.1072E+02
  -4.820  0.1125E+01  0.1073E+02
  -4.809  0.1125E+01  0.1074E+02
  -4.800  0.1124E+01  0.1075E+02
  -4.789  0.1123E+01  0.1077E+02
  -4.780  0.1123E+01  0.1078E+02
  -4.770  0.1122E+01  0.1079E+02
  -4.760  0.1121E+01  0.1080E+02
  -4.750  0.1121E+01  0.1081E+02
  -4.740  0.1120E+01  0.1082E+02
  -4.730  0.1120E+01  0.1083E+02
  -4.720  0.1119E+01  0.1084E+02
  -4.710  0.1118E+01  0.1085E+02
  -4.700  0.1118E+01  0.1087E+02
  -4.689  0.1117E+01  0.1088E+02
  -4.679  0.1117E+01  0.1089E+02
  -4.670  0.1116E+01  0.1090E+02
  -4.660  0.1115E+01  0.1091E+02
  -4.650  0.1115E+01  0.1092E+02
  -4.640  0.1114E+01  0.1093E+02
  -4.630  0.1114E+01  0.1094E+02
  -4.620  0.1114E+01  0.1096E+02
  -4.610  0.1113E+01  0.1097E+02
  -4.600  0.1113E+01  0.1098E+02
  -4.590  0.1112E+01  0.1099E+02
  -4.580  0.1112E+01  0.1100E+02
  -4.569  0.1111E+01  0.1101E+02
  -4.559  0.1111E+01  0.1102E+02
  -4.550  0.1111E+01  0.1103E+02
  -4.540  0.1110E+01  0.1104E+02
  -4.530  0.1110E+01  0.1106E+02
  -4.520  0.1110E+01  0.1107E+02
  -4.510  0.1109E+01  0.1108E+02
  -4.500  0.1109E+01  0.1109E+02
  -4.490  0.1109E+01  0.1110E+02
  -4.480  0.1108E+01  0.1111E+02
  -4.470  0.1108E+01  0.1112E+02
  -4.460  0.1108E+01  0.1113E+02
  -4.450  0.1107E+01  0.1114E+02
  -4.439  0.1107E+01  0.1115E+02
  -4.429  0.1107E+01  0.1117E+02
  -4.420  0.1107E+01  0.1118E+02
  -4.410  0.1106E+01  0.1119E+02
  -4.400  0.1106E+01  0.1120E+02
  -4.390  0.1106E+01  0.1121E+02
  -4.380  0.1106E+01  0.1122E+02
  -4.370  0.1105E+01  0.1123E+02
  -4.360  0.1105E+01  0.1124E+02
  -4.349  0.1105E+01  0.1125E+02
  -4.340  0.1104E+01  0.1127E+02
  -4.330  0.1104E+01  0.1128E+02
  -4.319  0.1103E+01  0.1129E+02
  -4.310  0.1103E+01  0.1130E+02
  -4.300  0.1102E+01  0.1131E+02
  -4.290  0.1101E+01  0.1132E+02
  -4.280  0.1100E+01  0.1133E+02
  -4.270  0.1099E+01  0.1134E+02
  -4.260  0.1098E+01  0.1135E+02
  -4.250  0.1096E+01  0.1136E+02
  -4.240  0.1095E+01  0.1138E+02
  -4.230  0.1093E+01  0.1139E+02
  -4.220  0.1091E+01  0.1140E+02
  -4.210  0.1088E+01  0.1141E+02
  -4.199  0.1085E+01  0.1142E+02
  -4.190  0.1082E+01  0.1143E+02
  -4.180  0.1079E+01  0.1144E+02
  -4.170  0.1075E+01  0.1145E+02
  -4.160  0.1071E+01  0.1146E+02
  -4.150  0.1066E+01  0.1147E+02
  -4.140  0.1061E+01  0.1148E+02
  -4.130  0.1056E+01  0.1149E+02
  -4.120  0.1050E+01  0.1150E+02
  -4.110  0.1043E+01  0.1151E+02
  -4.099  0.1037E+01  0.1153E+02
  -4.090  0.1029E+01  0.1154E+02
  -4.079  0.1022E+01  0.1155E+02
  -4.070  0.1014E+01  0.1156E+02
  -4.060  0.1005E+01  0.1157E+02
  -4.050  0.9961E+00  0.1158E+02
  -4.040  0.9868E+00  0.1159E+02
  -4.030  0.9773E+00  0.1160E+02
  -4.020  0.9675E+00  0.1161E+02
  -4.010  0.9576E+00  0.1161E+02
  -4.000  0.9475E+00  0.1162E+02
  -3.990  0.9373E+00  0.1163E+02
  -3.980  0.9271E+00  0.1164E+02
  -3.970  0.9169E+00  0.1165E+02
  -3.959  0.9069E+00  0.1166E+02
  -3.950  0.8970E+00  0.1167E+02
  -3.940  0.8873E+00  0.1168E+02
  -3.930  0.8779E+00  0.1169E+02
  -3.920  0.8688E+00  0.1170E+02
  -3.910  0.8602E+00  0.1171E+02
  -3.900  0.8520E+00  0.1171E+02
  -3.890  0.8442E+00  0.1172E+02
  -3.880  0.8370E+00  0.1173E+02
  -3.870  0.8304E+00  0.1174E+02
  -3.860  0.8243E+00  0.1175E+02
  -3.849  0.8188E+00  0.1176E+02
  -3.839  0.8139E+00  0.1176E+02
  -3.830  0.8097E+00  0.1177E+02
  -3.820  0.8061E+00  0.1178E+02
  -3.810  0.8031E+00  0.1179E+02
  -3.800  0.8008E+00  0.1180E+02
  -3.790  0.7991E+00  0.1180E+02
  -3.780  0.7981E+00  0.1181E+02
  -3.770  0.7976E+00  0.1182E+02
  -3.760  0.7977E+00  0.1183E+02
  -3.750  0.7984E+00  0.1184E+02
  -3.740  0.7996E+00  0.1184E+02
  -3.729  0.8013E+00  0.1185E+02
  -3.720  0.8036E+00  0.1186E+02
  -3.710  0.8063E+00  0.1187E+02
  -3.700  0.8094E+00  0.1188E+02
  -3.690  0.8130E+00  0.1188E+02
  -3.680  0.8169E+00  0.1189E+02
  -3.670  0.8212E+00  0.1190E+02
  -3.660  0.8257E+00  0.1191E+02
  -3.650  0.8306E+00  0.1192E+02
  -3.640  0.8357E+00  0.1192E+02
  -3.630  0.8409E+00  0.1193E+02
  -3.619  0.8464E+00  0.1194E+02
  -3.610  0.8519E+00  0.1195E+02
  -3.599  0.8576E+00  0.1196E+02
  -3.590  0.8633E+00  0.1197E+02
  -3.580  0.8690E+00  0.1198E+02
  -3.570  0.8747E+00  0.1199E+02
  -3.560  0.8803E+00  0.1199E+02
  -3.550  0.8858E+00  0.1200E+02
  -3.540  0.8913E+00  0.1201E+02
  -3.530  0.8965E+00  0.1202E+02
  -3.520  0.9017E+00  0.1203E+02
  -3.510  0.9066E+00  0.1204E+02
  -3.500  0.9113E+00  0.1205E+02
  -3.490  0.9158E+00  0.1206E+02
  -3.479  0.9201E+00  0.1207E+02
  -3.470  0.9241E+00  0.1208E+02
  -3.460  0.9278E+00  0.1208E+02
  -3.450  0.9313E+00  0.1209E+02
  -3.440  0.9346E+00  0.1210E+02
  -3.430  0.9375E+00  0.1211E+02
  -3.420  0.9402E+00  0.1212E+02
  -3.410  0.9427E+00  0.1213E+02
  -3.400  0.9448E+00  0.1214E+02
  -3.390  0.9467E+00  0.1215E+02
  -3.380  0.9483E+00  0.1216E+02
  -3.369  0.9497E+00  0.1217E+02
  -3.359  0.9508E+00  0.1218E+02
  -3.350  0.9516E+00  0.1219E+02
  -3.340  0.9521E+00  0.1220E+02
  -3.330  0.9524E+00  0.1221E+02
  -3.320  0.9523E+00  0.1222E+02
  -3.310  0.9520E+00  0.1223E+02
  -3.300  0.9513E+00  0.1224E+02
  -3.290  0.9503E+00  0.1225E+02
  -3.280  0.9490E+00  0.1225E+02
  -3.270  0.9474E+00  0.1226E+02
  -3.260  0.9454E+00  0.1227E+02
  -3.249  0.9429E+00  0.1228E+02
  -3.240  0.9401E+00  0.1229E+02
  -3.230  0.9369E+00  0.1230E+02
  -3.220  0.9333E+00  0.1231E+02
  -3.210  0.9292E+00  0.1232E+02
  -3.200  0.9247E+00  0.1233E+02
  -3.190  0.9197E+00  0.1234E+02
  -3.180  0.9142E+00  0.1235E+02
  -3.170  0.9083E+00  0.1236E+02
  -3.160  0.9019E+00  0.1237E+02
  -3.150  0.8950E+00  0.1238E+02
  -3.139  0.8877E+00  0.1238E+02
  -3.130  0.8799E+00  0.1239E+02
  -3.120  0.8717E+00  0.1240E+02
  -3.110  0.8631E+00  0.1241E+02
  -3.100  0.8542E+00  0.1242E+02
  -3.090  0.8449E+00  0.1243E+02
  -3.080  0.8352E+00  0.1244E+02
  -3.070  0.8254E+00  0.1244E+02
  -3.060  0.8153E+00  0.1245E+02
  -3.050  0.8050E+00  0.1246E+02
  -3.040  0.7946E+00  0.1247E+02
  -3.030  0.7841E+00  0.1248E+02
  -3.020  0.7735E+00  0.1248E+02
  -3.010  0.7629E+00  0.1249E+02
  -3.000  0.7524E+00  0.1250E+02
  -2.990  0.7419E+00  0.1251E+02
  -2.980  0.7315E+00  0.1251E+02
  -2.970  0.7212E+00  0.1252E+02
  -2.960  0.7111E+00  0.1253E+02
  -2.950  0.7011E+00  0.1253E+02
  -2.940  0.6913E+00  0.1254E+02
  -2.930  0.6817E+00  0.1255E+02
  -2.920  0.6723E+00  0.1256E+02
  -2.910  0.6631E+00  0.1256E+02
  -2.900  0.6542E+00  0.1257E+02
  -2.889  0.6454E+00  0.1258E+02
  -2.880  0.6368E+00  0.1258E+02
  -2.870  0.6285E+00  0.1259E+02
  -2.860  0.6204E+00  0.1259E+02
  -2.850  0.6124E+00  0.1260E+02
  -2.840  0.6047E+00  0.1261E+02
  -2.830  0.5972E+00  0.1261E+02
  -2.820  0.5898E+00  0.1262E+02
  -2.810  0.5827E+00  0.1262E+02
  -2.800  0.5757E+00  0.1263E+02
  -2.790  0.5689E+00  0.1264E+02
  -2.780  0.5623E+00  0.1264E+02
  -2.769  0.5558E+00  0.1265E+02
  -2.760  0.5495E+00  0.1265E+02
  -2.750  0.5434E+00  0.1266E+02
  -2.740  0.5374E+00  0.1266E+02
  -2.730  0.5315E+00  0.1267E+02
  -2.720  0.5258E+00  0.1267E+02
  -2.710  0.5202E+00  0.1268E+02
  -2.700  0.5148E+00  0.1268E+02
  -2.690  0.5094E+00  0.1269E+02
  -2.680  0.5042E+00  0.1269E+02
  -2.670  0.4990E+00  0.1270E+02
  -2.659  0.4939E+00  0.1270E+02
  -2.649  0.4889E+00  0.1271E+02
  -2.640  0.4840E+00  0.1271E+02
  -2.630  0.4791E+00  0.1272E+02
  -2.620  0.4743E+00  0.1272E+02
  -2.610  0.4696E+00  0.1273E+02
  -2.600  0.4649E+00  0.1273E+02
  -2.590  0.4603E+00  0.1274E+02
  -2.580  0.4557E+00  0.1274E+02
  -2.570  0.4512E+00  0.1275E+02
  -2.560  0.4468E+00  0.1275E+02
  -2.550  0.4424E+00  0.1275E+02
  -2.539  0.4381E+00  0.1276E+02
  -2.530  0.4338E+00  0.1276E+02
  -2.520  0.4296E+00  0.1277E+02
  -2.510  0.4255E+00  0.1277E+02
  -2.500  0.4214E+00  0.1278E+02
  -2.490  0.4174E+00  0.1278E+02
  -2.480  0.4134E+00  0.1278E+02
  -2.470  0.4095E+00  0.1279E+02
  -2.460  0.4056E+00  0.1279E+02
  -2.450  0.4017E+00  0.1280E+02
  -2.440  0.3979E+00  0.1280E+02
  -2.429  0.3942E+00  0.1280E+02
  -2.420  0.3904E+00  0.1281E+02
  -2.409  0.3867E+00  0.1281E+02
  -2.400  0.3830E+00  0.1282E+02
  -2.390  0.3794E+00  0.1282E+02
  -2.380  0.3758E+00  0.1282E+02
  -2.370  0.3721E+00  0.1283E+02
  -2.360  0.3686E+00  0.1283E+02
  -2.350  0.3650E+00  0.1283E+02
  -2.340  0.3615E+00  0.1284E+02
  -2.330  0.3580E+00  0.1284E+02
  -2.320  0.3546E+00  0.1285E+02
  -2.310  0.3511E+00  0.1285E+02
  -2.300  0.3477E+00  0.1285E+02
  -2.289  0.3444E+00  0.1286E+02
  -2.279  0.3410E+00  0.1286E+02
  -2.269  0.3378E+00  0.1286E+02
  -2.259  0.3345E+00  0.1287E+02
  -2.249  0.3313E+00  0.1287E+02
  -2.239  0.3281E+00  0.1287E+02
  -2.229  0.3249E+00  0.1288E+02
  -2.220  0.3217E+00  0.1288E+02
  -2.210  0.3186E+00  0.1288E+02
  -2.200  0.3155E+00  0.1289E+02
  -2.190  0.3124E+00  0.1289E+02
  -2.180  0.3093E+00  0.1289E+02
  -2.170  0.3062E+00  0.1289E+02
  -2.160  0.3032E+00  0.1290E+02
  -2.150  0.3001E+00  0.1290E+02
  -2.140  0.2971E+00  0.1290E+02
  -2.130  0.2941E+00  0.1291E+02
  -2.120  0.2911E+00  0.1291E+02
  -2.110  0.2881E+00  0.1291E+02
  -2.100  0.2852E+00  0.1292E+02
  -2.090  0.2822E+00  0.1292E+02
  -2.080  0.2793E+00  0.1292E+02
  -2.070  0.2764E+00  0.1292E+02
  -2.059  0.2735E+00  0.1293E+02
  -2.050  0.2707E+00  0.1293E+02
  -2.039  0.2678E+00  0.1293E+02
  -2.029  0.2650E+00  0.1293E+02
  -2.019  0.2622E+00  0.1294E+02
  -2.009  0.2594E+00  0.1294E+02
  -1.999  0.2567E+00  0.1294E+02
  -1.989  0.2539E+00  0.1294E+02
  -1.980  0.2512E+00  0.1295E+02
  -1.970  0.2484E+00  0.1295E+02
  -1.960  0.2457E+00  0.1295E+02
  -1.950  0.2430E+00  0.1295E+02
  -1.940  0.2403E+00  0.1296E+02
  -1.930  0.2376E+00  0.1296E+02
  -1.920  0.2350E+00  0.1296E+02
  -1.910  0.2323E+00  0.1296E+02
  -1.900  0.2297E+00  0.1297E+02
  -1.890  0.2270E+00  0.1297E+02
  -1.880  0.2244E+00  0.1297E+02
  -1.870  0.2217E+00  0.1297E+02
  -1.860  0.2191E+00  0.1298E+02
  -1.850  0.2165E+00  0.1298E+02
  -1.840  0.2140E+00  0.1298E+02
  -1.830  0.2114E+00  0.1298E+02
  -1.820  0.2088E+00  0.1298E+02
  -1.809  0.2063E+00  0.1299E+02
  -1.799  0.2037E+00  0.1299E+02
  -1.789  0.2012E+00  0.1299E+02
  -1.779  0.1987E+00  0.1299E+02
  -1.769  0.1962E+00  0.1299E+02
  -1.759  0.1937E+00  0.1300E+02
  -1.750  0.1912E+00  0.1300E+02
  -1.740  0.1887E+00  0.1300E+02
  -1.730  0.1863E+00  0.1300E+02
  -1.720  0.1838E+00  0.1300E+02
  -1.710  0.1814E+00  0.1301E+02
  -1.700  0.1789E+00  0.1301E+02
  -1.690  0.1765E+00  0.1301E+02
  -1.680  0.1740E+00  0.1301E+02
  -1.670  0.1716E+00  0.1301E+02
  -1.660  0.1692E+00  0.1301E+02
  -1.650  0.1668E+00  0.1302E+02
  -1.640  0.1643E+00  0.1302E+02
  -1.630  0.1619E+00  0.1302E+02
  -1.620  0.1595E+00  0.1302E+02
  -1.610  0.1572E+00  0.1302E+02
  -1.600  0.1548E+00  0.1302E+02
  -1.590  0.1524E+00  0.1303E+02
  -1.580  0.1500E+00  0.1303E+02
  -1.569  0.1477E+00  0.1303E+02
  -1.559  0.1453E+00  0.1303E+02
  -1.549  0.1430E+00  0.1303E+02
  -1.539  0.1406E+00  0.1303E+02
  -1.529  0.1383E+00  0.1303E+02
  -1.519  0.1360E+00  0.1304E+02
  -1.510  0.1336E+00  0.1304E+02
  -1.500  0.1313E+00  0.1304E+02
  -1.490  0.1290E+00  0.1304E+02
  -1.480  0.1266E+00  0.1304E+02
  -1.470  0.1243E+00  0.1304E+02
  -1.460  0.1220E+00  0.1304E+02
  -1.450  0.1197E+00  0.1304E+02
  -1.440  0.1173E+00  0.1305E+02
  -1.430  0.1150E+00  0.1305E+02
  -1.420  0.1127E+00  0.1305E+02
  -1.410  0.1104E+00  0.1305E+02
  -1.400  0.1081E+00  0.1305E+02
  -1.390  0.1058E+00  0.1305E+02
  -1.380  0.1034E+00  0.1305E+02
  -1.370  0.1011E+00  0.1305E+02
  -1.360  0.9881E-01  0.1305E+02
  -1.350  0.9650E-01  0.1305E+02
  -1.339  0.9420E-01  0.1306E+02
  -1.329  0.9190E-01  0.1306E+02
  -1.319  0.8960E-01  0.1306E+02
  -1.309  0.8731E-01  0.1306E+02
  -1.299  0.8502E-01  0.1306E+02
  -1.289  0.8274E-01  0.1306E+02
  -1.279  0.8048E-01  0.1306E+02
  -1.270  0.7822E-01  0.1306E+02
  -1.260  0.7598E-01  0.1306E+02
  -1.250  0.7376E-01  0.1306E+02
  -1.240  0.7156E-01  0.1306E+02
  -1.230  0.6937E-01  0.1306E+02
  -1.220  0.6721E-01  0.1307E+02
  -1.210  0.6508E-01  0.1307E+02
  -1.200  0.6298E-01  0.1307E+02
  -1.190  0.6091E-01  0.1307E+02
  -1.180  0.5888E-01  0.1307E+02
  -1.170  0.5689E-01  0.1307E+02
  -1.160  0.5494E-01  0.1307E+02
  -1.150  0.5304E-01  0.1307E+02
  -1.140  0.5119E-01  0.1307E+02
  -1.130  0.4939E-01  0.1307E+02
  -1.120  0.4764E-01  0.1307E+02
  -1.110  0.4595E-01  0.1307E+02
  -1.099  0.4433E-01  0.1307E+02
  -1.089  0.4277E-01  0.1307E+02
  -1.079  0.4128E-01  0.1307E+02
  -1.069  0.3985E-01  0.1307E+02
  -1.059  0.3850E-01  0.1307E+02
  -1.049  0.3722E-01  0.1307E+02
  -1.039  0.3602E-01  0.1307E+02
  -1.030  0.3490E-01  0.1307E+02
  -1.020  0.3386E-01  0.1307E+02
  -1.010  0.3290E-01  0.1308E+02
  -1.000  0.3203E-01  0.1308E+02
  -0.990  0.3125E-01  0.1308E+02
  -0.980  0.3055E-01  0.1308E+02
  -0.970  0.2995E-01  0.1308E+02
  -0.960  0.2943E-01  0.1308E+02
  -0.950  0.2901E-01  0.1308E+02
  -0.940  0.2869E-01  0.1308E+02
  -0.930  0.2846E-01  0.1308E+02
  -0.920  0.2833E-01  0.1308E+02
  -0.910  0.2829E-01  0.1308E+02
  -0.900  0.2835E-01  0.1308E+02
  -0.890  0.2851E-01  0.1308E+02
  -0.880  0.2877E-01  0.1308E+02
  -0.870  0.2913E-01  0.1308E+02
  -0.859  0.2959E-01  0.1308E+02
  -0.849  0.3014E-01  0.1308E+02
  -0.839  0.3080E-01  0.1308E+02
  -0.829  0.3155E-01  0.1308E+02
  -0.819  0.3240E-01  0.1308E+02
  -0.809  0.3334E-01  0.1308E+02
  -0.799  0.3438E-01  0.1308E+02
  -0.790  0.3551E-01  0.1308E+02
  -0.780  0.3674E-01  0.1308E+02
  -0.770  0.3805E-01  0.1308E+02
  -0.760  0.3945E-01  0.1308E+02
  -0.750  0.4094E-01  0.1308E+02
  -0.740  0.4250E-01  0.1308E+02
  -0.730  0.4415E-01  0.1308E+02
  -0.720  0.4588E-01  0.1308E+02
  -0.710  0.4768E-01  0.1309E+02
  -0.700  0.4955E-01  0.1309E+02
  -0.690  0.5148E-01  0.1309E+02
  -0.680  0.5349E-01  0.1309E+02
  -0.670  0.5555E-01  0.1309E+02
  -0.660  0.5766E-01  0.1309E+02
  -0.650  0.5983E-01  0.1309E+02
  -0.640  0.6205E-01  0.1309E+02
  -0.630  0.6432E-01  0.1309E+02
  -0.619  0.6662E-01  0.1309E+02
  -0.609  0.6897E-01  0.1309E+02
  -0.599  0.7135E-01  0.1309E+02
  -0.589  0.7376E-01  0.1309E+02
  -0.579  0.7620E-01  0.1309E+02
  -0.569  0.7867E-01  0.1309E+02
  -0.559  0.8116E-01  0.1309E+02
  -0.550  0.8367E-01  0.1310E+02
  -0.540  0.8621E-01  0.1310E+02
  -0.530  0.8875E-01  0.1310E+02
  -0.520  0.9132E-01  0.1310E+02
  -0.510  0.9390E-01  0.1310E+02
  -0.500  0.9649E-01  0.1310E+02
  -0.490  0.9909E-01  0.1310E+02
  -0.480  0.1017E+00  0.1310E+02
  -0.470  0.1043E+00  0.1310E+02
  -0.460  0.1070E+00  0.1310E+02
  -0.450  0.1096E+00  0.1311E+02
  -0.440  0.1122E+00  0.1311E+02
  -0.430  0.1149E+00  0.1311E+02
  -0.420  0.1176E+00  0.1311E+02
  -0.410  0.1203E+00  0.1311E+02
  -0.400  0.1229E+00  0.1311E+02
  -0.390  0.1256E+00  0.1311E+02
  -0.379  0.1284E+00  0.1311E+02
  -0.369  0.1311E+00  0.1312E+02
  -0.359  0.1338E+00  0.1312E+02
  -0.349  0.1366E+00  0.1312E+02
  -0.339  0.1394E+00  0.1312E+02
  -0.329  0.1422E+00  0.1312E+02
  -0.320  0.1450E+00  0.1312E+02
  -0.310  0.1478E+00  0.1312E+02
  -0.300  0.1506E+00  0.1313E+02
  -0.290  0.1535E+00  0.1313E+02
  -0.280  0.1564E+00  0.1313E+02
  -0.270  0.1593E+00  0.1313E+02
  -0.260  0.1622E+00  0.1313E+02
  -0.250  0.1652E+00  0.1313E+02
  -0.240  0.1681E+00  0.1313E+02
  -0.230  0.1711E+00  0.1314E+02
  -0.220  0.1741E+00  0.1314E+02
  -0.210  0.1772E+00  0.1314E+02
  -0.200  0.1803E+00  0.1314E+02
  -0.190  0.1833E+00  0.1314E+02
  -0.180  0.1865E+00  0.1315E+02
  -0.170  0.1896E+00  0.1315E+02
  -0.160  0.1928E+00  0.1315E+02
  -0.150  0.1960E+00  0.1315E+02
  -0.139  0.1993E+00  0.1315E+02
  -0.129  0.2026E+00  0.1316E+02
  -0.119  0.2059E+00  0.1316E+02
  -0.109  0.2093E+00  0.1316E+02
  -0.099  0.2127E+00  0.1316E+02
  -0.089  0.2161E+00  0.1316E+02
  -0.080  0.2196E+00  0.1317E+02
  -0.070  0.2232E+00  0.1317E+02
  -0.060  0.2267E+00  0.1317E+02
  -0.050  0.2303E+00  0.1317E+02
  -0.040  0.2340E+00  0.1318E+02
  -0.030  0.2377E+00  0.1318E+02
  -0.020  0.2415E+00  0.1318E+02
  -0.010  0.2453E+00  0.1318E+02
   0.000  0.2492E+00  0.1318E+02
   0.010  0.2531E+00  0.1319E+02
   0.020  0.2571E+00  0.1319E+02
   0.030  0.2611E+00  0.1319E+02
   0.040  0.2652E+00  0.1320E+02
   0.050  0.2694E+00  0.1320E+02
   0.060  0.2737E+00  0.1320E+02
   0.070  0.2780E+00  0.1320E+02
   0.080  0.2824E+00  0.1321E+02
   0.090  0.2869E+00  0.1321E+02
   0.101  0.2915E+00  0.1321E+02
   0.111  0.2963E+00  0.1322E+02
   0.121  0.3011E+00  0.1322E+02
   0.131  0.3060E+00  0.1322E+02
   0.141  0.3110E+00  0.1322E+02
   0.151  0.3162E+00  0.1323E+02
   0.160  0.3215E+00  0.1323E+02
   0.170  0.3269E+00  0.1323E+02
   0.180  0.3325E+00  0.1324E+02
   0.190  0.3382E+00  0.1324E+02
   0.200  0.3441E+00  0.1324E+02
   0.210  0.3502E+00  0.1325E+02
   0.220  0.3565E+00  0.1325E+02
   0.230  0.3630E+00  0.1325E+02
   0.240  0.3698E+00  0.1326E+02
   0.250  0.3767E+00  0.1326E+02
   0.260  0.3840E+00  0.1327E+02
   0.270  0.3915E+00  0.1327E+02
   0.280  0.3994E+00  0.1327E+02
   0.290  0.4075E+00  0.1328E+02
   0.300  0.4161E+00  0.1328E+02
   0.310  0.4249E+00  0.1329E+02
   0.320  0.4342E+00  0.1329E+02
   0.330  0.4439E+00  0.1330E+02
   0.341  0.4540E+00  0.1330E+02
   0.351  0.4646E+00  0.1330E+02
   0.361  0.4756E+00  0.1331E+02
   0.371  0.4870E+00  0.1331E+02
   0.381  0.4990E+00  0.1332E+02
   0.391  0.5114E+00  0.1332E+02
   0.400  0.5243E+00  0.1333E+02
   0.410  0.5376E+00  0.1333E+02
   0.420  0.5514E+00  0.1334E+02
   0.430  0.5657E+00  0.1335E+02
   0.440  0.5804E+00  0.1335E+02
   0.450  0.5954E+00  0.1336E+02
   0.460  0.6109E+00  0.1336E+02
   0.470  0.6267E+00  0.1337E+02
   0.480  0.6428E+00  0.1338E+02
   0.490  0.6591E+00  0.1338E+02
   0.500  0.6756E+00  0.1339E+02
   0.510  0.6922E+00  0.1340E+02
   0.520  0.7089E+00  0.1340E+02
   0.530  0.7256E+00  0.1341E+02
   0.540  0.7422E+00  0.1342E+02
   0.550  0.7586E+00  0.1343E+02
   0.560  0.7748E+00  0.1343E+02
   0.571  0.7908E+00  0.1344E+02
   0.581  0.8063E+00  0.1345E+02
   0.591  0.8214E+00  0.1346E+02
   0.601  0.8360E+00  0.1347E+02
   0.611  0.8500E+00  0.1347E+02
   0.621  0.8634E+00  0.1348E+02
   0.631  0.8761E+00  0.1349E+02
   0.640  0.8882E+00  0.1350E+02
   0.650  0.8995E+00  0.1351E+02
   0.660  0.9100E+00  0.1352E+02
   0.670  0.9198E+00  0.1353E+02
   0.680  0.9288E+00  0.1354E+02
   0.690  0.9371E+00  0.1355E+02
   0.700  0.9447E+00  0.1356E+02
   0.710  0.9515E+00  0.1357E+02
   0.720  0.9577E+00  0.1358E+02
   0.730  0.9632E+00  0.1359E+02
   0.740  0.9681E+00  0.1359E+02
   0.750  0.9724E+00  0.1360E+02
   0.760  0.9762E+00  0.1361E+02
   0.770  0.9794E+00  0.1362E+02
   0.780  0.9821E+00  0.1363E+02
   0.790  0.9844E+00  0.1364E+02
   0.800  0.9862E+00  0.1365E+02
   0.810  0.9876E+00  0.1366E+02
   0.821  0.9886E+00  0.1367E+02
   0.831  0.9891E+00  0.1368E+02
   0.841  0.9893E+00  0.1369E+02
   0.851  0.9891E+00  0.1370E+02
   0.861  0.9885E+00  0.1371E+02
   0.870  0.9875E+00  0.1372E+02
   0.880  0.9860E+00  0.1373E+02
   0.890  0.9842E+00  0.1374E+02
   0.900  0.9819E+00  0.1375E+02
   0.910  0.9792E+00  0.1376E+02
   0.920  0.9760E+00  0.1377E+02
   0.930  0.9724E+00  0.1378E+02
   0.940  0.9684E+00  0.1379E+02
   0.950  0.9639E+00  0.1380E+02
   0.960  0.9590E+00  0.1381E+02
   0.970  0.9536E+00  0.1382E+02
   0.980  0.9479E+00  0.1383E+02
   0.990  0.9418E+00  0.1384E+02
   1.000  0.9353E+00  0.1385E+02
   1.010  0.9285E+00  0.1386E+02
   1.020  0.9213E+00  0.1387E+02
   1.030  0.9139E+00  0.1388E+02
   1.040  0.9062E+00  0.1389E+02
   1.050  0.8983E+00  0.1389E+02
   1.060  0.8902E+00  0.1390E+02
   1.071  0.8820E+00  0.1391E+02
   1.081  0.8737E+00  0.1392E+02
   1.091  0.8652E+00  0.1393E+02
   1.101  0.8567E+00  0.1394E+02
   1.110  0.8482E+00  0.1395E+02
   1.120  0.8398E+00  0.1395E+02
   1.130  0.8313E+00  0.1396E+02
   1.140  0.8230E+00  0.1397E+02
   1.150  0.8147E+00  0.1398E+02
   1.160  0.8066E+00  0.1399E+02
   1.170  0.7987E+00  0.1400E+02
   1.180  0.7909E+00  0.1400E+02
   1.190  0.7833E+00  0.1401E+02
   1.200  0.7759E+00  0.1402E+02
   1.210  0.7687E+00  0.1403E+02
   1.220  0.7618E+00  0.1403E+02
   1.230  0.7550E+00  0.1404E+02
   1.240  0.7485E+00  0.1405E+02
   1.250  0.7423E+00  0.1406E+02
   1.260  0.7363E+00  0.1406E+02
   1.270  0.7304E+00  0.1407E+02
   1.280  0.7248E+00  0.1408E+02
   1.290  0.7194E+00  0.1409E+02
   1.301  0.7142E+00  0.1409E+02
   1.311  0.7092E+00  0.1410E+02
   1.321  0.7044E+00  0.1411E+02
   1.331  0.6997E+00  0.1411E+02
   1.341  0.6951E+00  0.1412E+02
   1.350  0.6907E+00  0.1413E+02
   1.360  0.6864E+00  0.1413E+02
   1.370  0.6822E+00  0.1414E+02
   1.380  0.6782E+00  0.1415E+02
   1.390  0.6742E+00  0.1416E+02
   1.400  0.6704E+00  0.1416E+02
   1.410  0.6666E+00  0.1417E+02
   1.420  0.6629E+00  0.1418E+02
   1.430  0.6593E+00  0.1418E+02
   1.440  0.6558E+00  0.1419E+02
   1.450  0.6524E+00  0.1419E+02
   1.460  0.6491E+00  0.1420E+02
   1.470  0.6459E+00  0.1421E+02
   1.480  0.6428E+00  0.1421E+02
   1.490  0.6397E+00  0.1422E+02
   1.500  0.6368E+00  0.1423E+02
   1.510  0.6339E+00  0.1423E+02
   1.520  0.6311E+00  0.1424E+02
   1.530  0.6284E+00  0.1425E+02
   1.541  0.6257E+00  0.1425E+02
   1.551  0.6231E+00  0.1426E+02
   1.561  0.6205E+00  0.1426E+02
   1.571  0.6180E+00  0.1427E+02
   1.581  0.6156E+00  0.1428E+02
   1.590  0.6131E+00  0.1428E+02
   1.600  0.6107E+00  0.1429E+02
   1.610  0.6083E+00  0.1430E+02
   1.620  0.6060E+00  0.1430E+02
   1.630  0.6037E+00  0.1431E+02
   1.640  0.6013E+00  0.1431E+02
   1.650  0.5990E+00  0.1432E+02
   1.660  0.5967E+00  0.1433E+02
   1.670  0.5945E+00  0.1433E+02
   1.680  0.5923E+00  0.1434E+02
   1.690  0.5901E+00  0.1434E+02
   1.700  0.5879E+00  0.1435E+02
   1.710  0.5858E+00  0.1435E+02
   1.720  0.5837E+00  0.1436E+02
   1.730  0.5816E+00  0.1437E+02
   1.740  0.5796E+00  0.1437E+02
   1.750  0.5777E+00  0.1438E+02
   1.760  0.5758E+00  0.1438E+02
   1.770  0.5739E+00  0.1439E+02
   1.781  0.5721E+00  0.1440E+02
   1.791  0.5703E+00  0.1440E+02
   1.801  0.5686E+00  0.1441E+02
   1.811  0.5669E+00  0.1441E+02
   1.821  0.5652E+00  0.1442E+02
   1.830  0.5635E+00  0.1442E+02
   1.840  0.5619E+00  0.1443E+02
   1.850  0.5602E+00  0.1443E+02
   1.860  0.5586E+00  0.1444E+02
   1.870  0.5569E+00  0.1445E+02
   1.880  0.5553E+00  0.1445E+02
   1.890  0.5537E+00  0.1446E+02
   1.900  0.5520E+00  0.1446E+02
   1.910  0.5504E+00  0.1447E+02
   1.920  0.5487E+00  0.1447E+02
   1.930  0.5471E+00  0.1448E+02
   1.940  0.5455E+00  0.1448E+02
   1.950  0.5439E+00  0.1449E+02
   1.960  0.5423E+00  0.1450E+02
   1.970  0.5408E+00  0.1450E+02
   1.980  0.5393E+00  0.1451E+02
   1.990  0.5378E+00  0.1451E+02
   2.000  0.5364E+00  0.1452E+02
   2.010  0.5351E+00  0.1452E+02
   2.021  0.5338E+00  0.1453E+02
   2.031  0.5326E+00  0.1453E+02
   2.041  0.5314E+00  0.1454E+02
   2.051  0.5304E+00  0.1454E+02
   2.060  0.5294E+00  0.1455E+02
   2.070  0.5284E+00  0.1455E+02
   2.080  0.5276E+00  0.1456E+02
   2.090  0.5268E+00  0.1456E+02
   2.100  0.5261E+00  0.1457E+02
   2.110  0.5255E+00  0.1458E+02
   2.120  0.5250E+00  0.1458E+02
   2.130  0.5246E+00  0.1459E+02
   2.140  0.5243E+00  0.1459E+02
   2.150  0.5242E+00  0.1460E+02
   2.160  0.5242E+00  0.1460E+02
   2.170  0.5243E+00  0.1461E+02
   2.180  0.5247E+00  0.1461E+02
   2.190  0.5252E+00  0.1462E+02
   2.200  0.5259E+00  0.1462E+02
   2.210  0.5269E+00  0.1463E+02
   2.220  0.5281E+00  0.1463E+02
   2.230  0.5295E+00  0.1464E+02
   2.240  0.5313E+00  0.1464E+02
   2.251  0.5333E+00  0.1465E+02
   2.260  0.5356E+00  0.1465E+02
   2.271  0.5383E+00  0.1466E+02
   2.281  0.5412E+00  0.1467E+02
   2.291  0.5444E+00  0.1467E+02
   2.300  0.5480E+00  0.1468E+02
   2.310  0.5518E+00  0.1468E+02
   2.320  0.5559E+00  0.1469E+02
   2.330  0.5603E+00  0.1469E+02
   2.340  0.5649E+00  0.1470E+02
   2.350  0.5697E+00  0.1470E+02
   2.360  0.5747E+00  0.1471E+02
   2.370  0.5798E+00  0.1472E+02
   2.380  0.5851E+00  0.1472E+02
   2.390  0.5904E+00  0.1473E+02
   2.400  0.5958E+00  0.1473E+02
   2.410  0.6012E+00  0.1474E+02
   2.420  0.6066E+00  0.1475E+02
   2.430  0.6119E+00  0.1475E+02
   2.440  0.6172E+00  0.1476E+02
   2.450  0.6224E+00  0.1476E+02
   2.460  0.6274E+00  0.1477E+02
   2.470  0.6323E+00  0.1478E+02
   2.480  0.6371E+00  0.1478E+02
   2.490  0.6417E+00  0.1479E+02
   2.501  0.6461E+00  0.1480E+02
   2.511  0.6504E+00  0.1480E+02
   2.521  0.6545E+00  0.1481E+02
   2.531  0.6584E+00  0.1482E+02
   2.540  0.6621E+00  0.1482E+02
   2.550  0.6657E+00  0.1483E+02
   2.560  0.6691E+00  0.1484E+02
   2.570  0.6724E+00  0.1484E+02
   2.580  0.6756E+00  0.1485E+02
   2.590  0.6786E+00  0.1486E+02
   2.600  0.6815E+00  0.1486E+02
   2.610  0.6844E+00  0.1487E+02
   2.620  0.6872E+00  0.1488E+02
   2.630  0.6900E+00  0.1488E+02
   2.640  0.6927E+00  0.1489E+02
   2.650  0.6955E+00  0.1490E+02
   2.660  0.6982E+00  0.1490E+02
   2.670  0.7011E+00  0.1491E+02
   2.680  0.7040E+00  0.1492E+02
   2.690  0.7070E+00  0.1492E+02
   2.700  0.7101E+00  0.1493E+02
   2.710  0.7133E+00  0.1494E+02
   2.720  0.7167E+00  0.1495E+02
   2.731  0.7203E+00  0.1495E+02
   2.741  0.7240E+00  0.1496E+02
   2.751  0.7280E+00  0.1497E+02
   2.761  0.7321E+00  0.1498E+02
   2.771  0.7365E+00  0.1498E+02
   2.780  0.7410E+00  0.1499E+02
   2.790  0.7458E+00  0.1500E+02
   2.800  0.7508E+00  0.1501E+02
   2.810  0.7559E+00  0.1501E+02
   2.820  0.7612E+00  0.1502E+02
   2.830  0.7667E+00  0.1503E+02
   2.840  0.7723E+00  0.1504E+02
   2.850  0.7780E+00  0.1504E+02
   2.860  0.7838E+00  0.1505E+02
   2.870  0.7896E+00  0.1506E+02
   2.880  0.7954E+00  0.1507E+02
   2.890  0.8012E+00  0.1508E+02
   2.900  0.8070E+00  0.1508E+02
   2.910  0.8127E+00  0.1509E+02
   2.920  0.8183E+00  0.1510E+02
   2.930  0.8238E+00  0.1511E+02
   2.940  0.8292E+00  0.1512E+02
   2.950  0.8344E+00  0.1512E+02
   2.961  0.8394E+00  0.1513E+02
   2.970  0.8443E+00  0.1514E+02
   2.981  0.8490E+00  0.1515E+02
   2.991  0.8535E+00  0.1516E+02
   3.001  0.8579E+00  0.1517E+02
   3.011  0.8622E+00  0.1518E+02
   3.020  0.8663E+00  0.1518E+02
   3.030  0.8704E+00  0.1519E+02
   3.040  0.8744E+00  0.1520E+02
   3.050  0.8784E+00  0.1521E+02
   3.060  0.8823E+00  0.1522E+02
   3.070  0.8863E+00  0.1523E+02
   3.080  0.8903E+00  0.1524E+02
   3.090  0.8944E+00  0.1525E+02
   3.100  0.8986E+00  0.1525E+02
   3.110  0.9029E+00  0.1526E+02
   3.120  0.9073E+00  0.1527E+02
   3.130  0.9119E+00  0.1528E+02
   3.140  0.9166E+00  0.1529E+02
   3.150  0.9214E+00  0.1530E+02
   3.160  0.9265E+00  0.1531E+02
   3.170  0.9316E+00  0.1532E+02
   3.180  0.9369E+00  0.1533E+02
   3.190  0.9423E+00  0.1534E+02
   3.200  0.9479E+00  0.1535E+02
   3.211  0.9535E+00  0.1536E+02
   3.221  0.9592E+00  0.1537E+02
   3.231  0.9649E+00  0.1538E+02
   3.241  0.9706E+00  0.1539E+02
   3.251  0.9763E+00  0.1540E+02
   3.260  0.9820E+00  0.1541E+02
   3.270  0.9876E+00  0.1542E+02
   3.280  0.9931E+00  0.1543E+02
   3.290  0.9985E+00  0.1544E+02
   3.300  0.1004E+01  0.1545E+02
   3.310  0.1009E+01  0.1546E+02
   3.320  0.1014E+01  0.1547E+02
   3.330  0.1019E+01  0.1548E+02
   3.340  0.1023E+01  0.1549E+02
   3.350  0.1027E+01  0.1550E+02
   3.360  0.1031E+01  0.1551E+02
   3.370  0.1035E+01  0.1552E+02
   3.380  0.1039E+01  0.1553E+02
   3.390  0.1042E+01  0.1554E+02
   3.400  0.1046E+01  0.1555E+02
   3.410  0.1049E+01  0.1556E+02
   3.420  0.1051E+01  0.1557E+02
   3.430  0.1054E+01  0.1558E+02
   3.441  0.1056E+01  0.1559E+02
   3.450  0.1058E+01  0.1560E+02
   3.461  0.1060E+01  0.1561E+02
   3.471  0.1061E+01  0.1562E+02
   3.481  0.1063E+01  0.1563E+02
   3.490  0.1064E+01  0.1564E+02
   3.500  0.1065E+01  0.1565E+02
   3.510  0.1066E+01  0.1566E+02
   3.520  0.1066E+01  0.1568E+02
   3.530  0.1067E+01  0.1569E+02
   3.540  0.1067E+01  0.1570E+02
   3.550  0.1067E+01  0.1571E+02
   3.560  0.1067E+01  0.1572E+02
   3.570  0.1067E+01  0.1573E+02
   3.580  0.1067E+01  0.1574E+02
   3.590  0.1067E+01  0.1575E+02
   3.600  0.1066E+01  0.1576E+02
   3.610  0.1066E+01  0.1577E+02
   3.620  0.1065E+01  0.1578E+02
   3.630  0.1065E+01  0.1579E+02
   3.640  0.1064E+01  0.1580E+02
   3.650  0.1064E+01  0.1581E+02
   3.660  0.1063E+01  0.1582E+02
   3.670  0.1063E+01  0.1584E+02
   3.680  0.1062E+01  0.1585E+02
   3.691  0.1062E+01  0.1586E+02
   3.701  0.1061E+01  0.1587E+02
   3.711  0.1061E+01  0.1588E+02
   3.721  0.1061E+01  0.1589E+02
   3.730  0.1060E+01  0.1590E+02
   3.740  0.1060E+01  0.1591E+02
   3.750  0.1059E+01  0.1592E+02
   3.760  0.1059E+01  0.1593E+02
   3.770  0.1059E+01  0.1594E+02
   3.780  0.1058E+01  0.1595E+02
   3.790  0.1058E+01  0.1596E+02
   3.800  0.1057E+01  0.1597E+02
   3.810  0.1057E+01  0.1598E+02
   3.820  0.1057E+01  0.1599E+02
   3.830  0.1056E+01  0.1600E+02
   3.840  0.1056E+01  0.1602E+02
   3.850  0.1055E+01  0.1603E+02
   3.860  0.1055E+01  0.1604E+02
   3.870  0.1055E+01  0.1605E+02
   3.880  0.1054E+01  0.1606E+02
   3.890  0.1054E+01  0.1607E+02
   3.900  0.1054E+01  0.1608E+02
   3.910  0.1053E+01  0.1609E+02
   3.921  0.1053E+01  0.1610E+02
   3.931  0.1053E+01  0.1611E+02
   3.941  0.1053E+01  0.1612E+02
   3.951  0.1054E+01  0.1613E+02
   3.961  0.1054E+01  0.1614E+02
   3.970  0.1054E+01  0.1615E+02
   3.980  0.1055E+01  0.1616E+02
   3.990  0.1056E+01  0.1617E+02
   4.000  0.1057E+01  0.1618E+02
   4.010  0.1058E+01  0.1619E+02
   4.020  0.1060E+01  0.1621E+02
   4.030  0.1062E+01  0.1622E+02
   4.040  0.1064E+01  0.1623E+02
   4.050  0.1066E+01  0.1624E+02
   4.060  0.1068E+01  0.1625E+02
   4.070  0.1071E+01  0.1626E+02
   4.080  0.1074E+01  0.1627E+02
   4.090  0.1077E+01  0.1628E+02
   4.100  0.1081E+01  0.1629E+02
   4.110  0.1085E+01  0.1630E+02
   4.120  0.1089E+01  0.1631E+02
   4.130  0.1093E+01  0.1632E+02
   4.140  0.1097E+01  0.1633E+02
   4.151  0.1102E+01  0.1635E+02
   4.160  0.1107E+01  0.1636E+02
   4.171  0.1112E+01  0.1637E+02
   4.181  0.1118E+01  0.1638E+02
   4.191  0.1124E+01  0.1639E+02
   4.201  0.1129E+01  0.1640E+02
   4.210  0.1135E+01  0.1641E+02
   4.220  0.1142E+01  0.1642E+02
   4.230  0.1148E+01  0.1644E+02
   4.240  0.1154E+01  0.1645E+02
   4.250  0.1161E+01  0.1646E+02
   4.260  0.1168E+01  0.1647E+02
   4.270  0.1174E+01  0.1648E+02
   4.280  0.1181E+01  0.1649E+02
   4.290  0.1188E+01  0.1651E+02
   4.300  0.1195E+01  0.1652E+02
   4.310  0.1202E+01  0.1653E+02
   4.320  0.1209E+01  0.1654E+02
   4.330  0.1216E+01  0.1655E+02
   4.340  0.1223E+01  0.1657E+02
   4.350  0.1230E+01  0.1658E+02
   4.360  0.1237E+01  0.1659E+02
   4.370  0.1244E+01  0.1660E+02
   4.380  0.1251E+01  0.1662E+02
   4.391  0.1258E+01  0.1663E+02
   4.401  0.1265E+01  0.1664E+02
   4.410  0.1272E+01  0.1665E+02
   4.421  0.1279E+01  0.1667E+02
   4.431  0.1285E+01  0.1668E+02
   4.441  0.1292E+01  0.1669E+02
   4.450  0.1299E+01  0.1671E+02
   4.460  0.1306E+01  0.1672E+02
   4.470  0.1313E+01  0.1673E+02
   4.480  0.1320E+01  0.1674E+02
   4.490  0.1327E+01  0.1676E+02
   4.500  0.1334E+01  0.1677E+02
   4.510  0.1341E+01  0.1678E+02
   4.520  0.1348E+01  0.1680E+02
   4.530  0.1355E+01  0.1681E+02
   4.540  0.1362E+01  0.1683E+02
   4.550  0.1368E+01  0.1684E+02
   4.560  0.1375E+01  0.1685E+02
   4.570  0.1381E+01  0.1687E+02
   4.580  0.1388E+01  0.1688E+02
   4.590  0.1394E+01  0.1689E+02
   4.600  0.1400E+01  0.1691E+02
   4.611  0.1405E+01  0.1692E+02
   4.620  0.1411E+01  0.1694E+02
   4.630  0.1416E+01  0.1695E+02
   4.641  0.1421E+01  0.1696E+02
   4.651  0.1426E+01  0.1698E+02
   4.660  0.1431E+01  0.1699E+02
   4.671  0.1435E+01  0.1701E+02
   4.680  0.1439E+01  0.1702E+02
   4.690  0.1442E+01  0.1704E+02
   4.700  0.1446E+01  0.1705E+02
   4.710  0.1449E+01  0.1707E+02
   4.720  0.1452E+01  0.1708E+02
   4.730  0.1454E+01  0.1709E+02
   4.740  0.1456E+01  0.1711E+02
   4.750  0.1458E+01  0.1712E+02
   4.760  0.1460E+01  0.1714E+02
   4.770  0.1462E+01  0.1715E+02
   4.780  0.1463E+01  0.1717E+02
   4.790  0.1464E+01  0.1718E+02
   4.800  0.1465E+01  0.1720E+02
   4.810  0.1466E+01  0.1721E+02
   4.820  0.1467E+01  0.1723E+02
   4.830  0.1468E+01  0.1724E+02
   4.840  0.1468E+01  0.1726E+02
   4.850  0.1469E+01  0.1727E+02
   4.861  0.1469E+01  0.1729E+02
   4.870  0.1470E+01  0.1730E+02
   4.880  0.1470E+01  0.1731E+02
   4.891  0.1470E+01  0.1733E+02
   4.901  0.1470E+01  0.1734E+02
   4.911  0.1470E+01  0.1736E+02
   4.920  0.1470E+01  0.1737E+02
   4.930  0.1470E+01  0.1739E+02
   4.940  0.1470E+01  0.1740E+02
   4.950  0.1470E+01  0.1742E+02
   4.960  0.1470E+01  0.1743E+02
   4.970  0.1470E+01  0.1745E+02
   4.980  0.1470E+01  0.1746E+02
   4.990  0.1469E+01  0.1748E+02
   5.000  0.1469E+01  0.1749E+02
   5.010  0.1469E+01  0.1751E+02
   5.020  0.1468E+01  0.1752E+02
   5.030  0.1468E+01  0.1753E+02
   5.040  0.1467E+01  0.1755E+02
   5.050  0.1467E+01  0.1756E+02
   5.060  0.1466E+01  0.1758E+02
   5.070  0.1465E+01  0.1759E+02
   5.080  0.1465E+01  0.1761E+02
   5.090  0.1464E+01  0.1762E+02
   5.100  0.1463E+01  0.1764E+02
   5.111  0.1462E+01  0.1765E+02
   5.120  0.1460E+01  0.1767E+02
   5.131  0.1459E+01  0.1768E+02
   5.141  0.1457E+01  0.1770E+02
   5.151  0.1455E+01  0.1771E+02
   5.160  0.1453E+01  0.1772E+02
   5.170  0.1451E+01  0.1774E+02
   5.180  0.1449E+01  0.1775E+02
   5.190  0.1446E+01  0.1777E+02
   5.200  0.1443E+01  0.1778E+02
   5.210  0.1440E+01  0.1780E+02
   5.220  0.1436E+01  0.1781E+02
   5.230  0.1433E+01  0.1783E+02
   5.240  0.1429E+01  0.1784E+02
   5.250  0.1424E+01  0.1785E+02
   5.260  0.1420E+01  0.1787E+02
   5.270  0.1415E+01  0.1788E+02
   5.280  0.1411E+01  0.1790E+02
   5.290  0.1406E+01  0.1791E+02
   5.300  0.1401E+01  0.1792E+02
   5.310  0.1396E+01  0.1794E+02
   5.320  0.1391E+01  0.1795E+02
   5.330  0.1387E+01  0.1797E+02
   5.340  0.1382E+01  0.1798E+02
   5.351  0.1378E+01  0.1799E+02
   5.361  0.1374E+01  0.1801E+02
   5.370  0.1371E+01  0.1802E+02
   5.381  0.1368E+01  0.1804E+02
   5.391  0.1365E+01  0.1805E+02
   5.400  0.1363E+01  0.1806E+02
   5.410  0.1361E+01  0.1808E+02
   5.420  0.1360E+01  0.1809E+02
   5.430  0.1360E+01  0.1810E+02
   5.440  0.1360E+01  0.1812E+02
   5.450  0.1361E+01  0.1813E+02
   5.460  0.1362E+01  0.1814E+02
   5.470  0.1364E+01  0.1816E+02
   5.480  0.1367E+01  0.1817E+02
   5.490  0.1370E+01  0.1819E+02
   5.500  0.1373E+01  0.1820E+02
   5.510  0.1377E+01  0.1821E+02
   5.520  0.1381E+01  0.1823E+02
   5.530  0.1386E+01  0.1824E+02
   5.540  0.1390E+01  0.1825E+02
   5.550  0.1395E+01  0.1827E+02
   5.560  0.1400E+01  0.1828E+02
   5.571  0.1405E+01  0.1830E+02
   5.580  0.1410E+01  0.1831E+02
   5.590  0.1416E+01  0.1832E+02
   5.601  0.1421E+01  0.1834E+02
   5.611  0.1426E+01  0.1835E+02
   5.621  0.1430E+01  0.1837E+02
   5.631  0.1435E+01  0.1838E+02
   5.640  0.1440E+01  0.1840E+02
   5.650  0.1444E+01  0.1841E+02
   5.660  0.1449E+01  0.1843E+02
   5.670  0.1453E+01  0.1844E+02
   5.680  0.1457E+01  0.1845E+02
   5.690  0.1462E+01  0.1847E+02
   5.700  0.1466E+01  0.1848E+02
   5.710  0.1470E+01  0.1850E+02
   5.720  0.1474E+01  0.1851E+02
   5.730  0.1479E+01  0.1853E+02
   5.740  0.1483E+01  0.1854E+02
   5.750  0.1487E+01  0.1856E+02
   5.760  0.1492E+01  0.1857E+02
   5.770  0.1497E+01  0.1859E+02
   5.780  0.1502E+01  0.1860E+02
   5.790  0.1507E+01  0.1862E+02
   5.800  0.1512E+01  0.1863E+02
   5.810  0.1518E+01  0.1865E+02
   5.821  0.1524E+01  0.1866E+02
   5.830  0.1530E+01  0.1868E+02
   5.841  0.1536E+01  0.1869E+02
   5.851  0.1543E+01  0.1871E+02
   5.861  0.1550E+01  0.1872E+02
   5.870  0.1557E+01  0.1874E+02
   5.880  0.1564E+01  0.1876E+02
   5.890  0.1571E+01  0.1877E+02
   5.900  0.1579E+01  0.1879E+02
   5.910  0.1586E+01  0.1880E+02
   5.920  0.1594E+01  0.1882E+02
   5.930  0.1602E+01  0.1884E+02
   5.940  0.1610E+01  0.1885E+02
   5.950  0.1617E+01  0.1887E+02
   5.960  0.1625E+01  0.1888E+02
   5.970  0.1633E+01  0.1890E+02
   5.980  0.1641E+01  0.1892E+02
   5.990  0.1648E+01  0.1893E+02
   6.000  0.1656E+01  0.1895E+02
   6.010  0.1664E+01  0.1897E+02
   6.020  0.1671E+01  0.1898E+02
   6.030  0.1679E+01  0.1900E+02
   6.040  0.1686E+01  0.1902E+02
   6.050  0.1694E+01  0.1903E+02
   6.061  0.1701E+01  0.1905E+02
   6.071  0.1708E+01  0.1907E+02
   6.080  0.1715E+01  0.1908E+02
   6.091  0.1722E+01  0.1910E+02
   6.101  0.1729E+01  0.1912E+02
   6.110  0.1736E+01  0.1914E+02
   6.120  0.1742E+01  0.1915E+02
   6.130  0.1749E+01  0.1917E+02
   6.140  0.1755E+01  0.1919E+02
   6.150  0.1762E+01  0.1921E+02
   6.160  0.1768E+01  0.1922E+02
   6.170  0.1774E+01  0.1924E+02
   6.180  0.1780E+01  0.1926E+02
   6.190  0.1786E+01  0.1928E+02
   6.200  0.1792E+01  0.1930E+02
   6.210  0.1798E+01  0.1931E+02
   6.220  0.1803E+01  0.1933E+02
   6.230  0.1809E+01  0.1935E+02
   6.240  0.1814E+01  0.1937E+02
   6.250  0.1820E+01  0.1939E+02
   6.260  0.1825E+01  0.1940E+02
   6.270  0.1831E+01  0.1942E+02
   6.280  0.1837E+01  0.1944E+02
   6.290  0.1843E+01  0.1946E+02
   6.300  0.1849E+01  0.1948E+02
   6.311  0.1855E+01  0.1950E+02
   6.321  0.1862E+01  0.1951E+02
   6.330  0.1869E+01  0.1953E+02
   6.341  0.1877E+01  0.1955E+02
   6.350  0.1886E+01  0.1957E+02
   6.360  0.1895E+01  0.1959E+02
   6.370  0.1905E+01  0.1961E+02
   6.380  0.1916E+01  0.1963E+02
   6.390  0.1927E+01  0.1965E+02
   6.400  0.1940E+01  0.1967E+02
   6.410  0.1954E+01  0.1969E+02
   6.420  0.1969E+01  0.1971E+02
   6.430  0.1985E+01  0.1973E+02
   6.440  0.2002E+01  0.1975E+02
   6.450  0.2020E+01  0.1977E+02
   6.460  0.2040E+01  0.1979E+02
   6.470  0.2061E+01  0.1981E+02
   6.480  0.2083E+01  0.1983E+02
   6.490  0.2106E+01  0.1985E+02
   6.500  0.2130E+01  0.1987E+02
   6.510  0.2156E+01  0.1989E+02
   6.520  0.2182E+01  0.1991E+02
   6.530  0.2209E+01  0.1994E+02
   6.540  0.2237E+01  0.1996E+02
   6.550  0.2266E+01  0.1998E+02
   6.561  0.2295E+01  0.2000E+02
   6.571  0.2325E+01  0.2003E+02
   6.581  0.2355E+01  0.2005E+02
   6.590  0.2385E+01  0.2007E+02
   6.600  0.2415E+01  0.2010E+02
   6.610  0.2445E+01  0.2012E+02
   6.620  0.2475E+01  0.2015E+02
   6.630  0.2504E+01  0.2017E+02
   6.640  0.2533E+01  0.2020E+02
   6.650  0.2562E+01  0.2022E+02
   6.660  0.2589E+01  0.2025E+02
   6.670  0.2616E+01  0.2028E+02
   6.680  0.2642E+01  0.2030E+02
   6.690  0.2666E+01  0.2033E+02
   6.700  0.2690E+01  0.2036E+02
   6.710  0.2712E+01  0.2038E+02
   6.720  0.2733E+01  0.2041E+02
   6.730  0.2753E+01  0.2044E+02
   6.740  0.2771E+01  0.2047E+02
   6.750  0.2789E+01  0.2049E+02
   6.760  0.2805E+01  0.2052E+02
   6.771  0.2820E+01  0.2055E+02
   6.780  0.2833E+01  0.2058E+02
   6.790  0.2846E+01  0.2061E+02
   6.801  0.2858E+01  0.2064E+02
   6.811  0.2869E+01  0.2066E+02
   6.821  0.2878E+01  0.2069E+02
   6.830  0.2888E+01  0.2072E+02
   6.840  0.2896E+01  0.2075E+02
   6.850  0.2904E+01  0.2078E+02
   6.860  0.2911E+01  0.2081E+02
   6.870  0.2918E+01  0.2084E+02
   6.880  0.2924E+01  0.2087E+02
   6.890  0.2930E+01  0.2090E+02
   6.900  0.2936E+01  0.2093E+02
   6.910  0.2941E+01  0.2096E+02
   6.920  0.2946E+01  0.2098E+02
   6.930  0.2951E+01  0.2101E+02
   6.940  0.2956E+01  0.2104E+02
   6.950  0.2960E+01  0.2107E+02
   6.960  0.2965E+01  0.2110E+02
   6.970  0.2969E+01  0.2113E+02
   6.980  0.2972E+01  0.2116E+02
   6.990  0.2976E+01  0.2119E+02
   7.000  0.2979E+01  0.2122E+02
   7.010  0.2982E+01  0.2125E+02
   7.021  0.2985E+01  0.2128E+02
   7.030  0.2987E+01  0.2131E+02
   7.040  0.2989E+01  0.2134E+02
   7.051  0.2991E+01  0.2137E+02
   7.061  0.2993E+01  0.2140E+02
   7.070  0.2994E+01  0.2143E+02
   7.080  0.2995E+01  0.2146E+02
   7.090  0.2996E+01  0.2149E+02
   7.100  0.2997E+01  0.2152E+02
   7.110  0.2998E+01  0.2155E+02
   7.120  0.2998E+01  0.2158E+02
   7.130  0.2999E+01  0.2161E+02
   7.140  0.3000E+01  0.2164E+02
   7.150  0.3001E+01  0.2167E+02
   7.160  0.3002E+01  0.2170E+02
   7.170  0.3004E+01  0.2173E+02
   7.180  0.3006E+01  0.2176E+02
   7.190  0.3008E+01  0.2179E+02
   7.200  0.3012E+01  0.2182E+02
   7.210  0.3016E+01  0.2185E+02
   7.220  0.3020E+01  0.2188E+02
   7.230  0.3026E+01  0.2191E+02
   7.240  0.3033E+01  0.2194E+02
   7.250  0.3041E+01  0.2197E+02
   7.260  0.3050E+01  0.2200E+02
   7.271  0.3060E+01  0.2203E+02
   7.280  0.3072E+01  0.2206E+02
   7.291  0.3086E+01  0.2210E+02
   7.300  0.3101E+01  0.2213E+02
   7.310  0.3118E+01  0.2216E+02
   7.320  0.3136E+01  0.2219E+02
   7.330  0.3157E+01  0.2222E+02
   7.340  0.3179E+01  0.2225E+02
   7.350  0.3204E+01  0.2228E+02
   7.360  0.3230E+01  0.2232E+02
   7.370  0.3258E+01  0.2235E+02
   7.380  0.3288E+01  0.2238E+02
   7.390  0.3320E+01  0.2242E+02
   7.400  0.3354E+01  0.2245E+02
   7.410  0.3389E+01  0.2248E+02
   7.420  0.3426E+01  0.2252E+02
   7.430  0.3464E+01  0.2255E+02
   7.440  0.3504E+01  0.2259E+02
   7.450  0.3544E+01  0.2262E+02
   7.460  0.3585E+01  0.2266E+02
   7.470  0.3626E+01  0.2269E+02
   7.480  0.3667E+01  0.2273E+02
   7.490  0.3708E+01  0.2277E+02
   7.500  0.3749E+01  0.2281E+02
   7.511  0.3788E+01  0.2284E+02
   7.521  0.3827E+01  0.2288E+02
   7.530  0.3864E+01  0.2292E+02
   7.540  0.3899E+01  0.2296E+02
   7.550  0.3931E+01  0.2300E+02
   7.560  0.3962E+01  0.2304E+02
   7.570  0.3989E+01  0.2308E+02
   7.580  0.4014E+01  0.2312E+02
   7.590  0.4035E+01  0.2316E+02
   7.600  0.4053E+01  0.2320E+02
   7.610  0.4067E+01  0.2324E+02
   7.620  0.4078E+01  0.2328E+02
   7.630  0.4085E+01  0.2332E+02
   7.640  0.4089E+01  0.2336E+02
   7.650  0.4088E+01  0.2340E+02
   7.660  0.4085E+01  0.2344E+02
   7.670  0.4077E+01  0.2348E+02
   7.680  0.4067E+01  0.2353E+02
   7.690  0.4053E+01  0.2357E+02
   7.700  0.4037E+01  0.2361E+02
   7.710  0.4018E+01  0.2365E+02
   7.720  0.3996E+01  0.2369E+02
   7.731  0.3973E+01  0.2373E+02
   7.740  0.3947E+01  0.2377E+02
   7.750  0.3921E+01  0.2380E+02
   7.761  0.3892E+01  0.2384E+02
   7.771  0.3863E+01  0.2388E+02
   7.780  0.3834E+01  0.2392E+02
   7.790  0.3803E+01  0.2396E+02
   7.800  0.3773E+01  0.2400E+02
   7.810  0.3743E+01  0.2403E+02
   7.820  0.3712E+01  0.2407E+02
   7.830  0.3683E+01  0.2411E+02
   7.840  0.3654E+01  0.2414E+02
   7.850  0.3625E+01  0.2418E+02
   7.860  0.3598E+01  0.2422E+02
   7.870  0.3572E+01  0.2425E+02
   7.880  0.3546E+01  0.2429E+02
   7.890  0.3522E+01  0.2432E+02
   7.900  0.3499E+01  0.2436E+02
   7.910  0.3477E+01  0.2439E+02
   7.920  0.3456E+01  0.2443E+02
   7.930  0.3437E+01  0.2446E+02
   7.940  0.3418E+01  0.2450E+02
   7.950  0.3401E+01  0.2453E+02
   7.960  0.3385E+01  0.2456E+02
   7.970  0.3370E+01  0.2460E+02
   7.981  0.3356E+01  0.2463E+02
   7.990  0.3343E+01  0.2466E+02
   8.001  0.3331E+01  0.2470E+02
   8.011  0.3319E+01  0.2473E+02
   8.020  0.3309E+01  0.2476E+02
   8.030  0.3299E+01  0.2480E+02
   8.040  0.3290E+01  0.2483E+02
   8.050  0.3282E+01  0.2486E+02
   8.060  0.3274E+01  0.2490E+02
   8.070  0.3266E+01  0.2493E+02
   8.080  0.3259E+01  0.2496E+02
   8.090  0.3253E+01  0.2499E+02
   8.100  0.3246E+01  0.2503E+02
   8.110  0.3241E+01  0.2506E+02
   8.120  0.3235E+01  0.2509E+02
   8.130  0.3229E+01  0.2512E+02
   8.140  0.3224E+01  0.2516E+02
   8.150  0.3219E+01  0.2519E+02
   8.160  0.3214E+01  0.2522E+02
   8.170  0.3209E+01  0.2525E+02
   8.180  0.3204E+01  0.2528E+02
   8.191  0.3199E+01  0.2532E+02
   8.200  0.3194E+01  0.2535E+02
   8.210  0.3189E+01  0.2538E+02
   8.220  0.3184E+01  0.2541E+02
   8.230  0.3179E+01  0.2544E+02
   8.241  0.3174E+01  0.2547E+02
   8.251  0.3169E+01  0.2551E+02
   8.260  0.3164E+01  0.2554E+02
   8.270  0.3159E+01  0.2557E+02
   8.280  0.3154E+01  0.2560E+02
   8.290  0.3148E+01  0.2563E+02
   8.300  0.3143E+01  0.2566E+02
   8.310  0.3138E+01  0.2570E+02
   8.320  0.3133E+01  0.2573E+02
   8.330  0.3128E+01  0.2576E+02
   8.340  0.3123E+01  0.2579E+02
   8.350  0.3118E+01  0.2582E+02
   8.360  0.3113E+01  0.2585E+02
   8.370  0.3108E+01  0.2588E+02
   8.380  0.3103E+01  0.2591E+02
   8.390  0.3098E+01  0.2594E+02
   8.400  0.3093E+01  0.2598E+02
   8.410  0.3088E+01  0.2601E+02
   8.420  0.3084E+01  0.2604E+02
   8.431  0.3079E+01  0.2607E+02
   8.441  0.3074E+01  0.2610E+02
   8.450  0.3070E+01  0.2613E+02
   8.460  0.3065E+01  0.2616E+02
   8.470  0.3060E+01  0.2619E+02
   8.481  0.3056E+01  0.2622E+02
   8.490  0.3051E+01  0.2625E+02
   8.500  0.3046E+01  0.2628E+02
   8.510  0.3042E+01  0.2631E+02
   8.520  0.3037E+01  0.2634E+02
   8.530  0.3032E+01  0.2637E+02
   8.540  0.3027E+01  0.2640E+02
   8.550  0.3022E+01  0.2643E+02
   8.560  0.3018E+01  0.2646E+02
   8.570  0.3013E+01  0.2649E+02
   8.580  0.3008E+01  0.2652E+02
   8.590  0.3003E+01  0.2655E+02
   8.600  0.2998E+01  0.2658E+02
   8.610  0.2994E+01  0.2661E+02
   8.620  0.2989E+01  0.2664E+02
   8.630  0.2984E+01  0.2667E+02
   8.640  0.2980E+01  0.2670E+02
   8.650  0.2975E+01  0.2673E+02
   8.660  0.2971E+01  0.2676E+02
   8.670  0.2967E+01  0.2679E+02
   8.681  0.2964E+01  0.2682E+02
   8.691  0.2960E+01  0.2685E+02
   8.700  0.2957E+01  0.2688E+02
   8.710  0.2955E+01  0.2691E+02
   8.720  0.2952E+01  0.2694E+02
   8.730  0.2950E+01  0.2697E+02
   8.740  0.2948E+01  0.2700E+02
   8.750  0.2947E+01  0.2703E+02
   8.760  0.2946E+01  0.2706E+02
   8.770  0.2946E+01  0.2709E+02
   8.780  0.2946E+01  0.2712E+02
   8.790  0.2947E+01  0.2715E+02
   8.800  0.2948E+01  0.2718E+02
   8.810  0.2949E+01  0.2721E+02
   8.820  0.2951E+01  0.2724E+02
   8.830  0.2953E+01  0.2727E+02
   8.840  0.2955E+01  0.2729E+02
   8.850  0.2958E+01  0.2732E+02
   8.860  0.2962E+01  0.2735E+02
   8.870  0.2965E+01  0.2738E+02
   8.880  0.2969E+01  0.2741E+02
   8.890  0.2973E+01  0.2744E+02
   8.900  0.2977E+01  0.2747E+02
   8.910  0.2982E+01  0.2750E+02
   8.921  0.2987E+01  0.2753E+02
   8.931  0.2992E+01  0.2756E+02
   8.941  0.2997E+01  0.2759E+02
   8.950  0.3002E+01  0.2762E+02
   8.960  0.3007E+01  0.2765E+02
   8.970  0.3012E+01  0.2768E+02
   8.980  0.3018E+01  0.2771E+02
   8.990  0.3023E+01  0.2774E+02
   9.000  0.3028E+01  0.2777E+02
   9.010  0.3033E+01  0.2780E+02
   9.020  0.3039E+01  0.2783E+02
   9.030  0.3044E+01  0.2786E+02
   9.040  0.3049E+01  0.2789E+02
   9.050  0.3054E+01  0.2793E+02
   9.060  0.3058E+01  0.2796E+02
   9.070  0.3063E+01  0.2799E+02
   9.080  0.3067E+01  0.2802E+02
   9.090  0.3072E+01  0.2805E+02
   9.100  0.3076E+01  0.2808E+02
   9.110  0.3079E+01  0.2811E+02
   9.120  0.3083E+01  0.2814E+02
   9.130  0.3086E+01  0.2817E+02
   9.140  0.3089E+01  0.2820E+02
   9.150  0.3091E+01  0.2823E+02
   9.160  0.3093E+01  0.2826E+02
   9.171  0.3095E+01  0.2829E+02
   9.181  0.3097E+01  0.2833E+02
   9.191  0.3098E+01  0.2836E+02
   9.200  0.3099E+01  0.2839E+02
   9.210  0.3100E+01  0.2842E+02
   9.220  0.3100E+01  0.2845E+02
   9.230  0.3101E+01  0.2848E+02
   9.240  0.3101E+01  0.2851E+02
   9.250  0.3101E+01  0.2854E+02
   9.260  0.3101E+01  0.2857E+02
   9.270  0.3102E+01  0.2860E+02
   9.280  0.3102E+01  0.2864E+02
   9.290  0.3102E+01  0.2867E+02
   9.300  0.3103E+01  0.2870E+02
   9.310  0.3104E+01  0.2873E+02
   9.320  0.3104E+01  0.2876E+02
   9.330  0.3106E+01  0.2879E+02
   9.340  0.3107E+01  0.2882E+02
   9.350  0.3109E+01  0.2885E+02
   9.361  0.3112E+01  0.2888E+02
   9.370  0.3114E+01  0.2892E+02
   9.380  0.3117E+01  0.2895E+02
   9.390  0.3121E+01  0.2898E+02
   9.400  0.3125E+01  0.2901E+02
   9.411  0.3129E+01  0.2904E+02
   9.421  0.3134E+01  0.2907E+02
   9.431  0.3139E+01  0.2910E+02
   9.441  0.3145E+01  0.2913E+02
   9.450  0.3151E+01  0.2917E+02
   9.460  0.3158E+01  0.2920E+02
   9.470  0.3166E+01  0.2923E+02
   9.480  0.3173E+01  0.2926E+02
   9.490  0.3182E+01  0.2929E+02
   9.500  0.3191E+01  0.2932E+02
   9.510  0.3201E+01  0.2936E+02
   9.520  0.3212E+01  0.2939E+02
   9.530  0.3223E+01  0.2942E+02
   9.540  0.3235E+01  0.2945E+02
   9.550  0.3248E+01  0.2949E+02
   9.560  0.3262E+01  0.2952E+02
   9.570  0.3277E+01  0.2955E+02
   9.580  0.3292E+01  0.2958E+02
   9.590  0.3309E+01  0.2962E+02
   9.600  0.3326E+01  0.2965E+02
   9.611  0.3345E+01  0.2968E+02
   9.620  0.3364E+01  0.2972E+02
   9.630  0.3384E+01  0.2975E+02
   9.640  0.3405E+01  0.2979E+02
   9.650  0.3426E+01  0.2982E+02
   9.661  0.3448E+01  0.2985E+02
   9.671  0.3471E+01  0.2989E+02
   9.680  0.3493E+01  0.2992E+02
   9.690  0.3516E+01  0.2996E+02
   9.700  0.3539E+01  0.2999E+02
   9.710  0.3562E+01  0.3003E+02
   9.720  0.3584E+01  0.3007E+02
   9.730  0.3606E+01  0.3010E+02
   9.740  0.3627E+01  0.3014E+02
   9.750  0.3648E+01  0.3017E+02
   9.760  0.3667E+01  0.3021E+02
   9.770  0.3685E+01  0.3025E+02
   9.780  0.3702E+01  0.3029E+02
   9.790  0.3718E+01  0.3032E+02
   9.800  0.3731E+01  0.3036E+02
   9.810  0.3744E+01  0.3040E+02
   9.820  0.3754E+01  0.3043E+02
   9.830  0.3763E+01  0.3047E+02
   9.840  0.3770E+01  0.3051E+02
   9.851  0.3775E+01  0.3055E+02
   9.861  0.3779E+01  0.3059E+02
   9.870  0.3781E+01  0.3062E+02
   9.880  0.3781E+01  0.3066E+02
   9.890  0.3779E+01  0.3070E+02
   9.900  0.3776E+01  0.3074E+02
   9.911  0.3772E+01  0.3077E+02
   9.920  0.3766E+01  0.3081E+02
   9.930  0.3759E+01  0.3085E+02
   9.940  0.3750E+01  0.3089E+02
   9.950  0.3740E+01  0.3092E+02
   9.960  0.3730E+01  0.3096E+02
   9.970  0.3718E+01  0.3100E+02
   9.980  0.3705E+01  0.3104E+02
   9.990  0.3691E+01  0.3107E+02
  10.000  0.3676E+01  0.3111E+02
  10.010  0.3661E+01  0.3115E+02
  10.020  0.3645E+01  0.3118E+02
  10.030  0.3628E+01  0.3122E+02
  10.040  0.3610E+01  0.3126E+02
  10.050  0.3591E+01  0.3129E+02
  10.060  0.3572E+01  0.3133E+02
  10.070  0.3553E+01  0.3136E+02
  10.080  0.3533E+01  0.3140E+02
  10.090  0.3512E+01  0.3143E+02
  10.101  0.3491E+01  0.3147E+02
  10.111  0.3470E+01  0.3150E+02
  10.120  0.3449E+01  0.3154E+02
  10.130  0.3427E+01  0.3157E+02
  10.140  0.3406E+01  0.3161E+02
  10.151  0.3385E+01  0.3164E+02
  10.160  0.3364E+01  0.3167E+02
  10.170  0.3344E+01  0.3171E+02
  10.180  0.3324E+01  0.3174E+02
  10.190  0.3304E+01  0.3177E+02
  10.200  0.3286E+01  0.3181E+02
  10.210  0.3268E+01  0.3184E+02
  10.220  0.3252E+01  0.3187E+02
  10.230  0.3236E+01  0.3190E+02
  10.240  0.3221E+01  0.3194E+02
  10.250  0.3208E+01  0.3197E+02
  10.260  0.3196E+01  0.3200E+02
  10.270  0.3184E+01  0.3203E+02
  10.280  0.3174E+01  0.3206E+02
  10.290  0.3166E+01  0.3209E+02
  10.300  0.3158E+01  0.3213E+02
  10.310  0.3151E+01  0.3216E+02
  10.320  0.3145E+01  0.3219E+02
  10.330  0.3140E+01  0.3222E+02
  10.340  0.3135E+01  0.3225E+02
  10.351  0.3132E+01  0.3228E+02
  10.361  0.3128E+01  0.3231E+02
  10.370  0.3125E+01  0.3235E+02
  10.380  0.3123E+01  0.3238E+02
  10.390  0.3120E+01  0.3241E+02
  10.400  0.3117E+01  0.3244E+02
  10.410  0.3115E+01  0.3247E+02
  10.420  0.3112E+01  0.3250E+02
  10.430  0.3109E+01  0.3253E+02
  10.440  0.3106E+01  0.3256E+02
  10.450  0.3102E+01  0.3259E+02
  10.460  0.3098E+01  0.3263E+02
  10.470  0.3094E+01  0.3266E+02
  10.480  0.3090E+01  0.3269E+02
  10.490  0.3085E+01  0.3272E+02
  10.500  0.3080E+01  0.3275E+02
  10.510  0.3075E+01  0.3278E+02
  10.520  0.3070E+01  0.3281E+02
  10.530  0.3065E+01  0.3284E+02
  10.540  0.3059E+01  0.3287E+02
  10.550  0.3054E+01  0.3290E+02
  10.560  0.3049E+01  0.3293E+02
  10.570  0.3043E+01  0.3296E+02
  10.580  0.3038E+01  0.3299E+02
  10.591  0.3033E+01  0.3302E+02
  10.601  0.3028E+01  0.3305E+02
  10.611  0.3023E+01  0.3308E+02
  10.620  0.3018E+01  0.3311E+02
  10.630  0.3013E+01  0.3314E+02
  10.640  0.3009E+01  0.3318E+02
  10.650  0.3004E+01  0.3321E+02
  10.660  0.2999E+01  0.3324E+02
  10.670  0.2994E+01  0.3326E+02
  10.680  0.2989E+01  0.3329E+02
  10.690  0.2984E+01  0.3332E+02
  10.700  0.2979E+01  0.3335E+02
  10.710  0.2974E+01  0.3338E+02
  10.720  0.2968E+01  0.3341E+02
  10.730  0.2962E+01  0.3344E+02
  10.740  0.2956E+01  0.3347E+02
  10.750  0.2950E+01  0.3350E+02
  10.760  0.2944E+01  0.3353E+02
  10.770  0.2938E+01  0.3356E+02
  10.780  0.2931E+01  0.3359E+02
  10.790  0.2925E+01  0.3362E+02
  10.800  0.2919E+01  0.3365E+02
  10.810  0.2913E+01  0.3368E+02
  10.820  0.2908E+01  0.3371E+02
  10.830  0.2903E+01  0.3374E+02
  10.841  0.2899E+01  0.3377E+02
  10.851  0.2895E+01  0.3379E+02
  10.861  0.2892E+01  0.3382E+02
  10.870  0.2889E+01  0.3385E+02
  10.880  0.2888E+01  0.3388E+02
  10.890  0.2887E+01  0.3391E+02
  10.900  0.2887E+01  0.3394E+02
  10.910  0.2889E+01  0.3397E+02
  10.920  0.2891E+01  0.3400E+02
  10.930  0.2894E+01  0.3403E+02
  10.940  0.2897E+01  0.3405E+02
  10.950  0.2902E+01  0.3408E+02
  10.960  0.2907E+01  0.3411E+02
  10.970  0.2913E+01  0.3414E+02
  10.980  0.2919E+01  0.3417E+02
  10.990  0.2926E+01  0.3420E+02
  11.000  0.2933E+01  0.3423E+02
  11.010  0.2940E+01  0.3426E+02
  11.020  0.2947E+01  0.3429E+02
  11.030  0.2954E+01  0.3432E+02
  11.040  0.2961E+01  0.3435E+02
  11.050  0.2968E+01  0.3438E+02
  11.060  0.2975E+01  0.3441E+02
  11.070  0.2981E+01  0.3444E+02
  11.081  0.2986E+01  0.3447E+02
  11.091  0.2992E+01  0.3450E+02
  11.101  0.2996E+01  0.3453E+02
  11.110  0.3001E+01  0.3456E+02
  11.120  0.3005E+01  0.3459E+02
  11.130  0.3008E+01  0.3462E+02
  11.140  0.3011E+01  0.3465E+02
  11.150  0.3013E+01  0.3468E+02
  11.160  0.3016E+01  0.3471E+02
  11.170  0.3018E+01  0.3474E+02
  11.180  0.3019E+01  0.3477E+02
  11.190  0.3021E+01  0.3480E+02
  11.200  0.3022E+01  0.3483E+02
  11.210  0.3024E+01  0.3486E+02
  11.220  0.3025E+01  0.3489E+02
  11.230  0.3026E+01  0.3492E+02
  11.240  0.3028E+01  0.3495E+02
  11.250  0.3029E+01  0.3498E+02
  11.260  0.3031E+01  0.3501E+02
  11.270  0.3033E+01  0.3504E+02
  11.280  0.3035E+01  0.3507E+02
  11.290  0.3037E+01  0.3510E+02
  11.300  0.3039E+01  0.3513E+02
  11.310  0.3042E+01  0.3516E+02
  11.320  0.3045E+01  0.3519E+02
  11.331  0.3048E+01  0.3522E+02
  11.341  0.3051E+01  0.3525E+02
  11.351  0.3055E+01  0.3528E+02
  11.361  0.3058E+01  0.3531E+02
  11.370  0.3062E+01  0.3534E+02
  11.381  0.3066E+01  0.3538E+02
  11.391  0.3071E+01  0.3541E+02
  11.401  0.3075E+01  0.3544E+02
  11.411  0.3080E+01  0.3547E+02
  11.421  0.3085E+01  0.3550E+02
  11.431  0.3091E+01  0.3553E+02
  11.441  0.3097E+01  0.3556E+02
  11.451  0.3103E+01  0.3559E+02
  11.461  0.3110E+01  0.3562E+02
  11.470  0.3117E+01  0.3565E+02
  11.480  0.3125E+01  0.3568E+02
  11.490  0.3133E+01  0.3572E+02
  11.500  0.3143E+01  0.3575E+02
  11.510  0.3153E+01  0.3578E+02
  11.520  0.3164E+01  0.3581E+02
  11.530  0.3175E+01  0.3584E+02
  11.540  0.3188E+01  0.3587E+02
  11.550  0.3202E+01  0.3591E+02
  11.560  0.3216E+01  0.3594E+02
  11.570  0.3232E+01  0.3597E+02
  11.580  0.3249E+01  0.3600E+02
  11.590  0.3267E+01  0.3604E+02
  11.600  0.3285E+01  0.3607E+02
  11.610  0.3305E+01  0.3610E+02
  11.620  0.3326E+01  0.3614E+02
  11.630  0.3347E+01  0.3617E+02
  11.640  0.3370E+01  0.3620E+02
  11.650  0.3392E+01  0.3624E+02
  11.660  0.3416E+01  0.3627E+02
  11.670  0.3440E+01  0.3630E+02
  11.680  0.3464E+01  0.3634E+02
  11.690  0.3488E+01  0.3637E+02
  11.700  0.3512E+01  0.3641E+02
  11.710  0.3536E+01  0.3644E+02
  11.720  0.3560E+01  0.3648E+02
  11.730  0.3583E+01  0.3652E+02
  11.740  0.3605E+01  0.3655E+02
  11.750  0.3626E+01  0.3659E+02
  11.760  0.3647E+01  0.3662E+02
  11.771  0.3666E+01  0.3666E+02
  11.780  0.3684E+01  0.3670E+02
  11.790  0.3701E+01  0.3674E+02
  11.800  0.3716E+01  0.3677E+02
  11.810  0.3730E+01  0.3681E+02
  11.821  0.3742E+01  0.3685E+02
  11.831  0.3752E+01  0.3688E+02
  11.841  0.3762E+01  0.3692E+02
  11.851  0.3769E+01  0.3696E+02
  11.861  0.3775E+01  0.3700E+02
  11.871  0.3780E+01  0.3704E+02
  11.881  0.3783E+01  0.3707E+02
  11.891  0.3784E+01  0.3711E+02
  11.901  0.3785E+01  0.3715E+02
  11.911  0.3784E+01  0.3719E+02
  11.921  0.3782E+01  0.3722E+02
  11.931  0.3779E+01  0.3726E+02
  11.941  0.3775E+01  0.3730E+02
  11.950  0.3770E+01  0.3734E+02
  11.960  0.3764E+01  0.3738E+02
  11.970  0.3758E+01  0.3741E+02
  11.980  0.3751E+01  0.3745E+02
  11.990  0.3744E+01  0.3749E+02
  12.000  0.3736E+01  0.3753E+02
  12.010  0.3728E+01  0.3756E+02
  12.020  0.3719E+01  0.3760E+02
  12.030  0.3711E+01  0.3764E+02
  12.040  0.3702E+01  0.3767E+02
  12.050  0.3693E+01  0.3771E+02
  12.060  0.3684E+01  0.3775E+02
  12.070  0.3675E+01  0.3778E+02
  12.080  0.3666E+01  0.3782E+02
  12.090  0.3658E+01  0.3786E+02
  12.100  0.3649E+01  0.3789E+02
  12.110  0.3640E+01  0.3793E+02
  12.120  0.3631E+01  0.3797E+02
  12.130  0.3623E+01  0.3800E+02
  12.140  0.3615E+01  0.3804E+02
  12.150  0.3607E+01  0.3808E+02
  12.160  0.3599E+01  0.3811E+02
  12.170  0.3591E+01  0.3815E+02
  12.180  0.3584E+01  0.3818E+02
  12.190  0.3577E+01  0.3822E+02
  12.200  0.3571E+01  0.3825E+02
  12.210  0.3565E+01  0.3829E+02
  12.220  0.3559E+01  0.3833E+02
  12.230  0.3554E+01  0.3836E+02
  12.240  0.3549E+01  0.3840E+02
  12.250  0.3544E+01  0.3843E+02
  12.261  0.3540E+01  0.3847E+02
  12.271  0.3537E+01  0.3850E+02
  12.280  0.3534E+01  0.3854E+02
  12.290  0.3531E+01  0.3857E+02
  12.300  0.3528E+01  0.3861E+02
  12.311  0.3526E+01  0.3864E+02
  12.321  0.3525E+01  0.3868E+02
  12.331  0.3523E+01  0.3871E+02
  12.341  0.3522E+01  0.3875E+02
  12.351  0.3521E+01  0.3879E+02
  12.361  0.3521E+01  0.3882E+02
  12.371  0.3520E+01  0.3886E+02
  12.381  0.3520E+01  0.3889E+02
  12.391  0.3520E+01  0.3893E+02
  12.401  0.3520E+01  0.3896E+02
  12.411  0.3520E+01  0.3900E+02
  12.420  0.3520E+01  0.3903E+02
  12.430  0.3520E+01  0.3907E+02
  12.440  0.3520E+01  0.3910E+02
  12.450  0.3520E+01  0.3914E+02
  12.460  0.3520E+01  0.3917E+02
  12.470  0.3519E+01  0.3921E+02
  12.480  0.3519E+01  0.3924E+02
  12.490  0.3518E+01  0.3928E+02
  12.500  0.3518E+01  0.3931E+02
  12.510  0.3517E+01  0.3935E+02
  12.520  0.3516E+01  0.3938E+02
  12.530  0.3515E+01  0.3942E+02
  12.540  0.3514E+01  0.3945E+02
  12.550  0.3513E+01  0.3949E+02
  12.560  0.3511E+01  0.3952E+02
  12.570  0.3510E+01  0.3956E+02
  12.580  0.3509E+01  0.3959E+02
  12.590  0.3508E+01  0.3963E+02
  12.600  0.3507E+01  0.3966E+02
  12.610  0.3506E+01  0.3970E+02
  12.620  0.3506E+01  0.3973E+02
  12.630  0.3506E+01  0.3977E+02
  12.640  0.3506E+01  0.3980E+02
  12.650  0.3507E+01  0.3984E+02
  12.660  0.3508E+01  0.3987E+02
  12.670  0.3511E+01  0.3991E+02
  12.680  0.3513E+01  0.3995E+02
  12.690  0.3517E+01  0.3998E+02
  12.700  0.3522E+01  0.4002E+02
  12.710  0.3527E+01  0.4005E+02
  12.720  0.3533E+01  0.4009E+02
  12.730  0.3540E+01  0.4012E+02
  12.740  0.3548E+01  0.4016E+02
  12.751  0.3556E+01  0.4019E+02
  12.761  0.3566E+01  0.4023E+02
  12.771  0.3576E+01  0.4026E+02
  12.780  0.3587E+01  0.4030E+02
  12.790  0.3598E+01  0.4034E+02
  12.800  0.3610E+01  0.4037E+02
  12.811  0.3622E+01  0.4041E+02
  12.821  0.3635E+01  0.4044E+02
  12.831  0.3647E+01  0.4048E+02
  12.841  0.3660E+01  0.4052E+02
  12.851  0.3672E+01  0.4055E+02
  12.861  0.3685E+01  0.4059E+02
  12.871  0.3697E+01  0.4063E+02
  12.881  0.3708E+01  0.4067E+02
  12.891  0.3719E+01  0.4070E+02
  12.900  0.3729E+01  0.4074E+02
  12.910  0.3738E+01  0.4078E+02
  12.920  0.3747E+01  0.4081E+02
  12.930  0.3754E+01  0.4085E+02
  12.940  0.3761E+01  0.4089E+02
  12.950  0.3766E+01  0.4093E+02
  12.960  0.3770E+01  0.4097E+02
  12.970  0.3773E+01  0.4100E+02
  12.980  0.3775E+01  0.4104E+02
  12.990  0.3776E+01  0.4108E+02
  13.000  0.3776E+01  0.4112E+02
  13.010  0.3775E+01  0.4115E+02
  13.020  0.3773E+01  0.4119E+02
  13.030  0.3770E+01  0.4123E+02
  13.040  0.3766E+01  0.4127E+02
  13.050  0.3761E+01  0.4130E+02
  13.060  0.3755E+01  0.4134E+02
  13.070  0.3749E+01  0.4138E+02
  13.080  0.3742E+01  0.4142E+02
  13.090  0.3735E+01  0.4145E+02
  13.100  0.3727E+01  0.4149E+02
  13.110  0.3719E+01  0.4153E+02
  13.120  0.3710E+01  0.4157E+02
  13.130  0.3702E+01  0.4160E+02
  13.140  0.3693E+01  0.4164E+02
  13.150  0.3684E+01  0.4168E+02
  13.160  0.3675E+01  0.4171E+02
  13.170  0.3666E+01  0.4175E+02
  13.180  0.3657E+01  0.4179E+02
  13.191  0.3648E+01  0.4182E+02
  13.200  0.3639E+01  0.4186E+02
  13.210  0.3629E+01  0.4190E+02
  13.220  0.3620E+01  0.4193E+02
  13.230  0.3611E+01  0.4197E+02
  13.240  0.3602E+01  0.4200E+02
  13.251  0.3592E+01  0.4204E+02
  13.261  0.3582E+01  0.4208E+02
  13.271  0.3572E+01  0.4211E+02
  13.280  0.3562E+01  0.4215E+02
  13.290  0.3551E+01  0.4218E+02
  13.301  0.3540E+01  0.4222E+02
  13.311  0.3528E+01  0.4225E+02
  13.321  0.3516E+01  0.4229E+02
  13.331  0.3504E+01  0.4232E+02
  13.341  0.3490E+01  0.4236E+02
  13.351  0.3476E+01  0.4239E+02
  13.361  0.3462E+01  0.4243E+02
  13.371  0.3446E+01  0.4246E+02
  13.380  0.3430E+01  0.4250E+02
  13.390  0.3414E+01  0.4253E+02
  13.400  0.3396E+01  0.4256E+02
  13.410  0.3378E+01  0.4260E+02
  13.420  0.3360E+01  0.4263E+02
  13.430  0.3340E+01  0.4267E+02
  13.440  0.3320E+01  0.4270E+02
  13.450  0.3300E+01  0.4273E+02
  13.460  0.3279E+01  0.4276E+02
  13.470  0.3257E+01  0.4280E+02
  13.480  0.3236E+01  0.4283E+02
  13.490  0.3214E+01  0.4286E+02
  13.500  0.3191E+01  0.4289E+02
  13.510  0.3169E+01  0.4293E+02
  13.520  0.3147E+01  0.4296E+02
  13.530  0.3125E+01  0.4299E+02
  13.540  0.3103E+01  0.4302E+02
  13.550  0.3081E+01  0.4305E+02
  13.560  0.3060E+01  0.4308E+02
  13.570  0.3039E+01  0.4311E+02
  13.580  0.3019E+01  0.4314E+02
  13.590  0.2999E+01  0.4317E+02
  13.600  0.2981E+01  0.4320E+02
  13.610  0.2963E+01  0.4323E+02
  13.620  0.2946E+01  0.4326E+02
  13.630  0.2931E+01  0.4329E+02
  13.640  0.2916E+01  0.4332E+02
  13.650  0.2903E+01  0.4335E+02
  13.660  0.2891E+01  0.4338E+02
  13.670  0.2881E+01  0.4341E+02
  13.681  0.2872E+01  0.4343E+02
  13.691  0.2864E+01  0.4346E+02
  13.700  0.2858E+01  0.4349E+02
  13.710  0.2854E+01  0.4352E+02
  13.720  0.2851E+01  0.4355E+02
  13.730  0.2850E+01  0.4358E+02
  13.741  0.2850E+01  0.4361E+02
  13.751  0.2852E+01  0.4363E+02
  13.761  0.2855E+01  0.4366E+02
  13.771  0.2860E+01  0.4369E+02
  13.780  0.2867E+01  0.4372E+02
  13.791  0.2875E+01  0.4375E+02
  13.801  0.2884E+01  0.4378E+02
  13.811  0.2894E+01  0.4381E+02
  13.821  0.2906E+01  0.4383E+02
  13.831  0.2919E+01  0.4386E+02
  13.841  0.2933E+01  0.4389E+02
  13.850  0.2948E+01  0.4392E+02
  13.860  0.2963E+01  0.4395E+02
  13.870  0.2980E+01  0.4398E+02
  13.880  0.2996E+01  0.4401E+02
  13.890  0.3013E+01  0.4404E+02
  13.900  0.3031E+01  0.4407E+02
  13.910  0.3048E+01  0.4410E+02
  13.920  0.3065E+01  0.4413E+02
  13.930  0.3082E+01  0.4416E+02
  13.940  0.3099E+01  0.4420E+02
  13.950  0.3115E+01  0.4423E+02
  13.960  0.3130E+01  0.4426E+02
  13.970  0.3145E+01  0.4429E+02
  13.980  0.3158E+01  0.4432E+02
  13.990  0.3171E+01  0.4435E+02
  14.000  0.3182E+01  0.4438E+02
  14.010  0.3192E+01  0.4442E+02
  14.020  0.3201E+01  0.4445E+02
  14.030  0.3209E+01  0.4448E+02
  14.040  0.3215E+01  0.4451E+02
  14.050  0.3220E+01  0.4455E+02
  14.060  0.3223E+01  0.4458E+02
  14.070  0.3225E+01  0.4461E+02
  14.080  0.3226E+01  0.4464E+02
