#  E (eV)   dos(E)     Int dos(E) EFermi =   -2.702 eV
 -12.702  0.3636E+00  0.3636E-02
 -12.692  0.3639E+00  0.7275E-02
 -12.682  0.3641E+00  0.1092E-01
 -12.672  0.3643E+00  0.1456E-01
 -12.662  0.3645E+00  0.1820E-01
 -12.652  0.3647E+00  0.2185E-01
 -12.642  0.3649E+00  0.2550E-01
 -12.632  0.3652E+00  0.2915E-01
 -12.622  0.3654E+00  0.3281E-01
 -12.612  0.3656E+00  0.3646E-01
 -12.602  0.3658E+00  0.4012E-01
 -12.592  0.3660E+00  0.4378E-01
 -12.582  0.3662E+00  0.4744E-01
 -12.572  0.3664E+00  0.5111E-01
 -12.562  0.3667E+00  0.5477E-01
 -12.552  0.3669E+00  0.5844E-01
 -12.542  0.3671E+00  0.6211E-01
 -12.532  0.3673E+00  0.6579E-01
 -12.522  0.3675E+00  0.6946E-01
 -12.512  0.3678E+00  0.7314E-01
 -12.502  0.3680E+00  0.7682E-01
 -12.492  0.3682E+00  0.8050E-01
 -12.482  0.3684E+00  0.8419E-01
 -12.472  0.3687E+00  0.8787E-01
 -12.462  0.3689E+00  0.9156E-01
 -12.452  0.3691E+00  0.9525E-01
 -12.442  0.3693E+00  0.9895E-01
 -12.432  0.3696E+00  0.1026E+00
 -12.422  0.3698E+00  0.1063E+00
 -12.412  0.3700E+00  0.1100E+00
 -12.402  0.3703E+00  0.1137E+00
 -12.392  0.3705E+00  0.1174E+00
 -12.382  0.3707E+00  0.1212E+00
 -12.372  0.3710E+00  0.1249E+00
 -12.362  0.3712E+00  0.1286E+00
 -12.352  0.3714E+00  0.1323E+00
 -12.342  0.3717E+00  0.1360E+00
 -12.332  0.3719E+00  0.1397E+00
 -12.322  0.3722E+00  0.1434E+00
 -12.312  0.3724E+00  0.1472E+00
 -12.302  0.3726E+00  0.1509E+00
 -12.292  0.3729E+00  0.1546E+00
 -12.282  0.3731E+00  0.1584E+00
 -12.272  0.3734E+00  0.1621E+00
 -12.262  0.3736E+00  0.1658E+00
 -12.252  0.3739E+00  0.1696E+00
 -12.242  0.3741E+00  0.1733E+00
 -12.232  0.3744E+00  0.1771E+00
 -12.222  0.3746E+00  0.1808E+00
 -12.212  0.3749E+00  0.1845E+00
 -12.202  0.3751E+00  0.1883E+00
 -12.192  0.3754E+00  0.1921E+00
 -12.182  0.3756E+00  0.1958E+00
 -12.172  0.3759E+00  0.1996E+00
 -12.162  0.3762E+00  0.2033E+00
 -12.152  0.3764E+00  0.2071E+00
 -12.142  0.3767E+00  0.2109E+00
 -12.132  0.3770E+00  0.2146E+00
 -12.122  0.3772E+00  0.2184E+00
 -12.112  0.3775E+00  0.2222E+00
 -12.102  0.3778E+00  0.2260E+00
 -12.092  0.3780E+00  0.2297E+00
 -12.082  0.3783E+00  0.2335E+00
 -12.072  0.3786E+00  0.2373E+00
 -12.062  0.3788E+00  0.2411E+00
 -12.052  0.3791E+00  0.2449E+00
 -12.042  0.3794E+00  0.2487E+00
 -12.032  0.3797E+00  0.2525E+00
 -12.022  0.3800E+00  0.2563E+00
 -12.012  0.3802E+00  0.2601E+00
 -12.002  0.3805E+00  0.2639E+00
 -11.992  0.3808E+00  0.2677E+00
 -11.982  0.3811E+00  0.2715E+00
 -11.972  0.3814E+00  0.2753E+00
 -11.962  0.3817E+00  0.2791E+00
 -11.952  0.3819E+00  0.2829E+00
 -11.942  0.3822E+00  0.2868E+00
 -11.932  0.3825E+00  0.2906E+00
 -11.922  0.3828E+00  0.2944E+00
 -11.912  0.3831E+00  0.2983E+00
 -11.902  0.3834E+00  0.3021E+00
 -11.892  0.3837E+00  0.3059E+00
 -11.882  0.3840E+00  0.3098E+00
 -11.872  0.3843E+00  0.3136E+00
 -11.862  0.3846E+00  0.3175E+00
 -11.852  0.3849E+00  0.3213E+00
 -11.842  0.3852E+00  0.3252E+00
 -11.832  0.3855E+00  0.3290E+00
 -11.822  0.3859E+00  0.3329E+00
 -11.812  0.3862E+00  0.3367E+00
 -11.802  0.3865E+00  0.3406E+00
 -11.792  0.3868E+00  0.3445E+00
 -11.782  0.3871E+00  0.3483E+00
 -11.772  0.3874E+00  0.3522E+00
 -11.762  0.3878E+00  0.3561E+00
 -11.752  0.3881E+00  0.3600E+00
 -11.742  0.3884E+00  0.3639E+00
 -11.732  0.3887E+00  0.3677E+00
 -11.722  0.3891E+00  0.3716E+00
 -11.712  0.3894E+00  0.3755E+00
 -11.702  0.3897E+00  0.3794E+00
 -11.692  0.3900E+00  0.3833E+00
 -11.682  0.3904E+00  0.3872E+00
 -11.672  0.3907E+00  0.3911E+00
 -11.662  0.3911E+00  0.3950E+00
 -11.652  0.3914E+00  0.3990E+00
 -11.642  0.3917E+00  0.4029E+00
 -11.632  0.3921E+00  0.4068E+00
 -11.622  0.3924E+00  0.4107E+00
 -11.612  0.3928E+00  0.4147E+00
 -11.602  0.3931E+00  0.4186E+00
 -11.592  0.3935E+00  0.4225E+00
 -11.582  0.3938E+00  0.4265E+00
 -11.572  0.3942E+00  0.4304E+00
 -11.562  0.3946E+00  0.4343E+00
 -11.552  0.3949E+00  0.4383E+00
 -11.542  0.3953E+00  0.4422E+00
 -11.532  0.3957E+00  0.4462E+00
 -11.522  0.3960E+00  0.4502E+00
 -11.512  0.3964E+00  0.4541E+00
 -11.502  0.3968E+00  0.4581E+00
 -11.492  0.3971E+00  0.4621E+00
 -11.482  0.3975E+00  0.4660E+00
 -11.472  0.3979E+00  0.4700E+00
 -11.462  0.3983E+00  0.4740E+00
 -11.452  0.3987E+00  0.4780E+00
 -11.442  0.3991E+00  0.4820E+00
 -11.432  0.3994E+00  0.4860E+00
 -11.422  0.3998E+00  0.4900E+00
 -11.412  0.4002E+00  0.4940E+00
 -11.402  0.4006E+00  0.4980E+00
 -11.392  0.4010E+00  0.5020E+00
 -11.382  0.4014E+00  0.5060E+00
 -11.372  0.4018E+00  0.5100E+00
 -11.362  0.4022E+00  0.5140E+00
 -11.352  0.4026E+00  0.5181E+00
 -11.342  0.4031E+00  0.5221E+00
 -11.332  0.4035E+00  0.5261E+00
 -11.322  0.4039E+00  0.5302E+00
 -11.312  0.4043E+00  0.5342E+00
 -11.302  0.4047E+00  0.5383E+00
 -11.292  0.4052E+00  0.5423E+00
 -11.282  0.4056E+00  0.5464E+00
 -11.272  0.4060E+00  0.5504E+00
 -11.262  0.4065E+00  0.5545E+00
 -11.252  0.4069E+00  0.5586E+00
 -11.242  0.4073E+00  0.5626E+00
 -11.232  0.4078E+00  0.5667E+00
 -11.222  0.4082E+00  0.5708E+00
 -11.212  0.4087E+00  0.5749E+00
 -11.202  0.4091E+00  0.5790E+00
 -11.192  0.4096E+00  0.5831E+00
 -11.182  0.4101E+00  0.5872E+00
 -11.172  0.4105E+00  0.5913E+00
 -11.162  0.4110E+00  0.5954E+00
 -11.152  0.4115E+00  0.5995E+00
 -11.142  0.4119E+00  0.6036E+00
 -11.132  0.4124E+00  0.6077E+00
 -11.122  0.4129E+00  0.6119E+00
 -11.112  0.4134E+00  0.6160E+00
 -11.102  0.4139E+00  0.6202E+00
 -11.092  0.4144E+00  0.6243E+00
 -11.082  0.4149E+00  0.6284E+00
 -11.072  0.4155E+00  0.6326E+00
 -11.062  0.4160E+00  0.6368E+00
 -11.052  0.4165E+00  0.6409E+00
 -11.042  0.4171E+00  0.6451E+00
 -11.032  0.4177E+00  0.6493E+00
 -11.022  0.4182E+00  0.6535E+00
 -11.012  0.4188E+00  0.6576E+00
 -11.002  0.4194E+00  0.6618E+00
 -10.992  0.4200E+00  0.6660E+00
 -10.982  0.4207E+00  0.6702E+00
 -10.972  0.4213E+00  0.6745E+00
 -10.962  0.4220E+00  0.6787E+00
 -10.952  0.4227E+00  0.6829E+00
 -10.942  0.4234E+00  0.6871E+00
 -10.932  0.4242E+00  0.6914E+00
 -10.922  0.4249E+00  0.6956E+00
 -10.912  0.4258E+00  0.6999E+00
 -10.902  0.4266E+00  0.7042E+00
 -10.892  0.4275E+00  0.7084E+00
 -10.882  0.4284E+00  0.7127E+00
 -10.872  0.4294E+00  0.7170E+00
 -10.862  0.4304E+00  0.7213E+00
 -10.852  0.4314E+00  0.7256E+00
 -10.842  0.4326E+00  0.7300E+00
 -10.832  0.4337E+00  0.7343E+00
 -10.822  0.4350E+00  0.7386E+00
 -10.812  0.4363E+00  0.7430E+00
 -10.802  0.4377E+00  0.7474E+00
 -10.792  0.4391E+00  0.7518E+00
 -10.782  0.4407E+00  0.7562E+00
 -10.772  0.4423E+00  0.7606E+00
 -10.762  0.4440E+00  0.7650E+00
 -10.752  0.4459E+00  0.7695E+00
 -10.742  0.4478E+00  0.7740E+00
 -10.732  0.4498E+00  0.7785E+00
 -10.722  0.4519E+00  0.7830E+00
 -10.712  0.4542E+00  0.7875E+00
 -10.702  0.4566E+00  0.7921E+00
 -10.692  0.4590E+00  0.7967E+00
 -10.682  0.4617E+00  0.8013E+00
 -10.672  0.4644E+00  0.8060E+00
 -10.662  0.4673E+00  0.8106E+00
 -10.652  0.4703E+00  0.8153E+00
 -10.642  0.4735E+00  0.8201E+00
 -10.632  0.4768E+00  0.8248E+00
 -10.622  0.4802E+00  0.8296E+00
 -10.612  0.4838E+00  0.8345E+00
 -10.602  0.4875E+00  0.8393E+00
 -10.592  0.4914E+00  0.8443E+00
 -10.582  0.4954E+00  0.8492E+00
 -10.572  0.4996E+00  0.8542E+00
 -10.562  0.5039E+00  0.8593E+00
 -10.552  0.5083E+00  0.8643E+00
 -10.542  0.5129E+00  0.8695E+00
 -10.532  0.5176E+00  0.8746E+00
 -10.522  0.5224E+00  0.8799E+00
 -10.512  0.5273E+00  0.8851E+00
 -10.502  0.5324E+00  0.8905E+00
 -10.492  0.5375E+00  0.8958E+00
 -10.482  0.5428E+00  0.9013E+00
 -10.472  0.5481E+00  0.9067E+00
 -10.462  0.5535E+00  0.9123E+00
 -10.452  0.5590E+00  0.9179E+00
 -10.442  0.5645E+00  0.9235E+00
 -10.432  0.5701E+00  0.9292E+00
 -10.422  0.5757E+00  0.9350E+00
 -10.412  0.5814E+00  0.9408E+00
 -10.402  0.5871E+00  0.9467E+00
 -10.392  0.5928E+00  0.9526E+00
 -10.382  0.5985E+00  0.9586E+00
 -10.372  0.6042E+00  0.9646E+00
 -10.362  0.6098E+00  0.9707E+00
 -10.352  0.6154E+00  0.9769E+00
 -10.342  0.6210E+00  0.9831E+00
 -10.332  0.6266E+00  0.9893E+00
 -10.322  0.6320E+00  0.9957E+00
 -10.312  0.6375E+00  0.1002E+01
 -10.302  0.6428E+00  0.1008E+01
 -10.292  0.6480E+00  0.1015E+01
 -10.282  0.6532E+00  0.1021E+01
 -10.272  0.6583E+00  0.1028E+01
 -10.262  0.6632E+00  0.1035E+01
 -10.252  0.6681E+00  0.1041E+01
 -10.242  0.6729E+00  0.1048E+01
 -10.232  0.6775E+00  0.1055E+01
 -10.222  0.6820E+00  0.1062E+01
 -10.212  0.6864E+00  0.1069E+01
 -10.202  0.6907E+00  0.1075E+01
 -10.192  0.6948E+00  0.1082E+01
 -10.182  0.6989E+00  0.1089E+01
 -10.172  0.7028E+00  0.1096E+01
 -10.162  0.7066E+00  0.1103E+01
 -10.152  0.7103E+00  0.1111E+01
 -10.142  0.7138E+00  0.1118E+01
 -10.132  0.7173E+00  0.1125E+01
 -10.122  0.7206E+00  0.1132E+01
 -10.112  0.7239E+00  0.1139E+01
 -10.102  0.7270E+00  0.1147E+01
 -10.092  0.7300E+00  0.1154E+01
 -10.082  0.7330E+00  0.1161E+01
 -10.072  0.7358E+00  0.1169E+01
 -10.062  0.7386E+00  0.1176E+01
 -10.052  0.7413E+00  0.1183E+01
 -10.042  0.7439E+00  0.1191E+01
 -10.032  0.7464E+00  0.1198E+01
 -10.022  0.7489E+00  0.1206E+01
 -10.012  0.7513E+00  0.1213E+01
 -10.002  0.7537E+00  0.1221E+01
  -9.992  0.7560E+00  0.1228E+01
  -9.982  0.7583E+00  0.1236E+01
  -9.972  0.7606E+00  0.1244E+01
  -9.962  0.7628E+00  0.1251E+01
  -9.952  0.7650E+00  0.1259E+01
  -9.942  0.7671E+00  0.1267E+01
  -9.932  0.7693E+00  0.1274E+01
  -9.922  0.7715E+00  0.1282E+01
  -9.912  0.7736E+00  0.1290E+01
  -9.902  0.7757E+00  0.1297E+01
  -9.892  0.7779E+00  0.1305E+01
  -9.882  0.7800E+00  0.1313E+01
  -9.872  0.7822E+00  0.1321E+01
  -9.862  0.7844E+00  0.1329E+01
  -9.852  0.7866E+00  0.1337E+01
  -9.842  0.7888E+00  0.1344E+01
  -9.832  0.7911E+00  0.1352E+01
  -9.822  0.7933E+00  0.1360E+01
  -9.812  0.7957E+00  0.1368E+01
  -9.802  0.7980E+00  0.1376E+01
  -9.792  0.8004E+00  0.1384E+01
  -9.782  0.8029E+00  0.1392E+01
  -9.772  0.8054E+00  0.1400E+01
  -9.762  0.8079E+00  0.1408E+01
  -9.752  0.8105E+00  0.1417E+01
  -9.742  0.8132E+00  0.1425E+01
  -9.732  0.8159E+00  0.1433E+01
  -9.722  0.8187E+00  0.1441E+01
  -9.712  0.8215E+00  0.1449E+01
  -9.702  0.8244E+00  0.1457E+01
  -9.692  0.8274E+00  0.1466E+01
  -9.682  0.8305E+00  0.1474E+01
  -9.672  0.8336E+00  0.1482E+01
  -9.662  0.8368E+00  0.1491E+01
  -9.652  0.8401E+00  0.1499E+01
  -9.642  0.8435E+00  0.1508E+01
  -9.632  0.8470E+00  0.1516E+01
  -9.622  0.8505E+00  0.1525E+01
  -9.612  0.8542E+00  0.1533E+01
  -9.602  0.8579E+00  0.1542E+01
  -9.592  0.8617E+00  0.1550E+01
  -9.582  0.8656E+00  0.1559E+01
  -9.572  0.8695E+00  0.1568E+01
  -9.562  0.8736E+00  0.1576E+01
  -9.552  0.8777E+00  0.1585E+01
  -9.542  0.8819E+00  0.1594E+01
  -9.532  0.8862E+00  0.1603E+01
  -9.522  0.8905E+00  0.1612E+01
  -9.512  0.8949E+00  0.1621E+01
  -9.502  0.8994E+00  0.1630E+01
  -9.492  0.9039E+00  0.1639E+01
  -9.482  0.9084E+00  0.1648E+01
  -9.472  0.9130E+00  0.1657E+01
  -9.462  0.9177E+00  0.1666E+01
  -9.452  0.9223E+00  0.1675E+01
  -9.442  0.9270E+00  0.1685E+01
  -9.432  0.9316E+00  0.1694E+01
  -9.422  0.9363E+00  0.1703E+01
  -9.412  0.9409E+00  0.1713E+01
  -9.402  0.9455E+00  0.1722E+01
  -9.392  0.9500E+00  0.1732E+01
  -9.382  0.9545E+00  0.1741E+01
  -9.372  0.9588E+00  0.1751E+01
  -9.362  0.9631E+00  0.1760E+01
  -9.352  0.9673E+00  0.1770E+01
  -9.342  0.9714E+00  0.1780E+01
  -9.332  0.9753E+00  0.1790E+01
  -9.322  0.9791E+00  0.1799E+01
  -9.312  0.9828E+00  0.1809E+01
  -9.302  0.9862E+00  0.1819E+01
  -9.292  0.9894E+00  0.1829E+01
  -9.282  0.9925E+00  0.1839E+01
  -9.272  0.9953E+00  0.1849E+01
  -9.262  0.9979E+00  0.1859E+01
  -9.252  0.1000E+01  0.1869E+01
  -9.242  0.1002E+01  0.1879E+01
  -9.232  0.1004E+01  0.1889E+01
  -9.222  0.1006E+01  0.1899E+01
  -9.212  0.1007E+01  0.1909E+01
  -9.202  0.1008E+01  0.1919E+01
  -9.192  0.1009E+01  0.1929E+01
  -9.182  0.1009E+01  0.1939E+01
  -9.172  0.1009E+01  0.1949E+01
  -9.162  0.1009E+01  0.1959E+01
  -9.152  0.1008E+01  0.1969E+01
  -9.142  0.1008E+01  0.1980E+01
  -9.132  0.1006E+01  0.1990E+01
  -9.122  0.1005E+01  0.2000E+01
  -9.112  0.1003E+01  0.2010E+01
  -9.102  0.1001E+01  0.2020E+01
  -9.092  0.9990E+00  0.2030E+01
  -9.082  0.9964E+00  0.2040E+01
  -9.072  0.9936E+00  0.2050E+01
  -9.062  0.9905E+00  0.2060E+01
  -9.052  0.9872E+00  0.2069E+01
  -9.042  0.9837E+00  0.2079E+01
  -9.032  0.9800E+00  0.2089E+01
  -9.022  0.9761E+00  0.2099E+01
  -9.012  0.9719E+00  0.2108E+01
  -9.002  0.9677E+00  0.2118E+01
  -8.992  0.9632E+00  0.2128E+01
  -8.982  0.9586E+00  0.2137E+01
  -8.972  0.9539E+00  0.2147E+01
  -8.962  0.9491E+00  0.2156E+01
  -8.952  0.9442E+00  0.2166E+01
  -8.942  0.9392E+00  0.2175E+01
  -8.932  0.9341E+00  0.2185E+01
  -8.922  0.9290E+00  0.2194E+01
  -8.912  0.9239E+00  0.2203E+01
  -8.902  0.9187E+00  0.2212E+01
  -8.892  0.9135E+00  0.2221E+01
  -8.882  0.9083E+00  0.2231E+01
  -8.872  0.9031E+00  0.2240E+01
  -8.862  0.8979E+00  0.2249E+01
  -8.852  0.8928E+00  0.2257E+01
  -8.842  0.8877E+00  0.2266E+01
  -8.832  0.8826E+00  0.2275E+01
  -8.822  0.8776E+00  0.2284E+01
  -8.812  0.8727E+00  0.2293E+01
  -8.802  0.8678E+00  0.2301E+01
  -8.792  0.8630E+00  0.2310E+01
  -8.782  0.8582E+00  0.2319E+01
  -8.772  0.8536E+00  0.2327E+01
  -8.762  0.8490E+00  0.2336E+01
  -8.752  0.8445E+00  0.2344E+01
  -8.742  0.8401E+00  0.2352E+01
  -8.732  0.8357E+00  0.2361E+01
  -8.722  0.8315E+00  0.2369E+01
  -8.712  0.8274E+00  0.2377E+01
  -8.702  0.8233E+00  0.2386E+01
  -8.692  0.8193E+00  0.2394E+01
  -8.682  0.8155E+00  0.2402E+01
  -8.672  0.8117E+00  0.2410E+01
  -8.662  0.8080E+00  0.2418E+01
  -8.652  0.8043E+00  0.2426E+01
  -8.642  0.8008E+00  0.2434E+01
  -8.632  0.7973E+00  0.2442E+01
  -8.622  0.7940E+00  0.2450E+01
  -8.612  0.7907E+00  0.2458E+01
  -8.602  0.7874E+00  0.2466E+01
  -8.592  0.7843E+00  0.2474E+01
  -8.582  0.7812E+00  0.2482E+01
  -8.572  0.7782E+00  0.2489E+01
  -8.562  0.7753E+00  0.2497E+01
  -8.552  0.7724E+00  0.2505E+01
  -8.542  0.7696E+00  0.2513E+01
  -8.532  0.7668E+00  0.2520E+01
  -8.522  0.7641E+00  0.2528E+01
  -8.512  0.7615E+00  0.2535E+01
  -8.502  0.7589E+00  0.2543E+01
  -8.492  0.7563E+00  0.2551E+01
  -8.482  0.7538E+00  0.2558E+01
  -8.472  0.7514E+00  0.2566E+01
  -8.462  0.7490E+00  0.2573E+01
  -8.452  0.7466E+00  0.2581E+01
  -8.442  0.7443E+00  0.2588E+01
  -8.432  0.7421E+00  0.2595E+01
  -8.422  0.7398E+00  0.2603E+01
  -8.412  0.7376E+00  0.2610E+01
  -8.402  0.7355E+00  0.2618E+01
  -8.392  0.7333E+00  0.2625E+01
  -8.382  0.7313E+00  0.2632E+01
  -8.372  0.7292E+00  0.2640E+01
  -8.362  0.7272E+00  0.2647E+01
  -8.352  0.7252E+00  0.2654E+01
  -8.342  0.7232E+00  0.2661E+01
  -8.332  0.7213E+00  0.2668E+01
  -8.322  0.7194E+00  0.2676E+01
  -8.312  0.7175E+00  0.2683E+01
  -8.302  0.7157E+00  0.2690E+01
  -8.292  0.7138E+00  0.2697E+01
  -8.282  0.7120E+00  0.2704E+01
  -8.272  0.7102E+00  0.2711E+01
  -8.262  0.7085E+00  0.2718E+01
  -8.252  0.7068E+00  0.2726E+01
  -8.242  0.7050E+00  0.2733E+01
  -8.232  0.7034E+00  0.2740E+01
  -8.222  0.7017E+00  0.2747E+01
  -8.212  0.7000E+00  0.2754E+01
  -8.202  0.6984E+00  0.2761E+01
  -8.192  0.6968E+00  0.2768E+01
  -8.182  0.6952E+00  0.2775E+01
  -8.172  0.6936E+00  0.2781E+01
  -8.162  0.6921E+00  0.2788E+01
  -8.152  0.6905E+00  0.2795E+01
  -8.142  0.6890E+00  0.2802E+01
  -8.132  0.6875E+00  0.2809E+01
  -8.122  0.6860E+00  0.2816E+01
  -8.112  0.6846E+00  0.2823E+01
  -8.102  0.6831E+00  0.2830E+01
  -8.092  0.6817E+00  0.2836E+01
  -8.082  0.6802E+00  0.2843E+01
  -8.072  0.6788E+00  0.2850E+01
  -8.062  0.6774E+00  0.2857E+01
  -8.052  0.6761E+00  0.2864E+01
  -8.042  0.6747E+00  0.2870E+01
  -8.032  0.6733E+00  0.2877E+01
  -8.022  0.6720E+00  0.2884E+01
  -8.012  0.6707E+00  0.2890E+01
  -8.002  0.6694E+00  0.2897E+01
  -7.992  0.6681E+00  0.2904E+01
  -7.982  0.6668E+00  0.2911E+01
  -7.972  0.6655E+00  0.2917E+01
  -7.962  0.6642E+00  0.2924E+01
  -7.952  0.6630E+00  0.2930E+01
  -7.942  0.6617E+00  0.2937E+01
  -7.932  0.6605E+00  0.2944E+01
  -7.922  0.6593E+00  0.2950E+01
  -7.912  0.6581E+00  0.2957E+01
  -7.902  0.6569E+00  0.2963E+01
  -7.892  0.6557E+00  0.2970E+01
  -7.882  0.6545E+00  0.2976E+01
  -7.872  0.6534E+00  0.2983E+01
  -7.862  0.6522E+00  0.2990E+01
  -7.852  0.6511E+00  0.2996E+01
  -7.842  0.6500E+00  0.3003E+01
  -7.832  0.6488E+00  0.3009E+01
  -7.822  0.6477E+00  0.3016E+01
  -7.812  0.6466E+00  0.3022E+01
  -7.802  0.6455E+00  0.3028E+01
  -7.792  0.6444E+00  0.3035E+01
  -7.782  0.6434E+00  0.3041E+01
  -7.772  0.6423E+00  0.3048E+01
  -7.762  0.6412E+00  0.3054E+01
  -7.752  0.6402E+00  0.3061E+01
  -7.742  0.6392E+00  0.3067E+01
  -7.732  0.6381E+00  0.3073E+01
  -7.722  0.6371E+00  0.3080E+01
  -7.712  0.6361E+00  0.3086E+01
  -7.702  0.6351E+00  0.3092E+01
  -7.692  0.6341E+00  0.3099E+01
  -7.682  0.6331E+00  0.3105E+01
  -7.672  0.6321E+00  0.3111E+01
  -7.662  0.6311E+00  0.3118E+01
  -7.652  0.6302E+00  0.3124E+01
  -7.642  0.6292E+00  0.3130E+01
  -7.632  0.6283E+00  0.3137E+01
  -7.622  0.6273E+00  0.3143E+01
  -7.612  0.6264E+00  0.3149E+01
  -7.602  0.6255E+00  0.3155E+01
  -7.592  0.6246E+00  0.3162E+01
  -7.582  0.6236E+00  0.3168E+01
  -7.572  0.6227E+00  0.3174E+01
  -7.562  0.6218E+00  0.3180E+01
  -7.552  0.6210E+00  0.3187E+01
  -7.542  0.6201E+00  0.3193E+01
  -7.532  0.6192E+00  0.3199E+01
  -7.522  0.6183E+00  0.3205E+01
  -7.512  0.6175E+00  0.3211E+01
  -7.502  0.6166E+00  0.3217E+01
  -7.492  0.6158E+00  0.3224E+01
  -7.482  0.6149E+00  0.3230E+01
  -7.472  0.6141E+00  0.3236E+01
  -7.462  0.6133E+00  0.3242E+01
  -7.452  0.6124E+00  0.3248E+01
  -7.442  0.6116E+00  0.3254E+01
  -7.432  0.6108E+00  0.3260E+01
  -7.422  0.6100E+00  0.3266E+01
  -7.412  0.6092E+00  0.3273E+01
  -7.402  0.6084E+00  0.3279E+01
  -7.392  0.6076E+00  0.3285E+01
  -7.382  0.6069E+00  0.3291E+01
  -7.372  0.6061E+00  0.3297E+01
  -7.362  0.6053E+00  0.3303E+01
  -7.352  0.6046E+00  0.3309E+01
  -7.342  0.6038E+00  0.3315E+01
  -7.332  0.6031E+00  0.3321E+01
  -7.322  0.6023E+00  0.3327E+01
  -7.312  0.6016E+00  0.3333E+01
  -7.302  0.6009E+00  0.3339E+01
  -7.292  0.6001E+00  0.3345E+01
  -7.282  0.5994E+00  0.3351E+01
  -7.272  0.5987E+00  0.3357E+01
  -7.262  0.5980E+00  0.3363E+01
  -7.252  0.5973E+00  0.3369E+01
  -7.242  0.5966E+00  0.3375E+01
  -7.232  0.5959E+00  0.3381E+01
  -7.222  0.5952E+00  0.3387E+01
  -7.212  0.5945E+00  0.3393E+01
  -7.202  0.5939E+00  0.3399E+01
  -7.192  0.5932E+00  0.3405E+01
  -7.182  0.5925E+00  0.3411E+01
  -7.172  0.5919E+00  0.3417E+01
  -7.162  0.5912E+00  0.3422E+01
  -7.152  0.5906E+00  0.3428E+01
  -7.142  0.5899E+00  0.3434E+01
  -7.132  0.5893E+00  0.3440E+01
  -7.122  0.5887E+00  0.3446E+01
  -7.112  0.5881E+00  0.3452E+01
  -7.102  0.5874E+00  0.3458E+01
  -7.092  0.5868E+00  0.3464E+01
  -7.082  0.5862E+00  0.3470E+01
  -7.072  0.5856E+00  0.3475E+01
  -7.062  0.5850E+00  0.3481E+01
  -7.052  0.5844E+00  0.3487E+01
  -7.042  0.5838E+00  0.3493E+01
  -7.032  0.5832E+00  0.3499E+01
  -7.022  0.5827E+00  0.3505E+01
  -7.012  0.5821E+00  0.3510E+01
  -7.002  0.5815E+00  0.3516E+01
  -6.992  0.5810E+00  0.3522E+01
  -6.982  0.5804E+00  0.3528E+01
  -6.972  0.5799E+00  0.3534E+01
  -6.962  0.5793E+00  0.3539E+01
  -6.952  0.5788E+00  0.3545E+01
  -6.942  0.5782E+00  0.3551E+01
  -6.932  0.5777E+00  0.3557E+01
  -6.922  0.5772E+00  0.3563E+01
  -6.912  0.5767E+00  0.3568E+01
  -6.902  0.5761E+00  0.3574E+01
  -6.892  0.5756E+00  0.3580E+01
  -6.882  0.5751E+00  0.3586E+01
  -6.872  0.5746E+00  0.3591E+01
  -6.862  0.5741E+00  0.3597E+01
  -6.852  0.5736E+00  0.3603E+01
  -6.842  0.5732E+00  0.3609E+01
  -6.832  0.5727E+00  0.3614E+01
  -6.822  0.5722E+00  0.3620E+01
  -6.812  0.5717E+00  0.3626E+01
  -6.802  0.5713E+00  0.3631E+01
  -6.792  0.5708E+00  0.3637E+01
  -6.782  0.5704E+00  0.3643E+01
  -6.772  0.5699E+00  0.3649E+01
  -6.762  0.5695E+00  0.3654E+01
  -6.752  0.5690E+00  0.3660E+01
  -6.742  0.5686E+00  0.3666E+01
  -6.732  0.5682E+00  0.3671E+01
  -6.722  0.5678E+00  0.3677E+01
  -6.712  0.5673E+00  0.3683E+01
  -6.702  0.5669E+00  0.3688E+01
  -6.692  0.5665E+00  0.3694E+01
  -6.682  0.5661E+00  0.3700E+01
  -6.672  0.5657E+00  0.3705E+01
  -6.662  0.5653E+00  0.3711E+01
  -6.652  0.5649E+00  0.3717E+01
  -6.642  0.5646E+00  0.3722E+01
  -6.632  0.5642E+00  0.3728E+01
  -6.622  0.5638E+00  0.3734E+01
  -6.612  0.5635E+00  0.3739E+01
  -6.602  0.5631E+00  0.3745E+01
  -6.592  0.5628E+00  0.3750E+01
  -6.582  0.5624E+00  0.3756E+01
  -6.572  0.5621E+00  0.3762E+01
  -6.562  0.5617E+00  0.3767E+01
  -6.552  0.5614E+00  0.3773E+01
  -6.542  0.5611E+00  0.3778E+01
  -6.532  0.5608E+00  0.3784E+01
  -6.522  0.5604E+00  0.3790E+01
  -6.512  0.5601E+00  0.3795E+01
  -6.502  0.5598E+00  0.3801E+01
  -6.492  0.5595E+00  0.3806E+01
  -6.482  0.5592E+00  0.3812E+01
  -6.472  0.5589E+00  0.3818E+01
  -6.462  0.5586E+00  0.3823E+01
  -6.452  0.5584E+00  0.3829E+01
  -6.442  0.5581E+00  0.3834E+01
  -6.432  0.5578E+00  0.3840E+01
  -6.422  0.5575E+00  0.3846E+01
  -6.412  0.5573E+00  0.3851E+01
  -6.402  0.5570E+00  0.3857E+01
  -6.392  0.5567E+00  0.3862E+01
  -6.382  0.5565E+00  0.3868E+01
  -6.372  0.5562E+00  0.3873E+01
  -6.362  0.5559E+00  0.3879E+01
  -6.352  0.5557E+00  0.3885E+01
  -6.342  0.5554E+00  0.3890E+01
  -6.332  0.5551E+00  0.3896E+01
  -6.322  0.5549E+00  0.3901E+01
  -6.312  0.5546E+00  0.3907E+01
  -6.302  0.5543E+00  0.3912E+01
  -6.292  0.5540E+00  0.3918E+01
  -6.282  0.5537E+00  0.3923E+01
  -6.272  0.5534E+00  0.3929E+01
  -6.262  0.5531E+00  0.3934E+01
  -6.252  0.5527E+00  0.3940E+01
  -6.242  0.5524E+00  0.3945E+01
  -6.232  0.5520E+00  0.3951E+01
  -6.222  0.5516E+00  0.3957E+01
  -6.212  0.5511E+00  0.3962E+01
  -6.202  0.5507E+00  0.3968E+01
  -6.192  0.5502E+00  0.3973E+01
  -6.182  0.5497E+00  0.3979E+01
  -6.172  0.5491E+00  0.3984E+01
  -6.162  0.5485E+00  0.3989E+01
  -6.152  0.5479E+00  0.3995E+01
  -6.142  0.5472E+00  0.4000E+01
  -6.132  0.5464E+00  0.4006E+01
  -6.122  0.5457E+00  0.4011E+01
  -6.112  0.5448E+00  0.4017E+01
  -6.102  0.5439E+00  0.4022E+01
  -6.092  0.5429E+00  0.4028E+01
  -6.082  0.5419E+00  0.4033E+01
  -6.072  0.5408E+00  0.4039E+01
  -6.062  0.5396E+00  0.4044E+01
  -6.052  0.5383E+00  0.4049E+01
  -6.042  0.5370E+00  0.4055E+01
  -6.032  0.5355E+00  0.4060E+01
  -6.022  0.5340E+00  0.4065E+01
  -6.012  0.5324E+00  0.4071E+01
  -6.002  0.5307E+00  0.4076E+01
  -5.992  0.5289E+00  0.4081E+01
  -5.982  0.5271E+00  0.4087E+01
  -5.972  0.5251E+00  0.4092E+01
  -5.962  0.5231E+00  0.4097E+01
  -5.952  0.5209E+00  0.4102E+01
  -5.942  0.5187E+00  0.4107E+01
  -5.932  0.5163E+00  0.4113E+01
  -5.922  0.5139E+00  0.4118E+01
  -5.912  0.5114E+00  0.4123E+01
  -5.902  0.5088E+00  0.4128E+01
  -5.892  0.5062E+00  0.4133E+01
  -5.882  0.5034E+00  0.4138E+01
  -5.872  0.5006E+00  0.4143E+01
  -5.862  0.4977E+00  0.4148E+01
  -5.852  0.4948E+00  0.4153E+01
  -5.842  0.4918E+00  0.4158E+01
  -5.832  0.4888E+00  0.4163E+01
  -5.822  0.4857E+00  0.4168E+01
  -5.812  0.4827E+00  0.4172E+01
  -5.802  0.4795E+00  0.4177E+01
  -5.792  0.4764E+00  0.4182E+01
  -5.782  0.4733E+00  0.4187E+01
  -5.772  0.4702E+00  0.4191E+01
  -5.762  0.4671E+00  0.4196E+01
  -5.752  0.4640E+00  0.4201E+01
  -5.742  0.4610E+00  0.4205E+01
  -5.732  0.4580E+00  0.4210E+01
  -5.722  0.4551E+00  0.4214E+01
  -5.712  0.4523E+00  0.4219E+01
  -5.702  0.4495E+00  0.4224E+01
  -5.692  0.4468E+00  0.4228E+01
  -5.682  0.4442E+00  0.4232E+01
  -5.672  0.4418E+00  0.4237E+01
  -5.662  0.4394E+00  0.4241E+01
  -5.652  0.4372E+00  0.4246E+01
  -5.642  0.4350E+00  0.4250E+01
  -5.632  0.4331E+00  0.4254E+01
  -5.622  0.4313E+00  0.4259E+01
  -5.612  0.4296E+00  0.4263E+01
  -5.602  0.4281E+00  0.4267E+01
  -5.592  0.4267E+00  0.4271E+01
  -5.582  0.4255E+00  0.4276E+01
  -5.572  0.4245E+00  0.4280E+01
  -5.562  0.4236E+00  0.4284E+01
  -5.552  0.4230E+00  0.4288E+01
  -5.542  0.4225E+00  0.4293E+01
  -5.532  0.4222E+00  0.4297E+01
  -5.522  0.4220E+00  0.4301E+01
  -5.512  0.4220E+00  0.4305E+01
  -5.502  0.4222E+00  0.4310E+01
  -5.492  0.4226E+00  0.4314E+01
  -5.482  0.4231E+00  0.4318E+01
  -5.472  0.4238E+00  0.4322E+01
  -5.462  0.4247E+00  0.4326E+01
  -5.452  0.4257E+00  0.4331E+01
  -5.442  0.4269E+00  0.4335E+01
  -5.432  0.4281E+00  0.4339E+01
  -5.422  0.4296E+00  0.4344E+01
  -5.412  0.4311E+00  0.4348E+01
  -5.402  0.4328E+00  0.4352E+01
  -5.392  0.4345E+00  0.4357E+01
  -5.382  0.4363E+00  0.4361E+01
  -5.372  0.4383E+00  0.4365E+01
  -5.362  0.4403E+00  0.4370E+01
  -5.352  0.4423E+00  0.4374E+01
  -5.342  0.4444E+00  0.4379E+01
  -5.332  0.4465E+00  0.4383E+01
  -5.322  0.4487E+00  0.4388E+01
  -5.312  0.4508E+00  0.4392E+01
  -5.302  0.4530E+00  0.4397E+01
  -5.292  0.4551E+00  0.4401E+01
  -5.282  0.4572E+00  0.4406E+01
  -5.272  0.4592E+00  0.4410E+01
  -5.262  0.4612E+00  0.4415E+01
  -5.252  0.4631E+00  0.4420E+01
  -5.242  0.4649E+00  0.4424E+01
  -5.232  0.4666E+00  0.4429E+01
  -5.222  0.4681E+00  0.4434E+01
  -5.212  0.4696E+00  0.4438E+01
  -5.202  0.4709E+00  0.4443E+01
  -5.192  0.4721E+00  0.4448E+01
  -5.182  0.4730E+00  0.4452E+01
  -5.172  0.4739E+00  0.4457E+01
  -5.162  0.4745E+00  0.4462E+01
  -5.152  0.4750E+00  0.4467E+01
  -5.142  0.4752E+00  0.4471E+01
  -5.132  0.4752E+00  0.4476E+01
  -5.122  0.4751E+00  0.4481E+01
  -5.112  0.4747E+00  0.4486E+01
  -5.102  0.4741E+00  0.4490E+01
  -5.092  0.4733E+00  0.4495E+01
  -5.082  0.4722E+00  0.4500E+01
  -5.072  0.4710E+00  0.4505E+01
  -5.062  0.4695E+00  0.4509E+01
  -5.052  0.4678E+00  0.4514E+01
  -5.042  0.4658E+00  0.4519E+01
  -5.032  0.4637E+00  0.4523E+01
  -5.022  0.4614E+00  0.4528E+01
  -5.012  0.4588E+00  0.4532E+01
  -5.002  0.4561E+00  0.4537E+01
  -4.992  0.4531E+00  0.4541E+01
  -4.982  0.4500E+00  0.4546E+01
  -4.972  0.4467E+00  0.4550E+01
  -4.962  0.4433E+00  0.4555E+01
  -4.952  0.4397E+00  0.4559E+01
  -4.942  0.4359E+00  0.4564E+01
  -4.932  0.4321E+00  0.4568E+01
  -4.922  0.4281E+00  0.4572E+01
  -4.912  0.4240E+00  0.4576E+01
  -4.902  0.4198E+00  0.4581E+01
  -4.892  0.4155E+00  0.4585E+01
  -4.882  0.4111E+00  0.4589E+01
  -4.872  0.4067E+00  0.4593E+01
  -4.862  0.4022E+00  0.4597E+01
  -4.852  0.3977E+00  0.4601E+01
  -4.842  0.3931E+00  0.4605E+01
  -4.832  0.3885E+00  0.4609E+01
  -4.822  0.3839E+00  0.4613E+01
  -4.812  0.3793E+00  0.4616E+01
  -4.802  0.3747E+00  0.4620E+01
  -4.792  0.3701E+00  0.4624E+01
  -4.782  0.3656E+00  0.4628E+01
  -4.772  0.3610E+00  0.4631E+01
  -4.762  0.3565E+00  0.4635E+01
  -4.752  0.3521E+00  0.4638E+01
  -4.742  0.3477E+00  0.4642E+01
  -4.732  0.3433E+00  0.4645E+01
  -4.722  0.3390E+00  0.4649E+01
  -4.712  0.3347E+00  0.4652E+01
  -4.702  0.3305E+00  0.4655E+01
  -4.692  0.3264E+00  0.4658E+01
  -4.682  0.3224E+00  0.4662E+01
  -4.672  0.3184E+00  0.4665E+01
  -4.662  0.3144E+00  0.4668E+01
  -4.652  0.3106E+00  0.4671E+01
  -4.642  0.3068E+00  0.4674E+01
  -4.632  0.3031E+00  0.4677E+01
  -4.622  0.2994E+00  0.4680E+01
  -4.612  0.2959E+00  0.4683E+01
  -4.602  0.2924E+00  0.4686E+01
  -4.592  0.2889E+00  0.4689E+01
  -4.582  0.2856E+00  0.4692E+01
  -4.572  0.2823E+00  0.4695E+01
  -4.562  0.2791E+00  0.4697E+01
  -4.552  0.2759E+00  0.4700E+01
  -4.542  0.2728E+00  0.4703E+01
  -4.532  0.2697E+00  0.4706E+01
  -4.522  0.2668E+00  0.4708E+01
  -4.512  0.2638E+00  0.4711E+01
  -4.502  0.2610E+00  0.4714E+01
  -4.492  0.2582E+00  0.4716E+01
  -4.482  0.2554E+00  0.4719E+01
  -4.472  0.2527E+00  0.4721E+01
  -4.462  0.2500E+00  0.4724E+01
  -4.452  0.2474E+00  0.4726E+01
  -4.442  0.2448E+00  0.4729E+01
  -4.432  0.2423E+00  0.4731E+01
  -4.422  0.2398E+00  0.4733E+01
  -4.412  0.2374E+00  0.4736E+01
  -4.402  0.2349E+00  0.4738E+01
  -4.392  0.2326E+00  0.4741E+01
  -4.382  0.2302E+00  0.4743E+01
  -4.372  0.2279E+00  0.4745E+01
  -4.362  0.2257E+00  0.4747E+01
  -4.352  0.2234E+00  0.4750E+01
  -4.342  0.2212E+00  0.4752E+01
  -4.332  0.2191E+00  0.4754E+01
  -4.322  0.2169E+00  0.4756E+01
  -4.312  0.2148E+00  0.4758E+01
  -4.302  0.2127E+00  0.4760E+01
  -4.292  0.2106E+00  0.4763E+01
  -4.282  0.2086E+00  0.4765E+01
  -4.272  0.2066E+00  0.4767E+01
  -4.262  0.2046E+00  0.4769E+01
  -4.252  0.2026E+00  0.4771E+01
  -4.242  0.2007E+00  0.4773E+01
  -4.232  0.1987E+00  0.4775E+01
  -4.222  0.1968E+00  0.4777E+01
  -4.212  0.1950E+00  0.4779E+01
  -4.202  0.1931E+00  0.4781E+01
  -4.192  0.1912E+00  0.4783E+01
  -4.182  0.1894E+00  0.4784E+01
  -4.172  0.1876E+00  0.4786E+01
  -4.162  0.1858E+00  0.4788E+01
  -4.152  0.1840E+00  0.4790E+01
  -4.142  0.1822E+00  0.4792E+01
  -4.132  0.1805E+00  0.4794E+01
  -4.122  0.1788E+00  0.4795E+01
  -4.112  0.1770E+00  0.4797E+01
  -4.102  0.1753E+00  0.4799E+01
  -4.092  0.1737E+00  0.4801E+01
  -4.082  0.1720E+00  0.4802E+01
  -4.072  0.1703E+00  0.4804E+01
  -4.062  0.1687E+00  0.4806E+01
  -4.052  0.1670E+00  0.4807E+01
  -4.042  0.1654E+00  0.4809E+01
  -4.032  0.1638E+00  0.4811E+01
  -4.022  0.1622E+00  0.4812E+01
  -4.012  0.1606E+00  0.4814E+01
  -4.002  0.1590E+00  0.4816E+01
  -3.992  0.1575E+00  0.4817E+01
  -3.982  0.1559E+00  0.4819E+01
  -3.972  0.1544E+00  0.4820E+01
  -3.962  0.1528E+00  0.4822E+01
  -3.952  0.1513E+00  0.4823E+01
  -3.942  0.1498E+00  0.4825E+01
  -3.932  0.1483E+00  0.4826E+01
  -3.922  0.1468E+00  0.4828E+01
  -3.912  0.1453E+00  0.4829E+01
  -3.902  0.1438E+00  0.4831E+01
  -3.892  0.1424E+00  0.4832E+01
  -3.882  0.1409E+00  0.4833E+01
  -3.872  0.1395E+00  0.4835E+01
  -3.862  0.1380E+00  0.4836E+01
  -3.852  0.1366E+00  0.4838E+01
  -3.842  0.1352E+00  0.4839E+01
  -3.832  0.1338E+00  0.4840E+01
  -3.822  0.1323E+00  0.4842E+01
  -3.812  0.1309E+00  0.4843E+01
  -3.802  0.1296E+00  0.4844E+01
  -3.792  0.1282E+00  0.4845E+01
  -3.782  0.1268E+00  0.4847E+01
  -3.772  0.1254E+00  0.4848E+01
  -3.762  0.1241E+00  0.4849E+01
  -3.752  0.1227E+00  0.4850E+01
  -3.742  0.1213E+00  0.4852E+01
  -3.732  0.1200E+00  0.4853E+01
  -3.722  0.1187E+00  0.4854E+01
  -3.712  0.1173E+00  0.4855E+01
  -3.702  0.1160E+00  0.4856E+01
  -3.692  0.1147E+00  0.4858E+01
  -3.682  0.1134E+00  0.4859E+01
  -3.672  0.1121E+00  0.4860E+01
  -3.662  0.1108E+00  0.4861E+01
  -3.652  0.1095E+00  0.4862E+01
  -3.642  0.1082E+00  0.4863E+01
  -3.632  0.1069E+00  0.4864E+01
  -3.622  0.1056E+00  0.4865E+01
  -3.612  0.1043E+00  0.4866E+01
  -3.602  0.1031E+00  0.4867E+01
  -3.592  0.1018E+00  0.4868E+01
  -3.582  0.1005E+00  0.4869E+01
  -3.572  0.9929E-01  0.4870E+01
  -3.562  0.9803E-01  0.4871E+01
  -3.552  0.9679E-01  0.4872E+01
  -3.542  0.9555E-01  0.4873E+01
  -3.532  0.9431E-01  0.4874E+01
  -3.522  0.9308E-01  0.4875E+01
  -3.512  0.9185E-01  0.4876E+01
  -3.502  0.9063E-01  0.4877E+01
  -3.492  0.8941E-01  0.4878E+01
  -3.482  0.8819E-01  0.4879E+01
  -3.472  0.8698E-01  0.4880E+01
  -3.462  0.8577E-01  0.4880E+01
  -3.452  0.8456E-01  0.4881E+01
  -3.442  0.8336E-01  0.4882E+01
  -3.432  0.8217E-01  0.4883E+01
  -3.422  0.8097E-01  0.4884E+01
  -3.412  0.7978E-01  0.4885E+01
  -3.402  0.7860E-01  0.4885E+01
  -3.392  0.7741E-01  0.4886E+01
  -3.382  0.7623E-01  0.4887E+01
  -3.372  0.7506E-01  0.4888E+01
  -3.362  0.7388E-01  0.4888E+01
  -3.352  0.7272E-01  0.4889E+01
  -3.342  0.7155E-01  0.4890E+01
  -3.332  0.7039E-01  0.4890E+01
  -3.322  0.6923E-01  0.4891E+01
  -3.312  0.6807E-01  0.4892E+01
  -3.302  0.6692E-01  0.4893E+01
  -3.292  0.6577E-01  0.4893E+01
  -3.282  0.6462E-01  0.4894E+01
  -3.272  0.6348E-01  0.4894E+01
  -3.262  0.6234E-01  0.4895E+01
  -3.252  0.6120E-01  0.4896E+01
  -3.242  0.6007E-01  0.4896E+01
  -3.232  0.5894E-01  0.4897E+01
  -3.222  0.5782E-01  0.4897E+01
  -3.212  0.5670E-01  0.4898E+01
  -3.202  0.5558E-01  0.4899E+01
  -3.192  0.5447E-01  0.4899E+01
  -3.182  0.5336E-01  0.4900E+01
  -3.172  0.5226E-01  0.4900E+01
  -3.162  0.5116E-01  0.4901E+01
  -3.152  0.5007E-01  0.4901E+01
  -3.142  0.4899E-01  0.4902E+01
  -3.132  0.4791E-01  0.4902E+01
  -3.122  0.4684E-01  0.4903E+01
  -3.112  0.4577E-01  0.4903E+01
  -3.102  0.4471E-01  0.4904E+01
  -3.092  0.4367E-01  0.4904E+01
  -3.082  0.4263E-01  0.4904E+01
  -3.072  0.4160E-01  0.4905E+01
  -3.062  0.4058E-01  0.4905E+01
  -3.052  0.3957E-01  0.4906E+01
  -3.042  0.3857E-01  0.4906E+01
  -3.032  0.3759E-01  0.4906E+01
  -3.022  0.3662E-01  0.4907E+01
  -3.012  0.3566E-01  0.4907E+01
  -3.002  0.3472E-01  0.4907E+01
  -2.992  0.3379E-01  0.4908E+01
  -2.982  0.3289E-01  0.4908E+01
  -2.972  0.3200E-01  0.4908E+01
  -2.962  0.3113E-01  0.4909E+01
  -2.952  0.3028E-01  0.4909E+01
  -2.942  0.2945E-01  0.4909E+01
  -2.932  0.2864E-01  0.4910E+01
  -2.922  0.2786E-01  0.4910E+01
  -2.912  0.2710E-01  0.4910E+01
  -2.902  0.2637E-01  0.4910E+01
  -2.892  0.2567E-01  0.4911E+01
  -2.882  0.2499E-01  0.4911E+01
  -2.872  0.2435E-01  0.4911E+01
  -2.862  0.2373E-01  0.4911E+01
  -2.852  0.2315E-01  0.4912E+01
  -2.842  0.2260E-01  0.4912E+01
  -2.832  0.2208E-01  0.4912E+01
  -2.822  0.2160E-01  0.4912E+01
  -2.812  0.2116E-01  0.4913E+01
  -2.802  0.2075E-01  0.4913E+01
  -2.792  0.2038E-01  0.4913E+01
  -2.782  0.2005E-01  0.4913E+01
  -2.772  0.1976E-01  0.4913E+01
  -2.762  0.1951E-01  0.4914E+01
  -2.752  0.1930E-01  0.4914E+01
  -2.742  0.1913E-01  0.4914E+01
  -2.732  0.1901E-01  0.4914E+01
  -2.722  0.1892E-01  0.4914E+01
  -2.712  0.1888E-01  0.4914E+01
  -2.702  0.1888E-01  0.4915E+01
  -2.692  0.1893E-01  0.4915E+01
  -2.682  0.1901E-01  0.4915E+01
  -2.672  0.1914E-01  0.4915E+01
  -2.662  0.1932E-01  0.4915E+01
  -2.652  0.1953E-01  0.4916E+01
  -2.642  0.1979E-01  0.4916E+01
  -2.632  0.2009E-01  0.4916E+01
  -2.622  0.2042E-01  0.4916E+01
  -2.612  0.2080E-01  0.4916E+01
  -2.602  0.2123E-01  0.4917E+01
  -2.592  0.2168E-01  0.4917E+01
  -2.582  0.2218E-01  0.4917E+01
  -2.572  0.2272E-01  0.4917E+01
  -2.562  0.2329E-01  0.4918E+01
  -2.552  0.2390E-01  0.4918E+01
  -2.542  0.2454E-01  0.4918E+01
  -2.532  0.2522E-01  0.4918E+01
  -2.522  0.2593E-01  0.4919E+01
  -2.512  0.2667E-01  0.4919E+01
  -2.502  0.2745E-01  0.4919E+01
  -2.492  0.2825E-01  0.4919E+01
  -2.482  0.2908E-01  0.4920E+01
  -2.472  0.2994E-01  0.4920E+01
  -2.462  0.3083E-01  0.4920E+01
  -2.452  0.3174E-01  0.4921E+01
  -2.442  0.3268E-01  0.4921E+01
  -2.432  0.3364E-01  0.4921E+01
  -2.422  0.3462E-01  0.4922E+01
  -2.412  0.3562E-01  0.4922E+01
  -2.402  0.3665E-01  0.4922E+01
  -2.392  0.3769E-01  0.4923E+01
  -2.382  0.3876E-01  0.4923E+01
  -2.372  0.3984E-01  0.4923E+01
  -2.362  0.4094E-01  0.4924E+01
  -2.352  0.4206E-01  0.4924E+01
  -2.342  0.4319E-01  0.4925E+01
  -2.332  0.4433E-01  0.4925E+01
  -2.322  0.4550E-01  0.4926E+01
  -2.312  0.4667E-01  0.4926E+01
  -2.302  0.4786E-01  0.4927E+01
  -2.292  0.4906E-01  0.4927E+01
  -2.282  0.5028E-01  0.4928E+01
  -2.272  0.5151E-01  0.4928E+01
  -2.262  0.5275E-01  0.4929E+01
  -2.252  0.5400E-01  0.4929E+01
  -2.242  0.5526E-01  0.4930E+01
  -2.232  0.5653E-01  0.4930E+01
  -2.222  0.5782E-01  0.4931E+01
  -2.212  0.5912E-01  0.4931E+01
  -2.202  0.6042E-01  0.4932E+01
  -2.192  0.6174E-01  0.4933E+01
  -2.182  0.6307E-01  0.4933E+01
  -2.172  0.6441E-01  0.4934E+01
  -2.162  0.6576E-01  0.4935E+01
  -2.152  0.6712E-01  0.4935E+01
  -2.142  0.6849E-01  0.4936E+01
  -2.132  0.6987E-01  0.4937E+01
  -2.122  0.7126E-01  0.4937E+01
  -2.112  0.7267E-01  0.4938E+01
  -2.102  0.7408E-01  0.4939E+01
  -2.092  0.7551E-01  0.4940E+01
  -2.082  0.7695E-01  0.4940E+01
  -2.072  0.7840E-01  0.4941E+01
  -2.062  0.7987E-01  0.4942E+01
  -2.052  0.8134E-01  0.4943E+01
  -2.042  0.8283E-01  0.4944E+01
  -2.032  0.8434E-01  0.4944E+01
  -2.022  0.8586E-01  0.4945E+01
  -2.012  0.8739E-01  0.4946E+01
  -2.002  0.8894E-01  0.4947E+01
  -1.992  0.9050E-01  0.4948E+01
  -1.982  0.9208E-01  0.4949E+01
  -1.972  0.9367E-01  0.4950E+01
  -1.962  0.9528E-01  0.4951E+01
  -1.952  0.9691E-01  0.4952E+01
  -1.942  0.9856E-01  0.4953E+01
  -1.932  0.1002E+00  0.4954E+01
  -1.922  0.1019E+00  0.4955E+01
  -1.912  0.1036E+00  0.4956E+01
  -1.902  0.1053E+00  0.4957E+01
  -1.892  0.1071E+00  0.4958E+01
  -1.882  0.1089E+00  0.4959E+01
  -1.872  0.1106E+00  0.4960E+01
  -1.862  0.1125E+00  0.4961E+01
  -1.852  0.1143E+00  0.4962E+01
  -1.842  0.1162E+00  0.4964E+01
  -1.832  0.1181E+00  0.4965E+01
  -1.822  0.1200E+00  0.4966E+01
  -1.812  0.1220E+00  0.4967E+01
  -1.802  0.1240E+00  0.4968E+01
  -1.792  0.1260E+00  0.4970E+01
  -1.782  0.1280E+00  0.4971E+01
  -1.772  0.1301E+00  0.4972E+01
  -1.762  0.1323E+00  0.4974E+01
  -1.752  0.1344E+00  0.4975E+01
  -1.742  0.1367E+00  0.4976E+01
  -1.732  0.1389E+00  0.4978E+01
  -1.722  0.1412E+00  0.4979E+01
  -1.712  0.1436E+00  0.4980E+01
  -1.702  0.1460E+00  0.4982E+01
  -1.692  0.1485E+00  0.4983E+01
  -1.682  0.1510E+00  0.4985E+01
  -1.672  0.1536E+00  0.4986E+01
  -1.662  0.1562E+00  0.4988E+01
  -1.652  0.1589E+00  0.4990E+01
  -1.642  0.1617E+00  0.4991E+01
  -1.632  0.1646E+00  0.4993E+01
  -1.622  0.1675E+00  0.4995E+01
  -1.612  0.1705E+00  0.4996E+01
  -1.602  0.1736E+00  0.4998E+01
  -1.592  0.1768E+00  0.5000E+01
  -1.582  0.1801E+00  0.5002E+01
  -1.572  0.1835E+00  0.5003E+01
  -1.562  0.1869E+00  0.5005E+01
  -1.552  0.1905E+00  0.5007E+01
  -1.542  0.1942E+00  0.5009E+01
  -1.532  0.1980E+00  0.5011E+01
  -1.522  0.2020E+00  0.5013E+01
  -1.512  0.2060E+00  0.5015E+01
  -1.502  0.2102E+00  0.5017E+01
  -1.492  0.2145E+00  0.5019E+01
  -1.482  0.2189E+00  0.5022E+01
  -1.472  0.2235E+00  0.5024E+01
  -1.462  0.2282E+00  0.5026E+01
  -1.452  0.2330E+00  0.5028E+01
  -1.442  0.2380E+00  0.5031E+01
  -1.432  0.2432E+00  0.5033E+01
  -1.422  0.2484E+00  0.5036E+01
  -1.412  0.2539E+00  0.5038E+01
  -1.402  0.2594E+00  0.5041E+01
  -1.392  0.2651E+00  0.5044E+01
  -1.382  0.2710E+00  0.5046E+01
  -1.372  0.2769E+00  0.5049E+01
  -1.362  0.2831E+00  0.5052E+01
  -1.352  0.2893E+00  0.5055E+01
  -1.342  0.2957E+00  0.5058E+01
  -1.332  0.3021E+00  0.5061E+01
  -1.322  0.3087E+00  0.5064E+01
  -1.312  0.3154E+00  0.5067E+01
  -1.302  0.3222E+00  0.5070E+01
  -1.292  0.3290E+00  0.5073E+01
  -1.282  0.3359E+00  0.5077E+01
  -1.272  0.3429E+00  0.5080E+01
  -1.262  0.3499E+00  0.5084E+01
  -1.252  0.3569E+00  0.5087E+01
  -1.242  0.3640E+00  0.5091E+01
  -1.232  0.3710E+00  0.5095E+01
  -1.222  0.3780E+00  0.5098E+01
  -1.212  0.3849E+00  0.5102E+01
  -1.202  0.3918E+00  0.5106E+01
  -1.192  0.3986E+00  0.5110E+01
  -1.182  0.4054E+00  0.5114E+01
  -1.172  0.4120E+00  0.5118E+01
  -1.162  0.4184E+00  0.5123E+01
  -1.152  0.4247E+00  0.5127E+01
  -1.142  0.4308E+00  0.5131E+01
  -1.132  0.4368E+00  0.5136E+01
  -1.122  0.4425E+00  0.5140E+01
  -1.112  0.4480E+00  0.5144E+01
  -1.102  0.4532E+00  0.5149E+01
  -1.092  0.4582E+00  0.5154E+01
  -1.082  0.4629E+00  0.5158E+01
  -1.072  0.4673E+00  0.5163E+01
  -1.062  0.4714E+00  0.5168E+01
  -1.052  0.4752E+00  0.5172E+01
  -1.042  0.4786E+00  0.5177E+01
  -1.032  0.4818E+00  0.5182E+01
  -1.022  0.4846E+00  0.5187E+01
  -1.012  0.4870E+00  0.5192E+01
  -1.002  0.4891E+00  0.5197E+01
  -0.992  0.4908E+00  0.5201E+01
  -0.982  0.4922E+00  0.5206E+01
  -0.972  0.4933E+00  0.5211E+01
  -0.962  0.4940E+00  0.5216E+01
  -0.952  0.4944E+00  0.5221E+01
  -0.942  0.4944E+00  0.5226E+01
  -0.932  0.4941E+00  0.5231E+01
  -0.922  0.4935E+00  0.5236E+01
  -0.912  0.4926E+00  0.5241E+01
  -0.902  0.4914E+00  0.5246E+01
  -0.892  0.4899E+00  0.5251E+01
  -0.882  0.4881E+00  0.5256E+01
  -0.872  0.4861E+00  0.5260E+01
  -0.862  0.4839E+00  0.5265E+01
  -0.852  0.4814E+00  0.5270E+01
  -0.842  0.4787E+00  0.5275E+01
  -0.832  0.4759E+00  0.5280E+01
  -0.822  0.4728E+00  0.5284E+01
  -0.812  0.4696E+00  0.5289E+01
  -0.802  0.4663E+00  0.5294E+01
  -0.792  0.4628E+00  0.5298E+01
  -0.782  0.4593E+00  0.5303E+01
  -0.772  0.4556E+00  0.5308E+01
  -0.762  0.4518E+00  0.5312E+01
  -0.752  0.4480E+00  0.5317E+01
  -0.742  0.4442E+00  0.5321E+01
  -0.732  0.4403E+00  0.5325E+01
  -0.722  0.4364E+00  0.5330E+01
  -0.712  0.4325E+00  0.5334E+01
  -0.702  0.4286E+00  0.5338E+01
  -0.692  0.4247E+00  0.5343E+01
  -0.682  0.4208E+00  0.5347E+01
  -0.672  0.4169E+00  0.5351E+01
  -0.662  0.4131E+00  0.5355E+01
  -0.652  0.4093E+00  0.5359E+01
  -0.642  0.4056E+00  0.5363E+01
  -0.632  0.4020E+00  0.5367E+01
  -0.622  0.3984E+00  0.5371E+01
  -0.612  0.3949E+00  0.5375E+01
  -0.602  0.3914E+00  0.5379E+01
  -0.592  0.3880E+00  0.5383E+01
  -0.582  0.3847E+00  0.5387E+01
  -0.572  0.3815E+00  0.5391E+01
  -0.562  0.3783E+00  0.5394E+01
  -0.552  0.3753E+00  0.5398E+01
  -0.542  0.3723E+00  0.5402E+01
  -0.532  0.3694E+00  0.5406E+01
  -0.522  0.3665E+00  0.5409E+01
  -0.512  0.3638E+00  0.5413E+01
  -0.502  0.3611E+00  0.5417E+01
  -0.492  0.3585E+00  0.5420E+01
  -0.482  0.3559E+00  0.5424E+01
  -0.472  0.3535E+00  0.5427E+01
  -0.462  0.3511E+00  0.5431E+01
  -0.452  0.3488E+00  0.5434E+01
  -0.442  0.3465E+00  0.5438E+01
  -0.432  0.3443E+00  0.5441E+01
  -0.422  0.3422E+00  0.5445E+01
  -0.412  0.3402E+00  0.5448E+01
  -0.402  0.3382E+00  0.5451E+01
  -0.392  0.3362E+00  0.5455E+01
  -0.382  0.3344E+00  0.5458E+01
  -0.372  0.3325E+00  0.5461E+01
  -0.362  0.3308E+00  0.5465E+01
  -0.352  0.3291E+00  0.5468E+01
  -0.342  0.3274E+00  0.5471E+01
  -0.332  0.3258E+00  0.5474E+01
  -0.322  0.3242E+00  0.5478E+01
  -0.312  0.3227E+00  0.5481E+01
  -0.302  0.3213E+00  0.5484E+01
  -0.292  0.3199E+00  0.5487E+01
  -0.282  0.3185E+00  0.5491E+01
  -0.272  0.3172E+00  0.5494E+01
  -0.262  0.3160E+00  0.5497E+01
  -0.252  0.3148E+00  0.5500E+01
  -0.242  0.3137E+00  0.5503E+01
  -0.232  0.3126E+00  0.5506E+01
  -0.222  0.3116E+00  0.5509E+01
  -0.212  0.3106E+00  0.5513E+01
  -0.202  0.3097E+00  0.5516E+01
  -0.192  0.3089E+00  0.5519E+01
  -0.182  0.3081E+00  0.5522E+01
  -0.172  0.3074E+00  0.5525E+01
  -0.162  0.3068E+00  0.5528E+01
  -0.152  0.3062E+00  0.5531E+01
  -0.142  0.3057E+00  0.5534E+01
  -0.132  0.3053E+00  0.5537E+01
  -0.122  0.3050E+00  0.5540E+01
  -0.112  0.3048E+00  0.5543E+01
  -0.102  0.3047E+00  0.5546E+01
  -0.092  0.3046E+00  0.5549E+01
  -0.082  0.3047E+00  0.5552E+01
  -0.072  0.3049E+00  0.5555E+01
  -0.062  0.3051E+00  0.5558E+01
  -0.052  0.3055E+00  0.5561E+01
  -0.042  0.3060E+00  0.5565E+01
  -0.032  0.3066E+00  0.5568E+01
  -0.022  0.3074E+00  0.5571E+01
  -0.012  0.3082E+00  0.5574E+01
  -0.002  0.3092E+00  0.5577E+01
   0.008  0.3103E+00  0.5580E+01
   0.018  0.3115E+00  0.5583E+01
   0.028  0.3129E+00  0.5586E+01
   0.038  0.3144E+00  0.5589E+01
   0.048  0.3160E+00  0.5593E+01
   0.058  0.3177E+00  0.5596E+01
   0.068  0.3196E+00  0.5599E+01
   0.078  0.3217E+00  0.5602E+01
   0.088  0.3238E+00  0.5605E+01
   0.098  0.3261E+00  0.5609E+01
   0.108  0.3285E+00  0.5612E+01
   0.118  0.3310E+00  0.5615E+01
   0.128  0.3336E+00  0.5619E+01
   0.138  0.3364E+00  0.5622E+01
   0.148  0.3392E+00  0.5625E+01
   0.158  0.3421E+00  0.5629E+01
   0.168  0.3452E+00  0.5632E+01
   0.178  0.3483E+00  0.5636E+01
   0.188  0.3515E+00  0.5639E+01
   0.198  0.3548E+00  0.5643E+01
   0.208  0.3582E+00  0.5646E+01
   0.218  0.3616E+00  0.5650E+01
   0.228  0.3650E+00  0.5654E+01
   0.238  0.3685E+00  0.5657E+01
   0.248  0.3720E+00  0.5661E+01
   0.258  0.3756E+00  0.5665E+01
   0.268  0.3791E+00  0.5668E+01
   0.278  0.3827E+00  0.5672E+01
   0.288  0.3862E+00  0.5676E+01
   0.298  0.3897E+00  0.5680E+01
   0.308  0.3932E+00  0.5684E+01
   0.318  0.3967E+00  0.5688E+01
   0.328  0.4001E+00  0.5692E+01
   0.338  0.4034E+00  0.5696E+01
   0.348  0.4067E+00  0.5700E+01
   0.358  0.4099E+00  0.5704E+01
   0.368  0.4131E+00  0.5708E+01
   0.378  0.4161E+00  0.5712E+01
   0.388  0.4191E+00  0.5717E+01
   0.398  0.4220E+00  0.5721E+01
   0.408  0.4248E+00  0.5725E+01
   0.418  0.4275E+00  0.5729E+01
   0.428  0.4301E+00  0.5734E+01
   0.438  0.4325E+00  0.5738E+01
   0.448  0.4349E+00  0.5742E+01
   0.458  0.4372E+00  0.5747E+01
   0.468  0.4393E+00  0.5751E+01
   0.478  0.4413E+00  0.5756E+01
   0.488  0.4433E+00  0.5760E+01
   0.498  0.4451E+00  0.5764E+01
   0.508  0.4468E+00  0.5769E+01
   0.518  0.4484E+00  0.5773E+01
   0.528  0.4499E+00  0.5778E+01
   0.538  0.4513E+00  0.5782E+01
   0.548  0.4526E+00  0.5787E+01
   0.558  0.4538E+00  0.5791E+01
   0.568  0.4549E+00  0.5796E+01
   0.578  0.4559E+00  0.5801E+01
   0.588  0.4569E+00  0.5805E+01
   0.598  0.4578E+00  0.5810E+01
   0.608  0.4586E+00  0.5814E+01
   0.618  0.4594E+00  0.5819E+01
   0.628  0.4601E+00  0.5824E+01
   0.638  0.4608E+00  0.5828E+01
   0.648  0.4614E+00  0.5833E+01
   0.658  0.4620E+00  0.5837E+01
   0.668  0.4626E+00  0.5842E+01
   0.678  0.4632E+00  0.5847E+01
   0.688  0.4637E+00  0.5851E+01
   0.698  0.4643E+00  0.5856E+01
   0.708  0.4648E+00  0.5861E+01
   0.718  0.4654E+00  0.5865E+01
   0.728  0.4660E+00  0.5870E+01
   0.738  0.4666E+00  0.5875E+01
   0.748  0.4673E+00  0.5879E+01
   0.758  0.4680E+00  0.5884E+01
   0.768  0.4687E+00  0.5889E+01
   0.778  0.4695E+00  0.5893E+01
   0.788  0.4704E+00  0.5898E+01
   0.798  0.4713E+00  0.5903E+01
   0.808  0.4723E+00  0.5907E+01
   0.818  0.4734E+00  0.5912E+01
   0.828  0.4746E+00  0.5917E+01
   0.838  0.4758E+00  0.5922E+01
   0.848  0.4772E+00  0.5926E+01
   0.858  0.4786E+00  0.5931E+01
   0.868  0.4802E+00  0.5936E+01
   0.878  0.4819E+00  0.5941E+01
   0.888  0.4836E+00  0.5946E+01
   0.898  0.4855E+00  0.5950E+01
   0.908  0.4875E+00  0.5955E+01
   0.918  0.4897E+00  0.5960E+01
   0.928  0.4919E+00  0.5965E+01
   0.938  0.4943E+00  0.5970E+01
   0.948  0.4967E+00  0.5975E+01
   0.958  0.4993E+00  0.5980E+01
   0.968  0.5020E+00  0.5985E+01
   0.978  0.5049E+00  0.5990E+01
   0.988  0.5078E+00  0.5995E+01
   0.998  0.5108E+00  0.6000E+01
   1.008  0.5140E+00  0.6005E+01
   1.018  0.5172E+00  0.6011E+01
   1.028  0.5205E+00  0.6016E+01
   1.038  0.5239E+00  0.6021E+01
   1.048  0.5274E+00  0.6026E+01
   1.058  0.5310E+00  0.6032E+01
   1.068  0.5346E+00  0.6037E+01
   1.078  0.5383E+00  0.6042E+01
   1.088  0.5420E+00  0.6048E+01
   1.098  0.5458E+00  0.6053E+01
   1.108  0.5496E+00  0.6059E+01
   1.118  0.5535E+00  0.6064E+01
   1.128  0.5573E+00  0.6070E+01
   1.138  0.5612E+00  0.6076E+01
   1.148  0.5650E+00  0.6081E+01
   1.158  0.5689E+00  0.6087E+01
   1.168  0.5727E+00  0.6093E+01
   1.178  0.5765E+00  0.6098E+01
   1.188  0.5803E+00  0.6104E+01
   1.198  0.5840E+00  0.6110E+01
   1.208  0.5877E+00  0.6116E+01
   1.218  0.5914E+00  0.6122E+01
   1.228  0.5949E+00  0.6128E+01
   1.238  0.5985E+00  0.6134E+01
   1.248  0.6019E+00  0.6140E+01
   1.258  0.6053E+00  0.6146E+01
   1.268  0.6086E+00  0.6152E+01
   1.278  0.6119E+00  0.6158E+01
   1.288  0.6150E+00  0.6164E+01
   1.298  0.6181E+00  0.6170E+01
   1.308  0.6211E+00  0.6177E+01
   1.318  0.6240E+00  0.6183E+01
   1.328  0.6269E+00  0.6189E+01
   1.338  0.6297E+00  0.6195E+01
   1.348  0.6324E+00  0.6202E+01
   1.358  0.6351E+00  0.6208E+01
   1.368  0.6377E+00  0.6214E+01
   1.378  0.6402E+00  0.6221E+01
   1.388  0.6427E+00  0.6227E+01
   1.398  0.6452E+00  0.6234E+01
   1.408  0.6476E+00  0.6240E+01
   1.418  0.6500E+00  0.6247E+01
   1.428  0.6524E+00  0.6253E+01
   1.438  0.6547E+00  0.6260E+01
   1.448  0.6571E+00  0.6266E+01
   1.458  0.6594E+00  0.6273E+01
   1.468  0.6618E+00  0.6279E+01
   1.478  0.6641E+00  0.6286E+01
   1.488  0.6665E+00  0.6293E+01
   1.498  0.6690E+00  0.6299E+01
   1.508  0.6714E+00  0.6306E+01
   1.518  0.6739E+00  0.6313E+01
   1.528  0.6765E+00  0.6320E+01
   1.538  0.6791E+00  0.6327E+01
   1.548  0.6818E+00  0.6333E+01
   1.558  0.6845E+00  0.6340E+01
   1.568  0.6873E+00  0.6347E+01
   1.578  0.6902E+00  0.6354E+01
   1.588  0.6931E+00  0.6361E+01
   1.598  0.6962E+00  0.6368E+01
   1.608  0.6993E+00  0.6375E+01
   1.618  0.7025E+00  0.6382E+01
   1.628  0.7058E+00  0.6389E+01
   1.638  0.7091E+00  0.6396E+01
   1.648  0.7125E+00  0.6403E+01
   1.658  0.7160E+00  0.6410E+01
   1.668  0.7196E+00  0.6417E+01
   1.678  0.7233E+00  0.6425E+01
   1.688  0.7270E+00  0.6432E+01
   1.698  0.7308E+00  0.6439E+01
   1.708  0.7346E+00  0.6447E+01
   1.718  0.7385E+00  0.6454E+01
   1.728  0.7424E+00  0.6461E+01
   1.738  0.7464E+00  0.6469E+01
   1.748  0.7504E+00  0.6476E+01
   1.758  0.7545E+00  0.6484E+01
   1.768  0.7585E+00  0.6492E+01
   1.778  0.7626E+00  0.6499E+01
   1.788  0.7667E+00  0.6507E+01
   1.798  0.7708E+00  0.6515E+01
   1.808  0.7748E+00  0.6522E+01
   1.818  0.7789E+00  0.6530E+01
   1.828  0.7830E+00  0.6538E+01
   1.838  0.7870E+00  0.6546E+01
   1.848  0.7911E+00  0.6554E+01
   1.858  0.7951E+00  0.6562E+01
   1.868  0.7990E+00  0.6570E+01
   1.878  0.8030E+00  0.6578E+01
   1.888  0.8069E+00  0.6586E+01
   1.898  0.8108E+00  0.6594E+01
   1.908  0.8146E+00  0.6602E+01
   1.918  0.8184E+00  0.6610E+01
   1.928  0.8221E+00  0.6618E+01
   1.938  0.8259E+00  0.6627E+01
   1.948  0.8296E+00  0.6635E+01
   1.958  0.8332E+00  0.6643E+01
   1.968  0.8368E+00  0.6652E+01
   1.978  0.8405E+00  0.6660E+01
   1.988  0.8440E+00  0.6668E+01
   1.998  0.8476E+00  0.6677E+01
   2.008  0.8512E+00  0.6685E+01
   2.018  0.8547E+00  0.6694E+01
   2.028  0.8583E+00  0.6703E+01
   2.038  0.8618E+00  0.6711E+01
   2.048  0.8654E+00  0.6720E+01
   2.058  0.8690E+00  0.6729E+01
   2.068  0.8726E+00  0.6737E+01
   2.078  0.8762E+00  0.6746E+01
   2.088  0.8799E+00  0.6755E+01
   2.098  0.8836E+00  0.6764E+01
   2.108  0.8873E+00  0.6773E+01
   2.118  0.8911E+00  0.6781E+01
   2.128  0.8949E+00  0.6790E+01
   2.138  0.8988E+00  0.6799E+01
   2.148  0.9027E+00  0.6808E+01
   2.158  0.9067E+00  0.6818E+01
   2.168  0.9108E+00  0.6827E+01
   2.178  0.9149E+00  0.6836E+01
   2.188  0.9191E+00  0.6845E+01
   2.198  0.9234E+00  0.6854E+01
   2.208  0.9277E+00  0.6863E+01
   2.218  0.9321E+00  0.6873E+01
   2.228  0.9365E+00  0.6882E+01
   2.238  0.9410E+00  0.6892E+01
   2.248  0.9456E+00  0.6901E+01
   2.258  0.9502E+00  0.6911E+01
   2.268  0.9549E+00  0.6920E+01
   2.278  0.9597E+00  0.6930E+01
   2.288  0.9645E+00  0.6939E+01
   2.298  0.9694E+00  0.6949E+01
   2.308  0.9743E+00  0.6959E+01
   2.318  0.9792E+00  0.6969E+01
   2.328  0.9842E+00  0.6978E+01
   2.338  0.9893E+00  0.6988E+01
   2.348  0.9943E+00  0.6998E+01
   2.358  0.9994E+00  0.7008E+01
   2.368  0.1005E+01  0.7018E+01
   2.378  0.1010E+01  0.7028E+01
   2.388  0.1015E+01  0.7039E+01
   2.398  0.1020E+01  0.7049E+01
   2.408  0.1025E+01  0.7059E+01
   2.418  0.1031E+01  0.7069E+01
   2.428  0.1036E+01  0.7080E+01
   2.438  0.1041E+01  0.7090E+01
   2.448  0.1046E+01  0.7101E+01
   2.458  0.1052E+01  0.7111E+01
   2.468  0.1057E+01  0.7122E+01
   2.478  0.1062E+01  0.7132E+01
   2.488  0.1068E+01  0.7143E+01
   2.498  0.1073E+01  0.7154E+01
   2.508  0.1078E+01  0.7164E+01
   2.518  0.1083E+01  0.7175E+01
   2.528  0.1089E+01  0.7186E+01
   2.538  0.1094E+01  0.7197E+01
   2.548  0.1099E+01  0.7208E+01
   2.558  0.1105E+01  0.7219E+01
   2.568  0.1110E+01  0.7230E+01
   2.578  0.1115E+01  0.7241E+01
   2.588  0.1120E+01  0.7253E+01
   2.598  0.1126E+01  0.7264E+01
   2.608  0.1131E+01  0.7275E+01
   2.618  0.1136E+01  0.7286E+01
   2.628  0.1141E+01  0.7298E+01
   2.638  0.1146E+01  0.7309E+01
   2.648  0.1151E+01  0.7321E+01
   2.658  0.1156E+01  0.7332E+01
   2.668  0.1161E+01  0.7344E+01
   2.678  0.1166E+01  0.7356E+01
   2.688  0.1171E+01  0.7367E+01
   2.698  0.1176E+01  0.7379E+01
   2.708  0.1180E+01  0.7391E+01
   2.718  0.1185E+01  0.7403E+01
   2.728  0.1190E+01  0.7415E+01
   2.738  0.1194E+01  0.7427E+01
   2.748  0.1198E+01  0.7439E+01
   2.758  0.1203E+01  0.7451E+01
   2.768  0.1207E+01  0.7463E+01
   2.778  0.1211E+01  0.7475E+01
   2.788  0.1215E+01  0.7487E+01
   2.798  0.1219E+01  0.7499E+01
   2.808  0.1223E+01  0.7511E+01
   2.818  0.1226E+01  0.7524E+01
   2.828  0.1230E+01  0.7536E+01
   2.838  0.1233E+01  0.7548E+01
   2.848  0.1237E+01  0.7561E+01
   2.858  0.1240E+01  0.7573E+01
   2.868  0.1243E+01  0.7586E+01
   2.878  0.1246E+01  0.7598E+01
   2.888  0.1249E+01  0.7610E+01
   2.898  0.1251E+01  0.7623E+01
   2.908  0.1254E+01  0.7636E+01
   2.918  0.1257E+01  0.7648E+01
   2.928  0.1259E+01  0.7661E+01
   2.938  0.1261E+01  0.7673E+01
   2.948  0.1263E+01  0.7686E+01
   2.958  0.1265E+01  0.7699E+01
   2.968  0.1267E+01  0.7711E+01
   2.978  0.1269E+01  0.7724E+01
   2.988  0.1271E+01  0.7737E+01
   2.998  0.1273E+01  0.7749E+01
   3.008  0.1274E+01  0.7762E+01
   3.018  0.1276E+01  0.7775E+01
   3.028  0.1277E+01  0.7788E+01
   3.038  0.1278E+01  0.7800E+01
   3.048  0.1280E+01  0.7813E+01
   3.058  0.1281E+01  0.7826E+01
   3.068  0.1282E+01  0.7839E+01
   3.078  0.1283E+01  0.7852E+01
   3.088  0.1284E+01  0.7864E+01
   3.098  0.1285E+01  0.7877E+01
   3.108  0.1286E+01  0.7890E+01
   3.118  0.1287E+01  0.7903E+01
   3.128  0.1287E+01  0.7916E+01
   3.138  0.1288E+01  0.7929E+01
   3.148  0.1289E+01  0.7942E+01
   3.158  0.1289E+01  0.7955E+01
   3.168  0.1290E+01  0.7968E+01
   3.178  0.1290E+01  0.7980E+01
   3.188  0.1291E+01  0.7993E+01
   3.198  0.1291E+01  0.8006E+01
   3.208  0.1292E+01  0.8019E+01
   3.218  0.1292E+01  0.8032E+01
   3.228  0.1292E+01  0.8045E+01
   3.238  0.1292E+01  0.8058E+01
   3.248  0.1292E+01  0.8071E+01
   3.258  0.1292E+01  0.8084E+01
   3.268  0.1292E+01  0.8097E+01
   3.278  0.1292E+01  0.8110E+01
   3.288  0.1292E+01  0.8123E+01
   3.298  0.1291E+01  0.8135E+01
   3.308  0.1291E+01  0.8148E+01
   3.318  0.1290E+01  0.8161E+01
   3.328  0.1290E+01  0.8174E+01
   3.338  0.1289E+01  0.8187E+01
   3.348  0.1288E+01  0.8200E+01
   3.358  0.1287E+01  0.8213E+01
   3.368  0.1286E+01  0.8226E+01
   3.378  0.1285E+01  0.8239E+01
   3.388  0.1284E+01  0.8251E+01
   3.398  0.1283E+01  0.8264E+01
   3.408  0.1281E+01  0.8277E+01
   3.418  0.1280E+01  0.8290E+01
   3.428  0.1279E+01  0.8303E+01
   3.438  0.1277E+01  0.8315E+01
   3.448  0.1275E+01  0.8328E+01
   3.458  0.1274E+01  0.8341E+01
   3.468  0.1272E+01  0.8354E+01
   3.478  0.1270E+01  0.8366E+01
   3.488  0.1269E+01  0.8379E+01
   3.498  0.1267E+01  0.8392E+01
   3.508  0.1265E+01  0.8404E+01
   3.518  0.1264E+01  0.8417E+01
   3.528  0.1262E+01  0.8430E+01
   3.538  0.1261E+01  0.8442E+01
   3.548  0.1260E+01  0.8455E+01
   3.558  0.1259E+01  0.8467E+01
   3.568  0.1258E+01  0.8480E+01
   3.578  0.1257E+01  0.8492E+01
   3.588  0.1256E+01  0.8505E+01
   3.598  0.1256E+01  0.8518E+01
   3.608  0.1256E+01  0.8530E+01
   3.618  0.1256E+01  0.8543E+01
   3.628  0.1256E+01  0.8555E+01
   3.638  0.1257E+01  0.8568E+01
   3.648  0.1258E+01  0.8580E+01
   3.658  0.1259E+01  0.8593E+01
   3.668  0.1261E+01  0.8606E+01
   3.678  0.1263E+01  0.8618E+01
   3.688  0.1265E+01  0.8631E+01
   3.698  0.1267E+01  0.8644E+01
   3.708  0.1270E+01  0.8656E+01
   3.718  0.1274E+01  0.8669E+01
   3.728  0.1277E+01  0.8682E+01
   3.738  0.1281E+01  0.8695E+01
   3.748  0.1286E+01  0.8707E+01
   3.758  0.1290E+01  0.8720E+01
   3.768  0.1295E+01  0.8733E+01
   3.778  0.1300E+01  0.8746E+01
   3.788  0.1306E+01  0.8759E+01
   3.798  0.1312E+01  0.8772E+01
   3.808  0.1318E+01  0.8786E+01
   3.818  0.1324E+01  0.8799E+01
   3.828  0.1331E+01  0.8812E+01
   3.838  0.1338E+01  0.8826E+01
   3.848  0.1345E+01  0.8839E+01
   3.858  0.1352E+01  0.8853E+01
   3.868  0.1359E+01  0.8866E+01
   3.878  0.1366E+01  0.8880E+01
   3.888  0.1374E+01  0.8894E+01
   3.898  0.1381E+01  0.8907E+01
   3.908  0.1389E+01  0.8921E+01
   3.918  0.1396E+01  0.8935E+01
   3.928  0.1404E+01  0.8949E+01
   3.938  0.1411E+01  0.8963E+01
   3.948  0.1419E+01  0.8978E+01
   3.958  0.1426E+01  0.8992E+01
   3.968  0.1433E+01  0.9006E+01
   3.978  0.1440E+01  0.9021E+01
   3.988  0.1447E+01  0.9035E+01
   3.998  0.1454E+01  0.9050E+01
   4.008  0.1461E+01  0.9064E+01
   4.018  0.1468E+01  0.9079E+01
   4.028  0.1474E+01  0.9094E+01
   4.038  0.1481E+01  0.9108E+01
   4.048  0.1487E+01  0.9123E+01
   4.058  0.1493E+01  0.9138E+01
   4.068  0.1499E+01  0.9153E+01
   4.078  0.1505E+01  0.9168E+01
   4.088  0.1511E+01  0.9183E+01
   4.098  0.1516E+01  0.9199E+01
   4.108  0.1521E+01  0.9214E+01
   4.118  0.1527E+01  0.9229E+01
   4.128  0.1532E+01  0.9244E+01
   4.138  0.1537E+01  0.9260E+01
   4.148  0.1541E+01  0.9275E+01
   4.158  0.1546E+01  0.9291E+01
   4.168  0.1551E+01  0.9306E+01
   4.178  0.1555E+01  0.9322E+01
   4.188  0.1560E+01  0.9337E+01
   4.198  0.1564E+01  0.9353E+01
   4.208  0.1568E+01  0.9369E+01
   4.218  0.1572E+01  0.9384E+01
   4.228  0.1576E+01  0.9400E+01
   4.238  0.1581E+01  0.9416E+01
   4.248  0.1585E+01  0.9432E+01
   4.258  0.1589E+01  0.9448E+01
   4.268  0.1593E+01  0.9463E+01
   4.278  0.1597E+01  0.9479E+01
   4.288  0.1601E+01  0.9495E+01
   4.298  0.1605E+01  0.9511E+01
   4.308  0.1609E+01  0.9528E+01
   4.318  0.1613E+01  0.9544E+01
   4.328  0.1617E+01  0.9560E+01
   4.338  0.1621E+01  0.9576E+01
   4.348  0.1625E+01  0.9592E+01
   4.358  0.1629E+01  0.9609E+01
   4.368  0.1633E+01  0.9625E+01
   4.378  0.1637E+01  0.9641E+01
   4.388  0.1642E+01  0.9658E+01
   4.398  0.1646E+01  0.9674E+01
   4.408  0.1651E+01  0.9691E+01
   4.418  0.1655E+01  0.9707E+01
   4.428  0.1660E+01  0.9724E+01
   4.438  0.1665E+01  0.9741E+01
   4.448  0.1670E+01  0.9757E+01
   4.458  0.1675E+01  0.9774E+01
   4.468  0.1680E+01  0.9791E+01
   4.478  0.1686E+01  0.9808E+01
   4.488  0.1691E+01  0.9825E+01
   4.498  0.1697E+01  0.9842E+01
   4.508  0.1703E+01  0.9859E+01
   4.518  0.1709E+01  0.9876E+01
   4.528  0.1715E+01  0.9893E+01
   4.538  0.1722E+01  0.9910E+01
   4.548  0.1729E+01  0.9927E+01
   4.558  0.1735E+01  0.9945E+01
   4.568  0.1742E+01  0.9962E+01
   4.578  0.1750E+01  0.9980E+01
   4.588  0.1757E+01  0.9997E+01
   4.598  0.1765E+01  0.1001E+02
   4.608  0.1773E+01  0.1003E+02
   4.618  0.1781E+01  0.1005E+02
   4.628  0.1789E+01  0.1007E+02
   4.638  0.1797E+01  0.1009E+02
   4.648  0.1806E+01  0.1010E+02
   4.658  0.1815E+01  0.1012E+02
   4.668  0.1824E+01  0.1014E+02
   4.678  0.1833E+01  0.1016E+02
   4.688  0.1842E+01  0.1018E+02
   4.698  0.1852E+01  0.1020E+02
   4.708  0.1861E+01  0.1021E+02
   4.718  0.1871E+01  0.1023E+02
   4.728  0.1881E+01  0.1025E+02
   4.738  0.1890E+01  0.1027E+02
   4.748  0.1900E+01  0.1029E+02
   4.758  0.1910E+01  0.1031E+02
   4.768  0.1921E+01  0.1033E+02
   4.778  0.1931E+01  0.1035E+02
   4.788  0.1941E+01  0.1037E+02
   4.798  0.1951E+01  0.1039E+02
   4.808  0.1961E+01  0.1041E+02
   4.818  0.1971E+01  0.1043E+02
   4.828  0.1981E+01  0.1045E+02
   4.838  0.1991E+01  0.1047E+02
   4.848  0.2001E+01  0.1049E+02
   4.858  0.2011E+01  0.1051E+02
   4.868  0.2021E+01  0.1053E+02
   4.878  0.2030E+01  0.1055E+02
   4.888  0.2040E+01  0.1057E+02
   4.898  0.2049E+01  0.1059E+02
   4.908  0.2058E+01  0.1061E+02
   4.918  0.2067E+01  0.1063E+02
   4.928  0.2076E+01  0.1065E+02
   4.938  0.2084E+01  0.1067E+02
   4.948  0.2093E+01  0.1069E+02
   4.958  0.2101E+01  0.1071E+02
   4.968  0.2109E+01  0.1073E+02
   4.978  0.2116E+01  0.1075E+02
   4.988  0.2124E+01  0.1078E+02
   4.998  0.2131E+01  0.1080E+02
   5.008  0.2138E+01  0.1082E+02
   5.018  0.2145E+01  0.1084E+02
   5.028  0.2152E+01  0.1086E+02
   5.038  0.2158E+01  0.1088E+02
   5.048  0.2164E+01  0.1090E+02
   5.058  0.2170E+01  0.1093E+02
   5.068  0.2176E+01  0.1095E+02
   5.078  0.2182E+01  0.1097E+02
   5.088  0.2187E+01  0.1099E+02
   5.098  0.2192E+01  0.1101E+02
   5.108  0.2197E+01  0.1104E+02
   5.118  0.2202E+01  0.1106E+02
   5.128  0.2207E+01  0.1108E+02
   5.138  0.2211E+01  0.1110E+02
   5.148  0.2216E+01  0.1112E+02
   5.158  0.2220E+01  0.1115E+02
   5.168  0.2224E+01  0.1117E+02
   5.178  0.2228E+01  0.1119E+02
   5.188  0.2232E+01  0.1121E+02
   5.198  0.2236E+01  0.1123E+02
   5.208  0.2239E+01  0.1126E+02
   5.218  0.2243E+01  0.1128E+02
   5.228  0.2247E+01  0.1130E+02
   5.238  0.2251E+01  0.1132E+02
   5.248  0.2254E+01  0.1135E+02
   5.258  0.2258E+01  0.1137E+02
   5.268  0.2262E+01  0.1139E+02
   5.278  0.2265E+01  0.1142E+02
   5.288  0.2269E+01  0.1144E+02
   5.298  0.2273E+01  0.1146E+02
   5.308  0.2277E+01  0.1148E+02
   5.318  0.2282E+01  0.1151E+02
   5.328  0.2286E+01  0.1153E+02
   5.338  0.2291E+01  0.1155E+02
   5.348  0.2295E+01  0.1157E+02
   5.358  0.2300E+01  0.1160E+02
   5.368  0.2305E+01  0.1162E+02
   5.378  0.2311E+01  0.1164E+02
   5.388  0.2316E+01  0.1167E+02
   5.398  0.2322E+01  0.1169E+02
   5.408  0.2328E+01  0.1171E+02
   5.418  0.2335E+01  0.1174E+02
   5.428  0.2341E+01  0.1176E+02
   5.438  0.2348E+01  0.1178E+02
   5.448  0.2356E+01  0.1181E+02
   5.458  0.2363E+01  0.1183E+02
   5.468  0.2371E+01  0.1185E+02
   5.478  0.2379E+01  0.1188E+02
   5.488  0.2388E+01  0.1190E+02
   5.498  0.2397E+01  0.1193E+02
   5.508  0.2406E+01  0.1195E+02
   5.518  0.2415E+01  0.1197E+02
   5.528  0.2425E+01  0.1200E+02
   5.538  0.2435E+01  0.1202E+02
   5.548  0.2445E+01  0.1205E+02
   5.558  0.2456E+01  0.1207E+02
   5.568  0.2466E+01  0.1210E+02
   5.578  0.2477E+01  0.1212E+02
   5.588  0.2489E+01  0.1215E+02
   5.598  0.2500E+01  0.1217E+02
   5.608  0.2511E+01  0.1220E+02
   5.618  0.2523E+01  0.1222E+02
   5.628  0.2534E+01  0.1225E+02
   5.638  0.2546E+01  0.1227E+02
   5.648  0.2558E+01  0.1230E+02
   5.658  0.2570E+01  0.1232E+02
   5.668  0.2581E+01  0.1235E+02
   5.678  0.2593E+01  0.1238E+02
   5.688  0.2604E+01  0.1240E+02
   5.698  0.2615E+01  0.1243E+02
   5.708  0.2626E+01  0.1245E+02
   5.718  0.2637E+01  0.1248E+02
   5.728  0.2648E+01  0.1251E+02
   5.738  0.2658E+01  0.1253E+02
   5.748  0.2668E+01  0.1256E+02
   5.758  0.2677E+01  0.1259E+02
   5.768  0.2686E+01  0.1261E+02
   5.778  0.2695E+01  0.1264E+02
   5.788  0.2703E+01  0.1267E+02
   5.798  0.2711E+01  0.1270E+02
   5.808  0.2718E+01  0.1272E+02
   5.818  0.2724E+01  0.1275E+02
   5.828  0.2730E+01  0.1278E+02
   5.838  0.2736E+01  0.1280E+02
   5.848  0.2740E+01  0.1283E+02
   5.858  0.2745E+01  0.1286E+02
   5.868  0.2748E+01  0.1289E+02
   5.878  0.2751E+01  0.1291E+02
   5.888  0.2754E+01  0.1294E+02
   5.898  0.2756E+01  0.1297E+02
   5.908  0.2757E+01  0.1300E+02
   5.918  0.2757E+01  0.1302E+02
   5.928  0.2758E+01  0.1305E+02
   5.938  0.2757E+01  0.1308E+02
   5.948  0.2756E+01  0.1311E+02
   5.958  0.2755E+01  0.1313E+02
   5.968  0.2752E+01  0.1316E+02
   5.978  0.2750E+01  0.1319E+02
   5.988  0.2747E+01  0.1322E+02
   5.998  0.2744E+01  0.1324E+02
   6.008  0.2740E+01  0.1327E+02
   6.018  0.2736E+01  0.1330E+02
   6.028  0.2731E+01  0.1333E+02
   6.038  0.2727E+01  0.1335E+02
   6.048  0.2722E+01  0.1338E+02
   6.058  0.2716E+01  0.1341E+02
   6.068  0.2711E+01  0.1344E+02
   6.078  0.2705E+01  0.1346E+02
   6.088  0.2699E+01  0.1349E+02
   6.098  0.2694E+01  0.1352E+02
   6.108  0.2688E+01  0.1354E+02
   6.118  0.2682E+01  0.1357E+02
   6.128  0.2676E+01  0.1360E+02
   6.138  0.2670E+01  0.1362E+02
   6.148  0.2664E+01  0.1365E+02
   6.158  0.2658E+01  0.1368E+02
   6.168  0.2652E+01  0.1370E+02
   6.178  0.2646E+01  0.1373E+02
   6.188  0.2640E+01  0.1376E+02
   6.198  0.2635E+01  0.1378E+02
   6.208  0.2630E+01  0.1381E+02
   6.218  0.2624E+01  0.1383E+02
   6.228  0.2619E+01  0.1386E+02
   6.238  0.2615E+01  0.1389E+02
   6.248  0.2610E+01  0.1391E+02
   6.258  0.2606E+01  0.1394E+02
   6.268  0.2602E+01  0.1397E+02
   6.278  0.2598E+01  0.1399E+02
   6.288  0.2594E+01  0.1402E+02
   6.298  0.2590E+01  0.1404E+02
   6.308  0.2587E+01  0.1407E+02
   6.318  0.2584E+01  0.1409E+02
   6.328  0.2581E+01  0.1412E+02
   6.338  0.2579E+01  0.1415E+02
   6.348  0.2577E+01  0.1417E+02
   6.358  0.2575E+01  0.1420E+02
   6.368  0.2573E+01  0.1422E+02
   6.378  0.2571E+01  0.1425E+02
   6.388  0.2570E+01  0.1428E+02
   6.398  0.2569E+01  0.1430E+02
   6.408  0.2568E+01  0.1433E+02
   6.418  0.2567E+01  0.1435E+02
   6.428  0.2566E+01  0.1438E+02
   6.438  0.2566E+01  0.1440E+02
   6.448  0.2565E+01  0.1443E+02
   6.458  0.2565E+01  0.1445E+02
   6.468  0.2565E+01  0.1448E+02
   6.478  0.2565E+01  0.1451E+02
   6.488  0.2565E+01  0.1453E+02
   6.498  0.2566E+01  0.1456E+02
   6.508  0.2566E+01  0.1458E+02
   6.518  0.2566E+01  0.1461E+02
   6.528  0.2567E+01  0.1463E+02
   6.538  0.2567E+01  0.1466E+02
   6.548  0.2568E+01  0.1469E+02
   6.558  0.2569E+01  0.1471E+02
   6.568  0.2569E+01  0.1474E+02
   6.578  0.2570E+01  0.1476E+02
   6.588  0.2571E+01  0.1479E+02
   6.598  0.2571E+01  0.1481E+02
   6.608  0.2572E+01  0.1484E+02
   6.618  0.2572E+01  0.1487E+02
   6.628  0.2573E+01  0.1489E+02
   6.638  0.2573E+01  0.1492E+02
   6.648  0.2574E+01  0.1494E+02
   6.658  0.2574E+01  0.1497E+02
   6.668  0.2575E+01  0.1499E+02
   6.678  0.2575E+01  0.1502E+02
   6.688  0.2575E+01  0.1505E+02
   6.698  0.2576E+01  0.1507E+02
   6.708  0.2576E+01  0.1510E+02
   6.718  0.2576E+01  0.1512E+02
   6.728  0.2576E+01  0.1515E+02
   6.738  0.2576E+01  0.1517E+02
   6.748  0.2576E+01  0.1520E+02
   6.758  0.2576E+01  0.1523E+02
   6.768  0.2575E+01  0.1525E+02
   6.778  0.2575E+01  0.1528E+02
   6.788  0.2575E+01  0.1530E+02
   6.798  0.2575E+01  0.1533E+02
   6.808  0.2574E+01  0.1535E+02
   6.818  0.2574E+01  0.1538E+02
   6.828  0.2573E+01  0.1541E+02
   6.838  0.2573E+01  0.1543E+02
   6.848  0.2572E+01  0.1546E+02
   6.858  0.2572E+01  0.1548E+02
   6.868  0.2571E+01  0.1551E+02
   6.878  0.2571E+01  0.1554E+02
   6.888  0.2570E+01  0.1556E+02
   6.898  0.2570E+01  0.1559E+02
   6.908  0.2569E+01  0.1561E+02
   6.918  0.2568E+01  0.1564E+02
   6.928  0.2568E+01  0.1566E+02
   6.938  0.2567E+01  0.1569E+02
   6.948  0.2566E+01  0.1571E+02
   6.958  0.2566E+01  0.1574E+02
   6.968  0.2565E+01  0.1577E+02
   6.978  0.2564E+01  0.1579E+02
   6.988  0.2564E+01  0.1582E+02
   6.998  0.2563E+01  0.1584E+02
   7.008  0.2562E+01  0.1587E+02
   7.018  0.2562E+01  0.1589E+02
   7.028  0.2561E+01  0.1592E+02
   7.038  0.2560E+01  0.1595E+02
   7.048  0.2560E+01  0.1597E+02
   7.058  0.2559E+01  0.1600E+02
   7.068  0.2558E+01  0.1602E+02
   7.078  0.2558E+01  0.1605E+02
   7.088  0.2557E+01  0.1607E+02
   7.098  0.2556E+01  0.1610E+02
   7.108  0.2556E+01  0.1612E+02
   7.118  0.2555E+01  0.1615E+02
   7.128  0.2555E+01  0.1618E+02
   7.138  0.2554E+01  0.1620E+02
   7.148  0.2554E+01  0.1623E+02
   7.158  0.2553E+01  0.1625E+02
   7.168  0.2553E+01  0.1628E+02
   7.178  0.2552E+01  0.1630E+02
   7.188  0.2552E+01  0.1633E+02
   7.198  0.2551E+01  0.1635E+02
   7.208  0.2551E+01  0.1638E+02
   7.218  0.2551E+01  0.1641E+02
   7.228  0.2550E+01  0.1643E+02
   7.238  0.2550E+01  0.1646E+02
   7.248  0.2550E+01  0.1648E+02
   7.258  0.2550E+01  0.1651E+02
   7.268  0.2549E+01  0.1653E+02
   7.278  0.2549E+01  0.1656E+02
   7.288  0.2549E+01  0.1658E+02
   7.298  0.2549E+01  0.1661E+02
