#  E (eV)   dos(E)     Int dos(E) EFermi =   -0.681 eV
 -15.681  0.6951E+00  0.6951E-02
 -15.671  0.6960E+00  0.1391E-01
 -15.661  0.6969E+00  0.2088E-01
 -15.651  0.6979E+00  0.2786E-01
 -15.641  0.6989E+00  0.3485E-01
 -15.631  0.6999E+00  0.4185E-01
 -15.621  0.7010E+00  0.4886E-01
 -15.611  0.7021E+00  0.5588E-01
 -15.601  0.7032E+00  0.6291E-01
 -15.591  0.7044E+00  0.6995E-01
 -15.581  0.7056E+00  0.7701E-01
 -15.571  0.7069E+00  0.8408E-01
 -15.561  0.7082E+00  0.9116E-01
 -15.551  0.7096E+00  0.9826E-01
 -15.541  0.7110E+00  0.1054E+00
 -15.531  0.7124E+00  0.1125E+00
 -15.521  0.7139E+00  0.1196E+00
 -15.511  0.7155E+00  0.1268E+00
 -15.501  0.7171E+00  0.1340E+00
 -15.491  0.7188E+00  0.1411E+00
 -15.481  0.7205E+00  0.1483E+00
 -15.471  0.7224E+00  0.1556E+00
 -15.461  0.7243E+00  0.1628E+00
 -15.451  0.7263E+00  0.1701E+00
 -15.441  0.7283E+00  0.1774E+00
 -15.431  0.7305E+00  0.1847E+00
 -15.421  0.7328E+00  0.1920E+00
 -15.411  0.7352E+00  0.1993E+00
 -15.401  0.7377E+00  0.2067E+00
 -15.391  0.7403E+00  0.2141E+00
 -15.381  0.7430E+00  0.2216E+00
 -15.371  0.7459E+00  0.2290E+00
 -15.361  0.7489E+00  0.2365E+00
 -15.351  0.7520E+00  0.2440E+00
 -15.341  0.7553E+00  0.2516E+00
 -15.331  0.7586E+00  0.2592E+00
 -15.321  0.7621E+00  0.2668E+00
 -15.311  0.7658E+00  0.2744E+00
 -15.301  0.7695E+00  0.2821E+00
 -15.291  0.7733E+00  0.2899E+00
 -15.281  0.7773E+00  0.2976E+00
 -15.271  0.7813E+00  0.3055E+00
 -15.261  0.7854E+00  0.3133E+00
 -15.251  0.7895E+00  0.3212E+00
 -15.241  0.7937E+00  0.3291E+00
 -15.231  0.7979E+00  0.3371E+00
 -15.221  0.8021E+00  0.3451E+00
 -15.211  0.8062E+00  0.3532E+00
 -15.201  0.8104E+00  0.3613E+00
 -15.191  0.8144E+00  0.3695E+00
 -15.181  0.8183E+00  0.3776E+00
 -15.171  0.8220E+00  0.3859E+00
 -15.161  0.8256E+00  0.3941E+00
 -15.151  0.8289E+00  0.4024E+00
 -15.141  0.8320E+00  0.4107E+00
 -15.131  0.8348E+00  0.4191E+00
 -15.121  0.8373E+00  0.4274E+00
 -15.111  0.8394E+00  0.4358E+00
 -15.101  0.8411E+00  0.4442E+00
 -15.091  0.8423E+00  0.4527E+00
 -15.081  0.8431E+00  0.4611E+00
 -15.071  0.8434E+00  0.4695E+00
 -15.061  0.8432E+00  0.4780E+00
 -15.051  0.8424E+00  0.4864E+00
 -15.041  0.8411E+00  0.4948E+00
 -15.031  0.8392E+00  0.5032E+00
 -15.021  0.8368E+00  0.5116E+00
 -15.011  0.8337E+00  0.5199E+00
 -15.001  0.8301E+00  0.5282E+00
 -14.991  0.8259E+00  0.5365E+00
 -14.981  0.8211E+00  0.5447E+00
 -14.971  0.8157E+00  0.5528E+00
 -14.961  0.8098E+00  0.5609E+00
 -14.951  0.8034E+00  0.5690E+00
 -14.941  0.7965E+00  0.5769E+00
 -14.931  0.7891E+00  0.5848E+00
 -14.921  0.7813E+00  0.5926E+00
 -14.911  0.7730E+00  0.6004E+00
 -14.901  0.7644E+00  0.6080E+00
 -14.891  0.7555E+00  0.6156E+00
 -14.881  0.7463E+00  0.6230E+00
 -14.871  0.7368E+00  0.6304E+00
 -14.861  0.7271E+00  0.6377E+00
 -14.851  0.7172E+00  0.6448E+00
 -14.841  0.7071E+00  0.6519E+00
 -14.831  0.6970E+00  0.6589E+00
 -14.821  0.6868E+00  0.6657E+00
 -14.811  0.6765E+00  0.6725E+00
 -14.801  0.6663E+00  0.6792E+00
 -14.791  0.6561E+00  0.6857E+00
 -14.781  0.6459E+00  0.6922E+00
 -14.771  0.6358E+00  0.6985E+00
 -14.761  0.6259E+00  0.7048E+00
 -14.751  0.6161E+00  0.7110E+00
 -14.741  0.6064E+00  0.7170E+00
 -14.731  0.5969E+00  0.7230E+00
 -14.721  0.5876E+00  0.7289E+00
 -14.711  0.5784E+00  0.7347E+00
 -14.701  0.5695E+00  0.7404E+00
 -14.691  0.5608E+00  0.7460E+00
 -14.681  0.5522E+00  0.7515E+00
 -14.671  0.5439E+00  0.7569E+00
 -14.661  0.5358E+00  0.7623E+00
 -14.651  0.5279E+00  0.7676E+00
 -14.641  0.5202E+00  0.7728E+00
 -14.631  0.5127E+00  0.7779E+00
 -14.621  0.5053E+00  0.7829E+00
 -14.611  0.4982E+00  0.7879E+00
 -14.601  0.4912E+00  0.7928E+00
 -14.591  0.4844E+00  0.7977E+00
 -14.581  0.4778E+00  0.8025E+00
 -14.571  0.4713E+00  0.8072E+00
 -14.561  0.4649E+00  0.8118E+00
 -14.551  0.4587E+00  0.8164E+00
 -14.541  0.4527E+00  0.8209E+00
 -14.531  0.4468E+00  0.8254E+00
 -14.521  0.4410E+00  0.8298E+00
 -14.511  0.4353E+00  0.8342E+00
 -14.501  0.4298E+00  0.8385E+00
 -14.491  0.4243E+00  0.8427E+00
 -14.481  0.4190E+00  0.8469E+00
 -14.471  0.4138E+00  0.8510E+00
 -14.461  0.4087E+00  0.8551E+00
 -14.451  0.4038E+00  0.8592E+00
 -14.441  0.3989E+00  0.8631E+00
 -14.431  0.3941E+00  0.8671E+00
 -14.421  0.3895E+00  0.8710E+00
 -14.411  0.3850E+00  0.8748E+00
 -14.401  0.3805E+00  0.8786E+00
 -14.391  0.3762E+00  0.8824E+00
 -14.381  0.3721E+00  0.8861E+00
 -14.371  0.3681E+00  0.8898E+00
 -14.361  0.3642E+00  0.8934E+00
 -14.351  0.3605E+00  0.8970E+00
 -14.341  0.3569E+00  0.9006E+00
 -14.331  0.3535E+00  0.9042E+00
 -14.321  0.3504E+00  0.9077E+00
 -14.311  0.3474E+00  0.9111E+00
 -14.301  0.3447E+00  0.9146E+00
 -14.291  0.3423E+00  0.9180E+00
 -14.281  0.3401E+00  0.9214E+00
 -14.271  0.3382E+00  0.9248E+00
 -14.261  0.3366E+00  0.9281E+00
 -14.251  0.3354E+00  0.9315E+00
 -14.241  0.3345E+00  0.9348E+00
 -14.231  0.3341E+00  0.9382E+00
 -14.221  0.3340E+00  0.9415E+00
 -14.211  0.3343E+00  0.9449E+00
 -14.201  0.3351E+00  0.9482E+00
 -14.191  0.3363E+00  0.9516E+00
 -14.181  0.3380E+00  0.9550E+00
 -14.171  0.3402E+00  0.9584E+00
 -14.161  0.3428E+00  0.9618E+00
 -14.151  0.3460E+00  0.9653E+00
 -14.141  0.3497E+00  0.9688E+00
 -14.131  0.3538E+00  0.9723E+00
 -14.121  0.3585E+00  0.9759E+00
 -14.111  0.3637E+00  0.9795E+00
 -14.101  0.3693E+00  0.9832E+00
 -14.091  0.3754E+00  0.9870E+00
 -14.081  0.3820E+00  0.9908E+00
 -14.071  0.3890E+00  0.9947E+00
 -14.061  0.3964E+00  0.9986E+00
 -14.051  0.4042E+00  0.1003E+01
 -14.041  0.4123E+00  0.1007E+01
 -14.031  0.4207E+00  0.1011E+01
 -14.021  0.4294E+00  0.1015E+01
 -14.011  0.4384E+00  0.1020E+01
 -14.001  0.4475E+00  0.1024E+01
 -13.991  0.4567E+00  0.1029E+01
 -13.981  0.4661E+00  0.1033E+01
 -13.971  0.4755E+00  0.1038E+01
 -13.961  0.4849E+00  0.1043E+01
 -13.951  0.4943E+00  0.1048E+01
 -13.941  0.5036E+00  0.1053E+01
 -13.931  0.5128E+00  0.1058E+01
 -13.921  0.5218E+00  0.1063E+01
 -13.911  0.5306E+00  0.1069E+01
 -13.901  0.5392E+00  0.1074E+01
 -13.891  0.5475E+00  0.1079E+01
 -13.881  0.5556E+00  0.1085E+01
 -13.871  0.5633E+00  0.1091E+01
 -13.861  0.5708E+00  0.1096E+01
 -13.851  0.5778E+00  0.1102E+01
 -13.841  0.5845E+00  0.1108E+01
 -13.831  0.5909E+00  0.1114E+01
 -13.821  0.5969E+00  0.1120E+01
 -13.811  0.6025E+00  0.1126E+01
 -13.801  0.6077E+00  0.1132E+01
 -13.791  0.6126E+00  0.1138E+01
 -13.781  0.6171E+00  0.1144E+01
 -13.771  0.6213E+00  0.1151E+01
 -13.761  0.6251E+00  0.1157E+01
 -13.751  0.6286E+00  0.1163E+01
 -13.741  0.6319E+00  0.1169E+01
 -13.731  0.6348E+00  0.1176E+01
 -13.721  0.6374E+00  0.1182E+01
 -13.711  0.6398E+00  0.1188E+01
 -13.701  0.6420E+00  0.1195E+01
 -13.691  0.6440E+00  0.1201E+01
 -13.681  0.6458E+00  0.1208E+01
 -13.671  0.6474E+00  0.1214E+01
 -13.661  0.6488E+00  0.1221E+01
 -13.651  0.6502E+00  0.1227E+01
 -13.641  0.6514E+00  0.1234E+01
 -13.631  0.6526E+00  0.1240E+01
 -13.621  0.6537E+00  0.1247E+01
 -13.611  0.6547E+00  0.1253E+01
 -13.601  0.6557E+00  0.1260E+01
 -13.591  0.6567E+00  0.1267E+01
 -13.581  0.6577E+00  0.1273E+01
 -13.571  0.6587E+00  0.1280E+01
 -13.561  0.6598E+00  0.1286E+01
 -13.551  0.6609E+00  0.1293E+01
 -13.541  0.6621E+00  0.1299E+01
 -13.531  0.6634E+00  0.1306E+01
 -13.521  0.6648E+00  0.1313E+01
 -13.511  0.6663E+00  0.1319E+01
 -13.501  0.6680E+00  0.1326E+01
 -13.491  0.6698E+00  0.1333E+01
 -13.481  0.6717E+00  0.1340E+01
 -13.471  0.6739E+00  0.1346E+01
 -13.461  0.6763E+00  0.1353E+01
 -13.451  0.6788E+00  0.1360E+01
 -13.441  0.6816E+00  0.1367E+01
 -13.431  0.6846E+00  0.1373E+01
 -13.421  0.6879E+00  0.1380E+01
 -13.411  0.6914E+00  0.1387E+01
 -13.401  0.6952E+00  0.1394E+01
 -13.391  0.6992E+00  0.1401E+01
 -13.381  0.7035E+00  0.1408E+01
 -13.371  0.7081E+00  0.1415E+01
 -13.361  0.7129E+00  0.1422E+01
 -13.351  0.7180E+00  0.1430E+01
 -13.341  0.7233E+00  0.1437E+01
 -13.331  0.7288E+00  0.1444E+01
 -13.321  0.7346E+00  0.1452E+01
 -13.311  0.7406E+00  0.1459E+01
 -13.301  0.7467E+00  0.1466E+01
 -13.291  0.7530E+00  0.1474E+01
 -13.281  0.7594E+00  0.1482E+01
 -13.271  0.7659E+00  0.1489E+01
 -13.261  0.7724E+00  0.1497E+01
 -13.251  0.7790E+00  0.1505E+01
 -13.241  0.7856E+00  0.1513E+01
 -13.231  0.7921E+00  0.1520E+01
 -13.221  0.7986E+00  0.1528E+01
 -13.211  0.8049E+00  0.1537E+01
 -13.201  0.8110E+00  0.1545E+01
 -13.191  0.8169E+00  0.1553E+01
 -13.181  0.8226E+00  0.1561E+01
 -13.171  0.8280E+00  0.1569E+01
 -13.161  0.8331E+00  0.1578E+01
 -13.151  0.8379E+00  0.1586E+01
 -13.141  0.8422E+00  0.1594E+01
 -13.131  0.8462E+00  0.1603E+01
 -13.121  0.8497E+00  0.1611E+01
 -13.111  0.8528E+00  0.1620E+01
 -13.101  0.8554E+00  0.1628E+01
 -13.091  0.8575E+00  0.1637E+01
 -13.081  0.8592E+00  0.1646E+01
 -13.071  0.8604E+00  0.1654E+01
 -13.061  0.8611E+00  0.1663E+01
 -13.051  0.8613E+00  0.1671E+01
 -13.041  0.8610E+00  0.1680E+01
 -13.031  0.8603E+00  0.1689E+01
 -13.021  0.8591E+00  0.1697E+01
 -13.011  0.8576E+00  0.1706E+01
 -13.001  0.8556E+00  0.1714E+01
 -12.991  0.8532E+00  0.1723E+01
 -12.981  0.8506E+00  0.1731E+01
 -12.971  0.8476E+00  0.1740E+01
 -12.961  0.8443E+00  0.1748E+01
 -12.951  0.8407E+00  0.1757E+01
 -12.941  0.8370E+00  0.1765E+01
 -12.931  0.8330E+00  0.1773E+01
 -12.921  0.8289E+00  0.1782E+01
 -12.911  0.8246E+00  0.1790E+01
 -12.901  0.8202E+00  0.1798E+01
 -12.891  0.8158E+00  0.1806E+01
 -12.881  0.8113E+00  0.1814E+01
 -12.871  0.8067E+00  0.1823E+01
 -12.861  0.8022E+00  0.1831E+01
 -12.851  0.7977E+00  0.1839E+01
 -12.841  0.7932E+00  0.1846E+01
 -12.831  0.7887E+00  0.1854E+01
 -12.821  0.7843E+00  0.1862E+01
 -12.811  0.7800E+00  0.1870E+01
 -12.801  0.7757E+00  0.1878E+01
 -12.791  0.7716E+00  0.1885E+01
 -12.781  0.7675E+00  0.1893E+01
 -12.771  0.7635E+00  0.1901E+01
 -12.761  0.7596E+00  0.1908E+01
 -12.751  0.7559E+00  0.1916E+01
 -12.741  0.7522E+00  0.1923E+01
 -12.731  0.7486E+00  0.1931E+01
 -12.721  0.7452E+00  0.1938E+01
 -12.711  0.7418E+00  0.1946E+01
 -12.701  0.7385E+00  0.1953E+01
 -12.691  0.7353E+00  0.1961E+01
 -12.681  0.7322E+00  0.1968E+01
 -12.671  0.7292E+00  0.1975E+01
 -12.661  0.7263E+00  0.1982E+01
 -12.651  0.7234E+00  0.1990E+01
 -12.641  0.7207E+00  0.1997E+01
 -12.631  0.7180E+00  0.2004E+01
 -12.621  0.7153E+00  0.2011E+01
 -12.611  0.7127E+00  0.2018E+01
 -12.601  0.7102E+00  0.2025E+01
 -12.591  0.7077E+00  0.2033E+01
 -12.581  0.7053E+00  0.2040E+01
 -12.571  0.7030E+00  0.2047E+01
 -12.561  0.7007E+00  0.2054E+01
 -12.551  0.6984E+00  0.2061E+01
 -12.541  0.6961E+00  0.2068E+01
 -12.531  0.6940E+00  0.2074E+01
 -12.521  0.6918E+00  0.2081E+01
 -12.511  0.6897E+00  0.2088E+01
 -12.501  0.6876E+00  0.2095E+01
 -12.491  0.6855E+00  0.2102E+01
 -12.481  0.6835E+00  0.2109E+01
 -12.471  0.6815E+00  0.2116E+01
 -12.461  0.6795E+00  0.2122E+01
 -12.451  0.6776E+00  0.2129E+01
 -12.441  0.6757E+00  0.2136E+01
 -12.431  0.6738E+00  0.2143E+01
 -12.421  0.6719E+00  0.2149E+01
 -12.411  0.6701E+00  0.2156E+01
 -12.401  0.6682E+00  0.2163E+01
 -12.391  0.6664E+00  0.2170E+01
 -12.381  0.6646E+00  0.2176E+01
 -12.371  0.6629E+00  0.2183E+01
 -12.361  0.6611E+00  0.2189E+01
 -12.351  0.6594E+00  0.2196E+01
 -12.341  0.6577E+00  0.2203E+01
 -12.331  0.6560E+00  0.2209E+01
 -12.321  0.6543E+00  0.2216E+01
 -12.311  0.6526E+00  0.2222E+01
 -12.301  0.6510E+00  0.2229E+01
 -12.291  0.6493E+00  0.2235E+01
 -12.281  0.6477E+00  0.2242E+01
 -12.271  0.6461E+00  0.2248E+01
 -12.261  0.6445E+00  0.2255E+01
 -12.251  0.6429E+00  0.2261E+01
 -12.241  0.6414E+00  0.2267E+01
 -12.231  0.6398E+00  0.2274E+01
 -12.221  0.6383E+00  0.2280E+01
 -12.211  0.6367E+00  0.2287E+01
 -12.201  0.6352E+00  0.2293E+01
 -12.191  0.6337E+00  0.2299E+01
 -12.181  0.6322E+00  0.2306E+01
 -12.171  0.6307E+00  0.2312E+01
 -12.161  0.6293E+00  0.2318E+01
 -12.151  0.6278E+00  0.2324E+01
 -12.141  0.6263E+00  0.2331E+01
 -12.131  0.6249E+00  0.2337E+01
 -12.121  0.6234E+00  0.2343E+01
 -12.111  0.6220E+00  0.2349E+01
 -12.101  0.6206E+00  0.2356E+01
 -12.091  0.6192E+00  0.2362E+01
 -12.081  0.6178E+00  0.2368E+01
 -12.071  0.6164E+00  0.2374E+01
 -12.061  0.6150E+00  0.2380E+01
 -12.051  0.6137E+00  0.2386E+01
 -12.041  0.6123E+00  0.2393E+01
 -12.031  0.6109E+00  0.2399E+01
 -12.021  0.6096E+00  0.2405E+01
 -12.011  0.6082E+00  0.2411E+01
 -12.001  0.6069E+00  0.2417E+01
 -11.991  0.6056E+00  0.2423E+01
 -11.981  0.6043E+00  0.2429E+01
 -11.971  0.6030E+00  0.2435E+01
 -11.961  0.6017E+00  0.2441E+01
 -11.951  0.6004E+00  0.2447E+01
 -11.941  0.5991E+00  0.2453E+01
 -11.931  0.5978E+00  0.2459E+01
 -11.921  0.5965E+00  0.2465E+01
 -11.911  0.5952E+00  0.2471E+01
 -11.901  0.5940E+00  0.2477E+01
 -11.891  0.5927E+00  0.2483E+01
 -11.881  0.5915E+00  0.2489E+01
 -11.871  0.5903E+00  0.2495E+01
 -11.861  0.5890E+00  0.2501E+01
 -11.851  0.5878E+00  0.2506E+01
 -11.841  0.5866E+00  0.2512E+01
 -11.831  0.5854E+00  0.2518E+01
 -11.821  0.5842E+00  0.2524E+01
 -11.811  0.5830E+00  0.2530E+01
 -11.801  0.5818E+00  0.2536E+01
 -11.791  0.5807E+00  0.2541E+01
 -11.781  0.5795E+00  0.2547E+01
 -11.771  0.5784E+00  0.2553E+01
 -11.761  0.5773E+00  0.2559E+01
 -11.751  0.5762E+00  0.2565E+01
 -11.741  0.5751E+00  0.2570E+01
 -11.731  0.5741E+00  0.2576E+01
 -11.721  0.5731E+00  0.2582E+01
 -11.711  0.5721E+00  0.2587E+01
 -11.701  0.5711E+00  0.2593E+01
 -11.691  0.5702E+00  0.2599E+01
 -11.681  0.5694E+00  0.2605E+01
 -11.671  0.5686E+00  0.2610E+01
 -11.661  0.5678E+00  0.2616E+01
 -11.651  0.5671E+00  0.2622E+01
 -11.641  0.5665E+00  0.2627E+01
 -11.631  0.5660E+00  0.2633E+01
 -11.621  0.5655E+00  0.2639E+01
 -11.611  0.5652E+00  0.2644E+01
 -11.601  0.5649E+00  0.2650E+01
 -11.591  0.5648E+00  0.2656E+01
 -11.581  0.5648E+00  0.2661E+01
 -11.571  0.5649E+00  0.2667E+01
 -11.561  0.5652E+00  0.2673E+01
 -11.551  0.5656E+00  0.2678E+01
 -11.541  0.5662E+00  0.2684E+01
 -11.531  0.5669E+00  0.2690E+01
 -11.521  0.5679E+00  0.2695E+01
 -11.511  0.5690E+00  0.2701E+01
 -11.501  0.5703E+00  0.2707E+01
 -11.491  0.5717E+00  0.2712E+01
 -11.481  0.5734E+00  0.2718E+01
 -11.471  0.5753E+00  0.2724E+01
 -11.461  0.5774E+00  0.2730E+01
 -11.451  0.5797E+00  0.2735E+01
 -11.441  0.5821E+00  0.2741E+01
 -11.431  0.5848E+00  0.2747E+01
 -11.421  0.5877E+00  0.2753E+01
 -11.411  0.5907E+00  0.2759E+01
 -11.401  0.5939E+00  0.2765E+01
 -11.391  0.5973E+00  0.2771E+01
 -11.381  0.6008E+00  0.2777E+01
 -11.371  0.6045E+00  0.2783E+01
 -11.361  0.6083E+00  0.2789E+01
 -11.351  0.6122E+00  0.2795E+01
 -11.341  0.6162E+00  0.2801E+01
 -11.331  0.6203E+00  0.2807E+01
 -11.321  0.6244E+00  0.2814E+01
 -11.311  0.6286E+00  0.2820E+01
 -11.301  0.6327E+00  0.2826E+01
 -11.291  0.6369E+00  0.2833E+01
 -11.281  0.6411E+00  0.2839E+01
 -11.271  0.6452E+00  0.2845E+01
 -11.261  0.6493E+00  0.2852E+01
 -11.251  0.6533E+00  0.2858E+01
 -11.241  0.6573E+00  0.2865E+01
 -11.231  0.6611E+00  0.2872E+01
 -11.221  0.6649E+00  0.2878E+01
 -11.211  0.6685E+00  0.2885E+01
 -11.201  0.6720E+00  0.2892E+01
 -11.191  0.6753E+00  0.2898E+01
 -11.181  0.6785E+00  0.2905E+01
 -11.171  0.6816E+00  0.2912E+01
 -11.161  0.6845E+00  0.2919E+01
 -11.151  0.6873E+00  0.2926E+01
 -11.141  0.6899E+00  0.2933E+01
 -11.131  0.6923E+00  0.2940E+01
 -11.121  0.6946E+00  0.2947E+01
 -11.111  0.6967E+00  0.2953E+01
 -11.101  0.6987E+00  0.2960E+01
 -11.091  0.7006E+00  0.2967E+01
 -11.081  0.7023E+00  0.2975E+01
 -11.071  0.7039E+00  0.2982E+01
 -11.061  0.7054E+00  0.2989E+01
 -11.051  0.7067E+00  0.2996E+01
 -11.041  0.7080E+00  0.3003E+01
 -11.031  0.7092E+00  0.3010E+01
 -11.021  0.7102E+00  0.3017E+01
 -11.011  0.7112E+00  0.3024E+01
 -11.001  0.7121E+00  0.3031E+01
 -10.991  0.7130E+00  0.3038E+01
 -10.981  0.7137E+00  0.3045E+01
 -10.971  0.7145E+00  0.3053E+01
 -10.961  0.7151E+00  0.3060E+01
 -10.951  0.7158E+00  0.3067E+01
 -10.941  0.7164E+00  0.3074E+01
 -10.931  0.7169E+00  0.3081E+01
 -10.921  0.7175E+00  0.3088E+01
 -10.911  0.7180E+00  0.3096E+01
 -10.901  0.7185E+00  0.3103E+01
 -10.891  0.7189E+00  0.3110E+01
 -10.881  0.7194E+00  0.3117E+01
 -10.871  0.7198E+00  0.3124E+01
 -10.861  0.7203E+00  0.3132E+01
 -10.851  0.7207E+00  0.3139E+01
 -10.841  0.7211E+00  0.3146E+01
 -10.831  0.7215E+00  0.3153E+01
 -10.821  0.7219E+00  0.3160E+01
 -10.811  0.7223E+00  0.3168E+01
 -10.801  0.7227E+00  0.3175E+01
 -10.791  0.7231E+00  0.3182E+01
 -10.781  0.7235E+00  0.3189E+01
 -10.771  0.7239E+00  0.3197E+01
 -10.761  0.7243E+00  0.3204E+01
 -10.751  0.7247E+00  0.3211E+01
 -10.741  0.7251E+00  0.3218E+01
 -10.731  0.7255E+00  0.3226E+01
 -10.721  0.7259E+00  0.3233E+01
 -10.711  0.7263E+00  0.3240E+01
 -10.701  0.7267E+00  0.3247E+01
 -10.691  0.7271E+00  0.3255E+01
 -10.681  0.7275E+00  0.3262E+01
 -10.671  0.7279E+00  0.3269E+01
 -10.661  0.7283E+00  0.3276E+01
 -10.651  0.7287E+00  0.3284E+01
 -10.641  0.7292E+00  0.3291E+01
 -10.631  0.7296E+00  0.3298E+01
 -10.621  0.7300E+00  0.3306E+01
 -10.611  0.7304E+00  0.3313E+01
 -10.601  0.7308E+00  0.3320E+01
 -10.591  0.7312E+00  0.3328E+01
 -10.581  0.7317E+00  0.3335E+01
 -10.571  0.7321E+00  0.3342E+01
 -10.561  0.7325E+00  0.3350E+01
 -10.551  0.7329E+00  0.3357E+01
 -10.541  0.7334E+00  0.3364E+01
 -10.531  0.7338E+00  0.3372E+01
 -10.521  0.7342E+00  0.3379E+01
 -10.511  0.7347E+00  0.3386E+01
 -10.501  0.7351E+00  0.3394E+01
 -10.491  0.7355E+00  0.3401E+01
 -10.481  0.7360E+00  0.3408E+01
 -10.471  0.7364E+00  0.3416E+01
 -10.461  0.7369E+00  0.3423E+01
 -10.451  0.7373E+00  0.3430E+01
 -10.441  0.7378E+00  0.3438E+01
 -10.431  0.7382E+00  0.3445E+01
 -10.421  0.7387E+00  0.3453E+01
 -10.411  0.7392E+00  0.3460E+01
 -10.401  0.7396E+00  0.3467E+01
 -10.391  0.7401E+00  0.3475E+01
 -10.381  0.7406E+00  0.3482E+01
 -10.371  0.7410E+00  0.3490E+01
 -10.361  0.7415E+00  0.3497E+01
 -10.351  0.7419E+00  0.3504E+01
 -10.341  0.7424E+00  0.3512E+01
 -10.331  0.7429E+00  0.3519E+01
 -10.321  0.7434E+00  0.3527E+01
 -10.311  0.7438E+00  0.3534E+01
 -10.301  0.7443E+00  0.3542E+01
 -10.291  0.7448E+00  0.3549E+01
 -10.281  0.7453E+00  0.3556E+01
 -10.271  0.7458E+00  0.3564E+01
 -10.261  0.7463E+00  0.3571E+01
 -10.251  0.7467E+00  0.3579E+01
 -10.241  0.7472E+00  0.3586E+01
 -10.231  0.7477E+00  0.3594E+01
 -10.221  0.7482E+00  0.3601E+01
 -10.211  0.7488E+00  0.3609E+01
 -10.201  0.7493E+00  0.3616E+01
 -10.191  0.7498E+00  0.3624E+01
 -10.181  0.7503E+00  0.3631E+01
 -10.171  0.7508E+00  0.3639E+01
 -10.161  0.7513E+00  0.3646E+01
 -10.151  0.7518E+00  0.3654E+01
 -10.141  0.7524E+00  0.3661E+01
 -10.131  0.7529E+00  0.3669E+01
 -10.121  0.7534E+00  0.3676E+01
 -10.111  0.7539E+00  0.3684E+01
 -10.101  0.7545E+00  0.3691E+01
 -10.091  0.7550E+00  0.3699E+01
 -10.081  0.7555E+00  0.3707E+01
 -10.071  0.7561E+00  0.3714E+01
 -10.061  0.7566E+00  0.3722E+01
 -10.051  0.7571E+00  0.3729E+01
 -10.041  0.7577E+00  0.3737E+01
 -10.031  0.7582E+00  0.3744E+01
 -10.021  0.7588E+00  0.3752E+01
 -10.011  0.7593E+00  0.3760E+01
 -10.001  0.7599E+00  0.3767E+01
  -9.991  0.7605E+00  0.3775E+01
  -9.981  0.7610E+00  0.3782E+01
  -9.971  0.7616E+00  0.3790E+01
  -9.961  0.7622E+00  0.3798E+01
  -9.951  0.7627E+00  0.3805E+01
  -9.941  0.7633E+00  0.3813E+01
  -9.931  0.7639E+00  0.3821E+01
  -9.921  0.7645E+00  0.3828E+01
  -9.911  0.7651E+00  0.3836E+01
  -9.901  0.7657E+00  0.3843E+01
  -9.891  0.7663E+00  0.3851E+01
  -9.881  0.7669E+00  0.3859E+01
  -9.871  0.7675E+00  0.3866E+01
  -9.861  0.7681E+00  0.3874E+01
  -9.851  0.7687E+00  0.3882E+01
  -9.841  0.7693E+00  0.3890E+01
  -9.831  0.7699E+00  0.3897E+01
  -9.821  0.7705E+00  0.3905E+01
  -9.811  0.7711E+00  0.3913E+01
  -9.801  0.7717E+00  0.3920E+01
  -9.791  0.7723E+00  0.3928E+01
  -9.781  0.7730E+00  0.3936E+01
  -9.771  0.7736E+00  0.3944E+01
  -9.761  0.7742E+00  0.3951E+01
  -9.751  0.7749E+00  0.3959E+01
  -9.741  0.7755E+00  0.3967E+01
  -9.731  0.7761E+00  0.3975E+01
  -9.721  0.7768E+00  0.3982E+01
  -9.711  0.7774E+00  0.3990E+01
  -9.701  0.7781E+00  0.3998E+01
  -9.691  0.7788E+00  0.4006E+01
  -9.681  0.7794E+00  0.4013E+01
  -9.671  0.7801E+00  0.4021E+01
  -9.661  0.7808E+00  0.4029E+01
  -9.651  0.7814E+00  0.4037E+01
  -9.641  0.7821E+00  0.4045E+01
  -9.631  0.7828E+00  0.4053E+01
  -9.621  0.7835E+00  0.4060E+01
  -9.611  0.7842E+00  0.4068E+01
  -9.601  0.7849E+00  0.4076E+01
  -9.591  0.7856E+00  0.4084E+01
  -9.581  0.7863E+00  0.4092E+01
  -9.571  0.7870E+00  0.4100E+01
  -9.561  0.7877E+00  0.4108E+01
  -9.551  0.7884E+00  0.4115E+01
  -9.541  0.7891E+00  0.4123E+01
  -9.531  0.7898E+00  0.4131E+01
  -9.521  0.7906E+00  0.4139E+01
  -9.511  0.7913E+00  0.4147E+01
  -9.501  0.7920E+00  0.4155E+01
  -9.491  0.7928E+00  0.4163E+01
  -9.481  0.7935E+00  0.4171E+01
  -9.471  0.7943E+00  0.4179E+01
  -9.461  0.7950E+00  0.4187E+01
  -9.451  0.7958E+00  0.4195E+01
  -9.441  0.7965E+00  0.4203E+01
  -9.431  0.7973E+00  0.4211E+01
  -9.421  0.7981E+00  0.4219E+01
  -9.411  0.7989E+00  0.4227E+01
  -9.401  0.7996E+00  0.4235E+01
  -9.391  0.8004E+00  0.4243E+01
  -9.381  0.8012E+00  0.4251E+01
  -9.371  0.8020E+00  0.4259E+01
  -9.361  0.8028E+00  0.4267E+01
  -9.351  0.8036E+00  0.4275E+01
  -9.341  0.8044E+00  0.4283E+01
  -9.331  0.8053E+00  0.4291E+01
  -9.321  0.8061E+00  0.4299E+01
  -9.311  0.8069E+00  0.4307E+01
  -9.301  0.8078E+00  0.4315E+01
  -9.291  0.8086E+00  0.4323E+01
  -9.281  0.8094E+00  0.4331E+01
  -9.271  0.8103E+00  0.4339E+01
  -9.261  0.8112E+00  0.4347E+01
  -9.251  0.8120E+00  0.4356E+01
  -9.241  0.8129E+00  0.4364E+01
  -9.231  0.8138E+00  0.4372E+01
  -9.221  0.8147E+00  0.4380E+01
  -9.211  0.8156E+00  0.4388E+01
  -9.201  0.8165E+00  0.4396E+01
  -9.191  0.8174E+00  0.4404E+01
  -9.181  0.8184E+00  0.4413E+01
  -9.171  0.8194E+00  0.4421E+01
  -9.161  0.8203E+00  0.4429E+01
  -9.151  0.8214E+00  0.4437E+01
  -9.141  0.8224E+00  0.4445E+01
  -9.131  0.8235E+00  0.4454E+01
  -9.121  0.8246E+00  0.4462E+01
  -9.111  0.8257E+00  0.4470E+01
  -9.101  0.8269E+00  0.4478E+01
  -9.091  0.8282E+00  0.4487E+01
  -9.081  0.8295E+00  0.4495E+01
  -9.071  0.8309E+00  0.4503E+01
  -9.061  0.8324E+00  0.4512E+01
  -9.051  0.8339E+00  0.4520E+01
  -9.041  0.8356E+00  0.4528E+01
  -9.031  0.8374E+00  0.4537E+01
  -9.021  0.8393E+00  0.4545E+01
  -9.011  0.8414E+00  0.4554E+01
  -9.001  0.8436E+00  0.4562E+01
  -8.991  0.8460E+00  0.4570E+01
  -8.981  0.8486E+00  0.4579E+01
  -8.971  0.8514E+00  0.4587E+01
  -8.961  0.8545E+00  0.4596E+01
  -8.951  0.8577E+00  0.4605E+01
  -8.941  0.8612E+00  0.4613E+01
  -8.931  0.8650E+00  0.4622E+01
  -8.921  0.8691E+00  0.4631E+01
  -8.911  0.8735E+00  0.4639E+01
  -8.901  0.8781E+00  0.4648E+01
  -8.891  0.8831E+00  0.4657E+01
  -8.881  0.8884E+00  0.4666E+01
  -8.871  0.8940E+00  0.4675E+01
  -8.861  0.8999E+00  0.4684E+01
  -8.851  0.9061E+00  0.4693E+01
  -8.841  0.9126E+00  0.4702E+01
  -8.831  0.9194E+00  0.4711E+01
  -8.821  0.9265E+00  0.4720E+01
  -8.811  0.9338E+00  0.4730E+01
  -8.801  0.9414E+00  0.4739E+01
  -8.791  0.9492E+00  0.4749E+01
  -8.781  0.9571E+00  0.4758E+01
  -8.771  0.9652E+00  0.4768E+01
  -8.761  0.9735E+00  0.4778E+01
  -8.751  0.9818E+00  0.4787E+01
  -8.741  0.9901E+00  0.4797E+01
  -8.731  0.9985E+00  0.4807E+01
  -8.721  0.1007E+01  0.4817E+01
  -8.711  0.1015E+01  0.4827E+01
  -8.701  0.1023E+01  0.4838E+01
  -8.691  0.1032E+01  0.4848E+01
  -8.681  0.1039E+01  0.4858E+01
  -8.671  0.1047E+01  0.4869E+01
  -8.661  0.1055E+01  0.4879E+01
  -8.651  0.1062E+01  0.4890E+01
  -8.641  0.1069E+01  0.4901E+01
  -8.631  0.1076E+01  0.4911E+01
  -8.621  0.1083E+01  0.4922E+01
  -8.611  0.1089E+01  0.4933E+01
  -8.601  0.1095E+01  0.4944E+01
  -8.591  0.1101E+01  0.4955E+01
  -8.581  0.1106E+01  0.4966E+01
  -8.571  0.1111E+01  0.4977E+01
  -8.561  0.1116E+01  0.4988E+01
  -8.551  0.1121E+01  0.5000E+01
  -8.541  0.1125E+01  0.5011E+01
  -8.531  0.1129E+01  0.5022E+01
  -8.521  0.1133E+01  0.5034E+01
  -8.511  0.1136E+01  0.5045E+01
  -8.501  0.1140E+01  0.5056E+01
  -8.491  0.1143E+01  0.5068E+01
  -8.481  0.1146E+01  0.5079E+01
  -8.471  0.1149E+01  0.5091E+01
  -8.461  0.1152E+01  0.5102E+01
  -8.451  0.1154E+01  0.5114E+01
  -8.441  0.1157E+01  0.5125E+01
  -8.431  0.1159E+01  0.5137E+01
  -8.421  0.1162E+01  0.5149E+01
  -8.411  0.1164E+01  0.5160E+01
  -8.401  0.1166E+01  0.5172E+01
  -8.391  0.1168E+01  0.5184E+01
  -8.381  0.1171E+01  0.5195E+01
  -8.371  0.1173E+01  0.5207E+01
  -8.361  0.1175E+01  0.5219E+01
  -8.351  0.1177E+01  0.5230E+01
  -8.341  0.1179E+01  0.5242E+01
  -8.331  0.1182E+01  0.5254E+01
  -8.321  0.1184E+01  0.5266E+01
  -8.311  0.1186E+01  0.5278E+01
  -8.301  0.1189E+01  0.5290E+01
  -8.291  0.1191E+01  0.5302E+01
  -8.281  0.1194E+01  0.5314E+01
  -8.271  0.1196E+01  0.5325E+01
  -8.261  0.1199E+01  0.5337E+01
  -8.251  0.1202E+01  0.5350E+01
  -8.241  0.1205E+01  0.5362E+01
  -8.231  0.1209E+01  0.5374E+01
  -8.221  0.1212E+01  0.5386E+01
  -8.211  0.1216E+01  0.5398E+01
  -8.201  0.1220E+01  0.5410E+01
  -8.191  0.1224E+01  0.5422E+01
  -8.181  0.1228E+01  0.5435E+01
  -8.171  0.1233E+01  0.5447E+01
  -8.161  0.1238E+01  0.5459E+01
  -8.151  0.1243E+01  0.5472E+01
  -8.141  0.1249E+01  0.5484E+01
  -8.131  0.1255E+01  0.5497E+01
  -8.121  0.1261E+01  0.5509E+01
  -8.111  0.1267E+01  0.5522E+01
  -8.101  0.1274E+01  0.5535E+01
  -8.091  0.1282E+01  0.5548E+01
  -8.081  0.1289E+01  0.5561E+01
  -8.071  0.1297E+01  0.5574E+01
  -8.061  0.1305E+01  0.5587E+01
  -8.051  0.1314E+01  0.5600E+01
  -8.041  0.1323E+01  0.5613E+01
  -8.031  0.1332E+01  0.5626E+01
  -8.021  0.1341E+01  0.5640E+01
  -8.011  0.1351E+01  0.5653E+01
  -8.001  0.1361E+01  0.5667E+01
  -7.991  0.1371E+01  0.5680E+01
  -7.981  0.1381E+01  0.5694E+01
  -7.971  0.1391E+01  0.5708E+01
  -7.961  0.1402E+01  0.5722E+01
  -7.951  0.1412E+01  0.5736E+01
  -7.941  0.1422E+01  0.5751E+01
  -7.931  0.1432E+01  0.5765E+01
  -7.921  0.1443E+01  0.5779E+01
  -7.911  0.1453E+01  0.5794E+01
  -7.901  0.1463E+01  0.5808E+01
  -7.891  0.1473E+01  0.5823E+01
  -7.881  0.1482E+01  0.5838E+01
  -7.871  0.1492E+01  0.5853E+01
  -7.861  0.1501E+01  0.5868E+01
  -7.851  0.1510E+01  0.5883E+01
  -7.841  0.1519E+01  0.5898E+01
  -7.831  0.1527E+01  0.5914E+01
  -7.821  0.1536E+01  0.5929E+01
  -7.811  0.1544E+01  0.5944E+01
  -7.801  0.1552E+01  0.5960E+01
  -7.791  0.1559E+01  0.5975E+01
  -7.781  0.1567E+01  0.5991E+01
  -7.771  0.1574E+01  0.6007E+01
  -7.761  0.1581E+01  0.6023E+01
  -7.751  0.1588E+01  0.6038E+01
  -7.741  0.1594E+01  0.6054E+01
  -7.731  0.1601E+01  0.6070E+01
  -7.721  0.1607E+01  0.6087E+01
  -7.711  0.1614E+01  0.6103E+01
  -7.701  0.1620E+01  0.6119E+01
  -7.691  0.1626E+01  0.6135E+01
  -7.681  0.1633E+01  0.6151E+01
  -7.671  0.1639E+01  0.6168E+01
  -7.661  0.1645E+01  0.6184E+01
  -7.651  0.1652E+01  0.6201E+01
  -7.641  0.1658E+01  0.6217E+01
  -7.631  0.1665E+01  0.6234E+01
  -7.621  0.1671E+01  0.6251E+01
  -7.611  0.1678E+01  0.6268E+01
  -7.601  0.1685E+01  0.6284E+01
  -7.591  0.1692E+01  0.6301E+01
  -7.581  0.1699E+01  0.6318E+01
  -7.571  0.1707E+01  0.6335E+01
  -7.561  0.1715E+01  0.6353E+01
  -7.551  0.1723E+01  0.6370E+01
  -7.541  0.1731E+01  0.6387E+01
  -7.531  0.1739E+01  0.6404E+01
  -7.521  0.1748E+01  0.6422E+01
  -7.511  0.1757E+01  0.6439E+01
  -7.501  0.1767E+01  0.6457E+01
  -7.491  0.1776E+01  0.6475E+01
  -7.481  0.1786E+01  0.6493E+01
  -7.471  0.1797E+01  0.6511E+01
  -7.461  0.1807E+01  0.6529E+01
  -7.451  0.1818E+01  0.6547E+01
  -7.441  0.1830E+01  0.6565E+01
  -7.431  0.1841E+01  0.6584E+01
  -7.421  0.1853E+01  0.6602E+01
  -7.411  0.1865E+01  0.6621E+01
  -7.401  0.1878E+01  0.6640E+01
  -7.391  0.1890E+01  0.6659E+01
  -7.381  0.1903E+01  0.6678E+01
  -7.371  0.1916E+01  0.6697E+01
  -7.361  0.1929E+01  0.6716E+01
  -7.351  0.1942E+01  0.6735E+01
  -7.341  0.1955E+01  0.6755E+01
  -7.331  0.1968E+01  0.6775E+01
  -7.321  0.1980E+01  0.6794E+01
  -7.311  0.1993E+01  0.6814E+01
  -7.301  0.2005E+01  0.6834E+01
  -7.291  0.2017E+01  0.6855E+01
  -7.281  0.2028E+01  0.6875E+01
  -7.271  0.2039E+01  0.6895E+01
  -7.261  0.2050E+01  0.6916E+01
  -7.251  0.2059E+01  0.6936E+01
  -7.241  0.2068E+01  0.6957E+01
  -7.231  0.2076E+01  0.6978E+01
  -7.221  0.2083E+01  0.6999E+01
  -7.211  0.2090E+01  0.7020E+01
  -7.201  0.2095E+01  0.7041E+01
  -7.191  0.2099E+01  0.7062E+01
  -7.181  0.2103E+01  0.7083E+01
  -7.171  0.2105E+01  0.7104E+01
  -7.161  0.2106E+01  0.7125E+01
  -7.151  0.2106E+01  0.7146E+01
  -7.141  0.2104E+01  0.7167E+01
  -7.131  0.2102E+01  0.7188E+01
  -7.121  0.2098E+01  0.7209E+01
  -7.111  0.2094E+01  0.7230E+01
  -7.101  0.2088E+01  0.7251E+01
  -7.091  0.2081E+01  0.7271E+01
  -7.081  0.2074E+01  0.7292E+01
  -7.071  0.2065E+01  0.7313E+01
  -7.061  0.2056E+01  0.7333E+01
  -7.051  0.2046E+01  0.7354E+01
  -7.041  0.2035E+01  0.7374E+01
  -7.031  0.2023E+01  0.7394E+01
  -7.021  0.2011E+01  0.7414E+01
  -7.011  0.1998E+01  0.7434E+01
  -7.001  0.1985E+01  0.7454E+01
  -6.991  0.1972E+01  0.7474E+01
  -6.981  0.1958E+01  0.7494E+01
  -6.971  0.1944E+01  0.7513E+01
  -6.961  0.1930E+01  0.7532E+01
  -6.951  0.1915E+01  0.7552E+01
  -6.941  0.1901E+01  0.7571E+01
  -6.931  0.1887E+01  0.7589E+01
  -6.921  0.1873E+01  0.7608E+01
  -6.911  0.1859E+01  0.7627E+01
  -6.901  0.1845E+01  0.7645E+01
  -6.891  0.1832E+01  0.7663E+01
  -6.881  0.1819E+01  0.7682E+01
  -6.871  0.1806E+01  0.7700E+01
  -6.861  0.1793E+01  0.7718E+01
  -6.851  0.1781E+01  0.7735E+01
  -6.841  0.1769E+01  0.7753E+01
  -6.831  0.1757E+01  0.7771E+01
  -6.821  0.1746E+01  0.7788E+01
  -6.811  0.1735E+01  0.7806E+01
  -6.801  0.1724E+01  0.7823E+01
  -6.791  0.1714E+01  0.7840E+01
  -6.781  0.1704E+01  0.7857E+01
  -6.771  0.1694E+01  0.7874E+01
  -6.761  0.1684E+01  0.7891E+01
  -6.751  0.1675E+01  0.7907E+01
  -6.741  0.1667E+01  0.7924E+01
  -6.731  0.1658E+01  0.7941E+01
  -6.721  0.1650E+01  0.7957E+01
  -6.711  0.1642E+01  0.7974E+01
  -6.701  0.1634E+01  0.7990E+01
  -6.691  0.1627E+01  0.8006E+01
  -6.681  0.1619E+01  0.8022E+01
  -6.671  0.1612E+01  0.8039E+01
  -6.661  0.1605E+01  0.8055E+01
  -6.651  0.1599E+01  0.8071E+01
  -6.641  0.1592E+01  0.8087E+01
  -6.631  0.1586E+01  0.8102E+01
  -6.621  0.1579E+01  0.8118E+01
  -6.611  0.1573E+01  0.8134E+01
  -6.601  0.1567E+01  0.8150E+01
  -6.591  0.1562E+01  0.8165E+01
  -6.581  0.1556E+01  0.8181E+01
  -6.571  0.1550E+01  0.8196E+01
  -6.561  0.1545E+01  0.8212E+01
  -6.551  0.1540E+01  0.8227E+01
  -6.541  0.1534E+01  0.8242E+01
  -6.531  0.1529E+01  0.8258E+01
  -6.521  0.1524E+01  0.8273E+01
  -6.511  0.1519E+01  0.8288E+01
  -6.501  0.1514E+01  0.8303E+01
  -6.491  0.1510E+01  0.8318E+01
  -6.481  0.1505E+01  0.8333E+01
  -6.471  0.1500E+01  0.8348E+01
  -6.461  0.1496E+01  0.8363E+01
  -6.451  0.1491E+01  0.8378E+01
  -6.441  0.1487E+01  0.8393E+01
  -6.431  0.1482E+01  0.8408E+01
  -6.421  0.1478E+01  0.8423E+01
  -6.411  0.1474E+01  0.8438E+01
  -6.401  0.1470E+01  0.8452E+01
  -6.391  0.1466E+01  0.8467E+01
  -6.381  0.1462E+01  0.8482E+01
  -6.371  0.1458E+01  0.8496E+01
  -6.361  0.1454E+01  0.8511E+01
  -6.351  0.1450E+01  0.8525E+01
  -6.341  0.1446E+01  0.8540E+01
  -6.331  0.1442E+01  0.8554E+01
  -6.321  0.1439E+01  0.8568E+01
  -6.311  0.1435E+01  0.8583E+01
  -6.301  0.1431E+01  0.8597E+01
  -6.291  0.1428E+01  0.8611E+01
  -6.281  0.1424E+01  0.8626E+01
  -6.271  0.1421E+01  0.8640E+01
  -6.261  0.1417E+01  0.8654E+01
  -6.251  0.1414E+01  0.8668E+01
  -6.241  0.1411E+01  0.8682E+01
  -6.231  0.1407E+01  0.8696E+01
  -6.221  0.1404E+01  0.8710E+01
  -6.211  0.1401E+01  0.8724E+01
  -6.201  0.1398E+01  0.8738E+01
  -6.191  0.1394E+01  0.8752E+01
  -6.181  0.1391E+01  0.8766E+01
  -6.171  0.1388E+01  0.8780E+01
  -6.161  0.1385E+01  0.8794E+01
  -6.151  0.1382E+01  0.8808E+01
  -6.141  0.1379E+01  0.8822E+01
  -6.131  0.1376E+01  0.8835E+01
  -6.121  0.1373E+01  0.8849E+01
  -6.111  0.1370E+01  0.8863E+01
  -6.101  0.1367E+01  0.8876E+01
  -6.091  0.1364E+01  0.8890E+01
  -6.081  0.1362E+01  0.8904E+01
  -6.071  0.1359E+01  0.8917E+01
  -6.061  0.1356E+01  0.8931E+01
  -6.051  0.1353E+01  0.8944E+01
  -6.041  0.1351E+01  0.8958E+01
  -6.031  0.1348E+01  0.8971E+01
  -6.021  0.1345E+01  0.8985E+01
  -6.011  0.1343E+01  0.8998E+01
  -6.001  0.1340E+01  0.9012E+01
  -5.991  0.1337E+01  0.9025E+01
  -5.981  0.1335E+01  0.9038E+01
  -5.971  0.1332E+01  0.9052E+01
  -5.961  0.1330E+01  0.9065E+01
  -5.951  0.1327E+01  0.9078E+01
  -5.941  0.1325E+01  0.9091E+01
  -5.931  0.1322E+01  0.9105E+01
  -5.921  0.1320E+01  0.9118E+01
  -5.911  0.1318E+01  0.9131E+01
  -5.901  0.1315E+01  0.9144E+01
  -5.891  0.1313E+01  0.9157E+01
  -5.881  0.1311E+01  0.9170E+01
  -5.871  0.1308E+01  0.9184E+01
  -5.861  0.1306E+01  0.9197E+01
  -5.851  0.1304E+01  0.9210E+01
  -5.841  0.1301E+01  0.9223E+01
  -5.831  0.1299E+01  0.9236E+01
  -5.821  0.1297E+01  0.9249E+01
  -5.811  0.1295E+01  0.9262E+01
  -5.801  0.1293E+01  0.9274E+01
  -5.791  0.1290E+01  0.9287E+01
  -5.781  0.1288E+01  0.9300E+01
  -5.771  0.1286E+01  0.9313E+01
  -5.761  0.1284E+01  0.9326E+01
  -5.751  0.1282E+01  0.9339E+01
  -5.741  0.1280E+01  0.9352E+01
  -5.731  0.1278E+01  0.9364E+01
  -5.721  0.1276E+01  0.9377E+01
  -5.711  0.1274E+01  0.9390E+01
  -5.701  0.1272E+01  0.9403E+01
  -5.691  0.1270E+01  0.9415E+01
  -5.681  0.1268E+01  0.9428E+01
  -5.671  0.1266E+01  0.9441E+01
  -5.661  0.1264E+01  0.9453E+01
  -5.651  0.1262E+01  0.9466E+01
  -5.641  0.1260E+01  0.9478E+01
  -5.631  0.1258E+01  0.9491E+01
  -5.621  0.1256E+01  0.9504E+01
  -5.611  0.1254E+01  0.9516E+01
  -5.601  0.1253E+01  0.9529E+01
  -5.591  0.1251E+01  0.9541E+01
  -5.581  0.1249E+01  0.9554E+01
  -5.571  0.1247E+01  0.9566E+01
  -5.561  0.1245E+01  0.9579E+01
  -5.551  0.1243E+01  0.9591E+01
  -5.541  0.1242E+01  0.9603E+01
  -5.531  0.1240E+01  0.9616E+01
  -5.521  0.1238E+01  0.9628E+01
  -5.511  0.1236E+01  0.9641E+01
  -5.501  0.1235E+01  0.9653E+01
  -5.491  0.1233E+01  0.9665E+01
  -5.481  0.1231E+01  0.9678E+01
  -5.471  0.1230E+01  0.9690E+01
  -5.461  0.1228E+01  0.9702E+01
  -5.451  0.1226E+01  0.9714E+01
  -5.441  0.1225E+01  0.9727E+01
  -5.431  0.1223E+01  0.9739E+01
  -5.421  0.1222E+01  0.9751E+01
  -5.411  0.1220E+01  0.9763E+01
  -5.401  0.1218E+01  0.9776E+01
  -5.391  0.1217E+01  0.9788E+01
  -5.381  0.1215E+01  0.9800E+01
  -5.371  0.1214E+01  0.9812E+01
  -5.361  0.1212E+01  0.9824E+01
  -5.351  0.1211E+01  0.9836E+01
  -5.341  0.1209E+01  0.9848E+01
  -5.331  0.1208E+01  0.9860E+01
  -5.321  0.1206E+01  0.9872E+01
  -5.311  0.1205E+01  0.9884E+01
  -5.301  0.1203E+01  0.9897E+01
  -5.291  0.1202E+01  0.9909E+01
  -5.281  0.1200E+01  0.9921E+01
  -5.271  0.1199E+01  0.9933E+01
  -5.261  0.1197E+01  0.9945E+01
  -5.251  0.1196E+01  0.9956E+01
  -5.241  0.1195E+01  0.9968E+01
  -5.231  0.1193E+01  0.9980E+01
  -5.221  0.1192E+01  0.9992E+01
  -5.211  0.1191E+01  0.1000E+02
  -5.201  0.1189E+01  0.1002E+02
  -5.191  0.1188E+01  0.1003E+02
  -5.181  0.1187E+01  0.1004E+02
  -5.171  0.1185E+01  0.1005E+02
  -5.161  0.1184E+01  0.1006E+02
  -5.151  0.1183E+01  0.1008E+02
  -5.141  0.1181E+01  0.1009E+02
  -5.131  0.1180E+01  0.1010E+02
  -5.121  0.1179E+01  0.1011E+02
  -5.111  0.1177E+01  0.1012E+02
  -5.101  0.1176E+01  0.1013E+02
  -5.091  0.1175E+01  0.1015E+02
  -5.081  0.1174E+01  0.1016E+02
  -5.071  0.1173E+01  0.1017E+02
  -5.061  0.1171E+01  0.1018E+02
  -5.051  0.1170E+01  0.1019E+02
  -5.041  0.1169E+01  0.1020E+02
  -5.031  0.1168E+01  0.1022E+02
  -5.021  0.1167E+01  0.1023E+02
  -5.011  0.1165E+01  0.1024E+02
  -5.001  0.1164E+01  0.1025E+02
  -4.991  0.1163E+01  0.1026E+02
  -4.981  0.1162E+01  0.1027E+02
  -4.971  0.1161E+01  0.1029E+02
  -4.961  0.1160E+01  0.1030E+02
  -4.951  0.1159E+01  0.1031E+02
  -4.941  0.1158E+01  0.1032E+02
  -4.931  0.1157E+01  0.1033E+02
  -4.921  0.1156E+01  0.1034E+02
  -4.911  0.1154E+01  0.1036E+02
  -4.901  0.1153E+01  0.1037E+02
  -4.891  0.1152E+01  0.1038E+02
  -4.881  0.1151E+01  0.1039E+02
  -4.871  0.1150E+01  0.1040E+02
  -4.861  0.1149E+01  0.1041E+02
  -4.851  0.1148E+01  0.1042E+02
  -4.841  0.1147E+01  0.1044E+02
  -4.831  0.1146E+01  0.1045E+02
  -4.821  0.1145E+01  0.1046E+02
  -4.811  0.1145E+01  0.1047E+02
  -4.801  0.1144E+01  0.1048E+02
  -4.791  0.1143E+01  0.1049E+02
  -4.781  0.1142E+01  0.1050E+02
  -4.771  0.1141E+01  0.1052E+02
  -4.761  0.1140E+01  0.1053E+02
  -4.751  0.1139E+01  0.1054E+02
  -4.741  0.1138E+01  0.1055E+02
  -4.731  0.1137E+01  0.1056E+02
  -4.721  0.1136E+01  0.1057E+02
  -4.711  0.1136E+01  0.1058E+02
  -4.701  0.1135E+01  0.1060E+02
  -4.691  0.1134E+01  0.1061E+02
  -4.681  0.1133E+01  0.1062E+02
  -4.671  0.1132E+01  0.1063E+02
  -4.661  0.1131E+01  0.1064E+02
  -4.651  0.1131E+01  0.1065E+02
  -4.641  0.1130E+01  0.1066E+02
  -4.631  0.1129E+01  0.1067E+02
  -4.621  0.1128E+01  0.1069E+02
  -4.611  0.1128E+01  0.1070E+02
  -4.601  0.1127E+01  0.1071E+02
  -4.591  0.1126E+01  0.1072E+02
  -4.581  0.1126E+01  0.1073E+02
  -4.571  0.1125E+01  0.1074E+02
  -4.561  0.1124E+01  0.1075E+02
  -4.551  0.1124E+01  0.1076E+02
  -4.541  0.1123E+01  0.1078E+02
  -4.531  0.1122E+01  0.1079E+02
  -4.521  0.1122E+01  0.1080E+02
  -4.511  0.1121E+01  0.1081E+02
  -4.501  0.1120E+01  0.1082E+02
  -4.491  0.1120E+01  0.1083E+02
  -4.481  0.1119E+01  0.1084E+02
  -4.471  0.1118E+01  0.1085E+02
  -4.461  0.1118E+01  0.1087E+02
  -4.451  0.1117E+01  0.1088E+02
  -4.441  0.1117E+01  0.1089E+02
  -4.431  0.1116E+01  0.1090E+02
  -4.421  0.1116E+01  0.1091E+02
  -4.411  0.1115E+01  0.1092E+02
  -4.401  0.1115E+01  0.1093E+02
  -4.391  0.1114E+01  0.1094E+02
  -4.381  0.1114E+01  0.1096E+02
  -4.371  0.1113E+01  0.1097E+02
  -4.361  0.1113E+01  0.1098E+02
  -4.351  0.1112E+01  0.1099E+02
  -4.341  0.1112E+01  0.1100E+02
  -4.331  0.1112E+01  0.1101E+02
  -4.321  0.1111E+01  0.1102E+02
  -4.311  0.1111E+01  0.1103E+02
  -4.301  0.1111E+01  0.1104E+02
  -4.291  0.1110E+01  0.1106E+02
  -4.281  0.1110E+01  0.1107E+02
  -4.271  0.1110E+01  0.1108E+02
  -4.261  0.1109E+01  0.1109E+02
  -4.251  0.1109E+01  0.1110E+02
  -4.241  0.1108E+01  0.1111E+02
  -4.231  0.1108E+01  0.1112E+02
  -4.221  0.1108E+01  0.1113E+02
  -4.211  0.1108E+01  0.1114E+02
  -4.201  0.1107E+01  0.1115E+02
  -4.191  0.1107E+01  0.1117E+02
  -4.181  0.1107E+01  0.1118E+02
  -4.171  0.1106E+01  0.1119E+02
  -4.161  0.1106E+01  0.1120E+02
  -4.151  0.1106E+01  0.1121E+02
  -4.141  0.1105E+01  0.1122E+02
  -4.131  0.1105E+01  0.1123E+02
  -4.121  0.1104E+01  0.1124E+02
  -4.111  0.1104E+01  0.1125E+02
  -4.101  0.1103E+01  0.1127E+02
  -4.091  0.1103E+01  0.1128E+02
  -4.081  0.1102E+01  0.1129E+02
  -4.071  0.1101E+01  0.1130E+02
  -4.061  0.1100E+01  0.1131E+02
  -4.051  0.1099E+01  0.1132E+02
  -4.041  0.1098E+01  0.1133E+02
  -4.031  0.1096E+01  0.1134E+02
  -4.021  0.1095E+01  0.1135E+02
  -4.011  0.1093E+01  0.1136E+02
  -4.001  0.1091E+01  0.1138E+02
  -3.991  0.1088E+01  0.1139E+02
  -3.981  0.1086E+01  0.1140E+02
  -3.971  0.1083E+01  0.1141E+02
  -3.961  0.1080E+01  0.1142E+02
  -3.951  0.1076E+01  0.1143E+02
  -3.941  0.1073E+01  0.1144E+02
  -3.931  0.1069E+01  0.1145E+02
  -3.921  0.1064E+01  0.1146E+02
  -3.911  0.1059E+01  0.1147E+02
  -3.901  0.1054E+01  0.1148E+02
  -3.891  0.1048E+01  0.1149E+02
  -3.881  0.1042E+01  0.1150E+02
  -3.871  0.1036E+01  0.1151E+02
  -3.861  0.1029E+01  0.1152E+02
  -3.851  0.1022E+01  0.1153E+02
  -3.841  0.1015E+01  0.1154E+02
  -3.831  0.1007E+01  0.1155E+02
  -3.821  0.9990E+00  0.1156E+02
  -3.811  0.9907E+00  0.1157E+02
  -3.801  0.9821E+00  0.1158E+02
  -3.791  0.9733E+00  0.1159E+02
  -3.781  0.9643E+00  0.1160E+02
  -3.771  0.9552E+00  0.1161E+02
  -3.761  0.9460E+00  0.1162E+02
  -3.751  0.9368E+00  0.1163E+02
  -3.741  0.9276E+00  0.1164E+02
  -3.731  0.9184E+00  0.1165E+02
  -3.721  0.9094E+00  0.1166E+02
  -3.711  0.9005E+00  0.1167E+02
  -3.701  0.8918E+00  0.1168E+02
  -3.691  0.8833E+00  0.1169E+02
  -3.681  0.8751E+00  0.1170E+02
  -3.671  0.8673E+00  0.1170E+02
  -3.661  0.8598E+00  0.1171E+02
  -3.651  0.8528E+00  0.1172E+02
  -3.641  0.8462E+00  0.1173E+02
  -3.631  0.8400E+00  0.1174E+02
  -3.621  0.8343E+00  0.1175E+02
  -3.611  0.8292E+00  0.1175E+02
  -3.601  0.8246E+00  0.1176E+02
  -3.591  0.8205E+00  0.1177E+02
  -3.581  0.8170E+00  0.1178E+02
  -3.571  0.8141E+00  0.1179E+02
  -3.561  0.8118E+00  0.1180E+02
  -3.551  0.8100E+00  0.1180E+02
  -3.541  0.8088E+00  0.1181E+02
  -3.531  0.8081E+00  0.1182E+02
  -3.521  0.8080E+00  0.1183E+02
  -3.511  0.8085E+00  0.1184E+02
  -3.501  0.8095E+00  0.1184E+02
  -3.491  0.8110E+00  0.1185E+02
  -3.481  0.8129E+00  0.1186E+02
  -3.471  0.8153E+00  0.1187E+02
  -3.461  0.8182E+00  0.1188E+02
  -3.451  0.8214E+00  0.1188E+02
  -3.441  0.8250E+00  0.1189E+02
  -3.431  0.8290E+00  0.1190E+02
  -3.421  0.8332E+00  0.1191E+02
  -3.411  0.8377E+00  0.1192E+02
  -3.401  0.8424E+00  0.1193E+02
  -3.391  0.8473E+00  0.1193E+02
  -3.381  0.8523E+00  0.1194E+02
  -3.371  0.8574E+00  0.1195E+02
  -3.361  0.8625E+00  0.1196E+02
  -3.351  0.8677E+00  0.1197E+02
  -3.341  0.8728E+00  0.1198E+02
  -3.331  0.8778E+00  0.1199E+02
  -3.321  0.8828E+00  0.1200E+02
  -3.311  0.8876E+00  0.1200E+02
  -3.301  0.8923E+00  0.1201E+02
  -3.291  0.8968E+00  0.1202E+02
  -3.281  0.9010E+00  0.1203E+02
  -3.271  0.9051E+00  0.1204E+02
  -3.261  0.9089E+00  0.1205E+02
  -3.251  0.9124E+00  0.1206E+02
  -3.241  0.9157E+00  0.1207E+02
  -3.231  0.9187E+00  0.1208E+02
  -3.221  0.9214E+00  0.1209E+02
  -3.211  0.9239E+00  0.1210E+02
  -3.201  0.9261E+00  0.1210E+02
  -3.191  0.9280E+00  0.1211E+02
  -3.181  0.9297E+00  0.1212E+02
  -3.171  0.9312E+00  0.1213E+02
  -3.161  0.9325E+00  0.1214E+02
  -3.151  0.9335E+00  0.1215E+02
  -3.141  0.9343E+00  0.1216E+02
  -3.131  0.9350E+00  0.1217E+02
  -3.121  0.9354E+00  0.1218E+02
  -3.111  0.9357E+00  0.1219E+02
  -3.101  0.9358E+00  0.1220E+02
  -3.091  0.9357E+00  0.1221E+02
  -3.081  0.9354E+00  0.1222E+02
  -3.071  0.9349E+00  0.1223E+02
  -3.061  0.9343E+00  0.1224E+02
  -3.051  0.9334E+00  0.1224E+02
  -3.041  0.9324E+00  0.1225E+02
  -3.031  0.9310E+00  0.1226E+02
  -3.021  0.9295E+00  0.1227E+02
  -3.011  0.9276E+00  0.1228E+02
  -3.001  0.9255E+00  0.1229E+02
  -2.991  0.9230E+00  0.1230E+02
  -2.981  0.9202E+00  0.1231E+02
  -2.971  0.9170E+00  0.1232E+02
  -2.961  0.9134E+00  0.1233E+02
  -2.951  0.9094E+00  0.1234E+02
  -2.941  0.9049E+00  0.1235E+02
  -2.931  0.9000E+00  0.1235E+02
  -2.921  0.8947E+00  0.1236E+02
  -2.911  0.8889E+00  0.1237E+02
  -2.901  0.8826E+00  0.1238E+02
  -2.891  0.8759E+00  0.1239E+02
  -2.881  0.8687E+00  0.1240E+02
  -2.871  0.8611E+00  0.1241E+02
  -2.861  0.8531E+00  0.1242E+02
  -2.851  0.8446E+00  0.1242E+02
  -2.841  0.8358E+00  0.1243E+02
  -2.831  0.8267E+00  0.1244E+02
  -2.821  0.8173E+00  0.1245E+02
  -2.811  0.8077E+00  0.1246E+02
  -2.801  0.7978E+00  0.1247E+02
  -2.791  0.7878E+00  0.1247E+02
  -2.781  0.7776E+00  0.1248E+02
  -2.771  0.7674E+00  0.1249E+02
  -2.761  0.7571E+00  0.1250E+02
  -2.751  0.7469E+00  0.1250E+02
  -2.741  0.7366E+00  0.1251E+02
  -2.731  0.7264E+00  0.1252E+02
  -2.721  0.7164E+00  0.1253E+02
  -2.711  0.7064E+00  0.1253E+02
  -2.701  0.6966E+00  0.1254E+02
  -2.691  0.6869E+00  0.1255E+02
  -2.681  0.6774E+00  0.1255E+02
  -2.671  0.6681E+00  0.1256E+02
  -2.661  0.6589E+00  0.1257E+02
  -2.651  0.6500E+00  0.1257E+02
  -2.641  0.6413E+00  0.1258E+02
  -2.631  0.6328E+00  0.1259E+02
  -2.621  0.6244E+00  0.1259E+02
  -2.611  0.6163E+00  0.1260E+02
  -2.601  0.6084E+00  0.1260E+02
  -2.591  0.6007E+00  0.1261E+02
  -2.581  0.5932E+00  0.1262E+02
  -2.571  0.5859E+00  0.1262E+02
  -2.561  0.5787E+00  0.1263E+02
  -2.551  0.5718E+00  0.1263E+02
  -2.541  0.5650E+00  0.1264E+02
  -2.531  0.5584E+00  0.1264E+02
  -2.521  0.5520E+00  0.1265E+02
  -2.511  0.5457E+00  0.1266E+02
  -2.501  0.5396E+00  0.1266E+02
  -2.491  0.5337E+00  0.1267E+02
  -2.481  0.5279E+00  0.1267E+02
  -2.471  0.5222E+00  0.1268E+02
  -2.461  0.5166E+00  0.1268E+02
  -2.451  0.5112E+00  0.1269E+02
  -2.441  0.5058E+00  0.1269E+02
  -2.431  0.5006E+00  0.1270E+02
  -2.421  0.4954E+00  0.1270E+02
  -2.411  0.4903E+00  0.1271E+02
  -2.401  0.4853E+00  0.1271E+02
  -2.391  0.4804E+00  0.1272E+02
  -2.381  0.4756E+00  0.1272E+02
  -2.371  0.4708E+00  0.1273E+02
  -2.361  0.4660E+00  0.1273E+02
  -2.351  0.4614E+00  0.1274E+02
  -2.341  0.4568E+00  0.1274E+02
  -2.331  0.4522E+00  0.1274E+02
  -2.321  0.4478E+00  0.1275E+02
  -2.311  0.4434E+00  0.1275E+02
  -2.301  0.4390E+00  0.1276E+02
  -2.291  0.4347E+00  0.1276E+02
  -2.281  0.4305E+00  0.1277E+02
  -2.271  0.4264E+00  0.1277E+02
  -2.261  0.4223E+00  0.1278E+02
  -2.251  0.4182E+00  0.1278E+02
  -2.241  0.4142E+00  0.1278E+02
  -2.231  0.4102E+00  0.1279E+02
  -2.221  0.4063E+00  0.1279E+02
  -2.211  0.4025E+00  0.1280E+02
  -2.201  0.3986E+00  0.1280E+02
  -2.191  0.3949E+00  0.1280E+02
  -2.181  0.3911E+00  0.1281E+02
  -2.171  0.3874E+00  0.1281E+02
  -2.161  0.3837E+00  0.1282E+02
  -2.151  0.3800E+00  0.1282E+02
  -2.141  0.3763E+00  0.1282E+02
  -2.131  0.3727E+00  0.1283E+02
  -2.121  0.3691E+00  0.1283E+02
  -2.111  0.3656E+00  0.1283E+02
  -2.101  0.3620E+00  0.1284E+02
  -2.091  0.3585E+00  0.1284E+02
  -2.081  0.3551E+00  0.1284E+02
  -2.071  0.3516E+00  0.1285E+02
  -2.061  0.3482E+00  0.1285E+02
  -2.051  0.3448E+00  0.1286E+02
  -2.041  0.3415E+00  0.1286E+02
  -2.031  0.3382E+00  0.1286E+02
  -2.021  0.3349E+00  0.1287E+02
  -2.011  0.3317E+00  0.1287E+02
  -2.001  0.3285E+00  0.1287E+02
  -1.991  0.3253E+00  0.1288E+02
  -1.981  0.3221E+00  0.1288E+02
  -1.971  0.3190E+00  0.1288E+02
  -1.961  0.3158E+00  0.1288E+02
  -1.951  0.3127E+00  0.1289E+02
  -1.941  0.3096E+00  0.1289E+02
  -1.931  0.3066E+00  0.1289E+02
  -1.921  0.3035E+00  0.1290E+02
  -1.911  0.3004E+00  0.1290E+02
  -1.901  0.2974E+00  0.1290E+02
  -1.891  0.2944E+00  0.1291E+02
  -1.881  0.2914E+00  0.1291E+02
  -1.871  0.2884E+00  0.1291E+02
  -1.861  0.2854E+00  0.1291E+02
  -1.851  0.2825E+00  0.1292E+02
  -1.841  0.2796E+00  0.1292E+02
  -1.831  0.2767E+00  0.1292E+02
  -1.821  0.2738E+00  0.1293E+02
  -1.811  0.2709E+00  0.1293E+02
  -1.801  0.2681E+00  0.1293E+02
  -1.791  0.2653E+00  0.1293E+02
  -1.781  0.2625E+00  0.1294E+02
  -1.771  0.2597E+00  0.1294E+02
  -1.761  0.2569E+00  0.1294E+02
  -1.751  0.2542E+00  0.1294E+02
  -1.741  0.2514E+00  0.1295E+02
  -1.731  0.2487E+00  0.1295E+02
  -1.721  0.2460E+00  0.1295E+02
  -1.711  0.2432E+00  0.1295E+02
  -1.701  0.2405E+00  0.1296E+02
  -1.691  0.2378E+00  0.1296E+02
  -1.681  0.2352E+00  0.1296E+02
  -1.671  0.2325E+00  0.1296E+02
  -1.661  0.2298E+00  0.1297E+02
  -1.651  0.2272E+00  0.1297E+02
  -1.641  0.2245E+00  0.1297E+02
  -1.631  0.2219E+00  0.1297E+02
  -1.621  0.2193E+00  0.1297E+02
  -1.611  0.2167E+00  0.1298E+02
  -1.601  0.2141E+00  0.1298E+02
  -1.591  0.2115E+00  0.1298E+02
  -1.581  0.2090E+00  0.1298E+02
  -1.571  0.2064E+00  0.1299E+02
  -1.561  0.2039E+00  0.1299E+02
  -1.551  0.2014E+00  0.1299E+02
  -1.541  0.1988E+00  0.1299E+02
  -1.531  0.1963E+00  0.1299E+02
  -1.521  0.1938E+00  0.1300E+02
  -1.511  0.1914E+00  0.1300E+02
  -1.501  0.1889E+00  0.1300E+02
  -1.491  0.1864E+00  0.1300E+02
  -1.481  0.1839E+00  0.1300E+02
  -1.471  0.1815E+00  0.1300E+02
  -1.461  0.1790E+00  0.1301E+02
  -1.451  0.1766E+00  0.1301E+02
  -1.441  0.1741E+00  0.1301E+02
  -1.431  0.1717E+00  0.1301E+02
  -1.421  0.1693E+00  0.1301E+02
  -1.411  0.1668E+00  0.1301E+02
  -1.401  0.1644E+00  0.1302E+02
  -1.391  0.1620E+00  0.1302E+02
  -1.381  0.1596E+00  0.1302E+02
  -1.371  0.1572E+00  0.1302E+02
  -1.361  0.1549E+00  0.1302E+02
  -1.351  0.1525E+00  0.1302E+02
  -1.341  0.1501E+00  0.1303E+02
  -1.331  0.1478E+00  0.1303E+02
  -1.321  0.1454E+00  0.1303E+02
  -1.311  0.1430E+00  0.1303E+02
  -1.301  0.1407E+00  0.1303E+02
  -1.291  0.1384E+00  0.1303E+02
  -1.281  0.1360E+00  0.1303E+02
  -1.271  0.1337E+00  0.1304E+02
  -1.261  0.1314E+00  0.1304E+02
  -1.251  0.1290E+00  0.1304E+02
  -1.241  0.1267E+00  0.1304E+02
  -1.231  0.1244E+00  0.1304E+02
  -1.221  0.1221E+00  0.1304E+02
  -1.211  0.1197E+00  0.1304E+02
  -1.201  0.1174E+00  0.1304E+02
  -1.191  0.1151E+00  0.1305E+02
  -1.181  0.1128E+00  0.1305E+02
  -1.171  0.1105E+00  0.1305E+02
  -1.161  0.1082E+00  0.1305E+02
  -1.151  0.1059E+00  0.1305E+02
  -1.141  0.1036E+00  0.1305E+02
  -1.131  0.1013E+00  0.1305E+02
  -1.121  0.9901E-01  0.1305E+02
  -1.111  0.9673E-01  0.1305E+02
  -1.101  0.9445E-01  0.1305E+02
  -1.091  0.9218E-01  0.1306E+02
  -1.081  0.8992E-01  0.1306E+02
  -1.071  0.8768E-01  0.1306E+02
  -1.061  0.8544E-01  0.1306E+02
  -1.051  0.8321E-01  0.1306E+02
  -1.041  0.8100E-01  0.1306E+02
  -1.031  0.7880E-01  0.1306E+02
  -1.021  0.7662E-01  0.1306E+02
  -1.011  0.7446E-01  0.1306E+02
  -1.001  0.7232E-01  0.1306E+02
  -0.991  0.7021E-01  0.1306E+02
  -0.981  0.6812E-01  0.1306E+02
  -0.971  0.6606E-01  0.1307E+02
  -0.961  0.6403E-01  0.1307E+02
  -0.951  0.6203E-01  0.1307E+02
  -0.941  0.6007E-01  0.1307E+02
  -0.931  0.5814E-01  0.1307E+02
  -0.921  0.5626E-01  0.1307E+02
  -0.911  0.5442E-01  0.1307E+02
  -0.901  0.5262E-01  0.1307E+02
  -0.891  0.5087E-01  0.1307E+02
  -0.881  0.4917E-01  0.1307E+02
  -0.871  0.4752E-01  0.1307E+02
  -0.861  0.4593E-01  0.1307E+02
  -0.851  0.4439E-01  0.1307E+02
  -0.841  0.4292E-01  0.1307E+02
  -0.831  0.4151E-01  0.1307E+02
  -0.821  0.4016E-01  0.1307E+02
  -0.811  0.3888E-01  0.1307E+02
  -0.801  0.3768E-01  0.1307E+02
  -0.791  0.3655E-01  0.1307E+02
  -0.781  0.3550E-01  0.1307E+02
  -0.771  0.3453E-01  0.1307E+02
  -0.761  0.3364E-01  0.1308E+02
  -0.751  0.3285E-01  0.1308E+02
  -0.741  0.3214E-01  0.1308E+02
  -0.731  0.3152E-01  0.1308E+02
  -0.721  0.3100E-01  0.1308E+02
  -0.711  0.3058E-01  0.1308E+02
  -0.701  0.3025E-01  0.1308E+02
  -0.691  0.3002E-01  0.1308E+02
  -0.681  0.2990E-01  0.1308E+02
  -0.671  0.2988E-01  0.1308E+02
  -0.661  0.2995E-01  0.1308E+02
  -0.651  0.3014E-01  0.1308E+02
  -0.641  0.3042E-01  0.1308E+02
  -0.631  0.3081E-01  0.1308E+02
  -0.621  0.3129E-01  0.1308E+02
  -0.611  0.3188E-01  0.1308E+02
  -0.601  0.3256E-01  0.1308E+02
  -0.591  0.3334E-01  0.1308E+02
  -0.581  0.3422E-01  0.1308E+02
  -0.571  0.3518E-01  0.1308E+02
  -0.561  0.3624E-01  0.1308E+02
  -0.551  0.3739E-01  0.1308E+02
  -0.541  0.3862E-01  0.1308E+02
  -0.531  0.3994E-01  0.1308E+02
  -0.521  0.4133E-01  0.1308E+02
  -0.511  0.4281E-01  0.1308E+02
  -0.501  0.4436E-01  0.1308E+02
  -0.491  0.4598E-01  0.1308E+02
  -0.481  0.4767E-01  0.1308E+02
  -0.471  0.4943E-01  0.1309E+02
  -0.461  0.5125E-01  0.1309E+02
  -0.451  0.5314E-01  0.1309E+02
  -0.441  0.5508E-01  0.1309E+02
  -0.431  0.5708E-01  0.1309E+02
  -0.421  0.5914E-01  0.1309E+02
  -0.411  0.6124E-01  0.1309E+02
  -0.401  0.6339E-01  0.1309E+02
  -0.391  0.6559E-01  0.1309E+02
  -0.381  0.6783E-01  0.1309E+02
  -0.371  0.7011E-01  0.1309E+02
  -0.361  0.7242E-01  0.1309E+02
  -0.351  0.7477E-01  0.1309E+02
  -0.341  0.7715E-01  0.1309E+02
  -0.331  0.7956E-01  0.1309E+02
  -0.321  0.8200E-01  0.1310E+02
  -0.311  0.8446E-01  0.1310E+02
  -0.301  0.8695E-01  0.1310E+02
  -0.291  0.8946E-01  0.1310E+02
  -0.281  0.9198E-01  0.1310E+02
  -0.271  0.9452E-01  0.1310E+02
  -0.261  0.9708E-01  0.1310E+02
  -0.251  0.9966E-01  0.1310E+02
  -0.241  0.1022E+00  0.1310E+02
  -0.231  0.1049E+00  0.1310E+02
  -0.221  0.1075E+00  0.1310E+02
  -0.211  0.1101E+00  0.1311E+02
  -0.201  0.1127E+00  0.1311E+02
  -0.191  0.1154E+00  0.1311E+02
  -0.181  0.1181E+00  0.1311E+02
  -0.171  0.1207E+00  0.1311E+02
  -0.161  0.1234E+00  0.1311E+02
  -0.151  0.1261E+00  0.1311E+02
  -0.141  0.1289E+00  0.1311E+02
  -0.131  0.1316E+00  0.1312E+02
  -0.121  0.1343E+00  0.1312E+02
  -0.111  0.1371E+00  0.1312E+02
  -0.101  0.1399E+00  0.1312E+02
  -0.091  0.1427E+00  0.1312E+02
  -0.081  0.1455E+00  0.1312E+02
  -0.071  0.1483E+00  0.1312E+02
  -0.061  0.1512E+00  0.1313E+02
  -0.051  0.1541E+00  0.1313E+02
  -0.041  0.1570E+00  0.1313E+02
  -0.031  0.1599E+00  0.1313E+02
  -0.021  0.1628E+00  0.1313E+02
  -0.011  0.1658E+00  0.1313E+02
  -0.001  0.1688E+00  0.1314E+02
   0.009  0.1718E+00  0.1314E+02
   0.019  0.1748E+00  0.1314E+02
   0.029  0.1779E+00  0.1314E+02
   0.039  0.1810E+00  0.1314E+02
   0.049  0.1841E+00  0.1314E+02
   0.059  0.1873E+00  0.1315E+02
   0.069  0.1904E+00  0.1315E+02
   0.079  0.1936E+00  0.1315E+02
   0.089  0.1969E+00  0.1315E+02
   0.099  0.2002E+00  0.1315E+02
   0.109  0.2035E+00  0.1316E+02
   0.119  0.2069E+00  0.1316E+02
   0.129  0.2103E+00  0.1316E+02
   0.139  0.2137E+00  0.1316E+02
   0.149  0.2172E+00  0.1316E+02
   0.159  0.2207E+00  0.1317E+02
   0.169  0.2242E+00  0.1317E+02
   0.179  0.2279E+00  0.1317E+02
   0.189  0.2315E+00  0.1317E+02
   0.199  0.2352E+00  0.1318E+02
   0.209  0.2390E+00  0.1318E+02
   0.219  0.2428E+00  0.1318E+02
   0.229  0.2466E+00  0.1318E+02
   0.239  0.2505E+00  0.1319E+02
   0.249  0.2545E+00  0.1319E+02
   0.259  0.2586E+00  0.1319E+02
   0.269  0.2627E+00  0.1319E+02
   0.279  0.2668E+00  0.1320E+02
   0.289  0.2711E+00  0.1320E+02
   0.299  0.2754E+00  0.1320E+02
   0.309  0.2799E+00  0.1320E+02
   0.319  0.2844E+00  0.1321E+02
   0.329  0.2890E+00  0.1321E+02
   0.339  0.2937E+00  0.1321E+02
   0.349  0.2985E+00  0.1322E+02
   0.359  0.3034E+00  0.1322E+02
   0.369  0.3084E+00  0.1322E+02
   0.379  0.3136E+00  0.1323E+02
   0.389  0.3189E+00  0.1323E+02
   0.399  0.3244E+00  0.1323E+02
   0.409  0.3300E+00  0.1323E+02
   0.419  0.3357E+00  0.1324E+02
   0.429  0.3417E+00  0.1324E+02
   0.439  0.3478E+00  0.1325E+02
   0.449  0.3541E+00  0.1325E+02
   0.459  0.3607E+00  0.1325E+02
   0.469  0.3674E+00  0.1326E+02
   0.479  0.3745E+00  0.1326E+02
   0.489  0.3818E+00  0.1326E+02
   0.499  0.3894E+00  0.1327E+02
   0.509  0.3973E+00  0.1327E+02
   0.519  0.4055E+00  0.1328E+02
   0.529  0.4141E+00  0.1328E+02
   0.539  0.4231E+00  0.1328E+02
   0.549  0.4324E+00  0.1329E+02
   0.559  0.4422E+00  0.1329E+02
   0.569  0.4523E+00  0.1330E+02
   0.579  0.4629E+00  0.1330E+02
   0.589  0.4740E+00  0.1331E+02
   0.599  0.4855E+00  0.1331E+02
   0.609  0.4974E+00  0.1332E+02
   0.619  0.5098E+00  0.1332E+02
   0.629  0.5227E+00  0.1333E+02
   0.639  0.5360E+00  0.1333E+02
   0.649  0.5497E+00  0.1334E+02
   0.659  0.5639E+00  0.1334E+02
   0.669  0.5784E+00  0.1335E+02
   0.679  0.5933E+00  0.1335E+02
   0.689  0.6085E+00  0.1336E+02
   0.699  0.6240E+00  0.1337E+02
   0.709  0.6397E+00  0.1337E+02
   0.719  0.6555E+00  0.1338E+02
   0.729  0.6715E+00  0.1339E+02
   0.739  0.6876E+00  0.1339E+02
   0.749  0.7036E+00  0.1340E+02
   0.759  0.7195E+00  0.1341E+02
   0.769  0.7353E+00  0.1342E+02
   0.779  0.7508E+00  0.1342E+02
   0.789  0.7661E+00  0.1343E+02
   0.799  0.7810E+00  0.1344E+02
   0.809  0.7954E+00  0.1345E+02
   0.819  0.8093E+00  0.1345E+02
   0.829  0.8227E+00  0.1346E+02
   0.839  0.8355E+00  0.1347E+02
   0.849  0.8476E+00  0.1348E+02
   0.859  0.8590E+00  0.1349E+02
   0.869  0.8697E+00  0.1350E+02
   0.879  0.8797E+00  0.1351E+02
   0.889  0.8890E+00  0.1351E+02
   0.899  0.8975E+00  0.1352E+02
   0.909  0.9053E+00  0.1353E+02
   0.919  0.9124E+00  0.1354E+02
   0.929  0.9189E+00  0.1355E+02
   0.939  0.9247E+00  0.1356E+02
   0.949  0.9300E+00  0.1357E+02
   0.959  0.9346E+00  0.1358E+02
   0.969  0.9388E+00  0.1359E+02
   0.979  0.9426E+00  0.1360E+02
   0.989  0.9459E+00  0.1361E+02
   0.999  0.9489E+00  0.1362E+02
   1.009  0.9515E+00  0.1363E+02
   1.019  0.9539E+00  0.1364E+02
   1.029  0.9560E+00  0.1364E+02
   1.039  0.9578E+00  0.1365E+02
   1.049  0.9594E+00  0.1366E+02
   1.059  0.9608E+00  0.1367E+02
   1.069  0.9620E+00  0.1368E+02
   1.079  0.9629E+00  0.1369E+02
   1.089  0.9636E+00  0.1370E+02
   1.099  0.9640E+00  0.1371E+02
   1.109  0.9642E+00  0.1372E+02
   1.119  0.9641E+00  0.1373E+02
   1.129  0.9636E+00  0.1374E+02
   1.139  0.9629E+00  0.1375E+02
   1.149  0.9617E+00  0.1376E+02
   1.159  0.9602E+00  0.1377E+02
   1.169  0.9582E+00  0.1378E+02
   1.179  0.9559E+00  0.1379E+02
   1.189  0.9530E+00  0.1380E+02
   1.199  0.9498E+00  0.1381E+02
   1.209  0.9461E+00  0.1382E+02
   1.219  0.9419E+00  0.1383E+02
   1.229  0.9373E+00  0.1384E+02
   1.239  0.9323E+00  0.1385E+02
   1.249  0.9268E+00  0.1386E+02
   1.259  0.9210E+00  0.1386E+02
   1.269  0.9148E+00  0.1387E+02
   1.279  0.9082E+00  0.1388E+02
   1.289  0.9013E+00  0.1389E+02
   1.299  0.8942E+00  0.1390E+02
   1.309  0.8869E+00  0.1391E+02
   1.319  0.8793E+00  0.1392E+02
   1.329  0.8716E+00  0.1393E+02
   1.339  0.8638E+00  0.1394E+02
   1.349  0.8560E+00  0.1394E+02
   1.359  0.8481E+00  0.1395E+02
   1.369  0.8403E+00  0.1396E+02
   1.379  0.8325E+00  0.1397E+02
   1.389  0.8249E+00  0.1398E+02
   1.399  0.8174E+00  0.1399E+02
   1.409  0.8102E+00  0.1399E+02
   1.419  0.8032E+00  0.1400E+02
   1.429  0.7965E+00  0.1401E+02
   1.439  0.7901E+00  0.1402E+02
   1.449  0.7841E+00  0.1403E+02
   1.459  0.7784E+00  0.1403E+02
   1.469  0.7732E+00  0.1404E+02
   1.479  0.7683E+00  0.1405E+02
   1.489  0.7639E+00  0.1406E+02
   1.499  0.7600E+00  0.1406E+02
   1.509  0.7565E+00  0.1407E+02
   1.519  0.7535E+00  0.1408E+02
   1.529  0.7509E+00  0.1409E+02
   1.539  0.7488E+00  0.1409E+02
   1.549  0.7472E+00  0.1410E+02
   1.559  0.7460E+00  0.1411E+02
   1.569  0.7452E+00  0.1412E+02
   1.579  0.7448E+00  0.1412E+02
   1.589  0.7449E+00  0.1413E+02
   1.599  0.7453E+00  0.1414E+02
   1.609  0.7461E+00  0.1415E+02
   1.619  0.7472E+00  0.1415E+02
   1.629  0.7486E+00  0.1416E+02
   1.639  0.7503E+00  0.1417E+02
   1.649  0.7523E+00  0.1418E+02
   1.659  0.7545E+00  0.1418E+02
   1.669  0.7569E+00  0.1419E+02
   1.679  0.7594E+00  0.1420E+02
   1.689  0.7621E+00  0.1421E+02
   1.699  0.7649E+00  0.1421E+02
   1.709  0.7678E+00  0.1422E+02
   1.719  0.7707E+00  0.1423E+02
   1.729  0.7736E+00  0.1424E+02
   1.739  0.7765E+00  0.1425E+02
   1.749  0.7793E+00  0.1425E+02
   1.759  0.7821E+00  0.1426E+02
   1.769  0.7848E+00  0.1427E+02
   1.779  0.7873E+00  0.1428E+02
   1.789  0.7897E+00  0.1428E+02
   1.799  0.7918E+00  0.1429E+02
   1.809  0.7938E+00  0.1430E+02
   1.819  0.7956E+00  0.1431E+02
   1.829  0.7971E+00  0.1432E+02
   1.839  0.7985E+00  0.1432E+02
   1.849  0.7996E+00  0.1433E+02
   1.859  0.8004E+00  0.1434E+02
   1.869  0.8011E+00  0.1435E+02
   1.879  0.8015E+00  0.1436E+02
   1.889  0.8017E+00  0.1436E+02
   1.899  0.8017E+00  0.1437E+02
   1.909  0.8016E+00  0.1438E+02
   1.919  0.8013E+00  0.1439E+02
   1.929  0.8009E+00  0.1440E+02
   1.939  0.8004E+00  0.1440E+02
   1.949  0.7998E+00  0.1441E+02
   1.959  0.7991E+00  0.1442E+02
   1.969  0.7984E+00  0.1443E+02
   1.979  0.7978E+00  0.1444E+02
   1.989  0.7971E+00  0.1444E+02
   1.999  0.7965E+00  0.1445E+02
   2.009  0.7959E+00  0.1446E+02
   2.019  0.7954E+00  0.1447E+02
   2.029  0.7951E+00  0.1448E+02
   2.039  0.7948E+00  0.1448E+02
   2.049  0.7947E+00  0.1449E+02
   2.059  0.7947E+00  0.1450E+02
   2.069  0.7949E+00  0.1451E+02
   2.079  0.7953E+00  0.1452E+02
   2.089  0.7958E+00  0.1452E+02
   2.099  0.7966E+00  0.1453E+02
   2.109  0.7976E+00  0.1454E+02
   2.119  0.7988E+00  0.1455E+02
   2.129  0.8002E+00  0.1456E+02
   2.139  0.8019E+00  0.1456E+02
   2.149  0.8039E+00  0.1457E+02
   2.159  0.8061E+00  0.1458E+02
   2.169  0.8085E+00  0.1459E+02
   2.179  0.8113E+00  0.1460E+02
   2.189  0.8143E+00  0.1460E+02
   2.199  0.8176E+00  0.1461E+02
   2.209  0.8211E+00  0.1462E+02
   2.219  0.8249E+00  0.1463E+02
   2.229  0.8290E+00  0.1464E+02
   2.239  0.8333E+00  0.1465E+02
   2.249  0.8377E+00  0.1465E+02
   2.259  0.8423E+00  0.1466E+02
   2.269  0.8471E+00  0.1467E+02
   2.279  0.8520E+00  0.1468E+02
   2.289  0.8570E+00  0.1469E+02
   2.299  0.8620E+00  0.1470E+02
   2.309  0.8671E+00  0.1470E+02
   2.319  0.8721E+00  0.1471E+02
   2.329  0.8770E+00  0.1472E+02
   2.339  0.8818E+00  0.1473E+02
   2.349  0.8865E+00  0.1474E+02
   2.359  0.8911E+00  0.1475E+02
   2.369  0.8954E+00  0.1476E+02
   2.379  0.8995E+00  0.1477E+02
   2.389  0.9034E+00  0.1478E+02
   2.399  0.9070E+00  0.1479E+02
   2.409  0.9104E+00  0.1479E+02
   2.419  0.9135E+00  0.1480E+02
   2.429  0.9163E+00  0.1481E+02
   2.439  0.9188E+00  0.1482E+02
   2.449  0.9211E+00  0.1483E+02
   2.459  0.9231E+00  0.1484E+02
   2.469  0.9249E+00  0.1485E+02
   2.479  0.9264E+00  0.1486E+02
   2.489  0.9278E+00  0.1487E+02
   2.499  0.9289E+00  0.1488E+02
   2.509  0.9298E+00  0.1489E+02
   2.519  0.9305E+00  0.1490E+02
   2.529  0.9311E+00  0.1491E+02
   2.539  0.9315E+00  0.1491E+02
   2.549  0.9318E+00  0.1492E+02
   2.559  0.9320E+00  0.1493E+02
   2.569  0.9320E+00  0.1494E+02
   2.579  0.9319E+00  0.1495E+02
   2.589  0.9318E+00  0.1496E+02
   2.599  0.9315E+00  0.1497E+02
   2.609  0.9311E+00  0.1498E+02
   2.619  0.9306E+00  0.1499E+02
   2.629  0.9301E+00  0.1500E+02
   2.639  0.9294E+00  0.1501E+02
   2.649  0.9287E+00  0.1502E+02
   2.659  0.9279E+00  0.1503E+02
   2.669  0.9271E+00  0.1504E+02
   2.679  0.9261E+00  0.1504E+02
   2.689  0.9252E+00  0.1505E+02
   2.699  0.9242E+00  0.1506E+02
   2.709  0.9232E+00  0.1507E+02
   2.719  0.9221E+00  0.1508E+02
   2.729  0.9211E+00  0.1509E+02
   2.739  0.9200E+00  0.1510E+02
   2.749  0.9190E+00  0.1511E+02
   2.759  0.9179E+00  0.1512E+02
   2.769  0.9169E+00  0.1513E+02
   2.779  0.9160E+00  0.1514E+02
   2.789  0.9150E+00  0.1515E+02
   2.799  0.9141E+00  0.1515E+02
   2.809  0.9132E+00  0.1516E+02
   2.819  0.9124E+00  0.1517E+02
   2.829  0.9116E+00  0.1518E+02
   2.839  0.9108E+00  0.1519E+02
   2.849  0.9101E+00  0.1520E+02
   2.859  0.9094E+00  0.1521E+02
   2.869  0.9086E+00  0.1522E+02
   2.879  0.9079E+00  0.1523E+02
   2.889  0.9072E+00  0.1524E+02
   2.899  0.9065E+00  0.1525E+02
   2.909  0.9058E+00  0.1525E+02
   2.919  0.9051E+00  0.1526E+02
   2.929  0.9043E+00  0.1527E+02
   2.939  0.9036E+00  0.1528E+02
   2.949  0.9029E+00  0.1529E+02
   2.959  0.9022E+00  0.1530E+02
   2.969  0.9015E+00  0.1531E+02
   2.979  0.9009E+00  0.1532E+02
   2.989  0.9003E+00  0.1533E+02
   2.999  0.8998E+00  0.1534E+02
   3.009  0.8994E+00  0.1535E+02
   3.019  0.8991E+00  0.1535E+02
   3.029  0.8990E+00  0.1536E+02
   3.039  0.8989E+00  0.1537E+02
   3.049  0.8991E+00  0.1538E+02
   3.059  0.8994E+00  0.1539E+02
   3.069  0.8999E+00  0.1540E+02
   3.079  0.9007E+00  0.1541E+02
   3.089  0.9016E+00  0.1542E+02
   3.099  0.9028E+00  0.1543E+02
   3.109  0.9043E+00  0.1544E+02
   3.119  0.9060E+00  0.1544E+02
   3.129  0.9079E+00  0.1545E+02
   3.139  0.9101E+00  0.1546E+02
   3.149  0.9126E+00  0.1547E+02
   3.159  0.9153E+00  0.1548E+02
   3.169  0.9183E+00  0.1549E+02
   3.179  0.9216E+00  0.1550E+02
   3.189  0.9251E+00  0.1551E+02
   3.199  0.9288E+00  0.1552E+02
   3.209  0.9328E+00  0.1553E+02
   3.219  0.9370E+00  0.1554E+02
   3.229  0.9414E+00  0.1555E+02
   3.239  0.9460E+00  0.1556E+02
   3.249  0.9509E+00  0.1556E+02
   3.259  0.9558E+00  0.1557E+02
   3.269  0.9610E+00  0.1558E+02
   3.279  0.9663E+00  0.1559E+02
   3.289  0.9717E+00  0.1560E+02
   3.299  0.9772E+00  0.1561E+02
   3.309  0.9828E+00  0.1562E+02
   3.319  0.9884E+00  0.1563E+02
   3.329  0.9941E+00  0.1564E+02
   3.339  0.9998E+00  0.1565E+02
   3.349  0.1006E+01  0.1566E+02
   3.359  0.1011E+01  0.1567E+02
   3.369  0.1017E+01  0.1568E+02
   3.379  0.1022E+01  0.1569E+02
   3.389  0.1028E+01  0.1570E+02
   3.399  0.1033E+01  0.1571E+02
   3.409  0.1038E+01  0.1572E+02
   3.419  0.1043E+01  0.1573E+02
   3.429  0.1048E+01  0.1575E+02
   3.439  0.1052E+01  0.1576E+02
   3.449  0.1056E+01  0.1577E+02
   3.459  0.1061E+01  0.1578E+02
   3.469  0.1065E+01  0.1579E+02
   3.479  0.1068E+01  0.1580E+02
   3.489  0.1072E+01  0.1581E+02
   3.499  0.1076E+01  0.1582E+02
   3.509  0.1079E+01  0.1583E+02
   3.519  0.1082E+01  0.1584E+02
   3.529  0.1086E+01  0.1585E+02
   3.539  0.1089E+01  0.1586E+02
   3.549  0.1092E+01  0.1587E+02
   3.559  0.1095E+01  0.1588E+02
   3.569  0.1099E+01  0.1590E+02
   3.579  0.1102E+01  0.1591E+02
   3.589  0.1106E+01  0.1592E+02
   3.599  0.1109E+01  0.1593E+02
   3.609  0.1113E+01  0.1594E+02
   3.619  0.1118E+01  0.1595E+02
   3.629  0.1122E+01  0.1596E+02
   3.639  0.1126E+01  0.1597E+02
   3.649  0.1131E+01  0.1599E+02
   3.659  0.1136E+01  0.1600E+02
   3.669  0.1141E+01  0.1601E+02
   3.679  0.1147E+01  0.1602E+02
   3.689  0.1152E+01  0.1603E+02
   3.699  0.1158E+01  0.1604E+02
   3.709  0.1164E+01  0.1605E+02
   3.719  0.1170E+01  0.1607E+02
   3.729  0.1176E+01  0.1608E+02
   3.739  0.1182E+01  0.1609E+02
   3.749  0.1187E+01  0.1610E+02
   3.759  0.1193E+01  0.1611E+02
   3.769  0.1199E+01  0.1613E+02
   3.779  0.1205E+01  0.1614E+02
   3.789  0.1210E+01  0.1615E+02
   3.799  0.1215E+01  0.1616E+02
   3.809  0.1221E+01  0.1617E+02
   3.819  0.1225E+01  0.1619E+02
   3.829  0.1230E+01  0.1620E+02
   3.839  0.1235E+01  0.1621E+02
   3.849  0.1239E+01  0.1622E+02
   3.859  0.1243E+01  0.1624E+02
   3.869  0.1246E+01  0.1625E+02
   3.879  0.1250E+01  0.1626E+02
   3.889  0.1253E+01  0.1627E+02
   3.899  0.1256E+01  0.1629E+02
   3.909  0.1259E+01  0.1630E+02
   3.919  0.1261E+01  0.1631E+02
   3.929  0.1263E+01  0.1632E+02
   3.939  0.1265E+01  0.1634E+02
   3.949  0.1267E+01  0.1635E+02
   3.959  0.1269E+01  0.1636E+02
   3.969  0.1270E+01  0.1637E+02
   3.979  0.1272E+01  0.1639E+02
   3.989  0.1273E+01  0.1640E+02
   3.999  0.1274E+01  0.1641E+02
   4.009  0.1275E+01  0.1642E+02
   4.019  0.1275E+01  0.1644E+02
   4.029  0.1276E+01  0.1645E+02
   4.039  0.1276E+01  0.1646E+02
   4.049  0.1276E+01  0.1648E+02
   4.059  0.1277E+01  0.1649E+02
   4.069  0.1277E+01  0.1650E+02
   4.079  0.1276E+01  0.1651E+02
   4.089  0.1276E+01  0.1653E+02
   4.099  0.1276E+01  0.1654E+02
   4.109  0.1275E+01  0.1655E+02
   4.119  0.1275E+01  0.1657E+02
   4.129  0.1275E+01  0.1658E+02
   4.139  0.1274E+01  0.1659E+02
   4.149  0.1273E+01  0.1660E+02
   4.159  0.1273E+01  0.1662E+02
   4.169  0.1272E+01  0.1663E+02
   4.179  0.1272E+01  0.1664E+02
   4.189  0.1271E+01  0.1665E+02
   4.199  0.1271E+01  0.1667E+02
   4.209  0.1270E+01  0.1668E+02
   4.219  0.1270E+01  0.1669E+02
   4.229  0.1270E+01  0.1671E+02
   4.239  0.1269E+01  0.1672E+02
   4.249  0.1269E+01  0.1673E+02
   4.259  0.1269E+01  0.1674E+02
   4.269  0.1268E+01  0.1676E+02
   4.279  0.1268E+01  0.1677E+02
   4.289  0.1268E+01  0.1678E+02
   4.299  0.1268E+01  0.1679E+02
   4.309  0.1267E+01  0.1681E+02
   4.319  0.1267E+01  0.1682E+02
   4.329  0.1267E+01  0.1683E+02
   4.339  0.1267E+01  0.1684E+02
   4.349  0.1266E+01  0.1686E+02
   4.359  0.1266E+01  0.1687E+02
   4.369  0.1266E+01  0.1688E+02
   4.379  0.1265E+01  0.1690E+02
   4.389  0.1265E+01  0.1691E+02
   4.399  0.1264E+01  0.1692E+02
   4.409  0.1264E+01  0.1693E+02
   4.419  0.1263E+01  0.1695E+02
   4.429  0.1263E+01  0.1696E+02
   4.439  0.1262E+01  0.1697E+02
   4.449  0.1262E+01  0.1698E+02
   4.459  0.1261E+01  0.1700E+02
   4.469  0.1261E+01  0.1701E+02
   4.479  0.1260E+01  0.1702E+02
   4.489  0.1260E+01  0.1703E+02
   4.499  0.1260E+01  0.1705E+02
   4.509  0.1259E+01  0.1706E+02
   4.519  0.1259E+01  0.1707E+02
   4.529  0.1259E+01  0.1708E+02
   4.539  0.1259E+01  0.1710E+02
   4.549  0.1259E+01  0.1711E+02
   4.559  0.1259E+01  0.1712E+02
   4.569  0.1259E+01  0.1713E+02
   4.579  0.1259E+01  0.1715E+02
   4.589  0.1259E+01  0.1716E+02
   4.599  0.1259E+01  0.1717E+02
   4.609  0.1259E+01  0.1719E+02
   4.619  0.1259E+01  0.1720E+02
   4.629  0.1259E+01  0.1721E+02
   4.639  0.1259E+01  0.1722E+02
   4.649  0.1259E+01  0.1724E+02
   4.659  0.1259E+01  0.1725E+02
   4.669  0.1259E+01  0.1726E+02
   4.679  0.1260E+01  0.1727E+02
   4.689  0.1260E+01  0.1729E+02
   4.699  0.1260E+01  0.1730E+02
   4.709  0.1261E+01  0.1731E+02
   4.719  0.1261E+01  0.1732E+02
   4.729  0.1262E+01  0.1734E+02
   4.739  0.1263E+01  0.1735E+02
   4.749  0.1265E+01  0.1736E+02
   4.759  0.1266E+01  0.1737E+02
   4.769  0.1268E+01  0.1739E+02
   4.779  0.1270E+01  0.1740E+02
   4.789  0.1273E+01  0.1741E+02
   4.799  0.1276E+01  0.1743E+02
   4.809  0.1279E+01  0.1744E+02
   4.819  0.1283E+01  0.1745E+02
   4.829  0.1286E+01  0.1746E+02
   4.839  0.1291E+01  0.1748E+02
   4.849  0.1295E+01  0.1749E+02
   4.859  0.1300E+01  0.1750E+02
   4.869  0.1305E+01  0.1752E+02
   4.879  0.1310E+01  0.1753E+02
   4.889  0.1315E+01  0.1754E+02
   4.899  0.1320E+01  0.1756E+02
   4.909  0.1326E+01  0.1757E+02
   4.919  0.1331E+01  0.1758E+02
   4.929  0.1336E+01  0.1760E+02
   4.939  0.1342E+01  0.1761E+02
   4.949  0.1347E+01  0.1762E+02
   4.959  0.1352E+01  0.1764E+02
   4.969  0.1357E+01  0.1765E+02
   4.979  0.1361E+01  0.1766E+02
   4.989  0.1365E+01  0.1768E+02
   4.999  0.1369E+01  0.1769E+02
   5.009  0.1373E+01  0.1770E+02
   5.019  0.1376E+01  0.1772E+02
   5.029  0.1380E+01  0.1773E+02
   5.039  0.1382E+01  0.1775E+02
   5.049  0.1385E+01  0.1776E+02
   5.059  0.1387E+01  0.1777E+02
   5.069  0.1390E+01  0.1779E+02
   5.079  0.1392E+01  0.1780E+02
   5.089  0.1393E+01  0.1781E+02
   5.099  0.1395E+01  0.1783E+02
   5.109  0.1397E+01  0.1784E+02
   5.119  0.1398E+01  0.1786E+02
   5.129  0.1400E+01  0.1787E+02
   5.139  0.1402E+01  0.1788E+02
   5.149  0.1403E+01  0.1790E+02
   5.159  0.1405E+01  0.1791E+02
   5.169  0.1407E+01  0.1793E+02
   5.179  0.1409E+01  0.1794E+02
   5.189  0.1411E+01  0.1795E+02
   5.199  0.1413E+01  0.1797E+02
   5.209  0.1415E+01  0.1798E+02
   5.219  0.1417E+01  0.1800E+02
   5.229  0.1420E+01  0.1801E+02
   5.239  0.1422E+01  0.1803E+02
   5.249  0.1425E+01  0.1804E+02
   5.259  0.1427E+01  0.1805E+02
   5.269  0.1430E+01  0.1807E+02
   5.279  0.1433E+01  0.1808E+02
   5.289  0.1436E+01  0.1810E+02
   5.299  0.1438E+01  0.1811E+02
   5.309  0.1441E+01  0.1813E+02
   5.319  0.1444E+01  0.1814E+02
   5.329  0.1446E+01  0.1815E+02
   5.339  0.1449E+01  0.1817E+02
   5.349  0.1451E+01  0.1818E+02
   5.359  0.1454E+01  0.1820E+02
   5.369  0.1456E+01  0.1821E+02
   5.379  0.1458E+01  0.1823E+02
   5.389  0.1460E+01  0.1824E+02
   5.399  0.1462E+01  0.1826E+02
   5.409  0.1464E+01  0.1827E+02
   5.419  0.1465E+01  0.1829E+02
   5.429  0.1466E+01  0.1830E+02
   5.439  0.1468E+01  0.1832E+02
   5.449  0.1468E+01  0.1833E+02
   5.459  0.1469E+01  0.1834E+02
   5.469  0.1470E+01  0.1836E+02
   5.479  0.1470E+01  0.1837E+02
   5.489  0.1470E+01  0.1839E+02
   5.499  0.1470E+01  0.1840E+02
   5.509  0.1469E+01  0.1842E+02
   5.519  0.1469E+01  0.1843E+02
   5.529  0.1468E+01  0.1845E+02
   5.539  0.1467E+01  0.1846E+02
   5.549  0.1466E+01  0.1848E+02
   5.559  0.1465E+01  0.1849E+02
   5.569  0.1463E+01  0.1851E+02
   5.579  0.1462E+01  0.1852E+02
   5.589  0.1460E+01  0.1854E+02
   5.599  0.1458E+01  0.1855E+02
   5.609  0.1456E+01  0.1856E+02
   5.619  0.1455E+01  0.1858E+02
   5.629  0.1453E+01  0.1859E+02
   5.639  0.1451E+01  0.1861E+02
   5.649  0.1449E+01  0.1862E+02
   5.659  0.1447E+01  0.1864E+02
   5.669  0.1446E+01  0.1865E+02
   5.679  0.1444E+01  0.1867E+02
   5.689  0.1443E+01  0.1868E+02
   5.699  0.1441E+01  0.1869E+02
   5.709  0.1440E+01  0.1871E+02
   5.719  0.1439E+01  0.1872E+02
   5.729  0.1439E+01  0.1874E+02
   5.739  0.1438E+01  0.1875E+02
   5.749  0.1438E+01  0.1877E+02
   5.759  0.1438E+01  0.1878E+02
   5.769  0.1438E+01  0.1880E+02
   5.779  0.1438E+01  0.1881E+02
   5.789  0.1438E+01  0.1882E+02
   5.799  0.1439E+01  0.1884E+02
   5.809  0.1439E+01  0.1885E+02
   5.819  0.1440E+01  0.1887E+02
   5.829  0.1441E+01  0.1888E+02
   5.839  0.1442E+01  0.1890E+02
   5.849  0.1443E+01  0.1891E+02
   5.859  0.1444E+01  0.1893E+02
   5.869  0.1446E+01  0.1894E+02
   5.879  0.1447E+01  0.1895E+02
   5.889  0.1449E+01  0.1897E+02
   5.899  0.1450E+01  0.1898E+02
   5.909  0.1452E+01  0.1900E+02
   5.919  0.1454E+01  0.1901E+02
   5.929  0.1456E+01  0.1903E+02
   5.939  0.1458E+01  0.1904E+02
   5.949  0.1460E+01  0.1906E+02
   5.959  0.1463E+01  0.1907E+02
   5.969  0.1466E+01  0.1909E+02
   5.979  0.1469E+01  0.1910E+02
   5.989  0.1473E+01  0.1911E+02
   5.999  0.1477E+01  0.1913E+02
   6.009  0.1481E+01  0.1914E+02
   6.019  0.1486E+01  0.1916E+02
   6.029  0.1491E+01  0.1917E+02
   6.039  0.1497E+01  0.1919E+02
   6.049  0.1503E+01  0.1920E+02
   6.059  0.1510E+01  0.1922E+02
   6.069  0.1518E+01  0.1923E+02
   6.079  0.1525E+01  0.1925E+02
   6.089  0.1534E+01  0.1926E+02
   6.099  0.1542E+01  0.1928E+02
   6.109  0.1551E+01  0.1930E+02
   6.119  0.1561E+01  0.1931E+02
   6.129  0.1571E+01  0.1933E+02
   6.139  0.1581E+01  0.1934E+02
   6.149  0.1591E+01  0.1936E+02
   6.159  0.1602E+01  0.1937E+02
   6.169  0.1613E+01  0.1939E+02
   6.179  0.1624E+01  0.1941E+02
   6.189  0.1635E+01  0.1942E+02
   6.199  0.1646E+01  0.1944E+02
   6.209  0.1657E+01  0.1946E+02
   6.219  0.1667E+01  0.1947E+02
   6.229  0.1678E+01  0.1949E+02
   6.239  0.1689E+01  0.1951E+02
   6.249  0.1700E+01  0.1952E+02
   6.259  0.1710E+01  0.1954E+02
   6.269  0.1720E+01  0.1956E+02
   6.279  0.1731E+01  0.1958E+02
   6.289  0.1741E+01  0.1959E+02
   6.299  0.1751E+01  0.1961E+02
   6.309  0.1760E+01  0.1963E+02
   6.319  0.1770E+01  0.1965E+02
   6.329  0.1779E+01  0.1966E+02
   6.339  0.1788E+01  0.1968E+02
   6.349  0.1797E+01  0.1970E+02
   6.359  0.1806E+01  0.1972E+02
   6.369  0.1814E+01  0.1974E+02
   6.379  0.1823E+01  0.1975E+02
   6.389  0.1831E+01  0.1977E+02
   6.399  0.1839E+01  0.1979E+02
   6.409  0.1847E+01  0.1981E+02
   6.419  0.1854E+01  0.1983E+02
   6.429  0.1862E+01  0.1985E+02
   6.439  0.1869E+01  0.1986E+02
   6.449  0.1876E+01  0.1988E+02
   6.459  0.1883E+01  0.1990E+02
   6.469  0.1890E+01  0.1992E+02
   6.479  0.1897E+01  0.1994E+02
   6.489  0.1904E+01  0.1996E+02
   6.499  0.1910E+01  0.1998E+02
   6.509  0.1917E+01  0.2000E+02
   6.519  0.1924E+01  0.2002E+02
   6.529  0.1931E+01  0.2004E+02
   6.539  0.1938E+01  0.2006E+02
   6.549  0.1946E+01  0.2008E+02
   6.559  0.1954E+01  0.2009E+02
   6.569  0.1962E+01  0.2011E+02
   6.579  0.1970E+01  0.2013E+02
   6.589  0.1979E+01  0.2015E+02
   6.599  0.1988E+01  0.2017E+02
   6.609  0.1998E+01  0.2019E+02
   6.619  0.2008E+01  0.2021E+02
   6.629  0.2019E+01  0.2023E+02
   6.639  0.2030E+01  0.2025E+02
   6.649  0.2041E+01  0.2027E+02
   6.659  0.2054E+01  0.2030E+02
   6.669  0.2067E+01  0.2032E+02
   6.679  0.2080E+01  0.2034E+02
   6.689  0.2094E+01  0.2036E+02
   6.699  0.2109E+01  0.2038E+02
   6.709  0.2124E+01  0.2040E+02
   6.719  0.2140E+01  0.2042E+02
   6.729  0.2156E+01  0.2044E+02
   6.739  0.2173E+01  0.2046E+02
   6.749  0.2191E+01  0.2049E+02
   6.759  0.2209E+01  0.2051E+02
   6.769  0.2228E+01  0.2053E+02
   6.779  0.2247E+01  0.2055E+02
   6.789  0.2267E+01  0.2058E+02
   6.799  0.2288E+01  0.2060E+02
   6.809  0.2309E+01  0.2062E+02
   6.819  0.2331E+01  0.2065E+02
   6.829  0.2353E+01  0.2067E+02
   6.839  0.2376E+01  0.2069E+02
   6.849  0.2399E+01  0.2072E+02
   6.859  0.2423E+01  0.2074E+02
   6.869  0.2447E+01  0.2077E+02
   6.879  0.2471E+01  0.2079E+02
   6.889  0.2496E+01  0.2081E+02
   6.899  0.2521E+01  0.2084E+02
   6.909  0.2546E+01  0.2087E+02
   6.919  0.2571E+01  0.2089E+02
   6.929  0.2596E+01  0.2092E+02
   6.939  0.2620E+01  0.2094E+02
   6.949  0.2645E+01  0.2097E+02
   6.959  0.2669E+01  0.2100E+02
   6.969  0.2692E+01  0.2102E+02
   6.979  0.2715E+01  0.2105E+02
   6.989  0.2737E+01  0.2108E+02
   6.999  0.2758E+01  0.2111E+02
   7.009  0.2778E+01  0.2113E+02
   7.019  0.2797E+01  0.2116E+02
   7.029  0.2815E+01  0.2119E+02
   7.039  0.2832E+01  0.2122E+02
   7.049  0.2848E+01  0.2125E+02
   7.059  0.2862E+01  0.2127E+02
   7.069  0.2875E+01  0.2130E+02
   7.079  0.2888E+01  0.2133E+02
   7.089  0.2898E+01  0.2136E+02
   7.099  0.2908E+01  0.2139E+02
   7.109  0.2917E+01  0.2142E+02
   7.119  0.2925E+01  0.2145E+02
   7.129  0.2931E+01  0.2148E+02
   7.139  0.2937E+01  0.2151E+02
   7.149  0.2942E+01  0.2154E+02
   7.159  0.2946E+01  0.2157E+02
   7.169  0.2950E+01  0.2160E+02
   7.179  0.2953E+01  0.2163E+02
   7.189  0.2955E+01  0.2166E+02
   7.199  0.2957E+01  0.2168E+02
   7.209  0.2959E+01  0.2171E+02
   7.219  0.2960E+01  0.2174E+02
   7.229  0.2961E+01  0.2177E+02
   7.239  0.2962E+01  0.2180E+02
   7.249  0.2963E+01  0.2183E+02
   7.259  0.2964E+01  0.2186E+02
   7.269  0.2965E+01  0.2189E+02
   7.279  0.2966E+01  0.2192E+02
   7.289  0.2967E+01  0.2195E+02
   7.299  0.2968E+01  0.2198E+02
   7.309  0.2969E+01  0.2201E+02
   7.319  0.2970E+01  0.2204E+02
   7.329  0.2971E+01  0.2207E+02
   7.339  0.2973E+01  0.2210E+02
   7.349  0.2975E+01  0.2213E+02
   7.359  0.2977E+01  0.2216E+02
   7.369  0.2979E+01  0.2219E+02
   7.379  0.2982E+01  0.2222E+02
   7.389  0.2985E+01  0.2225E+02
   7.399  0.2989E+01  0.2228E+02
   7.409  0.2993E+01  0.2231E+02
   7.419  0.2998E+01  0.2234E+02
   7.429  0.3004E+01  0.2237E+02
   7.439  0.3010E+01  0.2240E+02
   7.449  0.3017E+01  0.2243E+02
   7.459  0.3026E+01  0.2246E+02
   7.469  0.3035E+01  0.2249E+02
   7.479  0.3045E+01  0.2252E+02
   7.489  0.3057E+01  0.2255E+02
   7.499  0.3070E+01  0.2258E+02
   7.509  0.3084E+01  0.2261E+02
   7.519  0.3100E+01  0.2264E+02
   7.529  0.3117E+01  0.2267E+02
   7.539  0.3136E+01  0.2271E+02
   7.549  0.3156E+01  0.2274E+02
   7.559  0.3178E+01  0.2277E+02
   7.569  0.3201E+01  0.2280E+02
   7.579  0.3226E+01  0.2283E+02
   7.589  0.3252E+01  0.2287E+02
   7.599  0.3280E+01  0.2290E+02
   7.609  0.3309E+01  0.2293E+02
   7.619  0.3339E+01  0.2297E+02
   7.629  0.3370E+01  0.2300E+02
   7.639  0.3402E+01  0.2303E+02
   7.649  0.3436E+01  0.2307E+02
   7.659  0.3470E+01  0.2310E+02
   7.669  0.3505E+01  0.2314E+02
   7.679  0.3540E+01  0.2317E+02
   7.689  0.3575E+01  0.2321E+02
   7.699  0.3611E+01  0.2324E+02
   7.709  0.3647E+01  0.2328E+02
   7.719  0.3682E+01  0.2332E+02
   7.729  0.3717E+01  0.2335E+02
   7.739  0.3751E+01  0.2339E+02
   7.749  0.3785E+01  0.2343E+02
   7.759  0.3817E+01  0.2347E+02
   7.769  0.3848E+01  0.2351E+02
   7.779  0.3877E+01  0.2355E+02
   7.789  0.3905E+01  0.2358E+02
   7.799  0.3931E+01  0.2362E+02
   7.809  0.3954E+01  0.2366E+02
   7.819  0.3976E+01  0.2370E+02
   7.829  0.3995E+01  0.2374E+02
   7.839  0.4011E+01  0.2378E+02
   7.849  0.4025E+01  0.2382E+02
   7.859  0.4036E+01  0.2386E+02
   7.869  0.4044E+01  0.2390E+02
   7.879  0.4049E+01  0.2394E+02
   7.889  0.4052E+01  0.2399E+02
   7.899  0.4052E+01  0.2403E+02
   7.909  0.4049E+01  0.2407E+02
   7.919  0.4044E+01  0.2411E+02
   7.929  0.4037E+01  0.2415E+02
   7.939  0.4027E+01  0.2419E+02
   7.949  0.4015E+01  0.2423E+02
   7.959  0.4001E+01  0.2427E+02
   7.969  0.3985E+01  0.2431E+02
   7.979  0.3968E+01  0.2435E+02
   7.989  0.3949E+01  0.2439E+02
   7.999  0.3930E+01  0.2443E+02
   8.009  0.3909E+01  0.2446E+02
   8.019  0.3888E+01  0.2450E+02
   8.029  0.3866E+01  0.2454E+02
   8.039  0.3843E+01  0.2458E+02
   8.049  0.3820E+01  0.2462E+02
   8.059  0.3798E+01  0.2466E+02
   8.069  0.3775E+01  0.2469E+02
   8.079  0.3752E+01  0.2473E+02
   8.089  0.3729E+01  0.2477E+02
   8.099  0.3706E+01  0.2481E+02
   8.109  0.3684E+01  0.2484E+02
   8.119  0.3662E+01  0.2488E+02
   8.129  0.3640E+01  0.2492E+02
   8.139  0.3619E+01  0.2495E+02
   8.149  0.3598E+01  0.2499E+02
   8.159  0.3577E+01  0.2502E+02
   8.169  0.3557E+01  0.2506E+02
   8.179  0.3537E+01  0.2510E+02
   8.189  0.3518E+01  0.2513E+02
   8.199  0.3499E+01  0.2517E+02
   8.209  0.3481E+01  0.2520E+02
   8.219  0.3464E+01  0.2523E+02
   8.229  0.3447E+01  0.2527E+02
   8.239  0.3430E+01  0.2530E+02
   8.249  0.3414E+01  0.2534E+02
   8.259  0.3399E+01  0.2537E+02
   8.269  0.3385E+01  0.2541E+02
   8.279  0.3371E+01  0.2544E+02
   8.289  0.3358E+01  0.2547E+02
   8.299  0.3346E+01  0.2551E+02
   8.309  0.3334E+01  0.2554E+02
   8.319  0.3323E+01  0.2557E+02
   8.329  0.3312E+01  0.2561E+02
   8.339  0.3302E+01  0.2564E+02
   8.349  0.3293E+01  0.2567E+02
   8.359  0.3284E+01  0.2570E+02
   8.369  0.3275E+01  0.2574E+02
   8.379  0.3267E+01  0.2577E+02
   8.389  0.3259E+01  0.2580E+02
   8.399  0.3251E+01  0.2584E+02
   8.409  0.3244E+01  0.2587E+02
   8.419  0.3236E+01  0.2590E+02
   8.429  0.3229E+01  0.2593E+02
   8.439  0.3221E+01  0.2596E+02
   8.449  0.3214E+01  0.2600E+02
   8.459  0.3207E+01  0.2603E+02
   8.469  0.3199E+01  0.2606E+02
   8.479  0.3192E+01  0.2609E+02
   8.489  0.3184E+01  0.2612E+02
   8.499  0.3177E+01  0.2616E+02
   8.509  0.3170E+01  0.2619E+02
   8.519  0.3163E+01  0.2622E+02
   8.529  0.3156E+01  0.2625E+02
   8.539  0.3149E+01  0.2628E+02
   8.549  0.3142E+01  0.2631E+02
   8.559  0.3136E+01  0.2635E+02
   8.569  0.3129E+01  0.2638E+02
   8.579  0.3123E+01  0.2641E+02
   8.589  0.3118E+01  0.2644E+02
   8.599  0.3112E+01  0.2647E+02
   8.609  0.3107E+01  0.2650E+02
   8.619  0.3102E+01  0.2653E+02
   8.629  0.3097E+01  0.2656E+02
   8.639  0.3092E+01  0.2659E+02
   8.649  0.3088E+01  0.2663E+02
   8.659  0.3083E+01  0.2666E+02
   8.669  0.3078E+01  0.2669E+02
   8.679  0.3074E+01  0.2672E+02
   8.689  0.3070E+01  0.2675E+02
   8.699  0.3065E+01  0.2678E+02
   8.709  0.3060E+01  0.2681E+02
   8.719  0.3056E+01  0.2684E+02
   8.729  0.3051E+01  0.2687E+02
   8.739  0.3046E+01  0.2690E+02
   8.749  0.3041E+01  0.2693E+02
   8.759  0.3036E+01  0.2696E+02
   8.769  0.3032E+01  0.2699E+02
   8.779  0.3027E+01  0.2702E+02
   8.789  0.3022E+01  0.2705E+02
   8.799  0.3017E+01  0.2708E+02
   8.809  0.3013E+01  0.2711E+02
   8.819  0.3009E+01  0.2714E+02
   8.829  0.3005E+01  0.2717E+02
   8.839  0.3002E+01  0.2720E+02
   8.849  0.2999E+01  0.2723E+02
   8.859  0.2997E+01  0.2726E+02
   8.869  0.2995E+01  0.2729E+02
   8.879  0.2994E+01  0.2732E+02
   8.889  0.2994E+01  0.2735E+02
   8.899  0.2994E+01  0.2738E+02
   8.909  0.2995E+01  0.2741E+02
   8.919  0.2997E+01  0.2744E+02
   8.929  0.2999E+01  0.2747E+02
   8.939  0.3002E+01  0.2750E+02
   8.949  0.3006E+01  0.2753E+02
   8.959  0.3010E+01  0.2756E+02
   8.969  0.3015E+01  0.2759E+02
   8.979  0.3020E+01  0.2762E+02
   8.989  0.3025E+01  0.2765E+02
   8.999  0.3031E+01  0.2768E+02
   9.009  0.3037E+01  0.2771E+02
   9.019  0.3043E+01  0.2774E+02
   9.029  0.3049E+01  0.2778E+02
   9.039  0.3055E+01  0.2781E+02
   9.049  0.3061E+01  0.2784E+02
   9.059  0.3067E+01  0.2787E+02
   9.069  0.3072E+01  0.2790E+02
   9.079  0.3078E+01  0.2793E+02
   9.089  0.3082E+01  0.2796E+02
   9.099  0.3087E+01  0.2799E+02
   9.109  0.3091E+01  0.2802E+02
   9.119  0.3095E+01  0.2805E+02
   9.129  0.3098E+01  0.2808E+02
   9.139  0.3100E+01  0.2811E+02
   9.149  0.3103E+01  0.2815E+02
   9.159  0.3105E+01  0.2818E+02
   9.169  0.3106E+01  0.2821E+02
   9.179  0.3108E+01  0.2824E+02
   9.189  0.3109E+01  0.2827E+02
   9.199  0.3109E+01  0.2830E+02
   9.209  0.3110E+01  0.2833E+02
   9.219  0.3110E+01  0.2836E+02
   9.229  0.3110E+01  0.2839E+02
   9.239  0.3111E+01  0.2842E+02
   9.249  0.3111E+01  0.2846E+02
   9.259  0.3111E+01  0.2849E+02
   9.269  0.3111E+01  0.2852E+02
   9.279  0.3112E+01  0.2855E+02
   9.289  0.3112E+01  0.2858E+02
   9.299  0.3112E+01  0.2861E+02
   9.309  0.3113E+01  0.2864E+02
   9.319  0.3113E+01  0.2867E+02
   9.329  0.3114E+01  0.2870E+02
   9.339  0.3114E+01  0.2874E+02
   9.349  0.3115E+01  0.2877E+02
   9.359  0.3115E+01  0.2880E+02
   9.369  0.3116E+01  0.2883E+02
   9.379  0.3116E+01  0.2886E+02
   9.389  0.3117E+01  0.2889E+02
   9.399  0.3117E+01  0.2892E+02
   9.409  0.3117E+01  0.2895E+02
   9.419  0.3117E+01  0.2899E+02
   9.429  0.3117E+01  0.2902E+02
   9.439  0.3117E+01  0.2905E+02
   9.449  0.3116E+01  0.2908E+02
   9.459  0.3116E+01  0.2911E+02
   9.469  0.3116E+01  0.2914E+02
   9.479  0.3115E+01  0.2917E+02
   9.489  0.3115E+01  0.2920E+02
   9.499  0.3115E+01  0.2923E+02
   9.509  0.3115E+01  0.2927E+02
   9.519  0.3115E+01  0.2930E+02
   9.529  0.3116E+01  0.2933E+02
   9.539  0.3117E+01  0.2936E+02
   9.549  0.3118E+01  0.2939E+02
   9.559  0.3120E+01  0.2942E+02
   9.569  0.3123E+01  0.2945E+02
   9.579  0.3125E+01  0.2948E+02
   9.589  0.3129E+01  0.2952E+02
   9.599  0.3133E+01  0.2955E+02
   9.609  0.3137E+01  0.2958E+02
   9.619  0.3143E+01  0.2961E+02
   9.629  0.3148E+01  0.2964E+02
   9.639  0.3155E+01  0.2967E+02
   9.649  0.3162E+01  0.2970E+02
   9.659  0.3170E+01  0.2974E+02
   9.669  0.3178E+01  0.2977E+02
   9.679  0.3187E+01  0.2980E+02
   9.689  0.3196E+01  0.2983E+02
   9.699  0.3206E+01  0.2986E+02
   9.709  0.3216E+01  0.2990E+02
   9.719  0.3227E+01  0.2993E+02
   9.729  0.3238E+01  0.2996E+02
   9.739  0.3249E+01  0.2999E+02
   9.749  0.3261E+01  0.3003E+02
   9.759  0.3273E+01  0.3006E+02
   9.769  0.3285E+01  0.3009E+02
   9.779  0.3297E+01  0.3012E+02
   9.789  0.3309E+01  0.3016E+02
   9.799  0.3322E+01  0.3019E+02
   9.809  0.3334E+01  0.3022E+02
   9.819  0.3347E+01  0.3026E+02
   9.829  0.3360E+01  0.3029E+02
   9.839  0.3373E+01  0.3032E+02
   9.849  0.3386E+01  0.3036E+02
   9.859  0.3398E+01  0.3039E+02
   9.869  0.3411E+01  0.3043E+02
   9.879  0.3424E+01  0.3046E+02
   9.889  0.3437E+01  0.3050E+02
   9.899  0.3450E+01  0.3053E+02
   9.909  0.3463E+01  0.3056E+02
   9.919  0.3475E+01  0.3060E+02
   9.929  0.3488E+01  0.3063E+02
   9.939  0.3500E+01  0.3067E+02
   9.949  0.3512E+01  0.3070E+02
   9.959  0.3524E+01  0.3074E+02
   9.969  0.3536E+01  0.3077E+02
   9.979  0.3547E+01  0.3081E+02
   9.989  0.3558E+01  0.3085E+02
   9.999  0.3568E+01  0.3088E+02
  10.009  0.3578E+01  0.3092E+02
  10.019  0.3588E+01  0.3095E+02
  10.029  0.3596E+01  0.3099E+02
  10.039  0.3604E+01  0.3102E+02
  10.049  0.3611E+01  0.3106E+02
  10.059  0.3618E+01  0.3110E+02
  10.069  0.3624E+01  0.3113E+02
  10.079  0.3628E+01  0.3117E+02
  10.089  0.3632E+01  0.3121E+02
  10.099  0.3635E+01  0.3124E+02
  10.109  0.3638E+01  0.3128E+02
  10.119  0.3639E+01  0.3132E+02
  10.129  0.3639E+01  0.3135E+02
  10.139  0.3639E+01  0.3139E+02
  10.149  0.3638E+01  0.3142E+02
  10.159  0.3636E+01  0.3146E+02
  10.169  0.3633E+01  0.3150E+02
  10.179  0.3629E+01  0.3153E+02
  10.189  0.3625E+01  0.3157E+02
  10.199  0.3620E+01  0.3161E+02
  10.209  0.3614E+01  0.3164E+02
  10.219  0.3608E+01  0.3168E+02
  10.229  0.3601E+01  0.3171E+02
  10.239  0.3594E+01  0.3175E+02
  10.249  0.3585E+01  0.3179E+02
  10.259  0.3577E+01  0.3182E+02
  10.269  0.3567E+01  0.3186E+02
  10.279  0.3557E+01  0.3189E+02
  10.289  0.3547E+01  0.3193E+02
  10.299  0.3535E+01  0.3196E+02
  10.309  0.3524E+01  0.3200E+02
  10.319  0.3511E+01  0.3203E+02
  10.329  0.3499E+01  0.3207E+02
  10.339  0.3486E+01  0.3210E+02
  10.349  0.3472E+01  0.3214E+02
  10.359  0.3458E+01  0.3217E+02
  10.369  0.3443E+01  0.3221E+02
  10.379  0.3429E+01  0.3224E+02
  10.389  0.3414E+01  0.3228E+02
  10.399  0.3399E+01  0.3231E+02
  10.409  0.3384E+01  0.3234E+02
  10.419  0.3369E+01  0.3238E+02
  10.429  0.3354E+01  0.3241E+02
  10.439  0.3339E+01  0.3244E+02
  10.449  0.3325E+01  0.3248E+02
  10.459  0.3311E+01  0.3251E+02
  10.469  0.3297E+01  0.3254E+02
  10.479  0.3284E+01  0.3258E+02
  10.489  0.3272E+01  0.3261E+02
  10.499  0.3260E+01  0.3264E+02
  10.509  0.3249E+01  0.3267E+02
  10.519  0.3239E+01  0.3271E+02
  10.529  0.3230E+01  0.3274E+02
  10.539  0.3221E+01  0.3277E+02
  10.549  0.3212E+01  0.3280E+02
  10.559  0.3205E+01  0.3284E+02
  10.569  0.3198E+01  0.3287E+02
  10.579  0.3191E+01  0.3290E+02
  10.589  0.3185E+01  0.3293E+02
  10.599  0.3180E+01  0.3296E+02
  10.609  0.3174E+01  0.3299E+02
  10.619  0.3169E+01  0.3303E+02
  10.629  0.3164E+01  0.3306E+02
  10.639  0.3158E+01  0.3309E+02
  10.649  0.3153E+01  0.3312E+02
  10.659  0.3148E+01  0.3315E+02
  10.669  0.3142E+01  0.3318E+02
  10.679  0.3136E+01  0.3322E+02
  10.689  0.3130E+01  0.3325E+02
  10.699  0.3124E+01  0.3328E+02
  10.709  0.3117E+01  0.3331E+02
  10.719  0.3111E+01  0.3334E+02
  10.729  0.3104E+01  0.3337E+02
  10.739  0.3097E+01  0.3340E+02
  10.749  0.3090E+01  0.3343E+02
  10.759  0.3083E+01  0.3346E+02
  10.769  0.3076E+01  0.3349E+02
  10.779  0.3070E+01  0.3353E+02
  10.789  0.3064E+01  0.3356E+02
  10.799  0.3058E+01  0.3359E+02
  10.809  0.3053E+01  0.3362E+02
  10.819  0.3048E+01  0.3365E+02
  10.829  0.3044E+01  0.3368E+02
  10.839  0.3041E+01  0.3371E+02
  10.849  0.3038E+01  0.3374E+02
  10.859  0.3036E+01  0.3377E+02
  10.869  0.3034E+01  0.3380E+02
  10.879  0.3033E+01  0.3383E+02
  10.889  0.3033E+01  0.3386E+02
  10.899  0.3033E+01  0.3389E+02
  10.909  0.3033E+01  0.3392E+02
  10.919  0.3034E+01  0.3395E+02
  10.929  0.3034E+01  0.3398E+02
  10.939  0.3035E+01  0.3401E+02
  10.949  0.3036E+01  0.3404E+02
  10.959  0.3036E+01  0.3407E+02
  10.969  0.3036E+01  0.3410E+02
  10.979  0.3036E+01  0.3413E+02
  10.989  0.3036E+01  0.3416E+02
  10.999  0.3035E+01  0.3419E+02
  11.009  0.3034E+01  0.3422E+02
  11.019  0.3033E+01  0.3425E+02
  11.029  0.3031E+01  0.3429E+02
  11.039  0.3029E+01  0.3432E+02
  11.049  0.3027E+01  0.3435E+02
  11.059  0.3024E+01  0.3438E+02
  11.069  0.3022E+01  0.3441E+02
  11.079  0.3019E+01  0.3444E+02
  11.089  0.3016E+01  0.3447E+02
  11.099  0.3013E+01  0.3450E+02
  11.109  0.3011E+01  0.3453E+02
  11.119  0.3009E+01  0.3456E+02
  11.129  0.3007E+01  0.3459E+02
  11.139  0.3006E+01  0.3462E+02
  11.149  0.3005E+01  0.3465E+02
  11.159  0.3004E+01  0.3468E+02
  11.169  0.3004E+01  0.3471E+02
  11.179  0.3004E+01  0.3474E+02
  11.189  0.3005E+01  0.3477E+02
  11.199  0.3007E+01  0.3480E+02
  11.209  0.3008E+01  0.3483E+02
  11.219  0.3011E+01  0.3486E+02
  11.229  0.3013E+01  0.3489E+02
  11.239  0.3015E+01  0.3492E+02
  11.249  0.3018E+01  0.3495E+02
  11.259  0.3021E+01  0.3498E+02
  11.269  0.3023E+01  0.3501E+02
  11.279  0.3026E+01  0.3504E+02
  11.289  0.3029E+01  0.3507E+02
  11.299  0.3031E+01  0.3510E+02
  11.309  0.3033E+01  0.3513E+02
  11.319  0.3036E+01  0.3516E+02
  11.329  0.3038E+01  0.3519E+02
  11.339  0.3040E+01  0.3522E+02
  11.349  0.3042E+01  0.3525E+02
  11.359  0.3044E+01  0.3528E+02
  11.369  0.3046E+01  0.3531E+02
  11.379  0.3048E+01  0.3534E+02
  11.389  0.3050E+01  0.3537E+02
  11.399  0.3053E+01  0.3540E+02
  11.409  0.3056E+01  0.3543E+02
  11.419  0.3059E+01  0.3546E+02
  11.429  0.3063E+01  0.3550E+02
  11.439  0.3068E+01  0.3553E+02
  11.449  0.3073E+01  0.3556E+02
  11.459  0.3079E+01  0.3559E+02
  11.469  0.3085E+01  0.3562E+02
  11.479  0.3092E+01  0.3565E+02
  11.489  0.3100E+01  0.3568E+02
  11.499  0.3108E+01  0.3571E+02
  11.509  0.3116E+01  0.3574E+02
  11.519  0.3125E+01  0.3577E+02
  11.529  0.3134E+01  0.3581E+02
  11.539  0.3143E+01  0.3584E+02
  11.549  0.3152E+01  0.3587E+02
  11.559  0.3161E+01  0.3590E+02
  11.569  0.3170E+01  0.3593E+02
  11.579  0.3179E+01  0.3596E+02
  11.589  0.3187E+01  0.3600E+02
  11.599  0.3195E+01  0.3603E+02
  11.609  0.3202E+01  0.3606E+02
  11.619  0.3209E+01  0.3609E+02
  11.629  0.3215E+01  0.3612E+02
  11.639  0.3220E+01  0.3616E+02
  11.649  0.3225E+01  0.3619E+02
  11.659  0.3229E+01  0.3622E+02
  11.669  0.3232E+01  0.3625E+02
  11.679  0.3235E+01  0.3628E+02
  11.689  0.3237E+01  0.3632E+02
  11.699  0.3239E+01  0.3635E+02
  11.709  0.3241E+01  0.3638E+02
  11.719  0.3242E+01  0.3641E+02
  11.729  0.3243E+01  0.3645E+02
  11.739  0.3245E+01  0.3648E+02
  11.749  0.3247E+01  0.3651E+02
  11.759  0.3249E+01  0.3654E+02
  11.769  0.3252E+01  0.3658E+02
  11.779  0.3255E+01  0.3661E+02
  11.789  0.3260E+01  0.3664E+02
  11.799  0.3265E+01  0.3667E+02
  11.809  0.3271E+01  0.3671E+02
  11.819  0.3278E+01  0.3674E+02
  11.829  0.3287E+01  0.3677E+02
  11.839  0.3296E+01  0.3681E+02
  11.849  0.3307E+01  0.3684E+02
  11.859  0.3319E+01  0.3687E+02
  11.869  0.3332E+01  0.3691E+02
  11.879  0.3346E+01  0.3694E+02
  11.889  0.3361E+01  0.3697E+02
  11.899  0.3377E+01  0.3701E+02
  11.909  0.3394E+01  0.3704E+02
  11.919  0.3411E+01  0.3707E+02
  11.929  0.3429E+01  0.3711E+02
  11.939  0.3448E+01  0.3714E+02
  11.949  0.3467E+01  0.3718E+02
  11.959  0.3486E+01  0.3721E+02
  11.969  0.3505E+01  0.3725E+02
  11.979  0.3524E+01  0.3728E+02
  11.989  0.3542E+01  0.3732E+02
  11.999  0.3561E+01  0.3735E+02
  12.009  0.3579E+01  0.3739E+02
  12.019  0.3596E+01  0.3743E+02
  12.029  0.3613E+01  0.3746E+02
  12.039  0.3628E+01  0.3750E+02
  12.049  0.3643E+01  0.3753E+02
  12.059  0.3657E+01  0.3757E+02
  12.069  0.3670E+01  0.3761E+02
  12.079  0.3682E+01  0.3764E+02
  12.089  0.3693E+01  0.3768E+02
  12.099  0.3703E+01  0.3772E+02
  12.109  0.3712E+01  0.3776E+02
  12.119  0.3719E+01  0.3779E+02
  12.129  0.3726E+01  0.3783E+02
  12.139  0.3731E+01  0.3787E+02
  12.149  0.3735E+01  0.3790E+02
  12.159  0.3738E+01  0.3794E+02
  12.169  0.3740E+01  0.3798E+02
  12.179  0.3740E+01  0.3802E+02
  12.189  0.3739E+01  0.3805E+02
  12.199  0.3738E+01  0.3809E+02
  12.209  0.3735E+01  0.3813E+02
  12.219  0.3730E+01  0.3817E+02
  12.229  0.3725E+01  0.3820E+02
  12.239  0.3718E+01  0.3824E+02
  12.249  0.3710E+01  0.3828E+02
  12.259  0.3701E+01  0.3831E+02
  12.269  0.3691E+01  0.3835E+02
  12.279  0.3680E+01  0.3839E+02
  12.289  0.3668E+01  0.3843E+02
  12.299  0.3655E+01  0.3846E+02
  12.309  0.3641E+01  0.3850E+02
  12.319  0.3627E+01  0.3853E+02
  12.329  0.3611E+01  0.3857E+02
  12.339  0.3596E+01  0.3861E+02
  12.349  0.3580E+01  0.3864E+02
  12.359  0.3564E+01  0.3868E+02
  12.369  0.3548E+01  0.3871E+02
  12.379  0.3532E+01  0.3875E+02
  12.389  0.3516E+01  0.3878E+02
  12.399  0.3501E+01  0.3882E+02
  12.409  0.3487E+01  0.3885E+02
  12.419  0.3473E+01  0.3889E+02
  12.429  0.3461E+01  0.3892E+02
  12.439  0.3450E+01  0.3896E+02
  12.449  0.3440E+01  0.3899E+02
  12.459  0.3432E+01  0.3903E+02
  12.469  0.3425E+01  0.3906E+02
  12.479  0.3420E+01  0.3909E+02
  12.489  0.3417E+01  0.3913E+02
  12.499  0.3415E+01  0.3916E+02
  12.509  0.3416E+01  0.3920E+02
  12.519  0.3419E+01  0.3923E+02
  12.529  0.3423E+01  0.3927E+02
  12.539  0.3429E+01  0.3930E+02
  12.549  0.3438E+01  0.3933E+02
  12.559  0.3448E+01  0.3937E+02
  12.569  0.3459E+01  0.3940E+02
  12.579  0.3473E+01  0.3944E+02
  12.589  0.3487E+01  0.3947E+02
  12.599  0.3503E+01  0.3951E+02
  12.609  0.3521E+01  0.3954E+02
  12.619  0.3539E+01  0.3958E+02
  12.629  0.3558E+01  0.3961E+02
  12.639  0.3578E+01  0.3965E+02
  12.649  0.3598E+01  0.3969E+02
  12.659  0.3618E+01  0.3972E+02
  12.669  0.3638E+01  0.3976E+02
  12.679  0.3659E+01  0.3980E+02
  12.689  0.3679E+01  0.3983E+02
  12.699  0.3698E+01  0.3987E+02
  12.709  0.3717E+01  0.3991E+02
  12.719  0.3735E+01  0.3994E+02
  12.729  0.3752E+01  0.3998E+02
  12.739  0.3767E+01  0.4002E+02
  12.749  0.3782E+01  0.4006E+02
  12.759  0.3795E+01  0.4009E+02
  12.769  0.3807E+01  0.4013E+02
  12.779  0.3817E+01  0.4017E+02
  12.789  0.3825E+01  0.4021E+02
  12.799  0.3832E+01  0.4025E+02
  12.809  0.3838E+01  0.4029E+02
  12.819  0.3841E+01  0.4032E+02
  12.829  0.3844E+01  0.4036E+02
  12.839  0.3844E+01  0.4040E+02
  12.849  0.3844E+01  0.4044E+02
  12.859  0.3842E+01  0.4048E+02
  12.869  0.3838E+01  0.4052E+02
  12.879  0.3834E+01  0.4055E+02
  12.889  0.3828E+01  0.4059E+02
  12.899  0.3822E+01  0.4063E+02
  12.909  0.3815E+01  0.4067E+02
  12.919  0.3807E+01  0.4071E+02
  12.929  0.3799E+01  0.4075E+02
  12.939  0.3790E+01  0.4078E+02
  12.949  0.3782E+01  0.4082E+02
  12.959  0.3773E+01  0.4086E+02
  12.969  0.3764E+01  0.4090E+02
  12.979  0.3755E+01  0.4093E+02
  12.989  0.3747E+01  0.4097E+02
  12.999  0.3739E+01  0.4101E+02
  13.009  0.3732E+01  0.4105E+02
  13.019  0.3725E+01  0.4108E+02
  13.029  0.3718E+01  0.4112E+02
  13.039  0.3712E+01  0.4116E+02
  13.049  0.3707E+01  0.4119E+02
  13.059  0.3702E+01  0.4123E+02
  13.069  0.3698E+01  0.4127E+02
  13.079  0.3694E+01  0.4131E+02
  13.089  0.3690E+01  0.4134E+02
  13.099  0.3687E+01  0.4138E+02
  13.109  0.3684E+01  0.4142E+02
  13.119  0.3682E+01  0.4145E+02
  13.129  0.3679E+01  0.4149E+02
  13.139  0.3676E+01  0.4153E+02
  13.149  0.3674E+01  0.4156E+02
  13.159  0.3670E+01  0.4160E+02
  13.169  0.3667E+01  0.4164E+02
  13.179  0.3663E+01  0.4167E+02
  13.189  0.3659E+01  0.4171E+02
  13.199  0.3654E+01  0.4175E+02
  13.209  0.3648E+01  0.4178E+02
  13.219  0.3642E+01  0.4182E+02
  13.229  0.3635E+01  0.4186E+02
  13.239  0.3628E+01  0.4189E+02
  13.249  0.3620E+01  0.4193E+02
  13.259  0.3611E+01  0.4196E+02
  13.269  0.3602E+01  0.4200E+02
  13.279  0.3592E+01  0.4204E+02
  13.289  0.3581E+01  0.4207E+02
  13.299  0.3571E+01  0.4211E+02
  13.309  0.3560E+01  0.4214E+02
  13.319  0.3549E+01  0.4218E+02
  13.329  0.3538E+01  0.4221E+02
  13.339  0.3527E+01  0.4225E+02
  13.349  0.3517E+01  0.4228E+02
  13.359  0.3507E+01  0.4232E+02
  13.369  0.3497E+01  0.4235E+02
  13.379  0.3487E+01  0.4239E+02
  13.389  0.3479E+01  0.4242E+02
  13.399  0.3470E+01  0.4246E+02
  13.409  0.3463E+01  0.4249E+02
  13.419  0.3456E+01  0.4253E+02
  13.429  0.3450E+01  0.4256E+02
  13.439  0.3445E+01  0.4260E+02
  13.449  0.3440E+01  0.4263E+02
  13.459  0.3436E+01  0.4267E+02
  13.469  0.3432E+01  0.4270E+02
  13.479  0.3429E+01  0.4273E+02
  13.489  0.3427E+01  0.4277E+02
  13.499  0.3424E+01  0.4280E+02
  13.509  0.3422E+01  0.4284E+02
  13.519  0.3420E+01  0.4287E+02
  13.529  0.3418E+01  0.4291E+02
  13.539  0.3416E+01  0.4294E+02
  13.549  0.3413E+01  0.4297E+02
  13.559  0.3410E+01  0.4301E+02
  13.569  0.3407E+01  0.4304E+02
  13.579  0.3403E+01  0.4308E+02
  13.589  0.3398E+01  0.4311E+02
  13.599  0.3393E+01  0.4314E+02
  13.609  0.3386E+01  0.4318E+02
  13.619  0.3379E+01  0.4321E+02
  13.629  0.3371E+01  0.4325E+02
  13.639  0.3362E+01  0.4328E+02
  13.649  0.3352E+01  0.4331E+02
  13.659  0.3341E+01  0.4335E+02
  13.669  0.3329E+01  0.4338E+02
  13.679  0.3316E+01  0.4341E+02
  13.689  0.3302E+01  0.4345E+02
  13.699  0.3288E+01  0.4348E+02
  13.709  0.3273E+01  0.4351E+02
  13.719  0.3257E+01  0.4354E+02
  13.729  0.3240E+01  0.4358E+02
  13.739  0.3224E+01  0.4361E+02
  13.749  0.3206E+01  0.4364E+02
  13.759  0.3189E+01  0.4367E+02
  13.769  0.3172E+01  0.4370E+02
  13.779  0.3154E+01  0.4374E+02
  13.789  0.3137E+01  0.4377E+02
  13.799  0.3120E+01  0.4380E+02
  13.809  0.3104E+01  0.4383E+02
  13.819  0.3088E+01  0.4386E+02
  13.829  0.3072E+01  0.4389E+02
  13.839  0.3057E+01  0.4392E+02
  13.849  0.3043E+01  0.4395E+02
  13.859  0.3030E+01  0.4398E+02
  13.869  0.3018E+01  0.4401E+02
  13.879  0.3007E+01  0.4404E+02
  13.889  0.2996E+01  0.4407E+02
  13.899  0.2987E+01  0.4410E+02
  13.909  0.2979E+01  0.4413E+02
  13.919  0.2972E+01  0.4416E+02
  13.929  0.2966E+01  0.4419E+02
  13.939  0.2961E+01  0.4422E+02
  13.949  0.2957E+01  0.4425E+02
  13.959  0.2955E+01  0.4428E+02
  13.969  0.2954E+01  0.4431E+02
  13.979  0.2954E+01  0.4434E+02
  13.989  0.2956E+01  0.4437E+02
  13.999  0.2958E+01  0.4440E+02
  14.009  0.2962E+01  0.4443E+02
  14.019  0.2967E+01  0.4446E+02
  14.029  0.2974E+01  0.4449E+02
  14.039  0.2982E+01  0.4452E+02
  14.049  0.2991E+01  0.4455E+02
  14.059  0.3001E+01  0.4458E+02
  14.069  0.3012E+01  0.4461E+02
  14.079  0.3024E+01  0.4464E+02
  14.089  0.3038E+01  0.4467E+02
  14.099  0.3052E+01  0.4470E+02
  14.109  0.3067E+01  0.4473E+02
  14.119  0.3082E+01  0.4476E+02
  14.129  0.3099E+01  0.4479E+02
  14.139  0.3115E+01  0.4482E+02
  14.149  0.3132E+01  0.4485E+02
  14.159  0.3149E+01  0.4488E+02
  14.169  0.3166E+01  0.4492E+02
  14.179  0.3183E+01  0.4495E+02
  14.189  0.3200E+01  0.4498E+02
  14.199  0.3216E+01  0.4501E+02
  14.209  0.3232E+01  0.4504E+02
  14.219  0.3247E+01  0.4508E+02
  14.229  0.3261E+01  0.4511E+02
  14.239  0.3274E+01  0.4514E+02
  14.249  0.3286E+01  0.4518E+02
  14.259  0.3297E+01  0.4521E+02
  14.269  0.3307E+01  0.4524E+02
  14.279  0.3316E+01  0.4527E+02
  14.289  0.3324E+01  0.4531E+02
  14.299  0.3331E+01  0.4534E+02
  14.309  0.3336E+01  0.4537E+02
  14.319  0.3341E+01  0.4541E+02
